[0.003s][info][gc] Using Parallel
[0.004s][info][gc,init] Version: 17.0.7+7-LTS (release)
[0.004s][info][gc,init] CPUs: 4 total, 4 available
[0.004s][info][gc,init] Memory: 15991M
[0.004s][info][gc,init] Large Page Support: Disabled
[0.004s][info][gc,init] NUMA Support: Disabled
[0.004s][info][gc,init] Compressed Oops: Enabled (Zero based)
[0.004s][info][gc,init] Alignments: Space 512K, Generation 512K, Heap 2M
[0.004s][info][gc,init] Heap Min Capacity: 2054M
[0.004s][info][gc,init] Heap Initial Capacity: 2054M
[0.004s][info][gc,init] Heap Max Capacity: 3G
[0.004s][info][gc,init] Pre-touch: Disabled
[0.004s][info][gc,init] Parallel Workers: 4
[0.004s][info][gc,metaspace] CDS archive(s) mapped at: [0x0000000800000000-0x0000000800be1000-0x0000000800be1000), size 12455936, SharedBaseAddress: 0x0000000800000000, ArchiveRelocationMode: 0.
[0.004s][info][gc,metaspace] Compressed class space mapped at: 0x0000000801000000-0x0000000841000000, reserved size: 1073741824
[0.004s][info][gc,metaspace] Narrow klass base: 0x0000000800000000, Narrow klass shift: 0, Narrow klass range: 0x100000000
[0.658s][info][safepoint   ] Safepoint "ICBufferFull", Time since last: 647310139 ns, Reaching safepoint: 124200 ns, At safepoint: 5300 ns, Total: 129500 ns
[0.980s][info][safepoint   ] Safepoint "ICBufferFull", Time since last: 322448466 ns, Reaching safepoint: 230300 ns, At safepoint: 9400 ns, Total: 239700 ns
[1.473s][info][safepoint   ] Safepoint "ICBufferFull", Time since last: 492322775 ns, Reaching safepoint: 153400 ns, At safepoint: 8300 ns, Total: 161700 ns
[1.500s][info][gc,start    ] GC(0) Pause Young (Metadata GC Threshold)
[1.513s][debug][gc,phases   ] GC(0) Scavenge 12.634ms
[1.513s][debug][gc,ref      ] GC(0) Skipped phase 1 of Reference Processing: no references
[1.513s][debug][gc,ref      ] GC(0) ReferenceProcessor::execute queues: 3, RefProcThreadModel::Multi, marks_oops_alive: false
[1.513s][debug][gc,ref      ] GC(0) Skipped phase 3 of Reference Processing: no references
[1.513s][debug][gc,ref      ] GC(0) ReferenceProcessor::execute queues: 1, RefProcThreadModel::Single, marks_oops_alive: false
[1.513s][debug][gc,phases   ] GC(0) Reference Processing 0.332ms
[1.513s][debug][gc,phases   ] GC(0)   VM Weak                        Min:  0.0, Avg:  0.0, Max:  0.0, Diff:  0.0, Sum:  0.0, Workers: 4
[1.513s][debug][gc,phases   ] GC(0)     Dead                           Min: 0, Avg:  0.0, Max: 0, Diff: 0, Sum: 0, Workers: 4
[1.513s][debug][gc,phases   ] GC(0)     Total                          Min: 0, Avg: 57.8, Max: 128, Diff: 128, Sum: 231, Workers: 4
[1.513s][debug][gc,phases   ] GC(0)   ObjectSynchronizer Weak        Min:  0.0, Avg:  0.0, Max:  0.0, Diff:  0.0, Sum:  0.0, Workers: 4
[1.513s][debug][gc,phases   ] GC(0)     Dead                           Min: 0, Avg:  0.2, Max: 1, Diff: 1, Sum: 1, Workers: 4
[1.513s][debug][gc,phases   ] GC(0)     Total                          Min: 0, Avg:  1.5, Max: 6, Diff: 6, Sum: 6, Workers: 4
[1.513s][debug][gc,phases   ] GC(0)   JVMTI Tag Weak OopStorage      Min:  0.0, Avg:  0.0, Max:  0.0, Diff:  0.0, Sum:  0.0, Workers: 4
[1.513s][debug][gc,phases   ] GC(0)     Dead                           Min: 0, Avg:  0.0, Max: 0, Diff: 0, Sum: 0, Workers: 4
[1.513s][debug][gc,phases   ] GC(0)     Total                          Min: 0, Avg:  0.0, Max: 0, Diff: 0, Sum: 0, Workers: 4
[1.513s][debug][gc,phases   ] GC(0)   StringTable Weak               Min:  0.0, Avg:  0.1, Max:  0.1, Diff:  0.1, Sum:  0.3, Workers: 4
[1.513s][debug][gc,phases   ] GC(0)     Dead                           Min: 0, Avg:  6.5, Max: 18, Diff: 18, Sum: 26, Workers: 4
[1.513s][debug][gc,phases   ] GC(0)     Total                          Min: 0, Avg: 3285.0, Max: 5588, Diff: 5588, Sum: 13140, Workers: 4
[1.513s][debug][gc,phases   ] GC(0)   ResolvedMethodTable Weak       Min:  0.0, Avg:  0.0, Max:  0.0, Diff:  0.0, Sum:  0.0, Workers: 4
[1.513s][debug][gc,phases   ] GC(0)     Dead                           Min: 0, Avg: 18.5, Max: 37, Diff: 37, Sum: 74, Workers: 4
[1.513s][debug][gc,phases   ] GC(0)     Total                          Min: 0, Avg: 317.2, Max: 565, Diff: 565, Sum: 1269, Workers: 4
[1.513s][debug][gc,phases   ] GC(0)   JNI Weak                       Min:  0.0, Avg:  0.0, Max:  0.0, Diff:  0.0, Sum:  0.0, Workers: 4
[1.513s][debug][gc,phases   ] GC(0)     Dead                           Min: 0, Avg:  0.0, Max: 0, Diff: 0, Sum: 0, Workers: 4
[1.513s][debug][gc,phases   ] GC(0)     Total                          Min: 0, Avg: 11.2, Max: 45, Diff: 45, Sum: 45, Workers: 4
[1.513s][debug][gc,phases   ] GC(0)   StringDedup Table Weak         Min:  0.0, Avg:  0.0, Max:  0.0, Diff:  0.0, Sum:  0.0, Workers: 4
[1.513s][debug][gc,phases   ] GC(0)     Dead                           Min: 0, Avg:  0.0, Max: 0, Diff: 0, Sum: 0, Workers: 4
[1.513s][debug][gc,phases   ] GC(0)     Total                          Min: 0, Avg:  0.0, Max: 0, Diff: 0, Sum: 0, Workers: 4
[1.513s][debug][gc,phases   ] GC(0)   StringDedup Requests0 Weak     Min:  0.0, Avg:  0.0, Max:  0.0, Diff:  0.0, Sum:  0.0, Workers: 4
[1.513s][debug][gc,phases   ] GC(0)     Dead                           Min: 0, Avg:  0.0, Max: 0, Diff: 0, Sum: 0, Workers: 4
[1.513s][debug][gc,phases   ] GC(0)     Total                          Min: 0, Avg:  0.0, Max: 0, Diff: 0, Sum: 0, Workers: 4
[1.513s][debug][gc,phases   ] GC(0)   StringDedup Requests1 Weak     Min:  0.0, Avg:  0.0, Max:  0.0, Diff:  0.0, Sum:  0.0, Workers: 4
[1.513s][debug][gc,phases   ] GC(0)     Dead                           Min: 0, Avg:  0.0, Max: 0, Diff: 0, Sum: 0, Workers: 4
[1.513s][debug][gc,phases   ] GC(0)     Total                          Min: 0, Avg:  0.0, Max: 0, Diff: 0, Sum: 0, Workers: 4
[1.513s][debug][gc,phases   ] GC(0)   Weak JFR Old Object Samples    Min:  0.0, Avg:  0.0, Max:  0.0, Diff:  0.0, Sum:  0.0, Workers: 4
[1.513s][debug][gc,phases   ] GC(0)     Dead                           Min: 0, Avg:  0.0, Max: 0, Diff: 0, Sum: 0, Workers: 4
[1.513s][debug][gc,phases   ] GC(0)     Total                          Min: 0, Avg:  0.0, Max: 0, Diff: 0, Sum: 0, Workers: 4
[1.513s][debug][gc,phases   ] GC(0) Weak Processing 0.269ms
[1.513s][debug][gc,age      ] GC(0) Desired survivor size 536870912 bytes, new threshold 7 (max threshold 15)
[1.513s][info ][gc,heap     ] GC(0) PSYoungGen: 230700K(1572864K)->31507K(1572864K) Eden: 230700K(1048576K)->0K(1048576K) From: 0K(524288K)->31507K(524288K)
[1.513s][info ][gc,heap     ] GC(0) ParOldGen: 0K(6144K)->96K(6144K)
[1.513s][info ][gc,metaspace] GC(0) Metaspace: 21215K(21504K)->21215K(21504K) NonClass: 18736K(18880K)->18736K(18880K) Class: 2478K(2624K)->2478K(2624K)
[1.513s][info ][gc          ] GC(0) Pause Young (Metadata GC Threshold) 225M->30M(1542M) 13.518ms
[1.513s][info ][gc,cpu      ] GC(0) User=0.04s Sys=0.01s Real=0.01s
[1.514s][debug][gc,phases   ] GC(1) Pre Compact 0.009ms
[1.514s][info ][gc,start    ] GC(1) Pause Full (Metadata GC Threshold)
[1.514s][info ][gc,phases,start] GC(1) Marking Phase
[1.520s][debug][gc,phases      ] GC(1) Par Mark 6.123ms
[1.520s][debug][gc,ref         ] GC(1) Skipped phase 1 of Reference Processing: no references
[1.520s][debug][gc,ref         ] GC(1) ReferenceProcessor::execute queues: 3, RefProcThreadModel::Multi, marks_oops_alive: false
[1.520s][debug][gc,ref         ] GC(1) Skipped phase 3 of Reference Processing: no references
[1.520s][debug][gc,ref         ] GC(1) ReferenceProcessor::execute queues: 1, RefProcThreadModel::Single, marks_oops_alive: false
[1.520s][debug][gc,phases      ] GC(1) Reference Processing 0.113ms
[1.520s][debug][gc,phases      ] GC(1)   VM Weak                        Min:  0.0, Avg:  0.0, Max:  0.0, Diff:  0.0, Sum:  0.0, Workers: 4
[1.520s][debug][gc,phases      ] GC(1)     Dead                           Min: 0, Avg:  0.0, Max: 0, Diff: 0, Sum: 0, Workers: 4
[1.520s][debug][gc,phases      ] GC(1)     Total                          Min: 0, Avg: 57.8, Max: 192, Diff: 192, Sum: 231, Workers: 4
[1.520s][debug][gc,phases      ] GC(1)   ObjectSynchronizer Weak        Min:  0.0, Avg:  0.0, Max:  0.0, Diff:  0.0, Sum:  0.0, Workers: 4
[1.520s][debug][gc,phases      ] GC(1)     Dead                           Min: 0, Avg:  0.0, Max: 0, Diff: 0, Sum: 0, Workers: 4
[1.520s][debug][gc,phases      ] GC(1)     Total                          Min: 0, Avg:  1.5, Max: 6, Diff: 6, Sum: 6, Workers: 4
[1.520s][debug][gc,phases      ] GC(1)   JVMTI Tag Weak OopStorage      Min:  0.0, Avg:  0.0, Max:  0.0, Diff:  0.0, Sum:  0.0, Workers: 4
[1.520s][debug][gc,phases      ] GC(1)     Dead                           Min: 0, Avg:  0.0, Max: 0, Diff: 0, Sum: 0, Workers: 4
[1.520s][debug][gc,phases      ] GC(1)     Total                          Min: 0, Avg:  0.0, Max: 0, Diff: 0, Sum: 0, Workers: 4
[1.520s][debug][gc,phases      ] GC(1)   StringTable Weak               Min:  0.0, Avg:  0.0, Max:  0.0, Diff:  0.0, Sum:  0.2, Workers: 4
[1.520s][debug][gc,phases      ] GC(1)     Dead                           Min: 0, Avg:  0.0, Max: 0, Diff: 0, Sum: 0, Workers: 4
[1.520s][debug][gc,phases      ] GC(1)     Total                          Min: 2752, Avg: 3285.0, Max: 3540, Diff: 788, Sum: 13140, Workers: 4
[1.520s][debug][gc,phases      ] GC(1)   ResolvedMethodTable Weak       Min:  0.0, Avg:  0.0, Max:  0.0, Diff:  0.0, Sum:  0.0, Workers: 4
[1.520s][debug][gc,phases      ] GC(1)     Dead                           Min: 0, Avg:  0.0, Max: 0, Diff: 0, Sum: 0, Workers: 4
[1.520s][debug][gc,phases      ] GC(1)     Total                          Min: 256, Avg: 317.2, Max: 384, Diff: 128, Sum: 1269, Workers: 4
[1.520s][debug][gc,phases      ] GC(1)   JNI Weak                       Min:  0.0, Avg:  0.0, Max:  0.0, Diff:  0.0, Sum:  0.0, Workers: 4
[1.520s][debug][gc,phases      ] GC(1)     Dead                           Min: 0, Avg:  0.0, Max: 0, Diff: 0, Sum: 0, Workers: 4
[1.520s][debug][gc,phases      ] GC(1)     Total                          Min: 0, Avg: 11.2, Max: 45, Diff: 45, Sum: 45, Workers: 4
[1.520s][debug][gc,phases      ] GC(1)   StringDedup Table Weak         Min:  0.0, Avg:  0.0, Max:  0.0, Diff:  0.0, Sum:  0.0, Workers: 4
[1.520s][debug][gc,phases      ] GC(1)     Dead                           Min: 0, Avg:  0.0, Max: 0, Diff: 0, Sum: 0, Workers: 4
[1.520s][debug][gc,phases      ] GC(1)     Total                          Min: 0, Avg:  0.0, Max: 0, Diff: 0, Sum: 0, Workers: 4
[1.520s][debug][gc,phases      ] GC(1)   StringDedup Requests0 Weak     Min:  0.0, Avg:  0.0, Max:  0.0, Diff:  0.0, Sum:  0.0, Workers: 4
[1.520s][debug][gc,phases      ] GC(1)     Dead                           Min: 0, Avg:  0.0, Max: 0, Diff: 0, Sum: 0, Workers: 4
[1.520s][debug][gc,phases      ] GC(1)     Total                          Min: 0, Avg:  0.0, Max: 0, Diff: 0, Sum: 0, Workers: 4
[1.520s][debug][gc,phases      ] GC(1)   StringDedup Requests1 Weak     Min:  0.0, Avg:  0.0, Max:  0.0, Diff:  0.0, Sum:  0.0, Workers: 4
[1.520s][debug][gc,phases      ] GC(1)     Dead                           Min: 0, Avg:  0.0, Max: 0, Diff: 0, Sum: 0, Workers: 4
[1.520s][debug][gc,phases      ] GC(1)     Total                          Min: 0, Avg:  0.0, Max: 0, Diff: 0, Sum: 0, Workers: 4
[1.520s][debug][gc,phases      ] GC(1)   Weak JFR Old Object Samples    Min:  0.0, Avg:  0.0, Max:  0.0, Diff:  0.0, Sum:  0.0, Workers: 4
[1.520s][debug][gc,phases      ] GC(1)     Dead                           Min: 0, Avg:  0.0, Max: 0, Diff: 0, Sum: 0, Workers: 4
[1.520s][debug][gc,phases      ] GC(1)     Total                          Min: 0, Avg:  0.0, Max: 0, Diff: 0, Sum: 0, Workers: 4
[1.520s][debug][gc,phases      ] GC(1) Weak Processing 0.191ms
[1.520s][debug][gc,phases      ] GC(1) ClassLoaderData 0.018ms
[1.520s][debug][gc,phases      ] GC(1) Trigger cleanups 0.000ms
[1.523s][debug][gc,phases      ] GC(1) Class Unloading 2.796ms
[1.523s][info ][gc,phases      ] GC(1) Marking Phase 9.306ms
[1.523s][info ][gc,phases,start] GC(1) Summary Phase
[1.523s][info ][gc,phases      ] GC(1) Summary Phase 0.006ms
[1.523s][info ][gc,phases,start] GC(1) Adjust Roots
[1.526s][info ][gc,phases      ] GC(1) Adjust Roots 3.477ms
[1.526s][info ][gc,phases,start] GC(1) Compaction Phase
[1.543s][info ][gc,phases      ] GC(1) Compaction Phase 16.789ms
[1.543s][info ][gc,phases,start] GC(1) Post Compact
[1.544s][info ][gc,phases      ] GC(1) Post Compact 0.892ms
[1.544s][info ][gc,heap        ] GC(1) PSYoungGen: 31507K(1572864K)->25793K(1572864K) Eden: 0K(1048576K)->0K(1048576K) From: 31507K(524288K)->25793K(524288K)
[1.544s][info ][gc,heap        ] GC(1) ParOldGen: 96K(6144K)->5686K(6144K)
[1.544s][info ][gc,metaspace   ] GC(1) Metaspace: 21215K(21504K)->21215K(21504K) NonClass: 18736K(18880K)->18736K(18880K) Class: 2478K(2624K)->2478K(2624K)
[1.544s][info ][gc             ] GC(1) Pause Full (Metadata GC Threshold) 30M->30M(1542M) 30.558ms
[1.544s][info ][gc,cpu         ] GC(1) User=0.08s Sys=0.01s Real=0.03s
[1.544s][info ][safepoint      ] Safepoint "CollectForMetadataAllocation", Time since last: 26968081 ns, Reaching safepoint: 40400 ns, At safepoint: 44181132 ns, Total: 44221532 ns
[1.669s][info ][safepoint      ] Safepoint "ICBufferFull", Time since last: 124434573 ns, Reaching safepoint: 144500 ns, At safepoint: 7200 ns, Total: 151700 ns
[1.768s][info ][safepoint      ] Safepoint "ICBufferFull", Time since last: 99068997 ns, Reaching safepoint: 139000 ns, At safepoint: 2000 ns, Total: 141000 ns
[1.919s][info ][safepoint      ] Safepoint "ICBufferFull", Time since last: 151045153 ns, Reaching safepoint: 152100 ns, At safepoint: 6600 ns, Total: 158700 ns
[2.055s][info ][safepoint      ] Safepoint "ICBufferFull", Time since last: 135793307 ns, Reaching safepoint: 168200 ns, At safepoint: 6600 ns, Total: 174800 ns
[2.360s][info ][safepoint      ] Safepoint "ICBufferFull", Time since last: 305192914 ns, Reaching safepoint: 165801 ns, At safepoint: 5000 ns, Total: 170801 ns
[2.441s][info ][safepoint      ] Safepoint "ICBufferFull", Time since last: 80063240 ns, Reaching safepoint: 159200 ns, At safepoint: 6100 ns, Total: 165300 ns
[2.537s][info ][safepoint      ] Safepoint "ICBufferFull", Time since last: 95793587 ns, Reaching safepoint: 166100 ns, At safepoint: 6200 ns, Total: 172300 ns
[2.654s][info ][safepoint      ] Safepoint "ICBufferFull", Time since last: 117172151 ns, Reaching safepoint: 171301 ns, At safepoint: 7200 ns, Total: 178501 ns
[2.763s][info ][safepoint      ] Safepoint "ICBufferFull", Time since last: 108739825 ns, Reaching safepoint: 175701 ns, At safepoint: 2300 ns, Total: 178001 ns
[2.982s][info ][safepoint      ] Safepoint "ICBufferFull", Time since last: 218609355 ns, Reaching safepoint: 190200 ns, At safepoint: 7200 ns, Total: 197400 ns
[3.170s][info ][safepoint      ] Safepoint "ICBufferFull", Time since last: 188271164 ns, Reaching safepoint: 154300 ns, At safepoint: 9501 ns, Total: 163801 ns
[3.254s][info ][gc,start       ] GC(2) Pause Young (Metadata GC Threshold)
[3.300s][debug][gc,phases      ] GC(2) Scavenge 46.404ms
[3.300s][debug][gc,ref         ] GC(2) Skipped phase 1 of Reference Processing: no references
[3.300s][debug][gc,ref         ] GC(2) ReferenceProcessor::execute queues: 4, RefProcThreadModel::Multi, marks_oops_alive: false
[3.300s][debug][gc,ref         ] GC(2) Skipped phase 3 of Reference Processing: no references
[3.300s][debug][gc,ref         ] GC(2) ReferenceProcessor::execute queues: 2, RefProcThreadModel::Multi, marks_oops_alive: false
[3.300s][debug][gc,phases      ] GC(2) Reference Processing 0.421ms
[3.301s][debug][gc,phases      ] GC(2)   VM Weak                        Min:  0.0, Avg:  0.0, Max:  0.0, Diff:  0.0, Sum:  0.0, Workers: 4
[3.301s][debug][gc,phases      ] GC(2)     Dead                           Min: 0, Avg:  0.0, Max: 0, Diff: 0, Sum: 0, Workers: 4
[3.301s][debug][gc,phases      ] GC(2)     Total                          Min: 0, Avg: 91.5, Max: 192, Diff: 192, Sum: 366, Workers: 4
[3.301s][debug][gc,phases      ] GC(2)   ObjectSynchronizer Weak        Min:  0.0, Avg:  0.0, Max:  0.0, Diff:  0.0, Sum:  0.0, Workers: 4
[3.301s][debug][gc,phases      ] GC(2)     Dead                           Min: 0, Avg:  0.0, Max: 0, Diff: 0, Sum: 0, Workers: 4
[3.301s][debug][gc,phases      ] GC(2)     Total                          Min: 0, Avg:  1.5, Max: 6, Diff: 6, Sum: 6, Workers: 4
[3.301s][debug][gc,phases      ] GC(2)   JVMTI Tag Weak OopStorage      Min:  0.0, Avg:  0.0, Max:  0.0, Diff:  0.0, Sum:  0.0, Workers: 4
[3.301s][debug][gc,phases      ] GC(2)     Dead                           Min: 0, Avg:  0.0, Max: 0, Diff: 0, Sum: 0, Workers: 4
[3.301s][debug][gc,phases      ] GC(2)     Total                          Min: 0, Avg:  0.0, Max: 0, Diff: 0, Sum: 0, Workers: 4
[3.301s][debug][gc,phases      ] GC(2)   StringTable Weak               Min:  0.0, Avg:  0.1, Max:  0.2, Diff:  0.2, Sum:  0.6, Workers: 4
[3.301s][debug][gc,phases      ] GC(2)     Dead                           Min: 0, Avg:  2.2, Max: 4, Diff: 4, Sum: 9, Workers: 4
[3.301s][debug][gc,phases      ] GC(2)     Total                          Min: 0, Avg: 6553.0, Max: 11200, Diff: 11200, Sum: 26212, Workers: 4
[3.301s][debug][gc,phases      ] GC(2)   ResolvedMethodTable Weak       Min:  0.0, Avg:  0.0, Max:  0.0, Diff:  0.0, Sum:  0.1, Workers: 4
[3.301s][debug][gc,phases      ] GC(2)     Dead                           Min: 0, Avg: 14.2, Max: 41, Diff: 41, Sum: 57, Workers: 4
[3.301s][debug][gc,phases      ] GC(2)     Total                          Min: 0, Avg: 612.8, Max: 1152, Diff: 1152, Sum: 2451, Workers: 4
[3.301s][debug][gc,phases      ] GC(2)   JNI Weak                       Min:  0.0, Avg:  0.0, Max:  0.0, Diff:  0.0, Sum:  0.0, Workers: 4
[3.301s][debug][gc,phases      ] GC(2)     Dead                           Min: 0, Avg:  0.0, Max: 0, Diff: 0, Sum: 0, Workers: 4
[3.301s][debug][gc,phases      ] GC(2)     Total                          Min: 0, Avg: 11.5, Max: 46, Diff: 46, Sum: 46, Workers: 4
[3.301s][debug][gc,phases      ] GC(2)   StringDedup Table Weak         Min:  0.0, Avg:  0.0, Max:  0.0, Diff:  0.0, Sum:  0.0, Workers: 4
[3.301s][debug][gc,phases      ] GC(2)     Dead                           Min: 0, Avg:  0.0, Max: 0, Diff: 0, Sum: 0, Workers: 4
[3.301s][debug][gc,phases      ] GC(2)     Total                          Min: 0, Avg:  0.0, Max: 0, Diff: 0, Sum: 0, Workers: 4
[3.301s][debug][gc,phases      ] GC(2)   StringDedup Requests0 Weak     Min:  0.0, Avg:  0.0, Max:  0.0, Diff:  0.0, Sum:  0.0, Workers: 4
[3.301s][debug][gc,phases      ] GC(2)     Dead                           Min: 0, Avg:  0.0, Max: 0, Diff: 0, Sum: 0, Workers: 4
[3.301s][debug][gc,phases      ] GC(2)     Total                          Min: 0, Avg:  0.0, Max: 0, Diff: 0, Sum: 0, Workers: 4
[3.301s][debug][gc,phases      ] GC(2)   StringDedup Requests1 Weak     Min:  0.0, Avg:  0.0, Max:  0.0, Diff:  0.0, Sum:  0.0, Workers: 4
[3.301s][debug][gc,phases      ] GC(2)     Dead                           Min: 0, Avg:  0.0, Max: 0, Diff: 0, Sum: 0, Workers: 4
[3.301s][debug][gc,phases      ] GC(2)     Total                          Min: 0, Avg:  0.0, Max: 0, Diff: 0, Sum: 0, Workers: 4
[3.301s][debug][gc,phases      ] GC(2)   Weak JFR Old Object Samples    Min:  0.0, Avg:  0.0, Max:  0.0, Diff:  0.0, Sum:  0.0, Workers: 4
[3.301s][debug][gc,phases      ] GC(2)     Dead                           Min: 0, Avg:  0.0, Max: 0, Diff: 0, Sum: 0, Workers: 4
[3.301s][debug][gc,phases      ] GC(2)     Total                          Min: 0, Avg:  0.0, Max: 0, Diff: 0, Sum: 0, Workers: 4
[3.301s][debug][gc,phases      ] GC(2) Weak Processing 0.370ms
[3.301s][debug][gc,age         ] GC(2) Desired survivor size 536870912 bytes, new threshold 7 (max threshold 15)
[3.301s][info ][gc,heap        ] GC(2) PSYoungGen: 592025K(1572864K)->83847K(1572864K) Eden: 566232K(1048576K)->0K(1048576K) From: 25793K(524288K)->83847K(524288K)
[3.301s][info ][gc,heap        ] GC(2) ParOldGen: 5686K(6144K)->5702K(6144K)
[3.301s][info ][gc,metaspace   ] GC(2) Metaspace: 35340K(35840K)->35340K(35840K) NonClass: 30768K(31040K)->30768K(31040K) Class: 4572K(4800K)->4572K(4800K)
[3.301s][info ][gc             ] GC(2) Pause Young (Metadata GC Threshold) 583M->87M(1542M) 47.302ms
[3.301s][info ][gc,cpu         ] GC(2) User=0.14s Sys=0.05s Real=0.05s
[3.301s][debug][gc,phases      ] GC(3) Pre Compact 0.008ms
[3.301s][info ][gc,start       ] GC(3) Pause Full (Metadata GC Threshold)
[3.301s][info ][gc,phases,start] GC(3) Marking Phase
[3.331s][debug][gc,phases      ] GC(3) Par Mark 29.632ms
[3.331s][debug][gc,ref         ] GC(3) Skipped phase 1 of Reference Processing: no references
[3.331s][debug][gc,ref         ] GC(3) ReferenceProcessor::execute queues: 4, RefProcThreadModel::Multi, marks_oops_alive: false
[3.331s][debug][gc,ref         ] GC(3) Skipped phase 3 of Reference Processing: no references
[3.331s][debug][gc,ref         ] GC(3) ReferenceProcessor::execute queues: 1, RefProcThreadModel::Single, marks_oops_alive: false
[3.331s][debug][gc,phases      ] GC(3) Reference Processing 0.450ms
[3.331s][debug][gc,phases      ] GC(3)   VM Weak                        Min:  0.0, Avg:  0.0, Max:  0.0, Diff:  0.0, Sum:  0.0, Workers: 4
[3.331s][debug][gc,phases      ] GC(3)     Dead                           Min: 0, Avg:  0.0, Max: 0, Diff: 0, Sum: 0, Workers: 4
[3.331s][debug][gc,phases      ] GC(3)     Total                          Min: 0, Avg: 91.5, Max: 192, Diff: 192, Sum: 366, Workers: 4
[3.331s][debug][gc,phases      ] GC(3)   ObjectSynchronizer Weak        Min:  0.0, Avg:  0.0, Max:  0.0, Diff:  0.0, Sum:  0.0, Workers: 4
[3.331s][debug][gc,phases      ] GC(3)     Dead                           Min: 0, Avg:  0.0, Max: 0, Diff: 0, Sum: 0, Workers: 4
[3.331s][debug][gc,phases      ] GC(3)     Total                          Min: 0, Avg:  1.5, Max: 6, Diff: 6, Sum: 6, Workers: 4
[3.331s][debug][gc,phases      ] GC(3)   JVMTI Tag Weak OopStorage      Min:  0.0, Avg:  0.0, Max:  0.0, Diff:  0.0, Sum:  0.0, Workers: 4
[3.331s][debug][gc,phases      ] GC(3)     Dead                           Min: 0, Avg:  0.0, Max: 0, Diff: 0, Sum: 0, Workers: 4
[3.331s][debug][gc,phases      ] GC(3)     Total                          Min: 0, Avg:  0.0, Max: 0, Diff: 0, Sum: 0, Workers: 4
[3.331s][debug][gc,phases      ] GC(3)   StringTable Weak               Min:  0.0, Avg:  0.1, Max:  0.1, Diff:  0.1, Sum:  0.3, Workers: 4
[3.331s][debug][gc,phases      ] GC(3)     Dead                           Min: 0, Avg:  0.0, Max: 0, Diff: 0, Sum: 0, Workers: 4
[3.331s][debug][gc,phases      ] GC(3)     Total                          Min: 0, Avg: 6553.0, Max: 9856, Diff: 9856, Sum: 26212, Workers: 4
[3.331s][debug][gc,phases      ] GC(3)   ResolvedMethodTable Weak       Min:  0.0, Avg:  0.0, Max:  0.0, Diff:  0.0, Sum:  0.0, Workers: 4
[3.331s][debug][gc,phases      ] GC(3)     Dead                           Min: 0, Avg:  0.0, Max: 0, Diff: 0, Sum: 0, Workers: 4
[3.331s][debug][gc,phases      ] GC(3)     Total                          Min: 0, Avg: 612.8, Max: 896, Diff: 896, Sum: 2451, Workers: 4
[3.331s][debug][gc,phases      ] GC(3)   JNI Weak                       Min:  0.0, Avg:  0.0, Max:  0.0, Diff:  0.0, Sum:  0.0, Workers: 4
[3.331s][debug][gc,phases      ] GC(3)     Dead                           Min: 0, Avg:  0.0, Max: 0, Diff: 0, Sum: 0, Workers: 4
[3.331s][debug][gc,phases      ] GC(3)     Total                          Min: 0, Avg: 11.5, Max: 46, Diff: 46, Sum: 46, Workers: 4
[3.331s][debug][gc,phases      ] GC(3)   StringDedup Table Weak         Min:  0.0, Avg:  0.0, Max:  0.0, Diff:  0.0, Sum:  0.0, Workers: 4
[3.331s][debug][gc,phases      ] GC(3)     Dead                           Min: 0, Avg:  0.0, Max: 0, Diff: 0, Sum: 0, Workers: 4
[3.331s][debug][gc,phases      ] GC(3)     Total                          Min: 0, Avg:  0.0, Max: 0, Diff: 0, Sum: 0, Workers: 4
[3.331s][debug][gc,phases      ] GC(3)   StringDedup Requests0 Weak     Min:  0.0, Avg:  0.0, Max:  0.0, Diff:  0.0, Sum:  0.0, Workers: 4
[3.331s][debug][gc,phases      ] GC(3)     Dead                           Min: 0, Avg:  0.0, Max: 0, Diff: 0, Sum: 0, Workers: 4
[3.331s][debug][gc,phases      ] GC(3)     Total                          Min: 0, Avg:  0.0, Max: 0, Diff: 0, Sum: 0, Workers: 4
[3.331s][debug][gc,phases      ] GC(3)   StringDedup Requests1 Weak     Min:  0.0, Avg:  0.0, Max:  0.0, Diff:  0.0, Sum:  0.0, Workers: 4
[3.331s][debug][gc,phases      ] GC(3)     Dead                           Min: 0, Avg:  0.0, Max: 0, Diff: 0, Sum: 0, Workers: 4
[3.331s][debug][gc,phases      ] GC(3)     Total                          Min: 0, Avg:  0.0, Max: 0, Diff: 0, Sum: 0, Workers: 4
[3.331s][debug][gc,phases      ] GC(3)   Weak JFR Old Object Samples    Min:  0.0, Avg:  0.0, Max:  0.0, Diff:  0.0, Sum:  0.0, Workers: 4
[3.331s][debug][gc,phases      ] GC(3)     Dead                           Min: 0, Avg:  0.0, Max: 0, Diff: 0, Sum: 0, Workers: 4
[3.331s][debug][gc,phases      ] GC(3)     Total                          Min: 0, Avg:  0.0, Max: 0, Diff: 0, Sum: 0, Workers: 4
[3.331s][debug][gc,phases      ] GC(3) Weak Processing 0.253ms
[3.331s][debug][gc,phases      ] GC(3) ClassLoaderData 0.040ms
[3.331s][debug][gc,phases      ] GC(3) Trigger cleanups 0.000ms
[3.335s][debug][gc,phases      ] GC(3) Class Unloading 3.796ms
[3.335s][info ][gc,phases      ] GC(3) Marking Phase 34.238ms
[3.335s][info ][gc,phases,start] GC(3) Summary Phase
[3.335s][info ][gc,phases      ] GC(3) Summary Phase 0.005ms
[3.335s][info ][gc,phases,start] GC(3) Adjust Roots
[3.340s][info ][gc,phases      ] GC(3) Adjust Roots 5.148ms
[3.340s][info ][gc,phases,start] GC(3) Compaction Phase
[3.694s][info ][gc,phases      ] GC(3) Compaction Phase 353.283ms
[3.694s][info ][gc,phases,start] GC(3) Post Compact
[3.695s][info ][gc,phases      ] GC(3) Post Compact 1.097ms
[3.695s][info ][gc,heap        ] GC(3) PSYoungGen: 83847K(1572864K)->83124K(1572864K) Eden: 0K(1048576K)->0K(1048576K) From: 83847K(524288K)->83124K(524288K)
[3.695s][info ][gc,heap        ] GC(3) ParOldGen: 5702K(6144K)->6127K(6144K)
[3.695s][info ][gc,metaspace   ] GC(3) Metaspace: 35340K(35840K)->35340K(35840K) NonClass: 30768K(31040K)->30768K(31040K) Class: 4572K(4800K)->4572K(4800K)
[3.695s][info ][gc             ] GC(3) Pause Full (Metadata GC Threshold) 87M->87M(1542M) 393.897ms
[3.695s][info ][gc,cpu         ] GC(3) User=0.86s Sys=0.00s Real=0.39s
[3.695s][info ][safepoint      ] Safepoint "CollectForMetadataAllocation", Time since last: 83157849 ns, Reaching safepoint: 199200 ns, At safepoint: 441330022 ns, Total: 441529222 ns
[4.033s][info ][safepoint      ] Safepoint "ICBufferFull", Time since last: 337891812 ns, Reaching safepoint: 162000 ns, At safepoint: 4100 ns, Total: 166100 ns
[4.520s][info ][safepoint      ] Safepoint "ICBufferFull", Time since last: 487346959 ns, Reaching safepoint: 192601 ns, At safepoint: 1700 ns, Total: 194301 ns
[4.876s][info ][safepoint      ] Safepoint "ICBufferFull", Time since last: 355815666 ns, Reaching safepoint: 221700 ns, At safepoint: 3800 ns, Total: 225500 ns
[4.964s][info ][safepoint      ] Safepoint "ICBufferFull", Time since last: 87341762 ns, Reaching safepoint: 165800 ns, At safepoint: 3800 ns, Total: 169600 ns
[5.000s][info ][safepoint      ] Safepoint "ICBufferFull", Time since last: 36227209 ns, Reaching safepoint: 203200 ns, At safepoint: 6700 ns, Total: 209900 ns
[5.117s][info ][safepoint      ] Safepoint "ICBufferFull", Time since last: 113611741 ns, Reaching safepoint: 3331810 ns, At safepoint: 10200 ns, Total: 3342010 ns
[5.312s][info ][safepoint      ] Safepoint "ICBufferFull", Time since last: 193987681 ns, Reaching safepoint: 218300 ns, At safepoint: 3900 ns, Total: 222200 ns
[5.483s][info ][safepoint      ] Safepoint "ICBufferFull", Time since last: 171074613 ns, Reaching safepoint: 124700 ns, At safepoint: 7300 ns, Total: 132000 ns
[5.693s][debug][gc,phases      ] GC(4) Pre Compact 0.016ms
[5.693s][info ][gc,start       ] GC(4) Pause Full (Metadata GC Threshold)
[5.693s][info ][gc,phases,start] GC(4) Marking Phase
[5.746s][debug][gc,phases      ] GC(4) Par Mark 52.743ms
[5.746s][debug][gc,ref         ] GC(4) Skipped phase 1 of Reference Processing: no references
[5.746s][debug][gc,ref         ] GC(4) ReferenceProcessor::execute queues: 4, RefProcThreadModel::Multi, marks_oops_alive: false
[5.747s][debug][gc,ref         ] GC(4) Skipped phase 3 of Reference Processing: no references
[5.747s][debug][gc,ref         ] GC(4) ReferenceProcessor::execute queues: 4, RefProcThreadModel::Multi, marks_oops_alive: false
[5.747s][debug][gc,phases      ] GC(4) Reference Processing 1.163ms
[5.747s][debug][gc,phases      ] GC(4)   VM Weak                        Min:  0.0, Avg:  0.0, Max:  0.0, Diff:  0.0, Sum:  0.0, Workers: 4
[5.747s][debug][gc,phases      ] GC(4)     Dead                           Min: 0, Avg:  0.0, Max: 0, Diff: 0, Sum: 0, Workers: 4
[5.747s][debug][gc,phases      ] GC(4)     Total                          Min: 0, Avg: 136.5, Max: 226, Diff: 226, Sum: 546, Workers: 4
[5.747s][debug][gc,phases      ] GC(4)   ObjectSynchronizer Weak        Min:  0.0, Avg:  0.0, Max:  0.0, Diff:  0.0, Sum:  0.0, Workers: 4
[5.747s][debug][gc,phases      ] GC(4)     Dead                           Min: 0, Avg:  2.5, Max: 10, Diff: 10, Sum: 10, Workers: 4
[5.747s][debug][gc,phases      ] GC(4)     Total                          Min: 0, Avg:  8.5, Max: 34, Diff: 34, Sum: 34, Workers: 4
[5.747s][debug][gc,phases      ] GC(4)   JVMTI Tag Weak OopStorage      Min:  0.0, Avg:  0.0, Max:  0.0, Diff:  0.0, Sum:  0.0, Workers: 4
[5.747s][debug][gc,phases      ] GC(4)     Dead                           Min: 0, Avg:  0.0, Max: 0, Diff: 0, Sum: 0, Workers: 4
[5.747s][debug][gc,phases      ] GC(4)     Total                          Min: 0, Avg:  0.0, Max: 0, Diff: 0, Sum: 0, Workers: 4
[5.747s][debug][gc,phases      ] GC(4)   StringTable Weak               Min:  0.1, Avg:  0.1, Max:  0.1, Diff:  0.0, Sum:  0.5, Workers: 4
[5.747s][debug][gc,phases      ] GC(4)     Dead                           Min: 3, Avg:  4.8, Max: 7, Diff: 4, Sum: 19, Workers: 4
[5.747s][debug][gc,phases      ] GC(4)     Total                          Min: 8832, Avg: 9164.8, Max: 9536, Diff: 704, Sum: 36659, Workers: 4
[5.747s][debug][gc,phases      ] GC(4)   ResolvedMethodTable Weak       Min:  0.0, Avg:  0.0, Max:  0.0, Diff:  0.0, Sum:  0.1, Workers: 4
[5.747s][debug][gc,phases      ] GC(4)     Dead                           Min: 16, Avg: 50.2, Max: 86, Diff: 70, Sum: 201, Workers: 4
[5.747s][debug][gc,phases      ] GC(4)     Total                          Min: 1536, Avg: 1584.0, Max: 1664, Diff: 128, Sum: 6336, Workers: 4
[5.747s][debug][gc,phases      ] GC(4)   JNI Weak                       Min:  0.0, Avg:  0.0, Max:  0.0, Diff:  0.0, Sum:  0.0, Workers: 4
[5.747s][debug][gc,phases      ] GC(4)     Dead                           Min: 0, Avg:  0.0, Max: 0, Diff: 0, Sum: 0, Workers: 4
[5.747s][debug][gc,phases      ] GC(4)     Total                          Min: 0, Avg: 13.0, Max: 49, Diff: 49, Sum: 52, Workers: 4
[5.747s][debug][gc,phases      ] GC(4)   StringDedup Table Weak         Min:  0.0, Avg:  0.0, Max:  0.0, Diff:  0.0, Sum:  0.0, Workers: 4
[5.747s][debug][gc,phases      ] GC(4)     Dead                           Min: 0, Avg:  0.0, Max: 0, Diff: 0, Sum: 0, Workers: 4
[5.747s][debug][gc,phases      ] GC(4)     Total                          Min: 0, Avg:  0.0, Max: 0, Diff: 0, Sum: 0, Workers: 4
[5.747s][debug][gc,phases      ] GC(4)   StringDedup Requests0 Weak     Min:  0.0, Avg:  0.0, Max:  0.0, Diff:  0.0, Sum:  0.0, Workers: 4
[5.747s][debug][gc,phases      ] GC(4)     Dead                           Min: 0, Avg:  0.0, Max: 0, Diff: 0, Sum: 0, Workers: 4
[5.747s][debug][gc,phases      ] GC(4)     Total                          Min: 0, Avg:  0.0, Max: 0, Diff: 0, Sum: 0, Workers: 4
[5.747s][debug][gc,phases      ] GC(4)   StringDedup Requests1 Weak     Min:  0.0, Avg:  0.0, Max:  0.0, Diff:  0.0, Sum:  0.0, Workers: 4
[5.747s][debug][gc,phases      ] GC(4)     Dead                           Min: 0, Avg:  0.0, Max: 0, Diff: 0, Sum: 0, Workers: 4
[5.747s][debug][gc,phases      ] GC(4)     Total                          Min: 0, Avg:  0.0, Max: 0, Diff: 0, Sum: 0, Workers: 4
[5.747s][debug][gc,phases      ] GC(4)   Weak JFR Old Object Samples    Min:  0.0, Avg:  0.0, Max:  0.0, Diff:  0.0, Sum:  0.0, Workers: 4
[5.747s][debug][gc,phases      ] GC(4)     Dead                           Min: 0, Avg:  0.0, Max: 0, Diff: 0, Sum: 0, Workers: 4
[5.747s][debug][gc,phases      ] GC(4)     Total                          Min: 0, Avg:  0.0, Max: 0, Diff: 0, Sum: 0, Workers: 4
[5.747s][debug][gc,phases      ] GC(4) Weak Processing 0.299ms
[5.747s][debug][gc,phases      ] GC(4) ClassLoaderData 0.060ms
[5.747s][debug][gc,phases      ] GC(4) Trigger cleanups 0.000ms
[5.754s][debug][gc,phases      ] GC(4) Class Unloading 6.656ms
[5.754s][info ][gc,phases      ] GC(4) Marking Phase 60.993ms
[5.754s][info ][gc,phases,start] GC(4) Summary Phase
[5.754s][info ][gc,phases      ] GC(4) Summary Phase 0.011ms
[5.754s][info ][gc,phases,start] GC(4) Adjust Roots
[5.762s][info ][gc,phases      ] GC(4) Adjust Roots 7.844ms
[5.762s][info ][gc,phases,start] GC(4) Compaction Phase
[5.872s][info ][gc,phases      ] GC(4) Compaction Phase 110.617ms
[5.872s][info ][gc,phases,start] GC(4) Post Compact
[5.876s][info ][gc,phases      ] GC(4) Post Compact 3.865ms
[5.876s][info ][gc,heap        ] GC(4) PSYoungGen: 523566K(1572864K)->108442K(1572864K) Eden: 440441K(1048576K)->108442K(1048576K) From: 83124K(524288K)->0K(524288K)
[5.876s][info ][gc,heap        ] GC(4) ParOldGen: 6127K(6144K)->6124K(6144K)
[5.876s][info ][gc,metaspace   ] GC(4) Metaspace: 59099K(59776K)->59099K(59776K) NonClass: 50275K(50624K)->50275K(50624K) Class: 8824K(9152K)->8824K(9152K)
[5.876s][info ][gc             ] GC(4) Pause Full (Metadata GC Threshold) 517M->111M(1542M) 183.431ms
[5.876s][info ][gc,cpu         ] GC(4) User=0.64s Sys=0.02s Real=0.18s
[5.877s][info ][safepoint      ] Safepoint "CollectForMetadataAllocation", Time since last: 209832828 ns, Reaching safepoint: 216201 ns, At safepoint: 184602453 ns, Total: 184818654 ns
[6.090s][info ][safepoint      ] Safepoint "ICBufferFull", Time since last: 212551936 ns, Reaching safepoint: 220101 ns, At safepoint: 8200 ns, Total: 228301 ns
[6.550s][info ][safepoint      ] Safepoint "ICBufferFull", Time since last: 459289275 ns, Reaching safepoint: 170301 ns, At safepoint: 8200 ns, Total: 178501 ns
[7.054s][info ][safepoint      ] Safepoint "ICBufferFull", Time since last: 504615311 ns, Reaching safepoint: 158700 ns, At safepoint: 16101 ns, Total: 174801 ns
[7.176s][info ][safepoint      ] Safepoint "ICBufferFull", Time since last: 121413563 ns, Reaching safepoint: 216901 ns, At safepoint: 8400 ns, Total: 225301 ns
[8.176s][info ][safepoint      ] Safepoint "Cleanup", Time since last: 1000091687 ns, Reaching safepoint: 175100 ns, At safepoint: 12100 ns, Total: 187200 ns
[9.477s][info ][safepoint      ] Safepoint "Cleanup", Time since last: 1300570996 ns, Reaching safepoint: 63900 ns, At safepoint: 3000 ns, Total: 66900 ns
[9.931s][debug][gc,phases      ] GC(5) Pre Compact 0.017ms
[9.931s][info ][gc,start       ] GC(5) Pause Full (Ergonomics)
[9.931s][info ][gc,phases,start] GC(5) Marking Phase
[10.121s][debug][gc,phases      ] GC(5) Par Mark 189.906ms
[10.121s][debug][gc,ref         ] GC(5) Skipped phase 1 of Reference Processing: no references
[10.122s][debug][gc,ref         ] GC(5) ReferenceProcessor::execute queues: 4, RefProcThreadModel::Multi, marks_oops_alive: false
[10.123s][debug][gc,ref         ] GC(5) Skipped phase 3 of Reference Processing: no references
[10.123s][debug][gc,ref         ] GC(5) ReferenceProcessor::execute queues: 1, RefProcThreadModel::Single, marks_oops_alive: false
[10.123s][debug][gc,phases      ] GC(5) Reference Processing 1.235ms
[10.123s][debug][gc,phases      ] GC(5)   VM Weak                        Min:  0.0, Avg:  0.0, Max:  0.0, Diff:  0.0, Sum:  0.0, Workers: 4
[10.123s][debug][gc,phases      ] GC(5)     Dead                           Min: 0, Avg:  0.5, Max: 2, Diff: 2, Sum: 2, Workers: 4
[10.123s][debug][gc,phases      ] GC(5)     Total                          Min: 0, Avg: 154.2, Max: 361, Diff: 361, Sum: 617, Workers: 4
[10.123s][debug][gc,phases      ] GC(5)   ObjectSynchronizer Weak        Min:  0.0, Avg:  0.0, Max:  0.0, Diff:  0.0, Sum:  0.0, Workers: 4
[10.123s][debug][gc,phases      ] GC(5)     Dead                           Min: 0, Avg:  0.2, Max: 1, Diff: 1, Sum: 1, Workers: 4
[10.123s][debug][gc,phases      ] GC(5)     Total                          Min: 0, Avg:  9.2, Max: 37, Diff: 37, Sum: 37, Workers: 4
[10.123s][debug][gc,phases      ] GC(5)   JVMTI Tag Weak OopStorage      Min:  0.0, Avg:  0.0, Max:  0.0, Diff:  0.0, Sum:  0.0, Workers: 4
[10.123s][debug][gc,phases      ] GC(5)     Dead                           Min: 0, Avg:  0.0, Max: 0, Diff: 0, Sum: 0, Workers: 4
[10.123s][debug][gc,phases      ] GC(5)     Total                          Min: 0, Avg:  0.0, Max: 0, Diff: 0, Sum: 0, Workers: 4
[10.123s][debug][gc,phases      ] GC(5)   StringTable Weak               Min:  0.0, Avg:  0.1, Max:  0.2, Diff:  0.2, Sum:  0.5, Workers: 4
[10.123s][debug][gc,phases      ] GC(5)     Dead                           Min: 0, Avg:  3.0, Max: 4, Diff: 4, Sum: 12, Workers: 4
[10.123s][debug][gc,phases      ] GC(5)     Total                          Min: 0, Avg: 9804.0, Max: 14320, Diff: 14320, Sum: 39216, Workers: 4
[10.123s][debug][gc,phases      ] GC(5)   ResolvedMethodTable Weak       Min:  0.0, Avg:  0.0, Max:  0.0, Diff:  0.0, Sum:  0.1, Workers: 4
[10.123s][debug][gc,phases      ] GC(5)     Dead                           Min: 0, Avg: 54.0, Max: 127, Diff: 127, Sum: 216, Workers: 4
[10.123s][debug][gc,phases      ] GC(5)     Total                          Min: 0, Avg: 1754.2, Max: 2857, Diff: 2857, Sum: 7017, Workers: 4
[10.123s][debug][gc,phases      ] GC(5)   JNI Weak                       Min:  0.0, Avg:  0.0, Max:  0.0, Diff:  0.0, Sum:  0.0, Workers: 4
[10.123s][debug][gc,phases      ] GC(5)     Dead                           Min: 0, Avg:  0.0, Max: 0, Diff: 0, Sum: 0, Workers: 4
[10.123s][debug][gc,phases      ] GC(5)     Total                          Min: 0, Avg: 14.5, Max: 49, Diff: 49, Sum: 58, Workers: 4
[10.123s][debug][gc,phases      ] GC(5)   StringDedup Table Weak         Min:  0.0, Avg:  0.0, Max:  0.0, Diff:  0.0, Sum:  0.0, Workers: 4
[10.123s][debug][gc,phases      ] GC(5)     Dead                           Min: 0, Avg:  0.0, Max: 0, Diff: 0, Sum: 0, Workers: 4
[10.123s][debug][gc,phases      ] GC(5)     Total                          Min: 0, Avg:  0.0, Max: 0, Diff: 0, Sum: 0, Workers: 4
[10.123s][debug][gc,phases      ] GC(5)   StringDedup Requests0 Weak     Min:  0.0, Avg:  0.0, Max:  0.0, Diff:  0.0, Sum:  0.0, Workers: 4
[10.123s][debug][gc,phases      ] GC(5)     Dead                           Min: 0, Avg:  0.0, Max: 0, Diff: 0, Sum: 0, Workers: 4
[10.123s][debug][gc,phases      ] GC(5)     Total                          Min: 0, Avg:  0.0, Max: 0, Diff: 0, Sum: 0, Workers: 4
[10.123s][debug][gc,phases      ] GC(5)   StringDedup Requests1 Weak     Min:  0.0, Avg:  0.0, Max:  0.0, Diff:  0.0, Sum:  0.0, Workers: 4
[10.123s][debug][gc,phases      ] GC(5)     Dead                           Min: 0, Avg:  0.0, Max: 0, Diff: 0, Sum: 0, Workers: 4
[10.123s][debug][gc,phases      ] GC(5)     Total                          Min: 0, Avg:  0.0, Max: 0, Diff: 0, Sum: 0, Workers: 4
[10.123s][debug][gc,phases      ] GC(5)   Weak JFR Old Object Samples    Min:  0.0, Avg:  0.0, Max:  0.0, Diff:  0.0, Sum:  0.0, Workers: 4
[10.123s][debug][gc,phases      ] GC(5)     Dead                           Min: 0, Avg:  0.0, Max: 0, Diff: 0, Sum: 0, Workers: 4
[10.123s][debug][gc,phases      ] GC(5)     Total                          Min: 0, Avg:  0.0, Max: 0, Diff: 0, Sum: 0, Workers: 4
[10.123s][debug][gc,phases      ] GC(5) Weak Processing 0.369ms
[10.123s][debug][gc,phases      ] GC(5) ClassLoaderData 0.139ms
[10.123s][debug][gc,phases      ] GC(5) Trigger cleanups 0.005ms
[10.137s][debug][gc,phases      ] GC(5) Class Unloading 13.641ms
[10.137s][info ][gc,phases      ] GC(5) Marking Phase 205.287ms
[10.137s][info ][gc,phases,start] GC(5) Summary Phase
[10.137s][info ][gc,phases      ] GC(5) Summary Phase 0.021ms
[10.137s][info ][gc,phases,start] GC(5) Adjust Roots
[10.147s][info ][gc,phases      ] GC(5) Adjust Roots 9.893ms
[10.147s][info ][gc,phases,start] GC(5) Compaction Phase
[10.632s][info ][gc,phases      ] GC(5) Compaction Phase 485.117ms
[10.632s][info ][gc,phases,start] GC(5) Post Compact
[10.636s][info ][gc,phases      ] GC(5) Post Compact 4.238ms
[10.636s][info ][gc,heap        ] GC(5) PSYoungGen: 1048576K(1572864K)->421145K(1572864K) Eden: 1048576K(1048576K)->421145K(1048576K) From: 0K(524288K)->0K(524288K)
[10.636s][info ][gc,heap        ] GC(5) ParOldGen: 6124K(6144K)->6080K(18432K)
[10.636s][info ][gc,metaspace   ] GC(5) Metaspace: 67138K(67840K)->67135K(67840K) NonClass: 57278K(57664K)->57276K(57664K) Class: 9860K(10176K)->9859K(10176K)
[10.636s][info ][gc             ] GC(5) Pause Full (Ergonomics) 1029M->417M(1554M) 704.721ms
[10.636s][info ][gc,cpu         ] GC(5) User=2.69s Sys=0.02s Real=0.70s
[10.638s][info ][safepoint      ] Safepoint "ParallelGCFailedAllocation", Time since last: 454077091 ns, Reaching safepoint: 174600 ns, At safepoint: 706341508 ns, Total: 706516108 ns
[10.863s][info ][safepoint      ] Safepoint "ICBufferFull", Time since last: 224832839 ns, Reaching safepoint: 151000 ns, At safepoint: 6400 ns, Total: 157400 ns
[11.088s][info ][safepoint      ] Safepoint "ICBufferFull", Time since last: 225606941 ns, Reaching safepoint: 138901 ns, At safepoint: 8000 ns, Total: 146901 ns
[11.251s][info ][safepoint      ] Safepoint "ICBufferFull", Time since last: 162616962 ns, Reaching safepoint: 252201 ns, At safepoint: 10500 ns, Total: 262701 ns
[11.579s][info ][gc,start       ] GC(6) Pause Young (Allocation Failure)
[11.874s][debug][gc,phases      ] GC(6) Scavenge 294.810ms
[11.874s][debug][gc,ref         ] GC(6) Skipped phase 1 of Reference Processing: no references
[11.875s][debug][gc,ref         ] GC(6) ReferenceProcessor::execute queues: 4, RefProcThreadModel::Multi, marks_oops_alive: false
[11.875s][debug][gc,ref         ] GC(6) ReferenceProcessor::execute queues: 4, RefProcThreadModel::Multi, marks_oops_alive: true
[11.875s][debug][gc,ref         ] GC(6) ReferenceProcessor::execute queues: 1, RefProcThreadModel::Single, marks_oops_alive: false
[11.875s][debug][gc,phases      ] GC(6) Reference Processing 0.837ms
[11.875s][debug][gc,phases      ] GC(6)   VM Weak                        Min:  0.0, Avg:  0.0, Max:  0.0, Diff:  0.0, Sum:  0.0, Workers: 4
[11.875s][debug][gc,phases      ] GC(6)     Dead                           Min: 0, Avg:  0.0, Max: 0, Diff: 0, Sum: 0, Workers: 4
[11.875s][debug][gc,phases      ] GC(6)     Total                          Min: 64, Avg: 159.8, Max: 256, Diff: 192, Sum: 639, Workers: 4
[11.875s][debug][gc,phases      ] GC(6)   ObjectSynchronizer Weak        Min:  0.0, Avg:  0.0, Max:  0.0, Diff:  0.0, Sum:  0.0, Workers: 4
[11.876s][debug][gc,phases      ] GC(6)     Dead                           Min: 0, Avg:  0.0, Max: 0, Diff: 0, Sum: 0, Workers: 4
[11.876s][debug][gc,phases      ] GC(6)     Total                          Min: 0, Avg:  9.2, Max: 37, Diff: 37, Sum: 37, Workers: 4
[11.876s][debug][gc,phases      ] GC(6)   JVMTI Tag Weak OopStorage      Min:  0.0, Avg:  0.0, Max:  0.0, Diff:  0.0, Sum:  0.0, Workers: 4
[11.876s][debug][gc,phases      ] GC(6)     Dead                           Min: 0, Avg:  0.0, Max: 0, Diff: 0, Sum: 0, Workers: 4
[11.876s][debug][gc,phases      ] GC(6)     Total                          Min: 0, Avg:  0.0, Max: 0, Diff: 0, Sum: 0, Workers: 4
[11.876s][debug][gc,phases      ] GC(6)   StringTable Weak               Min:  0.2, Avg:  0.2, Max:  0.2, Diff:  0.0, Sum:  0.9, Workers: 4
[11.876s][debug][gc,phases      ] GC(6)     Dead                           Min: 0, Avg:  1.5, Max: 5, Diff: 5, Sum: 6, Workers: 4
[11.876s][debug][gc,phases      ] GC(6)     Total                          Min: 9108, Avg: 9925.0, Max: 11072, Diff: 1964, Sum: 39700, Workers: 4
[11.876s][debug][gc,phases      ] GC(6)   ResolvedMethodTable Weak       Min:  0.1, Avg:  0.1, Max:  0.1, Diff:  0.0, Sum:  0.2, Workers: 4
[11.876s][debug][gc,phases      ] GC(6)     Dead                           Min: 2, Avg: 12.2, Max: 23, Diff: 21, Sum: 49, Workers: 4
[11.876s][debug][gc,phases      ] GC(6)     Total                          Min: 1726, Avg: 1814.5, Max: 1884, Diff: 158, Sum: 7258, Workers: 4
[11.876s][debug][gc,phases      ] GC(6)   JNI Weak                       Min:  0.0, Avg:  0.0, Max:  0.0, Diff:  0.0, Sum:  0.0, Workers: 4
[11.876s][debug][gc,phases      ] GC(6)     Dead                           Min: 0, Avg:  0.0, Max: 0, Diff: 0, Sum: 0, Workers: 4
[11.876s][debug][gc,phases      ] GC(6)     Total                          Min: 0, Avg: 14.5, Max: 58, Diff: 58, Sum: 58, Workers: 4
[11.876s][debug][gc,phases      ] GC(6)   StringDedup Table Weak         Min:  0.0, Avg:  0.0, Max:  0.0, Diff:  0.0, Sum:  0.0, Workers: 4
[11.876s][debug][gc,phases      ] GC(6)     Dead                           Min: 0, Avg:  0.0, Max: 0, Diff: 0, Sum: 0, Workers: 4
[11.876s][debug][gc,phases      ] GC(6)     Total                          Min: 0, Avg:  0.0, Max: 0, Diff: 0, Sum: 0, Workers: 4
[11.876s][debug][gc,phases      ] GC(6)   StringDedup Requests0 Weak     Min:  0.0, Avg:  0.0, Max:  0.0, Diff:  0.0, Sum:  0.0, Workers: 4
[11.876s][debug][gc,phases      ] GC(6)     Dead                           Min: 0, Avg:  0.0, Max: 0, Diff: 0, Sum: 0, Workers: 4
[11.876s][debug][gc,phases      ] GC(6)     Total                          Min: 0, Avg:  0.0, Max: 0, Diff: 0, Sum: 0, Workers: 4
[11.876s][debug][gc,phases      ] GC(6)   StringDedup Requests1 Weak     Min:  0.0, Avg:  0.0, Max:  0.0, Diff:  0.0, Sum:  0.0, Workers: 4
[11.876s][debug][gc,phases      ] GC(6)     Dead                           Min: 0, Avg:  0.0, Max: 0, Diff: 0, Sum: 0, Workers: 4
[11.876s][debug][gc,phases      ] GC(6)     Total                          Min: 0, Avg:  0.0, Max: 0, Diff: 0, Sum: 0, Workers: 4
[11.876s][debug][gc,phases      ] GC(6)   Weak JFR Old Object Samples    Min:  0.0, Avg:  0.0, Max:  0.0, Diff:  0.0, Sum:  0.0, Workers: 4
[11.876s][debug][gc,phases      ] GC(6)     Dead                           Min: 0, Avg:  0.0, Max: 0, Diff: 0, Sum: 0, Workers: 4
[11.876s][debug][gc,phases      ] GC(6)     Total                          Min: 0, Avg:  0.0, Max: 0, Diff: 0, Sum: 0, Workers: 4
[11.876s][debug][gc,phases      ] GC(6) Weak Processing 0.443ms
[11.876s][debug][gc,age         ] GC(6) Desired survivor size 536870912 bytes, new threshold 7 (max threshold 15)
[11.876s][info ][gc,heap        ] GC(6) PSYoungGen: 1048576K(1572864K)->524287K(1572864K) Eden: 1048576K(1048576K)->0K(1048576K) From: 0K(524288K)->524287K(524288K)
[11.876s][info ][gc,heap        ] GC(6) ParOldGen: 6080K(18432K)->63894K(64000K)
[11.876s][info ][gc,metaspace   ] GC(6) Metaspace: 68562K(69376K)->68562K(69376K) NonClass: 58531K(58944K)->58531K(58944K) Class: 10030K(10432K)->10030K(10432K)
[11.876s][info ][gc             ] GC(6) Pause Young (Allocation Failure) 1029M->574M(1598M) 296.211ms
[11.876s][info ][gc,cpu         ] GC(6) User=1.04s Sys=0.13s Real=0.29s
[11.876s][debug][gc,phases      ] GC(7) Pre Compact 0.008ms
[11.876s][info ][gc,start       ] GC(7) Pause Full (Ergonomics)
[11.876s][info ][gc,phases,start] GC(7) Marking Phase
[12.101s][debug][gc,phases      ] GC(7) Par Mark 225.538ms
[12.101s][debug][gc,ref         ] GC(7) Skipped phase 1 of Reference Processing: no references
[12.102s][debug][gc,ref         ] GC(7) ReferenceProcessor::execute queues: 4, RefProcThreadModel::Multi, marks_oops_alive: false
[12.102s][debug][gc,ref         ] GC(7) Skipped phase 3 of Reference Processing: no references
[12.102s][debug][gc,ref         ] GC(7) ReferenceProcessor::execute queues: 1, RefProcThreadModel::Single, marks_oops_alive: false
[12.102s][debug][gc,phases      ] GC(7) Reference Processing 0.511ms
[12.102s][debug][gc,phases      ] GC(7)   VM Weak                        Min:  0.0, Avg:  0.0, Max:  0.0, Diff:  0.0, Sum:  0.0, Workers: 4
[12.102s][debug][gc,phases      ] GC(7)     Dead                           Min: 0, Avg:  0.0, Max: 0, Diff: 0, Sum: 0, Workers: 4
[12.102s][debug][gc,phases      ] GC(7)     Total                          Min: 64, Avg: 159.8, Max: 320, Diff: 256, Sum: 639, Workers: 4
[12.102s][debug][gc,phases      ] GC(7)   ObjectSynchronizer Weak        Min:  0.0, Avg:  0.0, Max:  0.0, Diff:  0.0, Sum:  0.0, Workers: 4
[12.102s][debug][gc,phases      ] GC(7)     Dead                           Min: 0, Avg:  0.0, Max: 0, Diff: 0, Sum: 0, Workers: 4
[12.102s][debug][gc,phases      ] GC(7)     Total                          Min: 0, Avg:  9.2, Max: 37, Diff: 37, Sum: 37, Workers: 4
[12.102s][debug][gc,phases      ] GC(7)   JVMTI Tag Weak OopStorage      Min:  0.0, Avg:  0.0, Max:  0.0, Diff:  0.0, Sum:  0.0, Workers: 4
[12.102s][debug][gc,phases      ] GC(7)     Dead                           Min: 0, Avg:  0.0, Max: 0, Diff: 0, Sum: 0, Workers: 4
[12.102s][debug][gc,phases      ] GC(7)     Total                          Min: 0, Avg:  0.0, Max: 0, Diff: 0, Sum: 0, Workers: 4
[12.102s][debug][gc,phases      ] GC(7)   StringTable Weak               Min:  0.1, Avg:  0.1, Max:  0.1, Diff:  0.0, Sum:  0.5, Workers: 4
[12.102s][debug][gc,phases      ] GC(7)     Dead                           Min: 0, Avg:  0.0, Max: 0, Diff: 0, Sum: 0, Workers: 4
[12.102s][debug][gc,phases      ] GC(7)     Total                          Min: 9792, Avg: 9925.0, Max: 10004, Diff: 212, Sum: 39700, Workers: 4
[12.102s][debug][gc,phases      ] GC(7)   ResolvedMethodTable Weak       Min:  0.0, Avg:  0.0, Max:  0.0, Diff:  0.0, Sum:  0.1, Workers: 4
[12.102s][debug][gc,phases      ] GC(7)     Dead                           Min: 0, Avg:  0.0, Max: 0, Diff: 0, Sum: 0, Workers: 4
[12.102s][debug][gc,phases      ] GC(7)     Total                          Min: 1756, Avg: 1814.5, Max: 1920, Diff: 164, Sum: 7258, Workers: 4
[12.102s][debug][gc,phases      ] GC(7)   JNI Weak                       Min:  0.0, Avg:  0.0, Max:  0.0, Diff:  0.0, Sum:  0.0, Workers: 4
[12.102s][debug][gc,phases      ] GC(7)     Dead                           Min: 0, Avg:  0.0, Max: 0, Diff: 0, Sum: 0, Workers: 4
[12.102s][debug][gc,phases      ] GC(7)     Total                          Min: 0, Avg: 14.5, Max: 49, Diff: 49, Sum: 58, Workers: 4
[12.102s][debug][gc,phases      ] GC(7)   StringDedup Table Weak         Min:  0.0, Avg:  0.0, Max:  0.0, Diff:  0.0, Sum:  0.0, Workers: 4
[12.102s][debug][gc,phases      ] GC(7)     Dead                           Min: 0, Avg:  0.0, Max: 0, Diff: 0, Sum: 0, Workers: 4
[12.102s][debug][gc,phases      ] GC(7)     Total                          Min: 0, Avg:  0.0, Max: 0, Diff: 0, Sum: 0, Workers: 4
[12.102s][debug][gc,phases      ] GC(7)   StringDedup Requests0 Weak     Min:  0.0, Avg:  0.0, Max:  0.0, Diff:  0.0, Sum:  0.0, Workers: 4
[12.102s][debug][gc,phases      ] GC(7)     Dead                           Min: 0, Avg:  0.0, Max: 0, Diff: 0, Sum: 0, Workers: 4
[12.102s][debug][gc,phases      ] GC(7)     Total                          Min: 0, Avg:  0.0, Max: 0, Diff: 0, Sum: 0, Workers: 4
[12.102s][debug][gc,phases      ] GC(7)   StringDedup Requests1 Weak     Min:  0.0, Avg:  0.0, Max:  0.0, Diff:  0.0, Sum:  0.0, Workers: 4
[12.102s][debug][gc,phases      ] GC(7)     Dead                           Min: 0, Avg:  0.0, Max: 0, Diff: 0, Sum: 0, Workers: 4
[12.102s][debug][gc,phases      ] GC(7)     Total                          Min: 0, Avg:  0.0, Max: 0, Diff: 0, Sum: 0, Workers: 4
[12.102s][debug][gc,phases      ] GC(7)   Weak JFR Old Object Samples    Min:  0.0, Avg:  0.0, Max:  0.0, Diff:  0.0, Sum:  0.0, Workers: 4
[12.102s][debug][gc,phases      ] GC(7)     Dead                           Min: 0, Avg:  0.0, Max: 0, Diff: 0, Sum: 0, Workers: 4
[12.102s][debug][gc,phases      ] GC(7)     Total                          Min: 0, Avg:  0.0, Max: 0, Diff: 0, Sum: 0, Workers: 4
[12.102s][debug][gc,phases      ] GC(7) Weak Processing 0.301ms
[12.102s][debug][gc,phases      ] GC(7) ClassLoaderData 0.070ms
[12.102s][debug][gc,phases      ] GC(7) Trigger cleanups 0.000ms
[12.111s][debug][gc,phases      ] GC(7) Class Unloading 8.609ms
[12.111s][info ][gc,phases      ] GC(7) Marking Phase 235.087ms
[12.111s][info ][gc,phases,start] GC(7) Summary Phase
[12.111s][info ][gc,phases      ] GC(7) Summary Phase 0.011ms
[12.111s][info ][gc,phases,start] GC(7) Adjust Roots
[12.122s][info ][gc,phases      ] GC(7) Adjust Roots 11.151ms
[12.122s][info ][gc,phases,start] GC(7) Compaction Phase
[12.877s][info ][gc,phases      ] GC(7) Compaction Phase 755.149ms
[12.877s][info ][gc,phases,start] GC(7) Post Compact
[12.880s][info ][gc,phases      ] GC(7) Post Compact 2.443ms
[12.880s][info ][gc,heap        ] GC(7) PSYoungGen: 524287K(1572864K)->520096K(1572864K) Eden: 0K(1048576K)->0K(1048576K) From: 524287K(524288K)->520096K(524288K)
[12.880s][info ][gc,heap        ] GC(7) ParOldGen: 63894K(64000K)->63807K(144384K)
[12.880s][info ][gc,metaspace   ] GC(7) Metaspace: 68562K(69376K)->68562K(69376K) NonClass: 58531K(58944K)->58531K(58944K) Class: 10030K(10432K)->10030K(10432K)
[12.880s][info ][gc             ] GC(7) Pause Full (Ergonomics) 574M->570M(1677M) 1004.087ms
[12.880s][info ][gc,cpu         ] GC(7) User=3.86s Sys=0.02s Real=1.01s
[12.880s][info ][safepoint      ] Safepoint "ParallelGCFailedAllocation", Time since last: 327995632 ns, Reaching safepoint: 134400 ns, At safepoint: 1300403196 ns, Total: 1300537596 ns
[13.283s][info ][safepoint      ] Safepoint "ICBufferFull", Time since last: 402855945 ns, Reaching safepoint: 208400 ns, At safepoint: 9900 ns, Total: 218300 ns
[14.016s][info ][safepoint      ] Safepoint "ICBufferFull", Time since last: 732550282 ns, Reaching safepoint: 212801 ns, At safepoint: 4200 ns, Total: 217001 ns
[14.265s][info ][safepoint      ] Safepoint "ICBufferFull", Time since last: 249204408 ns, Reaching safepoint: 237300 ns, At safepoint: 10601 ns, Total: 247901 ns
[14.415s][info ][gc,start       ] GC(8) Pause Young (Allocation Failure)
[14.514s][debug][gc,phases      ] GC(8) Scavenge 99.011ms
[14.514s][debug][gc,ref         ] GC(8) Skipped phase 1 of Reference Processing: no references
[14.515s][debug][gc,ref         ] GC(8) ReferenceProcessor::execute queues: 4, RefProcThreadModel::Multi, marks_oops_alive: false
[14.515s][debug][gc,ref         ] GC(8) Skipped phase 3 of Reference Processing: no references
[14.515s][debug][gc,ref         ] GC(8) ReferenceProcessor::execute queues: 1, RefProcThreadModel::Single, marks_oops_alive: false
[14.515s][debug][gc,phases      ] GC(8) Reference Processing 0.536ms
[14.515s][debug][gc,phases      ] GC(8)   VM Weak                        Min:  0.0, Avg:  0.0, Max:  0.0, Diff:  0.0, Sum:  0.0, Workers: 4
[14.515s][debug][gc,phases      ] GC(8)     Dead                           Min: 0, Avg:  0.0, Max: 0, Diff: 0, Sum: 0, Workers: 4
[14.515s][debug][gc,phases      ] GC(8)     Total                          Min: 2, Avg: 160.5, Max: 384, Diff: 382, Sum: 642, Workers: 4
[14.515s][debug][gc,phases      ] GC(8)   ObjectSynchronizer Weak        Min:  0.0, Avg:  0.0, Max:  0.0, Diff:  0.0, Sum:  0.0, Workers: 4
[14.515s][debug][gc,phases      ] GC(8)     Dead                           Min: 0, Avg:  0.0, Max: 0, Diff: 0, Sum: 0, Workers: 4
[14.515s][debug][gc,phases      ] GC(8)     Total                          Min: 0, Avg:  9.2, Max: 37, Diff: 37, Sum: 37, Workers: 4
[14.515s][debug][gc,phases      ] GC(8)   JVMTI Tag Weak OopStorage      Min:  0.0, Avg:  0.0, Max:  0.0, Diff:  0.0, Sum:  0.0, Workers: 4
[14.515s][debug][gc,phases      ] GC(8)     Dead                           Min: 0, Avg:  0.0, Max: 0, Diff: 0, Sum: 0, Workers: 4
[14.515s][debug][gc,phases      ] GC(8)     Total                          Min: 0, Avg:  0.0, Max: 0, Diff: 0, Sum: 0, Workers: 4
[14.515s][debug][gc,phases      ] GC(8)   StringTable Weak               Min:  0.3, Avg:  0.3, Max:  0.3, Diff:  0.0, Sum:  1.0, Workers: 4
[14.515s][debug][gc,phases      ] GC(8)     Dead                           Min: 0, Avg:  0.8, Max: 2, Diff: 2, Sum: 3, Workers: 4
[14.515s][debug][gc,phases      ] GC(8)     Total                          Min: 9932, Avg: 10019.0, Max: 10176, Diff: 244, Sum: 40076, Workers: 4
[14.515s][debug][gc,phases      ] GC(8)   ResolvedMethodTable Weak       Min:  0.1, Avg:  0.1, Max:  0.1, Diff:  0.0, Sum:  0.2, Workers: 4
[14.515s][debug][gc,phases      ] GC(8)     Dead                           Min: 0, Avg:  7.0, Max: 14, Diff: 14, Sum: 28, Workers: 4
[14.515s][debug][gc,phases      ] GC(8)     Total                          Min: 1728, Avg: 1855.0, Max: 1984, Diff: 256, Sum: 7420, Workers: 4
[14.515s][debug][gc,phases      ] GC(8)   JNI Weak                       Min:  0.0, Avg:  0.0, Max:  0.0, Diff:  0.0, Sum:  0.0, Workers: 4
[14.515s][debug][gc,phases      ] GC(8)     Dead                           Min: 0, Avg:  0.0, Max: 0, Diff: 0, Sum: 0, Workers: 4
[14.515s][debug][gc,phases      ] GC(8)     Total                          Min: 0, Avg: 14.0, Max: 56, Diff: 56, Sum: 56, Workers: 4
[14.515s][debug][gc,phases      ] GC(8)   StringDedup Table Weak         Min:  0.0, Avg:  0.0, Max:  0.0, Diff:  0.0, Sum:  0.0, Workers: 4
[14.515s][debug][gc,phases      ] GC(8)     Dead                           Min: 0, Avg:  0.0, Max: 0, Diff: 0, Sum: 0, Workers: 4
[14.515s][debug][gc,phases      ] GC(8)     Total                          Min: 0, Avg:  0.0, Max: 0, Diff: 0, Sum: 0, Workers: 4
[14.515s][debug][gc,phases      ] GC(8)   StringDedup Requests0 Weak     Min:  0.0, Avg:  0.0, Max:  0.0, Diff:  0.0, Sum:  0.0, Workers: 4
[14.515s][debug][gc,phases      ] GC(8)     Dead                           Min: 0, Avg:  0.0, Max: 0, Diff: 0, Sum: 0, Workers: 4
[14.515s][debug][gc,phases      ] GC(8)     Total                          Min: 0, Avg:  0.0, Max: 0, Diff: 0, Sum: 0, Workers: 4
[14.515s][debug][gc,phases      ] GC(8)   StringDedup Requests1 Weak     Min:  0.0, Avg:  0.0, Max:  0.0, Diff:  0.0, Sum:  0.0, Workers: 4
[14.515s][debug][gc,phases      ] GC(8)     Dead                           Min: 0, Avg:  0.0, Max: 0, Diff: 0, Sum: 0, Workers: 4
[14.515s][debug][gc,phases      ] GC(8)     Total                          Min: 0, Avg:  0.0, Max: 0, Diff: 0, Sum: 0, Workers: 4
[14.515s][debug][gc,phases      ] GC(8)   Weak JFR Old Object Samples    Min:  0.0, Avg:  0.0, Max:  0.0, Diff:  0.0, Sum:  0.0, Workers: 4
[14.515s][debug][gc,phases      ] GC(8)     Dead                           Min: 0, Avg:  0.0, Max: 0, Diff: 0, Sum: 0, Workers: 4
[14.515s][debug][gc,phases      ] GC(8)     Total                          Min: 0, Avg:  0.0, Max: 0, Diff: 0, Sum: 0, Workers: 4
[14.515s][debug][gc,phases      ] GC(8) Weak Processing 0.455ms
[14.515s][debug][gc,age         ] GC(8) Desired survivor size 536870912 bytes, new threshold 7 (max threshold 15)
[14.515s][info ][gc,heap        ] GC(8) PSYoungGen: 1568672K(1572864K)->235065K(1572864K) Eden: 1048576K(1048576K)->0K(1048576K) From: 520096K(524288K)->235065K(524288K)
[14.515s][info ][gc,heap        ] GC(8) ParOldGen: 63807K(144384K)->63815K(144384K)
[14.515s][info ][gc,metaspace   ] GC(8) Metaspace: 69433K(70272K)->69433K(70272K) NonClass: 59286K(59712K)->59286K(59712K) Class: 10146K(10560K)->10146K(10560K)
[14.515s][info ][gc             ] GC(8) Pause Young (Allocation Failure) 1594M->291M(1677M) 100.114ms
[14.515s][info ][gc,cpu         ] GC(8) User=0.30s Sys=0.09s Real=0.10s
[14.515s][info ][safepoint      ] Safepoint "ParallelGCFailedAllocation", Time since last: 150043226 ns, Reaching safepoint: 137800 ns, At safepoint: 100185885 ns, Total: 100323685 ns
[14.667s][info ][safepoint      ] Safepoint "ICBufferFull", Time since last: 151339130 ns, Reaching safepoint: 171201 ns, At safepoint: 10300 ns, Total: 181501 ns
[14.873s][info ][safepoint      ] Safepoint "ICBufferFull", Time since last: 206181286 ns, Reaching safepoint: 217000 ns, At safepoint: 8500 ns, Total: 225500 ns
[15.206s][info ][safepoint      ] Safepoint "ICBufferFull", Time since last: 332673646 ns, Reaching safepoint: 156400 ns, At safepoint: 9500 ns, Total: 165900 ns
[15.819s][info ][safepoint      ] Safepoint "ICBufferFull", Time since last: 612802691 ns, Reaching safepoint: 251501 ns, At safepoint: 9500 ns, Total: 261001 ns
[16.820s][info ][safepoint      ] Safepoint "Cleanup", Time since last: 1000094658 ns, Reaching safepoint: 188001 ns, At safepoint: 5000 ns, Total: 193001 ns
[17.820s][info ][safepoint      ] Safepoint "Cleanup", Time since last: 1000106958 ns, Reaching safepoint: 133700 ns, At safepoint: 5100 ns, Total: 138800 ns
[18.325s][info ][safepoint      ] Safepoint "ICBufferFull", Time since last: 504804693 ns, Reaching safepoint: 179401 ns, At safepoint: 5600 ns, Total: 185001 ns
[18.414s][info ][safepoint      ] Safepoint "ICBufferFull", Time since last: 89122464 ns, Reaching safepoint: 286000 ns, At safepoint: 13300 ns, Total: 299300 ns
[18.503s][info ][safepoint      ] Safepoint "ICBufferFull", Time since last: 88912863 ns, Reaching safepoint: 165701 ns, At safepoint: 4500 ns, Total: 170201 ns
[19.032s][info ][gc,start       ] GC(9) Pause Young (Allocation Failure)
[19.174s][debug][gc,phases      ] GC(9) Scavenge 141.494ms
[19.174s][debug][gc,ref         ] GC(9) Skipped phase 1 of Reference Processing: no references
[19.174s][debug][gc,ref         ] GC(9) ReferenceProcessor::execute queues: 4, RefProcThreadModel::Multi, marks_oops_alive: false
[19.174s][debug][gc,ref         ] GC(9) Skipped phase 3 of Reference Processing: no references
[19.174s][debug][gc,ref         ] GC(9) ReferenceProcessor::execute queues: 1, RefProcThreadModel::Single, marks_oops_alive: false
[19.174s][debug][gc,phases      ] GC(9) Reference Processing 0.534ms
[19.175s][debug][gc,phases      ] GC(9)   VM Weak                        Min:  0.0, Avg:  0.0, Max:  0.0, Diff:  0.0, Sum:  0.0, Workers: 4
[19.175s][debug][gc,phases      ] GC(9)     Dead                           Min: 0, Avg:  0.0, Max: 0, Diff: 0, Sum: 0, Workers: 4
[19.175s][debug][gc,phases      ] GC(9)     Total                          Min: 0, Avg: 167.0, Max: 348, Diff: 348, Sum: 668, Workers: 4
[19.175s][debug][gc,phases      ] GC(9)   ObjectSynchronizer Weak        Min:  0.0, Avg:  0.0, Max:  0.0, Diff:  0.0, Sum:  0.0, Workers: 4
[19.175s][debug][gc,phases      ] GC(9)     Dead                           Min: 0, Avg:  0.5, Max: 2, Diff: 2, Sum: 2, Workers: 4
[19.175s][debug][gc,phases      ] GC(9)     Total                          Min: 0, Avg: 10.2, Max: 41, Diff: 41, Sum: 41, Workers: 4
[19.175s][debug][gc,phases      ] GC(9)   JVMTI Tag Weak OopStorage      Min:  0.0, Avg:  0.0, Max:  0.0, Diff:  0.0, Sum:  0.0, Workers: 4
[19.175s][debug][gc,phases      ] GC(9)     Dead                           Min: 0, Avg:  0.0, Max: 0, Diff: 0, Sum: 0, Workers: 4
[19.175s][debug][gc,phases      ] GC(9)     Total                          Min: 0, Avg:  0.0, Max: 0, Diff: 0, Sum: 0, Workers: 4
[19.175s][debug][gc,phases      ] GC(9)   StringTable Weak               Min:  0.0, Avg:  0.2, Max:  0.3, Diff:  0.3, Sum:  0.9, Workers: 4
[19.175s][debug][gc,phases      ] GC(9)     Dead                           Min: 0, Avg:  2.2, Max: 7, Diff: 7, Sum: 9, Workers: 4
[19.175s][debug][gc,phases      ] GC(9)     Total                          Min: 0, Avg: 10317.2, Max: 17280, Diff: 17280, Sum: 41269, Workers: 4
[19.175s][debug][gc,phases      ] GC(9)   ResolvedMethodTable Weak       Min:  0.0, Avg:  0.1, Max:  0.1, Diff:  0.1, Sum:  0.2, Workers: 4
[19.175s][debug][gc,phases      ] GC(9)     Dead                           Min: 0, Avg: 37.8, Max: 78, Diff: 78, Sum: 151, Workers: 4
[19.175s][debug][gc,phases      ] GC(9)     Total                          Min: 0, Avg: 2030.8, Max: 3581, Diff: 3581, Sum: 8123, Workers: 4
[19.175s][debug][gc,phases      ] GC(9)   JNI Weak                       Min:  0.0, Avg:  0.0, Max:  0.0, Diff:  0.0, Sum:  0.0, Workers: 4
[19.175s][debug][gc,phases      ] GC(9)     Dead                           Min: 0, Avg:  0.0, Max: 0, Diff: 0, Sum: 0, Workers: 4
[19.175s][debug][gc,phases      ] GC(9)     Total                          Min: 0, Avg: 23.2, Max: 54, Diff: 54, Sum: 93, Workers: 4
[19.175s][debug][gc,phases      ] GC(9)   StringDedup Table Weak         Min:  0.0, Avg:  0.0, Max:  0.0, Diff:  0.0, Sum:  0.0, Workers: 4
[19.175s][debug][gc,phases      ] GC(9)     Dead                           Min: 0, Avg:  0.0, Max: 0, Diff: 0, Sum: 0, Workers: 4
[19.175s][debug][gc,phases      ] GC(9)     Total                          Min: 0, Avg:  0.0, Max: 0, Diff: 0, Sum: 0, Workers: 4
[19.175s][debug][gc,phases      ] GC(9)   StringDedup Requests0 Weak     Min:  0.0, Avg:  0.0, Max:  0.0, Diff:  0.0, Sum:  0.0, Workers: 4
[19.175s][debug][gc,phases      ] GC(9)     Dead                           Min: 0, Avg:  0.0, Max: 0, Diff: 0, Sum: 0, Workers: 4
[19.175s][debug][gc,phases      ] GC(9)     Total                          Min: 0, Avg:  0.0, Max: 0, Diff: 0, Sum: 0, Workers: 4
[19.175s][debug][gc,phases      ] GC(9)   StringDedup Requests1 Weak     Min:  0.0, Avg:  0.0, Max:  0.0, Diff:  0.0, Sum:  0.0, Workers: 4
[19.175s][debug][gc,phases      ] GC(9)     Dead                           Min: 0, Avg:  0.0, Max: 0, Diff: 0, Sum: 0, Workers: 4
[19.175s][debug][gc,phases      ] GC(9)     Total                          Min: 0, Avg:  0.0, Max: 0, Diff: 0, Sum: 0, Workers: 4
[19.175s][debug][gc,phases      ] GC(9)   Weak JFR Old Object Samples    Min:  0.0, Avg:  0.0, Max:  0.0, Diff:  0.0, Sum:  0.0, Workers: 4
[19.175s][debug][gc,phases      ] GC(9)     Dead                           Min: 0, Avg:  0.0, Max: 0, Diff: 0, Sum: 0, Workers: 4
[19.175s][debug][gc,phases      ] GC(9)     Total                          Min: 0, Avg:  0.0, Max: 0, Diff: 0, Sum: 0, Workers: 4
[19.175s][debug][gc,phases      ] GC(9) Weak Processing 0.515ms
[19.175s][debug][gc,age         ] GC(9) Desired survivor size 536870912 bytes, new threshold 6 (max threshold 15)
[19.175s][info ][gc,heap        ] GC(9) PSYoungGen: 1283641K(1572864K)->404449K(1572864K) Eden: 1048576K(1048576K)->0K(1048576K) From: 235065K(524288K)->404449K(524288K)
[19.175s][info ][gc,heap        ] GC(9) ParOldGen: 63815K(144384K)->63823K(144384K)
[19.175s][info ][gc,metaspace   ] GC(9) Metaspace: 74353K(75264K)->74353K(75264K) NonClass: 63502K(64000K)->63502K(64000K) Class: 10851K(11264K)->10851K(11264K)
[19.175s][info ][gc             ] GC(9) Pause Young (Allocation Failure) 1315M->457M(1677M) 142.673ms
[19.175s][info ][gc,cpu         ] GC(9) User=0.57s Sys=0.00s Real=0.14s
[19.175s][info ][safepoint      ] Safepoint "ParallelGCFailedAllocation", Time since last: 528653264 ns, Reaching safepoint: 175400 ns, At safepoint: 142740022 ns, Total: 142915422 ns
[19.777s][info ][safepoint      ] Safepoint "ICBufferFull", Time since last: 602210182 ns, Reaching safepoint: 165600 ns, At safepoint: 8500 ns, Total: 174100 ns
[19.893s][info ][safepoint      ] Safepoint "ICBufferFull", Time since last: 115746143 ns, Reaching safepoint: 176400 ns, At safepoint: 7400 ns, Total: 183800 ns
[20.040s][info ][safepoint      ] Safepoint "ICBufferFull", Time since last: 146143532 ns, Reaching safepoint: 258201 ns, At safepoint: 7200 ns, Total: 265401 ns
[20.171s][info ][safepoint      ] Safepoint "ICBufferFull", Time since last: 131362889 ns, Reaching safepoint: 196800 ns, At safepoint: 3100 ns, Total: 199900 ns
[20.382s][info ][safepoint      ] Safepoint "ICBufferFull", Time since last: 210487623 ns, Reaching safepoint: 271701 ns, At safepoint: 4500 ns, Total: 276201 ns
[20.672s][info ][safepoint      ] Safepoint "ICBufferFull", Time since last: 289980557 ns, Reaching safepoint: 257301 ns, At safepoint: 6900 ns, Total: 264201 ns
[20.926s][info ][safepoint      ] Safepoint "ICBufferFull", Time since last: 253712751 ns, Reaching safepoint: 172300 ns, At safepoint: 4100 ns, Total: 176400 ns
[21.163s][info ][safepoint      ] Safepoint "ICBufferFull", Time since last: 236579800 ns, Reaching safepoint: 207001 ns, At safepoint: 21300 ns, Total: 228301 ns
[21.394s][info ][safepoint      ] Safepoint "ICBufferFull", Time since last: 230843382 ns, Reaching safepoint: 165301 ns, At safepoint: 2600 ns, Total: 167901 ns
[21.496s][info ][gc,start       ] GC(10) Pause Young (Allocation Failure)
[21.607s][debug][gc,phases      ] GC(10) Scavenge 110.988ms
[21.607s][debug][gc,ref         ] GC(10) Skipped phase 1 of Reference Processing: no references
[21.607s][debug][gc,ref         ] GC(10) ReferenceProcessor::execute queues: 4, RefProcThreadModel::Multi, marks_oops_alive: false
[21.607s][debug][gc,ref         ] GC(10) Skipped phase 3 of Reference Processing: no references
[21.607s][debug][gc,ref         ] GC(10) ReferenceProcessor::execute queues: 1, RefProcThreadModel::Single, marks_oops_alive: false
[21.607s][debug][gc,phases      ] GC(10) Reference Processing 0.615ms
[21.608s][debug][gc,phases      ] GC(10)   VM Weak                        Min:  0.0, Avg:  0.0, Max:  0.0, Diff:  0.0, Sum:  0.0, Workers: 4
[21.608s][debug][gc,phases      ] GC(10)     Dead                           Min: 0, Avg:  0.0, Max: 0, Diff: 0, Sum: 0, Workers: 4
[21.608s][debug][gc,phases      ] GC(10)     Total                          Min: 64, Avg: 200.2, Max: 384, Diff: 320, Sum: 801, Workers: 4
[21.608s][debug][gc,phases      ] GC(10)   ObjectSynchronizer Weak        Min:  0.0, Avg:  0.0, Max:  0.0, Diff:  0.0, Sum:  0.0, Workers: 4
[21.608s][debug][gc,phases      ] GC(10)     Dead                           Min: 0, Avg:  0.0, Max: 0, Diff: 0, Sum: 0, Workers: 4
[21.608s][debug][gc,phases      ] GC(10)     Total                          Min: 0, Avg: 10.2, Max: 41, Diff: 41, Sum: 41, Workers: 4
[21.608s][debug][gc,phases      ] GC(10)   JVMTI Tag Weak OopStorage      Min:  0.0, Avg:  0.0, Max:  0.0, Diff:  0.0, Sum:  0.0, Workers: 4
[21.608s][debug][gc,phases      ] GC(10)     Dead                           Min: 0, Avg:  0.0, Max: 0, Diff: 0, Sum: 0, Workers: 4
[21.608s][debug][gc,phases      ] GC(10)     Total                          Min: 0, Avg:  0.0, Max: 0, Diff: 0, Sum: 0, Workers: 4
[21.608s][debug][gc,phases      ] GC(10)   StringTable Weak               Min:  0.3, Avg:  0.3, Max:  0.3, Diff:  0.0, Sum:  1.1, Workers: 4
[21.608s][debug][gc,phases      ] GC(10)     Dead                           Min: 0, Avg:  2.2, Max: 6, Diff: 6, Sum: 9, Workers: 4
[21.608s][debug][gc,phases      ] GC(10)     Total                          Min: 9792, Avg: 10496.2, Max: 11136, Diff: 1344, Sum: 41985, Workers: 4
[21.608s][debug][gc,phases      ] GC(10)   ResolvedMethodTable Weak       Min:  0.1, Avg:  0.1, Max:  0.1, Diff:  0.0, Sum:  0.3, Workers: 4
[21.608s][debug][gc,phases      ] GC(10)     Dead                           Min: 1, Avg: 14.2, Max: 40, Diff: 39, Sum: 57, Workers: 4
[21.608s][debug][gc,phases      ] GC(10)     Total                          Min: 2079, Avg: 2231.8, Max: 2432, Diff: 353, Sum: 8927, Workers: 4
[21.608s][debug][gc,phases      ] GC(10)   JNI Weak                       Min:  0.0, Avg:  0.0, Max:  0.0, Diff:  0.0, Sum:  0.0, Workers: 4
[21.608s][debug][gc,phases      ] GC(10)     Dead                           Min: 0, Avg:  0.0, Max: 0, Diff: 0, Sum: 0, Workers: 4
[21.608s][debug][gc,phases      ] GC(10)     Total                          Min: 0, Avg: 43.8, Max: 115, Diff: 115, Sum: 175, Workers: 4
[21.608s][debug][gc,phases      ] GC(10)   StringDedup Table Weak         Min:  0.0, Avg:  0.0, Max:  0.0, Diff:  0.0, Sum:  0.0, Workers: 4
[21.608s][debug][gc,phases      ] GC(10)     Dead                           Min: 0, Avg:  0.0, Max: 0, Diff: 0, Sum: 0, Workers: 4
[21.608s][debug][gc,phases      ] GC(10)     Total                          Min: 0, Avg:  0.0, Max: 0, Diff: 0, Sum: 0, Workers: 4
[21.608s][debug][gc,phases      ] GC(10)   StringDedup Requests0 Weak     Min:  0.0, Avg:  0.0, Max:  0.0, Diff:  0.0, Sum:  0.0, Workers: 4
[21.608s][debug][gc,phases      ] GC(10)     Dead                           Min: 0, Avg:  0.0, Max: 0, Diff: 0, Sum: 0, Workers: 4
[21.608s][debug][gc,phases      ] GC(10)     Total                          Min: 0, Avg:  0.0, Max: 0, Diff: 0, Sum: 0, Workers: 4
[21.608s][debug][gc,phases      ] GC(10)   StringDedup Requests1 Weak     Min:  0.0, Avg:  0.0, Max:  0.0, Diff:  0.0, Sum:  0.0, Workers: 4
[21.608s][debug][gc,phases      ] GC(10)     Dead                           Min: 0, Avg:  0.0, Max: 0, Diff: 0, Sum: 0, Workers: 4
[21.608s][debug][gc,phases      ] GC(10)     Total                          Min: 0, Avg:  0.0, Max: 0, Diff: 0, Sum: 0, Workers: 4
[21.608s][debug][gc,phases      ] GC(10)   Weak JFR Old Object Samples    Min:  0.0, Avg:  0.0, Max:  0.0, Diff:  0.0, Sum:  0.0, Workers: 4
[21.608s][debug][gc,phases      ] GC(10)     Dead                           Min: 0, Avg:  0.0, Max: 0, Diff: 0, Sum: 0, Workers: 4
[21.608s][debug][gc,phases      ] GC(10)     Total                          Min: 0, Avg:  0.0, Max: 0, Diff: 0, Sum: 0, Workers: 4
[21.608s][debug][gc,phases      ] GC(10) Weak Processing 0.507ms
[21.608s][debug][gc,age         ] GC(10) Desired survivor size 536870912 bytes, new threshold 5 (max threshold 15)
[21.608s][info ][gc,heap        ] GC(10) PSYoungGen: 1453025K(1572864K)->307995K(1572864K) Eden: 1048576K(1048576K)->0K(1048576K) From: 404449K(524288K)->307995K(524288K)
[21.608s][info ][gc,heap        ] GC(10) ParOldGen: 63823K(144384K)->63831K(144384K)
[21.608s][info ][gc,metaspace   ] GC(10) Metaspace: 77525K(78528K)->77525K(78528K) NonClass: 66218K(66752K)->66218K(66752K) Class: 11306K(11776K)->11306K(11776K)
[21.608s][info ][gc             ] GC(10) Pause Young (Allocation Failure) 1481M->363M(1677M) 112.230ms
[21.608s][info ][gc,cpu         ] GC(10) User=0.43s Sys=0.00s Real=0.11s
[21.608s][info ][safepoint      ] Safepoint "ParallelGCFailedAllocation", Time since last: 101546800 ns, Reaching safepoint: 117801 ns, At safepoint: 112309632 ns, Total: 112427433 ns
[22.029s][info ][safepoint      ] Safepoint "ICBufferFull", Time since last: 420511644 ns, Reaching safepoint: 158100 ns, At safepoint: 4400 ns, Total: 162500 ns
[22.264s][info ][safepoint      ] Safepoint "ICBufferFull", Time since last: 235403996 ns, Reaching safepoint: 231501 ns, At safepoint: 8200 ns, Total: 239701 ns
[22.823s][info ][safepoint      ] Safepoint "ICBufferFull", Time since last: 558884053 ns, Reaching safepoint: 181401 ns, At safepoint: 3600 ns, Total: 185001 ns
[23.470s][info ][safepoint      ] Safepoint "ICBufferFull", Time since last: 646740176 ns, Reaching safepoint: 236601 ns, At safepoint: 6900 ns, Total: 243501 ns
[23.872s][info ][gc,start       ] GC(11) Pause Young (Allocation Failure)
[23.997s][debug][gc,phases      ] GC(11) Scavenge 125.321ms
[23.997s][debug][gc,ref         ] GC(11) Skipped phase 1 of Reference Processing: no references
[23.997s][debug][gc,ref         ] GC(11) ReferenceProcessor::execute queues: 4, RefProcThreadModel::Multi, marks_oops_alive: false
[23.998s][debug][gc,ref         ] GC(11) ReferenceProcessor::execute queues: 4, RefProcThreadModel::Multi, marks_oops_alive: true
[23.998s][debug][gc,ref         ] GC(11) ReferenceProcessor::execute queues: 1, RefProcThreadModel::Single, marks_oops_alive: false
[23.998s][debug][gc,phases      ] GC(11) Reference Processing 0.485ms
[23.998s][debug][gc,phases      ] GC(11)   VM Weak                        Min:  0.0, Avg:  0.0, Max:  0.0, Diff:  0.0, Sum:  0.0, Workers: 4
[23.998s][debug][gc,phases      ] GC(11)     Dead                           Min: 0, Avg:  0.0, Max: 0, Diff: 0, Sum: 0, Workers: 4
[23.998s][debug][gc,phases      ] GC(11)     Total                          Min: 64, Avg: 201.0, Max: 420, Diff: 356, Sum: 804, Workers: 4
[23.998s][debug][gc,phases      ] GC(11)   ObjectSynchronizer Weak        Min:  0.0, Avg:  0.0, Max:  0.0, Diff:  0.0, Sum:  0.0, Workers: 4
[23.998s][debug][gc,phases      ] GC(11)     Dead                           Min: 0, Avg:  0.0, Max: 0, Diff: 0, Sum: 0, Workers: 4
[23.998s][debug][gc,phases      ] GC(11)     Total                          Min: 0, Avg: 10.8, Max: 43, Diff: 43, Sum: 43, Workers: 4
[23.998s][debug][gc,phases      ] GC(11)   JVMTI Tag Weak OopStorage      Min:  0.0, Avg:  0.0, Max:  0.0, Diff:  0.0, Sum:  0.0, Workers: 4
[23.998s][debug][gc,phases      ] GC(11)     Dead                           Min: 0, Avg:  0.0, Max: 0, Diff: 0, Sum: 0, Workers: 4
[23.998s][debug][gc,phases      ] GC(11)     Total                          Min: 0, Avg:  0.0, Max: 0, Diff: 0, Sum: 0, Workers: 4
[23.998s][debug][gc,phases      ] GC(11)   StringTable Weak               Min:  0.3, Avg:  0.3, Max:  0.3, Diff:  0.0, Sum:  1.1, Workers: 4
[23.998s][debug][gc,phases      ] GC(11)     Dead                           Min: 0, Avg:  0.2, Max: 1, Diff: 1, Sum: 1, Workers: 4
[23.998s][debug][gc,phases      ] GC(11)     Total                          Min: 9616, Avg: 10516.0, Max: 11072, Diff: 1456, Sum: 42064, Workers: 4
[23.998s][debug][gc,phases      ] GC(11)   ResolvedMethodTable Weak       Min:  0.1, Avg:  0.1, Max:  0.1, Diff:  0.0, Sum:  0.3, Workers: 4
[23.998s][debug][gc,phases      ] GC(11)     Dead                           Min: 0, Avg:  0.0, Max: 0, Diff: 0, Sum: 0, Workers: 4
[23.998s][debug][gc,phases      ] GC(11)     Total                          Min: 1636, Avg: 2162.8, Max: 2489, Diff: 853, Sum: 8651, Workers: 4
[23.998s][debug][gc,phases      ] GC(11)   JNI Weak                       Min:  0.0, Avg:  0.0, Max:  0.0, Diff:  0.0, Sum:  0.0, Workers: 4
[23.998s][debug][gc,phases      ] GC(11)     Dead                           Min: 0, Avg:  0.0, Max: 0, Diff: 0, Sum: 0, Workers: 4
[23.998s][debug][gc,phases      ] GC(11)     Total                          Min: 0, Avg: 18.8, Max: 45, Diff: 45, Sum: 75, Workers: 4
[23.998s][debug][gc,phases      ] GC(11)   StringDedup Table Weak         Min:  0.0, Avg:  0.0, Max:  0.0, Diff:  0.0, Sum:  0.0, Workers: 4
[23.998s][debug][gc,phases      ] GC(11)     Dead                           Min: 0, Avg:  0.0, Max: 0, Diff: 0, Sum: 0, Workers: 4
[23.998s][debug][gc,phases      ] GC(11)     Total                          Min: 0, Avg:  0.0, Max: 0, Diff: 0, Sum: 0, Workers: 4
[23.998s][debug][gc,phases      ] GC(11)   StringDedup Requests0 Weak     Min:  0.0, Avg:  0.0, Max:  0.0, Diff:  0.0, Sum:  0.0, Workers: 4
[23.998s][debug][gc,phases      ] GC(11)     Dead                           Min: 0, Avg:  0.0, Max: 0, Diff: 0, Sum: 0, Workers: 4
[23.998s][debug][gc,phases      ] GC(11)     Total                          Min: 0, Avg:  0.0, Max: 0, Diff: 0, Sum: 0, Workers: 4
[23.998s][debug][gc,phases      ] GC(11)   StringDedup Requests1 Weak     Min:  0.0, Avg:  0.0, Max:  0.0, Diff:  0.0, Sum:  0.0, Workers: 4
[23.998s][debug][gc,phases      ] GC(11)     Dead                           Min: 0, Avg:  0.0, Max: 0, Diff: 0, Sum: 0, Workers: 4
[23.998s][debug][gc,phases      ] GC(11)     Total                          Min: 0, Avg:  0.0, Max: 0, Diff: 0, Sum: 0, Workers: 4
[23.998s][debug][gc,phases      ] GC(11)   Weak JFR Old Object Samples    Min:  0.0, Avg:  0.0, Max:  0.0, Diff:  0.0, Sum:  0.0, Workers: 4
[23.998s][debug][gc,phases      ] GC(11)     Dead                           Min: 0, Avg:  0.0, Max: 0, Diff: 0, Sum: 0, Workers: 4
[23.998s][debug][gc,phases      ] GC(11)     Total                          Min: 0, Avg:  0.0, Max: 0, Diff: 0, Sum: 0, Workers: 4
[23.998s][debug][gc,phases      ] GC(11) Weak Processing 0.506ms
[23.998s][debug][gc,age         ] GC(11) Desired survivor size 536870912 bytes, new threshold 4 (max threshold 15)
[23.998s][info ][gc,heap        ] GC(11) PSYoungGen: 1356571K(1572864K)->318660K(1572864K) Eden: 1048576K(1048576K)->0K(1048576K) From: 307995K(524288K)->318660K(524288K)
[23.998s][info ][gc,heap        ] GC(11) ParOldGen: 63831K(144384K)->143384K(144384K)
[23.998s][info ][gc,metaspace   ] GC(11) Metaspace: 78062K(79040K)->78062K(79040K) NonClass: 66733K(67264K)->66733K(67264K) Class: 11328K(11776K)->11328K(11776K)
[23.998s][info ][gc             ] GC(11) Pause Young (Allocation Failure) 1387M->451M(1677M) 126.434ms
[23.998s][info ][gc,cpu         ] GC(11) User=0.49s Sys=0.00s Real=0.13s
[23.998s][debug][gc,phases      ] GC(12) Pre Compact 0.009ms
[23.998s][info ][gc,start       ] GC(12) Pause Full (Ergonomics)
[23.998s][info ][gc,phases,start] GC(12) Marking Phase
[24.114s][debug][gc,phases      ] GC(12) Par Mark 115.939ms
[24.114s][debug][gc,ref         ] GC(12) Skipped phase 1 of Reference Processing: no references
[24.114s][debug][gc,ref         ] GC(12) ReferenceProcessor::execute queues: 4, RefProcThreadModel::Multi, marks_oops_alive: false
[24.115s][debug][gc,ref         ] GC(12) Skipped phase 3 of Reference Processing: no references
[24.115s][debug][gc,ref         ] GC(12) ReferenceProcessor::execute queues: 1, RefProcThreadModel::Single, marks_oops_alive: false
[24.115s][debug][gc,phases      ] GC(12) Reference Processing 0.305ms
[24.115s][debug][gc,phases      ] GC(12)   VM Weak                        Min:  0.0, Avg:  0.0, Max:  0.0, Diff:  0.0, Sum:  0.0, Workers: 4
[24.115s][debug][gc,phases      ] GC(12)     Dead                           Min: 0, Avg:  0.0, Max: 0, Diff: 0, Sum: 0, Workers: 4
[24.115s][debug][gc,phases      ] GC(12)     Total                          Min: 36, Avg: 201.0, Max: 320, Diff: 284, Sum: 804, Workers: 4
[24.115s][debug][gc,phases      ] GC(12)   ObjectSynchronizer Weak        Min:  0.0, Avg:  0.0, Max:  0.0, Diff:  0.0, Sum:  0.0, Workers: 4
[24.115s][debug][gc,phases      ] GC(12)     Dead                           Min: 0, Avg:  0.0, Max: 0, Diff: 0, Sum: 0, Workers: 4
[24.115s][debug][gc,phases      ] GC(12)     Total                          Min: 0, Avg: 10.8, Max: 43, Diff: 43, Sum: 43, Workers: 4
[24.115s][debug][gc,phases      ] GC(12)   JVMTI Tag Weak OopStorage      Min:  0.0, Avg:  0.0, Max:  0.0, Diff:  0.0, Sum:  0.0, Workers: 4
[24.115s][debug][gc,phases      ] GC(12)     Dead                           Min: 0, Avg:  0.0, Max: 0, Diff: 0, Sum: 0, Workers: 4
[24.115s][debug][gc,phases      ] GC(12)     Total                          Min: 0, Avg:  0.0, Max: 0, Diff: 0, Sum: 0, Workers: 4
[24.115s][debug][gc,phases      ] GC(12)   StringTable Weak               Min:  0.1, Avg:  0.1, Max:  0.1, Diff:  0.0, Sum:  0.6, Workers: 4
[24.115s][debug][gc,phases      ] GC(12)     Dead                           Min: 0, Avg:  0.0, Max: 0, Diff: 0, Sum: 0, Workers: 4
[24.115s][debug][gc,phases      ] GC(12)     Total                          Min: 10304, Avg: 10516.0, Max: 10688, Diff: 384, Sum: 42064, Workers: 4
[24.115s][debug][gc,phases      ] GC(12)   ResolvedMethodTable Weak       Min:  0.0, Avg:  0.0, Max:  0.0, Diff:  0.0, Sum:  0.1, Workers: 4
[24.115s][debug][gc,phases      ] GC(12)     Dead                           Min: 0, Avg:  0.0, Max: 0, Diff: 0, Sum: 0, Workers: 4
[24.115s][debug][gc,phases      ] GC(12)     Total                          Min: 1970, Avg: 2162.8, Max: 2302, Diff: 332, Sum: 8651, Workers: 4
[24.115s][debug][gc,phases      ] GC(12)   JNI Weak                       Min:  0.0, Avg:  0.0, Max:  0.0, Diff:  0.0, Sum:  0.0, Workers: 4
[24.115s][debug][gc,phases      ] GC(12)     Dead                           Min: 0, Avg:  0.0, Max: 0, Diff: 0, Sum: 0, Workers: 4
[24.115s][debug][gc,phases      ] GC(12)     Total                          Min: 0, Avg: 18.8, Max: 45, Diff: 45, Sum: 75, Workers: 4
[24.115s][debug][gc,phases      ] GC(12)   StringDedup Table Weak         Min:  0.0, Avg:  0.0, Max:  0.0, Diff:  0.0, Sum:  0.0, Workers: 4
[24.115s][debug][gc,phases      ] GC(12)     Dead                           Min: 0, Avg:  0.0, Max: 0, Diff: 0, Sum: 0, Workers: 4
[24.115s][debug][gc,phases      ] GC(12)     Total                          Min: 0, Avg:  0.0, Max: 0, Diff: 0, Sum: 0, Workers: 4
[24.115s][debug][gc,phases      ] GC(12)   StringDedup Requests0 Weak     Min:  0.0, Avg:  0.0, Max:  0.0, Diff:  0.0, Sum:  0.0, Workers: 4
[24.115s][debug][gc,phases      ] GC(12)     Dead                           Min: 0, Avg:  0.0, Max: 0, Diff: 0, Sum: 0, Workers: 4
[24.115s][debug][gc,phases      ] GC(12)     Total                          Min: 0, Avg:  0.0, Max: 0, Diff: 0, Sum: 0, Workers: 4
[24.115s][debug][gc,phases      ] GC(12)   StringDedup Requests1 Weak     Min:  0.0, Avg:  0.0, Max:  0.0, Diff:  0.0, Sum:  0.0, Workers: 4
[24.115s][debug][gc,phases      ] GC(12)     Dead                           Min: 0, Avg:  0.0, Max: 0, Diff: 0, Sum: 0, Workers: 4
[24.115s][debug][gc,phases      ] GC(12)     Total                          Min: 0, Avg:  0.0, Max: 0, Diff: 0, Sum: 0, Workers: 4
[24.115s][debug][gc,phases      ] GC(12)   Weak JFR Old Object Samples    Min:  0.0, Avg:  0.0, Max:  0.0, Diff:  0.0, Sum:  0.0, Workers: 4
[24.115s][debug][gc,phases      ] GC(12)     Dead                           Min: 0, Avg:  0.0, Max: 0, Diff: 0, Sum: 0, Workers: 4
[24.115s][debug][gc,phases      ] GC(12)     Total                          Min: 0, Avg:  0.0, Max: 0, Diff: 0, Sum: 0, Workers: 4
[24.115s][debug][gc,phases      ] GC(12) Weak Processing 0.329ms
[24.115s][debug][gc,phases      ] GC(12) ClassLoaderData 0.089ms
[24.115s][debug][gc,phases      ] GC(12) Trigger cleanups 0.000ms
[24.129s][debug][gc,phases      ] GC(12) Class Unloading 13.801ms
[24.129s][info ][gc,phases      ] GC(12) Marking Phase 130.535ms
[24.129s][info ][gc,phases,start] GC(12) Summary Phase
[24.129s][info ][gc,phases      ] GC(12) Summary Phase 0.009ms
[24.129s][info ][gc,phases,start] GC(12) Adjust Roots
[24.145s][info ][gc,phases      ] GC(12) Adjust Roots 15.979ms
[24.145s][info ][gc,phases,start] GC(12) Compaction Phase
[24.535s][info ][gc,phases      ] GC(12) Compaction Phase 390.581ms
[24.535s][info ][gc,phases,start] GC(12) Post Compact
[24.538s][info ][gc,phases      ] GC(12) Post Compact 2.518ms
[24.538s][info ][gc,heap        ] GC(12) PSYoungGen: 318660K(1572864K)->294147K(1572864K) Eden: 0K(1048576K)->0K(1048576K) From: 318660K(524288K)->294147K(524288K)
[24.538s][info ][gc,heap        ] GC(12) ParOldGen: 143384K(144384K)->144157K(255488K)
[24.538s][info ][gc,metaspace   ] GC(12) Metaspace: 78062K(79040K)->78062K(79040K) NonClass: 66733K(67264K)->66733K(67264K) Class: 11328K(11776K)->11328K(11776K)
[24.538s][info ][gc             ] GC(12) Pause Full (Ergonomics) 451M->428M(1785M) 539.888ms
[24.538s][info ][gc,cpu         ] GC(12) User=2.04s Sys=0.01s Real=0.54s
[24.538s][info ][safepoint      ] Safepoint "ParallelGCFailedAllocation", Time since last: 401243218 ns, Reaching safepoint: 234802 ns, At safepoint: 666438314 ns, Total: 666673116 ns
[25.412s][info ][safepoint      ] Safepoint "ICBufferFull", Time since last: 873173114 ns, Reaching safepoint: 185101 ns, At safepoint: 11700 ns, Total: 196801 ns
[25.919s][info ][safepoint      ] Safepoint "ICBufferFull", Time since last: 507523938 ns, Reaching safepoint: 169901 ns, At safepoint: 5100 ns, Total: 175001 ns
[26.638s][info ][gc,start       ] GC(13) Pause Young (Allocation Failure)
[26.727s][debug][gc,phases      ] GC(13) Scavenge 89.271ms
[26.727s][debug][gc,ref         ] GC(13) Skipped phase 1 of Reference Processing: no references
[26.727s][debug][gc,ref         ] GC(13) ReferenceProcessor::execute queues: 2, RefProcThreadModel::Multi, marks_oops_alive: false
[26.727s][debug][gc,ref         ] GC(13) Skipped phase 3 of Reference Processing: no references
[26.727s][debug][gc,ref         ] GC(13) ReferenceProcessor::execute queues: 1, RefProcThreadModel::Single, marks_oops_alive: false
[26.727s][debug][gc,phases      ] GC(13) Reference Processing 0.220ms
[26.727s][debug][gc,phases      ] GC(13)   VM Weak                        Min:  0.0, Avg:  0.0, Max:  0.0, Diff:  0.0, Sum:  0.0, Workers: 4
[26.727s][debug][gc,phases      ] GC(13)     Dead                           Min: 0, Avg:  0.0, Max: 0, Diff: 0, Sum: 0, Workers: 4
[26.727s][debug][gc,phases      ] GC(13)     Total                          Min: 0, Avg: 202.0, Max: 576, Diff: 576, Sum: 808, Workers: 4
[26.727s][debug][gc,phases      ] GC(13)   ObjectSynchronizer Weak        Min:  0.0, Avg:  0.0, Max:  0.0, Diff:  0.0, Sum:  0.0, Workers: 4
[26.727s][debug][gc,phases      ] GC(13)     Dead                           Min: 0, Avg:  0.0, Max: 0, Diff: 0, Sum: 0, Workers: 4
[26.727s][debug][gc,phases      ] GC(13)     Total                          Min: 0, Avg: 10.8, Max: 43, Diff: 43, Sum: 43, Workers: 4
[26.727s][debug][gc,phases      ] GC(13)   JVMTI Tag Weak OopStorage      Min:  0.0, Avg:  0.0, Max:  0.0, Diff:  0.0, Sum:  0.0, Workers: 4
[26.727s][debug][gc,phases      ] GC(13)     Dead                           Min: 0, Avg:  0.0, Max: 0, Diff: 0, Sum: 0, Workers: 4
[26.727s][debug][gc,phases      ] GC(13)     Total                          Min: 0, Avg:  0.0, Max: 0, Diff: 0, Sum: 0, Workers: 4
[26.727s][debug][gc,phases      ] GC(13)   StringTable Weak               Min:  0.0, Avg:  0.1, Max:  0.2, Diff:  0.2, Sum:  0.5, Workers: 4
[26.727s][debug][gc,phases      ] GC(13)     Dead                           Min: 0, Avg:  0.5, Max: 2, Diff: 2, Sum: 2, Workers: 4
[26.727s][debug][gc,phases      ] GC(13)     Total                          Min: 0, Avg: 10534.2, Max: 17600, Diff: 17600, Sum: 42137, Workers: 4
[26.727s][debug][gc,phases      ] GC(13)   ResolvedMethodTable Weak       Min:  0.0, Avg:  0.0, Max:  0.1, Diff:  0.1, Sum:  0.2, Workers: 4
[26.727s][debug][gc,phases      ] GC(13)     Dead                           Min: 0, Avg:  0.0, Max: 0, Diff: 0, Sum: 0, Workers: 4
[26.727s][debug][gc,phases      ] GC(13)     Total                          Min: 0, Avg: 2168.5, Max: 3900, Diff: 3900, Sum: 8674, Workers: 4
[26.727s][debug][gc,phases      ] GC(13)   JNI Weak                       Min:  0.0, Avg:  0.0, Max:  0.0, Diff:  0.0, Sum:  0.0, Workers: 4
[26.727s][debug][gc,phases      ] GC(13)     Dead                           Min: 0, Avg:  0.0, Max: 0, Diff: 0, Sum: 0, Workers: 4
[26.727s][debug][gc,phases      ] GC(13)     Total                          Min: 0, Avg: 17.5, Max: 70, Diff: 70, Sum: 70, Workers: 4
[26.727s][debug][gc,phases      ] GC(13)   StringDedup Table Weak         Min:  0.0, Avg:  0.0, Max:  0.0, Diff:  0.0, Sum:  0.0, Workers: 4
[26.727s][debug][gc,phases      ] GC(13)     Dead                           Min: 0, Avg:  0.0, Max: 0, Diff: 0, Sum: 0, Workers: 4
[26.727s][debug][gc,phases      ] GC(13)     Total                          Min: 0, Avg:  0.0, Max: 0, Diff: 0, Sum: 0, Workers: 4
[26.727s][debug][gc,phases      ] GC(13)   StringDedup Requests0 Weak     Min:  0.0, Avg:  0.0, Max:  0.0, Diff:  0.0, Sum:  0.0, Workers: 4
[26.727s][debug][gc,phases      ] GC(13)     Dead                           Min: 0, Avg:  0.0, Max: 0, Diff: 0, Sum: 0, Workers: 4
[26.727s][debug][gc,phases      ] GC(13)     Total                          Min: 0, Avg:  0.0, Max: 0, Diff: 0, Sum: 0, Workers: 4
[26.727s][debug][gc,phases      ] GC(13)   StringDedup Requests1 Weak     Min:  0.0, Avg:  0.0, Max:  0.0, Diff:  0.0, Sum:  0.0, Workers: 4
[26.727s][debug][gc,phases      ] GC(13)     Dead                           Min: 0, Avg:  0.0, Max: 0, Diff: 0, Sum: 0, Workers: 4
[26.727s][debug][gc,phases      ] GC(13)     Total                          Min: 0, Avg:  0.0, Max: 0, Diff: 0, Sum: 0, Workers: 4
[26.728s][debug][gc,phases      ] GC(13)   Weak JFR Old Object Samples    Min:  0.0, Avg:  0.0, Max:  0.0, Diff:  0.0, Sum:  0.0, Workers: 4
[26.728s][debug][gc,phases      ] GC(13)     Dead                           Min: 0, Avg:  0.0, Max: 0, Diff: 0, Sum: 0, Workers: 4
[26.728s][debug][gc,phases      ] GC(13)     Total                          Min: 0, Avg:  0.0, Max: 0, Diff: 0, Sum: 0, Workers: 4
[26.728s][debug][gc,phases      ] GC(13) Weak Processing 0.399ms
[26.728s][debug][gc,age         ] GC(13) Desired survivor size 535822336 bytes, new threshold 5 (max threshold 15)
[26.728s][info ][gc,heap        ] GC(13) PSYoungGen: 1342723K(1572864K)->179633K(1572864K) Eden: 1048576K(1048576K)->0K(1048576K) From: 294147K(524288K)->179633K(524288K)
[26.728s][info ][gc,heap        ] GC(13) ParOldGen: 144157K(255488K)->264832K(265216K)
[26.728s][info ][gc,metaspace   ] GC(13) Metaspace: 78304K(79296K)->78304K(79296K) NonClass: 66962K(67520K)->66962K(67520K) Class: 11342K(11776K)->11342K(11776K)
[26.728s][info ][gc             ] GC(13) Pause Young (Allocation Failure) 1452M->434M(1795M) 89.999ms
[26.728s][info ][gc,cpu         ] GC(13) User=0.30s Sys=0.05s Real=0.09s
[26.728s][debug][gc,phases      ] GC(14) Pre Compact 0.008ms
[26.728s][info ][gc,start       ] GC(14) Pause Full (Ergonomics)
[26.728s][info ][gc,phases,start] GC(14) Marking Phase
[26.844s][debug][gc,phases      ] GC(14) Par Mark 116.769ms
[26.844s][debug][gc,ref         ] GC(14) Skipped phase 1 of Reference Processing: no references
[26.845s][debug][gc,ref         ] GC(14) ReferenceProcessor::execute queues: 4, RefProcThreadModel::Multi, marks_oops_alive: false
[26.845s][debug][gc,ref         ] GC(14) Skipped phase 3 of Reference Processing: no references
[26.845s][debug][gc,ref         ] GC(14) ReferenceProcessor::execute queues: 1, RefProcThreadModel::Single, marks_oops_alive: false
[26.845s][debug][gc,phases      ] GC(14) Reference Processing 0.579ms
[26.845s][debug][gc,phases      ] GC(14)   VM Weak                        Min:  0.0, Avg:  0.0, Max:  0.0, Diff:  0.0, Sum:  0.0, Workers: 4
[26.845s][debug][gc,phases      ] GC(14)     Dead                           Min: 0, Avg:  0.0, Max: 0, Diff: 0, Sum: 0, Workers: 4
[26.845s][debug][gc,phases      ] GC(14)     Total                          Min: 128, Avg: 202.0, Max: 320, Diff: 192, Sum: 808, Workers: 4
[26.845s][debug][gc,phases      ] GC(14)   ObjectSynchronizer Weak        Min:  0.0, Avg:  0.0, Max:  0.0, Diff:  0.0, Sum:  0.0, Workers: 4
[26.845s][debug][gc,phases      ] GC(14)     Dead                           Min: 0, Avg:  0.0, Max: 0, Diff: 0, Sum: 0, Workers: 4
[26.845s][debug][gc,phases      ] GC(14)     Total                          Min: 0, Avg: 10.8, Max: 43, Diff: 43, Sum: 43, Workers: 4
[26.845s][debug][gc,phases      ] GC(14)   JVMTI Tag Weak OopStorage      Min:  0.0, Avg:  0.0, Max:  0.0, Diff:  0.0, Sum:  0.0, Workers: 4
[26.845s][debug][gc,phases      ] GC(14)     Dead                           Min: 0, Avg:  0.0, Max: 0, Diff: 0, Sum: 0, Workers: 4
[26.845s][debug][gc,phases      ] GC(14)     Total                          Min: 0, Avg:  0.0, Max: 0, Diff: 0, Sum: 0, Workers: 4
[26.845s][debug][gc,phases      ] GC(14)   StringTable Weak               Min:  0.1, Avg:  0.1, Max:  0.1, Diff:  0.0, Sum:  0.6, Workers: 4
[26.845s][debug][gc,phases      ] GC(14)     Dead                           Min: 0, Avg:  0.0, Max: 0, Diff: 0, Sum: 0, Workers: 4
[26.845s][debug][gc,phases      ] GC(14)     Total                          Min: 9664, Avg: 10534.2, Max: 11225, Diff: 1561, Sum: 42137, Workers: 4
[26.845s][debug][gc,phases      ] GC(14)   ResolvedMethodTable Weak       Min:  0.0, Avg:  0.0, Max:  0.0, Diff:  0.0, Sum:  0.1, Workers: 4
[26.845s][debug][gc,phases      ] GC(14)     Dead                           Min: 0, Avg:  0.0, Max: 0, Diff: 0, Sum: 0, Workers: 4
[26.845s][debug][gc,phases      ] GC(14)     Total                          Min: 2106, Avg: 2168.5, Max: 2270, Diff: 164, Sum: 8674, Workers: 4
[26.845s][debug][gc,phases      ] GC(14)   JNI Weak                       Min:  0.0, Avg:  0.0, Max:  0.0, Diff:  0.0, Sum:  0.0, Workers: 4
[26.845s][debug][gc,phases      ] GC(14)     Dead                           Min: 0, Avg:  0.0, Max: 0, Diff: 0, Sum: 0, Workers: 4
[26.845s][debug][gc,phases      ] GC(14)     Total                          Min: 0, Avg: 17.5, Max: 45, Diff: 45, Sum: 70, Workers: 4
[26.845s][debug][gc,phases      ] GC(14)   StringDedup Table Weak         Min:  0.0, Avg:  0.0, Max:  0.0, Diff:  0.0, Sum:  0.0, Workers: 4
[26.845s][debug][gc,phases      ] GC(14)     Dead                           Min: 0, Avg:  0.0, Max: 0, Diff: 0, Sum: 0, Workers: 4
[26.845s][debug][gc,phases      ] GC(14)     Total                          Min: 0, Avg:  0.0, Max: 0, Diff: 0, Sum: 0, Workers: 4
[26.845s][debug][gc,phases      ] GC(14)   StringDedup Requests0 Weak     Min:  0.0, Avg:  0.0, Max:  0.0, Diff:  0.0, Sum:  0.0, Workers: 4
[26.845s][debug][gc,phases      ] GC(14)     Dead                           Min: 0, Avg:  0.0, Max: 0, Diff: 0, Sum: 0, Workers: 4
[26.845s][debug][gc,phases      ] GC(14)     Total                          Min: 0, Avg:  0.0, Max: 0, Diff: 0, Sum: 0, Workers: 4
[26.845s][debug][gc,phases      ] GC(14)   StringDedup Requests1 Weak     Min:  0.0, Avg:  0.0, Max:  0.0, Diff:  0.0, Sum:  0.0, Workers: 4
[26.845s][debug][gc,phases      ] GC(14)     Dead                           Min: 0, Avg:  0.0, Max: 0, Diff: 0, Sum: 0, Workers: 4
[26.845s][debug][gc,phases      ] GC(14)     Total                          Min: 0, Avg:  0.0, Max: 0, Diff: 0, Sum: 0, Workers: 4
[26.845s][debug][gc,phases      ] GC(14)   Weak JFR Old Object Samples    Min:  0.0, Avg:  0.0, Max:  0.0, Diff:  0.0, Sum:  0.0, Workers: 4
[26.845s][debug][gc,phases      ] GC(14)     Dead                           Min: 0, Avg:  0.0, Max: 0, Diff: 0, Sum: 0, Workers: 4
[26.845s][debug][gc,phases      ] GC(14)     Total                          Min: 0, Avg:  0.0, Max: 0, Diff: 0, Sum: 0, Workers: 4
[26.845s][debug][gc,phases      ] GC(14) Weak Processing 0.317ms
[26.845s][debug][gc,phases      ] GC(14) ClassLoaderData 0.099ms
[26.845s][debug][gc,phases      ] GC(14) Trigger cleanups 0.000ms
[26.859s][debug][gc,phases      ] GC(14) Class Unloading 13.339ms
[26.859s][info ][gc,phases      ] GC(14) Marking Phase 131.150ms
[26.859s][info ][gc,phases,start] GC(14) Summary Phase
[26.859s][info ][gc,phases      ] GC(14) Summary Phase 0.009ms
[26.859s][info ][gc,phases,start] GC(14) Adjust Roots
[26.871s][info ][gc,phases      ] GC(14) Adjust Roots 12.403ms
[26.871s][info ][gc,phases,start] GC(14) Compaction Phase
[27.056s][info ][gc,phases      ] GC(14) Compaction Phase 184.390ms
[27.056s][info ][gc,phases,start] GC(14) Post Compact
[27.057s][info ][gc,phases      ] GC(14) Post Compact 1.230ms
[27.057s][info ][gc,heap        ] GC(14) PSYoungGen: 179633K(1572864K)->166843K(1572864K) Eden: 0K(1048576K)->0K(1048576K) From: 179633K(524288K)->166843K(524288K)
[27.057s][info ][gc,heap        ] GC(14) ParOldGen: 264832K(265216K)->265182K(432128K)
[27.057s][info ][gc,metaspace   ] GC(14) Metaspace: 78304K(79296K)->78304K(79296K) NonClass: 66962K(67520K)->66962K(67520K) Class: 11342K(11776K)->11342K(11776K)
[27.057s][info ][gc             ] GC(14) Pause Full (Ergonomics) 434M->421M(1958M) 329.498ms
[27.057s][info ][gc,cpu         ] GC(14) User=1.19s Sys=0.02s Real=0.33s
[27.057s][info ][safepoint      ] Safepoint "ParallelGCFailedAllocation", Time since last: 718101964 ns, Reaching safepoint: 207201 ns, At safepoint: 419799044 ns, Total: 420006245 ns
[28.008s][info ][safepoint      ] Safepoint "ICBufferFull", Time since last: 950674257 ns, Reaching safepoint: 247501 ns, At safepoint: 8800 ns, Total: 256301 ns
[28.574s][info ][safepoint      ] Safepoint "ICBufferFull", Time since last: 565983970 ns, Reaching safepoint: 164401 ns, At safepoint: 4500 ns, Total: 168901 ns
[29.041s][info ][safepoint      ] Safepoint "ICBufferFull", Time since last: 466880112 ns, Reaching safepoint: 165501 ns, At safepoint: 12900 ns, Total: 178401 ns
[29.957s][info ][safepoint      ] Safepoint "ICBufferFull", Time since last: 915594278 ns, Reaching safepoint: 200900 ns, At safepoint: 8000 ns, Total: 208900 ns
[30.618s][info ][safepoint      ] Safepoint "ICBufferFull", Time since last: 660107515 ns, Reaching safepoint: 272501 ns, At safepoint: 10400 ns, Total: 282901 ns
[31.628s][info ][safepoint      ] Safepoint "Cleanup", Time since last: 1009899615 ns, Reaching safepoint: 155900 ns, At safepoint: 4400 ns, Total: 160300 ns
[32.983s][info ][safepoint      ] Safepoint "Cleanup", Time since last: 1355279270 ns, Reaching safepoint: 126301 ns, At safepoint: 4800 ns, Total: 131101 ns
[33.983s][info ][safepoint      ] Safepoint "Cleanup", Time since last: 1000097160 ns, Reaching safepoint: 79801 ns, At safepoint: 7000 ns, Total: 86801 ns
[34.984s][info ][safepoint      ] Safepoint "Cleanup", Time since last: 1000099060 ns, Reaching safepoint: 112901 ns, At safepoint: 6400 ns, Total: 119301 ns
[35.984s][info ][safepoint      ] Safepoint "Cleanup", Time since last: 1000097860 ns, Reaching safepoint: 85801 ns, At safepoint: 2300 ns, Total: 88101 ns
[36.984s][info ][safepoint      ] Safepoint "Cleanup", Time since last: 1000047060 ns, Reaching safepoint: 75900 ns, At safepoint: 2100 ns, Total: 78000 ns
[37.984s][info ][safepoint      ] Safepoint "Cleanup", Time since last: 1000097661 ns, Reaching safepoint: 63400 ns, At safepoint: 2400 ns, Total: 65800 ns
[38.984s][info ][safepoint      ] Safepoint "Cleanup", Time since last: 1000097461 ns, Reaching safepoint: 51900 ns, At safepoint: 2000 ns, Total: 53900 ns
[39.984s][info ][safepoint      ] Safepoint "Cleanup", Time since last: 1000101746 ns, Reaching safepoint: 54800 ns, At safepoint: 3000 ns, Total: 57800 ns
[41.761s][info ][safepoint      ] Safepoint "Cleanup", Time since last: 1776901244 ns, Reaching safepoint: 172701 ns, At safepoint: 6400 ns, Total: 179101 ns
[42.762s][info ][safepoint      ] Safepoint "Cleanup", Time since last: 1000117393 ns, Reaching safepoint: 140600 ns, At safepoint: 3000 ns, Total: 143600 ns
[43.762s][info ][safepoint      ] Safepoint "Cleanup", Time since last: 1000105793 ns, Reaching safepoint: 147900 ns, At safepoint: 6400 ns, Total: 154300 ns
[44.012s][info ][gc,start       ] GC(15) Pause Young (Allocation Failure)
[44.071s][debug][gc,phases      ] GC(15) Scavenge 59.259ms
[44.071s][debug][gc,ref         ] GC(15) Skipped phase 1 of Reference Processing: no references
[44.071s][debug][gc,ref         ] GC(15) ReferenceProcessor::execute queues: 2, RefProcThreadModel::Multi, marks_oops_alive: false
[44.071s][debug][gc,ref         ] GC(15) Skipped phase 3 of Reference Processing: no references
[44.071s][debug][gc,ref         ] GC(15) ReferenceProcessor::execute queues: 1, RefProcThreadModel::Single, marks_oops_alive: false
[44.071s][debug][gc,phases      ] GC(15) Reference Processing 0.222ms
[44.072s][debug][gc,phases      ] GC(15)   VM Weak                        Min:  0.0, Avg:  0.0, Max:  0.0, Diff:  0.0, Sum:  0.0, Workers: 4
[44.072s][debug][gc,phases      ] GC(15)     Dead                           Min: 0, Avg:  0.0, Max: 0, Diff: 0, Sum: 0, Workers: 4
[44.072s][debug][gc,phases      ] GC(15)     Total                          Min: 0, Avg: 203.5, Max: 686, Diff: 686, Sum: 814, Workers: 4
[44.072s][debug][gc,phases      ] GC(15)   ObjectSynchronizer Weak        Min:  0.0, Avg:  0.0, Max:  0.0, Diff:  0.0, Sum:  0.0, Workers: 4
[44.072s][debug][gc,phases      ] GC(15)     Dead                           Min: 0, Avg:  0.0, Max: 0, Diff: 0, Sum: 0, Workers: 4
[44.072s][debug][gc,phases      ] GC(15)     Total                          Min: 0, Avg: 11.0, Max: 44, Diff: 44, Sum: 44, Workers: 4
[44.072s][debug][gc,phases      ] GC(15)   JVMTI Tag Weak OopStorage      Min:  0.0, Avg:  0.0, Max:  0.0, Diff:  0.0, Sum:  0.0, Workers: 4
[44.072s][debug][gc,phases      ] GC(15)     Dead                           Min: 0, Avg:  0.0, Max: 0, Diff: 0, Sum: 0, Workers: 4
[44.072s][debug][gc,phases      ] GC(15)     Total                          Min: 0, Avg:  0.0, Max: 0, Diff: 0, Sum: 0, Workers: 4
[44.072s][debug][gc,phases      ] GC(15)   StringTable Weak               Min:  0.0, Avg:  0.1, Max:  0.1, Diff:  0.1, Sum:  0.4, Workers: 4
[44.072s][debug][gc,phases      ] GC(15)     Dead                           Min: 0, Avg:  0.2, Max: 1, Diff: 1, Sum: 1, Workers: 4
[44.072s][debug][gc,phases      ] GC(15)     Total                          Min: 0, Avg: 10677.5, Max: 17856, Diff: 17856, Sum: 42710, Workers: 4
[44.072s][debug][gc,phases      ] GC(15)   ResolvedMethodTable Weak       Min:  0.0, Avg:  0.0, Max:  0.0, Diff:  0.0, Sum:  0.1, Workers: 4
[44.072s][debug][gc,phases      ] GC(15)     Dead                           Min: 0, Avg:  0.0, Max: 0, Diff: 0, Sum: 0, Workers: 4
[44.072s][debug][gc,phases      ] GC(15)     Total                          Min: 0, Avg: 2192.0, Max: 3567, Diff: 3567, Sum: 8768, Workers: 4
[44.072s][debug][gc,phases      ] GC(15)   JNI Weak                       Min:  0.0, Avg:  0.0, Max:  0.0, Diff:  0.0, Sum:  0.0, Workers: 4
[44.072s][debug][gc,phases      ] GC(15)     Dead                           Min: 0, Avg:  0.0, Max: 0, Diff: 0, Sum: 0, Workers: 4
[44.072s][debug][gc,phases      ] GC(15)     Total                          Min: 0, Avg: 11.2, Max: 45, Diff: 45, Sum: 45, Workers: 4
[44.072s][debug][gc,phases      ] GC(15)   StringDedup Table Weak         Min:  0.0, Avg:  0.0, Max:  0.0, Diff:  0.0, Sum:  0.0, Workers: 4
[44.072s][debug][gc,phases      ] GC(15)     Dead                           Min: 0, Avg:  0.0, Max: 0, Diff: 0, Sum: 0, Workers: 4
[44.072s][debug][gc,phases      ] GC(15)     Total                          Min: 0, Avg:  0.0, Max: 0, Diff: 0, Sum: 0, Workers: 4
[44.072s][debug][gc,phases      ] GC(15)   StringDedup Requests0 Weak     Min:  0.0, Avg:  0.0, Max:  0.0, Diff:  0.0, Sum:  0.0, Workers: 4
[44.072s][debug][gc,phases      ] GC(15)     Dead                           Min: 0, Avg:  0.0, Max: 0, Diff: 0, Sum: 0, Workers: 4
[44.072s][debug][gc,phases      ] GC(15)     Total                          Min: 0, Avg:  0.0, Max: 0, Diff: 0, Sum: 0, Workers: 4
[44.072s][debug][gc,phases      ] GC(15)   StringDedup Requests1 Weak     Min:  0.0, Avg:  0.0, Max:  0.0, Diff:  0.0, Sum:  0.0, Workers: 4
[44.072s][debug][gc,phases      ] GC(15)     Dead                           Min: 0, Avg:  0.0, Max: 0, Diff: 0, Sum: 0, Workers: 4
[44.072s][debug][gc,phases      ] GC(15)     Total                          Min: 0, Avg:  0.0, Max: 0, Diff: 0, Sum: 0, Workers: 4
[44.072s][debug][gc,phases      ] GC(15)   Weak JFR Old Object Samples    Min:  0.0, Avg:  0.0, Max:  0.0, Diff:  0.0, Sum:  0.0, Workers: 4
[44.072s][debug][gc,phases      ] GC(15)     Dead                           Min: 0, Avg:  0.0, Max: 0, Diff: 0, Sum: 0, Workers: 4
[44.072s][debug][gc,phases      ] GC(15)     Total                          Min: 0, Avg:  0.0, Max: 0, Diff: 0, Sum: 0, Workers: 4
[44.072s][debug][gc,phases      ] GC(15) Weak Processing 0.316ms
[44.072s][debug][gc,age         ] GC(15) Desired survivor size 525336576 bytes, new threshold 6 (max threshold 15)
[44.072s][info ][gc,heap        ] GC(15) PSYoungGen: 1215419K(1572864K)->170336K(1584128K) Eden: 1048576K(1048576K)->0K(1060864K) From: 166843K(524288K)->170336K(523264K)
[44.072s][info ][gc,heap        ] GC(15) ParOldGen: 265182K(432128K)->265190K(432128K)
[44.072s][info ][gc,metaspace   ] GC(15) Metaspace: 79087K(80128K)->79087K(80128K) NonClass: 67700K(68288K)->67700K(68288K) Class: 11386K(11840K)->11386K(11840K)
[44.072s][info ][gc             ] GC(15) Pause Young (Allocation Failure) 1445M->425M(1969M) 59.911ms
[44.072s][info ][gc,cpu         ] GC(15) User=0.23s Sys=0.00s Real=0.06s
[44.072s][info ][safepoint      ] Safepoint "ParallelGCFailedAllocation", Time since last: 249768248 ns, Reaching safepoint: 58600 ns, At safepoint: 59977756 ns, Total: 60036356 ns
[45.072s][info ][safepoint      ] Safepoint "Cleanup", Time since last: 1000058392 ns, Reaching safepoint: 63100 ns, At safepoint: 2400 ns, Total: 65500 ns
[46.072s][info ][safepoint      ] Safepoint "Cleanup", Time since last: 1000102593 ns, Reaching safepoint: 79200 ns, At safepoint: 5000 ns, Total: 84200 ns
[47.072s][info ][safepoint      ] Safepoint "Cleanup", Time since last: 1000092393 ns, Reaching safepoint: 131901 ns, At safepoint: 6200 ns, Total: 138101 ns
[48.072s][info ][safepoint      ] Safepoint "Cleanup", Time since last: 1000117687 ns, Reaching safepoint: 87200 ns, At safepoint: 6200 ns, Total: 93400 ns
[49.073s][info ][safepoint      ] Safepoint "Cleanup", Time since last: 1000109184 ns, Reaching safepoint: 60600 ns, At safepoint: 2600 ns, Total: 63200 ns
[50.073s][info ][safepoint      ] Safepoint "Cleanup", Time since last: 1000109183 ns, Reaching safepoint: 75701 ns, At safepoint: 15600 ns, Total: 91301 ns
[51.073s][info ][safepoint      ] Safepoint "Cleanup", Time since last: 1000099083 ns, Reaching safepoint: 72601 ns, At safepoint: 5900 ns, Total: 78501 ns
[52.073s][info ][safepoint      ] Safepoint "Cleanup", Time since last: 1000103983 ns, Reaching safepoint: 62101 ns, At safepoint: 2700 ns, Total: 64801 ns
[53.073s][info ][safepoint      ] Safepoint "Cleanup", Time since last: 1000103883 ns, Reaching safepoint: 73800 ns, At safepoint: 2700 ns, Total: 76500 ns
[54.074s][info ][safepoint      ] Safepoint "Cleanup", Time since last: 1000108384 ns, Reaching safepoint: 77000 ns, At safepoint: 5300 ns, Total: 82300 ns
[55.413s][info ][safepoint      ] Safepoint "Cleanup", Time since last: 1338773759 ns, Reaching safepoint: 160201 ns, At safepoint: 7900 ns, Total: 168101 ns
[56.413s][info ][safepoint      ] Safepoint "Cleanup", Time since last: 1000107647 ns, Reaching safepoint: 148801 ns, At safepoint: 4900 ns, Total: 153701 ns
[57.413s][info ][safepoint      ] Safepoint "Cleanup", Time since last: 1000105983 ns, Reaching safepoint: 127901 ns, At safepoint: 6800 ns, Total: 134701 ns
[58.807s][info ][safepoint      ] Safepoint "Cleanup", Time since last: 1394050071 ns, Reaching safepoint: 181001 ns, At safepoint: 8200 ns, Total: 189201 ns
[59.808s][info ][safepoint      ] Safepoint "Cleanup", Time since last: 1000118484 ns, Reaching safepoint: 145901 ns, At safepoint: 6500 ns, Total: 152401 ns
[60.808s][info ][safepoint      ] Safepoint "Cleanup", Time since last: 1000122975 ns, Reaching safepoint: 129201 ns, At safepoint: 7300 ns, Total: 136501 ns
[61.808s][info ][safepoint      ] Safepoint "Cleanup", Time since last: 1000121627 ns, Reaching safepoint: 131700 ns, At safepoint: 5100 ns, Total: 136800 ns
[62.808s][info ][safepoint      ] Safepoint "Cleanup", Time since last: 1000123527 ns, Reaching safepoint: 135901 ns, At safepoint: 5900 ns, Total: 141801 ns
[63.809s][info ][safepoint      ] Safepoint "Cleanup", Time since last: 1000119033 ns, Reaching safepoint: 121000 ns, At safepoint: 4900 ns, Total: 125900 ns
[64.809s][info ][safepoint      ] Safepoint "Cleanup", Time since last: 1000128017 ns, Reaching safepoint: 128700 ns, At safepoint: 5500 ns, Total: 134200 ns
[66.809s][info ][safepoint      ] Safepoint "Cleanup", Time since last: 2000202134 ns, Reaching safepoint: 206900 ns, At safepoint: 7500 ns, Total: 214400 ns
[67.809s][info ][safepoint      ] Safepoint "Cleanup", Time since last: 1000126617 ns, Reaching safepoint: 125701 ns, At safepoint: 6100 ns, Total: 131801 ns
[69.070s][info ][safepoint      ] Safepoint "Cleanup", Time since last: 1260752576 ns, Reaching safepoint: 137601 ns, At safepoint: 2800 ns, Total: 140401 ns
[70.071s][info ][safepoint      ] Safepoint "Cleanup", Time since last: 1000098617 ns, Reaching safepoint: 92900 ns, At safepoint: 6300 ns, Total: 99200 ns
[71.071s][info ][safepoint      ] Safepoint "Cleanup", Time since last: 1000098717 ns, Reaching safepoint: 85600 ns, At safepoint: 2400 ns, Total: 88000 ns
[72.071s][info ][safepoint      ] Safepoint "Cleanup", Time since last: 1000100237 ns, Reaching safepoint: 62200 ns, At safepoint: 3300 ns, Total: 65500 ns
[73.225s][info ][safepoint      ] Safepoint "Cleanup", Time since last: 1153647117 ns, Reaching safepoint: 95000 ns, At safepoint: 3500 ns, Total: 98500 ns
[74.225s][info ][safepoint      ] Safepoint "Cleanup", Time since last: 1000094589 ns, Reaching safepoint: 73700 ns, At safepoint: 5600 ns, Total: 79300 ns
[74.512s][info ][gc,start       ] GC(16) Pause Young (Allocation Failure)
[74.546s][debug][gc,phases      ] GC(16) Scavenge 33.308ms
[74.546s][debug][gc,ref         ] GC(16) Skipped phase 1 of Reference Processing: no references
[74.546s][debug][gc,ref         ] GC(16) ReferenceProcessor::execute queues: 2, RefProcThreadModel::Multi, marks_oops_alive: false
[74.546s][debug][gc,ref         ] GC(16) Skipped phase 3 of Reference Processing: no references
[74.546s][debug][gc,ref         ] GC(16) ReferenceProcessor::execute queues: 1, RefProcThreadModel::Single, marks_oops_alive: false
[74.546s][debug][gc,phases      ] GC(16) Reference Processing 0.207ms
[74.546s][debug][gc,phases      ] GC(16)   VM Weak                        Min:  0.0, Avg:  0.0, Max:  0.0, Diff:  0.0, Sum:  0.0, Workers: 4
[74.546s][debug][gc,phases      ] GC(16)     Dead                           Min: 0, Avg:  0.0, Max: 0, Diff: 0, Sum: 0, Workers: 4
[74.546s][debug][gc,phases      ] GC(16)     Total                          Min: 0, Avg: 212.0, Max: 704, Diff: 704, Sum: 848, Workers: 4
[74.546s][debug][gc,phases      ] GC(16)   ObjectSynchronizer Weak        Min:  0.0, Avg:  0.0, Max:  0.0, Diff:  0.0, Sum:  0.0, Workers: 4
[74.546s][debug][gc,phases      ] GC(16)     Dead                           Min: 0, Avg:  0.0, Max: 0, Diff: 0, Sum: 0, Workers: 4
[74.546s][debug][gc,phases      ] GC(16)     Total                          Min: 0, Avg: 11.0, Max: 44, Diff: 44, Sum: 44, Workers: 4
[74.546s][debug][gc,phases      ] GC(16)   JVMTI Tag Weak OopStorage      Min:  0.0, Avg:  0.0, Max:  0.0, Diff:  0.0, Sum:  0.0, Workers: 4
[74.546s][debug][gc,phases      ] GC(16)     Dead                           Min: 0, Avg:  0.0, Max: 0, Diff: 0, Sum: 0, Workers: 4
[74.546s][debug][gc,phases      ] GC(16)     Total                          Min: 0, Avg:  0.0, Max: 0, Diff: 0, Sum: 0, Workers: 4
[74.546s][debug][gc,phases      ] GC(16)   StringTable Weak               Min:  0.0, Avg:  0.1, Max:  0.1, Diff:  0.1, Sum:  0.4, Workers: 4
[74.546s][debug][gc,phases      ] GC(16)     Dead                           Min: 0, Avg:  0.5, Max: 1, Diff: 1, Sum: 2, Workers: 4
[74.546s][debug][gc,phases      ] GC(16)     Total                          Min: 0, Avg: 10714.8, Max: 18495, Diff: 18495, Sum: 42859, Workers: 4
[74.546s][debug][gc,phases      ] GC(16)   ResolvedMethodTable Weak       Min:  0.0, Avg:  0.0, Max:  0.0, Diff:  0.0, Sum:  0.1, Workers: 4
[74.546s][debug][gc,phases      ] GC(16)     Dead                           Min: 0, Avg:  0.0, Max: 0, Diff: 0, Sum: 0, Workers: 4
[74.546s][debug][gc,phases      ] GC(16)     Total                          Min: 0, Avg: 2238.8, Max: 3776, Diff: 3776, Sum: 8955, Workers: 4
[74.546s][debug][gc,phases      ] GC(16)   JNI Weak                       Min:  0.0, Avg:  0.0, Max:  0.0, Diff:  0.0, Sum:  0.0, Workers: 4
[74.546s][debug][gc,phases      ] GC(16)     Dead                           Min: 0, Avg:  0.0, Max: 0, Diff: 0, Sum: 0, Workers: 4
[74.546s][debug][gc,phases      ] GC(16)     Total                          Min: 0, Avg: 11.2, Max: 45, Diff: 45, Sum: 45, Workers: 4
[74.546s][debug][gc,phases      ] GC(16)   StringDedup Table Weak         Min:  0.0, Avg:  0.0, Max:  0.0, Diff:  0.0, Sum:  0.0, Workers: 4
[74.546s][debug][gc,phases      ] GC(16)     Dead                           Min: 0, Avg:  0.0, Max: 0, Diff: 0, Sum: 0, Workers: 4
[74.546s][debug][gc,phases      ] GC(16)     Total                          Min: 0, Avg:  0.0, Max: 0, Diff: 0, Sum: 0, Workers: 4
[74.546s][debug][gc,phases      ] GC(16)   StringDedup Requests0 Weak     Min:  0.0, Avg:  0.0, Max:  0.0, Diff:  0.0, Sum:  0.0, Workers: 4
[74.546s][debug][gc,phases      ] GC(16)     Dead                           Min: 0, Avg:  0.0, Max: 0, Diff: 0, Sum: 0, Workers: 4
[74.546s][debug][gc,phases      ] GC(16)     Total                          Min: 0, Avg:  0.0, Max: 0, Diff: 0, Sum: 0, Workers: 4
[74.546s][debug][gc,phases      ] GC(16)   StringDedup Requests1 Weak     Min:  0.0, Avg:  0.0, Max:  0.0, Diff:  0.0, Sum:  0.0, Workers: 4
[74.546s][debug][gc,phases      ] GC(16)     Dead                           Min: 0, Avg:  0.0, Max: 0, Diff: 0, Sum: 0, Workers: 4
[74.546s][debug][gc,phases      ] GC(16)     Total                          Min: 0, Avg:  0.0, Max: 0, Diff: 0, Sum: 0, Workers: 4
[74.546s][debug][gc,phases      ] GC(16)   Weak JFR Old Object Samples    Min:  0.0, Avg:  0.0, Max:  0.0, Diff:  0.0, Sum:  0.0, Workers: 4
[74.546s][debug][gc,phases      ] GC(16)     Dead                           Min: 0, Avg:  0.0, Max: 0, Diff: 0, Sum: 0, Workers: 4
[74.546s][debug][gc,phases      ] GC(16)     Total                          Min: 0, Avg:  0.0, Max: 0, Diff: 0, Sum: 0, Workers: 4
[74.546s][debug][gc,phases      ] GC(16) Weak Processing 0.330ms
[74.546s][debug][gc,age         ] GC(16) Desired survivor size 513802240 bytes, new threshold 7 (max threshold 15)
[74.546s][info ][gc,heap        ] GC(16) PSYoungGen: 1231200K(1584128K)->171489K(1573888K) Eden: 1060864K(1060864K)->0K(1060864K) From: 170336K(523264K)->171489K(513024K)
[74.546s][info ][gc,heap        ] GC(16) ParOldGen: 265190K(432128K)->265198K(432128K)
[74.546s][info ][gc,metaspace   ] GC(16) Metaspace: 79714K(80768K)->79714K(80768K) NonClass: 68250K(68800K)->68250K(68800K) Class: 11463K(11968K)->11463K(11968K)
[74.546s][info ][gc             ] GC(16) Pause Young (Allocation Failure) 1461M->426M(1959M) 33.961ms
[74.546s][info ][gc,cpu         ] GC(16) User=0.13s Sys=0.00s Real=0.03s
[74.546s][info ][safepoint      ] Safepoint "ParallelGCFailedAllocation", Time since last: 287569902 ns, Reaching safepoint: 53001 ns, At safepoint: 34029094 ns, Total: 34082095 ns
[75.547s][info ][safepoint      ] Safepoint "Cleanup", Time since last: 1000084389 ns, Reaching safepoint: 71200 ns, At safepoint: 3500 ns, Total: 74700 ns
[76.547s][info ][safepoint      ] Safepoint "Cleanup", Time since last: 1000105689 ns, Reaching safepoint: 58700 ns, At safepoint: 2100 ns, Total: 60800 ns
[77.547s][info ][safepoint      ] Safepoint "Cleanup", Time since last: 1000108989 ns, Reaching safepoint: 29600 ns, At safepoint: 3100 ns, Total: 32700 ns
[78.547s][info ][safepoint      ] Safepoint "Cleanup", Time since last: 1000098789 ns, Reaching safepoint: 44400 ns, At safepoint: 3400 ns, Total: 47800 ns
[79.547s][info ][safepoint      ] Safepoint "Cleanup", Time since last: 1000108795 ns, Reaching safepoint: 56101 ns, At safepoint: 5100 ns, Total: 61201 ns
[80.547s][info ][safepoint      ] Safepoint "Cleanup", Time since last: 1000105961 ns, Reaching safepoint: 54300 ns, At safepoint: 2200 ns, Total: 56500 ns
[81.548s][info ][safepoint      ] Safepoint "Cleanup", Time since last: 1000107461 ns, Reaching safepoint: 53000 ns, At safepoint: 2600 ns, Total: 55600 ns
[82.548s][info ][safepoint      ] Safepoint "Cleanup", Time since last: 1000100962 ns, Reaching safepoint: 52700 ns, At safepoint: 2500 ns, Total: 55200 ns
[83.548s][info ][safepoint      ] Safepoint "Cleanup", Time since last: 1000099761 ns, Reaching safepoint: 52900 ns, At safepoint: 3100 ns, Total: 56000 ns
[84.548s][info ][safepoint      ] Safepoint "Cleanup", Time since last: 1000126061 ns, Reaching safepoint: 139201 ns, At safepoint: 5300 ns, Total: 144501 ns
[85.079s][info ][safepoint      ] Safepoint "ICBufferFull", Time since last: 530943119 ns, Reaching safepoint: 248101 ns, At safepoint: 5200 ns, Total: 253301 ns
[85.207s][info ][safepoint      ] Safepoint "ICBufferFull", Time since last: 126958863 ns, Reaching safepoint: 192400 ns, At safepoint: 5500 ns, Total: 197900 ns
[85.501s][info ][safepoint      ] Safepoint "ParallelGCFailedAllocation", Time since last: 294416143 ns, Reaching safepoint: 256900 ns, At safepoint: 12801 ns, Total: 269701 ns
[85.502s][info ][gc,start       ] GC(17) Pause Young (GCLocker Initiated GC)
[85.518s][debug][gc,phases      ] GC(17) Scavenge 15.639ms
[85.518s][debug][gc,ref         ] GC(17) Skipped phase 1 of Reference Processing: no references
[85.518s][debug][gc,ref         ] GC(17) ReferenceProcessor::execute queues: 3, RefProcThreadModel::Multi, marks_oops_alive: false
[85.518s][debug][gc,ref         ] GC(17) Skipped phase 3 of Reference Processing: no references
[85.518s][debug][gc,ref         ] GC(17) ReferenceProcessor::execute queues: 1, RefProcThreadModel::Single, marks_oops_alive: false
[85.518s][debug][gc,phases      ] GC(17) Reference Processing 0.209ms
[85.518s][debug][gc,phases      ] GC(17)   VM Weak                        Min:  0.0, Avg:  0.0, Max:  0.0, Diff:  0.0, Sum:  0.0, Workers: 4
[85.518s][debug][gc,phases      ] GC(17)     Dead                           Min: 0, Avg:  0.0, Max: 0, Diff: 0, Sum: 0, Workers: 4
[85.518s][debug][gc,phases      ] GC(17)     Total                          Min: 0, Avg: 218.0, Max: 704, Diff: 704, Sum: 872, Workers: 4
[85.518s][debug][gc,phases      ] GC(17)   ObjectSynchronizer Weak        Min:  0.0, Avg:  0.0, Max:  0.0, Diff:  0.0, Sum:  0.0, Workers: 4
[85.518s][debug][gc,phases      ] GC(17)     Dead                           Min: 0, Avg:  0.0, Max: 0, Diff: 0, Sum: 0, Workers: 4
[85.518s][debug][gc,phases      ] GC(17)     Total                          Min: 0, Avg: 11.5, Max: 46, Diff: 46, Sum: 46, Workers: 4
[85.518s][debug][gc,phases      ] GC(17)   JVMTI Tag Weak OopStorage      Min:  0.0, Avg:  0.0, Max:  0.0, Diff:  0.0, Sum:  0.0, Workers: 4
[85.518s][debug][gc,phases      ] GC(17)     Dead                           Min: 0, Avg:  0.0, Max: 0, Diff: 0, Sum: 0, Workers: 4
[85.518s][debug][gc,phases      ] GC(17)     Total                          Min: 0, Avg:  0.0, Max: 0, Diff: 0, Sum: 0, Workers: 4
[85.518s][debug][gc,phases      ] GC(17)   StringTable Weak               Min:  0.0, Avg:  0.1, Max:  0.1, Diff:  0.1, Sum:  0.4, Workers: 4
[85.518s][debug][gc,phases      ] GC(17)     Dead                           Min: 0, Avg:  1.2, Max: 5, Diff: 5, Sum: 5, Workers: 4
[85.518s][debug][gc,phases      ] GC(17)     Total                          Min: 0, Avg: 10761.8, Max: 18472, Diff: 18472, Sum: 43047, Workers: 4
[85.518s][debug][gc,phases      ] GC(17)   ResolvedMethodTable Weak       Min:  0.0, Avg:  0.0, Max:  0.0, Diff:  0.0, Sum:  0.1, Workers: 4
[85.518s][debug][gc,phases      ] GC(17)     Dead                           Min: 0, Avg:  0.2, Max: 1, Diff: 1, Sum: 1, Workers: 4
[85.518s][debug][gc,phases      ] GC(17)     Total                          Min: 0, Avg: 2298.5, Max: 3882, Diff: 3882, Sum: 9194, Workers: 4
[85.518s][debug][gc,phases      ] GC(17)   JNI Weak                       Min:  0.0, Avg:  0.0, Max:  0.0, Diff:  0.0, Sum:  0.0, Workers: 4
[85.518s][debug][gc,phases      ] GC(17)     Dead                           Min: 0, Avg:  0.0, Max: 0, Diff: 0, Sum: 0, Workers: 4
[85.518s][debug][gc,phases      ] GC(17)     Total                          Min: 0, Avg: 20.0, Max: 57, Diff: 57, Sum: 80, Workers: 4
[85.518s][debug][gc,phases      ] GC(17)   StringDedup Table Weak         Min:  0.0, Avg:  0.0, Max:  0.0, Diff:  0.0, Sum:  0.0, Workers: 4
[85.518s][debug][gc,phases      ] GC(17)     Dead                           Min: 0, Avg:  0.0, Max: 0, Diff: 0, Sum: 0, Workers: 4
[85.518s][debug][gc,phases      ] GC(17)     Total                          Min: 0, Avg:  0.0, Max: 0, Diff: 0, Sum: 0, Workers: 4
[85.518s][debug][gc,phases      ] GC(17)   StringDedup Requests0 Weak     Min:  0.0, Avg:  0.0, Max:  0.0, Diff:  0.0, Sum:  0.0, Workers: 4
[85.518s][debug][gc,phases      ] GC(17)     Dead                           Min: 0, Avg:  0.0, Max: 0, Diff: 0, Sum: 0, Workers: 4
[85.518s][debug][gc,phases      ] GC(17)     Total                          Min: 0, Avg:  0.0, Max: 0, Diff: 0, Sum: 0, Workers: 4
[85.518s][debug][gc,phases      ] GC(17)   StringDedup Requests1 Weak     Min:  0.0, Avg:  0.0, Max:  0.0, Diff:  0.0, Sum:  0.0, Workers: 4
[85.518s][debug][gc,phases      ] GC(17)     Dead                           Min: 0, Avg:  0.0, Max: 0, Diff: 0, Sum: 0, Workers: 4
[85.518s][debug][gc,phases      ] GC(17)     Total                          Min: 0, Avg:  0.0, Max: 0, Diff: 0, Sum: 0, Workers: 4
[85.518s][debug][gc,phases      ] GC(17)   Weak JFR Old Object Samples    Min:  0.0, Avg:  0.0, Max:  0.0, Diff:  0.0, Sum:  0.0, Workers: 4
[85.518s][debug][gc,phases      ] GC(17)     Dead                           Min: 0, Avg:  0.0, Max: 0, Diff: 0, Sum: 0, Workers: 4
[85.518s][debug][gc,phases      ] GC(17)     Total                          Min: 0, Avg:  0.0, Max: 0, Diff: 0, Sum: 0, Workers: 4
[85.518s][debug][gc,phases      ] GC(17) Weak Processing 0.317ms
[85.518s][debug][gc,age         ] GC(17) Desired survivor size 522190848 bytes, new threshold 8 (max threshold 15)
[85.518s][info ][gc,heap        ] GC(17) PSYoungGen: 1232353K(1573888K)->50898K(1579008K) Eden: 1060864K(1060864K)->0K(1077248K) From: 171489K(513024K)->50898K(501760K)
[85.518s][info ][gc,heap        ] GC(17) ParOldGen: 265235K(432128K)->265243K(432128K)
[85.518s][info ][gc,metaspace   ] GC(17) Metaspace: 80449K(81536K)->80449K(81536K) NonClass: 68866K(69440K)->68866K(69440K) Class: 11583K(12096K)->11583K(12096K)
[85.518s][info ][gc             ] GC(17) Pause Young (GCLocker Initiated GC) 1462M->308M(1964M) 16.265ms
[85.518s][info ][gc,cpu         ] GC(17) User=0.06s Sys=0.00s Real=0.02s
[85.518s][info ][safepoint      ] Safepoint "ParallelGCSystemGC", Time since last: 535001 ns, Reaching safepoint: 95800 ns, At safepoint: 16338547 ns, Total: 16434347 ns
[86.519s][info ][safepoint      ] Safepoint "Cleanup", Time since last: 1000085561 ns, Reaching safepoint: 242301 ns, At safepoint: 12200 ns, Total: 254501 ns
[87.416s][info ][safepoint      ] Safepoint "ParallelGCFailedAllocation", Time since last: 897707268 ns, Reaching safepoint: 151301 ns, At safepoint: 12700 ns, Total: 164001 ns
[87.417s][info ][gc,start       ] GC(18) Pause Young (GCLocker Initiated GC)
[87.446s][debug][gc,phases      ] GC(18) Scavenge 29.869ms
[87.446s][debug][gc,ref         ] GC(18) Skipped phase 1 of Reference Processing: no references
[87.447s][debug][gc,ref         ] GC(18) ReferenceProcessor::execute queues: 3, RefProcThreadModel::Multi, marks_oops_alive: false
[87.447s][debug][gc,ref         ] GC(18) Skipped phase 3 of Reference Processing: no references
[87.447s][debug][gc,ref         ] GC(18) ReferenceProcessor::execute queues: 1, RefProcThreadModel::Single, marks_oops_alive: false
[87.447s][debug][gc,phases      ] GC(18) Reference Processing 0.238ms
[87.447s][debug][gc,phases      ] GC(18)   VM Weak                        Min:  0.0, Avg:  0.0, Max:  0.0, Diff:  0.0, Sum:  0.0, Workers: 4
[87.447s][debug][gc,phases      ] GC(18)     Dead                           Min: 0, Avg:  0.0, Max: 0, Diff: 0, Sum: 0, Workers: 4
[87.447s][debug][gc,phases      ] GC(18)     Total                          Min: 0, Avg: 221.2, Max: 501, Diff: 501, Sum: 885, Workers: 4
[87.447s][debug][gc,phases      ] GC(18)   ObjectSynchronizer Weak        Min:  0.0, Avg:  0.0, Max:  0.0, Diff:  0.0, Sum:  0.0, Workers: 4
[87.447s][debug][gc,phases      ] GC(18)     Dead                           Min: 0, Avg:  0.0, Max: 0, Diff: 0, Sum: 0, Workers: 4
[87.447s][debug][gc,phases      ] GC(18)     Total                          Min: 0, Avg: 11.5, Max: 46, Diff: 46, Sum: 46, Workers: 4
[87.447s][debug][gc,phases      ] GC(18)   JVMTI Tag Weak OopStorage      Min:  0.0, Avg:  0.0, Max:  0.0, Diff:  0.0, Sum:  0.0, Workers: 4
[87.447s][debug][gc,phases      ] GC(18)     Dead                           Min: 0, Avg:  0.0, Max: 0, Diff: 0, Sum: 0, Workers: 4
[87.447s][debug][gc,phases      ] GC(18)     Total                          Min: 0, Avg:  0.0, Max: 0, Diff: 0, Sum: 0, Workers: 4
[87.447s][debug][gc,phases      ] GC(18)   StringTable Weak               Min:  0.0, Avg:  0.1, Max:  0.1, Diff:  0.1, Sum:  0.4, Workers: 4
[87.447s][debug][gc,phases      ] GC(18)     Dead                           Min: 0, Avg:  0.2, Max: 1, Diff: 1, Sum: 1, Workers: 4
[87.447s][debug][gc,phases      ] GC(18)     Total                          Min: 0, Avg: 10780.0, Max: 18688, Diff: 18688, Sum: 43120, Workers: 4
[87.447s][debug][gc,phases      ] GC(18)   ResolvedMethodTable Weak       Min:  0.0, Avg:  0.0, Max:  0.0, Diff:  0.0, Sum:  0.1, Workers: 4
[87.447s][debug][gc,phases      ] GC(18)     Dead                           Min: 0, Avg:  4.0, Max: 16, Diff: 16, Sum: 16, Workers: 4
[87.447s][debug][gc,phases      ] GC(18)     Total                          Min: 0, Avg: 2325.0, Max: 3924, Diff: 3924, Sum: 9300, Workers: 4
[87.447s][debug][gc,phases      ] GC(18)   JNI Weak                       Min:  0.0, Avg:  0.0, Max:  0.0, Diff:  0.0, Sum:  0.0, Workers: 4
[87.447s][debug][gc,phases      ] GC(18)     Dead                           Min: 0, Avg:  0.0, Max: 0, Diff: 0, Sum: 0, Workers: 4
[87.447s][debug][gc,phases      ] GC(18)     Total                          Min: 0, Avg: 15.0, Max: 46, Diff: 46, Sum: 60, Workers: 4
[87.447s][debug][gc,phases      ] GC(18)   StringDedup Table Weak         Min:  0.0, Avg:  0.0, Max:  0.0, Diff:  0.0, Sum:  0.0, Workers: 4
[87.447s][debug][gc,phases      ] GC(18)     Dead                           Min: 0, Avg:  0.0, Max: 0, Diff: 0, Sum: 0, Workers: 4
[87.447s][debug][gc,phases      ] GC(18)     Total                          Min: 0, Avg:  0.0, Max: 0, Diff: 0, Sum: 0, Workers: 4
[87.447s][debug][gc,phases      ] GC(18)   StringDedup Requests0 Weak     Min:  0.0, Avg:  0.0, Max:  0.0, Diff:  0.0, Sum:  0.0, Workers: 4
[87.447s][debug][gc,phases      ] GC(18)     Dead                           Min: 0, Avg:  0.0, Max: 0, Diff: 0, Sum: 0, Workers: 4
[87.447s][debug][gc,phases      ] GC(18)     Total                          Min: 0, Avg:  0.0, Max: 0, Diff: 0, Sum: 0, Workers: 4
[87.447s][debug][gc,phases      ] GC(18)   StringDedup Requests1 Weak     Min:  0.0, Avg:  0.0, Max:  0.0, Diff:  0.0, Sum:  0.0, Workers: 4
[87.447s][debug][gc,phases      ] GC(18)     Dead                           Min: 0, Avg:  0.0, Max: 0, Diff: 0, Sum: 0, Workers: 4
[87.447s][debug][gc,phases      ] GC(18)     Total                          Min: 0, Avg:  0.0, Max: 0, Diff: 0, Sum: 0, Workers: 4
[87.447s][debug][gc,phases      ] GC(18)   Weak JFR Old Object Samples    Min:  0.0, Avg:  0.0, Max:  0.0, Diff:  0.0, Sum:  0.0, Workers: 4
[87.447s][debug][gc,phases      ] GC(18)     Dead                           Min: 0, Avg:  0.0, Max: 0, Diff: 0, Sum: 0, Workers: 4
[87.447s][debug][gc,phases      ] GC(18)     Total                          Min: 0, Avg:  0.0, Max: 0, Diff: 0, Sum: 0, Workers: 4
[87.447s][debug][gc,phases      ] GC(18) Weak Processing 0.333ms
[87.447s][debug][gc,age         ] GC(18) Desired survivor size 511180800 bytes, new threshold 9 (max threshold 15)
[87.447s][info ][gc,heap        ] GC(18) PSYoungGen: 1128146K(1579008K)->125877K(1587200K) Eden: 1077248K(1077248K)->0K(1077248K) From: 50898K(501760K)->125877K(509952K)
[87.447s][info ][gc,heap        ] GC(18) ParOldGen: 265247K(432128K)->265255K(432128K)
[87.447s][info ][gc,metaspace   ] GC(18) Metaspace: 80692K(81728K)->80692K(81728K) NonClass: 69073K(69632K)->69073K(69632K) Class: 11619K(12096K)->11619K(12096K)
[87.447s][info ][gc             ] GC(18) Pause Young (GCLocker Initiated GC) 1360M->381M(1972M) 30.534ms
[87.447s][info ][gc,cpu         ] GC(18) User=0.12s Sys=0.00s Real=0.03s
[87.447s][info ][safepoint      ] Safepoint "ParallelGCSystemGC", Time since last: 58800 ns, Reaching safepoint: 13800 ns, At safepoint: 30598288 ns, Total: 30612088 ns
[88.405s][info ][safepoint      ] Safepoint "ICBufferFull", Time since last: 958040400 ns, Reaching safepoint: 188501 ns, At safepoint: 7800 ns, Total: 196301 ns
[89.406s][info ][safepoint      ] Safepoint "Cleanup", Time since last: 1000121619 ns, Reaching safepoint: 211100 ns, At safepoint: 6800 ns, Total: 217900 ns
[90.406s][info ][safepoint      ] Safepoint "Cleanup", Time since last: 1000101819 ns, Reaching safepoint: 186301 ns, At safepoint: 7800 ns, Total: 194101 ns
[91.406s][info ][safepoint      ] Safepoint "Cleanup", Time since last: 1000109318 ns, Reaching safepoint: 173101 ns, At safepoint: 5400 ns, Total: 178501 ns
[92.406s][info ][safepoint      ] Safepoint "Cleanup", Time since last: 1000110718 ns, Reaching safepoint: 132001 ns, At safepoint: 4900 ns, Total: 136901 ns
[94.160s][info ][safepoint      ] Safepoint "Cleanup", Time since last: 1753687642 ns, Reaching safepoint: 236701 ns, At safepoint: 5700 ns, Total: 242401 ns
[95.161s][info ][safepoint      ] Safepoint "Cleanup", Time since last: 1000132919 ns, Reaching safepoint: 152800 ns, At safepoint: 5200 ns, Total: 158000 ns
[96.649s][info ][safepoint      ] Safepoint "Cleanup", Time since last: 1487726514 ns, Reaching safepoint: 70100 ns, At safepoint: 3000 ns, Total: 73100 ns
[97.649s][info ][safepoint      ] Safepoint "Cleanup", Time since last: 1000111036 ns, Reaching safepoint: 49300 ns, At safepoint: 7800 ns, Total: 57100 ns
[98.649s][info ][safepoint      ] Safepoint "Cleanup", Time since last: 1000110036 ns, Reaching safepoint: 157101 ns, At safepoint: 4600 ns, Total: 161701 ns
[99.649s][info ][safepoint      ] Safepoint "Cleanup", Time since last: 1000105236 ns, Reaching safepoint: 55600 ns, At safepoint: 5500 ns, Total: 61100 ns
[100.649s][info ][safepoint      ] Safepoint "Cleanup", Time since last: 1000133636 ns, Reaching safepoint: 42900 ns, At safepoint: 2800 ns, Total: 45700 ns
[101.649s][info ][safepoint      ] Safepoint "Cleanup", Time since last: 1000104737 ns, Reaching safepoint: 63000 ns, At safepoint: 5400 ns, Total: 68400 ns
[102.650s][info ][safepoint      ] Safepoint "Cleanup", Time since last: 1000107836 ns, Reaching safepoint: 70100 ns, At safepoint: 5700 ns, Total: 75800 ns
[103.650s][info ][safepoint      ] Safepoint "Cleanup", Time since last: 1000096434 ns, Reaching safepoint: 53100 ns, At safepoint: 2500 ns, Total: 55600 ns
[104.650s][info ][safepoint      ] Safepoint "Cleanup", Time since last: 1000129524 ns, Reaching safepoint: 59600 ns, At safepoint: 2900 ns, Total: 62500 ns
[105.650s][info ][safepoint      ] Safepoint "Cleanup", Time since last: 1000100424 ns, Reaching safepoint: 61600 ns, At safepoint: 2400 ns, Total: 64000 ns
[106.650s][info ][safepoint      ] Safepoint "Cleanup", Time since last: 1000133824 ns, Reaching safepoint: 60200 ns, At safepoint: 3700 ns, Total: 63900 ns
[107.650s][info ][safepoint      ] Safepoint "Cleanup", Time since last: 1000065824 ns, Reaching safepoint: 50800 ns, At safepoint: 3000 ns, Total: 53800 ns
[108.651s][info ][safepoint      ] Safepoint "Cleanup", Time since last: 1000111723 ns, Reaching safepoint: 54801 ns, At safepoint: 2800 ns, Total: 57601 ns
[109.651s][info ][safepoint      ] Safepoint "Cleanup", Time since last: 1000111723 ns, Reaching safepoint: 125701 ns, At safepoint: 5300 ns, Total: 131001 ns
[110.651s][info ][safepoint      ] Safepoint "Cleanup", Time since last: 1000106823 ns, Reaching safepoint: 50301 ns, At safepoint: 2400 ns, Total: 52701 ns
[111.652s][info ][safepoint      ] Safepoint "Cleanup", Time since last: 1000188999 ns, Reaching safepoint: 692102 ns, At safepoint: 10000 ns, Total: 702102 ns
[112.653s][info ][safepoint      ] Safepoint "Cleanup", Time since last: 1000594771 ns, Reaching safepoint: 57600 ns, At safepoint: 4800 ns, Total: 62400 ns
[113.653s][info ][safepoint      ] Safepoint "Cleanup", Time since last: 1000127669 ns, Reaching safepoint: 69401 ns, At safepoint: 2700 ns, Total: 72101 ns
[114.653s][info ][safepoint      ] Safepoint "Cleanup", Time since last: 1000105469 ns, Reaching safepoint: 55800 ns, At safepoint: 3000 ns, Total: 58800 ns
[115.653s][info ][safepoint      ] Safepoint "Cleanup", Time since last: 1000119170 ns, Reaching safepoint: 49100 ns, At safepoint: 3400 ns, Total: 52500 ns
[116.653s][info ][safepoint      ] Safepoint "Cleanup", Time since last: 1000103370 ns, Reaching safepoint: 56800 ns, At safepoint: 4100 ns, Total: 60900 ns
[117.653s][info ][safepoint      ] Safepoint "Cleanup", Time since last: 1000110970 ns, Reaching safepoint: 79000 ns, At safepoint: 5200 ns, Total: 84200 ns
[117.889s][info ][gc,start       ] GC(19) Pause Young (Allocation Failure)
[117.915s][debug][gc,phases      ] GC(19) Scavenge 25.837ms
[117.915s][debug][gc,ref         ] GC(19) Skipped phase 1 of Reference Processing: no references
[117.915s][debug][gc,ref         ] GC(19) ReferenceProcessor::execute queues: 3, RefProcThreadModel::Multi, marks_oops_alive: false
[117.915s][debug][gc,ref         ] GC(19) Skipped phase 3 of Reference Processing: no references
[117.915s][debug][gc,ref         ] GC(19) ReferenceProcessor::execute queues: 1, RefProcThreadModel::Single, marks_oops_alive: false
[117.915s][debug][gc,phases      ] GC(19) Reference Processing 0.230ms
[117.915s][debug][gc,phases      ] GC(19)   VM Weak                        Min:  0.0, Avg:  0.0, Max:  0.0, Diff:  0.0, Sum:  0.0, Workers: 4
[117.915s][debug][gc,phases      ] GC(19)     Dead                           Min: 0, Avg:  0.0, Max: 0, Diff: 0, Sum: 0, Workers: 4
[117.915s][debug][gc,phases      ] GC(19)     Total                          Min: 0, Avg: 223.8, Max: 704, Diff: 704, Sum: 895, Workers: 4
[117.915s][debug][gc,phases      ] GC(19)   ObjectSynchronizer Weak        Min:  0.0, Avg:  0.0, Max:  0.0, Diff:  0.0, Sum:  0.0, Workers: 4
[117.915s][debug][gc,phases      ] GC(19)     Dead                           Min: 0, Avg:  0.0, Max: 0, Diff: 0, Sum: 0, Workers: 4
[117.915s][debug][gc,phases      ] GC(19)     Total                          Min: 0, Avg: 11.5, Max: 46, Diff: 46, Sum: 46, Workers: 4
[117.915s][debug][gc,phases      ] GC(19)   JVMTI Tag Weak OopStorage      Min:  0.0, Avg:  0.0, Max:  0.0, Diff:  0.0, Sum:  0.0, Workers: 4
[117.915s][debug][gc,phases      ] GC(19)     Dead                           Min: 0, Avg:  0.0, Max: 0, Diff: 0, Sum: 0, Workers: 4
[117.915s][debug][gc,phases      ] GC(19)     Total                          Min: 0, Avg:  0.0, Max: 0, Diff: 0, Sum: 0, Workers: 4
[117.915s][debug][gc,phases      ] GC(19)   StringTable Weak               Min:  0.0, Avg:  0.1, Max:  0.1, Diff:  0.1, Sum:  0.4, Workers: 4
[117.915s][debug][gc,phases      ] GC(19)     Dead                           Min: 0, Avg:  0.2, Max: 1, Diff: 1, Sum: 1, Workers: 4
[117.915s][debug][gc,phases      ] GC(19)     Total                          Min: 0, Avg: 10797.8, Max: 17920, Diff: 17920, Sum: 43191, Workers: 4
[117.915s][debug][gc,phases      ] GC(19)   ResolvedMethodTable Weak       Min:  0.0, Avg:  0.0, Max:  0.0, Diff:  0.0, Sum:  0.1, Workers: 4
[117.915s][debug][gc,phases      ] GC(19)     Dead                           Min: 0, Avg:  0.0, Max: 0, Diff: 0, Sum: 0, Workers: 4
[117.915s][debug][gc,phases      ] GC(19)     Total                          Min: 0, Avg: 2340.2, Max: 3904, Diff: 3904, Sum: 9361, Workers: 4
[117.915s][debug][gc,phases      ] GC(19)   JNI Weak                       Min:  0.0, Avg:  0.0, Max:  0.0, Diff:  0.0, Sum:  0.0, Workers: 4
[117.915s][debug][gc,phases      ] GC(19)     Dead                           Min: 0, Avg:  0.0, Max: 0, Diff: 0, Sum: 0, Workers: 4
[117.915s][debug][gc,phases      ] GC(19)     Total                          Min: 0, Avg: 11.2, Max: 45, Diff: 45, Sum: 45, Workers: 4
[117.915s][debug][gc,phases      ] GC(19)   StringDedup Table Weak         Min:  0.0, Avg:  0.0, Max:  0.0, Diff:  0.0, Sum:  0.0, Workers: 4
[117.915s][debug][gc,phases      ] GC(19)     Dead                           Min: 0, Avg:  0.0, Max: 0, Diff: 0, Sum: 0, Workers: 4
[117.915s][debug][gc,phases      ] GC(19)     Total                          Min: 0, Avg:  0.0, Max: 0, Diff: 0, Sum: 0, Workers: 4
[117.915s][debug][gc,phases      ] GC(19)   StringDedup Requests0 Weak     Min:  0.0, Avg:  0.0, Max:  0.0, Diff:  0.0, Sum:  0.0, Workers: 4
[117.915s][debug][gc,phases      ] GC(19)     Dead                           Min: 0, Avg:  0.0, Max: 0, Diff: 0, Sum: 0, Workers: 4
[117.915s][debug][gc,phases      ] GC(19)     Total                          Min: 0, Avg:  0.0, Max: 0, Diff: 0, Sum: 0, Workers: 4
[117.915s][debug][gc,phases      ] GC(19)   StringDedup Requests1 Weak     Min:  0.0, Avg:  0.0, Max:  0.0, Diff:  0.0, Sum:  0.0, Workers: 4
[117.915s][debug][gc,phases      ] GC(19)     Dead                           Min: 0, Avg:  0.0, Max: 0, Diff: 0, Sum: 0, Workers: 4
[117.915s][debug][gc,phases      ] GC(19)     Total                          Min: 0, Avg:  0.0, Max: 0, Diff: 0, Sum: 0, Workers: 4
[117.915s][debug][gc,phases      ] GC(19)   Weak JFR Old Object Samples    Min:  0.0, Avg:  0.0, Max:  0.0, Diff:  0.0, Sum:  0.0, Workers: 4
[117.915s][debug][gc,phases      ] GC(19)     Dead                           Min: 0, Avg:  0.0, Max: 0, Diff: 0, Sum: 0, Workers: 4
[117.915s][debug][gc,phases      ] GC(19)     Total                          Min: 0, Avg:  0.0, Max: 0, Diff: 0, Sum: 0, Workers: 4
[117.915s][debug][gc,phases      ] GC(19) Weak Processing 0.323ms
[117.915s][debug][gc,age         ] GC(19) Desired survivor size 498597888 bytes, new threshold 10 (max threshold 15)
[117.915s][info ][gc,heap        ] GC(19) PSYoungGen: 1203125K(1587200K)->126341K(1610240K) Eden: 1077248K(1077248K)->0K(1111040K) From: 125877K(509952K)->126341K(499200K)
[117.915s][info ][gc,heap        ] GC(19) ParOldGen: 266081K(432128K)->266089K(432128K)
[117.915s][info ][gc,metaspace   ] GC(19) Metaspace: 81067K(82176K)->81067K(82176K) NonClass: 69415K(70016K)->69415K(70016K) Class: 11652K(12160K)->11652K(12160K)
[117.915s][info ][gc             ] GC(19) Pause Young (Allocation Failure) 1434M->383M(1994M) 26.500ms
[117.915s][info ][gc,cpu         ] GC(19) User=0.10s Sys=0.00s Real=0.03s
[117.915s][info ][safepoint      ] Safepoint "ParallelGCFailedAllocation", Time since last: 235151528 ns, Reaching safepoint: 119700 ns, At safepoint: 26563971 ns, Total: 26683671 ns
[118.916s][info ][safepoint      ] Safepoint "Cleanup", Time since last: 1000105170 ns, Reaching safepoint: 64900 ns, At safepoint: 2700 ns, Total: 67600 ns
[119.916s][info ][safepoint      ] Safepoint "Cleanup", Time since last: 1000129440 ns, Reaching safepoint: 72300 ns, At safepoint: 3000 ns, Total: 75300 ns
[120.916s][info ][safepoint      ] Safepoint "Cleanup", Time since last: 1000130539 ns, Reaching safepoint: 38000 ns, At safepoint: 3700 ns, Total: 41700 ns
[122.916s][info ][safepoint      ] Safepoint "Cleanup", Time since last: 2000172277 ns, Reaching safepoint: 61200 ns, At safepoint: 2400 ns, Total: 63600 ns
[123.916s][info ][safepoint      ] Safepoint "Cleanup", Time since last: 1000099439 ns, Reaching safepoint: 38800 ns, At safepoint: 4000 ns, Total: 42800 ns
[124.916s][info ][safepoint      ] Safepoint "Cleanup", Time since last: 1000106939 ns, Reaching safepoint: 41800 ns, At safepoint: 3200 ns, Total: 45000 ns
[126.206s][info ][safepoint      ] Safepoint "Cleanup", Time since last: 1289851161 ns, Reaching safepoint: 161001 ns, At safepoint: 6000 ns, Total: 167001 ns
[127.207s][info ][safepoint      ] Safepoint "Cleanup", Time since last: 1000114438 ns, Reaching safepoint: 116701 ns, At safepoint: 6600 ns, Total: 123301 ns
[128.207s][info ][safepoint      ] Safepoint "Cleanup", Time since last: 1000116818 ns, Reaching safepoint: 138901 ns, At safepoint: 5300 ns, Total: 144201 ns
[129.207s][info ][safepoint      ] Safepoint "Cleanup", Time since last: 1000147610 ns, Reaching safepoint: 135500 ns, At safepoint: 5100 ns, Total: 140600 ns
[130.207s][info ][safepoint      ] Safepoint "Cleanup", Time since last: 1000132210 ns, Reaching safepoint: 111500 ns, At safepoint: 6700 ns, Total: 118200 ns
[131.208s][info ][safepoint      ] Safepoint "Cleanup", Time since last: 1000117010 ns, Reaching safepoint: 111701 ns, At safepoint: 6400 ns, Total: 118101 ns
[132.208s][info ][safepoint      ] Safepoint "Cleanup", Time since last: 1000135710 ns, Reaching safepoint: 111200 ns, At safepoint: 5300 ns, Total: 116500 ns
[133.208s][info ][safepoint      ] Safepoint "Cleanup", Time since last: 1000137710 ns, Reaching safepoint: 129800 ns, At safepoint: 5100 ns, Total: 134900 ns
[134.208s][info ][safepoint      ] Safepoint "Cleanup", Time since last: 1000121910 ns, Reaching safepoint: 119000 ns, At safepoint: 5300 ns, Total: 124300 ns
[135.209s][info ][safepoint      ] Safepoint "Cleanup", Time since last: 1000118710 ns, Reaching safepoint: 131401 ns, At safepoint: 9000 ns, Total: 140401 ns
[136.209s][info ][safepoint      ] Safepoint "Cleanup", Time since last: 1000124706 ns, Reaching safepoint: 134800 ns, At safepoint: 5500 ns, Total: 140300 ns
[137.209s][info ][safepoint      ] Safepoint "Cleanup", Time since last: 1000141204 ns, Reaching safepoint: 135101 ns, At safepoint: 7000 ns, Total: 142101 ns
[138.210s][info ][safepoint      ] Safepoint "Cleanup", Time since last: 1000126504 ns, Reaching safepoint: 122200 ns, At safepoint: 4500 ns, Total: 126700 ns
[139.210s][info ][safepoint      ] Safepoint "Cleanup", Time since last: 1000103405 ns, Reaching safepoint: 122200 ns, At safepoint: 6200 ns, Total: 128400 ns
[140.210s][info ][safepoint      ] Safepoint "Cleanup", Time since last: 1000100204 ns, Reaching safepoint: 123201 ns, At safepoint: 6600 ns, Total: 129801 ns
[141.210s][info ][safepoint      ] Safepoint "Cleanup", Time since last: 1000126204 ns, Reaching safepoint: 135000 ns, At safepoint: 7300 ns, Total: 142300 ns
[142.210s][info ][safepoint      ] Safepoint "Cleanup", Time since last: 1000104604 ns, Reaching safepoint: 115101 ns, At safepoint: 4300 ns, Total: 119401 ns
[143.211s][info ][safepoint      ] Safepoint "Cleanup", Time since last: 1000085204 ns, Reaching safepoint: 44600 ns, At safepoint: 2600 ns, Total: 47200 ns
[144.211s][info ][safepoint      ] Safepoint "Cleanup", Time since last: 1000107702 ns, Reaching safepoint: 120201 ns, At safepoint: 7700 ns, Total: 127901 ns
[145.211s][info ][safepoint      ] Safepoint "Cleanup", Time since last: 1000105201 ns, Reaching safepoint: 60800 ns, At safepoint: 7000 ns, Total: 67800 ns
[146.211s][info ][safepoint      ] Safepoint "Cleanup", Time since last: 1000121902 ns, Reaching safepoint: 119700 ns, At safepoint: 9500 ns, Total: 129200 ns
[149.212s][info ][safepoint      ] Safepoint "Cleanup", Time since last: 3000227004 ns, Reaching safepoint: 70000 ns, At safepoint: 7100 ns, Total: 77100 ns
[150.909s][info ][gc,start       ] GC(20) Pause Young (Allocation Failure)
[150.937s][debug][gc,phases      ] GC(20) Scavenge 27.841ms
[150.937s][debug][gc,ref         ] GC(20) Skipped phase 1 of Reference Processing: no references
[150.937s][debug][gc,ref         ] GC(20) ReferenceProcessor::execute queues: 3, RefProcThreadModel::Multi, marks_oops_alive: false
[150.937s][debug][gc,ref         ] GC(20) Skipped phase 3 of Reference Processing: no references
[150.937s][debug][gc,ref         ] GC(20) ReferenceProcessor::execute queues: 1, RefProcThreadModel::Single, marks_oops_alive: false
[150.937s][debug][gc,phases      ] GC(20) Reference Processing 0.230ms
[150.938s][debug][gc,phases      ] GC(20)   VM Weak                        Min:  0.0, Avg:  0.0, Max:  0.0, Diff:  0.0, Sum:  0.0, Workers: 4
[150.938s][debug][gc,phases      ] GC(20)     Dead                           Min: 0, Avg:  0.0, Max: 0, Diff: 0, Sum: 0, Workers: 4
[150.938s][debug][gc,phases      ] GC(20)     Total                          Min: 0, Avg: 223.8, Max: 511, Diff: 511, Sum: 895, Workers: 4
[150.938s][debug][gc,phases      ] GC(20)   ObjectSynchronizer Weak        Min:  0.0, Avg:  0.0, Max:  0.0, Diff:  0.0, Sum:  0.0, Workers: 4
[150.938s][debug][gc,phases      ] GC(20)     Dead                           Min: 0, Avg:  0.0, Max: 0, Diff: 0, Sum: 0, Workers: 4
[150.938s][debug][gc,phases      ] GC(20)     Total                          Min: 0, Avg: 11.5, Max: 46, Diff: 46, Sum: 46, Workers: 4
[150.938s][debug][gc,phases      ] GC(20)   JVMTI Tag Weak OopStorage      Min:  0.0, Avg:  0.0, Max:  0.0, Diff:  0.0, Sum:  0.0, Workers: 4
[150.938s][debug][gc,phases      ] GC(20)     Dead                           Min: 0, Avg:  0.0, Max: 0, Diff: 0, Sum: 0, Workers: 4
[150.938s][debug][gc,phases      ] GC(20)     Total                          Min: 0, Avg:  0.0, Max: 0, Diff: 0, Sum: 0, Workers: 4
[150.938s][debug][gc,phases      ] GC(20)   StringTable Weak               Min:  0.0, Avg:  0.1, Max:  0.1, Diff:  0.1, Sum:  0.4, Workers: 4
[150.938s][debug][gc,phases      ] GC(20)     Dead                           Min: 0, Avg:  0.0, Max: 0, Diff: 0, Sum: 0, Workers: 4
[150.938s][debug][gc,phases      ] GC(20)     Total                          Min: 0, Avg: 10811.8, Max: 18496, Diff: 18496, Sum: 43247, Workers: 4
[150.938s][debug][gc,phases      ] GC(20)   ResolvedMethodTable Weak       Min:  0.0, Avg:  0.0, Max:  0.1, Diff:  0.1, Sum:  0.2, Workers: 4
[150.938s][debug][gc,phases      ] GC(20)     Dead                           Min: 0, Avg:  0.0, Max: 0, Diff: 0, Sum: 0, Workers: 4
[150.938s][debug][gc,phases      ] GC(20)     Total                          Min: 0, Avg: 2341.0, Max: 3412, Diff: 3412, Sum: 9364, Workers: 4
[150.938s][debug][gc,phases      ] GC(20)   JNI Weak                       Min:  0.0, Avg:  0.0, Max:  0.0, Diff:  0.0, Sum:  0.0, Workers: 4
[150.938s][debug][gc,phases      ] GC(20)     Dead                           Min: 0, Avg:  0.0, Max: 0, Diff: 0, Sum: 0, Workers: 4
[150.938s][debug][gc,phases      ] GC(20)     Total                          Min: 0, Avg: 11.2, Max: 45, Diff: 45, Sum: 45, Workers: 4
[150.938s][debug][gc,phases      ] GC(20)   StringDedup Table Weak         Min:  0.0, Avg:  0.0, Max:  0.0, Diff:  0.0, Sum:  0.0, Workers: 4
[150.938s][debug][gc,phases      ] GC(20)     Dead                           Min: 0, Avg:  0.0, Max: 0, Diff: 0, Sum: 0, Workers: 4
[150.938s][debug][gc,phases      ] GC(20)     Total                          Min: 0, Avg:  0.0, Max: 0, Diff: 0, Sum: 0, Workers: 4
[150.938s][debug][gc,phases      ] GC(20)   StringDedup Requests0 Weak     Min:  0.0, Avg:  0.0, Max:  0.0, Diff:  0.0, Sum:  0.0, Workers: 4
[150.938s][debug][gc,phases      ] GC(20)     Dead                           Min: 0, Avg:  0.0, Max: 0, Diff: 0, Sum: 0, Workers: 4
[150.938s][debug][gc,phases      ] GC(20)     Total                          Min: 0, Avg:  0.0, Max: 0, Diff: 0, Sum: 0, Workers: 4
[150.938s][debug][gc,phases      ] GC(20)   StringDedup Requests1 Weak     Min:  0.0, Avg:  0.0, Max:  0.0, Diff:  0.0, Sum:  0.0, Workers: 4
[150.938s][debug][gc,phases      ] GC(20)     Dead                           Min: 0, Avg:  0.0, Max: 0, Diff: 0, Sum: 0, Workers: 4
[150.938s][debug][gc,phases      ] GC(20)     Total                          Min: 0, Avg:  0.0, Max: 0, Diff: 0, Sum: 0, Workers: 4
[150.938s][debug][gc,phases      ] GC(20)   Weak JFR Old Object Samples    Min:  0.0, Avg:  0.0, Max:  0.0, Diff:  0.0, Sum:  0.0, Workers: 4
[150.938s][debug][gc,phases      ] GC(20)     Dead                           Min: 0, Avg:  0.0, Max: 0, Diff: 0, Sum: 0, Workers: 4
[150.938s][debug][gc,phases      ] GC(20)     Total                          Min: 0, Avg:  0.0, Max: 0, Diff: 0, Sum: 0, Workers: 4
[150.938s][debug][gc,phases      ] GC(20) Weak Processing 0.355ms
[150.938s][debug][gc,age         ] GC(20) Desired survivor size 481820672 bytes, new threshold 11 (max threshold 15)
[150.938s][info ][gc,heap        ] GC(20) PSYoungGen: 1237381K(1610240K)->141625K(1597952K) Eden: 1111040K(1111040K)->0K(1111040K) From: 126341K(499200K)->141625K(486912K)
[150.938s][info ][gc,heap        ] GC(20) ParOldGen: 266089K(432128K)->266097K(432128K)
[150.938s][info ][gc,metaspace   ] GC(20) Metaspace: 81150K(82240K)->81150K(82240K) NonClass: 69496K(70080K)->69496K(70080K) Class: 11654K(12160K)->11654K(12160K)
[150.938s][info ][gc             ] GC(20) Pause Young (Allocation Failure) 1468M->398M(1982M) 28.554ms
[150.938s][info ][gc,cpu         ] GC(20) User=0.11s Sys=0.00s Real=0.04s
[150.938s][info ][safepoint      ] Safepoint "ParallelGCFailedAllocation", Time since last: 1697625056 ns, Reaching safepoint: 46400 ns, At safepoint: 28623280 ns, Total: 28669680 ns
[151.938s][info ][safepoint      ] Safepoint "Cleanup", Time since last: 1000084487 ns, Reaching safepoint: 38400 ns, At safepoint: 3000 ns, Total: 41400 ns
[152.938s][info ][safepoint      ] Safepoint "Cleanup", Time since last: 1000112566 ns, Reaching safepoint: 53200 ns, At safepoint: 5400 ns, Total: 58600 ns
[153.938s][info ][safepoint      ] Safepoint "Cleanup", Time since last: 1000107766 ns, Reaching safepoint: 50400 ns, At safepoint: 2600 ns, Total: 53000 ns
[154.939s][info ][safepoint      ] Safepoint "Cleanup", Time since last: 1000135066 ns, Reaching safepoint: 57700 ns, At safepoint: 7100 ns, Total: 64800 ns
[155.939s][info ][safepoint      ] Safepoint "Cleanup", Time since last: 1000106666 ns, Reaching safepoint: 48000 ns, At safepoint: 3900 ns, Total: 51900 ns
[156.939s][info ][safepoint      ] Safepoint "Cleanup", Time since last: 1000136665 ns, Reaching safepoint: 66301 ns, At safepoint: 3300 ns, Total: 69601 ns
[158.939s][info ][safepoint      ] Safepoint "Cleanup", Time since last: 2000196531 ns, Reaching safepoint: 71700 ns, At safepoint: 3500 ns, Total: 75200 ns
[160.939s][info ][safepoint      ] Safepoint "Cleanup", Time since last: 2000171869 ns, Reaching safepoint: 46700 ns, At safepoint: 4800 ns, Total: 51500 ns
[161.940s][info ][safepoint      ] Safepoint "Cleanup", Time since last: 1000103563 ns, Reaching safepoint: 45800 ns, At safepoint: 6900 ns, Total: 52700 ns
[162.940s][info ][safepoint      ] Safepoint "Cleanup", Time since last: 1000112663 ns, Reaching safepoint: 36900 ns, At safepoint: 3300 ns, Total: 40200 ns
[163.940s][info ][safepoint      ] Safepoint "Cleanup", Time since last: 1000096963 ns, Reaching safepoint: 96300 ns, At safepoint: 5700 ns, Total: 102000 ns
[164.940s][info ][safepoint      ] Safepoint "Cleanup", Time since last: 1000109363 ns, Reaching safepoint: 50900 ns, At safepoint: 2900 ns, Total: 53800 ns
[165.940s][info ][safepoint      ] Safepoint "Cleanup", Time since last: 1000098363 ns, Reaching safepoint: 73001 ns, At safepoint: 11000 ns, Total: 84001 ns
[166.952s][info ][safepoint      ] Safepoint "Cleanup", Time since last: 1011359882 ns, Reaching safepoint: 154701 ns, At safepoint: 10400 ns, Total: 165101 ns
[167.952s][info ][safepoint      ] Safepoint "Cleanup", Time since last: 1000097976 ns, Reaching safepoint: 91100 ns, At safepoint: 6900 ns, Total: 98000 ns
[168.952s][info ][safepoint      ] Safepoint "Cleanup", Time since last: 1000124770 ns, Reaching safepoint: 37200 ns, At safepoint: 3400 ns, Total: 40600 ns
[170.459s][info ][safepoint      ] Safepoint "Cleanup", Time since last: 1506710674 ns, Reaching safepoint: 124001 ns, At safepoint: 5600 ns, Total: 129601 ns
[171.459s][info ][safepoint      ] Safepoint "Cleanup", Time since last: 1000122870 ns, Reaching safepoint: 129800 ns, At safepoint: 4600 ns, Total: 134400 ns
[172.460s][info ][safepoint      ] Safepoint "Cleanup", Time since last: 1000119671 ns, Reaching safepoint: 147200 ns, At safepoint: 5400 ns, Total: 152600 ns
[174.460s][info ][safepoint      ] Safepoint "Cleanup", Time since last: 2000193941 ns, Reaching safepoint: 128201 ns, At safepoint: 4600 ns, Total: 132801 ns
[175.460s][info ][safepoint      ] Safepoint "Cleanup", Time since last: 1000124270 ns, Reaching safepoint: 121100 ns, At safepoint: 5400 ns, Total: 126500 ns
[176.460s][info ][safepoint      ] Safepoint "Cleanup", Time since last: 1000118515 ns, Reaching safepoint: 126200 ns, At safepoint: 5300 ns, Total: 131500 ns
[177.461s][info ][safepoint      ] Safepoint "Cleanup", Time since last: 1000125309 ns, Reaching safepoint: 119000 ns, At safepoint: 6000 ns, Total: 125000 ns
[178.461s][info ][safepoint      ] Safepoint "Cleanup", Time since last: 1000128909 ns, Reaching safepoint: 128500 ns, At safepoint: 10300 ns, Total: 138800 ns
[179.461s][info ][safepoint      ] Safepoint "Cleanup", Time since last: 1000111008 ns, Reaching safepoint: 122301 ns, At safepoint: 7100 ns, Total: 129401 ns
[181.461s][info ][safepoint      ] Safepoint "Cleanup", Time since last: 2000194517 ns, Reaching safepoint: 119400 ns, At safepoint: 5900 ns, Total: 125300 ns
[182.462s][info ][safepoint      ] Safepoint "Cleanup", Time since last: 1000135208 ns, Reaching safepoint: 117801 ns, At safepoint: 6700 ns, Total: 124501 ns
[183.462s][info ][safepoint      ] Safepoint "Cleanup", Time since last: 1000114408 ns, Reaching safepoint: 124500 ns, At safepoint: 5900 ns, Total: 130400 ns
[185.462s][info ][safepoint      ] Safepoint "Cleanup", Time since last: 2000209764 ns, Reaching safepoint: 51200 ns, At safepoint: 3700 ns, Total: 54900 ns
[186.462s][info ][safepoint      ] Safepoint "Cleanup", Time since last: 1000124300 ns, Reaching safepoint: 46900 ns, At safepoint: 8100 ns, Total: 55000 ns
[187.462s][info ][safepoint      ] Safepoint "Cleanup", Time since last: 1000100600 ns, Reaching safepoint: 36800 ns, At safepoint: 2100 ns, Total: 38900 ns
[188.463s][info ][safepoint      ] Safepoint "Cleanup", Time since last: 1000101100 ns, Reaching safepoint: 116100 ns, At safepoint: 5000 ns, Total: 121100 ns
[188.708s][info ][gc,start       ] GC(21) Pause Young (Allocation Failure)
[188.737s][debug][gc,phases      ] GC(21) Scavenge 28.945ms
[188.737s][debug][gc,ref         ] GC(21) Skipped phase 1 of Reference Processing: no references
[188.737s][debug][gc,ref         ] GC(21) ReferenceProcessor::execute queues: 3, RefProcThreadModel::Multi, marks_oops_alive: false
[188.737s][debug][gc,ref         ] GC(21) Skipped phase 3 of Reference Processing: no references
[188.737s][debug][gc,ref         ] GC(21) ReferenceProcessor::execute queues: 1, RefProcThreadModel::Single, marks_oops_alive: false
[188.737s][debug][gc,phases      ] GC(21) Reference Processing 0.230ms
[188.737s][debug][gc,phases      ] GC(21)   VM Weak                        Min:  0.0, Avg:  0.0, Max:  0.0, Diff:  0.0, Sum:  0.0, Workers: 4
[188.737s][debug][gc,phases      ] GC(21)     Dead                           Min: 0, Avg:  0.0, Max: 0, Diff: 0, Sum: 0, Workers: 4
[188.737s][debug][gc,phases      ] GC(21)     Total                          Min: 0, Avg: 225.8, Max: 576, Diff: 576, Sum: 903, Workers: 4
[188.737s][debug][gc,phases      ] GC(21)   ObjectSynchronizer Weak        Min:  0.0, Avg:  0.0, Max:  0.0, Diff:  0.0, Sum:  0.0, Workers: 4
[188.737s][debug][gc,phases      ] GC(21)     Dead                           Min: 0, Avg:  0.0, Max: 0, Diff: 0, Sum: 0, Workers: 4
[188.737s][debug][gc,phases      ] GC(21)     Total                          Min: 0, Avg: 11.5, Max: 46, Diff: 46, Sum: 46, Workers: 4
[188.737s][debug][gc,phases      ] GC(21)   JVMTI Tag Weak OopStorage      Min:  0.0, Avg:  0.0, Max:  0.0, Diff:  0.0, Sum:  0.0, Workers: 4
[188.737s][debug][gc,phases      ] GC(21)     Dead                           Min: 0, Avg:  0.0, Max: 0, Diff: 0, Sum: 0, Workers: 4
[188.737s][debug][gc,phases      ] GC(21)     Total                          Min: 0, Avg:  0.0, Max: 0, Diff: 0, Sum: 0, Workers: 4
[188.737s][debug][gc,phases      ] GC(21)   StringTable Weak               Min:  0.0, Avg:  0.1, Max:  0.1, Diff:  0.1, Sum:  0.4, Workers: 4
[188.737s][debug][gc,phases      ] GC(21)     Dead                           Min: 0, Avg:  0.0, Max: 0, Diff: 0, Sum: 0, Workers: 4
[188.737s][debug][gc,phases      ] GC(21)     Total                          Min: 0, Avg: 10829.2, Max: 18165, Diff: 18165, Sum: 43317, Workers: 4
[188.737s][debug][gc,phases      ] GC(21)   ResolvedMethodTable Weak       Min:  0.0, Avg:  0.0, Max:  0.0, Diff:  0.0, Sum:  0.1, Workers: 4
[188.737s][debug][gc,phases      ] GC(21)     Dead                           Min: 0, Avg:  0.0, Max: 0, Diff: 0, Sum: 0, Workers: 4
[188.737s][debug][gc,phases      ] GC(21)     Total                          Min: 0, Avg: 2349.0, Max: 3700, Diff: 3700, Sum: 9396, Workers: 4
[188.737s][debug][gc,phases      ] GC(21)   JNI Weak                       Min:  0.0, Avg:  0.0, Max:  0.0, Diff:  0.0, Sum:  0.0, Workers: 4
[188.737s][debug][gc,phases      ] GC(21)     Dead                           Min: 0, Avg:  0.0, Max: 0, Diff: 0, Sum: 0, Workers: 4
[188.737s][debug][gc,phases      ] GC(21)     Total                          Min: 0, Avg: 11.2, Max: 45, Diff: 45, Sum: 45, Workers: 4
[188.737s][debug][gc,phases      ] GC(21)   StringDedup Table Weak         Min:  0.0, Avg:  0.0, Max:  0.0, Diff:  0.0, Sum:  0.0, Workers: 4
[188.737s][debug][gc,phases      ] GC(21)     Dead                           Min: 0, Avg:  0.0, Max: 0, Diff: 0, Sum: 0, Workers: 4
[188.737s][debug][gc,phases      ] GC(21)     Total                          Min: 0, Avg:  0.0, Max: 0, Diff: 0, Sum: 0, Workers: 4
[188.737s][debug][gc,phases      ] GC(21)   StringDedup Requests0 Weak     Min:  0.0, Avg:  0.0, Max:  0.0, Diff:  0.0, Sum:  0.0, Workers: 4
[188.737s][debug][gc,phases      ] GC(21)     Dead                           Min: 0, Avg:  0.0, Max: 0, Diff: 0, Sum: 0, Workers: 4
[188.737s][debug][gc,phases      ] GC(21)     Total                          Min: 0, Avg:  0.0, Max: 0, Diff: 0, Sum: 0, Workers: 4
[188.737s][debug][gc,phases      ] GC(21)   StringDedup Requests1 Weak     Min:  0.0, Avg:  0.0, Max:  0.0, Diff:  0.0, Sum:  0.0, Workers: 4
[188.737s][debug][gc,phases      ] GC(21)     Dead                           Min: 0, Avg:  0.0, Max: 0, Diff: 0, Sum: 0, Workers: 4
[188.737s][debug][gc,phases      ] GC(21)     Total                          Min: 0, Avg:  0.0, Max: 0, Diff: 0, Sum: 0, Workers: 4
[188.737s][debug][gc,phases      ] GC(21)   Weak JFR Old Object Samples    Min:  0.0, Avg:  0.0, Max:  0.0, Diff:  0.0, Sum:  0.0, Workers: 4
[188.737s][debug][gc,phases      ] GC(21)     Dead                           Min: 0, Avg:  0.0, Max: 0, Diff: 0, Sum: 0, Workers: 4
[188.737s][debug][gc,phases      ] GC(21)     Total                          Min: 0, Avg:  0.0, Max: 0, Diff: 0, Sum: 0, Workers: 4
[188.737s][debug][gc,phases      ] GC(21) Weak Processing 0.331ms
[188.737s][debug][gc,age         ] GC(21) Desired survivor size 465043456 bytes, new threshold 12 (max threshold 15)
[188.737s][info ][gc,heap        ] GC(21) PSYoungGen: 1252665K(1597952K)->141398K(1643008K) Eden: 1111040K(1111040K)->0K(1172480K) From: 141625K(486912K)->141398K(470528K)
[188.737s][info ][gc,heap        ] GC(21) ParOldGen: 266097K(432128K)->266105K(432128K)
[188.737s][info ][gc,metaspace   ] GC(21) Metaspace: 81281K(82368K)->81281K(82368K) NonClass: 69616K(70208K)->69616K(70208K) Class: 11665K(12160K)->11665K(12160K)
[188.737s][info ][gc             ] GC(21) Pause Young (Allocation Failure) 1483M->397M(2026M) 29.626ms
[188.737s][info ][gc,cpu         ] GC(21) User=0.11s Sys=0.00s Real=0.03s
[188.737s][info ][safepoint      ] Safepoint "ParallelGCFailedAllocation", Time since last: 244804414 ns, Reaching safepoint: 119500 ns, At safepoint: 29694862 ns, Total: 29814362 ns
[189.737s][info ][safepoint      ] Safepoint "Cleanup", Time since last: 1000076600 ns, Reaching safepoint: 48600 ns, At safepoint: 3200 ns, Total: 51800 ns
[191.738s][info ][safepoint      ] Safepoint "Cleanup", Time since last: 2000152401 ns, Reaching safepoint: 58899 ns, At safepoint: 4200 ns, Total: 63099 ns
[193.738s][info ][safepoint      ] Safepoint "Cleanup", Time since last: 2000169221 ns, Reaching safepoint: 46898 ns, At safepoint: 2500 ns, Total: 49398 ns
[195.738s][info ][safepoint      ] Safepoint "Cleanup", Time since last: 2000188643 ns, Reaching safepoint: 55900 ns, At safepoint: 2800 ns, Total: 58700 ns
[196.738s][info ][safepoint      ] Safepoint "Cleanup", Time since last: 1000132523 ns, Reaching safepoint: 58201 ns, At safepoint: 6700 ns, Total: 64901 ns
[197.739s][info ][safepoint      ] Safepoint "Cleanup", Time since last: 1000110323 ns, Reaching safepoint: 45700 ns, At safepoint: 2600 ns, Total: 48300 ns
[198.739s][info ][safepoint      ] Safepoint "Cleanup", Time since last: 1000100624 ns, Reaching safepoint: 49000 ns, At safepoint: 2700 ns, Total: 51700 ns
[199.739s][info ][safepoint      ] Safepoint "Cleanup", Time since last: 1000116967 ns, Reaching safepoint: 46799 ns, At safepoint: 5300 ns, Total: 52099 ns
[200.739s][info ][safepoint      ] Safepoint "Cleanup", Time since last: 1000104346 ns, Reaching safepoint: 45999 ns, At safepoint: 3000 ns, Total: 48999 ns
[204.739s][info ][safepoint      ] Safepoint "Cleanup", Time since last: 4000350663 ns, Reaching safepoint: 40701 ns, At safepoint: 3000 ns, Total: 43701 ns
[205.740s][info ][safepoint      ] Safepoint "Cleanup", Time since last: 1000136071 ns, Reaching safepoint: 51000 ns, At safepoint: 4600 ns, Total: 55600 ns
[206.740s][info ][safepoint      ] Safepoint "Cleanup", Time since last: 1000146972 ns, Reaching safepoint: 51700 ns, At safepoint: 5800 ns, Total: 57500 ns
[207.740s][info ][safepoint      ] Safepoint "Cleanup", Time since last: 1000101173 ns, Reaching safepoint: 73195 ns, At safepoint: 5200 ns, Total: 78395 ns
[210.740s][info ][safepoint      ] Safepoint "Cleanup", Time since last: 3000248108 ns, Reaching safepoint: 54000 ns, At safepoint: 2600 ns, Total: 56600 ns
[212.741s][info ][safepoint      ] Safepoint "Cleanup", Time since last: 2000204456 ns, Reaching safepoint: 47200 ns, At safepoint: 2500 ns, Total: 49700 ns
[213.741s][info ][safepoint      ] Safepoint "Cleanup", Time since last: 1000105878 ns, Reaching safepoint: 37000 ns, At safepoint: 2700 ns, Total: 39700 ns
[214.741s][info ][safepoint      ] Safepoint "Cleanup", Time since last: 1000099278 ns, Reaching safepoint: 79200 ns, At safepoint: 2200 ns, Total: 81400 ns
[215.741s][info ][safepoint      ] Safepoint "Cleanup", Time since last: 1000100732 ns, Reaching safepoint: 124199 ns, At safepoint: 5300 ns, Total: 129499 ns
[216.741s][info ][safepoint      ] Safepoint "Cleanup", Time since last: 1000107695 ns, Reaching safepoint: 38900 ns, At safepoint: 34100 ns, Total: 73000 ns
[217.741s][info ][safepoint      ] Safepoint "Cleanup", Time since last: 1000096895 ns, Reaching safepoint: 57800 ns, At safepoint: 4200 ns, Total: 62000 ns
[219.742s][info ][safepoint      ] Safepoint "Cleanup", Time since last: 2000123988 ns, Reaching safepoint: 116600 ns, At safepoint: 5600 ns, Total: 122200 ns
[220.742s][info ][safepoint      ] Safepoint "Cleanup", Time since last: 1000109168 ns, Reaching safepoint: 45400 ns, At safepoint: 2700 ns, Total: 48100 ns
[221.742s][info ][safepoint      ] Safepoint "Cleanup", Time since last: 1000130269 ns, Reaching safepoint: 54000 ns, At safepoint: 8900 ns, Total: 62900 ns
[222.742s][info ][safepoint      ] Safepoint "Cleanup", Time since last: 1000115968 ns, Reaching safepoint: 48000 ns, At safepoint: 5100 ns, Total: 53100 ns
[223.742s][info ][safepoint      ] Safepoint "Cleanup", Time since last: 1000104563 ns, Reaching safepoint: 39800 ns, At safepoint: 2500 ns, Total: 42300 ns
[224.742s][info ][safepoint      ] Safepoint "Cleanup", Time since last: 1000124682 ns, Reaching safepoint: 54300 ns, At safepoint: 2900 ns, Total: 57200 ns
[225.743s][info ][safepoint      ] Safepoint "Cleanup", Time since last: 1000107081 ns, Reaching safepoint: 45200 ns, At safepoint: 3500 ns, Total: 48700 ns
[226.743s][info ][safepoint      ] Safepoint "Cleanup", Time since last: 1000080481 ns, Reaching safepoint: 44000 ns, At safepoint: 2600 ns, Total: 46600 ns
[227.743s][info ][safepoint      ] Safepoint "Cleanup", Time since last: 1000107082 ns, Reaching safepoint: 49200 ns, At safepoint: 2500 ns, Total: 51700 ns
[228.743s][info ][safepoint      ] Safepoint "Cleanup", Time since last: 1000130481 ns, Reaching safepoint: 46800 ns, At safepoint: 6200 ns, Total: 53000 ns
[229.743s][info ][safepoint      ] Safepoint "Cleanup", Time since last: 1000136381 ns, Reaching safepoint: 111900 ns, At safepoint: 5300 ns, Total: 117200 ns
[231.209s][info ][gc,start       ] GC(22) Pause Young (Allocation Failure)
[231.236s][debug][gc,phases      ] GC(22) Scavenge 26.961ms
[231.236s][debug][gc,ref         ] GC(22) Skipped phase 1 of Reference Processing: no references
[231.236s][debug][gc,ref         ] GC(22) ReferenceProcessor::execute queues: 3, RefProcThreadModel::Multi, marks_oops_alive: false
[231.236s][debug][gc,ref         ] GC(22) Skipped phase 3 of Reference Processing: no references
[231.237s][debug][gc,ref         ] GC(22) ReferenceProcessor::execute queues: 1, RefProcThreadModel::Single, marks_oops_alive: false
[231.237s][debug][gc,phases      ] GC(22) Reference Processing 0.237ms
[231.237s][debug][gc,phases      ] GC(22)   VM Weak                        Min:  0.0, Avg:  0.0, Max:  0.0, Diff:  0.0, Sum:  0.0, Workers: 4
[231.237s][debug][gc,phases      ] GC(22)     Dead                           Min: 0, Avg:  0.0, Max: 0, Diff: 0, Sum: 0, Workers: 4
[231.237s][debug][gc,phases      ] GC(22)     Total                          Min: 64, Avg: 227.0, Max: 512, Diff: 448, Sum: 908, Workers: 4
[231.237s][debug][gc,phases      ] GC(22)   ObjectSynchronizer Weak        Min:  0.0, Avg:  0.0, Max:  0.0, Diff:  0.0, Sum:  0.0, Workers: 4
[231.237s][debug][gc,phases      ] GC(22)     Dead                           Min: 0, Avg:  0.0, Max: 0, Diff: 0, Sum: 0, Workers: 4
[231.237s][debug][gc,phases      ] GC(22)     Total                          Min: 0, Avg: 11.5, Max: 46, Diff: 46, Sum: 46, Workers: 4
[231.237s][debug][gc,phases      ] GC(22)   JVMTI Tag Weak OopStorage      Min:  0.0, Avg:  0.0, Max:  0.0, Diff:  0.0, Sum:  0.0, Workers: 4
[231.237s][debug][gc,phases      ] GC(22)     Dead                           Min: 0, Avg:  0.0, Max: 0, Diff: 0, Sum: 0, Workers: 4
[231.237s][debug][gc,phases      ] GC(22)     Total                          Min: 0, Avg:  0.0, Max: 0, Diff: 0, Sum: 0, Workers: 4
[231.237s][debug][gc,phases      ] GC(22)   StringTable Weak               Min:  0.1, Avg:  0.1, Max:  0.1, Diff:  0.0, Sum:  0.5, Workers: 4
[231.237s][debug][gc,phases      ] GC(22)     Dead                           Min: 0, Avg:  0.2, Max: 1, Diff: 1, Sum: 1, Workers: 4
[231.237s][debug][gc,phases      ] GC(22)     Total                          Min: 10432, Avg: 10830.8, Max: 11071, Diff: 639, Sum: 43323, Workers: 4
[231.237s][debug][gc,phases      ] GC(22)   ResolvedMethodTable Weak       Min:  0.0, Avg:  0.0, Max:  0.0, Diff:  0.0, Sum:  0.1, Workers: 4
[231.237s][debug][gc,phases      ] GC(22)     Dead                           Min: 0, Avg:  0.0, Max: 0, Diff: 0, Sum: 0, Workers: 4
[231.237s][debug][gc,phases      ] GC(22)     Total                          Min: 2115, Avg: 2352.8, Max: 2560, Diff: 445, Sum: 9411, Workers: 4
[231.237s][debug][gc,phases      ] GC(22)   JNI Weak                       Min:  0.0, Avg:  0.0, Max:  0.0, Diff:  0.0, Sum:  0.0, Workers: 4
[231.237s][debug][gc,phases      ] GC(22)     Dead                           Min: 0, Avg:  0.0, Max: 0, Diff: 0, Sum: 0, Workers: 4
[231.237s][debug][gc,phases      ] GC(22)     Total                          Min: 0, Avg: 11.2, Max: 45, Diff: 45, Sum: 45, Workers: 4
[231.237s][debug][gc,phases      ] GC(22)   StringDedup Table Weak         Min:  0.0, Avg:  0.0, Max:  0.0, Diff:  0.0, Sum:  0.0, Workers: 4
[231.237s][debug][gc,phases      ] GC(22)     Dead                           Min: 0, Avg:  0.0, Max: 0, Diff: 0, Sum: 0, Workers: 4
[231.237s][debug][gc,phases      ] GC(22)     Total                          Min: 0, Avg:  0.0, Max: 0, Diff: 0, Sum: 0, Workers: 4
[231.237s][debug][gc,phases      ] GC(22)   StringDedup Requests0 Weak     Min:  0.0, Avg:  0.0, Max:  0.0, Diff:  0.0, Sum:  0.0, Workers: 4
[231.237s][debug][gc,phases      ] GC(22)     Dead                           Min: 0, Avg:  0.0, Max: 0, Diff: 0, Sum: 0, Workers: 4
[231.237s][debug][gc,phases      ] GC(22)     Total                          Min: 0, Avg:  0.0, Max: 0, Diff: 0, Sum: 0, Workers: 4
[231.237s][debug][gc,phases      ] GC(22)   StringDedup Requests1 Weak     Min:  0.0, Avg:  0.0, Max:  0.0, Diff:  0.0, Sum:  0.0, Workers: 4
[231.237s][debug][gc,phases      ] GC(22)     Dead                           Min: 0, Avg:  0.0, Max: 0, Diff: 0, Sum: 0, Workers: 4
[231.237s][debug][gc,phases      ] GC(22)     Total                          Min: 0, Avg:  0.0, Max: 0, Diff: 0, Sum: 0, Workers: 4
[231.237s][debug][gc,phases      ] GC(22)   Weak JFR Old Object Samples    Min:  0.0, Avg:  0.0, Max:  0.0, Diff:  0.0, Sum:  0.0, Workers: 4
[231.237s][debug][gc,phases      ] GC(22)     Dead                           Min: 0, Avg:  0.0, Max: 0, Diff: 0, Sum: 0, Workers: 4
[231.237s][debug][gc,phases      ] GC(22)     Total                          Min: 0, Avg:  0.0, Max: 0, Diff: 0, Sum: 0, Workers: 4
[231.237s][debug][gc,phases      ] GC(22) Weak Processing 0.310ms
[231.237s][debug][gc,age         ] GC(22) Desired survivor size 448266240 bytes, new threshold 13 (max threshold 15)
[231.237s][info ][gc,heap        ] GC(22) PSYoungGen: 1313878K(1643008K)->141797K(1626624K) Eden: 1172480K(1172480K)->0K(1172480K) From: 141398K(470528K)->141797K(454144K)
[231.237s][info ][gc,heap        ] GC(22) ParOldGen: 266105K(432128K)->266113K(432128K)
[231.237s][info ][gc,metaspace   ] GC(22) Metaspace: 81346K(82432K)->81346K(82432K) NonClass: 69675K(70272K)->69675K(70272K) Class: 11670K(12160K)->11670K(12160K)
[231.237s][info ][gc             ] GC(22) Pause Young (Allocation Failure) 1542M->398M(2010M) 27.637ms
[231.237s][info ][gc,cpu         ] GC(22) User=0.10s Sys=0.00s Real=0.03s
[231.237s][info ][safepoint      ] Safepoint "ParallelGCFailedAllocation", Time since last: 1465789869 ns, Reaching safepoint: 41600 ns, At safepoint: 27699522 ns, Total: 27741122 ns
[235.237s][info ][safepoint      ] Safepoint "Cleanup", Time since last: 4000251908 ns, Reaching safepoint: 45300 ns, At safepoint: 3000 ns, Total: 48300 ns
[236.237s][info ][safepoint      ] Safepoint "Cleanup", Time since last: 1000108102 ns, Reaching safepoint: 47200 ns, At safepoint: 3100 ns, Total: 50300 ns
[237.238s][info ][safepoint      ] Safepoint "Cleanup", Time since last: 1000132702 ns, Reaching safepoint: 54300 ns, At safepoint: 24999 ns, Total: 79299 ns
[238.238s][info ][safepoint      ] Safepoint "Cleanup", Time since last: 1000107602 ns, Reaching safepoint: 106000 ns, At safepoint: 2600 ns, Total: 108600 ns
[239.238s][info ][safepoint      ] Safepoint "Cleanup", Time since last: 1000098202 ns, Reaching safepoint: 44400 ns, At safepoint: 2600 ns, Total: 47000 ns
[240.238s][info ][safepoint      ] Safepoint "Cleanup", Time since last: 1000134409 ns, Reaching safepoint: 46600 ns, At safepoint: 3500 ns, Total: 50100 ns
[241.521s][info ][safepoint      ] Safepoint "Cleanup", Time since last: 1282929974 ns, Reaching safepoint: 88800 ns, At safepoint: 5300 ns, Total: 94100 ns
[242.521s][info ][safepoint      ] Safepoint "Cleanup", Time since last: 1000093044 ns, Reaching safepoint: 54800 ns, At safepoint: 2700 ns, Total: 57500 ns
[243.521s][info ][safepoint      ] Safepoint "Cleanup", Time since last: 1000132644 ns, Reaching safepoint: 56900 ns, At safepoint: 3700 ns, Total: 60600 ns
[246.522s][info ][safepoint      ] Safepoint "Cleanup", Time since last: 3000258638 ns, Reaching safepoint: 115700 ns, At safepoint: 6600 ns, Total: 122300 ns
[249.522s][info ][safepoint      ] Safepoint "Cleanup", Time since last: 3000247531 ns, Reaching safepoint: 50200 ns, At safepoint: 8100 ns, Total: 58300 ns
[255.523s][info ][safepoint      ] Safepoint "Cleanup", Time since last: 6000408928 ns, Reaching safepoint: 115500 ns, At safepoint: 8000 ns, Total: 123500 ns
[259.523s][info ][safepoint      ] Safepoint "Cleanup", Time since last: 4000269205 ns, Reaching safepoint: 45700 ns, At safepoint: 2900 ns, Total: 48600 ns
[262.523s][info ][safepoint      ] Safepoint "Cleanup", Time since last: 3000223725 ns, Reaching safepoint: 42600 ns, At safepoint: 3100 ns, Total: 45700 ns
[263.523s][info ][safepoint      ] Safepoint "Cleanup", Time since last: 1000104009 ns, Reaching safepoint: 42600 ns, At safepoint: 3400 ns, Total: 46000 ns
[264.524s][info ][safepoint      ] Safepoint "Cleanup", Time since last: 1000106641 ns, Reaching safepoint: 45800 ns, At safepoint: 2700 ns, Total: 48500 ns
[266.524s][info ][safepoint      ] Safepoint "Cleanup", Time since last: 2000164348 ns, Reaching safepoint: 57200 ns, At safepoint: 5400 ns, Total: 62600 ns
[267.524s][info ][safepoint      ] Safepoint "Cleanup", Time since last: 1000094175 ns, Reaching safepoint: 43900 ns, At safepoint: 3100 ns, Total: 47000 ns
[268.524s][info ][safepoint      ] Safepoint "Cleanup", Time since last: 1000097574 ns, Reaching safepoint: 41800 ns, At safepoint: 2800 ns, Total: 44600 ns
[269.524s][info ][safepoint      ] Safepoint "Cleanup", Time since last: 1000114574 ns, Reaching safepoint: 46600 ns, At safepoint: 2900 ns, Total: 49500 ns
[271.525s][info ][safepoint      ] Safepoint "Cleanup", Time since last: 2000183349 ns, Reaching safepoint: 51600 ns, At safepoint: 2600 ns, Total: 54200 ns
[272.525s][info ][safepoint      ] Safepoint "Cleanup", Time since last: 1000099233 ns, Reaching safepoint: 44500 ns, At safepoint: 2400 ns, Total: 46900 ns
[272.959s][info ][gc,start       ] GC(23) Pause Young (Allocation Failure)
[272.987s][debug][gc,phases      ] GC(23) Scavenge 28.695ms
[272.987s][debug][gc,ref         ] GC(23) Skipped phase 1 of Reference Processing: no references
[272.987s][debug][gc,ref         ] GC(23) ReferenceProcessor::execute queues: 3, RefProcThreadModel::Multi, marks_oops_alive: false
[272.988s][debug][gc,ref         ] GC(23) Skipped phase 3 of Reference Processing: no references
[272.988s][debug][gc,ref         ] GC(23) ReferenceProcessor::execute queues: 1, RefProcThreadModel::Single, marks_oops_alive: false
[272.988s][debug][gc,phases      ] GC(23) Reference Processing 0.231ms
[272.988s][debug][gc,phases      ] GC(23)   VM Weak                        Min:  0.0, Avg:  0.0, Max:  0.0, Diff:  0.0, Sum:  0.0, Workers: 4
[272.988s][debug][gc,phases      ] GC(23)     Dead                           Min: 0, Avg:  0.0, Max: 0, Diff: 0, Sum: 0, Workers: 4
[272.988s][debug][gc,phases      ] GC(23)     Total                          Min: 64, Avg: 227.0, Max: 512, Diff: 448, Sum: 908, Workers: 4
[272.988s][debug][gc,phases      ] GC(23)   ObjectSynchronizer Weak        Min:  0.0, Avg:  0.0, Max:  0.0, Diff:  0.0, Sum:  0.0, Workers: 4
[272.988s][debug][gc,phases      ] GC(23)     Dead                           Min: 0, Avg:  0.0, Max: 0, Diff: 0, Sum: 0, Workers: 4
[272.988s][debug][gc,phases      ] GC(23)     Total                          Min: 0, Avg: 11.5, Max: 46, Diff: 46, Sum: 46, Workers: 4
[272.988s][debug][gc,phases      ] GC(23)   JVMTI Tag Weak OopStorage      Min:  0.0, Avg:  0.0, Max:  0.0, Diff:  0.0, Sum:  0.0, Workers: 4
[272.988s][debug][gc,phases      ] GC(23)     Dead                           Min: 0, Avg:  0.0, Max: 0, Diff: 0, Sum: 0, Workers: 4
[272.988s][debug][gc,phases      ] GC(23)     Total                          Min: 0, Avg:  0.0, Max: 0, Diff: 0, Sum: 0, Workers: 4
[272.988s][debug][gc,phases      ] GC(23)   StringTable Weak               Min:  0.1, Avg:  0.1, Max:  0.1, Diff:  0.0, Sum:  0.5, Workers: 4
[272.988s][debug][gc,phases      ] GC(23)     Dead                           Min: 0, Avg:  0.0, Max: 0, Diff: 0, Sum: 0, Workers: 4
[272.988s][debug][gc,phases      ] GC(23)     Total                          Min: 10367, Avg: 10831.0, Max: 12160, Diff: 1793, Sum: 43324, Workers: 4
[272.988s][debug][gc,phases      ] GC(23)   ResolvedMethodTable Weak       Min:  0.0, Avg:  0.0, Max:  0.0, Diff:  0.0, Sum:  0.1, Workers: 4
[272.988s][debug][gc,phases      ] GC(23)     Dead                           Min: 0, Avg:  0.0, Max: 0, Diff: 0, Sum: 0, Workers: 4
[272.988s][debug][gc,phases      ] GC(23)     Total                          Min: 2112, Avg: 2352.8, Max: 2560, Diff: 448, Sum: 9411, Workers: 4
[272.988s][debug][gc,phases      ] GC(23)   JNI Weak                       Min:  0.0, Avg:  0.0, Max:  0.0, Diff:  0.0, Sum:  0.0, Workers: 4
[272.988s][debug][gc,phases      ] GC(23)     Dead                           Min: 0, Avg:  0.0, Max: 0, Diff: 0, Sum: 0, Workers: 4
[272.988s][debug][gc,phases      ] GC(23)     Total                          Min: 0, Avg: 11.2, Max: 45, Diff: 45, Sum: 45, Workers: 4
[272.988s][debug][gc,phases      ] GC(23)   StringDedup Table Weak         Min:  0.0, Avg:  0.0, Max:  0.0, Diff:  0.0, Sum:  0.0, Workers: 4
[272.988s][debug][gc,phases      ] GC(23)     Dead                           Min: 0, Avg:  0.0, Max: 0, Diff: 0, Sum: 0, Workers: 4
[272.988s][debug][gc,phases      ] GC(23)     Total                          Min: 0, Avg:  0.0, Max: 0, Diff: 0, Sum: 0, Workers: 4
[272.988s][debug][gc,phases      ] GC(23)   StringDedup Requests0 Weak     Min:  0.0, Avg:  0.0, Max:  0.0, Diff:  0.0, Sum:  0.0, Workers: 4
[272.988s][debug][gc,phases      ] GC(23)     Dead                           Min: 0, Avg:  0.0, Max: 0, Diff: 0, Sum: 0, Workers: 4
[272.988s][debug][gc,phases      ] GC(23)     Total                          Min: 0, Avg:  0.0, Max: 0, Diff: 0, Sum: 0, Workers: 4
[272.988s][debug][gc,phases      ] GC(23)   StringDedup Requests1 Weak     Min:  0.0, Avg:  0.0, Max:  0.0, Diff:  0.0, Sum:  0.0, Workers: 4
[272.988s][debug][gc,phases      ] GC(23)     Dead                           Min: 0, Avg:  0.0, Max: 0, Diff: 0, Sum: 0, Workers: 4
[272.988s][debug][gc,phases      ] GC(23)     Total                          Min: 0, Avg:  0.0, Max: 0, Diff: 0, Sum: 0, Workers: 4
[272.988s][debug][gc,phases      ] GC(23)   Weak JFR Old Object Samples    Min:  0.0, Avg:  0.0, Max:  0.0, Diff:  0.0, Sum:  0.0, Workers: 4
[272.988s][debug][gc,phases      ] GC(23)     Dead                           Min: 0, Avg:  0.0, Max: 0, Diff: 0, Sum: 0, Workers: 4
[272.988s][debug][gc,phases      ] GC(23)     Total                          Min: 0, Avg:  0.0, Max: 0, Diff: 0, Sum: 0, Workers: 4
[272.988s][debug][gc,phases      ] GC(23) Weak Processing 0.309ms
[272.988s][debug][gc,age         ] GC(23) Desired survivor size 431489024 bytes, new threshold 14 (max threshold 15)
[272.988s][info ][gc,heap        ] GC(23) PSYoungGen: 1314277K(1626624K)->141529K(1675776K) Eden: 1172480K(1172480K)->0K(1238016K) From: 141797K(454144K)->141529K(437760K)
[272.988s][info ][gc,heap        ] GC(23) ParOldGen: 266113K(432128K)->266121K(432128K)
[272.988s][info ][gc,metaspace   ] GC(23) Metaspace: 81398K(82496K)->81398K(82496K) NonClass: 69727K(70336K)->69727K(70336K) Class: 11670K(12160K)->11670K(12160K)
[272.988s][info ][gc             ] GC(23) Pause Young (Allocation Failure) 1543M->398M(2058M) 29.351ms
[272.988s][info ][gc,cpu         ] GC(23) User=0.11s Sys=0.00s Real=0.02s
[272.988s][info ][safepoint      ] Safepoint "ParallelGCFailedAllocation", Time since last: 433849724 ns, Reaching safepoint: 28000 ns, At safepoint: 29423588 ns, Total: 29451588 ns
[273.988s][info ][safepoint      ] Safepoint "Cleanup", Time since last: 1000078096 ns, Reaching safepoint: 37900 ns, At safepoint: 2900 ns, Total: 40800 ns
[275.988s][info ][safepoint      ] Safepoint "Cleanup", Time since last: 2000180292 ns, Reaching safepoint: 47000 ns, At safepoint: 4900 ns, Total: 51900 ns
[276.988s][info ][safepoint      ] Safepoint "Cleanup", Time since last: 1000122096 ns, Reaching safepoint: 37500 ns, At safepoint: 3000 ns, Total: 40500 ns
[278.989s][info ][safepoint      ] Safepoint "Cleanup", Time since last: 2000199746 ns, Reaching safepoint: 53300 ns, At safepoint: 8300 ns, Total: 61600 ns
[280.989s][info ][safepoint      ] Safepoint "Cleanup", Time since last: 2000138132 ns, Reaching safepoint: 40300 ns, At safepoint: 2900 ns, Total: 43200 ns
[281.989s][info ][safepoint      ] Safepoint "Cleanup", Time since last: 1000096826 ns, Reaching safepoint: 33300 ns, At safepoint: 3400 ns, Total: 36700 ns
[283.989s][info ][safepoint      ] Safepoint "Cleanup", Time since last: 2000192751 ns, Reaching safepoint: 57300 ns, At safepoint: 2900 ns, Total: 60200 ns
[284.989s][info ][safepoint      ] Safepoint "Cleanup", Time since last: 1000110425 ns, Reaching safepoint: 47200 ns, At safepoint: 4600 ns, Total: 51800 ns
[285.990s][info ][safepoint      ] Safepoint "Cleanup", Time since last: 1000112526 ns, Reaching safepoint: 47200 ns, At safepoint: 3100 ns, Total: 50300 ns
[288.990s][info ][safepoint      ] Safepoint "Cleanup", Time since last: 3000232907 ns, Reaching safepoint: 46401 ns, At safepoint: 3600 ns, Total: 50001 ns
[289.990s][info ][safepoint      ] Safepoint "Cleanup", Time since last: 1000112863 ns, Reaching safepoint: 44300 ns, At safepoint: 3200 ns, Total: 47500 ns
[291.990s][info ][safepoint      ] Safepoint "Cleanup", Time since last: 2000140329 ns, Reaching safepoint: 44500 ns, At safepoint: 2700 ns, Total: 47200 ns
[292.990s][info ][safepoint      ] Safepoint "Cleanup", Time since last: 1000100064 ns, Reaching safepoint: 41500 ns, At safepoint: 6500 ns, Total: 48000 ns
[293.991s][info ][safepoint      ] Safepoint "Cleanup", Time since last: 1000110664 ns, Reaching safepoint: 36300 ns, At safepoint: 3000 ns, Total: 39300 ns
[294.991s][info ][safepoint      ] Safepoint "Cleanup", Time since last: 1000119665 ns, Reaching safepoint: 56700 ns, At safepoint: 2900 ns, Total: 59600 ns
[295.991s][info ][safepoint      ] Safepoint "Cleanup", Time since last: 1000102163 ns, Reaching safepoint: 52700 ns, At safepoint: 6800 ns, Total: 59500 ns
[296.991s][info ][safepoint      ] Safepoint "Cleanup", Time since last: 1000132988 ns, Reaching safepoint: 57900 ns, At safepoint: 6800 ns, Total: 64700 ns
[297.991s][info ][safepoint      ] Safepoint "Cleanup", Time since last: 1000124187 ns, Reaching safepoint: 40600 ns, At safepoint: 3500 ns, Total: 44100 ns
[299.992s][info ][safepoint      ] Safepoint "Cleanup", Time since last: 2000187875 ns, Reaching safepoint: 59000 ns, At safepoint: 6100 ns, Total: 65100 ns
[300.992s][info ][safepoint      ] Safepoint "Cleanup", Time since last: 1000131788 ns, Reaching safepoint: 41500 ns, At safepoint: 3100 ns, Total: 44600 ns
[301.992s][info ][safepoint      ] Safepoint "Cleanup", Time since last: 1000116122 ns, Reaching safepoint: 64000 ns, At safepoint: 3600 ns, Total: 67600 ns
[302.992s][info ][safepoint      ] Safepoint "Cleanup", Time since last: 1000107710 ns, Reaching safepoint: 44600 ns, At safepoint: 3000 ns, Total: 47600 ns
[304.992s][info ][safepoint      ] Safepoint "Cleanup", Time since last: 2000219985 ns, Reaching safepoint: 47000 ns, At safepoint: 3300 ns, Total: 50300 ns
[306.993s][info ][safepoint      ] Safepoint "Cleanup", Time since last: 2000170880 ns, Reaching safepoint: 44600 ns, At safepoint: 2400 ns, Total: 47000 ns
[307.993s][info ][safepoint      ] Safepoint "Cleanup", Time since last: 1000102190 ns, Reaching safepoint: 38600 ns, At safepoint: 2700 ns, Total: 41300 ns
[311.993s][info ][safepoint      ] Safepoint "Cleanup", Time since last: 4000318045 ns, Reaching safepoint: 44000 ns, At safepoint: 2400 ns, Total: 46400 ns
[313.993s][info ][safepoint      ] Safepoint "Cleanup", Time since last: 2000162081 ns, Reaching safepoint: 43400 ns, At safepoint: 3000 ns, Total: 46400 ns
[315.552s][info ][safepoint      ] Safepoint "Cleanup", Time since last: 1558337516 ns, Reaching safepoint: 111000 ns, At safepoint: 7000 ns, Total: 118000 ns
[315.960s][info ][gc,start       ] GC(24) Pause Young (Allocation Failure)
[315.989s][debug][gc,phases      ] GC(24) Scavenge 29.214ms
[315.989s][debug][gc,ref         ] GC(24) Skipped phase 1 of Reference Processing: no references
[315.989s][debug][gc,ref         ] GC(24) ReferenceProcessor::execute queues: 3, RefProcThreadModel::Multi, marks_oops_alive: false
[315.989s][debug][gc,ref         ] GC(24) Skipped phase 3 of Reference Processing: no references
[315.989s][debug][gc,ref         ] GC(24) ReferenceProcessor::execute queues: 1, RefProcThreadModel::Single, marks_oops_alive: false
[315.989s][debug][gc,phases      ] GC(24) Reference Processing 0.279ms
[315.989s][debug][gc,phases      ] GC(24)   VM Weak                        Min:  0.0, Avg:  0.0, Max:  0.0, Diff:  0.0, Sum:  0.0, Workers: 4
[315.989s][debug][gc,phases      ] GC(24)     Dead                           Min: 0, Avg:  0.0, Max: 0, Diff: 0, Sum: 0, Workers: 4
[315.989s][debug][gc,phases      ] GC(24)     Total                          Min: 0, Avg: 227.2, Max: 704, Diff: 704, Sum: 909, Workers: 4
[315.989s][debug][gc,phases      ] GC(24)   ObjectSynchronizer Weak        Min:  0.0, Avg:  0.0, Max:  0.0, Diff:  0.0, Sum:  0.0, Workers: 4
[315.989s][debug][gc,phases      ] GC(24)     Dead                           Min: 0, Avg:  2.0, Max: 8, Diff: 8, Sum: 8, Workers: 4
[315.989s][debug][gc,phases      ] GC(24)     Total                          Min: 0, Avg: 13.5, Max: 54, Diff: 54, Sum: 54, Workers: 4
[315.989s][debug][gc,phases      ] GC(24)   JVMTI Tag Weak OopStorage      Min:  0.0, Avg:  0.0, Max:  0.0, Diff:  0.0, Sum:  0.0, Workers: 4
[315.989s][debug][gc,phases      ] GC(24)     Dead                           Min: 0, Avg:  0.0, Max: 0, Diff: 0, Sum: 0, Workers: 4
[315.989s][debug][gc,phases      ] GC(24)     Total                          Min: 0, Avg:  0.0, Max: 0, Diff: 0, Sum: 0, Workers: 4
[315.989s][debug][gc,phases      ] GC(24)   StringTable Weak               Min:  0.0, Avg:  0.1, Max:  0.1, Diff:  0.1, Sum:  0.4, Workers: 4
[315.989s][debug][gc,phases      ] GC(24)     Dead                           Min: 0, Avg:  0.5, Max: 2, Diff: 2, Sum: 2, Workers: 4
[315.989s][debug][gc,phases      ] GC(24)     Total                          Min: 0, Avg: 10842.5, Max: 18540, Diff: 18540, Sum: 43370, Workers: 4
[315.989s][debug][gc,phases      ] GC(24)   ResolvedMethodTable Weak       Min:  0.0, Avg:  0.0, Max:  0.0, Diff:  0.0, Sum:  0.1, Workers: 4
[315.989s][debug][gc,phases      ] GC(24)     Dead                           Min: 0, Avg:  0.0, Max: 0, Diff: 0, Sum: 0, Workers: 4
[315.989s][debug][gc,phases      ] GC(24)     Total                          Min: 0, Avg: 2362.0, Max: 3968, Diff: 3968, Sum: 9448, Workers: 4
[315.989s][debug][gc,phases      ] GC(24)   JNI Weak                       Min:  0.0, Avg:  0.0, Max:  0.0, Diff:  0.0, Sum:  0.0, Workers: 4
[315.989s][debug][gc,phases      ] GC(24)     Dead                           Min: 0, Avg:  0.0, Max: 0, Diff: 0, Sum: 0, Workers: 4
[315.989s][debug][gc,phases      ] GC(24)     Total                          Min: 0, Avg: 11.2, Max: 45, Diff: 45, Sum: 45, Workers: 4
[315.989s][debug][gc,phases      ] GC(24)   StringDedup Table Weak         Min:  0.0, Avg:  0.0, Max:  0.0, Diff:  0.0, Sum:  0.0, Workers: 4
[315.989s][debug][gc,phases      ] GC(24)     Dead                           Min: 0, Avg:  0.0, Max: 0, Diff: 0, Sum: 0, Workers: 4
[315.989s][debug][gc,phases      ] GC(24)     Total                          Min: 0, Avg:  0.0, Max: 0, Diff: 0, Sum: 0, Workers: 4
[315.989s][debug][gc,phases      ] GC(24)   StringDedup Requests0 Weak     Min:  0.0, Avg:  0.0, Max:  0.0, Diff:  0.0, Sum:  0.0, Workers: 4
[315.989s][debug][gc,phases      ] GC(24)     Dead                           Min: 0, Avg:  0.0, Max: 0, Diff: 0, Sum: 0, Workers: 4
[315.989s][debug][gc,phases      ] GC(24)     Total                          Min: 0, Avg:  0.0, Max: 0, Diff: 0, Sum: 0, Workers: 4
[315.989s][debug][gc,phases      ] GC(24)   StringDedup Requests1 Weak     Min:  0.0, Avg:  0.0, Max:  0.0, Diff:  0.0, Sum:  0.0, Workers: 4
[315.989s][debug][gc,phases      ] GC(24)     Dead                           Min: 0, Avg:  0.0, Max: 0, Diff: 0, Sum: 0, Workers: 4
[315.989s][debug][gc,phases      ] GC(24)     Total                          Min: 0, Avg:  0.0, Max: 0, Diff: 0, Sum: 0, Workers: 4
[315.989s][debug][gc,phases      ] GC(24)   Weak JFR Old Object Samples    Min:  0.0, Avg:  0.0, Max:  0.0, Diff:  0.0, Sum:  0.0, Workers: 4
[315.989s][debug][gc,phases      ] GC(24)     Dead                           Min: 0, Avg:  0.0, Max: 0, Diff: 0, Sum: 0, Workers: 4
[315.989s][debug][gc,phases      ] GC(24)     Total                          Min: 0, Avg:  0.0, Max: 0, Diff: 0, Sum: 0, Workers: 4
[315.989s][debug][gc,phases      ] GC(24) Weak Processing 0.332ms
[315.989s][debug][gc,age         ] GC(24) Desired survivor size 415760384 bytes, new threshold 15 (max threshold 15)
[315.989s][info ][gc,heap        ] GC(24) PSYoungGen: 1379545K(1675776K)->137717K(1659392K) Eden: 1238016K(1238016K)->0K(1238016K) From: 141529K(437760K)->137717K(421376K)
[315.989s][info ][gc,heap        ] GC(24) ParOldGen: 266121K(432128K)->266129K(432128K)
[315.989s][info ][gc,metaspace   ] GC(24) Metaspace: 81554K(82624K)->81554K(82624K) NonClass: 69868K(70464K)->69868K(70464K) Class: 11686K(12160K)->11686K(12160K)
[315.989s][info ][gc             ] GC(24) Pause Young (Allocation Failure) 1607M->394M(2042M) 29.943ms
[315.989s][info ][gc,cpu         ] GC(24) User=0.12s Sys=0.00s Real=0.02s
[315.990s][info ][safepoint      ] Safepoint "ParallelGCFailedAllocation", Time since last: 407776591 ns, Reaching safepoint: 38100 ns, At safepoint: 30010377 ns, Total: 30048477 ns
[317.990s][info ][safepoint      ] Safepoint "Cleanup", Time since last: 2000190081 ns, Reaching safepoint: 35800 ns, At safepoint: 3400 ns, Total: 39200 ns
[320.990s][info ][safepoint      ] Safepoint "Cleanup", Time since last: 3000278816 ns, Reaching safepoint: 58900 ns, At safepoint: 12000 ns, Total: 70900 ns
[324.990s][info ][safepoint      ] Safepoint "Cleanup", Time since last: 4000329572 ns, Reaching safepoint: 53100 ns, At safepoint: 9300 ns, Total: 62400 ns
[326.991s][info ][safepoint      ] Safepoint "Cleanup", Time since last: 2000199286 ns, Reaching safepoint: 36100 ns, At safepoint: 4700 ns, Total: 40800 ns
[335.991s][info ][safepoint      ] Safepoint "Cleanup", Time since last: 9000689351 ns, Reaching safepoint: 42100 ns, At safepoint: 2600 ns, Total: 44700 ns
[344.992s][info ][safepoint      ] Safepoint "Cleanup", Time since last: 9000615012 ns, Reaching safepoint: 47700 ns, At safepoint: 5200 ns, Total: 52900 ns
[346.992s][info ][safepoint      ] Safepoint "Cleanup", Time since last: 2000195363 ns, Reaching safepoint: 66500 ns, At safepoint: 3700 ns, Total: 70200 ns
[347.993s][info ][safepoint      ] Safepoint "Cleanup", Time since last: 1000104431 ns, Reaching safepoint: 50700 ns, At safepoint: 5300 ns, Total: 56000 ns
[349.993s][info ][safepoint      ] Safepoint "Cleanup", Time since last: 2000172589 ns, Reaching safepoint: 37400 ns, At safepoint: 3300 ns, Total: 40700 ns
[350.993s][info ][safepoint      ] Safepoint "Cleanup", Time since last: 1000146795 ns, Reaching safepoint: 55400 ns, At safepoint: 4500 ns, Total: 59900 ns
[352.993s][info ][safepoint      ] Safepoint "Cleanup", Time since last: 2000182598 ns, Reaching safepoint: 49200 ns, At safepoint: 4900 ns, Total: 54100 ns
[353.993s][info ][safepoint      ] Safepoint "Cleanup", Time since last: 1000085381 ns, Reaching safepoint: 43200 ns, At safepoint: 2900 ns, Total: 46100 ns
[356.994s][info ][safepoint      ] Safepoint "Cleanup", Time since last: 3000274144 ns, Reaching safepoint: 43400 ns, At safepoint: 2800 ns, Total: 46200 ns
[359.994s][info ][safepoint      ] Safepoint "Cleanup", Time since last: 3000286000 ns, Reaching safepoint: 46500 ns, At safepoint: 3900 ns, Total: 50400 ns
[368.609s][info ][gc,start       ] GC(25) Pause Young (Allocation Failure)
[368.638s][debug][gc,phases      ] GC(25) Scavenge 28.319ms
[368.638s][debug][gc,ref         ] GC(25) Skipped phase 1 of Reference Processing: no references
[368.638s][debug][gc,ref         ] GC(25) ReferenceProcessor::execute queues: 3, RefProcThreadModel::Multi, marks_oops_alive: false
[368.638s][debug][gc,ref         ] GC(25) Skipped phase 3 of Reference Processing: no references
[368.638s][debug][gc,ref         ] GC(25) ReferenceProcessor::execute queues: 1, RefProcThreadModel::Single, marks_oops_alive: false
[368.638s][debug][gc,phases      ] GC(25) Reference Processing 0.233ms
[368.638s][debug][gc,phases      ] GC(25)   VM Weak                        Min:  0.0, Avg:  0.0, Max:  0.0, Diff:  0.0, Sum:  0.0, Workers: 4
[368.638s][debug][gc,phases      ] GC(25)     Dead                           Min: 0, Avg:  0.0, Max: 0, Diff: 0, Sum: 0, Workers: 4
[368.638s][debug][gc,phases      ] GC(25)     Total                          Min: 0, Avg: 227.2, Max: 512, Diff: 512, Sum: 909, Workers: 4
[368.638s][debug][gc,phases      ] GC(25)   ObjectSynchronizer Weak        Min:  0.0, Avg:  0.0, Max:  0.0, Diff:  0.0, Sum:  0.0, Workers: 4
[368.638s][debug][gc,phases      ] GC(25)     Dead                           Min: 0, Avg:  0.0, Max: 0, Diff: 0, Sum: 0, Workers: 4
[368.638s][debug][gc,phases      ] GC(25)     Total                          Min: 0, Avg: 13.5, Max: 54, Diff: 54, Sum: 54, Workers: 4
[368.638s][debug][gc,phases      ] GC(25)   JVMTI Tag Weak OopStorage      Min:  0.0, Avg:  0.0, Max:  0.0, Diff:  0.0, Sum:  0.0, Workers: 4
[368.638s][debug][gc,phases      ] GC(25)     Dead                           Min: 0, Avg:  0.0, Max: 0, Diff: 0, Sum: 0, Workers: 4
[368.638s][debug][gc,phases      ] GC(25)     Total                          Min: 0, Avg:  0.0, Max: 0, Diff: 0, Sum: 0, Workers: 4
[368.638s][debug][gc,phases      ] GC(25)   StringTable Weak               Min:  0.0, Avg:  0.1, Max:  0.1, Diff:  0.1, Sum:  0.4, Workers: 4
[368.638s][debug][gc,phases      ] GC(25)     Dead                           Min: 0, Avg:  0.0, Max: 0, Diff: 0, Sum: 0, Workers: 4
[368.638s][debug][gc,phases      ] GC(25)     Total                          Min: 0, Avg: 10843.8, Max: 18496, Diff: 18496, Sum: 43375, Workers: 4
[368.638s][debug][gc,phases      ] GC(25)   ResolvedMethodTable Weak       Min:  0.0, Avg:  0.0, Max:  0.0, Diff:  0.0, Sum:  0.1, Workers: 4
[368.638s][debug][gc,phases      ] GC(25)     Dead                           Min: 0, Avg:  0.0, Max: 0, Diff: 0, Sum: 0, Workers: 4
[368.638s][debug][gc,phases      ] GC(25)     Total                          Min: 0, Avg: 2362.0, Max: 3968, Diff: 3968, Sum: 9448, Workers: 4
[368.638s][debug][gc,phases      ] GC(25)   JNI Weak                       Min:  0.0, Avg:  0.0, Max:  0.0, Diff:  0.0, Sum:  0.0, Workers: 4
[368.638s][debug][gc,phases      ] GC(25)     Dead                           Min: 0, Avg:  0.0, Max: 0, Diff: 0, Sum: 0, Workers: 4
[368.638s][debug][gc,phases      ] GC(25)     Total                          Min: 0, Avg: 11.2, Max: 45, Diff: 45, Sum: 45, Workers: 4
[368.638s][debug][gc,phases      ] GC(25)   StringDedup Table Weak         Min:  0.0, Avg:  0.0, Max:  0.0, Diff:  0.0, Sum:  0.0, Workers: 4
[368.638s][debug][gc,phases      ] GC(25)     Dead                           Min: 0, Avg:  0.0, Max: 0, Diff: 0, Sum: 0, Workers: 4
[368.638s][debug][gc,phases      ] GC(25)     Total                          Min: 0, Avg:  0.0, Max: 0, Diff: 0, Sum: 0, Workers: 4
[368.638s][debug][gc,phases      ] GC(25)   StringDedup Requests0 Weak     Min:  0.0, Avg:  0.0, Max:  0.0, Diff:  0.0, Sum:  0.0, Workers: 4
[368.638s][debug][gc,phases      ] GC(25)     Dead                           Min: 0, Avg:  0.0, Max: 0, Diff: 0, Sum: 0, Workers: 4
[368.638s][debug][gc,phases      ] GC(25)     Total                          Min: 0, Avg:  0.0, Max: 0, Diff: 0, Sum: 0, Workers: 4
[368.638s][debug][gc,phases      ] GC(25)   StringDedup Requests1 Weak     Min:  0.0, Avg:  0.0, Max:  0.0, Diff:  0.0, Sum:  0.0, Workers: 4
[368.638s][debug][gc,phases      ] GC(25)     Dead                           Min: 0, Avg:  0.0, Max: 0, Diff: 0, Sum: 0, Workers: 4
[368.638s][debug][gc,phases      ] GC(25)     Total                          Min: 0, Avg:  0.0, Max: 0, Diff: 0, Sum: 0, Workers: 4
[368.638s][debug][gc,phases      ] GC(25)   Weak JFR Old Object Samples    Min:  0.0, Avg:  0.0, Max:  0.0, Diff:  0.0, Sum:  0.0, Workers: 4
[368.638s][debug][gc,phases      ] GC(25)     Dead                           Min: 0, Avg:  0.0, Max: 0, Diff: 0, Sum: 0, Workers: 4
[368.638s][debug][gc,phases      ] GC(25)     Total                          Min: 0, Avg:  0.0, Max: 0, Diff: 0, Sum: 0, Workers: 4
[368.638s][debug][gc,phases      ] GC(25) Weak Processing 0.335ms
[368.638s][debug][gc,age         ] GC(25) Desired survivor size 400031744 bytes, new threshold 15 (max threshold 15)
[368.638s][info ][gc,heap        ] GC(25) PSYoungGen: 1375733K(1659392K)->137829K(1706496K) Eden: 1238016K(1238016K)->0K(1300480K) From: 137717K(421376K)->137829K(406016K)
[368.638s][info ][gc,heap        ] GC(25) ParOldGen: 266129K(432128K)->266129K(432128K)
[368.638s][info ][gc,metaspace   ] GC(25) Metaspace: 81568K(82624K)->81568K(82624K) NonClass: 69882K(70464K)->69882K(70464K) Class: 11686K(12160K)->11686K(12160K)
[368.638s][info ][gc             ] GC(25) Pause Young (Allocation Failure) 1603M->394M(2088M) 29.009ms
[368.638s][info ][gc,cpu         ] GC(25) User=0.10s Sys=0.00s Real=0.04s
[368.638s][info ][safepoint      ] Safepoint "ParallelGCFailedAllocation", Time since last: 8615191381 ns, Reaching safepoint: 41900 ns, At safepoint: 29071665 ns, Total: 29113565 ns
[378.639s][info ][safepoint      ] Safepoint "Cleanup", Time since last: 10000695837 ns, Reaching safepoint: 57800 ns, At safepoint: 12200 ns, Total: 70000 ns
[379.639s][info ][safepoint      ] Safepoint "Cleanup", Time since last: 1000106349 ns, Reaching safepoint: 41500 ns, At safepoint: 3000 ns, Total: 44500 ns
[380.639s][info ][safepoint      ] Safepoint "Cleanup", Time since last: 1000098549 ns, Reaching safepoint: 48400 ns, At safepoint: 2800 ns, Total: 51200 ns
[392.640s][info ][safepoint      ] Safepoint "Cleanup", Time since last: 12001000977 ns, Reaching safepoint: 52800 ns, At safepoint: 5500 ns, Total: 58300 ns
[395.641s][info ][safepoint      ] Safepoint "Cleanup", Time since last: 3000296649 ns, Reaching safepoint: 40100 ns, At safepoint: 3500 ns, Total: 43600 ns
[396.641s][info ][safepoint      ] Safepoint "Cleanup", Time since last: 1000121683 ns, Reaching safepoint: 45500 ns, At safepoint: 7400 ns, Total: 52900 ns
[401.641s][info ][safepoint      ] Safepoint "Cleanup", Time since last: 5000377707 ns, Reaching safepoint: 40900 ns, At safepoint: 3200 ns, Total: 44100 ns
[405.642s][info ][safepoint      ] Safepoint "Cleanup", Time since last: 4000362299 ns, Reaching safepoint: 46400 ns, At safepoint: 6800 ns, Total: 53200 ns
[408.642s][info ][safepoint      ] Safepoint "Cleanup", Time since last: 3000248964 ns, Reaching safepoint: 46200 ns, At safepoint: 2600 ns, Total: 48800 ns
[420.643s][info ][safepoint      ] Safepoint "Cleanup", Time since last: 12000895194 ns, Reaching safepoint: 40400 ns, At safepoint: 2700 ns, Total: 43100 ns
[424.594s][info ][safepoint      ] Safepoint "ParallelGCFailedAllocation", Time since last: 3950920020 ns, Reaching safepoint: 35700 ns, At safepoint: 7700 ns, Total: 43400 ns
[424.594s][info ][gc,start       ] GC(26) Pause Young (GCLocker Initiated GC)
[424.632s][debug][gc,phases      ] GC(26) Scavenge 37.483ms
[424.632s][debug][gc,ref         ] GC(26) Skipped phase 1 of Reference Processing: no references
[424.632s][debug][gc,ref         ] GC(26) ReferenceProcessor::execute queues: 2, RefProcThreadModel::Multi, marks_oops_alive: false
[424.632s][debug][gc,ref         ] GC(26) Skipped phase 3 of Reference Processing: no references
[424.632s][debug][gc,ref         ] GC(26) ReferenceProcessor::execute queues: 1, RefProcThreadModel::Single, marks_oops_alive: false
[424.632s][debug][gc,phases      ] GC(26) Reference Processing 0.193ms
[424.632s][debug][gc,phases      ] GC(26)   VM Weak                        Min:  0.0, Avg:  0.0, Max:  0.0, Diff:  0.0, Sum:  0.0, Workers: 4
[424.632s][debug][gc,phases      ] GC(26)     Dead                           Min: 0, Avg:  0.0, Max: 0, Diff: 0, Sum: 0, Workers: 4
[424.632s][debug][gc,phases      ] GC(26)     Total                          Min: 0, Avg: 227.2, Max: 512, Diff: 512, Sum: 909, Workers: 4
[424.632s][debug][gc,phases      ] GC(26)   ObjectSynchronizer Weak        Min:  0.0, Avg:  0.0, Max:  0.0, Diff:  0.0, Sum:  0.0, Workers: 4
[424.632s][debug][gc,phases      ] GC(26)     Dead                           Min: 0, Avg:  0.0, Max: 0, Diff: 0, Sum: 0, Workers: 4
[424.632s][debug][gc,phases      ] GC(26)     Total                          Min: 0, Avg: 13.5, Max: 54, Diff: 54, Sum: 54, Workers: 4
[424.632s][debug][gc,phases      ] GC(26)   JVMTI Tag Weak OopStorage      Min:  0.0, Avg:  0.0, Max:  0.0, Diff:  0.0, Sum:  0.0, Workers: 4
[424.632s][debug][gc,phases      ] GC(26)     Dead                           Min: 0, Avg:  0.0, Max: 0, Diff: 0, Sum: 0, Workers: 4
[424.632s][debug][gc,phases      ] GC(26)     Total                          Min: 0, Avg:  0.0, Max: 0, Diff: 0, Sum: 0, Workers: 4
[424.632s][debug][gc,phases      ] GC(26)   StringTable Weak               Min:  0.0, Avg:  0.1, Max:  0.1, Diff:  0.1, Sum:  0.4, Workers: 4
[424.632s][debug][gc,phases      ] GC(26)     Dead                           Min: 0, Avg:  0.0, Max: 0, Diff: 0, Sum: 0, Workers: 4
[424.632s][debug][gc,phases      ] GC(26)     Total                          Min: 0, Avg: 10847.5, Max: 18815, Diff: 18815, Sum: 43390, Workers: 4
[424.632s][debug][gc,phases      ] GC(26)   ResolvedMethodTable Weak       Min:  0.0, Avg:  0.0, Max:  0.0, Diff:  0.0, Sum:  0.1, Workers: 4
[424.632s][debug][gc,phases      ] GC(26)     Dead                           Min: 0, Avg:  0.0, Max: 0, Diff: 0, Sum: 0, Workers: 4
[424.632s][debug][gc,phases      ] GC(26)     Total                          Min: 0, Avg: 2362.0, Max: 4032, Diff: 4032, Sum: 9448, Workers: 4
[424.632s][debug][gc,phases      ] GC(26)   JNI Weak                       Min:  0.0, Avg:  0.0, Max:  0.0, Diff:  0.0, Sum:  0.0, Workers: 4
[424.632s][debug][gc,phases      ] GC(26)     Dead                           Min: 0, Avg:  0.0, Max: 0, Diff: 0, Sum: 0, Workers: 4
[424.632s][debug][gc,phases      ] GC(26)     Total                          Min: 0, Avg: 11.2, Max: 45, Diff: 45, Sum: 45, Workers: 4
[424.632s][debug][gc,phases      ] GC(26)   StringDedup Table Weak         Min:  0.0, Avg:  0.0, Max:  0.0, Diff:  0.0, Sum:  0.0, Workers: 4
[424.632s][debug][gc,phases      ] GC(26)     Dead                           Min: 0, Avg:  0.0, Max: 0, Diff: 0, Sum: 0, Workers: 4
[424.632s][debug][gc,phases      ] GC(26)     Total                          Min: 0, Avg:  0.0, Max: 0, Diff: 0, Sum: 0, Workers: 4
[424.632s][debug][gc,phases      ] GC(26)   StringDedup Requests0 Weak     Min:  0.0, Avg:  0.0, Max:  0.0, Diff:  0.0, Sum:  0.0, Workers: 4
[424.632s][debug][gc,phases      ] GC(26)     Dead                           Min: 0, Avg:  0.0, Max: 0, Diff: 0, Sum: 0, Workers: 4
[424.632s][debug][gc,phases      ] GC(26)     Total                          Min: 0, Avg:  0.0, Max: 0, Diff: 0, Sum: 0, Workers: 4
[424.632s][debug][gc,phases      ] GC(26)   StringDedup Requests1 Weak     Min:  0.0, Avg:  0.0, Max:  0.0, Diff:  0.0, Sum:  0.0, Workers: 4
[424.632s][debug][gc,phases      ] GC(26)     Dead                           Min: 0, Avg:  0.0, Max: 0, Diff: 0, Sum: 0, Workers: 4
[424.632s][debug][gc,phases      ] GC(26)     Total                          Min: 0, Avg:  0.0, Max: 0, Diff: 0, Sum: 0, Workers: 4
[424.632s][debug][gc,phases      ] GC(26)   Weak JFR Old Object Samples    Min:  0.0, Avg:  0.0, Max:  0.0, Diff:  0.0, Sum:  0.0, Workers: 4
[424.632s][debug][gc,phases      ] GC(26)     Dead                           Min: 0, Avg:  0.0, Max: 0, Diff: 0, Sum: 0, Workers: 4
[424.632s][debug][gc,phases      ] GC(26)     Total                          Min: 0, Avg:  0.0, Max: 0, Diff: 0, Sum: 0, Workers: 4
[424.632s][debug][gc,phases      ] GC(26) Weak Processing 0.326ms
[424.632s][debug][gc,age         ] GC(26) Desired survivor size 385875968 bytes, new threshold 15 (max threshold 15)
[424.632s][info ][gc,heap        ] GC(26) PSYoungGen: 1438197K(1706496K)->133342K(1691136K) Eden: 1300368K(1300480K)->0K(1300480K) From: 137829K(406016K)->133342K(390656K)
[424.632s][info ][gc,heap        ] GC(26) ParOldGen: 266385K(432128K)->270802K(432128K)
[424.633s][info ][gc,metaspace   ] GC(26) Metaspace: 81604K(82688K)->81604K(82688K) NonClass: 69918K(70528K)->69918K(70528K) Class: 11686K(12160K)->11686K(12160K)
[424.633s][info ][gc             ] GC(26) Pause Young (GCLocker Initiated GC) 1664M->394M(2073M) 38.108ms
[424.633s][info ][gc,cpu         ] GC(26) User=0.07s Sys=0.07s Real=0.04s
[424.633s][info ][safepoint      ] Safepoint "ParallelGCSystemGC", Time since last: 305700 ns, Reaching safepoint: 87900 ns, At safepoint: 38174614 ns, Total: 38262514 ns
[425.633s][info ][safepoint      ] Safepoint "Cleanup", Time since last: 1000083368 ns, Reaching safepoint: 68300 ns, At safepoint: 6900 ns, Total: 75200 ns
[426.633s][info ][safepoint      ] Safepoint "Cleanup", Time since last: 1000102367 ns, Reaching safepoint: 35100 ns, At safepoint: 2900 ns, Total: 38000 ns
[427.633s][info ][safepoint      ] Safepoint "Cleanup", Time since last: 1000099368 ns, Reaching safepoint: 47900 ns, At safepoint: 3100 ns, Total: 51000 ns
[429.409s][info ][safepoint      ] Safepoint "Cleanup", Time since last: 1775786752 ns, Reaching safepoint: 195000 ns, At safepoint: 6700 ns, Total: 201700 ns
[432.409s][info ][safepoint      ] Safepoint "Cleanup", Time since last: 3000271302 ns, Reaching safepoint: 129301 ns, At safepoint: 27300 ns, Total: 156601 ns
[433.410s][info ][safepoint      ] Safepoint "Cleanup", Time since last: 1000099527 ns, Reaching safepoint: 138001 ns, At safepoint: 5100 ns, Total: 143101 ns
[434.410s][info ][safepoint      ] Safepoint "Cleanup", Time since last: 1000106027 ns, Reaching safepoint: 42800 ns, At safepoint: 3100 ns, Total: 45900 ns
[435.410s][info ][safepoint      ] Safepoint "Cleanup", Time since last: 1000120328 ns, Reaching safepoint: 106600 ns, At safepoint: 7100 ns, Total: 113700 ns
[436.827s][info ][safepoint      ] Safepoint "Cleanup", Time since last: 1417352605 ns, Reaching safepoint: 73400 ns, At safepoint: 5200 ns, Total: 78600 ns
[437.828s][info ][safepoint      ] Safepoint "Cleanup", Time since last: 1000103159 ns, Reaching safepoint: 43700 ns, At safepoint: 2600 ns, Total: 46300 ns
[438.828s][info ][safepoint      ] Safepoint "Cleanup", Time since last: 1000285359 ns, Reaching safepoint: 49000 ns, At safepoint: 3000 ns, Total: 52000 ns
[439.828s][info ][safepoint      ] Safepoint "Cleanup", Time since last: 1000101560 ns, Reaching safepoint: 53200 ns, At safepoint: 7400 ns, Total: 60600 ns
[440.828s][info ][safepoint      ] Safepoint "Cleanup", Time since last: 1000102562 ns, Reaching safepoint: 47100 ns, At safepoint: 2800 ns, Total: 49900 ns
[442.828s][info ][safepoint      ] Safepoint "Cleanup", Time since last: 2000141345 ns, Reaching safepoint: 58400 ns, At safepoint: 7000 ns, Total: 65400 ns
[443.829s][info ][safepoint      ] Safepoint "Cleanup", Time since last: 1000130785 ns, Reaching safepoint: 50300 ns, At safepoint: 5900 ns, Total: 56200 ns
[445.829s][info ][safepoint      ] Safepoint "Cleanup", Time since last: 2000165468 ns, Reaching safepoint: 46600 ns, At safepoint: 3100 ns, Total: 49700 ns
[446.829s][info ][safepoint      ] Safepoint "Cleanup", Time since last: 1000102585 ns, Reaching safepoint: 38700 ns, At safepoint: 3200 ns, Total: 41900 ns
[447.829s][info ][safepoint      ] Safepoint "Cleanup", Time since last: 1000114684 ns, Reaching safepoint: 36000 ns, At safepoint: 2700 ns, Total: 38700 ns
[448.829s][info ][safepoint      ] Safepoint "Cleanup", Time since last: 1000099422 ns, Reaching safepoint: 38800 ns, At safepoint: 2900 ns, Total: 41700 ns
[449.830s][info ][safepoint      ] Safepoint "Cleanup", Time since last: 1000137957 ns, Reaching safepoint: 42400 ns, At safepoint: 3400 ns, Total: 45800 ns
[450.830s][info ][safepoint      ] Safepoint "Cleanup", Time since last: 1000117356 ns, Reaching safepoint: 53400 ns, At safepoint: 5100 ns, Total: 58500 ns
[451.830s][info ][safepoint      ] Safepoint "Cleanup", Time since last: 1000131923 ns, Reaching safepoint: 45200 ns, At safepoint: 5000 ns, Total: 50200 ns
[456.830s][info ][safepoint      ] Safepoint "Cleanup", Time since last: 5000393626 ns, Reaching safepoint: 51300 ns, At safepoint: 3300 ns, Total: 54600 ns
[457.831s][info ][safepoint      ] Safepoint "Cleanup", Time since last: 1000130306 ns, Reaching safepoint: 49100 ns, At safepoint: 3100 ns, Total: 52200 ns
[459.831s][info ][safepoint      ] Safepoint "Cleanup", Time since last: 2000185912 ns, Reaching safepoint: 52900 ns, At safepoint: 2500 ns, Total: 55400 ns
[465.831s][info ][safepoint      ] Safepoint "Cleanup", Time since last: 6000479989 ns, Reaching safepoint: 51200 ns, At safepoint: 2500 ns, Total: 53700 ns
[468.832s][info ][safepoint      ] Safepoint "Cleanup", Time since last: 3000229065 ns, Reaching safepoint: 54200 ns, At safepoint: 4000 ns, Total: 58200 ns
[469.832s][info ][safepoint      ] Safepoint "Cleanup", Time since last: 1000103655 ns, Reaching safepoint: 34900 ns, At safepoint: 2900 ns, Total: 37800 ns
[471.832s][info ][safepoint      ] Safepoint "Cleanup", Time since last: 2000161610 ns, Reaching safepoint: 62500 ns, At safepoint: 5500 ns, Total: 68000 ns
[472.407s][info ][gc,start       ] GC(27) Pause Young (Allocation Failure)
[472.432s][debug][gc,phases      ] GC(27) Scavenge 25.273ms
[472.432s][debug][gc,ref         ] GC(27) Skipped phase 1 of Reference Processing: no references
[472.432s][debug][gc,ref         ] GC(27) ReferenceProcessor::execute queues: 1, RefProcThreadModel::Single, marks_oops_alive: false
[472.432s][debug][gc,ref         ] GC(27) Skipped phase 3 of Reference Processing: no references
[472.432s][debug][gc,ref         ] GC(27) ReferenceProcessor::execute queues: 1, RefProcThreadModel::Single, marks_oops_alive: false
[472.432s][debug][gc,phases      ] GC(27) Reference Processing 0.155ms
[472.433s][debug][gc,phases      ] GC(27)   VM Weak                        Min:  0.0, Avg:  0.0, Max:  0.0, Diff:  0.0, Sum:  0.0, Workers: 4
[472.433s][debug][gc,phases      ] GC(27)     Dead                           Min: 0, Avg:  0.0, Max: 0, Diff: 0, Sum: 0, Workers: 4
[472.433s][debug][gc,phases      ] GC(27)     Total                          Min: 0, Avg: 227.2, Max: 768, Diff: 768, Sum: 909, Workers: 4
[472.433s][debug][gc,phases      ] GC(27)   ObjectSynchronizer Weak        Min:  0.0, Avg:  0.0, Max:  0.0, Diff:  0.0, Sum:  0.0, Workers: 4
[472.433s][debug][gc,phases      ] GC(27)     Dead                           Min: 0, Avg:  0.0, Max: 0, Diff: 0, Sum: 0, Workers: 4
[472.433s][debug][gc,phases      ] GC(27)     Total                          Min: 0, Avg: 13.5, Max: 54, Diff: 54, Sum: 54, Workers: 4
[472.433s][debug][gc,phases      ] GC(27)   JVMTI Tag Weak OopStorage      Min:  0.0, Avg:  0.0, Max:  0.0, Diff:  0.0, Sum:  0.0, Workers: 4
[472.433s][debug][gc,phases      ] GC(27)     Dead                           Min: 0, Avg:  0.0, Max: 0, Diff: 0, Sum: 0, Workers: 4
[472.433s][debug][gc,phases      ] GC(27)     Total                          Min: 0, Avg:  0.0, Max: 0, Diff: 0, Sum: 0, Workers: 4
[472.433s][debug][gc,phases      ] GC(27)   StringTable Weak               Min:  0.0, Avg:  0.1, Max:  0.1, Diff:  0.1, Sum:  0.4, Workers: 4
[472.433s][debug][gc,phases      ] GC(27)     Dead                           Min: 0, Avg:  0.0, Max: 0, Diff: 0, Sum: 0, Workers: 4
[472.433s][debug][gc,phases      ] GC(27)     Total                          Min: 0, Avg: 10859.5, Max: 18240, Diff: 18240, Sum: 43438, Workers: 4
[472.433s][debug][gc,phases      ] GC(27)   ResolvedMethodTable Weak       Min:  0.0, Avg:  0.0, Max:  0.0, Diff:  0.0, Sum:  0.1, Workers: 4
[472.433s][debug][gc,phases      ] GC(27)     Dead                           Min: 0, Avg:  0.0, Max: 0, Diff: 0, Sum: 0, Workers: 4
[472.433s][debug][gc,phases      ] GC(27)     Total                          Min: 0, Avg: 2362.0, Max: 3840, Diff: 3840, Sum: 9448, Workers: 4
[472.433s][debug][gc,phases      ] GC(27)   JNI Weak                       Min:  0.0, Avg:  0.0, Max:  0.0, Diff:  0.0, Sum:  0.0, Workers: 4
[472.433s][debug][gc,phases      ] GC(27)     Dead                           Min: 0, Avg:  0.0, Max: 0, Diff: 0, Sum: 0, Workers: 4
[472.433s][debug][gc,phases      ] GC(27)     Total                          Min: 0, Avg: 11.2, Max: 45, Diff: 45, Sum: 45, Workers: 4
[472.433s][debug][gc,phases      ] GC(27)   StringDedup Table Weak         Min:  0.0, Avg:  0.0, Max:  0.0, Diff:  0.0, Sum:  0.0, Workers: 4
[472.433s][debug][gc,phases      ] GC(27)     Dead                           Min: 0, Avg:  0.0, Max: 0, Diff: 0, Sum: 0, Workers: 4
[472.433s][debug][gc,phases      ] GC(27)     Total                          Min: 0, Avg:  0.0, Max: 0, Diff: 0, Sum: 0, Workers: 4
[472.433s][debug][gc,phases      ] GC(27)   StringDedup Requests0 Weak     Min:  0.0, Avg:  0.0, Max:  0.0, Diff:  0.0, Sum:  0.0, Workers: 4
[472.433s][debug][gc,phases      ] GC(27)     Dead                           Min: 0, Avg:  0.0, Max: 0, Diff: 0, Sum: 0, Workers: 4
[472.433s][debug][gc,phases      ] GC(27)     Total                          Min: 0, Avg:  0.0, Max: 0, Diff: 0, Sum: 0, Workers: 4
[472.433s][debug][gc,phases      ] GC(27)   StringDedup Requests1 Weak     Min:  0.0, Avg:  0.0, Max:  0.0, Diff:  0.0, Sum:  0.0, Workers: 4
[472.433s][debug][gc,phases      ] GC(27)     Dead                           Min: 0, Avg:  0.0, Max: 0, Diff: 0, Sum: 0, Workers: 4
[472.433s][debug][gc,phases      ] GC(27)     Total                          Min: 0, Avg:  0.0, Max: 0, Diff: 0, Sum: 0, Workers: 4
[472.433s][debug][gc,phases      ] GC(27)   Weak JFR Old Object Samples    Min:  0.0, Avg:  0.0, Max:  0.0, Diff:  0.0, Sum:  0.0, Workers: 4
[472.433s][debug][gc,phases      ] GC(27)     Dead                           Min: 0, Avg:  0.0, Max: 0, Diff: 0, Sum: 0, Workers: 4
[472.433s][debug][gc,phases      ] GC(27)     Total                          Min: 0, Avg:  0.0, Max: 0, Diff: 0, Sum: 0, Workers: 4
[472.433s][debug][gc,phases      ] GC(27) Weak Processing 0.329ms
[472.433s][debug][gc,age         ] GC(27) Desired survivor size 374341632 bytes, new threshold 15 (max threshold 15)
[472.433s][info ][gc,heap        ] GC(27) PSYoungGen: 1433822K(1691136K)->119931K(1731584K) Eden: 1300480K(1300480K)->0K(1354752K) From: 133342K(390656K)->119931K(376832K)
[472.433s][info ][gc,heap        ] GC(27) ParOldGen: 270803K(432128K)->273894K(432128K)
[472.433s][info ][gc,metaspace   ] GC(27) Metaspace: 81666K(82752K)->81666K(82752K) NonClass: 69980K(70592K)->69980K(70592K) Class: 11686K(12160K)->11686K(12160K)
[472.433s][info ][gc             ] GC(27) Pause Young (Allocation Failure) 1664M->384M(2113M) 25.895ms
[472.433s][info ][gc,cpu         ] GC(27) User=0.10s Sys=0.00s Real=0.03s
[472.433s][info ][safepoint      ] Safepoint "ParallelGCFailedAllocation", Time since last: 574977015 ns, Reaching safepoint: 32000 ns, At safepoint: 25960228 ns, Total: 25992228 ns
[473.433s][info ][safepoint      ] Safepoint "Cleanup", Time since last: 1000104371 ns, Reaching safepoint: 44700 ns, At safepoint: 3200 ns, Total: 47900 ns
[476.433s][info ][safepoint      ] Safepoint "Cleanup", Time since last: 3000300712 ns, Reaching safepoint: 35700 ns, At safepoint: 3100 ns, Total: 38800 ns
[477.434s][info ][safepoint      ] Safepoint "Cleanup", Time since last: 1000109471 ns, Reaching safepoint: 40000 ns, At safepoint: 3000 ns, Total: 43000 ns
[479.434s][info ][safepoint      ] Safepoint "Cleanup", Time since last: 2000176141 ns, Reaching safepoint: 45300 ns, At safepoint: 2900 ns, Total: 48200 ns
[482.434s][info ][safepoint      ] Safepoint "Cleanup", Time since last: 3000268495 ns, Reaching safepoint: 43600 ns, At safepoint: 3400 ns, Total: 47000 ns
[483.434s][info ][safepoint      ] Safepoint "Cleanup", Time since last: 1000106124 ns, Reaching safepoint: 107300 ns, At safepoint: 4100 ns, Total: 111400 ns
[489.435s][info ][safepoint      ] Safepoint "Cleanup", Time since last: 6000467497 ns, Reaching safepoint: 45200 ns, At safepoint: 5000 ns, Total: 50200 ns
[490.435s][info ][safepoint      ] Safepoint "Cleanup", Time since last: 1000123685 ns, Reaching safepoint: 50200 ns, At safepoint: 5800 ns, Total: 56000 ns
[492.435s][info ][safepoint      ] Safepoint "Cleanup", Time since last: 2000220670 ns, Reaching safepoint: 64800 ns, At safepoint: 3700 ns, Total: 68500 ns
[493.435s][info ][safepoint      ] Safepoint "Cleanup", Time since last: 1000133585 ns, Reaching safepoint: 34900 ns, At safepoint: 28900 ns, Total: 63800 ns
[495.436s][info ][safepoint      ] Safepoint "Cleanup", Time since last: 2000165269 ns, Reaching safepoint: 55900 ns, At safepoint: 2600 ns, Total: 58500 ns
[496.436s][info ][safepoint      ] Safepoint "Cleanup", Time since last: 1000140340 ns, Reaching safepoint: 122800 ns, At safepoint: 6900 ns, Total: 129700 ns
[506.437s][info ][safepoint      ] Safepoint "Cleanup", Time since last: 10000741347 ns, Reaching safepoint: 45600 ns, At safepoint: 8100 ns, Total: 53700 ns
[508.437s][info ][safepoint      ] Safepoint "Cleanup", Time since last: 2000179036 ns, Reaching safepoint: 40900 ns, At safepoint: 2900 ns, Total: 43800 ns
[511.437s][info ][safepoint      ] Safepoint "Cleanup", Time since last: 3000255454 ns, Reaching safepoint: 41000 ns, At safepoint: 4800 ns, Total: 45800 ns
[512.437s][info ][safepoint      ] Safepoint "Cleanup", Time since last: 1000123896 ns, Reaching safepoint: 31100 ns, At safepoint: 3300 ns, Total: 34400 ns
[512.960s][info ][gc,start       ] GC(28) Pause Young (Allocation Failure)
[512.997s][debug][gc,phases      ] GC(28) Scavenge 37.236ms
[512.997s][debug][gc,ref         ] GC(28) Skipped phase 1 of Reference Processing: no references
[512.997s][debug][gc,ref         ] GC(28) ReferenceProcessor::execute queues: 1, RefProcThreadModel::Single, marks_oops_alive: false
[512.997s][debug][gc,ref         ] GC(28) Skipped phase 3 of Reference Processing: no references
[512.997s][debug][gc,ref         ] GC(28) ReferenceProcessor::execute queues: 1, RefProcThreadModel::Single, marks_oops_alive: false
[512.997s][debug][gc,phases      ] GC(28) Reference Processing 0.149ms
[512.997s][debug][gc,phases      ] GC(28)   VM Weak                        Min:  0.0, Avg:  0.0, Max:  0.0, Diff:  0.0, Sum:  0.0, Workers: 4
[512.997s][debug][gc,phases      ] GC(28)     Dead                           Min: 0, Avg:  0.0, Max: 0, Diff: 0, Sum: 0, Workers: 4
[512.997s][debug][gc,phases      ] GC(28)     Total                          Min: 0, Avg: 227.2, Max: 704, Diff: 704, Sum: 909, Workers: 4
[512.997s][debug][gc,phases      ] GC(28)   ObjectSynchronizer Weak        Min:  0.0, Avg:  0.0, Max:  0.0, Diff:  0.0, Sum:  0.0, Workers: 4
[512.997s][debug][gc,phases      ] GC(28)     Dead                           Min: 0, Avg:  0.0, Max: 0, Diff: 0, Sum: 0, Workers: 4
[512.997s][debug][gc,phases      ] GC(28)     Total                          Min: 0, Avg: 13.8, Max: 55, Diff: 55, Sum: 55, Workers: 4
[512.997s][debug][gc,phases      ] GC(28)   JVMTI Tag Weak OopStorage      Min:  0.0, Avg:  0.0, Max:  0.0, Diff:  0.0, Sum:  0.0, Workers: 4
[512.997s][debug][gc,phases      ] GC(28)     Dead                           Min: 0, Avg:  0.0, Max: 0, Diff: 0, Sum: 0, Workers: 4
[512.997s][debug][gc,phases      ] GC(28)     Total                          Min: 0, Avg:  0.0, Max: 0, Diff: 0, Sum: 0, Workers: 4
[512.997s][debug][gc,phases      ] GC(28)   StringTable Weak               Min:  0.0, Avg:  0.1, Max:  0.1, Diff:  0.1, Sum:  0.4, Workers: 4
[512.997s][debug][gc,phases      ] GC(28)     Dead                           Min: 0, Avg:  0.0, Max: 0, Diff: 0, Sum: 0, Workers: 4
[512.997s][debug][gc,phases      ] GC(28)     Total                          Min: 0, Avg: 10861.5, Max: 17974, Diff: 17974, Sum: 43446, Workers: 4
[512.997s][debug][gc,phases      ] GC(28)   ResolvedMethodTable Weak       Min:  0.0, Avg:  0.0, Max:  0.0, Diff:  0.0, Sum:  0.1, Workers: 4
[512.997s][debug][gc,phases      ] GC(28)     Dead                           Min: 0, Avg:  0.0, Max: 0, Diff: 0, Sum: 0, Workers: 4
[512.997s][debug][gc,phases      ] GC(28)     Total                          Min: 0, Avg: 2362.5, Max: 3776, Diff: 3776, Sum: 9450, Workers: 4
[512.997s][debug][gc,phases      ] GC(28)   JNI Weak                       Min:  0.0, Avg:  0.0, Max:  0.0, Diff:  0.0, Sum:  0.0, Workers: 4
[512.997s][debug][gc,phases      ] GC(28)     Dead                           Min: 0, Avg:  0.0, Max: 0, Diff: 0, Sum: 0, Workers: 4
[512.997s][debug][gc,phases      ] GC(28)     Total                          Min: 0, Avg: 11.2, Max: 45, Diff: 45, Sum: 45, Workers: 4
[512.997s][debug][gc,phases      ] GC(28)   StringDedup Table Weak         Min:  0.0, Avg:  0.0, Max:  0.0, Diff:  0.0, Sum:  0.0, Workers: 4
[512.997s][debug][gc,phases      ] GC(28)     Dead                           Min: 0, Avg:  0.0, Max: 0, Diff: 0, Sum: 0, Workers: 4
[512.997s][debug][gc,phases      ] GC(28)     Total                          Min: 0, Avg:  0.0, Max: 0, Diff: 0, Sum: 0, Workers: 4
[512.997s][debug][gc,phases      ] GC(28)   StringDedup Requests0 Weak     Min:  0.0, Avg:  0.0, Max:  0.0, Diff:  0.0, Sum:  0.0, Workers: 4
[512.997s][debug][gc,phases      ] GC(28)     Dead                           Min: 0, Avg:  0.0, Max: 0, Diff: 0, Sum: 0, Workers: 4
[512.997s][debug][gc,phases      ] GC(28)     Total                          Min: 0, Avg:  0.0, Max: 0, Diff: 0, Sum: 0, Workers: 4
[512.997s][debug][gc,phases      ] GC(28)   StringDedup Requests1 Weak     Min:  0.0, Avg:  0.0, Max:  0.0, Diff:  0.0, Sum:  0.0, Workers: 4
[512.997s][debug][gc,phases      ] GC(28)     Dead                           Min: 0, Avg:  0.0, Max: 0, Diff: 0, Sum: 0, Workers: 4
[512.997s][debug][gc,phases      ] GC(28)     Total                          Min: 0, Avg:  0.0, Max: 0, Diff: 0, Sum: 0, Workers: 4
[512.997s][debug][gc,phases      ] GC(28)   Weak JFR Old Object Samples    Min:  0.0, Avg:  0.0, Max:  0.0, Diff:  0.0, Sum:  0.0, Workers: 4
[512.997s][debug][gc,phases      ] GC(28)     Dead                           Min: 0, Avg:  0.0, Max: 0, Diff: 0, Sum: 0, Workers: 4
[512.997s][debug][gc,phases      ] GC(28)     Total                          Min: 0, Avg:  0.0, Max: 0, Diff: 0, Sum: 0, Workers: 4
[512.997s][debug][gc,phases      ] GC(28) Weak Processing 0.317ms
[512.997s][debug][gc,age         ] GC(28) Desired survivor size 357564416 bytes, new threshold 15 (max threshold 15)
[512.997s][info ][gc,heap        ] GC(28) PSYoungGen: 1474683K(1731584K)->144148K(1720320K) Eden: 1354752K(1354752K)->0K(1354752K) From: 119931K(376832K)->144148K(365568K)
[512.997s][info ][gc,heap        ] GC(28) ParOldGen: 273894K(432128K)->274418K(432128K)
[512.997s][info ][gc,metaspace   ] GC(28) Metaspace: 81719K(82816K)->81719K(82816K) NonClass: 70033K(70656K)->70033K(70656K) Class: 11686K(12160K)->11686K(12160K)
[512.997s][info ][gc             ] GC(28) Pause Young (Allocation Failure) 1707M->408M(2102M) 37.838ms
[512.997s][info ][gc,cpu         ] GC(28) User=0.13s Sys=0.01s Real=0.03s
[512.997s][info ][safepoint      ] Safepoint "ParallelGCFailedAllocation", Time since last: 521990760 ns, Reaching safepoint: 48100 ns, At safepoint: 37912248 ns, Total: 37960348 ns
[513.998s][info ][safepoint      ] Safepoint "Cleanup", Time since last: 1000085565 ns, Reaching safepoint: 41200 ns, At safepoint: 3600 ns, Total: 44800 ns
[514.998s][info ][safepoint      ] Safepoint "Cleanup", Time since last: 1000124065 ns, Reaching safepoint: 37700 ns, At safepoint: 3900 ns, Total: 41600 ns
[520.998s][info ][safepoint      ] Safepoint "Cleanup", Time since last: 6000402806 ns, Reaching safepoint: 42300 ns, At safepoint: 2600 ns, Total: 44900 ns
[522.998s][info ][safepoint      ] Safepoint "Cleanup", Time since last: 2000117989 ns, Reaching safepoint: 46100 ns, At safepoint: 3100 ns, Total: 49200 ns
[524.999s][info ][safepoint      ] Safepoint "Cleanup", Time since last: 2000176489 ns, Reaching safepoint: 53900 ns, At safepoint: 6800 ns, Total: 60700 ns
[525.999s][info ][safepoint      ] Safepoint "Cleanup", Time since last: 1000103895 ns, Reaching safepoint: 38300 ns, At safepoint: 4500 ns, Total: 42800 ns
[526.999s][info ][safepoint      ] Safepoint "Cleanup", Time since last: 1000117995 ns, Reaching safepoint: 52900 ns, At safepoint: 3000 ns, Total: 55900 ns
[530.999s][info ][safepoint      ] Safepoint "Cleanup", Time since last: 4000361084 ns, Reaching safepoint: 42000 ns, At safepoint: 12200 ns, Total: 54200 ns
[531.999s][info ][safepoint      ] Safepoint "Cleanup", Time since last: 1000108718 ns, Reaching safepoint: 35100 ns, At safepoint: 8800 ns, Total: 43900 ns
[533.000s][info ][safepoint      ] Safepoint "Cleanup", Time since last: 1000104917 ns, Reaching safepoint: 108000 ns, At safepoint: 14100 ns, Total: 122100 ns
[534.000s][info ][safepoint      ] Safepoint "Cleanup", Time since last: 1000130918 ns, Reaching safepoint: 55700 ns, At safepoint: 2700 ns, Total: 58400 ns
[537.000s][info ][safepoint      ] Safepoint "Cleanup", Time since last: 3000242529 ns, Reaching safepoint: 33200 ns, At safepoint: 3200 ns, Total: 36400 ns
[539.000s][info ][safepoint      ] Safepoint "Cleanup", Time since last: 2000223769 ns, Reaching safepoint: 54400 ns, At safepoint: 4700 ns, Total: 59100 ns
[541.001s][info ][safepoint      ] Safepoint "Cleanup", Time since last: 2000165269 ns, Reaching safepoint: 43100 ns, At safepoint: 2900 ns, Total: 46000 ns
[548.001s][info ][safepoint      ] Safepoint "Cleanup", Time since last: 7000494846 ns, Reaching safepoint: 109700 ns, At safepoint: 4000 ns, Total: 113700 ns
[548.369s][info ][safepoint      ] Safepoint "ParallelGCFailedAllocation", Time since last: 367850900 ns, Reaching safepoint: 127800 ns, At safepoint: 13400 ns, Total: 141200 ns
[548.369s][info ][gc,start       ] GC(29) Pause Young (GCLocker Initiated GC)
[548.409s][debug][gc,phases      ] GC(29) Scavenge 39.725ms
[548.409s][debug][gc,ref         ] GC(29) Skipped phase 1 of Reference Processing: no references
[548.409s][debug][gc,ref         ] GC(29) ReferenceProcessor::execute queues: 1, RefProcThreadModel::Single, marks_oops_alive: false
[548.409s][debug][gc,ref         ] GC(29) Skipped phase 3 of Reference Processing: no references
[548.409s][debug][gc,ref         ] GC(29) ReferenceProcessor::execute queues: 1, RefProcThreadModel::Single, marks_oops_alive: false
[548.409s][debug][gc,phases      ] GC(29) Reference Processing 0.165ms
[548.410s][debug][gc,phases      ] GC(29)   VM Weak                        Min:  0.0, Avg:  0.0, Max:  0.0, Diff:  0.0, Sum:  0.0, Workers: 4
[548.410s][debug][gc,phases      ] GC(29)     Dead                           Min: 0, Avg:  0.0, Max: 0, Diff: 0, Sum: 0, Workers: 4
[548.410s][debug][gc,phases      ] GC(29)     Total                          Min: 0, Avg: 227.2, Max: 397, Diff: 397, Sum: 909, Workers: 4
[548.410s][debug][gc,phases      ] GC(29)   ObjectSynchronizer Weak        Min:  0.0, Avg:  0.0, Max:  0.0, Diff:  0.0, Sum:  0.0, Workers: 4
[548.410s][debug][gc,phases      ] GC(29)     Dead                           Min: 0, Avg:  0.0, Max: 0, Diff: 0, Sum: 0, Workers: 4
[548.410s][debug][gc,phases      ] GC(29)     Total                          Min: 0, Avg: 13.8, Max: 55, Diff: 55, Sum: 55, Workers: 4
[548.410s][debug][gc,phases      ] GC(29)   JVMTI Tag Weak OopStorage      Min:  0.0, Avg:  0.0, Max:  0.0, Diff:  0.0, Sum:  0.0, Workers: 4
[548.410s][debug][gc,phases      ] GC(29)     Dead                           Min: 0, Avg:  0.0, Max: 0, Diff: 0, Sum: 0, Workers: 4
[548.410s][debug][gc,phases      ] GC(29)     Total                          Min: 0, Avg:  0.0, Max: 0, Diff: 0, Sum: 0, Workers: 4
[548.410s][debug][gc,phases      ] GC(29)   StringTable Weak               Min:  0.0, Avg:  0.1, Max:  0.1, Diff:  0.1, Sum:  0.4, Workers: 4
[548.410s][debug][gc,phases      ] GC(29)     Dead                           Min: 0, Avg:  0.0, Max: 0, Diff: 0, Sum: 0, Workers: 4
[548.410s][debug][gc,phases      ] GC(29)     Total                          Min: 0, Avg: 10861.8, Max: 18615, Diff: 18615, Sum: 43447, Workers: 4
[548.410s][debug][gc,phases      ] GC(29)   ResolvedMethodTable Weak       Min:  0.0, Avg:  0.0, Max:  0.0, Diff:  0.0, Sum:  0.1, Workers: 4
[548.410s][debug][gc,phases      ] GC(29)     Dead                           Min: 0, Avg:  0.0, Max: 0, Diff: 0, Sum: 0, Workers: 4
[548.410s][debug][gc,phases      ] GC(29)     Total                          Min: 0, Avg: 2362.5, Max: 3776, Diff: 3776, Sum: 9450, Workers: 4
[548.410s][debug][gc,phases      ] GC(29)   JNI Weak                       Min:  0.0, Avg:  0.0, Max:  0.0, Diff:  0.0, Sum:  0.0, Workers: 4
[548.410s][debug][gc,phases      ] GC(29)     Dead                           Min: 0, Avg:  0.0, Max: 0, Diff: 0, Sum: 0, Workers: 4
[548.410s][debug][gc,phases      ] GC(29)     Total                          Min: 0, Avg: 11.2, Max: 45, Diff: 45, Sum: 45, Workers: 4
[548.410s][debug][gc,phases      ] GC(29)   StringDedup Table Weak         Min:  0.0, Avg:  0.0, Max:  0.0, Diff:  0.0, Sum:  0.0, Workers: 4
[548.410s][debug][gc,phases      ] GC(29)     Dead                           Min: 0, Avg:  0.0, Max: 0, Diff: 0, Sum: 0, Workers: 4
[548.410s][debug][gc,phases      ] GC(29)     Total                          Min: 0, Avg:  0.0, Max: 0, Diff: 0, Sum: 0, Workers: 4
[548.410s][debug][gc,phases      ] GC(29)   StringDedup Requests0 Weak     Min:  0.0, Avg:  0.0, Max:  0.0, Diff:  0.0, Sum:  0.0, Workers: 4
[548.410s][debug][gc,phases      ] GC(29)     Dead                           Min: 0, Avg:  0.0, Max: 0, Diff: 0, Sum: 0, Workers: 4
[548.410s][debug][gc,phases      ] GC(29)     Total                          Min: 0, Avg:  0.0, Max: 0, Diff: 0, Sum: 0, Workers: 4
[548.410s][debug][gc,phases      ] GC(29)   StringDedup Requests1 Weak     Min:  0.0, Avg:  0.0, Max:  0.0, Diff:  0.0, Sum:  0.0, Workers: 4
[548.410s][debug][gc,phases      ] GC(29)     Dead                           Min: 0, Avg:  0.0, Max: 0, Diff: 0, Sum: 0, Workers: 4
[548.410s][debug][gc,phases      ] GC(29)     Total                          Min: 0, Avg:  0.0, Max: 0, Diff: 0, Sum: 0, Workers: 4
[548.410s][debug][gc,phases      ] GC(29)   Weak JFR Old Object Samples    Min:  0.0, Avg:  0.0, Max:  0.0, Diff:  0.0, Sum:  0.0, Workers: 4
[548.410s][debug][gc,phases      ] GC(29)     Dead                           Min: 0, Avg:  0.0, Max: 0, Diff: 0, Sum: 0, Workers: 4
[548.410s][debug][gc,phases      ] GC(29)     Total                          Min: 0, Avg:  0.0, Max: 0, Diff: 0, Sum: 0, Workers: 4
[548.410s][debug][gc,phases      ] GC(29) Weak Processing 0.339ms
[548.410s][debug][gc,age         ] GC(29) Desired survivor size 345505792 bytes, new threshold 15 (max threshold 15)
[548.410s][info ][gc,heap        ] GC(29) PSYoungGen: 1498900K(1720320K)->181540K(1759744K) Eden: 1354752K(1354752K)->0K(1410560K) From: 144148K(365568K)->181540K(349184K)
[548.410s][info ][gc,heap        ] GC(29) ParOldGen: 274418K(432128K)->275187K(432128K)
[548.410s][info ][gc,metaspace   ] GC(29) Metaspace: 81758K(82816K)->81758K(82816K) NonClass: 70071K(70656K)->70071K(70656K) Class: 11686K(12160K)->11686K(12160K)
[548.410s][info ][gc             ] GC(29) Pause Young (GCLocker Initiated GC) 1731M->446M(2140M) 40.330ms
[548.410s][info ][gc,cpu         ] GC(29) User=0.15s Sys=0.00s Real=0.05s
[548.410s][info ][safepoint      ] Safepoint "ParallelGCSystemGC", Time since last: 70500 ns, Reaching safepoint: 80200 ns, At safepoint: 40396155 ns, Total: 40476355 ns
[549.410s][info ][safepoint      ] Safepoint "Cleanup", Time since last: 1000086558 ns, Reaching safepoint: 223000 ns, At safepoint: 10300 ns, Total: 233300 ns
[549.780s][info ][gc,start       ] GC(30) Pause Young (Allocation Failure)
[549.822s][debug][gc,phases      ] GC(30) Scavenge 42.355ms
[549.822s][debug][gc,ref         ] GC(30) Skipped phase 1 of Reference Processing: no references
[549.822s][debug][gc,ref         ] GC(30) ReferenceProcessor::execute queues: 1, RefProcThreadModel::Single, marks_oops_alive: false
[549.823s][debug][gc,ref         ] GC(30) Skipped phase 3 of Reference Processing: no references
[549.823s][debug][gc,ref         ] GC(30) ReferenceProcessor::execute queues: 1, RefProcThreadModel::Single, marks_oops_alive: false
[549.823s][debug][gc,phases      ] GC(30) Reference Processing 0.148ms
[549.823s][debug][gc,phases      ] GC(30)   VM Weak                        Min:  0.0, Avg:  0.0, Max:  0.0, Diff:  0.0, Sum:  0.0, Workers: 4
[549.823s][debug][gc,phases      ] GC(30)     Dead                           Min: 0, Avg:  0.0, Max: 0, Diff: 0, Sum: 0, Workers: 4
[549.823s][debug][gc,phases      ] GC(30)     Total                          Min: 0, Avg: 227.5, Max: 704, Diff: 704, Sum: 910, Workers: 4
[549.823s][debug][gc,phases      ] GC(30)   ObjectSynchronizer Weak        Min:  0.0, Avg:  0.0, Max:  0.0, Diff:  0.0, Sum:  0.0, Workers: 4
[549.823s][debug][gc,phases      ] GC(30)     Dead                           Min: 0, Avg:  0.0, Max: 0, Diff: 0, Sum: 0, Workers: 4
[549.823s][debug][gc,phases      ] GC(30)     Total                          Min: 0, Avg: 13.8, Max: 55, Diff: 55, Sum: 55, Workers: 4
[549.823s][debug][gc,phases      ] GC(30)   JVMTI Tag Weak OopStorage      Min:  0.0, Avg:  0.0, Max:  0.0, Diff:  0.0, Sum:  0.0, Workers: 4
[549.823s][debug][gc,phases      ] GC(30)     Dead                           Min: 0, Avg:  0.0, Max: 0, Diff: 0, Sum: 0, Workers: 4
[549.823s][debug][gc,phases      ] GC(30)     Total                          Min: 0, Avg:  0.0, Max: 0, Diff: 0, Sum: 0, Workers: 4
[549.823s][debug][gc,phases      ] GC(30)   StringTable Weak               Min:  0.0, Avg:  0.1, Max:  0.1, Diff:  0.1, Sum:  0.4, Workers: 4
[549.823s][debug][gc,phases      ] GC(30)     Dead                           Min: 0, Avg:  0.2, Max: 1, Diff: 1, Sum: 1, Workers: 4
[549.823s][debug][gc,phases      ] GC(30)     Total                          Min: 0, Avg: 10870.5, Max: 18587, Diff: 18587, Sum: 43482, Workers: 4
[549.823s][debug][gc,phases      ] GC(30)   ResolvedMethodTable Weak       Min:  0.0, Avg:  0.0, Max:  0.0, Diff:  0.0, Sum:  0.1, Workers: 4
[549.823s][debug][gc,phases      ] GC(30)     Dead                           Min: 0, Avg:  0.0, Max: 0, Diff: 0, Sum: 0, Workers: 4
[549.823s][debug][gc,phases      ] GC(30)     Total                          Min: 0, Avg: 2363.5, Max: 3776, Diff: 3776, Sum: 9454, Workers: 4
[549.823s][debug][gc,phases      ] GC(30)   JNI Weak                       Min:  0.0, Avg:  0.0, Max:  0.0, Diff:  0.0, Sum:  0.0, Workers: 4
[549.823s][debug][gc,phases      ] GC(30)     Dead                           Min: 0, Avg:  0.0, Max: 0, Diff: 0, Sum: 0, Workers: 4
[549.823s][debug][gc,phases      ] GC(30)     Total                          Min: 0, Avg: 11.2, Max: 45, Diff: 45, Sum: 45, Workers: 4
[549.823s][debug][gc,phases      ] GC(30)   StringDedup Table Weak         Min:  0.0, Avg:  0.0, Max:  0.0, Diff:  0.0, Sum:  0.0, Workers: 4
[549.823s][debug][gc,phases      ] GC(30)     Dead                           Min: 0, Avg:  0.0, Max: 0, Diff: 0, Sum: 0, Workers: 4
[549.823s][debug][gc,phases      ] GC(30)     Total                          Min: 0, Avg:  0.0, Max: 0, Diff: 0, Sum: 0, Workers: 4
[549.823s][debug][gc,phases      ] GC(30)   StringDedup Requests0 Weak     Min:  0.0, Avg:  0.0, Max:  0.0, Diff:  0.0, Sum:  0.0, Workers: 4
[549.823s][debug][gc,phases      ] GC(30)     Dead                           Min: 0, Avg:  0.0, Max: 0, Diff: 0, Sum: 0, Workers: 4
[549.823s][debug][gc,phases      ] GC(30)     Total                          Min: 0, Avg:  0.0, Max: 0, Diff: 0, Sum: 0, Workers: 4
[549.823s][debug][gc,phases      ] GC(30)   StringDedup Requests1 Weak     Min:  0.0, Avg:  0.0, Max:  0.0, Diff:  0.0, Sum:  0.0, Workers: 4
[549.823s][debug][gc,phases      ] GC(30)     Dead                           Min: 0, Avg:  0.0, Max: 0, Diff: 0, Sum: 0, Workers: 4
[549.823s][debug][gc,phases      ] GC(30)     Total                          Min: 0, Avg:  0.0, Max: 0, Diff: 0, Sum: 0, Workers: 4
[549.823s][debug][gc,phases      ] GC(30)   Weak JFR Old Object Samples    Min:  0.0, Avg:  0.0, Max:  0.0, Diff:  0.0, Sum:  0.0, Workers: 4
[549.823s][debug][gc,phases      ] GC(30)     Dead                           Min: 0, Avg:  0.0, Max: 0, Diff: 0, Sum: 0, Workers: 4
[549.823s][debug][gc,phases      ] GC(30)     Total                          Min: 0, Avg:  0.0, Max: 0, Diff: 0, Sum: 0, Workers: 4
[549.823s][debug][gc,phases      ] GC(30) Weak Processing 0.325ms
[549.823s][debug][gc,age         ] GC(30) Desired survivor size 332398592 bytes, new threshold 15 (max threshold 15)
[549.823s][info ][gc,heap        ] GC(30) PSYoungGen: 1592100K(1759744K)->140215K(1747968K) Eden: 1410560K(1410560K)->0K(1410560K) From: 181540K(349184K)->140215K(337408K)
[549.823s][info ][gc,heap        ] GC(30) ParOldGen: 275188K(432128K)->275481K(432128K)
[549.823s][info ][gc,metaspace   ] GC(30) Metaspace: 81828K(82880K)->81828K(82880K) NonClass: 70140K(70720K)->70140K(70720K) Class: 11687K(12160K)->11687K(12160K)
[549.823s][info ][gc             ] GC(30) Pause Young (Allocation Failure) 1823M->405M(2129M) 42.948ms
[549.823s][info ][gc,cpu         ] GC(30) User=0.15s Sys=0.03s Real=0.04s
[549.823s][info ][safepoint      ] Safepoint "ParallelGCFailedAllocation", Time since last: 369709602 ns, Reaching safepoint: 117100 ns, At safepoint: 43015959 ns, Total: 43133059 ns
[550.823s][info ][safepoint      ] Safepoint "Cleanup", Time since last: 1000080758 ns, Reaching safepoint: 150500 ns, At safepoint: 6300 ns, Total: 156800 ns
[551.516s][info ][gc,start       ] GC(31) Pause Young (Allocation Failure)
[551.554s][debug][gc,phases      ] GC(31) Scavenge 37.840ms
[551.554s][debug][gc,ref         ] GC(31) Skipped phase 1 of Reference Processing: no references
[551.554s][debug][gc,ref         ] GC(31) ReferenceProcessor::execute queues: 1, RefProcThreadModel::Single, marks_oops_alive: false
[551.554s][debug][gc,ref         ] GC(31) Skipped phase 3 of Reference Processing: no references
[551.554s][debug][gc,ref         ] GC(31) ReferenceProcessor::execute queues: 1, RefProcThreadModel::Single, marks_oops_alive: false
[551.554s][debug][gc,phases      ] GC(31) Reference Processing 0.125ms
[551.554s][debug][gc,phases      ] GC(31)   VM Weak                        Min:  0.0, Avg:  0.0, Max:  0.0, Diff:  0.0, Sum:  0.0, Workers: 4
[551.554s][debug][gc,phases      ] GC(31)     Dead                           Min: 0, Avg:  0.0, Max: 0, Diff: 0, Sum: 0, Workers: 4
[551.554s][debug][gc,phases      ] GC(31)     Total                          Min: 0, Avg: 227.5, Max: 526, Diff: 526, Sum: 910, Workers: 4
[551.554s][debug][gc,phases      ] GC(31)   ObjectSynchronizer Weak        Min:  0.0, Avg:  0.0, Max:  0.0, Diff:  0.0, Sum:  0.0, Workers: 4
[551.554s][debug][gc,phases      ] GC(31)     Dead                           Min: 0, Avg:  0.0, Max: 0, Diff: 0, Sum: 0, Workers: 4
[551.554s][debug][gc,phases      ] GC(31)     Total                          Min: 0, Avg: 13.8, Max: 55, Diff: 55, Sum: 55, Workers: 4
[551.554s][debug][gc,phases      ] GC(31)   JVMTI Tag Weak OopStorage      Min:  0.0, Avg:  0.0, Max:  0.0, Diff:  0.0, Sum:  0.0, Workers: 4
[551.554s][debug][gc,phases      ] GC(31)     Dead                           Min: 0, Avg:  0.0, Max: 0, Diff: 0, Sum: 0, Workers: 4
[551.554s][debug][gc,phases      ] GC(31)     Total                          Min: 0, Avg:  0.0, Max: 0, Diff: 0, Sum: 0, Workers: 4
[551.554s][debug][gc,phases      ] GC(31)   StringTable Weak               Min:  0.0, Avg:  0.1, Max:  0.1, Diff:  0.1, Sum:  0.4, Workers: 4
[551.554s][debug][gc,phases      ] GC(31)     Dead                           Min: 0, Avg:  0.0, Max: 0, Diff: 0, Sum: 0, Workers: 4
[551.554s][debug][gc,phases      ] GC(31)     Total                          Min: 0, Avg: 10870.5, Max: 18623, Diff: 18623, Sum: 43482, Workers: 4
[551.554s][debug][gc,phases      ] GC(31)   ResolvedMethodTable Weak       Min:  0.0, Avg:  0.0, Max:  0.0, Diff:  0.0, Sum:  0.1, Workers: 4
[551.554s][debug][gc,phases      ] GC(31)     Dead                           Min: 0, Avg:  0.0, Max: 0, Diff: 0, Sum: 0, Workers: 4
[551.554s][debug][gc,phases      ] GC(31)     Total                          Min: 0, Avg: 2363.5, Max: 3584, Diff: 3584, Sum: 9454, Workers: 4
[551.554s][debug][gc,phases      ] GC(31)   JNI Weak                       Min:  0.0, Avg:  0.0, Max:  0.0, Diff:  0.0, Sum:  0.0, Workers: 4
[551.554s][debug][gc,phases      ] GC(31)     Dead                           Min: 0, Avg:  0.0, Max: 0, Diff: 0, Sum: 0, Workers: 4
[551.554s][debug][gc,phases      ] GC(31)     Total                          Min: 0, Avg: 11.2, Max: 45, Diff: 45, Sum: 45, Workers: 4
[551.554s][debug][gc,phases      ] GC(31)   StringDedup Table Weak         Min:  0.0, Avg:  0.0, Max:  0.0, Diff:  0.0, Sum:  0.0, Workers: 4
[551.554s][debug][gc,phases      ] GC(31)     Dead                           Min: 0, Avg:  0.0, Max: 0, Diff: 0, Sum: 0, Workers: 4
[551.554s][debug][gc,phases      ] GC(31)     Total                          Min: 0, Avg:  0.0, Max: 0, Diff: 0, Sum: 0, Workers: 4
[551.554s][debug][gc,phases      ] GC(31)   StringDedup Requests0 Weak     Min:  0.0, Avg:  0.0, Max:  0.0, Diff:  0.0, Sum:  0.0, Workers: 4
[551.554s][debug][gc,phases      ] GC(31)     Dead                           Min: 0, Avg:  0.0, Max: 0, Diff: 0, Sum: 0, Workers: 4
[551.554s][debug][gc,phases      ] GC(31)     Total                          Min: 0, Avg:  0.0, Max: 0, Diff: 0, Sum: 0, Workers: 4
[551.554s][debug][gc,phases      ] GC(31)   StringDedup Requests1 Weak     Min:  0.0, Avg:  0.0, Max:  0.0, Diff:  0.0, Sum:  0.0, Workers: 4
[551.554s][debug][gc,phases      ] GC(31)     Dead                           Min: 0, Avg:  0.0, Max: 0, Diff: 0, Sum: 0, Workers: 4
[551.554s][debug][gc,phases      ] GC(31)     Total                          Min: 0, Avg:  0.0, Max: 0, Diff: 0, Sum: 0, Workers: 4
[551.554s][debug][gc,phases      ] GC(31)   Weak JFR Old Object Samples    Min:  0.0, Avg:  0.0, Max:  0.0, Diff:  0.0, Sum:  0.0, Workers: 4
[551.554s][debug][gc,phases      ] GC(31)     Dead                           Min: 0, Avg:  0.0, Max: 0, Diff: 0, Sum: 0, Workers: 4
[551.554s][debug][gc,phases      ] GC(31)     Total                          Min: 0, Avg:  0.0, Max: 0, Diff: 0, Sum: 0, Workers: 4
[551.554s][debug][gc,phases      ] GC(31) Weak Processing 0.315ms
[551.554s][debug][gc,age         ] GC(31) Desired survivor size 319291392 bytes, new threshold 15 (max threshold 15)
[551.554s][info ][gc,heap        ] GC(31) PSYoungGen: 1550775K(1747968K)->172378K(1785344K) Eden: 1410560K(1410560K)->0K(1460736K) From: 140215K(337408K)->172378K(324608K)
[551.554s][info ][gc,heap        ] GC(31) ParOldGen: 275481K(432128K)->276413K(432128K)
[551.554s][info ][gc,metaspace   ] GC(31) Metaspace: 81836K(82944K)->81836K(82944K) NonClass: 70148K(70784K)->70148K(70784K) Class: 11687K(12160K)->11687K(12160K)
[551.554s][info ][gc             ] GC(31) Pause Young (Allocation Failure) 1783M->438M(2165M) 38.392ms
[551.554s][info ][gc,cpu         ] GC(31) User=0.15s Sys=0.00s Real=0.04s
[551.554s][info ][safepoint      ] Safepoint "ParallelGCFailedAllocation", Time since last: 692660840 ns, Reaching safepoint: 95300 ns, At safepoint: 38461853 ns, Total: 38557153 ns
[552.555s][info ][safepoint      ] Safepoint "Cleanup", Time since last: 1000047517 ns, Reaching safepoint: 62100 ns, At safepoint: 3000 ns, Total: 65100 ns
[553.555s][info ][safepoint      ] Safepoint "Cleanup", Time since last: 1000105387 ns, Reaching safepoint: 71300 ns, At safepoint: 5700 ns, Total: 77000 ns
[554.555s][info ][safepoint      ] Safepoint "Cleanup", Time since last: 1000111887 ns, Reaching safepoint: 109500 ns, At safepoint: 24801 ns, Total: 134301 ns
[555.555s][info ][safepoint      ] Safepoint "Cleanup", Time since last: 1000101087 ns, Reaching safepoint: 108000 ns, At safepoint: 4400 ns, Total: 112400 ns
[556.555s][info ][safepoint      ] Safepoint "Cleanup", Time since last: 1000102587 ns, Reaching safepoint: 125500 ns, At safepoint: 16600 ns, Total: 142100 ns
[557.556s][info ][safepoint      ] Safepoint "Cleanup", Time since last: 1000119288 ns, Reaching safepoint: 142800 ns, At safepoint: 5400 ns, Total: 148200 ns
[558.556s][info ][safepoint      ] Safepoint "Cleanup", Time since last: 1000118087 ns, Reaching safepoint: 125300 ns, At safepoint: 5700 ns, Total: 131000 ns
[559.556s][info ][safepoint      ] Safepoint "Cleanup", Time since last: 1000113987 ns, Reaching safepoint: 109101 ns, At safepoint: 4900 ns, Total: 114001 ns
[561.557s][info ][safepoint      ] Safepoint "Cleanup", Time since last: 2000222058 ns, Reaching safepoint: 153801 ns, At safepoint: 6400 ns, Total: 160201 ns
[562.557s][info ][safepoint      ] Safepoint "Cleanup", Time since last: 1000127284 ns, Reaching safepoint: 131700 ns, At safepoint: 8600 ns, Total: 140300 ns
[563.557s][info ][safepoint      ] Safepoint "Cleanup", Time since last: 1000112084 ns, Reaching safepoint: 117600 ns, At safepoint: 5700 ns, Total: 123300 ns
[564.557s][info ][safepoint      ] Safepoint "Cleanup", Time since last: 1000102184 ns, Reaching safepoint: 112500 ns, At safepoint: 4500 ns, Total: 117000 ns
[566.558s][info ][safepoint      ] Safepoint "Cleanup", Time since last: 2000180768 ns, Reaching safepoint: 124200 ns, At safepoint: 5000 ns, Total: 129200 ns
[569.558s][info ][safepoint      ] Safepoint "Cleanup", Time since last: 3000257777 ns, Reaching safepoint: 113201 ns, At safepoint: 4600 ns, Total: 117801 ns
[571.558s][info ][safepoint      ] Safepoint "Cleanup", Time since last: 2000198188 ns, Reaching safepoint: 139700 ns, At safepoint: 7400 ns, Total: 147100 ns
[572.559s][info ][safepoint      ] Safepoint "Cleanup", Time since last: 1000124938 ns, Reaching safepoint: 127100 ns, At safepoint: 6200 ns, Total: 133300 ns
[578.559s][info ][safepoint      ] Safepoint "Cleanup", Time since last: 6000515522 ns, Reaching safepoint: 119700 ns, At safepoint: 6600 ns, Total: 126300 ns
[579.559s][info ][safepoint      ] Safepoint "Cleanup", Time since last: 1000120839 ns, Reaching safepoint: 118700 ns, At safepoint: 5800 ns, Total: 124500 ns
[580.560s][info ][safepoint      ] Safepoint "Cleanup", Time since last: 1000126339 ns, Reaching safepoint: 116800 ns, At safepoint: 6500 ns, Total: 123300 ns
[582.560s][info ][safepoint      ] Safepoint "Cleanup", Time since last: 2000195777 ns, Reaching safepoint: 117900 ns, At safepoint: 5600 ns, Total: 123500 ns
[583.560s][info ][safepoint      ] Safepoint "Cleanup", Time since last: 1000122253 ns, Reaching safepoint: 116700 ns, At safepoint: 6900 ns, Total: 123600 ns
[585.561s][info ][safepoint      ] Safepoint "Cleanup", Time since last: 2000225164 ns, Reaching safepoint: 113501 ns, At safepoint: 7100 ns, Total: 120601 ns
[586.561s][info ][safepoint      ] Safepoint "Cleanup", Time since last: 1000101858 ns, Reaching safepoint: 126901 ns, At safepoint: 7300 ns, Total: 134201 ns
[588.561s][info ][safepoint      ] Safepoint "Cleanup", Time since last: 2000195717 ns, Reaching safepoint: 100600 ns, At safepoint: 5700 ns, Total: 106300 ns
[588.657s][info ][gc,start       ] GC(32) Pause Young (Allocation Failure)
[588.692s][debug][gc,phases      ] GC(32) Scavenge 34.707ms
[588.692s][debug][gc,ref         ] GC(32) Skipped phase 1 of Reference Processing: no references
[588.692s][debug][gc,ref         ] GC(32) ReferenceProcessor::execute queues: 1, RefProcThreadModel::Single, marks_oops_alive: false
[588.692s][debug][gc,ref         ] GC(32) Skipped phase 3 of Reference Processing: no references
[588.692s][debug][gc,ref         ] GC(32) ReferenceProcessor::execute queues: 1, RefProcThreadModel::Single, marks_oops_alive: false
[588.692s][debug][gc,phases      ] GC(32) Reference Processing 0.112ms
[588.693s][debug][gc,phases      ] GC(32)   VM Weak                        Min:  0.0, Avg:  0.0, Max:  0.0, Diff:  0.0, Sum:  0.0, Workers: 4
[588.693s][debug][gc,phases      ] GC(32)     Dead                           Min: 0, Avg:  0.0, Max: 0, Diff: 0, Sum: 0, Workers: 4
[588.693s][debug][gc,phases      ] GC(32)     Total                          Min: 0, Avg: 227.5, Max: 462, Diff: 462, Sum: 910, Workers: 4
[588.693s][debug][gc,phases      ] GC(32)   ObjectSynchronizer Weak        Min:  0.0, Avg:  0.0, Max:  0.0, Diff:  0.0, Sum:  0.0, Workers: 4
[588.693s][debug][gc,phases      ] GC(32)     Dead                           Min: 0, Avg:  0.0, Max: 0, Diff: 0, Sum: 0, Workers: 4
[588.693s][debug][gc,phases      ] GC(32)     Total                          Min: 0, Avg: 14.0, Max: 56, Diff: 56, Sum: 56, Workers: 4
[588.693s][debug][gc,phases      ] GC(32)   JVMTI Tag Weak OopStorage      Min:  0.0, Avg:  0.0, Max:  0.0, Diff:  0.0, Sum:  0.0, Workers: 4
[588.693s][debug][gc,phases      ] GC(32)     Dead                           Min: 0, Avg:  0.0, Max: 0, Diff: 0, Sum: 0, Workers: 4
[588.693s][debug][gc,phases      ] GC(32)     Total                          Min: 0, Avg:  0.0, Max: 0, Diff: 0, Sum: 0, Workers: 4
[588.693s][debug][gc,phases      ] GC(32)   StringTable Weak               Min:  0.1, Avg:  0.1, Max:  0.1, Diff:  0.0, Sum:  0.4, Workers: 4
[588.693s][debug][gc,phases      ] GC(32)     Dead                           Min: 0, Avg:  0.5, Max: 2, Diff: 2, Sum: 2, Workers: 4
[588.693s][debug][gc,phases      ] GC(32)     Total                          Min: 10047, Avg: 10875.0, Max: 11694, Diff: 1647, Sum: 43500, Workers: 4
[588.693s][debug][gc,phases      ] GC(32)   ResolvedMethodTable Weak       Min:  0.0, Avg:  0.0, Max:  0.0, Diff:  0.0, Sum:  0.1, Workers: 4
[588.693s][debug][gc,phases      ] GC(32)     Dead                           Min: 0, Avg:  0.0, Max: 0, Diff: 0, Sum: 0, Workers: 4
[588.693s][debug][gc,phases      ] GC(32)     Total                          Min: 2165, Avg: 2365.2, Max: 2560, Diff: 395, Sum: 9461, Workers: 4
[588.693s][debug][gc,phases      ] GC(32)   JNI Weak                       Min:  0.0, Avg:  0.0, Max:  0.0, Diff:  0.0, Sum:  0.0, Workers: 4
[588.693s][debug][gc,phases      ] GC(32)     Dead                           Min: 0, Avg:  0.0, Max: 0, Diff: 0, Sum: 0, Workers: 4
[588.693s][debug][gc,phases      ] GC(32)     Total                          Min: 0, Avg: 11.2, Max: 45, Diff: 45, Sum: 45, Workers: 4
[588.693s][debug][gc,phases      ] GC(32)   StringDedup Table Weak         Min:  0.0, Avg:  0.0, Max:  0.0, Diff:  0.0, Sum:  0.0, Workers: 4
[588.693s][debug][gc,phases      ] GC(32)     Dead                           Min: 0, Avg:  0.0, Max: 0, Diff: 0, Sum: 0, Workers: 4
[588.693s][debug][gc,phases      ] GC(32)     Total                          Min: 0, Avg:  0.0, Max: 0, Diff: 0, Sum: 0, Workers: 4
[588.693s][debug][gc,phases      ] GC(32)   StringDedup Requests0 Weak     Min:  0.0, Avg:  0.0, Max:  0.0, Diff:  0.0, Sum:  0.0, Workers: 4
[588.693s][debug][gc,phases      ] GC(32)     Dead                           Min: 0, Avg:  0.0, Max: 0, Diff: 0, Sum: 0, Workers: 4
[588.693s][debug][gc,phases      ] GC(32)     Total                          Min: 0, Avg:  0.0, Max: 0, Diff: 0, Sum: 0, Workers: 4
[588.693s][debug][gc,phases      ] GC(32)   StringDedup Requests1 Weak     Min:  0.0, Avg:  0.0, Max:  0.0, Diff:  0.0, Sum:  0.0, Workers: 4
[588.693s][debug][gc,phases      ] GC(32)     Dead                           Min: 0, Avg:  0.0, Max: 0, Diff: 0, Sum: 0, Workers: 4
[588.693s][debug][gc,phases      ] GC(32)     Total                          Min: 0, Avg:  0.0, Max: 0, Diff: 0, Sum: 0, Workers: 4
[588.693s][debug][gc,phases      ] GC(32)   Weak JFR Old Object Samples    Min:  0.0, Avg:  0.0, Max:  0.0, Diff:  0.0, Sum:  0.0, Workers: 4
[588.693s][debug][gc,phases      ] GC(32)     Dead                           Min: 0, Avg:  0.0, Max: 0, Diff: 0, Sum: 0, Workers: 4
[588.693s][debug][gc,phases      ] GC(32)     Total                          Min: 0, Avg:  0.0, Max: 0, Diff: 0, Sum: 0, Workers: 4
[588.693s][debug][gc,phases      ] GC(32) Weak Processing 0.288ms
[588.693s][debug][gc,age         ] GC(32) Desired survivor size 305135616 bytes, new threshold 15 (max threshold 15)
[588.693s][info ][gc,heap        ] GC(32) PSYoungGen: 1633114K(1785344K)->167130K(1772544K) Eden: 1460736K(1460736K)->0K(1460736K) From: 172378K(324608K)->167130K(311808K)
[588.693s][info ][gc,heap        ] GC(32) ParOldGen: 276413K(432128K)->280506K(432128K)
[588.693s][info ][gc,metaspace   ] GC(32) Metaspace: 81899K(82944K)->81899K(82944K) NonClass: 70209K(70784K)->70209K(70784K) Class: 11690K(12160K)->11690K(12160K)
[588.693s][info ][gc             ] GC(32) Pause Young (Allocation Failure) 1864M->437M(2153M) 35.218ms
[588.693s][info ][gc,cpu         ] GC(32) User=0.11s Sys=0.02s Real=0.04s
[588.693s][info ][safepoint      ] Safepoint "ParallelGCFailedAllocation", Time since last: 96241827 ns, Reaching safepoint: 36100 ns, At safepoint: 35283583 ns, Total: 35319683 ns
[589.693s][info ][safepoint      ] Safepoint "Cleanup", Time since last: 1000079733 ns, Reaching safepoint: 42900 ns, At safepoint: 7500 ns, Total: 50400 ns
[591.693s][info ][safepoint      ] Safepoint "Cleanup", Time since last: 2000166074 ns, Reaching safepoint: 37000 ns, At safepoint: 3000 ns, Total: 40000 ns
[592.693s][info ][safepoint      ] Safepoint "Cleanup", Time since last: 1000105790 ns, Reaching safepoint: 52600 ns, At safepoint: 2500 ns, Total: 55100 ns
[593.693s][info ][safepoint      ] Safepoint "Cleanup", Time since last: 1000122012 ns, Reaching safepoint: 45300 ns, At safepoint: 3500 ns, Total: 48800 ns
[595.694s][info ][safepoint      ] Safepoint "Cleanup", Time since last: 2000157124 ns, Reaching safepoint: 42300 ns, At safepoint: 4200 ns, Total: 46500 ns
[596.694s][info ][safepoint      ] Safepoint "Cleanup", Time since last: 1000107112 ns, Reaching safepoint: 52900 ns, At safepoint: 3400 ns, Total: 56300 ns
[597.694s][info ][safepoint      ] Safepoint "Cleanup", Time since last: 1000106512 ns, Reaching safepoint: 50800 ns, At safepoint: 7900 ns, Total: 58700 ns
[599.694s][info ][safepoint      ] Safepoint "Cleanup", Time since last: 2000167724 ns, Reaching safepoint: 38900 ns, At safepoint: 2600 ns, Total: 41500 ns
[600.787s][info ][safepoint      ] Safepoint "Cleanup", Time since last: 1093311981 ns, Reaching safepoint: 79300 ns, At safepoint: 5500 ns, Total: 84800 ns
[601.788s][info ][safepoint      ] Safepoint "Cleanup", Time since last: 1000133177 ns, Reaching safepoint: 66300 ns, At safepoint: 3200 ns, Total: 69500 ns
[602.788s][info ][safepoint      ] Safepoint "Cleanup", Time since last: 1000107078 ns, Reaching safepoint: 52900 ns, At safepoint: 2600 ns, Total: 55500 ns
[603.788s][info ][safepoint      ] Safepoint "Cleanup", Time since last: 1000131277 ns, Reaching safepoint: 49201 ns, At safepoint: 3400 ns, Total: 52601 ns
[605.480s][info ][safepoint      ] Safepoint "Cleanup", Time since last: 1692254546 ns, Reaching safepoint: 80900 ns, At safepoint: 5100 ns, Total: 86000 ns
[606.481s][info ][safepoint      ] Safepoint "Cleanup", Time since last: 1000105177 ns, Reaching safepoint: 45700 ns, At safepoint: 2800 ns, Total: 48500 ns
[607.481s][info ][safepoint      ] Safepoint "Cleanup", Time since last: 1000113878 ns, Reaching safepoint: 39400 ns, At safepoint: 2500 ns, Total: 41900 ns
[609.481s][info ][safepoint      ] Safepoint "Cleanup", Time since last: 2000189734 ns, Reaching safepoint: 52800 ns, At safepoint: 4100 ns, Total: 56900 ns
[610.481s][info ][safepoint      ] Safepoint "Cleanup", Time since last: 1000119348 ns, Reaching safepoint: 47000 ns, At safepoint: 3000 ns, Total: 50000 ns
[611.481s][info ][safepoint      ] Safepoint "Cleanup", Time since last: 1000130647 ns, Reaching safepoint: 57700 ns, At safepoint: 3000 ns, Total: 60700 ns
[612.481s][info ][safepoint      ] Safepoint "Cleanup", Time since last: 1000101648 ns, Reaching safepoint: 41100 ns, At safepoint: 2900 ns, Total: 44000 ns
[614.013s][info ][safepoint      ] Safepoint "Cleanup", Time since last: 1531439256 ns, Reaching safepoint: 39301 ns, At safepoint: 2800 ns, Total: 42101 ns
[615.013s][info ][safepoint      ] Safepoint "Cleanup", Time since last: 1000105811 ns, Reaching safepoint: 78300 ns, At safepoint: 2200 ns, Total: 80500 ns
[620.014s][info ][safepoint      ] Safepoint "Cleanup", Time since last: 5000401843 ns, Reaching safepoint: 38300 ns, At safepoint: 4100 ns, Total: 42400 ns
[621.014s][info ][safepoint      ] Safepoint "Cleanup", Time since last: 1000141142 ns, Reaching safepoint: 38001 ns, At safepoint: 2900 ns, Total: 40901 ns
[622.014s][info ][safepoint      ] Safepoint "Cleanup", Time since last: 1000094542 ns, Reaching safepoint: 41800 ns, At safepoint: 3600 ns, Total: 45400 ns
[624.014s][info ][safepoint      ] Safepoint "Cleanup", Time since last: 2000202484 ns, Reaching safepoint: 45900 ns, At safepoint: 7000 ns, Total: 52900 ns
[625.014s][info ][safepoint      ] Safepoint "Cleanup", Time since last: 1000107879 ns, Reaching safepoint: 45900 ns, At safepoint: 5300 ns, Total: 51200 ns
[626.014s][info ][safepoint      ] Safepoint "Cleanup", Time since last: 1000111386 ns, Reaching safepoint: 44000 ns, At safepoint: 2300 ns, Total: 46300 ns
[627.015s][info ][safepoint      ] Safepoint "Cleanup", Time since last: 1000096985 ns, Reaching safepoint: 41300 ns, At safepoint: 2500 ns, Total: 43800 ns
[628.015s][info ][safepoint      ] Safepoint "Cleanup", Time since last: 1000102686 ns, Reaching safepoint: 42900 ns, At safepoint: 3600 ns, Total: 46500 ns
[628.655s][info ][gc,start       ] GC(33) Pause Young (Allocation Failure)
[628.690s][debug][gc,phases      ] GC(33) Scavenge 34.209ms
[628.690s][debug][gc,ref         ] GC(33) Skipped phase 1 of Reference Processing: no references
[628.690s][debug][gc,ref         ] GC(33) ReferenceProcessor::execute queues: 1, RefProcThreadModel::Single, marks_oops_alive: false
[628.690s][debug][gc,ref         ] GC(33) Skipped phase 3 of Reference Processing: no references
[628.690s][debug][gc,ref         ] GC(33) ReferenceProcessor::execute queues: 1, RefProcThreadModel::Single, marks_oops_alive: false
[628.690s][debug][gc,phases      ] GC(33) Reference Processing 0.107ms
[628.690s][debug][gc,phases      ] GC(33)   VM Weak                        Min:  0.0, Avg:  0.0, Max:  0.0, Diff:  0.0, Sum:  0.0, Workers: 4
[628.690s][debug][gc,phases      ] GC(33)     Dead                           Min: 0, Avg:  0.0, Max: 0, Diff: 0, Sum: 0, Workers: 4
[628.690s][debug][gc,phases      ] GC(33)     Total                          Min: 0, Avg: 227.5, Max: 910, Diff: 910, Sum: 910, Workers: 4
[628.690s][debug][gc,phases      ] GC(33)   ObjectSynchronizer Weak        Min:  0.0, Avg:  0.0, Max:  0.0, Diff:  0.0, Sum:  0.0, Workers: 4
[628.690s][debug][gc,phases      ] GC(33)     Dead                           Min: 0, Avg:  0.0, Max: 0, Diff: 0, Sum: 0, Workers: 4
[628.690s][debug][gc,phases      ] GC(33)     Total                          Min: 0, Avg: 14.0, Max: 56, Diff: 56, Sum: 56, Workers: 4
[628.690s][debug][gc,phases      ] GC(33)   JVMTI Tag Weak OopStorage      Min:  0.0, Avg:  0.0, Max:  0.0, Diff:  0.0, Sum:  0.0, Workers: 4
[628.690s][debug][gc,phases      ] GC(33)     Dead                           Min: 0, Avg:  0.0, Max: 0, Diff: 0, Sum: 0, Workers: 4
[628.690s][debug][gc,phases      ] GC(33)     Total                          Min: 0, Avg:  0.0, Max: 0, Diff: 0, Sum: 0, Workers: 4
[628.690s][debug][gc,phases      ] GC(33)   StringTable Weak               Min:  0.0, Avg:  0.1, Max:  0.1, Diff:  0.1, Sum:  0.4, Workers: 4
[628.690s][debug][gc,phases      ] GC(33)     Dead                           Min: 0, Avg:  0.0, Max: 0, Diff: 0, Sum: 0, Workers: 4
[628.690s][debug][gc,phases      ] GC(33)     Total                          Min: 0, Avg: 10882.0, Max: 18944, Diff: 18944, Sum: 43528, Workers: 4
[628.690s][debug][gc,phases      ] GC(33)   ResolvedMethodTable Weak       Min:  0.0, Avg:  0.0, Max:  0.0, Diff:  0.0, Sum:  0.1, Workers: 4
[628.690s][debug][gc,phases      ] GC(33)     Dead                           Min: 0, Avg:  0.0, Max: 0, Diff: 0, Sum: 0, Workers: 4
[628.690s][debug][gc,phases      ] GC(33)     Total                          Min: 0, Avg: 2365.8, Max: 3959, Diff: 3959, Sum: 9463, Workers: 4
[628.690s][debug][gc,phases      ] GC(33)   JNI Weak                       Min:  0.0, Avg:  0.0, Max:  0.0, Diff:  0.0, Sum:  0.0, Workers: 4
[628.690s][debug][gc,phases      ] GC(33)     Dead                           Min: 0, Avg:  0.0, Max: 0, Diff: 0, Sum: 0, Workers: 4
[628.690s][debug][gc,phases      ] GC(33)     Total                          Min: 0, Avg: 11.2, Max: 45, Diff: 45, Sum: 45, Workers: 4
[628.690s][debug][gc,phases      ] GC(33)   StringDedup Table Weak         Min:  0.0, Avg:  0.0, Max:  0.0, Diff:  0.0, Sum:  0.0, Workers: 4
[628.690s][debug][gc,phases      ] GC(33)     Dead                           Min: 0, Avg:  0.0, Max: 0, Diff: 0, Sum: 0, Workers: 4
[628.690s][debug][gc,phases      ] GC(33)     Total                          Min: 0, Avg:  0.0, Max: 0, Diff: 0, Sum: 0, Workers: 4
[628.690s][debug][gc,phases      ] GC(33)   StringDedup Requests0 Weak     Min:  0.0, Avg:  0.0, Max:  0.0, Diff:  0.0, Sum:  0.0, Workers: 4
[628.690s][debug][gc,phases      ] GC(33)     Dead                           Min: 0, Avg:  0.0, Max: 0, Diff: 0, Sum: 0, Workers: 4
[628.690s][debug][gc,phases      ] GC(33)     Total                          Min: 0, Avg:  0.0, Max: 0, Diff: 0, Sum: 0, Workers: 4
[628.690s][debug][gc,phases      ] GC(33)   StringDedup Requests1 Weak     Min:  0.0, Avg:  0.0, Max:  0.0, Diff:  0.0, Sum:  0.0, Workers: 4
[628.690s][debug][gc,phases      ] GC(33)     Dead                           Min: 0, Avg:  0.0, Max: 0, Diff: 0, Sum: 0, Workers: 4
[628.690s][debug][gc,phases      ] GC(33)     Total                          Min: 0, Avg:  0.0, Max: 0, Diff: 0, Sum: 0, Workers: 4
[628.690s][debug][gc,phases      ] GC(33)   Weak JFR Old Object Samples    Min:  0.0, Avg:  0.0, Max:  0.0, Diff:  0.0, Sum:  0.0, Workers: 4
[628.690s][debug][gc,phases      ] GC(33)     Dead                           Min: 0, Avg:  0.0, Max: 0, Diff: 0, Sum: 0, Workers: 4
[628.690s][debug][gc,phases      ] GC(33)     Total                          Min: 0, Avg:  0.0, Max: 0, Diff: 0, Sum: 0, Workers: 4
[628.690s][debug][gc,phases      ] GC(33) Weak Processing 0.310ms
[628.690s][debug][gc,age         ] GC(33) Desired survivor size 291504128 bytes, new threshold 15 (max threshold 15)
[628.690s][info ][gc,heap        ] GC(33) PSYoungGen: 1627866K(1772544K)->163584K(1812480K) Eden: 1460736K(1460736K)->0K(1514496K) From: 167130K(311808K)->163584K(297984K)
[628.690s][info ][gc,heap        ] GC(33) ParOldGen: 280506K(432128K)->284323K(432128K)
[628.690s][info ][gc,metaspace   ] GC(33) Metaspace: 81961K(83008K)->81961K(83008K) NonClass: 70268K(70848K)->70268K(70848K) Class: 11693K(12160K)->11693K(12160K)
[628.690s][info ][gc             ] GC(33) Pause Young (Allocation Failure) 1863M->437M(2192M) 34.751ms
[628.690s][info ][gc,cpu         ] GC(33) User=0.14s Sys=0.00s Real=0.04s
[628.690s][info ][safepoint      ] Safepoint "ParallelGCFailedAllocation", Time since last: 640662000 ns, Reaching safepoint: 30400 ns, At safepoint: 34827776 ns, Total: 34858176 ns
[630.691s][info ][safepoint      ] Safepoint "Cleanup", Time since last: 2000215770 ns, Reaching safepoint: 53101 ns, At safepoint: 3200 ns, Total: 56301 ns
[631.691s][info ][safepoint      ] Safepoint "Cleanup", Time since last: 1000131796 ns, Reaching safepoint: 48800 ns, At safepoint: 4600 ns, Total: 53400 ns
[632.691s][info ][safepoint      ] Safepoint "Cleanup", Time since last: 1000128355 ns, Reaching safepoint: 56600 ns, At safepoint: 3600 ns, Total: 60200 ns
[633.691s][info ][safepoint      ] Safepoint "Cleanup", Time since last: 1000103276 ns, Reaching safepoint: 49801 ns, At safepoint: 2600 ns, Total: 52401 ns
[634.691s][info ][safepoint      ] Safepoint "Cleanup", Time since last: 1000097576 ns, Reaching safepoint: 40600 ns, At safepoint: 2400 ns, Total: 43000 ns
[640.692s][info ][safepoint      ] Safepoint "Cleanup", Time since last: 6000478928 ns, Reaching safepoint: 44100 ns, At safepoint: 3801 ns, Total: 47901 ns
[642.692s][info ][safepoint      ] Safepoint "Cleanup", Time since last: 2000193366 ns, Reaching safepoint: 44700 ns, At safepoint: 7300 ns, Total: 52000 ns
[643.692s][info ][safepoint      ] Safepoint "Cleanup", Time since last: 1000097833 ns, Reaching safepoint: 40000 ns, At safepoint: 2400 ns, Total: 42400 ns
[644.692s][info ][safepoint      ] Safepoint "Cleanup", Time since last: 1000097133 ns, Reaching safepoint: 41000 ns, At safepoint: 2600 ns, Total: 43600 ns
[645.692s][info ][safepoint      ] Safepoint "Cleanup", Time since last: 1000100733 ns, Reaching safepoint: 52900 ns, At safepoint: 3400 ns, Total: 56300 ns
[648.693s][info ][safepoint      ] Safepoint "Cleanup", Time since last: 3000283102 ns, Reaching safepoint: 46300 ns, At safepoint: 3000 ns, Total: 49300 ns
[649.693s][info ][safepoint      ] Safepoint "Cleanup", Time since last: 1000114337 ns, Reaching safepoint: 55801 ns, At safepoint: 2800 ns, Total: 58601 ns
[650.693s][info ][safepoint      ] Safepoint "Cleanup", Time since last: 1000128337 ns, Reaching safepoint: 49100 ns, At safepoint: 3700 ns, Total: 52800 ns
[655.694s][info ][safepoint      ] Safepoint "Cleanup", Time since last: 5000362485 ns, Reaching safepoint: 50200 ns, At safepoint: 2800 ns, Total: 53000 ns
[656.694s][info ][safepoint      ] Safepoint "Cleanup", Time since last: 1000106168 ns, Reaching safepoint: 40301 ns, At safepoint: 2800 ns, Total: 43101 ns
[659.694s][info ][safepoint      ] Safepoint "Cleanup", Time since last: 3000224682 ns, Reaching safepoint: 41800 ns, At safepoint: 2800 ns, Total: 44600 ns
[660.694s][info ][safepoint      ] Safepoint "Cleanup", Time since last: 1000111460 ns, Reaching safepoint: 53301 ns, At safepoint: 5000 ns, Total: 58301 ns
[661.694s][info ][safepoint      ] Safepoint "Cleanup", Time since last: 1000124060 ns, Reaching safepoint: 51800 ns, At safepoint: 3700 ns, Total: 55500 ns
[662.694s][info ][safepoint      ] Safepoint "Cleanup", Time since last: 1000102661 ns, Reaching safepoint: 40700 ns, At safepoint: 3300 ns, Total: 44000 ns
[666.695s][info ][safepoint      ] Safepoint "Cleanup", Time since last: 4000349537 ns, Reaching safepoint: 45000 ns, At safepoint: 2600 ns, Total: 47600 ns
[667.695s][info ][safepoint      ] Safepoint "Cleanup", Time since last: 1000113981 ns, Reaching safepoint: 50301 ns, At safepoint: 7600 ns, Total: 57901 ns
[669.695s][info ][safepoint      ] Safepoint "Cleanup", Time since last: 2000169062 ns, Reaching safepoint: 47500 ns, At safepoint: 3100 ns, Total: 50600 ns
[670.695s][info ][safepoint      ] Safepoint "Cleanup", Time since last: 1000104281 ns, Reaching safepoint: 88500 ns, At safepoint: 2500 ns, Total: 91000 ns
[671.696s][info ][safepoint      ] Safepoint "Cleanup", Time since last: 1000095281 ns, Reaching safepoint: 53900 ns, At safepoint: 3800 ns, Total: 57700 ns
[672.696s][info ][safepoint      ] Safepoint "Cleanup", Time since last: 1000111613 ns, Reaching safepoint: 40900 ns, At safepoint: 3600 ns, Total: 44500 ns
[673.696s][info ][safepoint      ] Safepoint "Cleanup", Time since last: 1000117732 ns, Reaching safepoint: 89200 ns, At safepoint: 6000 ns, Total: 95200 ns
[674.310s][info ][gc,start       ] GC(34) Pause Young (Allocation Failure)
[674.340s][debug][gc,phases      ] GC(34) Scavenge 30.117ms
[674.340s][debug][gc,ref         ] GC(34) Skipped phase 1 of Reference Processing: no references
[674.340s][debug][gc,ref         ] GC(34) ReferenceProcessor::execute queues: 1, RefProcThreadModel::Single, marks_oops_alive: false
[674.340s][debug][gc,ref         ] GC(34) Skipped phase 3 of Reference Processing: no references
[674.340s][debug][gc,ref         ] GC(34) ReferenceProcessor::execute queues: 1, RefProcThreadModel::Single, marks_oops_alive: false
[674.340s][debug][gc,phases      ] GC(34) Reference Processing 0.107ms
[674.341s][debug][gc,phases      ] GC(34)   VM Weak                        Min:  0.0, Avg:  0.0, Max:  0.0, Diff:  0.0, Sum:  0.0, Workers: 4
[674.341s][debug][gc,phases      ] GC(34)     Dead                           Min: 0, Avg:  0.0, Max: 0, Diff: 0, Sum: 0, Workers: 4
[674.341s][debug][gc,phases      ] GC(34)     Total                          Min: 0, Avg: 227.5, Max: 590, Diff: 590, Sum: 910, Workers: 4
[674.341s][debug][gc,phases      ] GC(34)   ObjectSynchronizer Weak        Min:  0.0, Avg:  0.0, Max:  0.0, Diff:  0.0, Sum:  0.0, Workers: 4
[674.341s][debug][gc,phases      ] GC(34)     Dead                           Min: 0, Avg:  0.0, Max: 0, Diff: 0, Sum: 0, Workers: 4
[674.341s][debug][gc,phases      ] GC(34)     Total                          Min: 0, Avg: 14.0, Max: 56, Diff: 56, Sum: 56, Workers: 4
[674.341s][debug][gc,phases      ] GC(34)   JVMTI Tag Weak OopStorage      Min:  0.0, Avg:  0.0, Max:  0.0, Diff:  0.0, Sum:  0.0, Workers: 4
[674.341s][debug][gc,phases      ] GC(34)     Dead                           Min: 0, Avg:  0.0, Max: 0, Diff: 0, Sum: 0, Workers: 4
[674.341s][debug][gc,phases      ] GC(34)     Total                          Min: 0, Avg:  0.0, Max: 0, Diff: 0, Sum: 0, Workers: 4
[674.341s][debug][gc,phases      ] GC(34)   StringTable Weak               Min:  0.0, Avg:  0.1, Max:  0.1, Diff:  0.1, Sum:  0.4, Workers: 4
[674.341s][debug][gc,phases      ] GC(34)     Dead                           Min: 0, Avg:  0.0, Max: 0, Diff: 0, Sum: 0, Workers: 4
[674.341s][debug][gc,phases      ] GC(34)     Total                          Min: 0, Avg: 10894.0, Max: 18880, Diff: 18880, Sum: 43576, Workers: 4
[674.341s][debug][gc,phases      ] GC(34)   ResolvedMethodTable Weak       Min:  0.0, Avg:  0.0, Max:  0.0, Diff:  0.0, Sum:  0.1, Workers: 4
[674.341s][debug][gc,phases      ] GC(34)     Dead                           Min: 0, Avg:  0.0, Max: 0, Diff: 0, Sum: 0, Workers: 4
[674.341s][debug][gc,phases      ] GC(34)     Total                          Min: 0, Avg: 2368.2, Max: 4097, Diff: 4097, Sum: 9473, Workers: 4
[674.341s][debug][gc,phases      ] GC(34)   JNI Weak                       Min:  0.0, Avg:  0.0, Max:  0.0, Diff:  0.0, Sum:  0.0, Workers: 4
[674.341s][debug][gc,phases      ] GC(34)     Dead                           Min: 0, Avg:  0.0, Max: 0, Diff: 0, Sum: 0, Workers: 4
[674.341s][debug][gc,phases      ] GC(34)     Total                          Min: 0, Avg: 11.2, Max: 45, Diff: 45, Sum: 45, Workers: 4
[674.341s][debug][gc,phases      ] GC(34)   StringDedup Table Weak         Min:  0.0, Avg:  0.0, Max:  0.0, Diff:  0.0, Sum:  0.0, Workers: 4
[674.341s][debug][gc,phases      ] GC(34)     Dead                           Min: 0, Avg:  0.0, Max: 0, Diff: 0, Sum: 0, Workers: 4
[674.341s][debug][gc,phases      ] GC(34)     Total                          Min: 0, Avg:  0.0, Max: 0, Diff: 0, Sum: 0, Workers: 4
[674.341s][debug][gc,phases      ] GC(34)   StringDedup Requests0 Weak     Min:  0.0, Avg:  0.0, Max:  0.0, Diff:  0.0, Sum:  0.0, Workers: 4
[674.341s][debug][gc,phases      ] GC(34)     Dead                           Min: 0, Avg:  0.0, Max: 0, Diff: 0, Sum: 0, Workers: 4
[674.341s][debug][gc,phases      ] GC(34)     Total                          Min: 0, Avg:  0.0, Max: 0, Diff: 0, Sum: 0, Workers: 4
[674.341s][debug][gc,phases      ] GC(34)   StringDedup Requests1 Weak     Min:  0.0, Avg:  0.0, Max:  0.0, Diff:  0.0, Sum:  0.0, Workers: 4
[674.341s][debug][gc,phases      ] GC(34)     Dead                           Min: 0, Avg:  0.0, Max: 0, Diff: 0, Sum: 0, Workers: 4
[674.341s][debug][gc,phases      ] GC(34)     Total                          Min: 0, Avg:  0.0, Max: 0, Diff: 0, Sum: 0, Workers: 4
[674.341s][debug][gc,phases      ] GC(34)   Weak JFR Old Object Samples    Min:  0.0, Avg:  0.0, Max:  0.0, Diff:  0.0, Sum:  0.0, Workers: 4
[674.341s][debug][gc,phases      ] GC(34)     Dead                           Min: 0, Avg:  0.0, Max: 0, Diff: 0, Sum: 0, Workers: 4
[674.341s][debug][gc,phases      ] GC(34)     Total                          Min: 0, Avg:  0.0, Max: 0, Diff: 0, Sum: 0, Workers: 4
[674.341s][debug][gc,phases      ] GC(34) Weak Processing 0.313ms
[674.341s][debug][gc,age         ] GC(34) Desired survivor size 279969792 bytes, new threshold 15 (max threshold 15)
[674.341s][info ][gc,heap        ] GC(34) PSYoungGen: 1678080K(1812480K)->163216K(1799168K) Eden: 1514496K(1514496K)->0K(1514496K) From: 163584K(297984K)->163216K(284672K)
[674.341s][info ][gc,heap        ] GC(34) ParOldGen: 284323K(432128K)->284924K(432128K)
[674.341s][info ][gc,metaspace   ] GC(34) Metaspace: 82174K(83264K)->82174K(83264K) NonClass: 70456K(71040K)->70456K(71040K) Class: 11717K(12224K)->11717K(12224K)
[674.341s][info ][gc             ] GC(34) Pause Young (Allocation Failure) 1916M->437M(2179M) 30.665ms
[674.341s][info ][gc,cpu         ] GC(34) User=0.11s Sys=0.00s Real=0.03s
[674.341s][info ][safepoint      ] Safepoint "ParallelGCFailedAllocation", Time since last: 613988225 ns, Reaching safepoint: 60700 ns, At safepoint: 30729156 ns, Total: 30789856 ns
[675.341s][info ][safepoint      ] Safepoint "Cleanup", Time since last: 1000079932 ns, Reaching safepoint: 52700 ns, At safepoint: 3100 ns, Total: 55800 ns
[680.341s][info ][safepoint      ] Safepoint "Cleanup", Time since last: 5000377894 ns, Reaching safepoint: 50500 ns, At safepoint: 3100 ns, Total: 53600 ns
[682.342s][info ][safepoint      ] Safepoint "Cleanup", Time since last: 2000207807 ns, Reaching safepoint: 45400 ns, At safepoint: 2900 ns, Total: 48300 ns
[684.065s][info ][safepoint      ] Safepoint "Cleanup", Time since last: 1723803456 ns, Reaching safepoint: 85301 ns, At safepoint: 5000 ns, Total: 90301 ns
[685.066s][info ][safepoint      ] Safepoint "Cleanup", Time since last: 1000102753 ns, Reaching safepoint: 71800 ns, At safepoint: 5100 ns, Total: 76900 ns
[686.066s][info ][safepoint      ] Safepoint "Cleanup", Time since last: 1000118854 ns, Reaching safepoint: 41400 ns, At safepoint: 8200 ns, Total: 49600 ns
[687.066s][info ][safepoint      ] Safepoint "Cleanup", Time since last: 1000091782 ns, Reaching safepoint: 44100 ns, At safepoint: 2500 ns, Total: 46600 ns
[688.066s][info ][safepoint      ] Safepoint "Cleanup", Time since last: 1000087008 ns, Reaching safepoint: 42101 ns, At safepoint: 2700 ns, Total: 44801 ns
[690.066s][info ][safepoint      ] Safepoint "Cleanup", Time since last: 2000167228 ns, Reaching safepoint: 46700 ns, At safepoint: 2900 ns, Total: 49600 ns
[691.066s][info ][safepoint      ] Safepoint "Cleanup", Time since last: 1000107128 ns, Reaching safepoint: 38200 ns, At safepoint: 2200 ns, Total: 40400 ns
[692.067s][info ][safepoint      ] Safepoint "Cleanup", Time since last: 1000092628 ns, Reaching safepoint: 38900 ns, At safepoint: 2000 ns, Total: 40900 ns
[693.067s][info ][safepoint      ] Safepoint "Cleanup", Time since last: 1000096828 ns, Reaching safepoint: 49700 ns, At safepoint: 5400 ns, Total: 55100 ns
[699.067s][info ][safepoint      ] Safepoint "Cleanup", Time since last: 6000449413 ns, Reaching safepoint: 42100 ns, At safepoint: 2800 ns, Total: 44900 ns
[700.067s][info ][safepoint      ] Safepoint "Cleanup", Time since last: 1000098695 ns, Reaching safepoint: 42200 ns, At safepoint: 2200 ns, Total: 44400 ns
[702.068s][info ][safepoint      ] Safepoint "Cleanup", Time since last: 2000194790 ns, Reaching safepoint: 44800 ns, At safepoint: 2400 ns, Total: 47200 ns
[704.068s][info ][safepoint      ] Safepoint "Cleanup", Time since last: 2000167548 ns, Reaching safepoint: 41500 ns, At safepoint: 3000 ns, Total: 44500 ns
[707.068s][info ][safepoint      ] Safepoint "Cleanup", Time since last: 3000231309 ns, Reaching safepoint: 59600 ns, At safepoint: 10100 ns, Total: 69700 ns
[709.068s][info ][safepoint      ] Safepoint "Cleanup", Time since last: 2000186282 ns, Reaching safepoint: 50201 ns, At safepoint: 3600 ns, Total: 53801 ns
[710.069s][info ][safepoint      ] Safepoint "Cleanup", Time since last: 1000114741 ns, Reaching safepoint: 62700 ns, At safepoint: 2400 ns, Total: 65100 ns
[711.069s][info ][safepoint      ] Safepoint "Cleanup", Time since last: 1000099041 ns, Reaching safepoint: 61800 ns, At safepoint: 2500 ns, Total: 64300 ns
[712.069s][info ][safepoint      ] Safepoint "Cleanup", Time since last: 1000095741 ns, Reaching safepoint: 58800 ns, At safepoint: 2100 ns, Total: 60900 ns
[713.069s][info ][safepoint      ] Safepoint "Cleanup", Time since last: 1000098888 ns, Reaching safepoint: 60700 ns, At safepoint: 2600 ns, Total: 63300 ns
[714.069s][info ][safepoint      ] Safepoint "Cleanup", Time since last: 1000099969 ns, Reaching safepoint: 52700 ns, At safepoint: 2500 ns, Total: 55200 ns
[714.689s][info ][gc,start       ] GC(35) Pause Young (Allocation Failure)
[714.722s][debug][gc,phases      ] GC(35) Scavenge 32.918ms
[714.722s][debug][gc,ref         ] GC(35) Skipped phase 1 of Reference Processing: no references
[714.722s][debug][gc,ref         ] GC(35) ReferenceProcessor::execute queues: 1, RefProcThreadModel::Single, marks_oops_alive: false
[714.722s][debug][gc,ref         ] GC(35) Skipped phase 3 of Reference Processing: no references
[714.722s][debug][gc,ref         ] GC(35) ReferenceProcessor::execute queues: 1, RefProcThreadModel::Single, marks_oops_alive: false
[714.722s][debug][gc,phases      ] GC(35) Reference Processing 0.105ms
[714.723s][debug][gc,phases      ] GC(35)   VM Weak                        Min:  0.0, Avg:  0.0, Max:  0.0, Diff:  0.0, Sum:  0.0, Workers: 4
[714.723s][debug][gc,phases      ] GC(35)     Dead                           Min: 0, Avg:  0.0, Max: 0, Diff: 0, Sum: 0, Workers: 4
[714.723s][debug][gc,phases      ] GC(35)     Total                          Min: 0, Avg: 227.5, Max: 526, Diff: 526, Sum: 910, Workers: 4
[714.723s][debug][gc,phases      ] GC(35)   ObjectSynchronizer Weak        Min:  0.0, Avg:  0.0, Max:  0.0, Diff:  0.0, Sum:  0.0, Workers: 4
[714.723s][debug][gc,phases      ] GC(35)     Dead                           Min: 0, Avg:  0.0, Max: 0, Diff: 0, Sum: 0, Workers: 4
[714.723s][debug][gc,phases      ] GC(35)     Total                          Min: 0, Avg: 14.0, Max: 56, Diff: 56, Sum: 56, Workers: 4
[714.723s][debug][gc,phases      ] GC(35)   JVMTI Tag Weak OopStorage      Min:  0.0, Avg:  0.0, Max:  0.0, Diff:  0.0, Sum:  0.0, Workers: 4
[714.723s][debug][gc,phases      ] GC(35)     Dead                           Min: 0, Avg:  0.0, Max: 0, Diff: 0, Sum: 0, Workers: 4
[714.723s][debug][gc,phases      ] GC(35)     Total                          Min: 0, Avg:  0.0, Max: 0, Diff: 0, Sum: 0, Workers: 4
[714.723s][debug][gc,phases      ] GC(35)   StringTable Weak               Min:  0.0, Avg:  0.1, Max:  0.1, Diff:  0.1, Sum:  0.3, Workers: 4
[714.723s][debug][gc,phases      ] GC(35)     Dead                           Min: 0, Avg:  0.2, Max: 1, Diff: 1, Sum: 1, Workers: 4
[714.723s][debug][gc,phases      ] GC(35)     Total                          Min: 0, Avg: 10897.8, Max: 19008, Diff: 19008, Sum: 43591, Workers: 4
[714.723s][debug][gc,phases      ] GC(35)   ResolvedMethodTable Weak       Min:  0.0, Avg:  0.0, Max:  0.0, Diff:  0.0, Sum:  0.1, Workers: 4
[714.723s][debug][gc,phases      ] GC(35)     Dead                           Min: 0, Avg:  0.0, Max: 0, Diff: 0, Sum: 0, Workers: 4
[714.723s][debug][gc,phases      ] GC(35)     Total                          Min: 0, Avg: 2371.5, Max: 4032, Diff: 4032, Sum: 9486, Workers: 4
[714.723s][debug][gc,phases      ] GC(35)   JNI Weak                       Min:  0.0, Avg:  0.0, Max:  0.0, Diff:  0.0, Sum:  0.0, Workers: 4
[714.723s][debug][gc,phases      ] GC(35)     Dead                           Min: 0, Avg:  0.0, Max: 0, Diff: 0, Sum: 0, Workers: 4
[714.723s][debug][gc,phases      ] GC(35)     Total                          Min: 0, Avg: 11.2, Max: 45, Diff: 45, Sum: 45, Workers: 4
[714.723s][debug][gc,phases      ] GC(35)   StringDedup Table Weak         Min:  0.0, Avg:  0.0, Max:  0.0, Diff:  0.0, Sum:  0.0, Workers: 4
[714.723s][debug][gc,phases      ] GC(35)     Dead                           Min: 0, Avg:  0.0, Max: 0, Diff: 0, Sum: 0, Workers: 4
[714.723s][debug][gc,phases      ] GC(35)     Total                          Min: 0, Avg:  0.0, Max: 0, Diff: 0, Sum: 0, Workers: 4
[714.723s][debug][gc,phases      ] GC(35)   StringDedup Requests0 Weak     Min:  0.0, Avg:  0.0, Max:  0.0, Diff:  0.0, Sum:  0.0, Workers: 4
[714.723s][debug][gc,phases      ] GC(35)     Dead                           Min: 0, Avg:  0.0, Max: 0, Diff: 0, Sum: 0, Workers: 4
[714.723s][debug][gc,phases      ] GC(35)     Total                          Min: 0, Avg:  0.0, Max: 0, Diff: 0, Sum: 0, Workers: 4
[714.723s][debug][gc,phases      ] GC(35)   StringDedup Requests1 Weak     Min:  0.0, Avg:  0.0, Max:  0.0, Diff:  0.0, Sum:  0.0, Workers: 4
[714.723s][debug][gc,phases      ] GC(35)     Dead                           Min: 0, Avg:  0.0, Max: 0, Diff: 0, Sum: 0, Workers: 4
[714.723s][debug][gc,phases      ] GC(35)     Total                          Min: 0, Avg:  0.0, Max: 0, Diff: 0, Sum: 0, Workers: 4
[714.723s][debug][gc,phases      ] GC(35)   Weak JFR Old Object Samples    Min:  0.0, Avg:  0.0, Max:  0.0, Diff:  0.0, Sum:  0.0, Workers: 4
[714.723s][debug][gc,phases      ] GC(35)     Dead                           Min: 0, Avg:  0.0, Max: 0, Diff: 0, Sum: 0, Workers: 4
[714.723s][debug][gc,phases      ] GC(35)     Total                          Min: 0, Avg:  0.0, Max: 0, Diff: 0, Sum: 0, Workers: 4
[714.723s][debug][gc,phases      ] GC(35) Weak Processing 0.308ms
[714.723s][debug][gc,age         ] GC(35) Desired survivor size 268959744 bytes, new threshold 15 (max threshold 15)
[714.723s][info ][gc,heap        ] GC(35) PSYoungGen: 1677712K(1799168K)->163456K(1834496K) Eden: 1514496K(1514496K)->0K(1561088K) From: 163216K(284672K)->163456K(273408K)
[714.723s][info ][gc,heap        ] GC(35) ParOldGen: 284924K(432128K)->285072K(432128K)
[714.723s][info ][gc,metaspace   ] GC(35) Metaspace: 82230K(83328K)->82230K(83328K) NonClass: 70508K(71104K)->70508K(71104K) Class: 11721K(12224K)->11721K(12224K)
[714.723s][info ][gc             ] GC(35) Pause Young (Allocation Failure) 1916M->438M(2213M) 33.453ms
[714.723s][info ][gc,cpu         ] GC(35) User=0.13s Sys=0.00s Real=0.04s
[714.723s][info ][safepoint      ] Safepoint "ParallelGCFailedAllocation", Time since last: 620107859 ns, Reaching safepoint: 29100 ns, At safepoint: 33529663 ns, Total: 33558763 ns
[715.723s][info ][safepoint      ] Safepoint "Cleanup", Time since last: 1000108369 ns, Reaching safepoint: 63000 ns, At safepoint: 3200 ns, Total: 66200 ns
[717.723s][info ][safepoint      ] Safepoint "Cleanup", Time since last: 2000177238 ns, Reaching safepoint: 44800 ns, At safepoint: 2100 ns, Total: 46900 ns
[721.724s][info ][safepoint      ] Safepoint "Cleanup", Time since last: 4000302010 ns, Reaching safepoint: 42600 ns, At safepoint: 3000 ns, Total: 45600 ns
[723.724s][info ][safepoint      ] Safepoint "Cleanup", Time since last: 2000194547 ns, Reaching safepoint: 40900 ns, At safepoint: 3200 ns, Total: 44100 ns
[725.724s][info ][safepoint      ] Safepoint "Cleanup", Time since last: 2000168547 ns, Reaching safepoint: 44201 ns, At safepoint: 4800 ns, Total: 49001 ns
[726.724s][info ][safepoint      ] Safepoint "Cleanup", Time since last: 1000102323 ns, Reaching safepoint: 51400 ns, At safepoint: 4500 ns, Total: 55900 ns
[727.724s][info ][safepoint      ] Safepoint "Cleanup", Time since last: 1000084624 ns, Reaching safepoint: 38500 ns, At safepoint: 3000 ns, Total: 41500 ns
[730.725s][info ][safepoint      ] Safepoint "Cleanup", Time since last: 3000272837 ns, Reaching safepoint: 43201 ns, At safepoint: 4300 ns, Total: 47501 ns
[734.725s][info ][safepoint      ] Safepoint "Cleanup", Time since last: 4000383908 ns, Reaching safepoint: 41600 ns, At safepoint: 2900 ns, Total: 44500 ns
[738.725s][info ][safepoint      ] Safepoint "Cleanup", Time since last: 4000359154 ns, Reaching safepoint: 52600 ns, At safepoint: 3600 ns, Total: 56200 ns
[742.726s][info ][safepoint      ] Safepoint "Cleanup", Time since last: 4000303444 ns, Reaching safepoint: 61401 ns, At safepoint: 5900 ns, Total: 67301 ns
[744.726s][info ][safepoint      ] Safepoint "Cleanup", Time since last: 2000197626 ns, Reaching safepoint: 39700 ns, At safepoint: 3600 ns, Total: 43300 ns
[748.726s][info ][safepoint      ] Safepoint "Cleanup", Time since last: 4000363023 ns, Reaching safepoint: 50401 ns, At safepoint: 3400 ns, Total: 53801 ns
[749.727s][info ][safepoint      ] Safepoint "Cleanup", Time since last: 1000108756 ns, Reaching safepoint: 46700 ns, At safepoint: 5400 ns, Total: 52100 ns
[750.727s][info ][safepoint      ] Safepoint "Cleanup", Time since last: 1000100756 ns, Reaching safepoint: 64300 ns, At safepoint: 2800 ns, Total: 67100 ns
[751.727s][info ][safepoint      ] Safepoint "Cleanup", Time since last: 1000126156 ns, Reaching safepoint: 46000 ns, At safepoint: 3000 ns, Total: 49000 ns
[752.727s][info ][safepoint      ] Safepoint "Cleanup", Time since last: 1000104801 ns, Reaching safepoint: 67400 ns, At safepoint: 5100 ns, Total: 72500 ns
[754.727s][info ][safepoint      ] Safepoint "Cleanup", Time since last: 2000194316 ns, Reaching safepoint: 50901 ns, At safepoint: 3800 ns, Total: 54701 ns
[756.664s][info ][safepoint      ] Safepoint "Cleanup", Time since last: 1936086100 ns, Reaching safepoint: 38900 ns, At safepoint: 4300 ns, Total: 43200 ns
[757.664s][info ][safepoint      ] Safepoint "Cleanup", Time since last: 1000097008 ns, Reaching safepoint: 50000 ns, At safepoint: 2700 ns, Total: 52700 ns
[758.057s][info ][gc,start       ] GC(36) Pause Young (Allocation Failure)
[758.087s][debug][gc,phases      ] GC(36) Scavenge 29.688ms
[758.087s][debug][gc,ref         ] GC(36) Skipped phase 1 of Reference Processing: no references
[758.087s][debug][gc,ref         ] GC(36) ReferenceProcessor::execute queues: 1, RefProcThreadModel::Single, marks_oops_alive: false
[758.087s][debug][gc,ref         ] GC(36) Skipped phase 3 of Reference Processing: no references
[758.087s][debug][gc,ref         ] GC(36) ReferenceProcessor::execute queues: 1, RefProcThreadModel::Single, marks_oops_alive: false
[758.087s][debug][gc,phases      ] GC(36) Reference Processing 0.106ms
[758.087s][debug][gc,phases      ] GC(36)   VM Weak                        Min:  0.0, Avg:  0.0, Max:  0.0, Diff:  0.0, Sum:  0.0, Workers: 4
[758.087s][debug][gc,phases      ] GC(36)     Dead                           Min: 0, Avg:  0.0, Max: 0, Diff: 0, Sum: 0, Workers: 4
[758.087s][debug][gc,phases      ] GC(36)     Total                          Min: 0, Avg: 227.5, Max: 768, Diff: 768, Sum: 910, Workers: 4
[758.087s][debug][gc,phases      ] GC(36)   ObjectSynchronizer Weak        Min:  0.0, Avg:  0.0, Max:  0.0, Diff:  0.0, Sum:  0.0, Workers: 4
[758.087s][debug][gc,phases      ] GC(36)     Dead                           Min: 0, Avg:  0.0, Max: 0, Diff: 0, Sum: 0, Workers: 4
[758.087s][debug][gc,phases      ] GC(36)     Total                          Min: 0, Avg: 14.0, Max: 56, Diff: 56, Sum: 56, Workers: 4
[758.087s][debug][gc,phases      ] GC(36)   JVMTI Tag Weak OopStorage      Min:  0.0, Avg:  0.0, Max:  0.0, Diff:  0.0, Sum:  0.0, Workers: 4
[758.087s][debug][gc,phases      ] GC(36)     Dead                           Min: 0, Avg:  0.0, Max: 0, Diff: 0, Sum: 0, Workers: 4
[758.087s][debug][gc,phases      ] GC(36)     Total                          Min: 0, Avg:  0.0, Max: 0, Diff: 0, Sum: 0, Workers: 4
[758.087s][debug][gc,phases      ] GC(36)   StringTable Weak               Min:  0.0, Avg:  0.1, Max:  0.1, Diff:  0.1, Sum:  0.3, Workers: 4
[758.087s][debug][gc,phases      ] GC(36)     Dead                           Min: 0, Avg:  0.0, Max: 0, Diff: 0, Sum: 0, Workers: 4
[758.087s][debug][gc,phases      ] GC(36)     Total                          Min: 0, Avg: 10898.5, Max: 17610, Diff: 17610, Sum: 43594, Workers: 4
[758.087s][debug][gc,phases      ] GC(36)   ResolvedMethodTable Weak       Min:  0.0, Avg:  0.0, Max:  0.0, Diff:  0.0, Sum:  0.1, Workers: 4
[758.087s][debug][gc,phases      ] GC(36)     Dead                           Min: 0, Avg:  0.0, Max: 0, Diff: 0, Sum: 0, Workers: 4
[758.087s][debug][gc,phases      ] GC(36)     Total                          Min: 0, Avg: 2371.5, Max: 3968, Diff: 3968, Sum: 9486, Workers: 4
[758.087s][debug][gc,phases      ] GC(36)   JNI Weak                       Min:  0.0, Avg:  0.0, Max:  0.0, Diff:  0.0, Sum:  0.0, Workers: 4
[758.087s][debug][gc,phases      ] GC(36)     Dead                           Min: 0, Avg:  0.0, Max: 0, Diff: 0, Sum: 0, Workers: 4
[758.087s][debug][gc,phases      ] GC(36)     Total                          Min: 0, Avg: 11.2, Max: 45, Diff: 45, Sum: 45, Workers: 4
[758.087s][debug][gc,phases      ] GC(36)   StringDedup Table Weak         Min:  0.0, Avg:  0.0, Max:  0.0, Diff:  0.0, Sum:  0.0, Workers: 4
[758.087s][debug][gc,phases      ] GC(36)     Dead                           Min: 0, Avg:  0.0, Max: 0, Diff: 0, Sum: 0, Workers: 4
[758.087s][debug][gc,phases      ] GC(36)     Total                          Min: 0, Avg:  0.0, Max: 0, Diff: 0, Sum: 0, Workers: 4
[758.087s][debug][gc,phases      ] GC(36)   StringDedup Requests0 Weak     Min:  0.0, Avg:  0.0, Max:  0.0, Diff:  0.0, Sum:  0.0, Workers: 4
[758.087s][debug][gc,phases      ] GC(36)     Dead                           Min: 0, Avg:  0.0, Max: 0, Diff: 0, Sum: 0, Workers: 4
[758.087s][debug][gc,phases      ] GC(36)     Total                          Min: 0, Avg:  0.0, Max: 0, Diff: 0, Sum: 0, Workers: 4
[758.087s][debug][gc,phases      ] GC(36)   StringDedup Requests1 Weak     Min:  0.0, Avg:  0.0, Max:  0.0, Diff:  0.0, Sum:  0.0, Workers: 4
[758.087s][debug][gc,phases      ] GC(36)     Dead                           Min: 0, Avg:  0.0, Max: 0, Diff: 0, Sum: 0, Workers: 4
[758.087s][debug][gc,phases      ] GC(36)     Total                          Min: 0, Avg:  0.0, Max: 0, Diff: 0, Sum: 0, Workers: 4
[758.087s][debug][gc,phases      ] GC(36)   Weak JFR Old Object Samples    Min:  0.0, Avg:  0.0, Max:  0.0, Diff:  0.0, Sum:  0.0, Workers: 4
[758.087s][debug][gc,phases      ] GC(36)     Dead                           Min: 0, Avg:  0.0, Max: 0, Diff: 0, Sum: 0, Workers: 4
[758.087s][debug][gc,phases      ] GC(36)     Total                          Min: 0, Avg:  0.0, Max: 0, Diff: 0, Sum: 0, Workers: 4
[758.087s][debug][gc,phases      ] GC(36) Weak Processing 0.317ms
[758.087s][debug][gc,age         ] GC(36) Desired survivor size 258998272 bytes, new threshold 15 (max threshold 15)
[758.087s][info ][gc,heap        ] GC(36) PSYoungGen: 1724544K(1834496K)->163569K(1823744K) Eden: 1561088K(1561088K)->0K(1561088K) From: 163456K(273408K)->163569K(262656K)
[758.087s][info ][gc,heap        ] GC(36) ParOldGen: 285072K(432128K)->285144K(432128K)
[758.087s][info ][gc,metaspace   ] GC(36) Metaspace: 82287K(83392K)->82287K(83392K) NonClass: 70565K(71168K)->70565K(71168K) Class: 11721K(12224K)->11721K(12224K)
[758.087s][info ][gc             ] GC(36) Pause Young (Allocation Failure) 1962M->438M(2203M) 30.239ms
[758.087s][info ][gc,cpu         ] GC(36) User=0.12s Sys=0.00s Real=0.03s
[758.087s][info ][safepoint      ] Safepoint "ParallelGCFailedAllocation", Time since last: 393167411 ns, Reaching safepoint: 110400 ns, At safepoint: 30308255 ns, Total: 30418655 ns
[759.087s][info ][safepoint      ] Safepoint "Cleanup", Time since last: 1000078908 ns, Reaching safepoint: 48300 ns, At safepoint: 3100 ns, Total: 51400 ns
[767.088s][info ][safepoint      ] Safepoint "Cleanup", Time since last: 8000592385 ns, Reaching safepoint: 50201 ns, At safepoint: 2600 ns, Total: 52801 ns
[770.088s][info ][safepoint      ] Safepoint "Cleanup", Time since last: 3000274553 ns, Reaching safepoint: 47501 ns, At safepoint: 2700 ns, Total: 50201 ns
[771.414s][info ][safepoint      ] Safepoint "Cleanup", Time since last: 1325793579 ns, Reaching safepoint: 76601 ns, At safepoint: 5200 ns, Total: 81801 ns
[772.414s][info ][safepoint      ] Safepoint "Cleanup", Time since last: 1000105023 ns, Reaching safepoint: 42100 ns, At safepoint: 3100 ns, Total: 45200 ns
[776.415s][info ][safepoint      ] Safepoint "Cleanup", Time since last: 4000349469 ns, Reaching safepoint: 43400 ns, At safepoint: 3700 ns, Total: 47100 ns
[777.415s][info ][safepoint      ] Safepoint "Cleanup", Time since last: 1000104220 ns, Reaching safepoint: 44400 ns, At safepoint: 3000 ns, Total: 47400 ns
[778.415s][info ][safepoint      ] Safepoint "Cleanup", Time since last: 1000099720 ns, Reaching safepoint: 47200 ns, At safepoint: 2800 ns, Total: 50000 ns
[779.415s][info ][safepoint      ] Safepoint "Cleanup", Time since last: 1000110720 ns, Reaching safepoint: 47800 ns, At safepoint: 2700 ns, Total: 50500 ns
[780.415s][info ][safepoint      ] Safepoint "Cleanup", Time since last: 1000103320 ns, Reaching safepoint: 49400 ns, At safepoint: 2700 ns, Total: 52100 ns
[784.416s][info ][safepoint      ] Safepoint "Cleanup", Time since last: 4000306175 ns, Reaching safepoint: 56200 ns, At safepoint: 5200 ns, Total: 61400 ns
[786.416s][info ][safepoint      ] Safepoint "Cleanup", Time since last: 2000194397 ns, Reaching safepoint: 44900 ns, At safepoint: 6900 ns, Total: 51800 ns
[789.416s][info ][safepoint      ] Safepoint "Cleanup", Time since last: 3000233595 ns, Reaching safepoint: 45600 ns, At safepoint: 2600 ns, Total: 48200 ns
[790.416s][info ][safepoint      ] Safepoint "Cleanup", Time since last: 1000081099 ns, Reaching safepoint: 42400 ns, At safepoint: 2900 ns, Total: 45300 ns
[791.417s][info ][safepoint      ] Safepoint "Cleanup", Time since last: 1000134498 ns, Reaching safepoint: 49600 ns, At safepoint: 2900 ns, Total: 52500 ns
[795.417s][info ][safepoint      ] Safepoint "Cleanup", Time since last: 4000330542 ns, Reaching safepoint: 48300 ns, At safepoint: 2700 ns, Total: 51000 ns
[797.417s][info ][safepoint      ] Safepoint "Cleanup", Time since last: 2000196976 ns, Reaching safepoint: 46800 ns, At safepoint: 2800 ns, Total: 49600 ns
[797.958s][info ][gc,start       ] GC(37) Pause Young (Allocation Failure)
[797.991s][debug][gc,phases      ] GC(37) Scavenge 32.716ms
[797.991s][debug][gc,ref         ] GC(37) Skipped phase 1 of Reference Processing: no references
[797.991s][debug][gc,ref         ] GC(37) ReferenceProcessor::execute queues: 1, RefProcThreadModel::Single, marks_oops_alive: false
[797.991s][debug][gc,ref         ] GC(37) Skipped phase 3 of Reference Processing: no references
[797.991s][debug][gc,ref         ] GC(37) ReferenceProcessor::execute queues: 1, RefProcThreadModel::Single, marks_oops_alive: false
[797.991s][debug][gc,phases      ] GC(37) Reference Processing 0.114ms
[797.991s][debug][gc,phases      ] GC(37)   VM Weak                        Min:  0.0, Avg:  0.0, Max:  0.0, Diff:  0.0, Sum:  0.0, Workers: 4
[797.991s][debug][gc,phases      ] GC(37)     Dead                           Min: 0, Avg:  0.0, Max: 0, Diff: 0, Sum: 0, Workers: 4
[797.991s][debug][gc,phases      ] GC(37)     Total                          Min: 0, Avg: 231.8, Max: 640, Diff: 640, Sum: 927, Workers: 4
[797.991s][debug][gc,phases      ] GC(37)   ObjectSynchronizer Weak        Min:  0.0, Avg:  0.0, Max:  0.0, Diff:  0.0, Sum:  0.0, Workers: 4
[797.991s][debug][gc,phases      ] GC(37)     Dead                           Min: 0, Avg:  0.0, Max: 0, Diff: 0, Sum: 0, Workers: 4
[797.991s][debug][gc,phases      ] GC(37)     Total                          Min: 0, Avg: 14.0, Max: 56, Diff: 56, Sum: 56, Workers: 4
[797.991s][debug][gc,phases      ] GC(37)   JVMTI Tag Weak OopStorage      Min:  0.0, Avg:  0.0, Max:  0.0, Diff:  0.0, Sum:  0.0, Workers: 4
[797.991s][debug][gc,phases      ] GC(37)     Dead                           Min: 0, Avg:  0.0, Max: 0, Diff: 0, Sum: 0, Workers: 4
[797.991s][debug][gc,phases      ] GC(37)     Total                          Min: 0, Avg:  0.0, Max: 0, Diff: 0, Sum: 0, Workers: 4
[797.991s][debug][gc,phases      ] GC(37)   StringTable Weak               Min:  0.0, Avg:  0.1, Max:  0.1, Diff:  0.1, Sum:  0.3, Workers: 4
[797.991s][debug][gc,phases      ] GC(37)     Dead                           Min: 0, Avg:  0.8, Max: 3, Diff: 3, Sum: 3, Workers: 4
[797.991s][debug][gc,phases      ] GC(37)     Total                          Min: 0, Avg: 10911.0, Max: 18942, Diff: 18942, Sum: 43644, Workers: 4
[797.991s][debug][gc,phases      ] GC(37)   ResolvedMethodTable Weak       Min:  0.0, Avg:  0.0, Max:  0.0, Diff:  0.0, Sum:  0.1, Workers: 4
[797.991s][debug][gc,phases      ] GC(37)     Dead                           Min: 0, Avg:  0.0, Max: 0, Diff: 0, Sum: 0, Workers: 4
[797.991s][debug][gc,phases      ] GC(37)     Total                          Min: 0, Avg: 2395.2, Max: 3968, Diff: 3968, Sum: 9581, Workers: 4
[797.991s][debug][gc,phases      ] GC(37)   JNI Weak                       Min:  0.0, Avg:  0.0, Max:  0.0, Diff:  0.0, Sum:  0.0, Workers: 4
[797.991s][debug][gc,phases      ] GC(37)     Dead                           Min: 0, Avg:  0.0, Max: 0, Diff: 0, Sum: 0, Workers: 4
[797.991s][debug][gc,phases      ] GC(37)     Total                          Min: 0, Avg: 11.2, Max: 45, Diff: 45, Sum: 45, Workers: 4
[797.991s][debug][gc,phases      ] GC(37)   StringDedup Table Weak         Min:  0.0, Avg:  0.0, Max:  0.0, Diff:  0.0, Sum:  0.0, Workers: 4
[797.991s][debug][gc,phases      ] GC(37)     Dead                           Min: 0, Avg:  0.0, Max: 0, Diff: 0, Sum: 0, Workers: 4
[797.991s][debug][gc,phases      ] GC(37)     Total                          Min: 0, Avg:  0.0, Max: 0, Diff: 0, Sum: 0, Workers: 4
[797.991s][debug][gc,phases      ] GC(37)   StringDedup Requests0 Weak     Min:  0.0, Avg:  0.0, Max:  0.0, Diff:  0.0, Sum:  0.0, Workers: 4
[797.991s][debug][gc,phases      ] GC(37)     Dead                           Min: 0, Avg:  0.0, Max: 0, Diff: 0, Sum: 0, Workers: 4
[797.991s][debug][gc,phases      ] GC(37)     Total                          Min: 0, Avg:  0.0, Max: 0, Diff: 0, Sum: 0, Workers: 4
[797.991s][debug][gc,phases      ] GC(37)   StringDedup Requests1 Weak     Min:  0.0, Avg:  0.0, Max:  0.0, Diff:  0.0, Sum:  0.0, Workers: 4
[797.991s][debug][gc,phases      ] GC(37)     Dead                           Min: 0, Avg:  0.0, Max: 0, Diff: 0, Sum: 0, Workers: 4
[797.991s][debug][gc,phases      ] GC(37)     Total                          Min: 0, Avg:  0.0, Max: 0, Diff: 0, Sum: 0, Workers: 4
[797.991s][debug][gc,phases      ] GC(37)   Weak JFR Old Object Samples    Min:  0.0, Avg:  0.0, Max:  0.0, Diff:  0.0, Sum:  0.0, Workers: 4
[797.991s][debug][gc,phases      ] GC(37)     Dead                           Min: 0, Avg:  0.0, Max: 0, Diff: 0, Sum: 0, Workers: 4
[797.991s][debug][gc,phases      ] GC(37)     Total                          Min: 0, Avg:  0.0, Max: 0, Diff: 0, Sum: 0, Workers: 4
[797.991s][debug][gc,phases      ] GC(37) Weak Processing 0.311ms
[797.991s][debug][gc,age         ] GC(37) Desired survivor size 251133952 bytes, new threshold 15 (max threshold 15)
[797.991s][info ][gc,heap        ] GC(37) PSYoungGen: 1724657K(1823744K)->167297K(1851904K) Eden: 1561088K(1561088K)->0K(1598976K) From: 163569K(262656K)->167297K(252928K)
[797.991s][info ][gc,heap        ] GC(37) ParOldGen: 285144K(432128K)->285192K(432128K)
[797.991s][info ][gc,metaspace   ] GC(37) Metaspace: 82511K(83648K)->82511K(83648K) NonClass: 70749K(71360K)->70749K(71360K) Class: 11761K(12288K)->11761K(12288K)
[797.991s][info ][gc             ] GC(37) Pause Young (Allocation Failure) 1962M->441M(2230M) 33.262ms
[797.991s][info ][gc,cpu         ] GC(37) User=0.13s Sys=0.01s Real=0.03s
[797.991s][info ][safepoint      ] Safepoint "ParallelGCFailedAllocation", Time since last: 540548363 ns, Reaching safepoint: 34500 ns, At safepoint: 33336578 ns, Total: 33371078 ns
[798.991s][info ][safepoint      ] Safepoint "Cleanup", Time since last: 1000038338 ns, Reaching safepoint: 32900 ns, At safepoint: 5100 ns, Total: 38000 ns
[802.992s][info ][safepoint      ] Safepoint "Cleanup", Time since last: 4000326717 ns, Reaching safepoint: 41000 ns, At safepoint: 5900 ns, Total: 46900 ns
[807.992s][info ][safepoint      ] Safepoint "Cleanup", Time since last: 5000405369 ns, Reaching safepoint: 55800 ns, At safepoint: 4300 ns, Total: 60100 ns
[810.992s][info ][safepoint      ] Safepoint "Cleanup", Time since last: 3000255439 ns, Reaching safepoint: 43900 ns, At safepoint: 3200 ns, Total: 47100 ns
[818.993s][info ][safepoint      ] Safepoint "Cleanup", Time since last: 8000655921 ns, Reaching safepoint: 49301 ns, At safepoint: 2800 ns, Total: 52101 ns
[820.993s][info ][safepoint      ] Safepoint "Cleanup", Time since last: 2000146748 ns, Reaching safepoint: 67300 ns, At safepoint: 4100 ns, Total: 71400 ns
[821.994s][info ][safepoint      ] Safepoint "Cleanup", Time since last: 1000126674 ns, Reaching safepoint: 59700 ns, At safepoint: 2800 ns, Total: 62500 ns
[822.994s][info ][safepoint      ] Safepoint "Cleanup", Time since last: 1000131374 ns, Reaching safepoint: 28800 ns, At safepoint: 3100 ns, Total: 31900 ns
[823.994s][info ][safepoint      ] Safepoint "Cleanup", Time since last: 1000111674 ns, Reaching safepoint: 55900 ns, At safepoint: 4800 ns, Total: 60700 ns
[825.994s][info ][safepoint      ] Safepoint "Cleanup", Time since last: 2000162199 ns, Reaching safepoint: 60900 ns, At safepoint: 2300 ns, Total: 63200 ns
[826.994s][info ][safepoint      ] Safepoint "Cleanup", Time since last: 1000130302 ns, Reaching safepoint: 74100 ns, At safepoint: 2800 ns, Total: 76900 ns
[827.994s][info ][safepoint      ] Safepoint "Cleanup", Time since last: 1000109603 ns, Reaching safepoint: 49500 ns, At safepoint: 5500 ns, Total: 55000 ns
[828.995s][info ][safepoint      ] Safepoint "Cleanup", Time since last: 1000105802 ns, Reaching safepoint: 75701 ns, At safepoint: 2700 ns, Total: 78401 ns
[830.995s][info ][safepoint      ] Safepoint "Cleanup", Time since last: 2000168004 ns, Reaching safepoint: 46501 ns, At safepoint: 14900 ns, Total: 61401 ns
[831.995s][info ][safepoint      ] Safepoint "Cleanup", Time since last: 1000090402 ns, Reaching safepoint: 38600 ns, At safepoint: 3200 ns, Total: 41800 ns
[832.995s][info ][safepoint      ] Safepoint "Cleanup", Time since last: 1000129594 ns, Reaching safepoint: 47000 ns, At safepoint: 2900 ns, Total: 49900 ns
[833.995s][info ][safepoint      ] Safepoint "Cleanup", Time since last: 1000103091 ns, Reaching safepoint: 56100 ns, At safepoint: 2800 ns, Total: 58900 ns
[834.409s][info ][gc,start       ] GC(38) Pause Young (Allocation Failure)
[834.438s][debug][gc,phases      ] GC(38) Scavenge 29.325ms
[834.438s][debug][gc,ref         ] GC(38) Skipped phase 1 of Reference Processing: no references
[834.438s][debug][gc,ref         ] GC(38) ReferenceProcessor::execute queues: 1, RefProcThreadModel::Single, marks_oops_alive: false
[834.438s][debug][gc,ref         ] GC(38) Skipped phase 3 of Reference Processing: no references
[834.438s][debug][gc,ref         ] GC(38) ReferenceProcessor::execute queues: 1, RefProcThreadModel::Single, marks_oops_alive: false
[834.438s][debug][gc,phases      ] GC(38) Reference Processing 0.111ms
[834.439s][debug][gc,phases      ] GC(38)   VM Weak                        Min:  0.0, Avg:  0.0, Max:  0.0, Diff:  0.0, Sum:  0.0, Workers: 4
[834.439s][debug][gc,phases      ] GC(38)     Dead                           Min: 0, Avg:  0.0, Max: 0, Diff: 0, Sum: 0, Workers: 4
[834.439s][debug][gc,phases      ] GC(38)     Total                          Min: 0, Avg: 231.8, Max: 927, Diff: 927, Sum: 927, Workers: 4
[834.439s][debug][gc,phases      ] GC(38)   ObjectSynchronizer Weak        Min:  0.0, Avg:  0.0, Max:  0.0, Diff:  0.0, Sum:  0.0, Workers: 4
[834.439s][debug][gc,phases      ] GC(38)     Dead                           Min: 0, Avg:  0.0, Max: 0, Diff: 0, Sum: 0, Workers: 4
[834.439s][debug][gc,phases      ] GC(38)     Total                          Min: 0, Avg: 14.0, Max: 56, Diff: 56, Sum: 56, Workers: 4
[834.439s][debug][gc,phases      ] GC(38)   JVMTI Tag Weak OopStorage      Min:  0.0, Avg:  0.0, Max:  0.0, Diff:  0.0, Sum:  0.0, Workers: 4
[834.439s][debug][gc,phases      ] GC(38)     Dead                           Min: 0, Avg:  0.0, Max: 0, Diff: 0, Sum: 0, Workers: 4
[834.439s][debug][gc,phases      ] GC(38)     Total                          Min: 0, Avg:  0.0, Max: 0, Diff: 0, Sum: 0, Workers: 4
[834.439s][debug][gc,phases      ] GC(38)   StringTable Weak               Min:  0.0, Avg:  0.1, Max:  0.1, Diff:  0.1, Sum:  0.3, Workers: 4
[834.439s][debug][gc,phases      ] GC(38)     Dead                           Min: 0, Avg:  0.2, Max: 1, Diff: 1, Sum: 1, Workers: 4
[834.439s][debug][gc,phases      ] GC(38)     Total                          Min: 0, Avg: 10912.2, Max: 18369, Diff: 18369, Sum: 43649, Workers: 4
[834.439s][debug][gc,phases      ] GC(38)   ResolvedMethodTable Weak       Min:  0.0, Avg:  0.0, Max:  0.0, Diff:  0.0, Sum:  0.1, Workers: 4
[834.439s][debug][gc,phases      ] GC(38)     Dead                           Min: 0, Avg:  4.5, Max: 18, Diff: 18, Sum: 18, Workers: 4
[834.439s][debug][gc,phases      ] GC(38)     Total                          Min: 0, Avg: 2398.8, Max: 4091, Diff: 4091, Sum: 9595, Workers: 4
[834.439s][debug][gc,phases      ] GC(38)   JNI Weak                       Min:  0.0, Avg:  0.0, Max:  0.0, Diff:  0.0, Sum:  0.0, Workers: 4
[834.439s][debug][gc,phases      ] GC(38)     Dead                           Min: 0, Avg:  0.0, Max: 0, Diff: 0, Sum: 0, Workers: 4
[834.439s][debug][gc,phases      ] GC(38)     Total                          Min: 0, Avg: 11.2, Max: 45, Diff: 45, Sum: 45, Workers: 4
[834.439s][debug][gc,phases      ] GC(38)   StringDedup Table Weak         Min:  0.0, Avg:  0.0, Max:  0.0, Diff:  0.0, Sum:  0.0, Workers: 4
[834.439s][debug][gc,phases      ] GC(38)     Dead                           Min: 0, Avg:  0.0, Max: 0, Diff: 0, Sum: 0, Workers: 4
[834.439s][debug][gc,phases      ] GC(38)     Total                          Min: 0, Avg:  0.0, Max: 0, Diff: 0, Sum: 0, Workers: 4
[834.439s][debug][gc,phases      ] GC(38)   StringDedup Requests0 Weak     Min:  0.0, Avg:  0.0, Max:  0.0, Diff:  0.0, Sum:  0.0, Workers: 4
[834.439s][debug][gc,phases      ] GC(38)     Dead                           Min: 0, Avg:  0.0, Max: 0, Diff: 0, Sum: 0, Workers: 4
[834.439s][debug][gc,phases      ] GC(38)     Total                          Min: 0, Avg:  0.0, Max: 0, Diff: 0, Sum: 0, Workers: 4
[834.439s][debug][gc,phases      ] GC(38)   StringDedup Requests1 Weak     Min:  0.0, Avg:  0.0, Max:  0.0, Diff:  0.0, Sum:  0.0, Workers: 4
[834.439s][debug][gc,phases      ] GC(38)     Dead                           Min: 0, Avg:  0.0, Max: 0, Diff: 0, Sum: 0, Workers: 4
[834.439s][debug][gc,phases      ] GC(38)     Total                          Min: 0, Avg:  0.0, Max: 0, Diff: 0, Sum: 0, Workers: 4
[834.439s][debug][gc,phases      ] GC(38)   Weak JFR Old Object Samples    Min:  0.0, Avg:  0.0, Max:  0.0, Diff:  0.0, Sum:  0.0, Workers: 4
[834.439s][debug][gc,phases      ] GC(38)     Dead                           Min: 0, Avg:  0.0, Max: 0, Diff: 0, Sum: 0, Workers: 4
[834.439s][debug][gc,phases      ] GC(38)     Total                          Min: 0, Avg:  0.0, Max: 0, Diff: 0, Sum: 0, Workers: 4
[834.439s][debug][gc,phases      ] GC(38) Weak Processing 0.309ms
[834.439s][debug][gc,age         ] GC(38) Desired survivor size 243269632 bytes, new threshold 15 (max threshold 15)
[834.439s][info ][gc,heap        ] GC(38) PSYoungGen: 1766273K(1851904K)->162577K(1844224K) Eden: 1598976K(1598976K)->0K(1598976K) From: 167297K(252928K)->162577K(245248K)
[834.439s][info ][gc,heap        ] GC(38) ParOldGen: 285192K(432128K)->285232K(432128K)
[834.439s][info ][gc,metaspace   ] GC(38) Metaspace: 82551K(83648K)->82551K(83648K) NonClass: 70789K(71360K)->70789K(71360K) Class: 11762K(12288K)->11762K(12288K)
[834.439s][info ][gc             ] GC(38) Pause Young (Allocation Failure) 2003M->437M(2223M) 29.858ms
[834.439s][info ][gc,cpu         ] GC(38) User=0.12s Sys=0.00s Real=0.04s
[834.439s][info ][safepoint      ] Safepoint "ParallelGCFailedAllocation", Time since last: 413528647 ns, Reaching safepoint: 51200 ns, At safepoint: 29923769 ns, Total: 29974969 ns
[835.439s][info ][safepoint      ] Safepoint "Cleanup", Time since last: 1000080791 ns, Reaching safepoint: 45500 ns, At safepoint: 3900 ns, Total: 49400 ns
[836.439s][info ][safepoint      ] Safepoint "Cleanup", Time since last: 1000126591 ns, Reaching safepoint: 47700 ns, At safepoint: 2800 ns, Total: 50500 ns
[837.439s][info ][safepoint      ] Safepoint "Cleanup", Time since last: 1000134791 ns, Reaching safepoint: 58500 ns, At safepoint: 8300 ns, Total: 66800 ns
[839.440s][info ][safepoint      ] Safepoint "Cleanup", Time since last: 2000179581 ns, Reaching safepoint: 42001 ns, At safepoint: 4600 ns, Total: 46601 ns
[841.440s][info ][safepoint      ] Safepoint "Cleanup", Time since last: 2000203337 ns, Reaching safepoint: 52000 ns, At safepoint: 2800 ns, Total: 54800 ns
[842.440s][info ][safepoint      ] Safepoint "Cleanup", Time since last: 1000103522 ns, Reaching safepoint: 47400 ns, At safepoint: 3200 ns, Total: 50600 ns
[844.440s][info ][safepoint      ] Safepoint "Cleanup", Time since last: 2000163143 ns, Reaching safepoint: 42500 ns, At safepoint: 2600 ns, Total: 45100 ns
[849.441s][info ][safepoint      ] Safepoint "Cleanup", Time since last: 5000413370 ns, Reaching safepoint: 47601 ns, At safepoint: 2900 ns, Total: 50501 ns
[850.441s][info ][safepoint      ] Safepoint "Cleanup", Time since last: 1000109004 ns, Reaching safepoint: 47000 ns, At safepoint: 3900 ns, Total: 50900 ns
[854.441s][info ][safepoint      ] Safepoint "Cleanup", Time since last: 4000305919 ns, Reaching safepoint: 39600 ns, At safepoint: 2700 ns, Total: 42300 ns
[861.442s][info ][safepoint      ] Safepoint "Cleanup", Time since last: 7000537446 ns, Reaching safepoint: 85400 ns, At safepoint: 6400 ns, Total: 91800 ns
[862.442s][info ][safepoint      ] Safepoint "Cleanup", Time since last: 1000112707 ns, Reaching safepoint: 44100 ns, At safepoint: 3000 ns, Total: 47100 ns
[866.442s][info ][safepoint      ] Safepoint "Cleanup", Time since last: 4000315265 ns, Reaching safepoint: 67200 ns, At safepoint: 2800 ns, Total: 70000 ns
[867.443s][info ][safepoint      ] Safepoint "Cleanup", Time since last: 1000110292 ns, Reaching safepoint: 44500 ns, At safepoint: 2900 ns, Total: 47400 ns
[872.443s][info ][safepoint      ] Safepoint "Cleanup", Time since last: 5000376545 ns, Reaching safepoint: 63000 ns, At safepoint: 5100 ns, Total: 68100 ns
[873.443s][info ][safepoint      ] Safepoint "Cleanup", Time since last: 1000101322 ns, Reaching safepoint: 69500 ns, At safepoint: 5700 ns, Total: 75200 ns
[874.443s][info ][safepoint      ] Safepoint "Cleanup", Time since last: 1000103122 ns, Reaching safepoint: 55100 ns, At safepoint: 5800 ns, Total: 60900 ns
[876.444s][info ][safepoint      ] Safepoint "Cleanup", Time since last: 2000172744 ns, Reaching safepoint: 53200 ns, At safepoint: 4200 ns, Total: 57400 ns
[877.155s][info ][gc,start       ] GC(39) Pause Young (Allocation Failure)
[877.187s][debug][gc,phases      ] GC(39) Scavenge 32.356ms
[877.187s][debug][gc,ref         ] GC(39) Skipped phase 1 of Reference Processing: no references
[877.188s][debug][gc,ref         ] GC(39) ReferenceProcessor::execute queues: 1, RefProcThreadModel::Single, marks_oops_alive: false
[877.188s][debug][gc,ref         ] GC(39) Skipped phase 3 of Reference Processing: no references
[877.188s][debug][gc,ref         ] GC(39) ReferenceProcessor::execute queues: 1, RefProcThreadModel::Single, marks_oops_alive: false
[877.188s][debug][gc,phases      ] GC(39) Reference Processing 0.110ms
[877.188s][debug][gc,phases      ] GC(39)   VM Weak                        Min:  0.0, Avg:  0.0, Max:  0.0, Diff:  0.0, Sum:  0.0, Workers: 4
[877.188s][debug][gc,phases      ] GC(39)     Dead                           Min: 0, Avg:  0.0, Max: 0, Diff: 0, Sum: 0, Workers: 4
[877.188s][debug][gc,phases      ] GC(39)     Total                          Min: 0, Avg: 231.8, Max: 576, Diff: 576, Sum: 927, Workers: 4
[877.188s][debug][gc,phases      ] GC(39)   ObjectSynchronizer Weak        Min:  0.0, Avg:  0.0, Max:  0.0, Diff:  0.0, Sum:  0.0, Workers: 4
[877.188s][debug][gc,phases      ] GC(39)     Dead                           Min: 0, Avg:  0.0, Max: 0, Diff: 0, Sum: 0, Workers: 4
[877.188s][debug][gc,phases      ] GC(39)     Total                          Min: 0, Avg: 14.0, Max: 56, Diff: 56, Sum: 56, Workers: 4
[877.188s][debug][gc,phases      ] GC(39)   JVMTI Tag Weak OopStorage      Min:  0.0, Avg:  0.0, Max:  0.0, Diff:  0.0, Sum:  0.0, Workers: 4
[877.188s][debug][gc,phases      ] GC(39)     Dead                           Min: 0, Avg:  0.0, Max: 0, Diff: 0, Sum: 0, Workers: 4
[877.188s][debug][gc,phases      ] GC(39)     Total                          Min: 0, Avg:  0.0, Max: 0, Diff: 0, Sum: 0, Workers: 4
[877.188s][debug][gc,phases      ] GC(39)   StringTable Weak               Min:  0.0, Avg:  0.1, Max:  0.1, Diff:  0.1, Sum:  0.4, Workers: 4
[877.188s][debug][gc,phases      ] GC(39)     Dead                           Min: 0, Avg:  0.2, Max: 1, Diff: 1, Sum: 1, Workers: 4
[877.188s][debug][gc,phases      ] GC(39)     Total                          Min: 0, Avg: 10912.8, Max: 18943, Diff: 18943, Sum: 43651, Workers: 4
[877.188s][debug][gc,phases      ] GC(39)   ResolvedMethodTable Weak       Min:  0.0, Avg:  0.0, Max:  0.0, Diff:  0.0, Sum:  0.1, Workers: 4
[877.188s][debug][gc,phases      ] GC(39)     Dead                           Min: 0, Avg:  0.0, Max: 0, Diff: 0, Sum: 0, Workers: 4
[877.188s][debug][gc,phases      ] GC(39)     Total                          Min: 0, Avg: 2399.8, Max: 3967, Diff: 3967, Sum: 9599, Workers: 4
[877.188s][debug][gc,phases      ] GC(39)   JNI Weak                       Min:  0.0, Avg:  0.0, Max:  0.0, Diff:  0.0, Sum:  0.0, Workers: 4
[877.188s][debug][gc,phases      ] GC(39)     Dead                           Min: 0, Avg:  0.0, Max: 0, Diff: 0, Sum: 0, Workers: 4
[877.188s][debug][gc,phases      ] GC(39)     Total                          Min: 0, Avg: 11.2, Max: 45, Diff: 45, Sum: 45, Workers: 4
[877.188s][debug][gc,phases      ] GC(39)   StringDedup Table Weak         Min:  0.0, Avg:  0.0, Max:  0.0, Diff:  0.0, Sum:  0.0, Workers: 4
[877.188s][debug][gc,phases      ] GC(39)     Dead                           Min: 0, Avg:  0.0, Max: 0, Diff: 0, Sum: 0, Workers: 4
[877.188s][debug][gc,phases      ] GC(39)     Total                          Min: 0, Avg:  0.0, Max: 0, Diff: 0, Sum: 0, Workers: 4
[877.188s][debug][gc,phases      ] GC(39)   StringDedup Requests0 Weak     Min:  0.0, Avg:  0.0, Max:  0.0, Diff:  0.0, Sum:  0.0, Workers: 4
[877.188s][debug][gc,phases      ] GC(39)     Dead                           Min: 0, Avg:  0.0, Max: 0, Diff: 0, Sum: 0, Workers: 4
[877.188s][debug][gc,phases      ] GC(39)     Total                          Min: 0, Avg:  0.0, Max: 0, Diff: 0, Sum: 0, Workers: 4
[877.188s][debug][gc,phases      ] GC(39)   StringDedup Requests1 Weak     Min:  0.0, Avg:  0.0, Max:  0.0, Diff:  0.0, Sum:  0.0, Workers: 4
[877.188s][debug][gc,phases      ] GC(39)     Dead                           Min: 0, Avg:  0.0, Max: 0, Diff: 0, Sum: 0, Workers: 4
[877.188s][debug][gc,phases      ] GC(39)     Total                          Min: 0, Avg:  0.0, Max: 0, Diff: 0, Sum: 0, Workers: 4
[877.188s][debug][gc,phases      ] GC(39)   Weak JFR Old Object Samples    Min:  0.0, Avg:  0.0, Max:  0.0, Diff:  0.0, Sum:  0.0, Workers: 4
[877.188s][debug][gc,phases      ] GC(39)     Dead                           Min: 0, Avg:  0.0, Max: 0, Diff: 0, Sum: 0, Workers: 4
[877.188s][debug][gc,phases      ] GC(39)     Total                          Min: 0, Avg:  0.0, Max: 0, Diff: 0, Sum: 0, Workers: 4
[877.188s][debug][gc,phases      ] GC(39) Weak Processing 0.310ms
[877.188s][debug][gc,age         ] GC(39) Desired survivor size 236453888 bytes, new threshold 15 (max threshold 15)
[877.188s][info ][gc,heap        ] GC(39) PSYoungGen: 1761553K(1844224K)->162001K(1866240K) Eden: 1598976K(1598976K)->0K(1628672K) From: 162577K(245248K)->162001K(237568K)
[877.188s][info ][gc,heap        ] GC(39) ParOldGen: 285232K(432128K)->285388K(432128K)
[877.188s][info ][gc,metaspace   ] GC(39) Metaspace: 82586K(83712K)->82586K(83712K) NonClass: 70822K(71424K)->70822K(71424K) Class: 11764K(12288K)->11764K(12288K)
[877.188s][info ][gc             ] GC(39) Pause Young (Allocation Failure) 1998M->436M(2244M) 32.890ms
[877.188s][info ][gc,cpu         ] GC(39) User=0.12s Sys=0.00s Real=0.03s
[877.188s][info ][safepoint      ] Safepoint "ParallelGCFailedAllocation", Time since last: 711434152 ns, Reaching safepoint: 46200 ns, At safepoint: 32957376 ns, Total: 33003576 ns
[878.188s][info ][safepoint      ] Safepoint "Cleanup", Time since last: 1000085122 ns, Reaching safepoint: 40800 ns, At safepoint: 3400 ns, Total: 44200 ns
[880.188s][info ][safepoint      ] Safepoint "Cleanup", Time since last: 2000173544 ns, Reaching safepoint: 48100 ns, At safepoint: 3000 ns, Total: 51100 ns
[882.189s][info ][safepoint      ] Safepoint "Cleanup", Time since last: 2000170552 ns, Reaching safepoint: 39500 ns, At safepoint: 23201 ns, Total: 62701 ns
[885.189s][info ][safepoint      ] Safepoint "Cleanup", Time since last: 3000252379 ns, Reaching safepoint: 55900 ns, At safepoint: 3400 ns, Total: 59300 ns
[890.189s][info ][safepoint      ] Safepoint "Cleanup", Time since last: 5000343242 ns, Reaching safepoint: 52400 ns, At safepoint: 2400 ns, Total: 54800 ns
[895.190s][info ][safepoint      ] Safepoint "Cleanup", Time since last: 5000409360 ns, Reaching safepoint: 43100 ns, At safepoint: 2700 ns, Total: 45800 ns
[897.190s][info ][safepoint      ] Safepoint "Cleanup", Time since last: 2000160169 ns, Reaching safepoint: 46200 ns, At safepoint: 2500 ns, Total: 48700 ns
[898.190s][info ][safepoint      ] Safepoint "Cleanup", Time since last: 1000120239 ns, Reaching safepoint: 53000 ns, At safepoint: 2700 ns, Total: 55700 ns
[902.190s][info ][safepoint      ] Safepoint "Cleanup", Time since last: 4000290752 ns, Reaching safepoint: 41401 ns, At safepoint: 2900 ns, Total: 44301 ns
[903.191s][info ][safepoint      ] Safepoint "Cleanup", Time since last: 1000100838 ns, Reaching safepoint: 37900 ns, At safepoint: 2400 ns, Total: 40300 ns
[906.191s][info ][safepoint      ] Safepoint "Cleanup", Time since last: 3000262347 ns, Reaching safepoint: 48600 ns, At safepoint: 4200 ns, Total: 52800 ns
[907.191s][info ][safepoint      ] Safepoint "Cleanup", Time since last: 1000113419 ns, Reaching safepoint: 51100 ns, At safepoint: 6300 ns, Total: 57400 ns
[908.191s][info ][safepoint      ] Safepoint "Cleanup", Time since last: 1000080465 ns, Reaching safepoint: 44300 ns, At safepoint: 2500 ns, Total: 46800 ns
[909.191s][info ][safepoint      ] Safepoint "Cleanup", Time since last: 1000128764 ns, Reaching safepoint: 36700 ns, At safepoint: 2400 ns, Total: 39100 ns
[910.192s][info ][safepoint      ] Safepoint "Cleanup", Time since last: 1000132965 ns, Reaching safepoint: 40400 ns, At safepoint: 4600 ns, Total: 45000 ns
[913.192s][info ][safepoint      ] Safepoint "Cleanup", Time since last: 3000224158 ns, Reaching safepoint: 38700 ns, At safepoint: 2600 ns, Total: 41300 ns
[915.192s][info ][safepoint      ] Safepoint "Cleanup", Time since last: 2000192279 ns, Reaching safepoint: 62900 ns, At safepoint: 2800 ns, Total: 65700 ns
[917.192s][info ][safepoint      ] Safepoint "Cleanup", Time since last: 2000168179 ns, Reaching safepoint: 46400 ns, At safepoint: 2400 ns, Total: 48800 ns
[918.532s][info ][gc,start       ] GC(40) Pause Young (Allocation Failure)
[918.561s][debug][gc,phases      ] GC(40) Scavenge 29.295ms
[918.561s][debug][gc,ref         ] GC(40) Skipped phase 1 of Reference Processing: no references
[918.561s][debug][gc,ref         ] GC(40) ReferenceProcessor::execute queues: 1, RefProcThreadModel::Single, marks_oops_alive: false
[918.561s][debug][gc,ref         ] GC(40) Skipped phase 3 of Reference Processing: no references
[918.561s][debug][gc,ref         ] GC(40) ReferenceProcessor::execute queues: 1, RefProcThreadModel::Single, marks_oops_alive: false
[918.561s][debug][gc,phases      ] GC(40) Reference Processing 0.125ms
[918.561s][debug][gc,phases      ] GC(40)   VM Weak                        Min:  0.0, Avg:  0.0, Max:  0.0, Diff:  0.0, Sum:  0.0, Workers: 4
[918.561s][debug][gc,phases      ] GC(40)     Dead                           Min: 0, Avg:  0.0, Max: 0, Diff: 0, Sum: 0, Workers: 4
[918.561s][debug][gc,phases      ] GC(40)     Total                          Min: 0, Avg: 231.8, Max: 896, Diff: 896, Sum: 927, Workers: 4
[918.561s][debug][gc,phases      ] GC(40)   ObjectSynchronizer Weak        Min:  0.0, Avg:  0.0, Max:  0.0, Diff:  0.0, Sum:  0.0, Workers: 4
[918.561s][debug][gc,phases      ] GC(40)     Dead                           Min: 0, Avg:  0.0, Max: 0, Diff: 0, Sum: 0, Workers: 4
[918.561s][debug][gc,phases      ] GC(40)     Total                          Min: 0, Avg: 14.0, Max: 56, Diff: 56, Sum: 56, Workers: 4
[918.561s][debug][gc,phases      ] GC(40)   JVMTI Tag Weak OopStorage      Min:  0.0, Avg:  0.0, Max:  0.0, Diff:  0.0, Sum:  0.0, Workers: 4
[918.561s][debug][gc,phases      ] GC(40)     Dead                           Min: 0, Avg:  0.0, Max: 0, Diff: 0, Sum: 0, Workers: 4
[918.561s][debug][gc,phases      ] GC(40)     Total                          Min: 0, Avg:  0.0, Max: 0, Diff: 0, Sum: 0, Workers: 4
[918.561s][debug][gc,phases      ] GC(40)   StringTable Weak               Min:  0.1, Avg:  0.1, Max:  0.1, Diff:  0.0, Sum:  0.4, Workers: 4
[918.561s][debug][gc,phases      ] GC(40)     Dead                           Min: 0, Avg:  0.0, Max: 0, Diff: 0, Sum: 0, Workers: 4
[918.561s][debug][gc,phases      ] GC(40)     Total                          Min: 10559, Avg: 10918.8, Max: 11328, Diff: 769, Sum: 43675, Workers: 4
[918.561s][debug][gc,phases      ] GC(40)   ResolvedMethodTable Weak       Min:  0.0, Avg:  0.0, Max:  0.0, Diff:  0.0, Sum:  0.1, Workers: 4
[918.561s][debug][gc,phases      ] GC(40)     Dead                           Min: 0, Avg:  0.0, Max: 0, Diff: 0, Sum: 0, Workers: 4
[918.561s][debug][gc,phases      ] GC(40)     Total                          Min: 2240, Avg: 2402.0, Max: 2632, Diff: 392, Sum: 9608, Workers: 4
[918.561s][debug][gc,phases      ] GC(40)   JNI Weak                       Min:  0.0, Avg:  0.0, Max:  0.0, Diff:  0.0, Sum:  0.0, Workers: 4
[918.561s][debug][gc,phases      ] GC(40)     Dead                           Min: 0, Avg:  0.0, Max: 0, Diff: 0, Sum: 0, Workers: 4
[918.561s][debug][gc,phases      ] GC(40)     Total                          Min: 0, Avg: 11.2, Max: 45, Diff: 45, Sum: 45, Workers: 4
[918.561s][debug][gc,phases      ] GC(40)   StringDedup Table Weak         Min:  0.0, Avg:  0.0, Max:  0.0, Diff:  0.0, Sum:  0.0, Workers: 4
[918.561s][debug][gc,phases      ] GC(40)     Dead                           Min: 0, Avg:  0.0, Max: 0, Diff: 0, Sum: 0, Workers: 4
[918.561s][debug][gc,phases      ] GC(40)     Total                          Min: 0, Avg:  0.0, Max: 0, Diff: 0, Sum: 0, Workers: 4
[918.561s][debug][gc,phases      ] GC(40)   StringDedup Requests0 Weak     Min:  0.0, Avg:  0.0, Max:  0.0, Diff:  0.0, Sum:  0.0, Workers: 4
[918.562s][debug][gc,phases      ] GC(40)     Dead                           Min: 0, Avg:  0.0, Max: 0, Diff: 0, Sum: 0, Workers: 4
[918.562s][debug][gc,phases      ] GC(40)     Total                          Min: 0, Avg:  0.0, Max: 0, Diff: 0, Sum: 0, Workers: 4
[918.562s][debug][gc,phases      ] GC(40)   StringDedup Requests1 Weak     Min:  0.0, Avg:  0.0, Max:  0.0, Diff:  0.0, Sum:  0.0, Workers: 4
[918.562s][debug][gc,phases      ] GC(40)     Dead                           Min: 0, Avg:  0.0, Max: 0, Diff: 0, Sum: 0, Workers: 4
[918.562s][debug][gc,phases      ] GC(40)     Total                          Min: 0, Avg:  0.0, Max: 0, Diff: 0, Sum: 0, Workers: 4
[918.562s][debug][gc,phases      ] GC(40)   Weak JFR Old Object Samples    Min:  0.0, Avg:  0.0, Max:  0.0, Diff:  0.0, Sum:  0.0, Workers: 4
[918.562s][debug][gc,phases      ] GC(40)     Dead                           Min: 0, Avg:  0.0, Max: 0, Diff: 0, Sum: 0, Workers: 4
[918.562s][debug][gc,phases      ] GC(40)     Total                          Min: 0, Avg:  0.0, Max: 0, Diff: 0, Sum: 0, Workers: 4
[918.562s][debug][gc,phases      ] GC(40) Weak Processing 0.296ms
[918.562s][debug][gc,age         ] GC(40) Desired survivor size 229638144 bytes, new threshold 15 (max threshold 15)
[918.562s][info ][gc,heap        ] GC(40) PSYoungGen: 1790673K(1866240K)->162443K(1859584K) Eden: 1628672K(1628672K)->0K(1628672K) From: 162001K(237568K)->162443K(230912K)
[918.562s][info ][gc,heap        ] GC(40) ParOldGen: 285388K(432128K)->285428K(432128K)
[918.562s][info ][gc,metaspace   ] GC(40) Metaspace: 82726K(83840K)->82726K(83840K) NonClass: 70953K(71552K)->70953K(71552K) Class: 11773K(12288K)->11773K(12288K)
[918.562s][info ][gc             ] GC(40) Pause Young (Allocation Failure) 2027M->437M(2238M) 29.833ms
[918.562s][info ][gc,cpu         ] GC(40) User=0.12s Sys=0.00s Real=0.03s
[918.562s][info ][safepoint      ] Safepoint "ParallelGCFailedAllocation", Time since last: 1339334967 ns, Reaching safepoint: 95400 ns, At safepoint: 29939773 ns, Total: 30035173 ns
[920.562s][info ][safepoint      ] Safepoint "Cleanup", Time since last: 2000145528 ns, Reaching safepoint: 40900 ns, At safepoint: 3700 ns, Total: 44600 ns
[921.562s][info ][safepoint      ] Safepoint "Cleanup", Time since last: 1000106989 ns, Reaching safepoint: 45700 ns, At safepoint: 3000 ns, Total: 48700 ns
[923.562s][info ][safepoint      ] Safepoint "Cleanup", Time since last: 2000221477 ns, Reaching safepoint: 39700 ns, At safepoint: 3100 ns, Total: 42800 ns
[925.563s][info ][safepoint      ] Safepoint "Cleanup", Time since last: 2000178176 ns, Reaching safepoint: 101001 ns, At safepoint: 6800 ns, Total: 107801 ns
[926.563s][info ][safepoint      ] Safepoint "Cleanup", Time since last: 1000101788 ns, Reaching safepoint: 109900 ns, At safepoint: 8200 ns, Total: 118100 ns
[928.563s][info ][safepoint      ] Safepoint "Cleanup", Time since last: 2000163754 ns, Reaching safepoint: 40600 ns, At safepoint: 3000 ns, Total: 43600 ns
[936.564s][info ][safepoint      ] Safepoint "Cleanup", Time since last: 8000594773 ns, Reaching safepoint: 45400 ns, At safepoint: 3400 ns, Total: 48800 ns
[937.564s][info ][safepoint      ] Safepoint "Cleanup", Time since last: 1000139158 ns, Reaching safepoint: 43000 ns, At safepoint: 2800 ns, Total: 45800 ns
[943.564s][info ][safepoint      ] Safepoint "Cleanup", Time since last: 6000450346 ns, Reaching safepoint: 42000 ns, At safepoint: 5600 ns, Total: 47600 ns
[944.564s][info ][safepoint      ] Safepoint "Cleanup", Time since last: 1000116175 ns, Reaching safepoint: 55500 ns, At safepoint: 7400 ns, Total: 62900 ns
[946.565s][info ][safepoint      ] Safepoint "Cleanup", Time since last: 2000172282 ns, Reaching safepoint: 46100 ns, At safepoint: 2700 ns, Total: 48800 ns
[948.565s][info ][safepoint      ] Safepoint "Cleanup", Time since last: 2000167982 ns, Reaching safepoint: 41500 ns, At safepoint: 3200 ns, Total: 44700 ns
[950.906s][info ][gc,start       ] GC(41) Pause Young (Allocation Failure)
[950.942s][debug][gc,phases      ] GC(41) Scavenge 35.705ms
[950.942s][debug][gc,ref         ] GC(41) Skipped phase 1 of Reference Processing: no references
[950.942s][debug][gc,ref         ] GC(41) ReferenceProcessor::execute queues: 1, RefProcThreadModel::Single, marks_oops_alive: false
[950.942s][debug][gc,ref         ] GC(41) Skipped phase 3 of Reference Processing: no references
[950.942s][debug][gc,ref         ] GC(41) ReferenceProcessor::execute queues: 1, RefProcThreadModel::Single, marks_oops_alive: false
[950.942s][debug][gc,phases      ] GC(41) Reference Processing 0.110ms
[950.942s][debug][gc,phases      ] GC(41)   VM Weak                        Min:  0.0, Avg:  0.0, Max:  0.0, Diff:  0.0, Sum:  0.0, Workers: 4
[950.942s][debug][gc,phases      ] GC(41)     Dead                           Min: 0, Avg:  0.0, Max: 0, Diff: 0, Sum: 0, Workers: 4
[950.942s][debug][gc,phases      ] GC(41)     Total                          Min: 0, Avg: 231.8, Max: 607, Diff: 607, Sum: 927, Workers: 4
[950.942s][debug][gc,phases      ] GC(41)   ObjectSynchronizer Weak        Min:  0.0, Avg:  0.0, Max:  0.0, Diff:  0.0, Sum:  0.0, Workers: 4
[950.942s][debug][gc,phases      ] GC(41)     Dead                           Min: 0, Avg:  0.0, Max: 0, Diff: 0, Sum: 0, Workers: 4
[950.942s][debug][gc,phases      ] GC(41)     Total                          Min: 0, Avg: 14.0, Max: 56, Diff: 56, Sum: 56, Workers: 4
[950.942s][debug][gc,phases      ] GC(41)   JVMTI Tag Weak OopStorage      Min:  0.0, Avg:  0.0, Max:  0.0, Diff:  0.0, Sum:  0.0, Workers: 4
[950.942s][debug][gc,phases      ] GC(41)     Dead                           Min: 0, Avg:  0.0, Max: 0, Diff: 0, Sum: 0, Workers: 4
[950.942s][debug][gc,phases      ] GC(41)     Total                          Min: 0, Avg:  0.0, Max: 0, Diff: 0, Sum: 0, Workers: 4
[950.942s][debug][gc,phases      ] GC(41)   StringTable Weak               Min:  0.1, Avg:  0.1, Max:  0.1, Diff:  0.0, Sum:  0.4, Workers: 4
[950.942s][debug][gc,phases      ] GC(41)     Dead                           Min: 0, Avg:  0.0, Max: 0, Diff: 0, Sum: 0, Workers: 4
[950.942s][debug][gc,phases      ] GC(41)     Total                          Min: 10411, Avg: 10922.5, Max: 11263, Diff: 852, Sum: 43690, Workers: 4
[950.942s][debug][gc,phases      ] GC(41)   ResolvedMethodTable Weak       Min:  0.0, Avg:  0.0, Max:  0.0, Diff:  0.0, Sum:  0.1, Workers: 4
[950.942s][debug][gc,phases      ] GC(41)     Dead                           Min: 0, Avg:  0.0, Max: 0, Diff: 0, Sum: 0, Workers: 4
[950.942s][debug][gc,phases      ] GC(41)     Total                          Min: 2304, Avg: 2402.0, Max: 2496, Diff: 192, Sum: 9608, Workers: 4
[950.942s][debug][gc,phases      ] GC(41)   JNI Weak                       Min:  0.0, Avg:  0.0, Max:  0.0, Diff:  0.0, Sum:  0.0, Workers: 4
[950.942s][debug][gc,phases      ] GC(41)     Dead                           Min: 0, Avg:  0.0, Max: 0, Diff: 0, Sum: 0, Workers: 4
[950.942s][debug][gc,phases      ] GC(41)     Total                          Min: 0, Avg: 11.2, Max: 45, Diff: 45, Sum: 45, Workers: 4
[950.942s][debug][gc,phases      ] GC(41)   StringDedup Table Weak         Min:  0.0, Avg:  0.0, Max:  0.0, Diff:  0.0, Sum:  0.0, Workers: 4
[950.942s][debug][gc,phases      ] GC(41)     Dead                           Min: 0, Avg:  0.0, Max: 0, Diff: 0, Sum: 0, Workers: 4
[950.942s][debug][gc,phases      ] GC(41)     Total                          Min: 0, Avg:  0.0, Max: 0, Diff: 0, Sum: 0, Workers: 4
[950.942s][debug][gc,phases      ] GC(41)   StringDedup Requests0 Weak     Min:  0.0, Avg:  0.0, Max:  0.0, Diff:  0.0, Sum:  0.0, Workers: 4
[950.942s][debug][gc,phases      ] GC(41)     Dead                           Min: 0, Avg:  0.0, Max: 0, Diff: 0, Sum: 0, Workers: 4
[950.942s][debug][gc,phases      ] GC(41)     Total                          Min: 0, Avg:  0.0, Max: 0, Diff: 0, Sum: 0, Workers: 4
[950.942s][debug][gc,phases      ] GC(41)   StringDedup Requests1 Weak     Min:  0.0, Avg:  0.0, Max:  0.0, Diff:  0.0, Sum:  0.0, Workers: 4
[950.942s][debug][gc,phases      ] GC(41)     Dead                           Min: 0, Avg:  0.0, Max: 0, Diff: 0, Sum: 0, Workers: 4
[950.942s][debug][gc,phases      ] GC(41)     Total                          Min: 0, Avg:  0.0, Max: 0, Diff: 0, Sum: 0, Workers: 4
[950.942s][debug][gc,phases      ] GC(41)   Weak JFR Old Object Samples    Min:  0.0, Avg:  0.0, Max:  0.0, Diff:  0.0, Sum:  0.0, Workers: 4
[950.942s][debug][gc,phases      ] GC(41)     Dead                           Min: 0, Avg:  0.0, Max: 0, Diff: 0, Sum: 0, Workers: 4
[950.942s][debug][gc,phases      ] GC(41)     Total                          Min: 0, Avg:  0.0, Max: 0, Diff: 0, Sum: 0, Workers: 4
[950.942s][debug][gc,phases      ] GC(41) Weak Processing 0.298ms
[950.942s][debug][gc,age         ] GC(41) Desired survivor size 228589568 bytes, new threshold 15 (max threshold 15)
[950.942s][info ][gc,heap        ] GC(41) PSYoungGen: 1791115K(1859584K)->177345K(1873920K) Eden: 1628672K(1628672K)->0K(1649664K) From: 162443K(230912K)->177345K(224256K)
[950.942s][info ][gc,heap        ] GC(41) ParOldGen: 285428K(432128K)->285468K(432128K)
[950.942s][info ][gc,metaspace   ] GC(41) Metaspace: 82751K(83840K)->82751K(83840K) NonClass: 70977K(71552K)->70977K(71552K) Class: 11773K(12288K)->11773K(12288K)
[950.942s][info ][gc             ] GC(41) Pause Young (Allocation Failure) 2027M->451M(2252M) 36.231ms
[950.942s][info ][gc,cpu         ] GC(41) User=0.14s Sys=0.00s Real=0.04s
[950.942s][info ][safepoint      ] Safepoint "ParallelGCFailedAllocation", Time since last: 2341197682 ns, Reaching safepoint: 28200 ns, At safepoint: 36305796 ns, Total: 36333996 ns
[953.943s][info ][safepoint      ] Safepoint "Cleanup", Time since last: 3000220907 ns, Reaching safepoint: 47800 ns, At safepoint: 3200 ns, Total: 51000 ns
[956.943s][info ][safepoint      ] Safepoint "Cleanup", Time since last: 3000276893 ns, Reaching safepoint: 38700 ns, At safepoint: 2700 ns, Total: 41400 ns
[957.943s][info ][safepoint      ] Safepoint "Cleanup", Time since last: 1000102365 ns, Reaching safepoint: 50600 ns, At safepoint: 5200 ns, Total: 55800 ns
[959.943s][info ][safepoint      ] Safepoint "Cleanup", Time since last: 2000128651 ns, Reaching safepoint: 45800 ns, At safepoint: 2800 ns, Total: 48600 ns
[962.944s][info ][safepoint      ] Safepoint "Cleanup", Time since last: 3000290113 ns, Reaching safepoint: 48400 ns, At safepoint: 2800 ns, Total: 51200 ns
[964.512s][info ][safepoint      ] Safepoint "Cleanup", Time since last: 1567665406 ns, Reaching safepoint: 149100 ns, At safepoint: 5600 ns, Total: 154700 ns
[965.512s][info ][safepoint      ] Safepoint "Cleanup", Time since last: 1000119175 ns, Reaching safepoint: 118901 ns, At safepoint: 5700 ns, Total: 124601 ns
[967.512s][info ][safepoint      ] Safepoint "Cleanup", Time since last: 2000177421 ns, Reaching safepoint: 114900 ns, At safepoint: 6400 ns, Total: 121300 ns
[968.512s][info ][safepoint      ] Safepoint "Cleanup", Time since last: 1000110182 ns, Reaching safepoint: 108101 ns, At safepoint: 6300 ns, Total: 114401 ns
[969.512s][info ][safepoint      ] Safepoint "Cleanup", Time since last: 1000103495 ns, Reaching safepoint: 42600 ns, At safepoint: 2500 ns, Total: 45100 ns
[974.513s][info ][safepoint      ] Safepoint "Cleanup", Time since last: 5000386675 ns, Reaching safepoint: 47000 ns, At safepoint: 23800 ns, Total: 70800 ns
[976.513s][info ][safepoint      ] Safepoint "Cleanup", Time since last: 2000201024 ns, Reaching safepoint: 50500 ns, At safepoint: 2500 ns, Total: 53000 ns
[977.513s][info ][safepoint      ] Safepoint "Cleanup", Time since last: 1000100961 ns, Reaching safepoint: 50600 ns, At safepoint: 2600 ns, Total: 53200 ns
[978.513s][info ][safepoint      ] Safepoint "Cleanup", Time since last: 1000119461 ns, Reaching safepoint: 61200 ns, At safepoint: 4800 ns, Total: 66000 ns
[981.514s][info ][safepoint      ] Safepoint "Cleanup", Time since last: 3000265182 ns, Reaching safepoint: 44101 ns, At safepoint: 2400 ns, Total: 46501 ns
[984.514s][info ][safepoint      ] Safepoint "Cleanup", Time since last: 3000271871 ns, Reaching safepoint: 42100 ns, At safepoint: 2600 ns, Total: 44700 ns
[992.515s][info ][safepoint      ] Safepoint "Cleanup", Time since last: 8000547757 ns, Reaching safepoint: 42900 ns, At safepoint: 3400 ns, Total: 46300 ns
[993.507s][info ][gc,start       ] GC(42) Pause Young (Allocation Failure)
[993.538s][debug][gc,phases      ] GC(42) Scavenge 31.207ms
[993.538s][debug][gc,ref         ] GC(42) Skipped phase 1 of Reference Processing: no references
[993.538s][debug][gc,ref         ] GC(42) ReferenceProcessor::execute queues: 1, RefProcThreadModel::Single, marks_oops_alive: false
[993.538s][debug][gc,ref         ] GC(42) Skipped phase 3 of Reference Processing: no references
[993.538s][debug][gc,ref         ] GC(42) ReferenceProcessor::execute queues: 1, RefProcThreadModel::Single, marks_oops_alive: false
[993.538s][debug][gc,phases      ] GC(42) Reference Processing 0.124ms
[993.538s][debug][gc,phases      ] GC(42)   VM Weak                        Min:  0.0, Avg:  0.0, Max:  0.0, Diff:  0.0, Sum:  0.0, Workers: 4
[993.538s][debug][gc,phases      ] GC(42)     Dead                           Min: 0, Avg:  0.0, Max: 0, Diff: 0, Sum: 0, Workers: 4
[993.538s][debug][gc,phases      ] GC(42)     Total                          Min: 0, Avg: 231.8, Max: 512, Diff: 512, Sum: 927, Workers: 4
[993.538s][debug][gc,phases      ] GC(42)   ObjectSynchronizer Weak        Min:  0.0, Avg:  0.0, Max:  0.0, Diff:  0.0, Sum:  0.0, Workers: 4
[993.538s][debug][gc,phases      ] GC(42)     Dead                           Min: 0, Avg:  0.0, Max: 0, Diff: 0, Sum: 0, Workers: 4
[993.538s][debug][gc,phases      ] GC(42)     Total                          Min: 0, Avg: 14.0, Max: 56, Diff: 56, Sum: 56, Workers: 4
[993.538s][debug][gc,phases      ] GC(42)   JVMTI Tag Weak OopStorage      Min:  0.0, Avg:  0.0, Max:  0.0, Diff:  0.0, Sum:  0.0, Workers: 4
[993.539s][debug][gc,phases      ] GC(42)     Dead                           Min: 0, Avg:  0.0, Max: 0, Diff: 0, Sum: 0, Workers: 4
[993.539s][debug][gc,phases      ] GC(42)     Total                          Min: 0, Avg:  0.0, Max: 0, Diff: 0, Sum: 0, Workers: 4
[993.539s][debug][gc,phases      ] GC(42)   StringTable Weak               Min:  0.0, Avg:  0.1, Max:  0.1, Diff:  0.1, Sum:  0.3, Workers: 4
[993.539s][debug][gc,phases      ] GC(42)     Dead                           Min: 0, Avg:  0.0, Max: 0, Diff: 0, Sum: 0, Workers: 4
[993.539s][debug][gc,phases      ] GC(42)     Total                          Min: 0, Avg: 10923.5, Max: 18752, Diff: 18752, Sum: 43694, Workers: 4
[993.539s][debug][gc,phases      ] GC(42)   ResolvedMethodTable Weak       Min:  0.0, Avg:  0.0, Max:  0.0, Diff:  0.0, Sum:  0.1, Workers: 4
[993.539s][debug][gc,phases      ] GC(42)     Dead                           Min: 0, Avg:  0.0, Max: 0, Diff: 0, Sum: 0, Workers: 4
[993.539s][debug][gc,phases      ] GC(42)     Total                          Min: 0, Avg: 2402.5, Max: 4042, Diff: 4042, Sum: 9610, Workers: 4
[993.539s][debug][gc,phases      ] GC(42)   JNI Weak                       Min:  0.0, Avg:  0.0, Max:  0.0, Diff:  0.0, Sum:  0.0, Workers: 4
[993.539s][debug][gc,phases      ] GC(42)     Dead                           Min: 0, Avg:  0.0, Max: 0, Diff: 0, Sum: 0, Workers: 4
[993.539s][debug][gc,phases      ] GC(42)     Total                          Min: 0, Avg: 11.2, Max: 45, Diff: 45, Sum: 45, Workers: 4
[993.539s][debug][gc,phases      ] GC(42)   StringDedup Table Weak         Min:  0.0, Avg:  0.0, Max:  0.0, Diff:  0.0, Sum:  0.0, Workers: 4
[993.539s][debug][gc,phases      ] GC(42)     Dead                           Min: 0, Avg:  0.0, Max: 0, Diff: 0, Sum: 0, Workers: 4
[993.539s][debug][gc,phases      ] GC(42)     Total                          Min: 0, Avg:  0.0, Max: 0, Diff: 0, Sum: 0, Workers: 4
[993.539s][debug][gc,phases      ] GC(42)   StringDedup Requests0 Weak     Min:  0.0, Avg:  0.0, Max:  0.0, Diff:  0.0, Sum:  0.0, Workers: 4
[993.539s][debug][gc,phases      ] GC(42)     Dead                           Min: 0, Avg:  0.0, Max: 0, Diff: 0, Sum: 0, Workers: 4
[993.539s][debug][gc,phases      ] GC(42)     Total                          Min: 0, Avg:  0.0, Max: 0, Diff: 0, Sum: 0, Workers: 4
[993.539s][debug][gc,phases      ] GC(42)   StringDedup Requests1 Weak     Min:  0.0, Avg:  0.0, Max:  0.0, Diff:  0.0, Sum:  0.0, Workers: 4
[993.539s][debug][gc,phases      ] GC(42)     Dead                           Min: 0, Avg:  0.0, Max: 0, Diff: 0, Sum: 0, Workers: 4
[993.539s][debug][gc,phases      ] GC(42)     Total                          Min: 0, Avg:  0.0, Max: 0, Diff: 0, Sum: 0, Workers: 4
[993.539s][debug][gc,phases      ] GC(42)   Weak JFR Old Object Samples    Min:  0.0, Avg:  0.0, Max:  0.0, Diff:  0.0, Sum:  0.0, Workers: 4
[993.539s][debug][gc,phases      ] GC(42)     Dead                           Min: 0, Avg:  0.0, Max: 0, Diff: 0, Sum: 0, Workers: 4
[993.539s][debug][gc,phases      ] GC(42)     Total                          Min: 0, Avg:  0.0, Max: 0, Diff: 0, Sum: 0, Workers: 4
[993.539s][debug][gc,phases      ] GC(42) Weak Processing 0.318ms
[993.539s][debug][gc,age         ] GC(42) Desired survivor size 225968128 bytes, new threshold 15 (max threshold 15)
[993.539s][info ][gc,heap        ] GC(42) PSYoungGen: 1827009K(1873920K)->173409K(1872896K) Eden: 1649664K(1649664K)->0K(1649664K) From: 177345K(224256K)->173409K(223232K)
[993.539s][info ][gc,heap        ] GC(42) ParOldGen: 285468K(432128K)->285592K(432128K)
[993.539s][info ][gc,metaspace   ] GC(42) Metaspace: 82793K(83904K)->82793K(83904K) NonClass: 71019K(71616K)->71019K(71616K) Class: 11774K(12288K)->11774K(12288K)
[993.539s][info ][gc             ] GC(42) Pause Young (Allocation Failure) 2062M->448M(2251M) 31.767ms
[993.539s][info ][gc,cpu         ] GC(42) User=0.13s Sys=0.00s Real=0.04s
[993.539s][info ][safepoint      ] Safepoint "ParallelGCFailedAllocation", Time since last: 992008889 ns, Reaching safepoint: 108700 ns, At safepoint: 31838083 ns, Total: 31946783 ns
[997.539s][info ][safepoint      ] Safepoint "Cleanup", Time since last: 4000245340 ns, Reaching safepoint: 29300 ns, At safepoint: 3300 ns, Total: 32600 ns
[1006.540s][info ][safepoint      ] Safepoint "Cleanup", Time since last: 9000583370 ns, Reaching safepoint: 45800 ns, At safepoint: 2300 ns, Total: 48100 ns
[1007.540s][info ][safepoint      ] Safepoint "Cleanup", Time since last: 1000105723 ns, Reaching safepoint: 50701 ns, At safepoint: 2500 ns, Total: 53201 ns
[1009.540s][info ][safepoint      ] Safepoint "Cleanup", Time since last: 2000167160 ns, Reaching safepoint: 39800 ns, At safepoint: 3000 ns, Total: 42800 ns
[1015.540s][info ][safepoint      ] Safepoint "Cleanup", Time since last: 6000432214 ns, Reaching safepoint: 41500 ns, At safepoint: 3200 ns, Total: 44700 ns
[1031.542s][info ][safepoint      ] Safepoint "Cleanup", Time since last: 16001106837 ns, Reaching safepoint: 36000 ns, At safepoint: 3100 ns, Total: 39100 ns
[1034.542s][info ][safepoint      ] Safepoint "Cleanup", Time since last: 3000275475 ns, Reaching safepoint: 39000 ns, At safepoint: 3100 ns, Total: 42100 ns
[1037.542s][info ][safepoint      ] Safepoint "Cleanup", Time since last: 3000247713 ns, Reaching safepoint: 40500 ns, At safepoint: 3200 ns, Total: 43700 ns
[1042.110s][info ][gc,start       ] GC(43) Pause Young (Allocation Failure)
[1042.144s][debug][gc,phases      ] GC(43) Scavenge 34.215ms
[1042.144s][debug][gc,ref         ] GC(43) Skipped phase 1 of Reference Processing: no references
[1042.145s][debug][gc,ref         ] GC(43) ReferenceProcessor::execute queues: 1, RefProcThreadModel::Single, marks_oops_alive: false
[1042.145s][debug][gc,ref         ] GC(43) Skipped phase 3 of Reference Processing: no references
[1042.145s][debug][gc,ref         ] GC(43) ReferenceProcessor::execute queues: 1, RefProcThreadModel::Single, marks_oops_alive: false
[1042.145s][debug][gc,phases      ] GC(43) Reference Processing 0.113ms
[1042.145s][debug][gc,phases      ] GC(43)   VM Weak                        Min:  0.0, Avg:  0.0, Max:  0.0, Diff:  0.0, Sum:  0.0, Workers: 4
[1042.145s][debug][gc,phases      ] GC(43)     Dead                           Min: 0, Avg:  0.0, Max: 0, Diff: 0, Sum: 0, Workers: 4
[1042.145s][debug][gc,phases      ] GC(43)     Total                          Min: 0, Avg: 231.8, Max: 415, Diff: 415, Sum: 927, Workers: 4
[1042.145s][debug][gc,phases      ] GC(43)   ObjectSynchronizer Weak        Min:  0.0, Avg:  0.0, Max:  0.0, Diff:  0.0, Sum:  0.0, Workers: 4
[1042.145s][debug][gc,phases      ] GC(43)     Dead                           Min: 0, Avg:  0.0, Max: 0, Diff: 0, Sum: 0, Workers: 4
[1042.145s][debug][gc,phases      ] GC(43)     Total                          Min: 0, Avg: 14.0, Max: 56, Diff: 56, Sum: 56, Workers: 4
[1042.145s][debug][gc,phases      ] GC(43)   JVMTI Tag Weak OopStorage      Min:  0.0, Avg:  0.0, Max:  0.0, Diff:  0.0, Sum:  0.0, Workers: 4
[1042.145s][debug][gc,phases      ] GC(43)     Dead                           Min: 0, Avg:  0.0, Max: 0, Diff: 0, Sum: 0, Workers: 4
[1042.145s][debug][gc,phases      ] GC(43)     Total                          Min: 0, Avg:  0.0, Max: 0, Diff: 0, Sum: 0, Workers: 4
[1042.145s][debug][gc,phases      ] GC(43)   StringTable Weak               Min:  0.1, Avg:  0.1, Max:  0.1, Diff:  0.0, Sum:  0.4, Workers: 4
[1042.145s][debug][gc,phases      ] GC(43)     Dead                           Min: 0, Avg:  0.2, Max: 1, Diff: 1, Sum: 1, Workers: 4
[1042.145s][debug][gc,phases      ] GC(43)     Total                          Min: 10546, Avg: 10924.2, Max: 11711, Diff: 1165, Sum: 43697, Workers: 4
[1042.145s][debug][gc,phases      ] GC(43)   ResolvedMethodTable Weak       Min:  0.0, Avg:  0.0, Max:  0.0, Diff:  0.0, Sum:  0.1, Workers: 4
[1042.145s][debug][gc,phases      ] GC(43)     Dead                           Min: 0, Avg:  0.0, Max: 0, Diff: 0, Sum: 0, Workers: 4
[1042.145s][debug][gc,phases      ] GC(43)     Total                          Min: 2303, Avg: 2403.8, Max: 2496, Diff: 193, Sum: 9615, Workers: 4
[1042.145s][debug][gc,phases      ] GC(43)   JNI Weak                       Min:  0.0, Avg:  0.0, Max:  0.0, Diff:  0.0, Sum:  0.0, Workers: 4
[1042.145s][debug][gc,phases      ] GC(43)     Dead                           Min: 0, Avg:  0.0, Max: 0, Diff: 0, Sum: 0, Workers: 4
[1042.145s][debug][gc,phases      ] GC(43)     Total                          Min: 0, Avg: 11.2, Max: 45, Diff: 45, Sum: 45, Workers: 4
[1042.145s][debug][gc,phases      ] GC(43)   StringDedup Table Weak         Min:  0.0, Avg:  0.0, Max:  0.0, Diff:  0.0, Sum:  0.0, Workers: 4
[1042.145s][debug][gc,phases      ] GC(43)     Dead                           Min: 0, Avg:  0.0, Max: 0, Diff: 0, Sum: 0, Workers: 4
[1042.145s][debug][gc,phases      ] GC(43)     Total                          Min: 0, Avg:  0.0, Max: 0, Diff: 0, Sum: 0, Workers: 4
[1042.145s][debug][gc,phases      ] GC(43)   StringDedup Requests0 Weak     Min:  0.0, Avg:  0.0, Max:  0.0, Diff:  0.0, Sum:  0.0, Workers: 4
[1042.145s][debug][gc,phases      ] GC(43)     Dead                           Min: 0, Avg:  0.0, Max: 0, Diff: 0, Sum: 0, Workers: 4
[1042.145s][debug][gc,phases      ] GC(43)     Total                          Min: 0, Avg:  0.0, Max: 0, Diff: 0, Sum: 0, Workers: 4
[1042.145s][debug][gc,phases      ] GC(43)   StringDedup Requests1 Weak     Min:  0.0, Avg:  0.0, Max:  0.0, Diff:  0.0, Sum:  0.0, Workers: 4
[1042.145s][debug][gc,phases      ] GC(43)     Dead                           Min: 0, Avg:  0.0, Max: 0, Diff: 0, Sum: 0, Workers: 4
[1042.145s][debug][gc,phases      ] GC(43)     Total                          Min: 0, Avg:  0.0, Max: 0, Diff: 0, Sum: 0, Workers: 4
[1042.145s][debug][gc,phases      ] GC(43)   Weak JFR Old Object Samples    Min:  0.0, Avg:  0.0, Max:  0.0, Diff:  0.0, Sum:  0.0, Workers: 4
[1042.145s][debug][gc,phases      ] GC(43)     Dead                           Min: 0, Avg:  0.0, Max: 0, Diff: 0, Sum: 0, Workers: 4
[1042.145s][debug][gc,phases      ] GC(43)     Total                          Min: 0, Avg:  0.0, Max: 0, Diff: 0, Sum: 0, Workers: 4
[1042.145s][debug][gc,phases      ] GC(43) Weak Processing 0.307ms
[1042.145s][debug][gc,age         ] GC(43) Desired survivor size 222298112 bytes, new threshold 15 (max threshold 15)
[1042.145s][info ][gc,heap        ] GC(43) PSYoungGen: 1823073K(1872896K)->171361K(1880064K) Eden: 1649664K(1649664K)->0K(1659392K) From: 173409K(223232K)->171361K(220672K)
[1042.145s][info ][gc,heap        ] GC(43) ParOldGen: 285592K(432128K)->287800K(432128K)
[1042.145s][info ][gc,metaspace   ] GC(43) Metaspace: 82813K(83904K)->82813K(83904K) NonClass: 71035K(71616K)->71035K(71616K) Class: 11778K(12288K)->11778K(12288K)
[1042.145s][info ][gc             ] GC(43) Pause Young (Allocation Failure) 2059M->448M(2258M) 34.761ms
[1042.145s][info ][gc,cpu         ] GC(43) User=0.14s Sys=0.00s Real=0.03s
[1042.145s][info ][safepoint      ] Safepoint "ParallelGCFailedAllocation", Time since last: 4567924922 ns, Reaching safepoint: 25300 ns, At safepoint: 34833803 ns, Total: 34859103 ns
[1045.145s][info ][safepoint      ] Safepoint "Cleanup", Time since last: 3000246014 ns, Reaching safepoint: 44200 ns, At safepoint: 4400 ns, Total: 48600 ns
[1049.146s][info ][safepoint      ] Safepoint "Cleanup", Time since last: 4000303302 ns, Reaching safepoint: 51000 ns, At safepoint: 4000 ns, Total: 55000 ns
[1055.146s][info ][safepoint      ] Safepoint "Cleanup", Time since last: 6000477605 ns, Reaching safepoint: 49201 ns, At safepoint: 3300 ns, Total: 52501 ns
[1056.146s][info ][safepoint      ] Safepoint "Cleanup", Time since last: 1000132291 ns, Reaching safepoint: 63600 ns, At safepoint: 6500 ns, Total: 70100 ns
[1057.147s][info ][safepoint      ] Safepoint "Cleanup", Time since last: 1000128295 ns, Reaching safepoint: 49200 ns, At safepoint: 3500 ns, Total: 52700 ns
[1061.147s][info ][safepoint      ] Safepoint "Cleanup", Time since last: 4000389663 ns, Reaching safepoint: 55500 ns, At safepoint: 6200 ns, Total: 61700 ns
[1064.147s][info ][safepoint      ] Safepoint "Cleanup", Time since last: 3000240679 ns, Reaching safepoint: 48300 ns, At safepoint: 2700 ns, Total: 51000 ns
[1065.147s][info ][safepoint      ] Safepoint "Cleanup", Time since last: 1000135926 ns, Reaching safepoint: 48600 ns, At safepoint: 2900 ns, Total: 51500 ns
[1067.148s][info ][safepoint      ] Safepoint "Cleanup", Time since last: 2000190193 ns, Reaching safepoint: 45101 ns, At safepoint: 2500 ns, Total: 47601 ns
[1075.148s][info ][safepoint      ] Safepoint "Cleanup", Time since last: 8000582388 ns, Reaching safepoint: 43400 ns, At safepoint: 2200 ns, Total: 45600 ns
[1076.148s][info ][safepoint      ] Safepoint "Cleanup", Time since last: 1000061510 ns, Reaching safepoint: 46000 ns, At safepoint: 3200 ns, Total: 49200 ns
[1077.149s][info ][safepoint      ] Safepoint "Cleanup", Time since last: 1000105817 ns, Reaching safepoint: 41500 ns, At safepoint: 2800 ns, Total: 44300 ns
[1083.149s][info ][safepoint      ] Safepoint "Cleanup", Time since last: 6000448201 ns, Reaching safepoint: 40000 ns, At safepoint: 3300 ns, Total: 43300 ns
[1084.149s][info ][safepoint      ] Safepoint "Cleanup", Time since last: 1000121406 ns, Reaching safepoint: 52800 ns, At safepoint: 4500 ns, Total: 57300 ns
[1086.592s][info ][gc,start       ] GC(44) Pause Young (Allocation Failure)
[1086.626s][debug][gc,phases      ] GC(44) Scavenge 34.365ms
[1086.626s][debug][gc,ref         ] GC(44) Skipped phase 1 of Reference Processing: no references
[1086.626s][debug][gc,ref         ] GC(44) ReferenceProcessor::execute queues: 1, RefProcThreadModel::Single, marks_oops_alive: false
[1086.626s][debug][gc,ref         ] GC(44) Skipped phase 3 of Reference Processing: no references
[1086.626s][debug][gc,ref         ] GC(44) ReferenceProcessor::execute queues: 1, RefProcThreadModel::Single, marks_oops_alive: false
[1086.626s][debug][gc,phases      ] GC(44) Reference Processing 0.109ms
[1086.626s][debug][gc,phases      ] GC(44)   VM Weak                        Min:  0.0, Avg:  0.0, Max:  0.0, Diff:  0.0, Sum:  0.0, Workers: 4
[1086.626s][debug][gc,phases      ] GC(44)     Dead                           Min: 0, Avg:  0.0, Max: 0, Diff: 0, Sum: 0, Workers: 4
[1086.626s][debug][gc,phases      ] GC(44)     Total                          Min: 0, Avg: 231.8, Max: 768, Diff: 768, Sum: 927, Workers: 4
[1086.626s][debug][gc,phases      ] GC(44)   ObjectSynchronizer Weak        Min:  0.0, Avg:  0.0, Max:  0.0, Diff:  0.0, Sum:  0.0, Workers: 4
[1086.626s][debug][gc,phases      ] GC(44)     Dead                           Min: 0, Avg:  0.0, Max: 0, Diff: 0, Sum: 0, Workers: 4
[1086.626s][debug][gc,phases      ] GC(44)     Total                          Min: 0, Avg: 14.0, Max: 56, Diff: 56, Sum: 56, Workers: 4
[1086.626s][debug][gc,phases      ] GC(44)   JVMTI Tag Weak OopStorage      Min:  0.0, Avg:  0.0, Max:  0.0, Diff:  0.0, Sum:  0.0, Workers: 4
[1086.626s][debug][gc,phases      ] GC(44)     Dead                           Min: 0, Avg:  0.0, Max: 0, Diff: 0, Sum: 0, Workers: 4
[1086.626s][debug][gc,phases      ] GC(44)     Total                          Min: 0, Avg:  0.0, Max: 0, Diff: 0, Sum: 0, Workers: 4
[1086.626s][debug][gc,phases      ] GC(44)   StringTable Weak               Min:  0.0, Avg:  0.1, Max:  0.1, Diff:  0.1, Sum:  0.3, Workers: 4
[1086.626s][debug][gc,phases      ] GC(44)     Dead                           Min: 0, Avg:  0.5, Max: 2, Diff: 2, Sum: 2, Workers: 4
[1086.626s][debug][gc,phases      ] GC(44)     Total                          Min: 0, Avg: 10928.0, Max: 18432, Diff: 18432, Sum: 43712, Workers: 4
[1086.626s][debug][gc,phases      ] GC(44)   ResolvedMethodTable Weak       Min:  0.0, Avg:  0.0, Max:  0.0, Diff:  0.0, Sum:  0.1, Workers: 4
[1086.626s][debug][gc,phases      ] GC(44)     Dead                           Min: 0, Avg:  4.0, Max: 16, Diff: 16, Sum: 16, Workers: 4
[1086.626s][debug][gc,phases      ] GC(44)     Total                          Min: 0, Avg: 2409.8, Max: 4016, Diff: 4016, Sum: 9639, Workers: 4
[1086.626s][debug][gc,phases      ] GC(44)   JNI Weak                       Min:  0.0, Avg:  0.0, Max:  0.0, Diff:  0.0, Sum:  0.0, Workers: 4
[1086.626s][debug][gc,phases      ] GC(44)     Dead                           Min: 0, Avg:  0.0, Max: 0, Diff: 0, Sum: 0, Workers: 4
[1086.626s][debug][gc,phases      ] GC(44)     Total                          Min: 0, Avg: 11.2, Max: 45, Diff: 45, Sum: 45, Workers: 4
[1086.626s][debug][gc,phases      ] GC(44)   StringDedup Table Weak         Min:  0.0, Avg:  0.0, Max:  0.0, Diff:  0.0, Sum:  0.0, Workers: 4
[1086.626s][debug][gc,phases      ] GC(44)     Dead                           Min: 0, Avg:  0.0, Max: 0, Diff: 0, Sum: 0, Workers: 4
[1086.626s][debug][gc,phases      ] GC(44)     Total                          Min: 0, Avg:  0.0, Max: 0, Diff: 0, Sum: 0, Workers: 4
[1086.626s][debug][gc,phases      ] GC(44)   StringDedup Requests0 Weak     Min:  0.0, Avg:  0.0, Max:  0.0, Diff:  0.0, Sum:  0.0, Workers: 4
[1086.626s][debug][gc,phases      ] GC(44)     Dead                           Min: 0, Avg:  0.0, Max: 0, Diff: 0, Sum: 0, Workers: 4
[1086.626s][debug][gc,phases      ] GC(44)     Total                          Min: 0, Avg:  0.0, Max: 0, Diff: 0, Sum: 0, Workers: 4
[1086.626s][debug][gc,phases      ] GC(44)   StringDedup Requests1 Weak     Min:  0.0, Avg:  0.0, Max:  0.0, Diff:  0.0, Sum:  0.0, Workers: 4
[1086.626s][debug][gc,phases      ] GC(44)     Dead                           Min: 0, Avg:  0.0, Max: 0, Diff: 0, Sum: 0, Workers: 4
[1086.626s][debug][gc,phases      ] GC(44)     Total                          Min: 0, Avg:  0.0, Max: 0, Diff: 0, Sum: 0, Workers: 4
[1086.626s][debug][gc,phases      ] GC(44)   Weak JFR Old Object Samples    Min:  0.0, Avg:  0.0, Max:  0.0, Diff:  0.0, Sum:  0.0, Workers: 4
[1086.626s][debug][gc,phases      ] GC(44)     Dead                           Min: 0, Avg:  0.0, Max: 0, Diff: 0, Sum: 0, Workers: 4
[1086.626s][debug][gc,phases      ] GC(44)     Total                          Min: 0, Avg:  0.0, Max: 0, Diff: 0, Sum: 0, Workers: 4
[1086.626s][debug][gc,phases      ] GC(44) Weak Processing 0.301ms
[1086.626s][debug][gc,age         ] GC(44) Desired survivor size 222298112 bytes, new threshold 15 (max threshold 15)
[1086.626s][info ][gc,heap        ] GC(44) PSYoungGen: 1830753K(1880064K)->137862K(1876480K) Eden: 1659392K(1659392K)->0K(1659392K) From: 171361K(220672K)->137862K(217088K)
[1086.626s][info ][gc,heap        ] GC(44) ParOldGen: 287800K(432128K)->325121K(432128K)
[1086.626s][info ][gc,metaspace   ] GC(44) Metaspace: 82860K(83968K)->82860K(83968K) NonClass: 71073K(71680K)->71073K(71680K) Class: 11787K(12288K)->11787K(12288K)
[1086.626s][info ][gc             ] GC(44) Pause Young (Allocation Failure) 2068M->452M(2254M) 34.897ms
[1086.626s][info ][gc,cpu         ] GC(44) User=0.11s Sys=0.02s Real=0.03s
[1086.626s][info ][safepoint      ] Safepoint "ParallelGCFailedAllocation", Time since last: 2442191553 ns, Reaching safepoint: 31400 ns, At safepoint: 34993267 ns, Total: 35024667 ns
[1087.627s][info ][safepoint      ] Safepoint "Cleanup", Time since last: 1000082705 ns, Reaching safepoint: 37200 ns, At safepoint: 4200 ns, Total: 41400 ns
[1088.627s][info ][safepoint      ] Safepoint "Cleanup", Time since last: 1000101463 ns, Reaching safepoint: 42001 ns, At safepoint: 2900 ns, Total: 44901 ns
[1090.627s][info ][safepoint      ] Safepoint "Cleanup", Time since last: 2000201156 ns, Reaching safepoint: 61400 ns, At safepoint: 2800 ns, Total: 64200 ns
[1091.627s][info ][safepoint      ] Safepoint "Cleanup", Time since last: 1000105078 ns, Reaching safepoint: 41400 ns, At safepoint: 3100 ns, Total: 44500 ns
[1096.628s][info ][safepoint      ] Safepoint "Cleanup", Time since last: 5000382392 ns, Reaching safepoint: 42300 ns, At safepoint: 4700 ns, Total: 47000 ns
[1103.628s][info ][safepoint      ] Safepoint "Cleanup", Time since last: 7000557470 ns, Reaching safepoint: 39600 ns, At safepoint: 3100 ns, Total: 42700 ns
[1114.629s][info ][safepoint      ] Safepoint "Cleanup", Time since last: 11000862065 ns, Reaching safepoint: 43600 ns, At safepoint: 3000 ns, Total: 46600 ns
[1116.629s][info ][safepoint      ] Safepoint "Cleanup", Time since last: 2000197248 ns, Reaching safepoint: 49201 ns, At safepoint: 3800 ns, Total: 53001 ns
[1117.630s][info ][safepoint      ] Safepoint "Cleanup", Time since last: 1000149874 ns, Reaching safepoint: 50600 ns, At safepoint: 3300 ns, Total: 53900 ns
[1118.630s][info ][safepoint      ] Safepoint "Cleanup", Time since last: 1000075774 ns, Reaching safepoint: 39600 ns, At safepoint: 3500 ns, Total: 43100 ns
[1119.630s][info ][safepoint      ] Safepoint "Cleanup", Time since last: 1000105874 ns, Reaching safepoint: 131300 ns, At safepoint: 5500 ns, Total: 136800 ns
[1120.630s][info ][safepoint      ] Safepoint "Cleanup", Time since last: 1000130695 ns, Reaching safepoint: 79100 ns, At safepoint: 3400 ns, Total: 82500 ns
[1121.630s][info ][safepoint      ] Safepoint "Cleanup", Time since last: 1000110398 ns, Reaching safepoint: 41600 ns, At safepoint: 3800 ns, Total: 45400 ns
[1122.630s][info ][safepoint      ] Safepoint "Cleanup", Time since last: 1000128797 ns, Reaching safepoint: 45600 ns, At safepoint: 2700 ns, Total: 48300 ns
[1123.631s][info ][safepoint      ] Safepoint "Cleanup", Time since last: 1000119398 ns, Reaching safepoint: 35900 ns, At safepoint: 3100 ns, Total: 39000 ns
[1124.631s][info ][safepoint      ] Safepoint "Cleanup", Time since last: 1000099498 ns, Reaching safepoint: 49500 ns, At safepoint: 2500 ns, Total: 52000 ns
[1126.631s][info ][safepoint      ] Safepoint "Cleanup", Time since last: 2000159494 ns, Reaching safepoint: 33001 ns, At safepoint: 2000 ns, Total: 35001 ns
[1129.631s][info ][safepoint      ] Safepoint "Cleanup", Time since last: 3000255183 ns, Reaching safepoint: 48200 ns, At safepoint: 6600 ns, Total: 54800 ns
[1130.631s][info ][safepoint      ] Safepoint "Cleanup", Time since last: 1000089453 ns, Reaching safepoint: 72000 ns, At safepoint: 2700 ns, Total: 74700 ns
[1132.632s][info ][safepoint      ] Safepoint "Cleanup", Time since last: 2000188905 ns, Reaching safepoint: 68100 ns, At safepoint: 2800 ns, Total: 70900 ns
[1133.657s][info ][gc,start       ] GC(45) Pause Young (Allocation Failure)
[1133.696s][debug][gc,phases      ] GC(45) Scavenge 38.578ms
[1133.696s][debug][gc,ref         ] GC(45) Skipped phase 1 of Reference Processing: no references
[1133.696s][debug][gc,ref         ] GC(45) ReferenceProcessor::execute queues: 1, RefProcThreadModel::Single, marks_oops_alive: false
[1133.696s][debug][gc,ref         ] GC(45) Skipped phase 3 of Reference Processing: no references
[1133.696s][debug][gc,ref         ] GC(45) ReferenceProcessor::execute queues: 1, RefProcThreadModel::Single, marks_oops_alive: false
[1133.696s][debug][gc,phases      ] GC(45) Reference Processing 0.111ms
[1133.696s][debug][gc,phases      ] GC(45)   VM Weak                        Min:  0.0, Avg:  0.0, Max:  0.0, Diff:  0.0, Sum:  0.0, Workers: 4
[1133.696s][debug][gc,phases      ] GC(45)     Dead                           Min: 0, Avg:  0.0, Max: 0, Diff: 0, Sum: 0, Workers: 4
[1133.696s][debug][gc,phases      ] GC(45)     Total                          Min: 0, Avg: 231.8, Max: 704, Diff: 704, Sum: 927, Workers: 4
[1133.696s][debug][gc,phases      ] GC(45)   ObjectSynchronizer Weak        Min:  0.0, Avg:  0.0, Max:  0.0, Diff:  0.0, Sum:  0.0, Workers: 4
[1133.696s][debug][gc,phases      ] GC(45)     Dead                           Min: 0, Avg:  0.0, Max: 0, Diff: 0, Sum: 0, Workers: 4
[1133.696s][debug][gc,phases      ] GC(45)     Total                          Min: 0, Avg: 14.0, Max: 56, Diff: 56, Sum: 56, Workers: 4
[1133.696s][debug][gc,phases      ] GC(45)   JVMTI Tag Weak OopStorage      Min:  0.0, Avg:  0.0, Max:  0.0, Diff:  0.0, Sum:  0.0, Workers: 4
[1133.696s][debug][gc,phases      ] GC(45)     Dead                           Min: 0, Avg:  0.0, Max: 0, Diff: 0, Sum: 0, Workers: 4
[1133.696s][debug][gc,phases      ] GC(45)     Total                          Min: 0, Avg:  0.0, Max: 0, Diff: 0, Sum: 0, Workers: 4
[1133.696s][debug][gc,phases      ] GC(45)   StringTable Weak               Min:  0.0, Avg:  0.1, Max:  0.1, Diff:  0.1, Sum:  0.3, Workers: 4
[1133.696s][debug][gc,phases      ] GC(45)     Dead                           Min: 0, Avg:  0.0, Max: 0, Diff: 0, Sum: 0, Workers: 4
[1133.696s][debug][gc,phases      ] GC(45)     Total                          Min: 0, Avg: 10933.5, Max: 17536, Diff: 17536, Sum: 43734, Workers: 4
[1133.696s][debug][gc,phases      ] GC(45)   ResolvedMethodTable Weak       Min:  0.0, Avg:  0.0, Max:  0.0, Diff:  0.0, Sum:  0.1, Workers: 4
[1133.696s][debug][gc,phases      ] GC(45)     Dead                           Min: 0, Avg:  0.0, Max: 0, Diff: 0, Sum: 0, Workers: 4
[1133.696s][debug][gc,phases      ] GC(45)     Total                          Min: 0, Avg: 2413.5, Max: 4470, Diff: 4470, Sum: 9654, Workers: 4
[1133.696s][debug][gc,phases      ] GC(45)   JNI Weak                       Min:  0.0, Avg:  0.0, Max:  0.0, Diff:  0.0, Sum:  0.0, Workers: 4
[1133.696s][debug][gc,phases      ] GC(45)     Dead                           Min: 0, Avg:  0.0, Max: 0, Diff: 0, Sum: 0, Workers: 4
[1133.696s][debug][gc,phases      ] GC(45)     Total                          Min: 0, Avg: 11.2, Max: 45, Diff: 45, Sum: 45, Workers: 4
[1133.696s][debug][gc,phases      ] GC(45)   StringDedup Table Weak         Min:  0.0, Avg:  0.0, Max:  0.0, Diff:  0.0, Sum:  0.0, Workers: 4
[1133.696s][debug][gc,phases      ] GC(45)     Dead                           Min: 0, Avg:  0.0, Max: 0, Diff: 0, Sum: 0, Workers: 4
[1133.696s][debug][gc,phases      ] GC(45)     Total                          Min: 0, Avg:  0.0, Max: 0, Diff: 0, Sum: 0, Workers: 4
[1133.696s][debug][gc,phases      ] GC(45)   StringDedup Requests0 Weak     Min:  0.0, Avg:  0.0, Max:  0.0, Diff:  0.0, Sum:  0.0, Workers: 4
[1133.696s][debug][gc,phases      ] GC(45)     Dead                           Min: 0, Avg:  0.0, Max: 0, Diff: 0, Sum: 0, Workers: 4
[1133.696s][debug][gc,phases      ] GC(45)     Total                          Min: 0, Avg:  0.0, Max: 0, Diff: 0, Sum: 0, Workers: 4
[1133.696s][debug][gc,phases      ] GC(45)   StringDedup Requests1 Weak     Min:  0.0, Avg:  0.0, Max:  0.0, Diff:  0.0, Sum:  0.0, Workers: 4
[1133.696s][debug][gc,phases      ] GC(45)     Dead                           Min: 0, Avg:  0.0, Max: 0, Diff: 0, Sum: 0, Workers: 4
[1133.696s][debug][gc,phases      ] GC(45)     Total                          Min: 0, Avg:  0.0, Max: 0, Diff: 0, Sum: 0, Workers: 4
[1133.696s][debug][gc,phases      ] GC(45)   Weak JFR Old Object Samples    Min:  0.0, Avg:  0.0, Max:  0.0, Diff:  0.0, Sum:  0.0, Workers: 4
[1133.696s][debug][gc,phases      ] GC(45)     Dead                           Min: 0, Avg:  0.0, Max: 0, Diff: 0, Sum: 0, Workers: 4
[1133.696s][debug][gc,phases      ] GC(45)     Total                          Min: 0, Avg:  0.0, Max: 0, Diff: 0, Sum: 0, Workers: 4
[1133.696s][debug][gc,phases      ] GC(45) Weak Processing 0.299ms
[1133.696s][debug][gc,age         ] GC(45) Desired survivor size 233308160 bytes, new threshold 15 (max threshold 15)
[1133.696s][info ][gc,heap        ] GC(45) PSYoungGen: 1797254K(1876480K)->69297K(1858560K) Eden: 1659392K(1659392K)->0K(1641472K) From: 137862K(217088K)->69297K(217088K)
[1133.696s][info ][gc,heap        ] GC(45) ParOldGen: 325121K(432128K)->398721K(432128K)
[1133.696s][info ][gc,metaspace   ] GC(45) Metaspace: 82956K(84032K)->82956K(84032K) NonClass: 71161K(71744K)->71161K(71744K) Class: 11794K(12288K)->11794K(12288K)
[1133.696s][info ][gc             ] GC(45) Pause Young (Allocation Failure) 2072M->457M(2237M) 39.101ms
[1133.696s][info ][gc,cpu         ] GC(45) User=0.13s Sys=0.02s Real=0.04s
[1133.696s][debug][gc,phases      ] GC(46) Pre Compact 0.008ms
[1133.696s][info ][gc,start       ] GC(46) Pause Full (Ergonomics)
[1133.696s][info ][gc,phases,start] GC(46) Marking Phase
[1133.808s][debug][gc,phases      ] GC(46) Par Mark 111.565ms
[1133.808s][debug][gc,ref         ] GC(46) Skipped phase 1 of Reference Processing: no references
[1133.808s][debug][gc,ref         ] GC(46) ReferenceProcessor::execute queues: 4, RefProcThreadModel::Multi, marks_oops_alive: false
[1133.809s][debug][gc,ref         ] GC(46) ReferenceProcessor::execute queues: 4, RefProcThreadModel::Multi, marks_oops_alive: true
[1133.809s][debug][gc,ref         ] GC(46) ReferenceProcessor::execute queues: 1, RefProcThreadModel::Single, marks_oops_alive: false
[1133.809s][debug][gc,phases      ] GC(46) Reference Processing 0.979ms
[1133.809s][debug][gc,phases      ] GC(46)   VM Weak                        Min:  0.0, Avg:  0.0, Max:  0.0, Diff:  0.0, Sum:  0.0, Workers: 4
[1133.809s][debug][gc,phases      ] GC(46)     Dead                           Min: 0, Avg:  0.0, Max: 0, Diff: 0, Sum: 0, Workers: 4
[1133.809s][debug][gc,phases      ] GC(46)     Total                          Min: 64, Avg: 231.8, Max: 512, Diff: 448, Sum: 927, Workers: 4
[1133.809s][debug][gc,phases      ] GC(46)   ObjectSynchronizer Weak        Min:  0.0, Avg:  0.0, Max:  0.0, Diff:  0.0, Sum:  0.0, Workers: 4
[1133.809s][debug][gc,phases      ] GC(46)     Dead                           Min: 0, Avg:  0.0, Max: 0, Diff: 0, Sum: 0, Workers: 4
[1133.809s][debug][gc,phases      ] GC(46)     Total                          Min: 0, Avg: 14.0, Max: 56, Diff: 56, Sum: 56, Workers: 4
[1133.809s][debug][gc,phases      ] GC(46)   JVMTI Tag Weak OopStorage      Min:  0.0, Avg:  0.0, Max:  0.0, Diff:  0.0, Sum:  0.0, Workers: 4
[1133.809s][debug][gc,phases      ] GC(46)     Dead                           Min: 0, Avg:  0.0, Max: 0, Diff: 0, Sum: 0, Workers: 4
[1133.809s][debug][gc,phases      ] GC(46)     Total                          Min: 0, Avg:  0.0, Max: 0, Diff: 0, Sum: 0, Workers: 4
[1133.809s][debug][gc,phases      ] GC(46)   StringTable Weak               Min:  0.1, Avg:  0.1, Max:  0.1, Diff:  0.0, Sum:  0.6, Workers: 4
[1133.809s][debug][gc,phases      ] GC(46)     Dead                           Min: 0, Avg:  0.0, Max: 0, Diff: 0, Sum: 0, Workers: 4
[1133.809s][debug][gc,phases      ] GC(46)     Total                          Min: 10304, Avg: 10933.5, Max: 11392, Diff: 1088, Sum: 43734, Workers: 4
[1133.809s][debug][gc,phases      ] GC(46)   ResolvedMethodTable Weak       Min:  0.0, Avg:  0.0, Max:  0.0, Diff:  0.0, Sum:  0.1, Workers: 4
[1133.809s][debug][gc,phases      ] GC(46)     Dead                           Min: 0, Avg:  0.0, Max: 0, Diff: 0, Sum: 0, Workers: 4
[1133.809s][debug][gc,phases      ] GC(46)     Total                          Min: 2231, Avg: 2413.5, Max: 2560, Diff: 329, Sum: 9654, Workers: 4
[1133.809s][debug][gc,phases      ] GC(46)   JNI Weak                       Min:  0.0, Avg:  0.0, Max:  0.0, Diff:  0.0, Sum:  0.0, Workers: 4
[1133.809s][debug][gc,phases      ] GC(46)     Dead                           Min: 0, Avg:  0.0, Max: 0, Diff: 0, Sum: 0, Workers: 4
[1133.809s][debug][gc,phases      ] GC(46)     Total                          Min: 0, Avg: 11.2, Max: 45, Diff: 45, Sum: 45, Workers: 4
[1133.809s][debug][gc,phases      ] GC(46)   StringDedup Table Weak         Min:  0.0, Avg:  0.0, Max:  0.0, Diff:  0.0, Sum:  0.0, Workers: 4
[1133.809s][debug][gc,phases      ] GC(46)     Dead                           Min: 0, Avg:  0.0, Max: 0, Diff: 0, Sum: 0, Workers: 4
[1133.809s][debug][gc,phases      ] GC(46)     Total                          Min: 0, Avg:  0.0, Max: 0, Diff: 0, Sum: 0, Workers: 4
[1133.809s][debug][gc,phases      ] GC(46)   StringDedup Requests0 Weak     Min:  0.0, Avg:  0.0, Max:  0.0, Diff:  0.0, Sum:  0.0, Workers: 4
[1133.809s][debug][gc,phases      ] GC(46)     Dead                           Min: 0, Avg:  0.0, Max: 0, Diff: 0, Sum: 0, Workers: 4
[1133.809s][debug][gc,phases      ] GC(46)     Total                          Min: 0, Avg:  0.0, Max: 0, Diff: 0, Sum: 0, Workers: 4
[1133.809s][debug][gc,phases      ] GC(46)   StringDedup Requests1 Weak     Min:  0.0, Avg:  0.0, Max:  0.0, Diff:  0.0, Sum:  0.0, Workers: 4
[1133.809s][debug][gc,phases      ] GC(46)     Dead                           Min: 0, Avg:  0.0, Max: 0, Diff: 0, Sum: 0, Workers: 4
[1133.809s][debug][gc,phases      ] GC(46)     Total                          Min: 0, Avg:  0.0, Max: 0, Diff: 0, Sum: 0, Workers: 4
[1133.809s][debug][gc,phases      ] GC(46)   Weak JFR Old Object Samples    Min:  0.0, Avg:  0.0, Max:  0.0, Diff:  0.0, Sum:  0.0, Workers: 4
[1133.809s][debug][gc,phases      ] GC(46)     Dead                           Min: 0, Avg:  0.0, Max: 0, Diff: 0, Sum: 0, Workers: 4
[1133.809s][debug][gc,phases      ] GC(46)     Total                          Min: 0, Avg:  0.0, Max: 0, Diff: 0, Sum: 0, Workers: 4
[1133.809s][debug][gc,phases      ] GC(46) Weak Processing 0.339ms
[1133.809s][debug][gc,phases      ] GC(46) ClassLoaderData 0.104ms
[1133.809s][debug][gc,phases      ] GC(46) Trigger cleanups 0.000ms
[1133.828s][debug][gc,phases      ] GC(46) Class Unloading 18.505ms
[1133.828s][info ][gc,phases      ] GC(46) Marking Phase 131.551ms
[1133.828s][info ][gc,phases,start] GC(46) Summary Phase
[1133.828s][info ][gc,phases      ] GC(46) Summary Phase 0.017ms
[1133.828s][info ][gc,phases,start] GC(46) Adjust Roots
[1133.843s][info ][gc,phases      ] GC(46) Adjust Roots 15.531ms
[1133.843s][info ][gc,phases,start] GC(46) Compaction Phase
[1134.027s][info ][gc,phases      ] GC(46) Compaction Phase 183.321ms
[1134.027s][info ][gc,phases,start] GC(46) Post Compact
[1134.028s][info ][gc,phases      ] GC(46) Post Compact 1.282ms
[1134.028s][info ][gc,heap        ] GC(46) PSYoungGen: 69297K(1858560K)->5695K(1858560K) Eden: 0K(1641472K)->0K(1641472K) From: 69297K(217088K)->5695K(217088K)
[1134.028s][info ][gc,heap        ] GC(46) ParOldGen: 398721K(432128K)->431885K(559616K)
[1134.028s][info ][gc,metaspace   ] GC(46) Metaspace: 82956K(84032K)->82956K(84032K) NonClass: 71161K(71744K)->71161K(71744K) Class: 11794K(12288K)->11794K(12288K)
[1134.028s][info ][gc             ] GC(46) Pause Full (Ergonomics) 457M->427M(2361M) 331.983ms
[1134.028s][info ][gc,cpu         ] GC(46) User=1.20s Sys=0.01s Real=0.33s
[1134.028s][info ][safepoint      ] Safepoint "ParallelGCFailedAllocation", Time since last: 1025189629 ns, Reaching safepoint: 93700 ns, At safepoint: 371203203 ns, Total: 371296903 ns
[1135.028s][info ][safepoint      ] Safepoint "Cleanup", Time since last: 1000119070 ns, Reaching safepoint: 45900 ns, At safepoint: 4000 ns, Total: 49900 ns
[1136.029s][info ][safepoint      ] Safepoint "Cleanup", Time since last: 1000143570 ns, Reaching safepoint: 58300 ns, At safepoint: 3200 ns, Total: 61500 ns
[1137.029s][info ][safepoint      ] Safepoint "Cleanup", Time since last: 1000133054 ns, Reaching safepoint: 56900 ns, At safepoint: 6400 ns, Total: 63300 ns
[1139.029s][info ][safepoint      ] Safepoint "Cleanup", Time since last: 2000205535 ns, Reaching safepoint: 57000 ns, At safepoint: 5800 ns, Total: 62800 ns
[1142.029s][info ][safepoint      ] Safepoint "Cleanup", Time since last: 3000286003 ns, Reaching safepoint: 57100 ns, At safepoint: 4900 ns, Total: 62000 ns
[1143.030s][info ][safepoint      ] Safepoint "Cleanup", Time since last: 1000107068 ns, Reaching safepoint: 54700 ns, At safepoint: 7100 ns, Total: 61800 ns
[1145.030s][info ][safepoint      ] Safepoint "Cleanup", Time since last: 2000179298 ns, Reaching safepoint: 49500 ns, At safepoint: 2900 ns, Total: 52400 ns
[1146.030s][info ][safepoint      ] Safepoint "Cleanup", Time since last: 1000104996 ns, Reaching safepoint: 43200 ns, At safepoint: 2700 ns, Total: 45900 ns
[1148.030s][info ][safepoint      ] Safepoint "Cleanup", Time since last: 2000190692 ns, Reaching safepoint: 46500 ns, At safepoint: 2800 ns, Total: 49300 ns
[1149.030s][info ][safepoint      ] Safepoint "Cleanup", Time since last: 1000099596 ns, Reaching safepoint: 39000 ns, At safepoint: 3100 ns, Total: 42100 ns
[1151.031s][info ][safepoint      ] Safepoint "Cleanup", Time since last: 2000217192 ns, Reaching safepoint: 47900 ns, At safepoint: 3800 ns, Total: 51700 ns
[1152.031s][info ][safepoint      ] Safepoint "Cleanup", Time since last: 1000103296 ns, Reaching safepoint: 28400 ns, At safepoint: 2900 ns, Total: 31300 ns
[1155.031s][info ][safepoint      ] Safepoint "Cleanup", Time since last: 3000255785 ns, Reaching safepoint: 38500 ns, At safepoint: 2700 ns, Total: 41200 ns
[1157.031s][info ][safepoint      ] Safepoint "Cleanup", Time since last: 2000218821 ns, Reaching safepoint: 48800 ns, At safepoint: 7600 ns, Total: 56400 ns
[1158.032s][info ][safepoint      ] Safepoint "Cleanup", Time since last: 1000134761 ns, Reaching safepoint: 126400 ns, At safepoint: 5500 ns, Total: 131900 ns
[1165.032s][info ][safepoint      ] Safepoint "Cleanup", Time since last: 7000485981 ns, Reaching safepoint: 41500 ns, At safepoint: 3300 ns, Total: 44800 ns
[1166.032s][info ][safepoint      ] Safepoint "Cleanup", Time since last: 1000110410 ns, Reaching safepoint: 39500 ns, At safepoint: 2700 ns, Total: 42200 ns
[1167.032s][info ][safepoint      ] Safepoint "Cleanup", Time since last: 1000102250 ns, Reaching safepoint: 36400 ns, At safepoint: 2600 ns, Total: 39000 ns
[1170.033s][info ][safepoint      ] Safepoint "Cleanup", Time since last: 3000223816 ns, Reaching safepoint: 40900 ns, At safepoint: 2900 ns, Total: 43800 ns
[1173.033s][info ][safepoint      ] Safepoint "Cleanup", Time since last: 3000258362 ns, Reaching safepoint: 65500 ns, At safepoint: 6200 ns, Total: 71700 ns
[1174.033s][info ][safepoint      ] Safepoint "Cleanup", Time since last: 1000105154 ns, Reaching safepoint: 51000 ns, At safepoint: 6700 ns, Total: 57700 ns
[1175.033s][info ][safepoint      ] Safepoint "Cleanup", Time since last: 1000101254 ns, Reaching safepoint: 53500 ns, At safepoint: 5701 ns, Total: 59201 ns
[1176.033s][info ][safepoint      ] Safepoint "Cleanup", Time since last: 1000103647 ns, Reaching safepoint: 43000 ns, At safepoint: 8700 ns, Total: 51700 ns
[1177.400s][info ][safepoint      ] Safepoint "ParallelGCFailedAllocation", Time since last: 1366266810 ns, Reaching safepoint: 112000 ns, At safepoint: 11401 ns, Total: 123401 ns
[1177.401s][info ][gc,start       ] GC(47) Pause Young (GCLocker Initiated GC)
[1177.446s][debug][gc,phases      ] GC(47) Scavenge 45.020ms
[1177.446s][debug][gc,ref         ] GC(47) Skipped phase 1 of Reference Processing: no references
[1177.446s][debug][gc,ref         ] GC(47) ReferenceProcessor::execute queues: 1, RefProcThreadModel::Single, marks_oops_alive: false
[1177.446s][debug][gc,ref         ] GC(47) Skipped phase 3 of Reference Processing: no references
[1177.446s][debug][gc,ref         ] GC(47) ReferenceProcessor::execute queues: 1, RefProcThreadModel::Single, marks_oops_alive: false
[1177.446s][debug][gc,phases      ] GC(47) Reference Processing 0.099ms
[1177.446s][debug][gc,phases      ] GC(47)   VM Weak                        Min:  0.0, Avg:  0.0, Max:  0.0, Diff:  0.0, Sum:  0.0, Workers: 4
[1177.446s][debug][gc,phases      ] GC(47)     Dead                           Min: 0, Avg:  0.0, Max: 0, Diff: 0, Sum: 0, Workers: 4
[1177.446s][debug][gc,phases      ] GC(47)     Total                          Min: 0, Avg: 233.8, Max: 487, Diff: 487, Sum: 935, Workers: 4
[1177.446s][debug][gc,phases      ] GC(47)   ObjectSynchronizer Weak        Min:  0.0, Avg:  0.0, Max:  0.0, Diff:  0.0, Sum:  0.0, Workers: 4
[1177.446s][debug][gc,phases      ] GC(47)     Dead                           Min: 0, Avg:  0.0, Max: 0, Diff: 0, Sum: 0, Workers: 4
[1177.446s][debug][gc,phases      ] GC(47)     Total                          Min: 0, Avg: 14.0, Max: 56, Diff: 56, Sum: 56, Workers: 4
[1177.446s][debug][gc,phases      ] GC(47)   JVMTI Tag Weak OopStorage      Min:  0.0, Avg:  0.0, Max:  0.0, Diff:  0.0, Sum:  0.0, Workers: 4
[1177.446s][debug][gc,phases      ] GC(47)     Dead                           Min: 0, Avg:  0.0, Max: 0, Diff: 0, Sum: 0, Workers: 4
[1177.446s][debug][gc,phases      ] GC(47)     Total                          Min: 0, Avg:  0.0, Max: 0, Diff: 0, Sum: 0, Workers: 4
[1177.446s][debug][gc,phases      ] GC(47)   StringTable Weak               Min:  0.0, Avg:  0.1, Max:  0.1, Diff:  0.1, Sum:  0.3, Workers: 4
[1177.446s][debug][gc,phases      ] GC(47)     Dead                           Min: 0, Avg:  0.5, Max: 2, Diff: 2, Sum: 2, Workers: 4
[1177.446s][debug][gc,phases      ] GC(47)     Total                          Min: 0, Avg: 10936.5, Max: 18338, Diff: 18338, Sum: 43746, Workers: 4
[1177.446s][debug][gc,phases      ] GC(47)   ResolvedMethodTable Weak       Min:  0.0, Avg:  0.0, Max:  0.0, Diff:  0.0, Sum:  0.1, Workers: 4
[1177.446s][debug][gc,phases      ] GC(47)     Dead                           Min: 0, Avg:  0.0, Max: 0, Diff: 0, Sum: 0, Workers: 4
[1177.446s][debug][gc,phases      ] GC(47)     Total                          Min: 0, Avg: 2420.8, Max: 4051, Diff: 4051, Sum: 9683, Workers: 4
[1177.446s][debug][gc,phases      ] GC(47)   JNI Weak                       Min:  0.0, Avg:  0.0, Max:  0.0, Diff:  0.0, Sum:  0.0, Workers: 4
[1177.446s][debug][gc,phases      ] GC(47)     Dead                           Min: 0, Avg:  0.0, Max: 0, Diff: 0, Sum: 0, Workers: 4
[1177.446s][debug][gc,phases      ] GC(47)     Total                          Min: 0, Avg: 11.2, Max: 45, Diff: 45, Sum: 45, Workers: 4
[1177.446s][debug][gc,phases      ] GC(47)   StringDedup Table Weak         Min:  0.0, Avg:  0.0, Max:  0.0, Diff:  0.0, Sum:  0.0, Workers: 4
[1177.446s][debug][gc,phases      ] GC(47)     Dead                           Min: 0, Avg:  0.0, Max: 0, Diff: 0, Sum: 0, Workers: 4
[1177.446s][debug][gc,phases      ] GC(47)     Total                          Min: 0, Avg:  0.0, Max: 0, Diff: 0, Sum: 0, Workers: 4
[1177.446s][debug][gc,phases      ] GC(47)   StringDedup Requests0 Weak     Min:  0.0, Avg:  0.0, Max:  0.0, Diff:  0.0, Sum:  0.0, Workers: 4
[1177.446s][debug][gc,phases      ] GC(47)     Dead                           Min: 0, Avg:  0.0, Max: 0, Diff: 0, Sum: 0, Workers: 4
[1177.446s][debug][gc,phases      ] GC(47)     Total                          Min: 0, Avg:  0.0, Max: 0, Diff: 0, Sum: 0, Workers: 4
[1177.446s][debug][gc,phases      ] GC(47)   StringDedup Requests1 Weak     Min:  0.0, Avg:  0.0, Max:  0.0, Diff:  0.0, Sum:  0.0, Workers: 4
[1177.446s][debug][gc,phases      ] GC(47)     Dead                           Min: 0, Avg:  0.0, Max: 0, Diff: 0, Sum: 0, Workers: 4
[1177.446s][debug][gc,phases      ] GC(47)     Total                          Min: 0, Avg:  0.0, Max: 0, Diff: 0, Sum: 0, Workers: 4
[1177.446s][debug][gc,phases      ] GC(47)   Weak JFR Old Object Samples    Min:  0.0, Avg:  0.0, Max:  0.0, Diff:  0.0, Sum:  0.0, Workers: 4
[1177.446s][debug][gc,phases      ] GC(47)     Dead                           Min: 0, Avg:  0.0, Max: 0, Diff: 0, Sum: 0, Workers: 4
[1177.446s][debug][gc,phases      ] GC(47)     Total                          Min: 0, Avg:  0.0, Max: 0, Diff: 0, Sum: 0, Workers: 4
[1177.446s][debug][gc,phases      ] GC(47) Weak Processing 0.300ms
[1177.446s][debug][gc,age         ] GC(47) Desired survivor size 250085376 bytes, new threshold 15 (max threshold 15)
[1177.446s][info ][gc,heap        ] GC(47) PSYoungGen: 1647167K(1858560K)->13863K(1655808K) Eden: 1641472K(1641472K)->0K(1641472K) From: 5695K(217088K)->13863K(14336K)
[1177.446s][info ][gc,heap        ] GC(47) ParOldGen: 431984K(559616K)->434000K(559616K)
[1177.446s][info ][gc,metaspace   ] GC(47) Metaspace: 83023K(84160K)->83023K(84160K) NonClass: 71218K(71808K)->71218K(71808K) Class: 11804K(12352K)->11804K(12352K)
[1177.446s][info ][gc             ] GC(47) Pause Young (GCLocker Initiated GC) 2030M->437M(2163M) 45.509ms
[1177.447s][info ][gc,cpu         ] GC(47) User=0.17s Sys=0.00s Real=0.04s
[1177.447s][info ][safepoint      ] Safepoint "ParallelGCSystemGC", Time since last: 1036903 ns, Reaching safepoint: 93000 ns, At safepoint: 45567738 ns, Total: 45660738 ns
[1178.447s][info ][safepoint      ] Safepoint "Cleanup", Time since last: 1000075934 ns, Reaching safepoint: 61401 ns, At safepoint: 4800 ns, Total: 66201 ns
[1179.447s][info ][safepoint      ] Safepoint "Cleanup", Time since last: 1000115734 ns, Reaching safepoint: 41400 ns, At safepoint: 3000 ns, Total: 44400 ns
[1181.447s][info ][safepoint      ] Safepoint "Cleanup", Time since last: 2000161368 ns, Reaching safepoint: 81501 ns, At safepoint: 6500 ns, Total: 88001 ns
[1182.830s][info ][safepoint      ] Safepoint "Cleanup", Time since last: 1382960395 ns, Reaching safepoint: 82901 ns, At safepoint: 3100 ns, Total: 86001 ns
[1185.717s][info ][safepoint      ] Safepoint "Cleanup", Time since last: 2886851975 ns, Reaching safepoint: 57400 ns, At safepoint: 5200 ns, Total: 62600 ns
[1186.717s][info ][safepoint      ] Safepoint "Cleanup", Time since last: 1000128691 ns, Reaching safepoint: 30100 ns, At safepoint: 3300 ns, Total: 33400 ns
[1189.718s][info ][safepoint      ] Safepoint "Cleanup", Time since last: 3000247970 ns, Reaching safepoint: 45301 ns, At safepoint: 8100 ns, Total: 53401 ns
[1190.718s][info ][safepoint      ] Safepoint "Cleanup", Time since last: 1000111790 ns, Reaching safepoint: 45800 ns, At safepoint: 5800 ns, Total: 51600 ns
[1192.718s][info ][safepoint      ] Safepoint "Cleanup", Time since last: 2000167832 ns, Reaching safepoint: 43300 ns, At safepoint: 2400 ns, Total: 45700 ns
[1193.718s][info ][safepoint      ] Safepoint "Cleanup", Time since last: 1000112125 ns, Reaching safepoint: 118400 ns, At safepoint: 2700 ns, Total: 121100 ns
[1198.719s][info ][safepoint      ] Safepoint "Cleanup", Time since last: 5000397525 ns, Reaching safepoint: 35201 ns, At safepoint: 2900 ns, Total: 38101 ns
[1199.719s][info ][safepoint      ] Safepoint "Cleanup", Time since last: 1000122225 ns, Reaching safepoint: 48200 ns, At safepoint: 24900 ns, Total: 73100 ns
[1200.719s][info ][safepoint      ] Safepoint "Cleanup", Time since last: 1000085719 ns, Reaching safepoint: 49200 ns, At safepoint: 3500 ns, Total: 52700 ns
[1201.719s][info ][safepoint      ] Safepoint "Cleanup", Time since last: 1000107632 ns, Reaching safepoint: 47700 ns, At safepoint: 7100 ns, Total: 54800 ns
[1202.719s][info ][safepoint      ] Safepoint "Cleanup", Time since last: 1000099831 ns, Reaching safepoint: 50500 ns, At safepoint: 3100 ns, Total: 53600 ns
[1204.719s][info ][safepoint      ] Safepoint "Cleanup", Time since last: 2000185406 ns, Reaching safepoint: 45400 ns, At safepoint: 6500 ns, Total: 51900 ns
[1205.720s][info ][safepoint      ] Safepoint "Cleanup", Time since last: 1000065106 ns, Reaching safepoint: 38400 ns, At safepoint: 4800 ns, Total: 43200 ns
[1206.720s][info ][safepoint      ] Safepoint "Cleanup", Time since last: 1000088506 ns, Reaching safepoint: 41400 ns, At safepoint: 2700 ns, Total: 44100 ns
[1207.852s][info ][safepoint      ] Safepoint "Cleanup", Time since last: 1132158263 ns, Reaching safepoint: 40900 ns, At safepoint: 2800 ns, Total: 43700 ns
[1210.852s][info ][safepoint      ] Safepoint "Cleanup", Time since last: 3000266624 ns, Reaching safepoint: 41400 ns, At safepoint: 3800 ns, Total: 45200 ns
[1211.881s][info ][safepoint      ] Safepoint "ParallelGCFailedAllocation", Time since last: 1028795380 ns, Reaching safepoint: 20201 ns, At safepoint: 7300 ns, Total: 27501 ns
[1211.881s][info ][gc,start       ] GC(48) Pause Young (GCLocker Initiated GC)
[1211.890s][debug][gc,phases      ] GC(48) Scavenge 8.489ms
[1211.890s][debug][gc,ref         ] GC(48) Skipped phase 1 of Reference Processing: no references
[1211.890s][debug][gc,ref         ] GC(48) ReferenceProcessor::execute queues: 1, RefProcThreadModel::Single, marks_oops_alive: false
[1211.890s][debug][gc,ref         ] GC(48) Skipped phase 3 of Reference Processing: no references
[1211.890s][debug][gc,ref         ] GC(48) ReferenceProcessor::execute queues: 1, RefProcThreadModel::Single, marks_oops_alive: false
[1211.890s][debug][gc,phases      ] GC(48) Reference Processing 0.111ms
[1211.890s][debug][gc,phases      ] GC(48)   VM Weak                        Min:  0.0, Avg:  0.0, Max:  0.0, Diff:  0.0, Sum:  0.0, Workers: 4
[1211.890s][debug][gc,phases      ] GC(48)     Dead                           Min: 0, Avg:  0.0, Max: 0, Diff: 0, Sum: 0, Workers: 4
[1211.890s][debug][gc,phases      ] GC(48)     Total                          Min: 0, Avg: 233.8, Max: 768, Diff: 768, Sum: 935, Workers: 4
[1211.890s][debug][gc,phases      ] GC(48)   ObjectSynchronizer Weak        Min:  0.0, Avg:  0.0, Max:  0.0, Diff:  0.0, Sum:  0.0, Workers: 4
[1211.890s][debug][gc,phases      ] GC(48)     Dead                           Min: 0, Avg:  0.0, Max: 0, Diff: 0, Sum: 0, Workers: 4
[1211.890s][debug][gc,phases      ] GC(48)     Total                          Min: 0, Avg: 14.0, Max: 56, Diff: 56, Sum: 56, Workers: 4
[1211.890s][debug][gc,phases      ] GC(48)   JVMTI Tag Weak OopStorage      Min:  0.0, Avg:  0.0, Max:  0.0, Diff:  0.0, Sum:  0.0, Workers: 4
[1211.890s][debug][gc,phases      ] GC(48)     Dead                           Min: 0, Avg:  0.0, Max: 0, Diff: 0, Sum: 0, Workers: 4
[1211.890s][debug][gc,phases      ] GC(48)     Total                          Min: 0, Avg:  0.0, Max: 0, Diff: 0, Sum: 0, Workers: 4
[1211.890s][debug][gc,phases      ] GC(48)   StringTable Weak               Min:  0.0, Avg:  0.1, Max:  0.1, Diff:  0.1, Sum:  0.3, Workers: 4
[1211.890s][debug][gc,phases      ] GC(48)     Dead                           Min: 0, Avg:  0.2, Max: 1, Diff: 1, Sum: 1, Workers: 4
[1211.890s][debug][gc,phases      ] GC(48)     Total                          Min: 0, Avg: 10938.2, Max: 18731, Diff: 18731, Sum: 43753, Workers: 4
[1211.890s][debug][gc,phases      ] GC(48)   ResolvedMethodTable Weak       Min:  0.0, Avg:  0.0, Max:  0.0, Diff:  0.0, Sum:  0.1, Workers: 4
[1211.890s][debug][gc,phases      ] GC(48)     Dead                           Min: 0, Avg:  0.0, Max: 0, Diff: 0, Sum: 0, Workers: 4
[1211.890s][debug][gc,phases      ] GC(48)     Total                          Min: 0, Avg: 2421.5, Max: 3990, Diff: 3990, Sum: 9686, Workers: 4
[1211.890s][debug][gc,phases      ] GC(48)   JNI Weak                       Min:  0.0, Avg:  0.0, Max:  0.0, Diff:  0.0, Sum:  0.0, Workers: 4
[1211.890s][debug][gc,phases      ] GC(48)     Dead                           Min: 0, Avg:  0.0, Max: 0, Diff: 0, Sum: 0, Workers: 4
[1211.890s][debug][gc,phases      ] GC(48)     Total                          Min: 0, Avg: 11.2, Max: 45, Diff: 45, Sum: 45, Workers: 4
[1211.890s][debug][gc,phases      ] GC(48)   StringDedup Table Weak         Min:  0.0, Avg:  0.0, Max:  0.0, Diff:  0.0, Sum:  0.0, Workers: 4
[1211.890s][debug][gc,phases      ] GC(48)     Dead                           Min: 0, Avg:  0.0, Max: 0, Diff: 0, Sum: 0, Workers: 4
[1211.890s][debug][gc,phases      ] GC(48)     Total                          Min: 0, Avg:  0.0, Max: 0, Diff: 0, Sum: 0, Workers: 4
[1211.890s][debug][gc,phases      ] GC(48)   StringDedup Requests0 Weak     Min:  0.0, Avg:  0.0, Max:  0.0, Diff:  0.0, Sum:  0.0, Workers: 4
[1211.890s][debug][gc,phases      ] GC(48)     Dead                           Min: 0, Avg:  0.0, Max: 0, Diff: 0, Sum: 0, Workers: 4
[1211.890s][debug][gc,phases      ] GC(48)     Total                          Min: 0, Avg:  0.0, Max: 0, Diff: 0, Sum: 0, Workers: 4
[1211.890s][debug][gc,phases      ] GC(48)   StringDedup Requests1 Weak     Min:  0.0, Avg:  0.0, Max:  0.0, Diff:  0.0, Sum:  0.0, Workers: 4
[1211.890s][debug][gc,phases      ] GC(48)     Dead                           Min: 0, Avg:  0.0, Max: 0, Diff: 0, Sum: 0, Workers: 4
[1211.890s][debug][gc,phases      ] GC(48)     Total                          Min: 0, Avg:  0.0, Max: 0, Diff: 0, Sum: 0, Workers: 4
[1211.890s][debug][gc,phases      ] GC(48)   Weak JFR Old Object Samples    Min:  0.0, Avg:  0.0, Max:  0.0, Diff:  0.0, Sum:  0.0, Workers: 4
[1211.890s][debug][gc,phases      ] GC(48)     Dead                           Min: 0, Avg:  0.0, Max: 0, Diff: 0, Sum: 0, Workers: 4
[1211.890s][debug][gc,phases      ] GC(48)     Total                          Min: 0, Avg:  0.0, Max: 0, Diff: 0, Sum: 0, Workers: 4
[1211.890s][debug][gc,phases      ] GC(48) Weak Processing 0.307ms
[1211.890s][debug][gc,age         ] GC(48) Desired survivor size 260046848 bytes, new threshold 15 (max threshold 15)
[1211.890s][info ][gc,heap        ] GC(48) PSYoungGen: 1655335K(1655808K)->22886K(1833472K) Eden: 1641472K(1641472K)->0K(1589248K) From: 13863K(14336K)->22886K(244224K)
[1211.890s][info ][gc,heap        ] GC(48) ParOldGen: 434088K(559616K)->434120K(559616K)
[1211.890s][info ][gc,metaspace   ] GC(48) Metaspace: 83059K(84160K)->83059K(84160K) NonClass: 71252K(71808K)->71252K(71808K) Class: 11806K(12352K)->11806K(12352K)
[1211.890s][info ][gc             ] GC(48) Pause Young (GCLocker Initiated GC) 2040M->446M(2337M) 8.999ms
[1211.891s][info ][gc,cpu         ] GC(48) User=0.04s Sys=0.00s Real=0.01s
[1211.891s][info ][safepoint      ] Safepoint "ParallelGCSystemGC", Time since last: 430200 ns, Reaching safepoint: 16000 ns, At safepoint: 9058603 ns, Total: 9074603 ns
[1212.891s][info ][safepoint      ] Safepoint "Cleanup", Time since last: 1000077870 ns, Reaching safepoint: 38500 ns, At safepoint: 2500 ns, Total: 41000 ns
[1213.891s][info ][safepoint      ] Safepoint "Cleanup", Time since last: 1000112069 ns, Reaching safepoint: 48400 ns, At safepoint: 3700 ns, Total: 52100 ns
[1214.891s][info ][safepoint      ] Safepoint "Cleanup", Time since last: 1000111270 ns, Reaching safepoint: 41100 ns, At safepoint: 3100 ns, Total: 44200 ns
[1215.891s][info ][safepoint      ] Safepoint "Cleanup", Time since last: 1000098569 ns, Reaching safepoint: 40300 ns, At safepoint: 2600 ns, Total: 42900 ns
[1217.891s][info ][safepoint      ] Safepoint "Cleanup", Time since last: 2000153808 ns, Reaching safepoint: 42700 ns, At safepoint: 3700 ns, Total: 46400 ns
[1219.892s][info ][safepoint      ] Safepoint "Cleanup", Time since last: 2000159937 ns, Reaching safepoint: 38200 ns, At safepoint: 3100 ns, Total: 41300 ns
[1220.892s][info ][safepoint      ] Safepoint "Cleanup", Time since last: 1000104318 ns, Reaching safepoint: 46200 ns, At safepoint: 3100 ns, Total: 49300 ns
[1221.892s][info ][safepoint      ] Safepoint "Cleanup", Time since last: 1000105758 ns, Reaching safepoint: 44900 ns, At safepoint: 3000 ns, Total: 47900 ns
[1222.892s][info ][safepoint      ] Safepoint "Cleanup", Time since last: 1000105965 ns, Reaching safepoint: 47600 ns, At safepoint: 2700 ns, Total: 50300 ns
[1224.892s][info ][safepoint      ] Safepoint "Cleanup", Time since last: 2000166280 ns, Reaching safepoint: 64998 ns, At safepoint: 2600 ns, Total: 67598 ns
[1225.892s][info ][safepoint      ] Safepoint "Cleanup", Time since last: 1000103784 ns, Reaching safepoint: 64198 ns, At safepoint: 2600 ns, Total: 66798 ns
[1226.893s][info ][safepoint      ] Safepoint "Cleanup", Time since last: 1000094083 ns, Reaching safepoint: 52799 ns, At safepoint: 2800 ns, Total: 55599 ns
[1230.893s][info ][safepoint      ] Safepoint "Cleanup", Time since last: 4000294354 ns, Reaching safepoint: 42200 ns, At safepoint: 22900 ns, Total: 65100 ns
[1232.893s][info ][safepoint      ] Safepoint "Cleanup", Time since last: 2000167292 ns, Reaching safepoint: 49699 ns, At safepoint: 4100 ns, Total: 53799 ns
[1233.893s][info ][safepoint      ] Safepoint "Cleanup", Time since last: 1000112120 ns, Reaching safepoint: 42599 ns, At safepoint: 2700 ns, Total: 45299 ns
[1234.893s][info ][safepoint      ] Safepoint "Cleanup", Time since last: 1000102899 ns, Reaching safepoint: 41200 ns, At safepoint: 2400 ns, Total: 43600 ns
[1236.894s][info ][safepoint      ] Safepoint "Cleanup", Time since last: 2000177197 ns, Reaching safepoint: 59300 ns, At safepoint: 2800 ns, Total: 62100 ns
[1238.894s][info ][safepoint      ] Safepoint "Cleanup", Time since last: 2000171796 ns, Reaching safepoint: 43800 ns, At safepoint: 2800 ns, Total: 46600 ns
[1249.895s][info ][safepoint      ] Safepoint "Cleanup", Time since last: 11000736118 ns, Reaching safepoint: 35500 ns, At safepoint: 2500 ns, Total: 38000 ns
[1250.809s][info ][gc,start       ] GC(49) Pause Young (Allocation Failure)
[1250.816s][debug][gc,phases      ] GC(49) Scavenge 6.705ms
[1250.816s][debug][gc,ref         ] GC(49) Skipped phase 1 of Reference Processing: no references
[1250.816s][debug][gc,ref         ] GC(49) ReferenceProcessor::execute queues: 1, RefProcThreadModel::Single, marks_oops_alive: false
[1250.816s][debug][gc,ref         ] GC(49) Skipped phase 3 of Reference Processing: no references
[1250.816s][debug][gc,ref         ] GC(49) ReferenceProcessor::execute queues: 1, RefProcThreadModel::Single, marks_oops_alive: false
[1250.816s][debug][gc,phases      ] GC(49) Reference Processing 0.107ms
[1250.816s][debug][gc,phases      ] GC(49)   VM Weak                        Min:  0.0, Avg:  0.0, Max:  0.0, Diff:  0.0, Sum:  0.0, Workers: 4
[1250.816s][debug][gc,phases      ] GC(49)     Dead                           Min: 0, Avg:  0.0, Max: 0, Diff: 0, Sum: 0, Workers: 4
[1250.816s][debug][gc,phases      ] GC(49)     Total                          Min: 0, Avg: 233.8, Max: 935, Diff: 935, Sum: 935, Workers: 4
[1250.816s][debug][gc,phases      ] GC(49)   ObjectSynchronizer Weak        Min:  0.0, Avg:  0.0, Max:  0.0, Diff:  0.0, Sum:  0.0, Workers: 4
[1250.816s][debug][gc,phases      ] GC(49)     Dead                           Min: 0, Avg:  0.0, Max: 0, Diff: 0, Sum: 0, Workers: 4
[1250.816s][debug][gc,phases      ] GC(49)     Total                          Min: 0, Avg: 14.0, Max: 56, Diff: 56, Sum: 56, Workers: 4
[1250.816s][debug][gc,phases      ] GC(49)   JVMTI Tag Weak OopStorage      Min:  0.0, Avg:  0.0, Max:  0.0, Diff:  0.0, Sum:  0.0, Workers: 4
[1250.816s][debug][gc,phases      ] GC(49)     Dead                           Min: 0, Avg:  0.0, Max: 0, Diff: 0, Sum: 0, Workers: 4
[1250.816s][debug][gc,phases      ] GC(49)     Total                          Min: 0, Avg:  0.0, Max: 0, Diff: 0, Sum: 0, Workers: 4
[1250.816s][debug][gc,phases      ] GC(49)   StringTable Weak               Min:  0.0, Avg:  0.1, Max:  0.1, Diff:  0.1, Sum:  0.3, Workers: 4
[1250.816s][debug][gc,phases      ] GC(49)     Dead                           Min: 0, Avg:  0.2, Max: 1, Diff: 1, Sum: 1, Workers: 4
[1250.816s][debug][gc,phases      ] GC(49)     Total                          Min: 0, Avg: 10939.2, Max: 19647, Diff: 19647, Sum: 43757, Workers: 4
[1250.816s][debug][gc,phases      ] GC(49)   ResolvedMethodTable Weak       Min:  0.0, Avg:  0.0, Max:  0.0, Diff:  0.0, Sum:  0.1, Workers: 4
[1250.816s][debug][gc,phases      ] GC(49)     Dead                           Min: 0, Avg:  0.0, Max: 0, Diff: 0, Sum: 0, Workers: 4
[1250.816s][debug][gc,phases      ] GC(49)     Total                          Min: 0, Avg: 2422.5, Max: 4058, Diff: 4058, Sum: 9690, Workers: 4
[1250.816s][debug][gc,phases      ] GC(49)   JNI Weak                       Min:  0.0, Avg:  0.0, Max:  0.0, Diff:  0.0, Sum:  0.0, Workers: 4
[1250.816s][debug][gc,phases      ] GC(49)     Dead                           Min: 0, Avg:  0.0, Max: 0, Diff: 0, Sum: 0, Workers: 4
[1250.816s][debug][gc,phases      ] GC(49)     Total                          Min: 0, Avg: 11.2, Max: 45, Diff: 45, Sum: 45, Workers: 4
[1250.816s][debug][gc,phases      ] GC(49)   StringDedup Table Weak         Min:  0.0, Avg:  0.0, Max:  0.0, Diff:  0.0, Sum:  0.0, Workers: 4
[1250.816s][debug][gc,phases      ] GC(49)     Dead                           Min: 0, Avg:  0.0, Max: 0, Diff: 0, Sum: 0, Workers: 4
[1250.816s][debug][gc,phases      ] GC(49)     Total                          Min: 0, Avg:  0.0, Max: 0, Diff: 0, Sum: 0, Workers: 4
[1250.816s][debug][gc,phases      ] GC(49)   StringDedup Requests0 Weak     Min:  0.0, Avg:  0.0, Max:  0.0, Diff:  0.0, Sum:  0.0, Workers: 4
[1250.816s][debug][gc,phases      ] GC(49)     Dead                           Min: 0, Avg:  0.0, Max: 0, Diff: 0, Sum: 0, Workers: 4
[1250.816s][debug][gc,phases      ] GC(49)     Total                          Min: 0, Avg:  0.0, Max: 0, Diff: 0, Sum: 0, Workers: 4
[1250.816s][debug][gc,phases      ] GC(49)   StringDedup Requests1 Weak     Min:  0.0, Avg:  0.0, Max:  0.0, Diff:  0.0, Sum:  0.0, Workers: 4
[1250.816s][debug][gc,phases      ] GC(49)     Dead                           Min: 0, Avg:  0.0, Max: 0, Diff: 0, Sum: 0, Workers: 4
[1250.816s][debug][gc,phases      ] GC(49)     Total                          Min: 0, Avg:  0.0, Max: 0, Diff: 0, Sum: 0, Workers: 4
[1250.816s][debug][gc,phases      ] GC(49)   Weak JFR Old Object Samples    Min:  0.0, Avg:  0.0, Max:  0.0, Diff:  0.0, Sum:  0.0, Workers: 4
[1250.816s][debug][gc,phases      ] GC(49)     Dead                           Min: 0, Avg:  0.0, Max: 0, Diff: 0, Sum: 0, Workers: 4
[1250.816s][debug][gc,phases      ] GC(49)     Total                          Min: 0, Avg:  0.0, Max: 0, Diff: 0, Sum: 0, Workers: 4
[1250.816s][debug][gc,phases      ] GC(49) Weak Processing 0.309ms
[1250.816s][debug][gc,age         ] GC(49) Desired survivor size 266338304 bytes, new threshold 15 (max threshold 15)
[1250.816s][info ][gc,heap        ] GC(49) PSYoungGen: 1612134K(1833472K)->18400K(1607680K) Eden: 1589248K(1589248K)->0K(1589248K) From: 22886K(244224K)->18400K(18432K)
[1250.816s][info ][gc,heap        ] GC(49) ParOldGen: 434122K(559616K)->434154K(559616K)
[1250.816s][info ][gc,metaspace   ] GC(49) Metaspace: 83083K(84224K)->83083K(84224K) NonClass: 71274K(71872K)->71274K(71872K) Class: 11808K(12352K)->11808K(12352K)
[1250.816s][info ][gc             ] GC(49) Pause Young (Allocation Failure) 1998M->441M(2116M) 7.233ms
[1250.816s][info ][gc,cpu         ] GC(49) User=0.03s Sys=0.00s Real=0.01s
[1250.816s][info ][safepoint      ] Safepoint "ParallelGCFailedAllocation", Time since last: 914313037 ns, Reaching safepoint: 51300 ns, At safepoint: 7297687 ns, Total: 7348987 ns
[1255.817s][info ][safepoint      ] Safepoint "Cleanup", Time since last: 5000377607 ns, Reaching safepoint: 54300 ns, At safepoint: 3700 ns, Total: 58000 ns
[1261.817s][info ][safepoint      ] Safepoint "Cleanup", Time since last: 6000407800 ns, Reaching safepoint: 46300 ns, At safepoint: 28700 ns, Total: 75000 ns
[1262.817s][info ][safepoint      ] Safepoint "Cleanup", Time since last: 1000074669 ns, Reaching safepoint: 40700 ns, At safepoint: 3200 ns, Total: 43900 ns
[1263.817s][info ][safepoint      ] Safepoint "Cleanup", Time since last: 1000106069 ns, Reaching safepoint: 44200 ns, At safepoint: 2800 ns, Total: 47000 ns
[1264.818s][info ][safepoint      ] Safepoint "Cleanup", Time since last: 1000135568 ns, Reaching safepoint: 41700 ns, At safepoint: 3800 ns, Total: 45500 ns
[1267.818s][info ][safepoint      ] Safepoint "Cleanup", Time since last: 3000230398 ns, Reaching safepoint: 45200 ns, At safepoint: 6600 ns, Total: 51800 ns
[1270.818s][info ][safepoint      ] Safepoint "Cleanup", Time since last: 3000227498 ns, Reaching safepoint: 53100 ns, At safepoint: 3100 ns, Total: 56200 ns
[1271.818s][info ][safepoint      ] Safepoint "Cleanup", Time since last: 1000132165 ns, Reaching safepoint: 29000 ns, At safepoint: 3000 ns, Total: 32000 ns
[1273.819s][info ][safepoint      ] Safepoint "Cleanup", Time since last: 2000179568 ns, Reaching safepoint: 41500 ns, At safepoint: 2700 ns, Total: 44200 ns
[1276.819s][info ][safepoint      ] Safepoint "Cleanup", Time since last: 3000229867 ns, Reaching safepoint: 32200 ns, At safepoint: 2300 ns, Total: 34500 ns
[1283.819s][info ][safepoint      ] Safepoint "Cleanup", Time since last: 7000522225 ns, Reaching safepoint: 43400 ns, At safepoint: 2700 ns, Total: 46100 ns
[1285.820s][info ][safepoint      ] Safepoint "Cleanup", Time since last: 2000214016 ns, Reaching safepoint: 46400 ns, At safepoint: 3700 ns, Total: 50100 ns
[1288.858s][info ][gc,start       ] GC(50) Pause Young (Allocation Failure)
[1288.867s][debug][gc,phases      ] GC(50) Scavenge 8.260ms
[1288.867s][debug][gc,ref         ] GC(50) Skipped phase 1 of Reference Processing: no references
[1288.867s][debug][gc,ref         ] GC(50) ReferenceProcessor::execute queues: 1, RefProcThreadModel::Single, marks_oops_alive: false
[1288.867s][debug][gc,ref         ] GC(50) Skipped phase 3 of Reference Processing: no references
[1288.867s][debug][gc,ref         ] GC(50) ReferenceProcessor::execute queues: 1, RefProcThreadModel::Single, marks_oops_alive: false
[1288.867s][debug][gc,phases      ] GC(50) Reference Processing 0.101ms
[1288.867s][debug][gc,phases      ] GC(50)   VM Weak                        Min:  0.0, Avg:  0.0, Max:  0.0, Diff:  0.0, Sum:  0.0, Workers: 4
[1288.867s][debug][gc,phases      ] GC(50)     Dead                           Min: 0, Avg:  0.0, Max: 0, Diff: 0, Sum: 0, Workers: 4
[1288.867s][debug][gc,phases      ] GC(50)     Total                          Min: 0, Avg: 233.8, Max: 935, Diff: 935, Sum: 935, Workers: 4
[1288.867s][debug][gc,phases      ] GC(50)   ObjectSynchronizer Weak        Min:  0.0, Avg:  0.0, Max:  0.0, Diff:  0.0, Sum:  0.0, Workers: 4
[1288.867s][debug][gc,phases      ] GC(50)     Dead                           Min: 0, Avg:  0.0, Max: 0, Diff: 0, Sum: 0, Workers: 4
[1288.867s][debug][gc,phases      ] GC(50)     Total                          Min: 0, Avg: 14.0, Max: 56, Diff: 56, Sum: 56, Workers: 4
[1288.867s][debug][gc,phases      ] GC(50)   JVMTI Tag Weak OopStorage      Min:  0.0, Avg:  0.0, Max:  0.0, Diff:  0.0, Sum:  0.0, Workers: 4
[1288.867s][debug][gc,phases      ] GC(50)     Dead                           Min: 0, Avg:  0.0, Max: 0, Diff: 0, Sum: 0, Workers: 4
[1288.867s][debug][gc,phases      ] GC(50)     Total                          Min: 0, Avg:  0.0, Max: 0, Diff: 0, Sum: 0, Workers: 4
[1288.867s][debug][gc,phases      ] GC(50)   StringTable Weak               Min:  0.0, Avg:  0.1, Max:  0.1, Diff:  0.1, Sum:  0.4, Workers: 4
[1288.867s][debug][gc,phases      ] GC(50)     Dead                           Min: 0, Avg:  0.2, Max: 1, Diff: 1, Sum: 1, Workers: 4
[1288.867s][debug][gc,phases      ] GC(50)     Total                          Min: 0, Avg: 10940.2, Max: 18367, Diff: 18367, Sum: 43761, Workers: 4
[1288.867s][debug][gc,phases      ] GC(50)   ResolvedMethodTable Weak       Min:  0.0, Avg:  0.0, Max:  0.0, Diff:  0.0, Sum:  0.1, Workers: 4
[1288.867s][debug][gc,phases      ] GC(50)     Dead                           Min: 0, Avg:  0.0, Max: 0, Diff: 0, Sum: 0, Workers: 4
[1288.867s][debug][gc,phases      ] GC(50)     Total                          Min: 0, Avg: 2424.2, Max: 4096, Diff: 4096, Sum: 9697, Workers: 4
[1288.867s][debug][gc,phases      ] GC(50)   JNI Weak                       Min:  0.0, Avg:  0.0, Max:  0.0, Diff:  0.0, Sum:  0.0, Workers: 4
[1288.867s][debug][gc,phases      ] GC(50)     Dead                           Min: 0, Avg:  0.0, Max: 0, Diff: 0, Sum: 0, Workers: 4
[1288.867s][debug][gc,phases      ] GC(50)     Total                          Min: 0, Avg: 11.2, Max: 45, Diff: 45, Sum: 45, Workers: 4
[1288.867s][debug][gc,phases      ] GC(50)   StringDedup Table Weak         Min:  0.0, Avg:  0.0, Max:  0.0, Diff:  0.0, Sum:  0.0, Workers: 4
[1288.867s][debug][gc,phases      ] GC(50)     Dead                           Min: 0, Avg:  0.0, Max: 0, Diff: 0, Sum: 0, Workers: 4
[1288.867s][debug][gc,phases      ] GC(50)     Total                          Min: 0, Avg:  0.0, Max: 0, Diff: 0, Sum: 0, Workers: 4
[1288.867s][debug][gc,phases      ] GC(50)   StringDedup Requests0 Weak     Min:  0.0, Avg:  0.0, Max:  0.0, Diff:  0.0, Sum:  0.0, Workers: 4
[1288.867s][debug][gc,phases      ] GC(50)     Dead                           Min: 0, Avg:  0.0, Max: 0, Diff: 0, Sum: 0, Workers: 4
[1288.867s][debug][gc,phases      ] GC(50)     Total                          Min: 0, Avg:  0.0, Max: 0, Diff: 0, Sum: 0, Workers: 4
[1288.867s][debug][gc,phases      ] GC(50)   StringDedup Requests1 Weak     Min:  0.0, Avg:  0.0, Max:  0.0, Diff:  0.0, Sum:  0.0, Workers: 4
[1288.867s][debug][gc,phases      ] GC(50)     Dead                           Min: 0, Avg:  0.0, Max: 0, Diff: 0, Sum: 0, Workers: 4
[1288.867s][debug][gc,phases      ] GC(50)     Total                          Min: 0, Avg:  0.0, Max: 0, Diff: 0, Sum: 0, Workers: 4
[1288.867s][debug][gc,phases      ] GC(50)   Weak JFR Old Object Samples    Min:  0.0, Avg:  0.0, Max:  0.0, Diff:  0.0, Sum:  0.0, Workers: 4
[1288.867s][debug][gc,phases      ] GC(50)     Dead                           Min: 0, Avg:  0.0, Max: 0, Diff: 0, Sum: 0, Workers: 4
[1288.867s][debug][gc,phases      ] GC(50)     Total                          Min: 0, Avg:  0.0, Max: 0, Diff: 0, Sum: 0, Workers: 4
[1288.867s][debug][gc,phases      ] GC(50) Weak Processing 0.301ms
[1288.867s][debug][gc,age         ] GC(50) Desired survivor size 268959744 bytes, new threshold 15 (max threshold 15)
[1288.867s][info ][gc,heap        ] GC(50) PSYoungGen: 1607648K(1607680K)->18416K(1831936K) Eden: 1589248K(1589248K)->0K(1571840K) From: 18400K(18432K)->18416K(260096K)
[1288.867s][info ][gc,heap        ] GC(50) ParOldGen: 434154K(559616K)->434186K(559616K)
[1288.867s][info ][gc,metaspace   ] GC(50) Metaspace: 83111K(84224K)->83111K(84224K) NonClass: 71299K(71872K)->71299K(71872K) Class: 11811K(12352K)->11811K(12352K)
[1288.867s][info ][gc             ] GC(50) Pause Young (Allocation Failure) 1993M->441M(2335M) 8.782ms
[1288.867s][info ][gc,cpu         ] GC(50) User=0.03s Sys=0.00s Real=0.00s
[1288.867s][info ][safepoint      ] Safepoint "ParallelGCFailedAllocation", Time since last: 3038387459 ns, Reaching safepoint: 48400 ns, At safepoint: 8846886 ns, Total: 8895286 ns
[1290.867s][info ][safepoint      ] Safepoint "Cleanup", Time since last: 2000170152 ns, Reaching safepoint: 38600 ns, At safepoint: 3200 ns, Total: 41800 ns
[1301.868s][info ][safepoint      ] Safepoint "Cleanup", Time since last: 11000938498 ns, Reaching safepoint: 43900 ns, At safepoint: 8200 ns, Total: 52100 ns
[1308.869s][info ][safepoint      ] Safepoint "Cleanup", Time since last: 7000557102 ns, Reaching safepoint: 49600 ns, At safepoint: 3000 ns, Total: 52600 ns
[1309.869s][info ][safepoint      ] Safepoint "Cleanup", Time since last: 1000106069 ns, Reaching safepoint: 41600 ns, At safepoint: 3200 ns, Total: 44800 ns
[1310.869s][info ][safepoint      ] Safepoint "Cleanup", Time since last: 1000101969 ns, Reaching safepoint: 37400 ns, At safepoint: 2500 ns, Total: 39900 ns
[1313.869s][info ][safepoint      ] Safepoint "Cleanup", Time since last: 3000237369 ns, Reaching safepoint: 51800 ns, At safepoint: 3500 ns, Total: 55300 ns
[1316.870s][info ][safepoint      ] Safepoint "Cleanup", Time since last: 3000253227 ns, Reaching safepoint: 37600 ns, At safepoint: 3200 ns, Total: 40800 ns
[1319.870s][info ][safepoint      ] Safepoint "Cleanup", Time since last: 3000236777 ns, Reaching safepoint: 44400 ns, At safepoint: 3200 ns, Total: 47600 ns
[1321.870s][info ][safepoint      ] Safepoint "Cleanup", Time since last: 2000226768 ns, Reaching safepoint: 51800 ns, At safepoint: 8000 ns, Total: 59800 ns
[1323.870s][info ][safepoint      ] Safepoint "Cleanup", Time since last: 2000189261 ns, Reaching safepoint: 38000 ns, At safepoint: 3000 ns, Total: 41000 ns
[1330.871s][info ][safepoint      ] Safepoint "Cleanup", Time since last: 7000559328 ns, Reaching safepoint: 51200 ns, At safepoint: 3700 ns, Total: 54900 ns
[1331.871s][info ][safepoint      ] Safepoint "Cleanup", Time since last: 1000133937 ns, Reaching safepoint: 55500 ns, At safepoint: 3300 ns, Total: 58800 ns
[1333.810s][info ][gc,start       ] GC(51) Pause Young (Allocation Failure)
[1333.817s][debug][gc,phases      ] GC(51) Scavenge 7.053ms
[1333.817s][debug][gc,ref         ] GC(51) Skipped phase 1 of Reference Processing: no references
[1333.817s][debug][gc,ref         ] GC(51) ReferenceProcessor::execute queues: 1, RefProcThreadModel::Single, marks_oops_alive: false
[1333.817s][debug][gc,ref         ] GC(51) Skipped phase 3 of Reference Processing: no references
[1333.817s][debug][gc,ref         ] GC(51) ReferenceProcessor::execute queues: 1, RefProcThreadModel::Single, marks_oops_alive: false
[1333.817s][debug][gc,phases      ] GC(51) Reference Processing 0.098ms
[1333.817s][debug][gc,phases      ] GC(51)   VM Weak                        Min:  0.0, Avg:  0.0, Max:  0.0, Diff:  0.0, Sum:  0.0, Workers: 4
[1333.817s][debug][gc,phases      ] GC(51)     Dead                           Min: 0, Avg:  0.0, Max: 0, Diff: 0, Sum: 0, Workers: 4
[1333.817s][debug][gc,phases      ] GC(51)     Total                          Min: 0, Avg: 233.8, Max: 768, Diff: 768, Sum: 935, Workers: 4
[1333.817s][debug][gc,phases      ] GC(51)   ObjectSynchronizer Weak        Min:  0.0, Avg:  0.0, Max:  0.0, Diff:  0.0, Sum:  0.0, Workers: 4
[1333.817s][debug][gc,phases      ] GC(51)     Dead                           Min: 0, Avg:  0.0, Max: 0, Diff: 0, Sum: 0, Workers: 4
[1333.817s][debug][gc,phases      ] GC(51)     Total                          Min: 0, Avg: 14.0, Max: 56, Diff: 56, Sum: 56, Workers: 4
[1333.817s][debug][gc,phases      ] GC(51)   JVMTI Tag Weak OopStorage      Min:  0.0, Avg:  0.0, Max:  0.0, Diff:  0.0, Sum:  0.0, Workers: 4
[1333.817s][debug][gc,phases      ] GC(51)     Dead                           Min: 0, Avg:  0.0, Max: 0, Diff: 0, Sum: 0, Workers: 4
[1333.817s][debug][gc,phases      ] GC(51)     Total                          Min: 0, Avg:  0.0, Max: 0, Diff: 0, Sum: 0, Workers: 4
[1333.817s][debug][gc,phases      ] GC(51)   StringTable Weak               Min:  0.0, Avg:  0.1, Max:  0.1, Diff:  0.1, Sum:  0.3, Workers: 4
[1333.817s][debug][gc,phases      ] GC(51)     Dead                           Min: 0, Avg:  0.5, Max: 2, Diff: 2, Sum: 2, Workers: 4
[1333.817s][debug][gc,phases      ] GC(51)     Total                          Min: 0, Avg: 10947.5, Max: 19214, Diff: 19214, Sum: 43790, Workers: 4
[1333.817s][debug][gc,phases      ] GC(51)   ResolvedMethodTable Weak       Min:  0.0, Avg:  0.0, Max:  0.0, Diff:  0.0, Sum:  0.1, Workers: 4
[1333.817s][debug][gc,phases      ] GC(51)     Dead                           Min: 0, Avg:  4.2, Max: 17, Diff: 17, Sum: 17, Workers: 4
[1333.817s][debug][gc,phases      ] GC(51)     Total                          Min: 0, Avg: 2432.8, Max: 4099, Diff: 4099, Sum: 9731, Workers: 4
[1333.817s][debug][gc,phases      ] GC(51)   JNI Weak                       Min:  0.0, Avg:  0.0, Max:  0.0, Diff:  0.0, Sum:  0.0, Workers: 4
[1333.817s][debug][gc,phases      ] GC(51)     Dead                           Min: 0, Avg:  0.0, Max: 0, Diff: 0, Sum: 0, Workers: 4
[1333.817s][debug][gc,phases      ] GC(51)     Total                          Min: 0, Avg: 11.2, Max: 45, Diff: 45, Sum: 45, Workers: 4
[1333.817s][debug][gc,phases      ] GC(51)   StringDedup Table Weak         Min:  0.0, Avg:  0.0, Max:  0.0, Diff:  0.0, Sum:  0.0, Workers: 4
[1333.817s][debug][gc,phases      ] GC(51)     Dead                           Min: 0, Avg:  0.0, Max: 0, Diff: 0, Sum: 0, Workers: 4
[1333.817s][debug][gc,phases      ] GC(51)     Total                          Min: 0, Avg:  0.0, Max: 0, Diff: 0, Sum: 0, Workers: 4
[1333.817s][debug][gc,phases      ] GC(51)   StringDedup Requests0 Weak     Min:  0.0, Avg:  0.0, Max:  0.0, Diff:  0.0, Sum:  0.0, Workers: 4
[1333.818s][debug][gc,phases      ] GC(51)     Dead                           Min: 0, Avg:  0.0, Max: 0, Diff: 0, Sum: 0, Workers: 4
[1333.818s][debug][gc,phases      ] GC(51)     Total                          Min: 0, Avg:  0.0, Max: 0, Diff: 0, Sum: 0, Workers: 4
[1333.818s][debug][gc,phases      ] GC(51)   StringDedup Requests1 Weak     Min:  0.0, Avg:  0.0, Max:  0.0, Diff:  0.0, Sum:  0.0, Workers: 4
[1333.818s][debug][gc,phases      ] GC(51)     Dead                           Min: 0, Avg:  0.0, Max: 0, Diff: 0, Sum: 0, Workers: 4
[1333.818s][debug][gc,phases      ] GC(51)     Total                          Min: 0, Avg:  0.0, Max: 0, Diff: 0, Sum: 0, Workers: 4
[1333.818s][debug][gc,phases      ] GC(51)   Weak JFR Old Object Samples    Min:  0.0, Avg:  0.0, Max:  0.0, Diff:  0.0, Sum:  0.0, Workers: 4
[1333.818s][debug][gc,phases      ] GC(51)     Dead                           Min: 0, Avg:  0.0, Max: 0, Diff: 0, Sum: 0, Workers: 4
[1333.818s][debug][gc,phases      ] GC(51)     Total                          Min: 0, Avg:  0.0, Max: 0, Diff: 0, Sum: 0, Workers: 4
[1333.818s][debug][gc,phases      ] GC(51) Weak Processing 0.296ms
[1333.818s][debug][gc,age         ] GC(51) Desired survivor size 268959744 bytes, new threshold 15 (max threshold 15)
[1333.818s][info ][gc,heap        ] GC(51) PSYoungGen: 1590256K(1831936K)->18288K(1834496K) Eden: 1571840K(1571840K)->0K(1571840K) From: 18416K(260096K)->18288K(262656K)
[1333.818s][info ][gc,heap        ] GC(51) ParOldGen: 434186K(559616K)->434218K(559616K)
[1333.818s][info ][gc,metaspace   ] GC(51) Metaspace: 83197K(84288K)->83197K(84288K) NonClass: 71371K(71936K)->71371K(71936K) Class: 11826K(12352K)->11826K(12352K)
[1333.818s][info ][gc             ] GC(51) Pause Young (Allocation Failure) 1976M->441M(2338M) 7.558ms
[1333.818s][info ][gc,cpu         ] GC(51) User=0.02s Sys=0.00s Real=0.00s
[1333.818s][info ][safepoint      ] Safepoint "ParallelGCFailedAllocation", Time since last: 1938623785 ns, Reaching safepoint: 46700 ns, At safepoint: 7619794 ns, Total: 7666494 ns
[1334.818s][info ][safepoint      ] Safepoint "Cleanup", Time since last: 1000124566 ns, Reaching safepoint: 50699 ns, At safepoint: 7200 ns, Total: 57899 ns
[1338.818s][info ][safepoint      ] Safepoint "Cleanup", Time since last: 4000266634 ns, Reaching safepoint: 56600 ns, At safepoint: 2500 ns, Total: 59100 ns
[1344.819s][info ][safepoint      ] Safepoint "Cleanup", Time since last: 6000451276 ns, Reaching safepoint: 30200 ns, At safepoint: 3400 ns, Total: 33600 ns
[1351.819s][info ][safepoint      ] Safepoint "Cleanup", Time since last: 7000487957 ns, Reaching safepoint: 56400 ns, At safepoint: 5400 ns, Total: 61800 ns
[1353.819s][info ][safepoint      ] Safepoint "Cleanup", Time since last: 2000187006 ns, Reaching safepoint: 43500 ns, At safepoint: 2800 ns, Total: 46300 ns
[1357.820s][info ][safepoint      ] Safepoint "Cleanup", Time since last: 4000283683 ns, Reaching safepoint: 52300 ns, At safepoint: 5300 ns, Total: 57600 ns
[1358.820s][info ][safepoint      ] Safepoint "Cleanup", Time since last: 1000107346 ns, Reaching safepoint: 41200 ns, At safepoint: 3100 ns, Total: 44300 ns
[1360.820s][info ][safepoint      ] Safepoint "Cleanup", Time since last: 2000156206 ns, Reaching safepoint: 47100 ns, At safepoint: 2700 ns, Total: 49800 ns
[1361.820s][info ][safepoint      ] Safepoint "Cleanup", Time since last: 1000107501 ns, Reaching safepoint: 41800 ns, At safepoint: 3900 ns, Total: 45700 ns
[1362.820s][info ][safepoint      ] Safepoint "Cleanup", Time since last: 1000117202 ns, Reaching safepoint: 38600 ns, At safepoint: 2400 ns, Total: 41000 ns
[1365.821s][info ][safepoint      ] Safepoint "Cleanup", Time since last: 3000256304 ns, Reaching safepoint: 38000 ns, At safepoint: 2400 ns, Total: 40400 ns
[1368.821s][info ][safepoint      ] Safepoint "Cleanup", Time since last: 3000237616 ns, Reaching safepoint: 37800 ns, At safepoint: 2900 ns, Total: 40700 ns
[1369.821s][info ][safepoint      ] Safepoint "Cleanup", Time since last: 1000104309 ns, Reaching safepoint: 43100 ns, At safepoint: 2600 ns, Total: 45700 ns
[1371.821s][info ][safepoint      ] Safepoint "Cleanup", Time since last: 2000169219 ns, Reaching safepoint: 57000 ns, At safepoint: 5400 ns, Total: 62400 ns
[1372.559s][info ][gc,start       ] GC(52) Pause Young (Allocation Failure)
[1372.567s][debug][gc,phases      ] GC(52) Scavenge 7.798ms
[1372.567s][debug][gc,ref         ] GC(52) Skipped phase 1 of Reference Processing: no references
[1372.567s][debug][gc,ref         ] GC(52) ReferenceProcessor::execute queues: 1, RefProcThreadModel::Single, marks_oops_alive: false
[1372.567s][debug][gc,ref         ] GC(52) Skipped phase 3 of Reference Processing: no references
[1372.567s][debug][gc,ref         ] GC(52) ReferenceProcessor::execute queues: 1, RefProcThreadModel::Single, marks_oops_alive: false
[1372.567s][debug][gc,phases      ] GC(52) Reference Processing 0.101ms
[1372.567s][debug][gc,phases      ] GC(52)   VM Weak                        Min:  0.0, Avg:  0.0, Max:  0.0, Diff:  0.0, Sum:  0.0, Workers: 4
[1372.567s][debug][gc,phases      ] GC(52)     Dead                           Min: 0, Avg:  0.0, Max: 0, Diff: 0, Sum: 0, Workers: 4
[1372.567s][debug][gc,phases      ] GC(52)     Total                          Min: 0, Avg: 233.8, Max: 576, Diff: 576, Sum: 935, Workers: 4
[1372.567s][debug][gc,phases      ] GC(52)   ObjectSynchronizer Weak        Min:  0.0, Avg:  0.0, Max:  0.0, Diff:  0.0, Sum:  0.0, Workers: 4
[1372.567s][debug][gc,phases      ] GC(52)     Dead                           Min: 0, Avg:  0.0, Max: 0, Diff: 0, Sum: 0, Workers: 4
[1372.567s][debug][gc,phases      ] GC(52)     Total                          Min: 0, Avg: 14.0, Max: 56, Diff: 56, Sum: 56, Workers: 4
[1372.567s][debug][gc,phases      ] GC(52)   JVMTI Tag Weak OopStorage      Min:  0.0, Avg:  0.0, Max:  0.0, Diff:  0.0, Sum:  0.0, Workers: 4
[1372.567s][debug][gc,phases      ] GC(52)     Dead                           Min: 0, Avg:  0.0, Max: 0, Diff: 0, Sum: 0, Workers: 4
[1372.567s][debug][gc,phases      ] GC(52)     Total                          Min: 0, Avg:  0.0, Max: 0, Diff: 0, Sum: 0, Workers: 4
[1372.567s][debug][gc,phases      ] GC(52)   StringTable Weak               Min:  0.0, Avg:  0.1, Max:  0.1, Diff:  0.1, Sum:  0.3, Workers: 4
[1372.567s][debug][gc,phases      ] GC(52)     Dead                           Min: 0, Avg:  0.0, Max: 0, Diff: 0, Sum: 0, Workers: 4
[1372.567s][debug][gc,phases      ] GC(52)     Total                          Min: 0, Avg: 10948.0, Max: 18448, Diff: 18448, Sum: 43792, Workers: 4
[1372.567s][debug][gc,phases      ] GC(52)   ResolvedMethodTable Weak       Min:  0.0, Avg:  0.0, Max:  0.0, Diff:  0.0, Sum:  0.1, Workers: 4
[1372.567s][debug][gc,phases      ] GC(52)     Dead                           Min: 0, Avg:  0.0, Max: 0, Diff: 0, Sum: 0, Workers: 4
[1372.567s][debug][gc,phases      ] GC(52)     Total                          Min: 0, Avg: 2433.2, Max: 3909, Diff: 3909, Sum: 9733, Workers: 4
[1372.567s][debug][gc,phases      ] GC(52)   JNI Weak                       Min:  0.0, Avg:  0.0, Max:  0.0, Diff:  0.0, Sum:  0.0, Workers: 4
[1372.567s][debug][gc,phases      ] GC(52)     Dead                           Min: 0, Avg:  0.0, Max: 0, Diff: 0, Sum: 0, Workers: 4
[1372.567s][debug][gc,phases      ] GC(52)     Total                          Min: 0, Avg: 11.2, Max: 45, Diff: 45, Sum: 45, Workers: 4
[1372.567s][debug][gc,phases      ] GC(52)   StringDedup Table Weak         Min:  0.0, Avg:  0.0, Max:  0.0, Diff:  0.0, Sum:  0.0, Workers: 4
[1372.567s][debug][gc,phases      ] GC(52)     Dead                           Min: 0, Avg:  0.0, Max: 0, Diff: 0, Sum: 0, Workers: 4
[1372.567s][debug][gc,phases      ] GC(52)     Total                          Min: 0, Avg:  0.0, Max: 0, Diff: 0, Sum: 0, Workers: 4
[1372.567s][debug][gc,phases      ] GC(52)   StringDedup Requests0 Weak     Min:  0.0, Avg:  0.0, Max:  0.0, Diff:  0.0, Sum:  0.0, Workers: 4
[1372.567s][debug][gc,phases      ] GC(52)     Dead                           Min: 0, Avg:  0.0, Max: 0, Diff: 0, Sum: 0, Workers: 4
[1372.567s][debug][gc,phases      ] GC(52)     Total                          Min: 0, Avg:  0.0, Max: 0, Diff: 0, Sum: 0, Workers: 4
[1372.567s][debug][gc,phases      ] GC(52)   StringDedup Requests1 Weak     Min:  0.0, Avg:  0.0, Max:  0.0, Diff:  0.0, Sum:  0.0, Workers: 4
[1372.567s][debug][gc,phases      ] GC(52)     Dead                           Min: 0, Avg:  0.0, Max: 0, Diff: 0, Sum: 0, Workers: 4
[1372.567s][debug][gc,phases      ] GC(52)     Total                          Min: 0, Avg:  0.0, Max: 0, Diff: 0, Sum: 0, Workers: 4
[1372.567s][debug][gc,phases      ] GC(52)   Weak JFR Old Object Samples    Min:  0.0, Avg:  0.0, Max:  0.0, Diff:  0.0, Sum:  0.0, Workers: 4
[1372.567s][debug][gc,phases      ] GC(52)     Dead                           Min: 0, Avg:  0.0, Max: 0, Diff: 0, Sum: 0, Workers: 4
[1372.567s][debug][gc,phases      ] GC(52)     Total                          Min: 0, Avg:  0.0, Max: 0, Diff: 0, Sum: 0, Workers: 4
[1372.567s][debug][gc,phases      ] GC(52) Weak Processing 0.292ms
[1372.567s][debug][gc,age         ] GC(52) Desired survivor size 265814016 bytes, new threshold 15 (max threshold 15)
[1372.567s][info ][gc,heap        ] GC(52) PSYoungGen: 1590128K(1834496K)->19472K(1837568K) Eden: 1571840K(1571840K)->0K(1574912K) From: 18288K(262656K)->19472K(262656K)
[1372.567s][info ][gc,heap        ] GC(52) ParOldGen: 434218K(559616K)->434250K(559616K)
[1372.567s][info ][gc,metaspace   ] GC(52) Metaspace: 83218K(84288K)->83218K(84288K) NonClass: 71390K(71936K)->71390K(71936K) Class: 11827K(12352K)->11827K(12352K)
[1372.567s][info ][gc             ] GC(52) Pause Young (Allocation Failure) 1976M->443M(2341M) 8.305ms
[1372.567s][info ][gc,cpu         ] GC(52) User=0.03s Sys=0.00s Real=0.00s
[1372.567s][info ][safepoint      ] Safepoint "ParallelGCFailedAllocation", Time since last: 737544760 ns, Reaching safepoint: 39400 ns, At safepoint: 8364798 ns, Total: 8404198 ns
[1373.567s][info ][safepoint      ] Safepoint "Cleanup", Time since last: 1000077410 ns, Reaching safepoint: 36100 ns, At safepoint: 2500 ns, Total: 38600 ns
[1374.568s][info ][safepoint      ] Safepoint "Cleanup", Time since last: 1000120209 ns, Reaching safepoint: 41300 ns, At safepoint: 3100 ns, Total: 44400 ns
[1377.568s][info ][safepoint      ] Safepoint "Cleanup", Time since last: 3000204518 ns, Reaching safepoint: 65300 ns, At safepoint: 2700 ns, Total: 68000 ns
[1380.568s][info ][safepoint      ] Safepoint "Cleanup", Time since last: 3000215052 ns, Reaching safepoint: 57600 ns, At safepoint: 3400 ns, Total: 61000 ns
[1382.568s][info ][safepoint      ] Safepoint "Cleanup", Time since last: 2000152834 ns, Reaching safepoint: 48300 ns, At safepoint: 3800 ns, Total: 52100 ns
[1383.568s][info ][safepoint      ] Safepoint "Cleanup", Time since last: 1000116218 ns, Reaching safepoint: 40000 ns, At safepoint: 6800 ns, Total: 46800 ns
[1388.569s][info ][safepoint      ] Safepoint "Cleanup", Time since last: 5000376745 ns, Reaching safepoint: 39500 ns, At safepoint: 3100 ns, Total: 42600 ns
[1389.569s][info ][safepoint      ] Safepoint "Cleanup", Time since last: 1000100190 ns, Reaching safepoint: 58900 ns, At safepoint: 3100 ns, Total: 62000 ns
[1391.363s][info ][safepoint      ] Safepoint "Cleanup", Time since last: 1793560738 ns, Reaching safepoint: 42200 ns, At safepoint: 2500 ns, Total: 44700 ns
[1392.363s][info ][safepoint      ] Safepoint "Cleanup", Time since last: 1000097753 ns, Reaching safepoint: 32400 ns, At safepoint: 2800 ns, Total: 35200 ns
[1392.959s][info ][gc,start       ] GC(53) Pause Young (Allocation Failure)
[1392.978s][debug][gc,phases      ] GC(53) Scavenge 18.531ms
[1392.978s][debug][gc,ref         ] GC(53) Skipped phase 1 of Reference Processing: no references
[1392.978s][debug][gc,ref         ] GC(53) ReferenceProcessor::execute queues: 1, RefProcThreadModel::Single, marks_oops_alive: false
[1392.978s][debug][gc,ref         ] GC(53) Skipped phase 3 of Reference Processing: no references
[1392.978s][debug][gc,ref         ] GC(53) ReferenceProcessor::execute queues: 1, RefProcThreadModel::Single, marks_oops_alive: false
[1392.978s][debug][gc,phases      ] GC(53) Reference Processing 0.101ms
[1392.978s][debug][gc,phases      ] GC(53)   VM Weak                        Min:  0.0, Avg:  0.0, Max:  0.0, Diff:  0.0, Sum:  0.0, Workers: 4
[1392.978s][debug][gc,phases      ] GC(53)     Dead                           Min: 0, Avg:  0.0, Max: 0, Diff: 0, Sum: 0, Workers: 4
[1392.978s][debug][gc,phases      ] GC(53)     Total                          Min: 0, Avg: 234.5, Max: 618, Diff: 618, Sum: 938, Workers: 4
[1392.978s][debug][gc,phases      ] GC(53)   ObjectSynchronizer Weak        Min:  0.0, Avg:  0.0, Max:  0.0, Diff:  0.0, Sum:  0.0, Workers: 4
[1392.978s][debug][gc,phases      ] GC(53)     Dead                           Min: 0, Avg:  0.0, Max: 0, Diff: 0, Sum: 0, Workers: 4
[1392.978s][debug][gc,phases      ] GC(53)     Total                          Min: 0, Avg: 14.0, Max: 56, Diff: 56, Sum: 56, Workers: 4
[1392.978s][debug][gc,phases      ] GC(53)   JVMTI Tag Weak OopStorage      Min:  0.0, Avg:  0.0, Max:  0.0, Diff:  0.0, Sum:  0.0, Workers: 4
[1392.978s][debug][gc,phases      ] GC(53)     Dead                           Min: 0, Avg:  0.0, Max: 0, Diff: 0, Sum: 0, Workers: 4
[1392.978s][debug][gc,phases      ] GC(53)     Total                          Min: 0, Avg:  0.0, Max: 0, Diff: 0, Sum: 0, Workers: 4
[1392.978s][debug][gc,phases      ] GC(53)   StringTable Weak               Min:  0.0, Avg:  0.1, Max:  0.1, Diff:  0.1, Sum:  0.3, Workers: 4
[1392.978s][debug][gc,phases      ] GC(53)     Dead                           Min: 0, Avg:  0.0, Max: 0, Diff: 0, Sum: 0, Workers: 4
[1392.978s][debug][gc,phases      ] GC(53)     Total                          Min: 0, Avg: 10950.5, Max: 18906, Diff: 18906, Sum: 43802, Workers: 4
[1392.978s][debug][gc,phases      ] GC(53)   ResolvedMethodTable Weak       Min:  0.0, Avg:  0.0, Max:  0.0, Diff:  0.0, Sum:  0.1, Workers: 4
[1392.978s][debug][gc,phases      ] GC(53)     Dead                           Min: 0, Avg:  0.0, Max: 0, Diff: 0, Sum: 0, Workers: 4
[1392.978s][debug][gc,phases      ] GC(53)     Total                          Min: 0, Avg: 2438.2, Max: 4096, Diff: 4096, Sum: 9753, Workers: 4
[1392.978s][debug][gc,phases      ] GC(53)   JNI Weak                       Min:  0.0, Avg:  0.0, Max:  0.0, Diff:  0.0, Sum:  0.0, Workers: 4
[1392.978s][debug][gc,phases      ] GC(53)     Dead                           Min: 0, Avg:  0.0, Max: 0, Diff: 0, Sum: 0, Workers: 4
[1392.978s][debug][gc,phases      ] GC(53)     Total                          Min: 0, Avg: 11.2, Max: 45, Diff: 45, Sum: 45, Workers: 4
[1392.978s][debug][gc,phases      ] GC(53)   StringDedup Table Weak         Min:  0.0, Avg:  0.0, Max:  0.0, Diff:  0.0, Sum:  0.0, Workers: 4
[1392.978s][debug][gc,phases      ] GC(53)     Dead                           Min: 0, Avg:  0.0, Max: 0, Diff: 0, Sum: 0, Workers: 4
[1392.978s][debug][gc,phases      ] GC(53)     Total                          Min: 0, Avg:  0.0, Max: 0, Diff: 0, Sum: 0, Workers: 4
[1392.978s][debug][gc,phases      ] GC(53)   StringDedup Requests0 Weak     Min:  0.0, Avg:  0.0, Max:  0.0, Diff:  0.0, Sum:  0.0, Workers: 4
[1392.978s][debug][gc,phases      ] GC(53)     Dead                           Min: 0, Avg:  0.0, Max: 0, Diff: 0, Sum: 0, Workers: 4
[1392.978s][debug][gc,phases      ] GC(53)     Total                          Min: 0, Avg:  0.0, Max: 0, Diff: 0, Sum: 0, Workers: 4
[1392.978s][debug][gc,phases      ] GC(53)   StringDedup Requests1 Weak     Min:  0.0, Avg:  0.0, Max:  0.0, Diff:  0.0, Sum:  0.0, Workers: 4
[1392.978s][debug][gc,phases      ] GC(53)     Dead                           Min: 0, Avg:  0.0, Max: 0, Diff: 0, Sum: 0, Workers: 4
[1392.978s][debug][gc,phases      ] GC(53)     Total                          Min: 0, Avg:  0.0, Max: 0, Diff: 0, Sum: 0, Workers: 4
[1392.978s][debug][gc,phases      ] GC(53)   Weak JFR Old Object Samples    Min:  0.0, Avg:  0.0, Max:  0.0, Diff:  0.0, Sum:  0.0, Workers: 4
[1392.978s][debug][gc,phases      ] GC(53)     Dead                           Min: 0, Avg:  0.0, Max: 0, Diff: 0, Sum: 0, Workers: 4
[1392.978s][debug][gc,phases      ] GC(53)     Total                          Min: 0, Avg:  0.0, Max: 0, Diff: 0, Sum: 0, Workers: 4
[1392.978s][debug][gc,phases      ] GC(53) Weak Processing 0.305ms
[1392.978s][debug][gc,age         ] GC(53) Desired survivor size 253231104 bytes, new threshold 15 (max threshold 15)
[1392.978s][info ][gc,heap        ] GC(53) PSYoungGen: 1594384K(1837568K)->63543K(1834496K) Eden: 1574912K(1574912K)->0K(1574912K) From: 19472K(262656K)->63543K(259584K)
[1392.978s][info ][gc,heap        ] GC(53) ParOldGen: 434250K(559616K)->435442K(559616K)
[1392.978s][info ][gc,metaspace   ] GC(53) Metaspace: 83263K(84416K)->83263K(84416K) NonClass: 71424K(72064K)->71424K(72064K) Class: 11838K(12352K)->11838K(12352K)
[1392.978s][info ][gc             ] GC(53) Pause Young (Allocation Failure) 1981M->487M(2338M) 19.058ms
[1392.978s][info ][gc,cpu         ] GC(53) User=0.07s Sys=0.00s Real=0.02s
[1392.978s][info ][safepoint      ] Safepoint "ParallelGCFailedAllocation", Time since last: 596083611 ns, Reaching safepoint: 119300 ns, At safepoint: 19128803 ns, Total: 19248103 ns
[1396.599s][info ][safepoint      ] Safepoint "Cleanup", Time since last: 3620406980 ns, Reaching safepoint: 114600 ns, At safepoint: 4800 ns, Total: 119400 ns
[1397.599s][info ][safepoint      ] Safepoint "Cleanup", Time since last: 1000104561 ns, Reaching safepoint: 71400 ns, At safepoint: 5200 ns, Total: 76600 ns
[1398.599s][info ][safepoint      ] Safepoint "Cleanup", Time since last: 1000100260 ns, Reaching safepoint: 67000 ns, At safepoint: 5200 ns, Total: 72200 ns
[1399.599s][info ][safepoint      ] Safepoint "Cleanup", Time since last: 1000111561 ns, Reaching safepoint: 41700 ns, At safepoint: 3400 ns, Total: 45100 ns
[1403.600s][info ][safepoint      ] Safepoint "Cleanup", Time since last: 4000297836 ns, Reaching safepoint: 43899 ns, At safepoint: 2800 ns, Total: 46699 ns
[1404.600s][info ][safepoint      ] Safepoint "Cleanup", Time since last: 1000101613 ns, Reaching safepoint: 42400 ns, At safepoint: 3000 ns, Total: 45400 ns
[1405.600s][info ][safepoint      ] Safepoint "Cleanup", Time since last: 1000097513 ns, Reaching safepoint: 48700 ns, At safepoint: 3000 ns, Total: 51700 ns
[1406.600s][info ][safepoint      ] Safepoint "Cleanup", Time since last: 1000129013 ns, Reaching safepoint: 67000 ns, At safepoint: 2600 ns, Total: 69600 ns
[1407.600s][info ][safepoint      ] Safepoint "Cleanup", Time since last: 1000123113 ns, Reaching safepoint: 76300 ns, At safepoint: 5400 ns, Total: 81700 ns
[1408.600s][info ][safepoint      ] Safepoint "Cleanup", Time since last: 1000097113 ns, Reaching safepoint: 41300 ns, At safepoint: 2800 ns, Total: 44100 ns
[1409.601s][info ][safepoint      ] Safepoint "Cleanup", Time since last: 1000126863 ns, Reaching safepoint: 45400 ns, At safepoint: 5400 ns, Total: 50800 ns
[1413.601s][info ][safepoint      ] Safepoint "Cleanup", Time since last: 4000300067 ns, Reaching safepoint: 51900 ns, At safepoint: 3100 ns, Total: 55000 ns
[1414.601s][info ][safepoint      ] Safepoint "Cleanup", Time since last: 1000140541 ns, Reaching safepoint: 49800 ns, At safepoint: 3800 ns, Total: 53600 ns
[1415.601s][info ][safepoint      ] Safepoint "Cleanup", Time since last: 1000136842 ns, Reaching safepoint: 40400 ns, At safepoint: 3100 ns, Total: 43500 ns
[1416.601s][info ][safepoint      ] Safepoint "Cleanup", Time since last: 1000112042 ns, Reaching safepoint: 45400 ns, At safepoint: 4000 ns, Total: 49400 ns
[1421.602s][info ][safepoint      ] Safepoint "Cleanup", Time since last: 5000338252 ns, Reaching safepoint: 30900 ns, At safepoint: 3400 ns, Total: 34300 ns
[1425.602s][info ][safepoint      ] Safepoint "Cleanup", Time since last: 4000324058 ns, Reaching safepoint: 44600 ns, At safepoint: 3000 ns, Total: 47600 ns
[1429.603s][info ][safepoint      ] Safepoint "Cleanup", Time since last: 4000342612 ns, Reaching safepoint: 56100 ns, At safepoint: 4800 ns, Total: 60900 ns
[1432.258s][info ][gc,start       ] GC(54) Pause Young (Allocation Failure)
[1432.275s][debug][gc,phases      ] GC(54) Scavenge 16.554ms
[1432.275s][debug][gc,ref         ] GC(54) Skipped phase 1 of Reference Processing: no references
[1432.275s][debug][gc,ref         ] GC(54) ReferenceProcessor::execute queues: 1, RefProcThreadModel::Single, marks_oops_alive: false
[1432.275s][debug][gc,ref         ] GC(54) Skipped phase 3 of Reference Processing: no references
[1432.275s][debug][gc,ref         ] GC(54) ReferenceProcessor::execute queues: 1, RefProcThreadModel::Single, marks_oops_alive: false
[1432.275s][debug][gc,phases      ] GC(54) Reference Processing 0.110ms
[1432.275s][debug][gc,phases      ] GC(54)   VM Weak                        Min:  0.0, Avg:  0.0, Max:  0.0, Diff:  0.0, Sum:  0.0, Workers: 4
[1432.275s][debug][gc,phases      ] GC(54)     Dead                           Min: 0, Avg:  0.0, Max: 0, Diff: 0, Sum: 0, Workers: 4
[1432.275s][debug][gc,phases      ] GC(54)     Total                          Min: 0, Avg: 236.5, Max: 498, Diff: 498, Sum: 946, Workers: 4
[1432.275s][debug][gc,phases      ] GC(54)   ObjectSynchronizer Weak        Min:  0.0, Avg:  0.0, Max:  0.0, Diff:  0.0, Sum:  0.0, Workers: 4
[1432.275s][debug][gc,phases      ] GC(54)     Dead                           Min: 0, Avg:  0.0, Max: 0, Diff: 0, Sum: 0, Workers: 4
[1432.275s][debug][gc,phases      ] GC(54)     Total                          Min: 0, Avg: 14.0, Max: 56, Diff: 56, Sum: 56, Workers: 4
[1432.275s][debug][gc,phases      ] GC(54)   JVMTI Tag Weak OopStorage      Min:  0.0, Avg:  0.0, Max:  0.0, Diff:  0.0, Sum:  0.0, Workers: 4
[1432.275s][debug][gc,phases      ] GC(54)     Dead                           Min: 0, Avg:  0.0, Max: 0, Diff: 0, Sum: 0, Workers: 4
[1432.275s][debug][gc,phases      ] GC(54)     Total                          Min: 0, Avg:  0.0, Max: 0, Diff: 0, Sum: 0, Workers: 4
[1432.275s][debug][gc,phases      ] GC(54)   StringTable Weak               Min:  0.1, Avg:  0.1, Max:  0.1, Diff:  0.0, Sum:  0.5, Workers: 4
[1432.275s][debug][gc,phases      ] GC(54)     Dead                           Min: 0, Avg:  0.2, Max: 1, Diff: 1, Sum: 1, Workers: 4
[1432.275s][debug][gc,phases      ] GC(54)     Total                          Min: 7231, Avg: 10953.8, Max: 12736, Diff: 5505, Sum: 43815, Workers: 4
[1432.275s][debug][gc,phases      ] GC(54)   ResolvedMethodTable Weak       Min:  0.0, Avg:  0.0, Max:  0.0, Diff:  0.0, Sum:  0.1, Workers: 4
[1432.275s][debug][gc,phases      ] GC(54)     Dead                           Min: 0, Avg:  0.0, Max: 0, Diff: 0, Sum: 0, Workers: 4
[1432.275s][debug][gc,phases      ] GC(54)     Total                          Min: 2368, Avg: 2447.8, Max: 2559, Diff: 191, Sum: 9791, Workers: 4
[1432.275s][debug][gc,phases      ] GC(54)   JNI Weak                       Min:  0.0, Avg:  0.0, Max:  0.0, Diff:  0.0, Sum:  0.0, Workers: 4
[1432.275s][debug][gc,phases      ] GC(54)     Dead                           Min: 0, Avg:  0.0, Max: 0, Diff: 0, Sum: 0, Workers: 4
[1432.275s][debug][gc,phases      ] GC(54)     Total                          Min: 0, Avg: 11.2, Max: 45, Diff: 45, Sum: 45, Workers: 4
[1432.275s][debug][gc,phases      ] GC(54)   StringDedup Table Weak         Min:  0.0, Avg:  0.0, Max:  0.0, Diff:  0.0, Sum:  0.0, Workers: 4
[1432.275s][debug][gc,phases      ] GC(54)     Dead                           Min: 0, Avg:  0.0, Max: 0, Diff: 0, Sum: 0, Workers: 4
[1432.275s][debug][gc,phases      ] GC(54)     Total                          Min: 0, Avg:  0.0, Max: 0, Diff: 0, Sum: 0, Workers: 4
[1432.275s][debug][gc,phases      ] GC(54)   StringDedup Requests0 Weak     Min:  0.0, Avg:  0.0, Max:  0.0, Diff:  0.0, Sum:  0.0, Workers: 4
[1432.275s][debug][gc,phases      ] GC(54)     Dead                           Min: 0, Avg:  0.0, Max: 0, Diff: 0, Sum: 0, Workers: 4
[1432.275s][debug][gc,phases      ] GC(54)     Total                          Min: 0, Avg:  0.0, Max: 0, Diff: 0, Sum: 0, Workers: 4
[1432.275s][debug][gc,phases      ] GC(54)   StringDedup Requests1 Weak     Min:  0.0, Avg:  0.0, Max:  0.0, Diff:  0.0, Sum:  0.0, Workers: 4
[1432.275s][debug][gc,phases      ] GC(54)     Dead                           Min: 0, Avg:  0.0, Max: 0, Diff: 0, Sum: 0, Workers: 4
[1432.275s][debug][gc,phases      ] GC(54)     Total                          Min: 0, Avg:  0.0, Max: 0, Diff: 0, Sum: 0, Workers: 4
[1432.275s][debug][gc,phases      ] GC(54)   Weak JFR Old Object Samples    Min:  0.0, Avg:  0.0, Max:  0.0, Diff:  0.0, Sum:  0.0, Workers: 4
[1432.275s][debug][gc,phases      ] GC(54)     Dead                           Min: 0, Avg:  0.0, Max: 0, Diff: 0, Sum: 0, Workers: 4
[1432.275s][debug][gc,phases      ] GC(54)     Total                          Min: 0, Avg:  0.0, Max: 0, Diff: 0, Sum: 0, Workers: 4
[1432.275s][debug][gc,phases      ] GC(54) Weak Processing 0.308ms
[1432.275s][debug][gc,age         ] GC(54) Desired survivor size 241172480 bytes, new threshold 15 (max threshold 15)
[1432.275s][info ][gc,heap        ] GC(54) PSYoungGen: 1638455K(1834496K)->64311K(1861632K) Eden: 1574912K(1574912K)->0K(1614336K) From: 63543K(259584K)->64311K(247296K)
[1432.275s][info ][gc,heap        ] GC(54) ParOldGen: 435442K(559616K)->435538K(559616K)
[1432.275s][info ][gc,metaspace   ] GC(54) Metaspace: 83366K(84480K)->83366K(84480K) NonClass: 71514K(72128K)->71514K(72128K) Class: 11852K(12352K)->11852K(12352K)
[1432.275s][info ][gc             ] GC(54) Pause Young (Allocation Failure) 2025M->488M(2364M) 17.090ms
[1432.275s][info ][gc,cpu         ] GC(54) User=0.06s Sys=0.00s Real=0.01s
[1432.275s][info ][safepoint      ] Safepoint "ParallelGCFailedAllocation", Time since last: 2655404704 ns, Reaching safepoint: 46800 ns, At safepoint: 17159306 ns, Total: 17206106 ns
[1433.275s][info ][safepoint      ] Safepoint "Cleanup", Time since last: 1000094673 ns, Reaching safepoint: 48900 ns, At safepoint: 2800 ns, Total: 51700 ns
[1434.275s][info ][safepoint      ] Safepoint "Cleanup", Time since last: 1000104588 ns, Reaching safepoint: 38400 ns, At safepoint: 3500 ns, Total: 41900 ns
[1436.276s][info ][safepoint      ] Safepoint "Cleanup", Time since last: 2000178975 ns, Reaching safepoint: 108300 ns, At safepoint: 5400 ns, Total: 113700 ns
[1439.276s][info ][safepoint      ] Safepoint "Cleanup", Time since last: 3000258963 ns, Reaching safepoint: 37700 ns, At safepoint: 3500 ns, Total: 41200 ns
[1442.276s][info ][safepoint      ] Safepoint "Cleanup", Time since last: 3000208065 ns, Reaching safepoint: 43300 ns, At safepoint: 4101 ns, Total: 47401 ns
[1446.277s][info ][safepoint      ] Safepoint "Cleanup", Time since last: 4000343459 ns, Reaching safepoint: 41300 ns, At safepoint: 3100 ns, Total: 44400 ns
[1447.277s][info ][safepoint      ] Safepoint "Cleanup", Time since last: 1000117611 ns, Reaching safepoint: 114800 ns, At safepoint: 6000 ns, Total: 120800 ns
[1448.277s][info ][safepoint      ] Safepoint "Cleanup", Time since last: 1000126210 ns, Reaching safepoint: 36800 ns, At safepoint: 2600 ns, Total: 39400 ns
[1451.277s][info ][safepoint      ] Safepoint "Cleanup", Time since last: 3000250724 ns, Reaching safepoint: 54400 ns, At safepoint: 5200 ns, Total: 59600 ns
[1453.068s][info ][safepoint      ] Safepoint "Cleanup", Time since last: 1790652130 ns, Reaching safepoint: 55300 ns, At safepoint: 2800 ns, Total: 58100 ns
[1454.068s][info ][safepoint      ] Safepoint "Cleanup", Time since last: 1000103831 ns, Reaching safepoint: 49600 ns, At safepoint: 5000 ns, Total: 54600 ns
[1455.068s][info ][safepoint      ] Safepoint "Cleanup", Time since last: 1000107432 ns, Reaching safepoint: 35600 ns, At safepoint: 3000 ns, Total: 38600 ns
[1458.069s][info ][safepoint      ] Safepoint "Cleanup", Time since last: 3000251945 ns, Reaching safepoint: 48100 ns, At safepoint: 2400 ns, Total: 50500 ns
[1462.069s][info ][safepoint      ] Safepoint "Cleanup", Time since last: 4000343675 ns, Reaching safepoint: 42700 ns, At safepoint: 4900 ns, Total: 47600 ns
[1463.456s][info ][gc,start       ] GC(55) Pause Young (Allocation Failure)
[1463.473s][debug][gc,phases      ] GC(55) Scavenge 16.171ms
[1463.473s][debug][gc,ref         ] GC(55) Skipped phase 1 of Reference Processing: no references
[1463.473s][debug][gc,ref         ] GC(55) ReferenceProcessor::execute queues: 1, RefProcThreadModel::Single, marks_oops_alive: false
[1463.473s][debug][gc,ref         ] GC(55) Skipped phase 3 of Reference Processing: no references
[1463.473s][debug][gc,ref         ] GC(55) ReferenceProcessor::execute queues: 1, RefProcThreadModel::Single, marks_oops_alive: false
[1463.473s][debug][gc,phases      ] GC(55) Reference Processing 0.103ms
[1463.473s][debug][gc,phases      ] GC(55)   VM Weak                        Min:  0.0, Avg:  0.0, Max:  0.0, Diff:  0.0, Sum:  0.0, Workers: 4
[1463.473s][debug][gc,phases      ] GC(55)     Dead                           Min: 0, Avg:  0.0, Max: 0, Diff: 0, Sum: 0, Workers: 4
[1463.473s][debug][gc,phases      ] GC(55)     Total                          Min: 0, Avg: 236.5, Max: 832, Diff: 832, Sum: 946, Workers: 4
[1463.473s][debug][gc,phases      ] GC(55)   ObjectSynchronizer Weak        Min:  0.0, Avg:  0.0, Max:  0.0, Diff:  0.0, Sum:  0.0, Workers: 4
[1463.473s][debug][gc,phases      ] GC(55)     Dead                           Min: 0, Avg:  0.0, Max: 0, Diff: 0, Sum: 0, Workers: 4
[1463.473s][debug][gc,phases      ] GC(55)     Total                          Min: 0, Avg: 14.0, Max: 56, Diff: 56, Sum: 56, Workers: 4
[1463.473s][debug][gc,phases      ] GC(55)   JVMTI Tag Weak OopStorage      Min:  0.0, Avg:  0.0, Max:  0.0, Diff:  0.0, Sum:  0.0, Workers: 4
[1463.473s][debug][gc,phases      ] GC(55)     Dead                           Min: 0, Avg:  0.0, Max: 0, Diff: 0, Sum: 0, Workers: 4
[1463.473s][debug][gc,phases      ] GC(55)     Total                          Min: 0, Avg:  0.0, Max: 0, Diff: 0, Sum: 0, Workers: 4
[1463.473s][debug][gc,phases      ] GC(55)   StringTable Weak               Min:  0.0, Avg:  0.1, Max:  0.1, Diff:  0.1, Sum:  0.3, Workers: 4
[1463.473s][debug][gc,phases      ] GC(55)     Dead                           Min: 0, Avg:  0.0, Max: 0, Diff: 0, Sum: 0, Workers: 4
[1463.473s][debug][gc,phases      ] GC(55)     Total                          Min: 0, Avg: 10954.8, Max: 18815, Diff: 18815, Sum: 43819, Workers: 4
[1463.473s][debug][gc,phases      ] GC(55)   ResolvedMethodTable Weak       Min:  0.0, Avg:  0.0, Max:  0.0, Diff:  0.0, Sum:  0.1, Workers: 4
[1463.473s][debug][gc,phases      ] GC(55)     Dead                           Min: 0, Avg:  0.0, Max: 0, Diff: 0, Sum: 0, Workers: 4
[1463.473s][debug][gc,phases      ] GC(55)     Total                          Min: 0, Avg: 2448.2, Max: 4224, Diff: 4224, Sum: 9793, Workers: 4
[1463.473s][debug][gc,phases      ] GC(55)   JNI Weak                       Min:  0.0, Avg:  0.0, Max:  0.0, Diff:  0.0, Sum:  0.0, Workers: 4
[1463.473s][debug][gc,phases      ] GC(55)     Dead                           Min: 0, Avg:  0.0, Max: 0, Diff: 0, Sum: 0, Workers: 4
[1463.473s][debug][gc,phases      ] GC(55)     Total                          Min: 0, Avg: 11.2, Max: 45, Diff: 45, Sum: 45, Workers: 4
[1463.473s][debug][gc,phases      ] GC(55)   StringDedup Table Weak         Min:  0.0, Avg:  0.0, Max:  0.0, Diff:  0.0, Sum:  0.0, Workers: 4
[1463.473s][debug][gc,phases      ] GC(55)     Dead                           Min: 0, Avg:  0.0, Max: 0, Diff: 0, Sum: 0, Workers: 4
[1463.473s][debug][gc,phases      ] GC(55)     Total                          Min: 0, Avg:  0.0, Max: 0, Diff: 0, Sum: 0, Workers: 4
[1463.473s][debug][gc,phases      ] GC(55)   StringDedup Requests0 Weak     Min:  0.0, Avg:  0.0, Max:  0.0, Diff:  0.0, Sum:  0.0, Workers: 4
[1463.473s][debug][gc,phases      ] GC(55)     Dead                           Min: 0, Avg:  0.0, Max: 0, Diff: 0, Sum: 0, Workers: 4
[1463.473s][debug][gc,phases      ] GC(55)     Total                          Min: 0, Avg:  0.0, Max: 0, Diff: 0, Sum: 0, Workers: 4
[1463.473s][debug][gc,phases      ] GC(55)   StringDedup Requests1 Weak     Min:  0.0, Avg:  0.0, Max:  0.0, Diff:  0.0, Sum:  0.0, Workers: 4
[1463.473s][debug][gc,phases      ] GC(55)     Dead                           Min: 0, Avg:  0.0, Max: 0, Diff: 0, Sum: 0, Workers: 4
[1463.473s][debug][gc,phases      ] GC(55)     Total                          Min: 0, Avg:  0.0, Max: 0, Diff: 0, Sum: 0, Workers: 4
[1463.473s][debug][gc,phases      ] GC(55)   Weak JFR Old Object Samples    Min:  0.0, Avg:  0.0, Max:  0.0, Diff:  0.0, Sum:  0.0, Workers: 4
[1463.473s][debug][gc,phases      ] GC(55)     Dead                           Min: 0, Avg:  0.0, Max: 0, Diff: 0, Sum: 0, Workers: 4
[1463.473s][debug][gc,phases      ] GC(55)     Total                          Min: 0, Avg:  0.0, Max: 0, Diff: 0, Sum: 0, Workers: 4
[1463.473s][debug][gc,phases      ] GC(55) Weak Processing 0.305ms
[1463.473s][debug][gc,age         ] GC(55) Desired survivor size 230162432 bytes, new threshold 15 (max threshold 15)
[1463.473s][info ][gc,heap        ] GC(55) PSYoungGen: 1678647K(1861632K)->60247K(1849856K) Eden: 1614336K(1614336K)->0K(1614336K) From: 64311K(247296K)->60247K(235520K)
[1463.473s][info ][gc,heap        ] GC(55) ParOldGen: 435538K(559616K)->435570K(559616K)
[1463.473s][info ][gc,metaspace   ] GC(55) Metaspace: 83396K(84544K)->83396K(84544K) NonClass: 71543K(72192K)->71543K(72192K) Class: 11853K(12352K)->11853K(12352K)
[1463.473s][info ][gc             ] GC(55) Pause Young (Allocation Failure) 2064M->484M(2353M) 16.695ms
[1463.473s][info ][gc,cpu         ] GC(55) User=0.07s Sys=0.00s Real=0.02s
[1463.473s][info ][safepoint      ] Safepoint "ParallelGCFailedAllocation", Time since last: 1387217270 ns, Reaching safepoint: 29800 ns, At safepoint: 16768914 ns, Total: 16798714 ns
[1466.473s][info ][safepoint      ] Safepoint "Cleanup", Time since last: 3000208914 ns, Reaching safepoint: 48100 ns, At safepoint: 2300 ns, Total: 50400 ns
[1468.474s][info ][safepoint      ] Safepoint "Cleanup", Time since last: 2000204808 ns, Reaching safepoint: 110000 ns, At safepoint: 18400 ns, Total: 128400 ns
[1469.474s][info ][safepoint      ] Safepoint "Cleanup", Time since last: 1000134854 ns, Reaching safepoint: 65800 ns, At safepoint: 2900 ns, Total: 68700 ns
[1470.474s][info ][safepoint      ] Safepoint "Cleanup", Time since last: 1000109954 ns, Reaching safepoint: 46500 ns, At safepoint: 2400 ns, Total: 48900 ns
[1471.474s][info ][safepoint      ] Safepoint "Cleanup", Time since last: 1000101554 ns, Reaching safepoint: 111600 ns, At safepoint: 12800 ns, Total: 124400 ns
[1473.475s][info ][safepoint      ] Safepoint "Cleanup", Time since last: 2000200243 ns, Reaching safepoint: 49600 ns, At safepoint: 3400 ns, Total: 53000 ns
[1476.475s][info ][safepoint      ] Safepoint "Cleanup", Time since last: 3000249722 ns, Reaching safepoint: 33900 ns, At safepoint: 35300 ns, Total: 69200 ns
[1477.475s][info ][safepoint      ] Safepoint "Cleanup", Time since last: 1000128640 ns, Reaching safepoint: 65000 ns, At safepoint: 5500 ns, Total: 70500 ns
[1478.106s][info ][gc,start       ] GC(56) Pause Young (Allocation Failure)
[1478.136s][debug][gc,phases      ] GC(56) Scavenge 29.622ms
[1478.136s][debug][gc,ref         ] GC(56) Skipped phase 1 of Reference Processing: no references
[1478.136s][debug][gc,ref         ] GC(56) ReferenceProcessor::execute queues: 1, RefProcThreadModel::Single, marks_oops_alive: false
[1478.136s][debug][gc,ref         ] GC(56) Skipped phase 3 of Reference Processing: no references
[1478.136s][debug][gc,ref         ] GC(56) ReferenceProcessor::execute queues: 1, RefProcThreadModel::Single, marks_oops_alive: false
[1478.136s][debug][gc,phases      ] GC(56) Reference Processing 0.108ms
[1478.136s][debug][gc,phases      ] GC(56)   VM Weak                        Min:  0.0, Avg:  0.0, Max:  0.0, Diff:  0.0, Sum:  0.0, Workers: 4
[1478.136s][debug][gc,phases      ] GC(56)     Dead                           Min: 0, Avg:  0.0, Max: 0, Diff: 0, Sum: 0, Workers: 4
[1478.136s][debug][gc,phases      ] GC(56)     Total                          Min: 0, Avg: 237.5, Max: 694, Diff: 694, Sum: 950, Workers: 4
[1478.136s][debug][gc,phases      ] GC(56)   ObjectSynchronizer Weak        Min:  0.0, Avg:  0.0, Max:  0.0, Diff:  0.0, Sum:  0.0, Workers: 4
[1478.136s][debug][gc,phases      ] GC(56)     Dead                           Min: 0, Avg:  0.0, Max: 0, Diff: 0, Sum: 0, Workers: 4
[1478.136s][debug][gc,phases      ] GC(56)     Total                          Min: 0, Avg: 14.0, Max: 56, Diff: 56, Sum: 56, Workers: 4
[1478.136s][debug][gc,phases      ] GC(56)   JVMTI Tag Weak OopStorage      Min:  0.0, Avg:  0.0, Max:  0.0, Diff:  0.0, Sum:  0.0, Workers: 4
[1478.136s][debug][gc,phases      ] GC(56)     Dead                           Min: 0, Avg:  0.0, Max: 0, Diff: 0, Sum: 0, Workers: 4
[1478.136s][debug][gc,phases      ] GC(56)     Total                          Min: 0, Avg:  0.0, Max: 0, Diff: 0, Sum: 0, Workers: 4
[1478.136s][debug][gc,phases      ] GC(56)   StringTable Weak               Min:  0.1, Avg:  0.1, Max:  0.2, Diff:  0.1, Sum:  0.5, Workers: 4
[1478.136s][debug][gc,phases      ] GC(56)     Dead                           Min: 0, Avg:  0.2, Max: 1, Diff: 1, Sum: 1, Workers: 4
[1478.136s][debug][gc,phases      ] GC(56)     Total                          Min: 3840, Avg: 10957.5, Max: 20151, Diff: 16311, Sum: 43830, Workers: 4
[1478.136s][debug][gc,phases      ] GC(56)   ResolvedMethodTable Weak       Min:  0.0, Avg:  0.0, Max:  0.0, Diff:  0.0, Sum:  0.1, Workers: 4
[1478.136s][debug][gc,phases      ] GC(56)     Dead                           Min: 0, Avg:  0.0, Max: 0, Diff: 0, Sum: 0, Workers: 4
[1478.136s][debug][gc,phases      ] GC(56)     Total                          Min: 0, Avg: 2453.0, Max: 4096, Diff: 4096, Sum: 9812, Workers: 4
[1478.136s][debug][gc,phases      ] GC(56)   JNI Weak                       Min:  0.0, Avg:  0.0, Max:  0.0, Diff:  0.0, Sum:  0.0, Workers: 4
[1478.136s][debug][gc,phases      ] GC(56)     Dead                           Min: 0, Avg:  0.0, Max: 0, Diff: 0, Sum: 0, Workers: 4
[1478.136s][debug][gc,phases      ] GC(56)     Total                          Min: 0, Avg: 11.2, Max: 45, Diff: 45, Sum: 45, Workers: 4
[1478.136s][debug][gc,phases      ] GC(56)   StringDedup Table Weak         Min:  0.0, Avg:  0.0, Max:  0.0, Diff:  0.0, Sum:  0.0, Workers: 4
[1478.136s][debug][gc,phases      ] GC(56)     Dead                           Min: 0, Avg:  0.0, Max: 0, Diff: 0, Sum: 0, Workers: 4
[1478.136s][debug][gc,phases      ] GC(56)     Total                          Min: 0, Avg:  0.0, Max: 0, Diff: 0, Sum: 0, Workers: 4
[1478.136s][debug][gc,phases      ] GC(56)   StringDedup Requests0 Weak     Min:  0.0, Avg:  0.0, Max:  0.0, Diff:  0.0, Sum:  0.0, Workers: 4
[1478.136s][debug][gc,phases      ] GC(56)     Dead                           Min: 0, Avg:  0.0, Max: 0, Diff: 0, Sum: 0, Workers: 4
[1478.136s][debug][gc,phases      ] GC(56)     Total                          Min: 0, Avg:  0.0, Max: 0, Diff: 0, Sum: 0, Workers: 4
[1478.136s][debug][gc,phases      ] GC(56)   StringDedup Requests1 Weak     Min:  0.0, Avg:  0.0, Max:  0.0, Diff:  0.0, Sum:  0.0, Workers: 4
[1478.136s][debug][gc,phases      ] GC(56)     Dead                           Min: 0, Avg:  0.0, Max: 0, Diff: 0, Sum: 0, Workers: 4
[1478.137s][debug][gc,phases      ] GC(56)     Total                          Min: 0, Avg:  0.0, Max: 0, Diff: 0, Sum: 0, Workers: 4
[1478.137s][debug][gc,phases      ] GC(56)   Weak JFR Old Object Samples    Min:  0.0, Avg:  0.0, Max:  0.0, Diff:  0.0, Sum:  0.0, Workers: 4
[1478.137s][debug][gc,phases      ] GC(56)     Dead                           Min: 0, Avg:  0.0, Max: 0, Diff: 0, Sum: 0, Workers: 4
[1478.137s][debug][gc,phases      ] GC(56)     Total                          Min: 0, Avg:  0.0, Max: 0, Diff: 0, Sum: 0, Workers: 4
[1478.137s][debug][gc,phases      ] GC(56) Weak Processing 0.324ms
[1478.137s][debug][gc,age         ] GC(56) Desired survivor size 228589568 bytes, new threshold 15 (max threshold 15)
[1478.137s][info ][gc,heap        ] GC(56) PSYoungGen: 1674583K(1849856K)->117441K(1873920K) Eden: 1614336K(1614336K)->0K(1649152K) From: 60247K(235520K)->117441K(224768K)
[1478.137s][info ][gc,heap        ] GC(56) ParOldGen: 435570K(559616K)->435602K(559616K)
[1478.137s][info ][gc,metaspace   ] GC(56) Metaspace: 83474K(84608K)->83474K(84608K) NonClass: 71614K(72256K)->71614K(72256K) Class: 11859K(12352K)->11859K(12352K)
[1478.137s][info ][gc             ] GC(56) Pause Young (Allocation Failure) 2060M->540M(2376M) 30.178ms
[1478.137s][info ][gc,cpu         ] GC(56) User=0.12s Sys=0.00s Real=0.03s
[1478.137s][info ][safepoint      ] Safepoint "ParallelGCFailedAllocation", Time since last: 631127431 ns, Reaching safepoint: 119600 ns, At safepoint: 30251325 ns, Total: 30370925 ns
[1479.137s][info ][safepoint      ] Safepoint "Cleanup", Time since last: 1000087941 ns, Reaching safepoint: 46600 ns, At safepoint: 2800 ns, Total: 49400 ns
[1481.137s][info ][safepoint      ] Safepoint "Cleanup", Time since last: 2000165396 ns, Reaching safepoint: 43500 ns, At safepoint: 3400 ns, Total: 46900 ns
[1482.137s][info ][safepoint      ] Safepoint "Cleanup", Time since last: 1000107266 ns, Reaching safepoint: 38100 ns, At safepoint: 4100 ns, Total: 42200 ns
[1484.137s][info ][safepoint      ] Safepoint "Cleanup", Time since last: 2000174433 ns, Reaching safepoint: 51400 ns, At safepoint: 5000 ns, Total: 56400 ns
[1486.138s][info ][safepoint      ] Safepoint "Cleanup", Time since last: 2000171533 ns, Reaching safepoint: 48401 ns, At safepoint: 4600 ns, Total: 53001 ns
[1487.138s][info ][safepoint      ] Safepoint "Cleanup", Time since last: 1000077466 ns, Reaching safepoint: 44400 ns, At safepoint: 2900 ns, Total: 47300 ns
[1488.138s][info ][safepoint      ] Safepoint "Cleanup", Time since last: 1000117733 ns, Reaching safepoint: 49000 ns, At safepoint: 3400 ns, Total: 52400 ns
[1489.138s][info ][safepoint      ] Safepoint "Cleanup", Time since last: 1000101617 ns, Reaching safepoint: 47200 ns, At safepoint: 2900 ns, Total: 50100 ns
[1490.138s][info ][safepoint      ] Safepoint "Cleanup", Time since last: 1000097427 ns, Reaching safepoint: 109101 ns, At safepoint: 6500 ns, Total: 115601 ns
[1492.138s][info ][safepoint      ] Safepoint "Cleanup", Time since last: 2000164955 ns, Reaching safepoint: 42500 ns, At safepoint: 2900 ns, Total: 45400 ns
[1493.139s][info ][safepoint      ] Safepoint "Cleanup", Time since last: 1000104028 ns, Reaching safepoint: 44300 ns, At safepoint: 2800 ns, Total: 47100 ns
[1494.139s][info ][safepoint      ] Safepoint "Cleanup", Time since last: 1000103027 ns, Reaching safepoint: 40400 ns, At safepoint: 2900 ns, Total: 43300 ns
[1496.139s][info ][safepoint      ] Safepoint "Cleanup", Time since last: 2000192556 ns, Reaching safepoint: 40800 ns, At safepoint: 3100 ns, Total: 43900 ns
[1497.139s][info ][safepoint      ] Safepoint "Cleanup", Time since last: 1000100671 ns, Reaching safepoint: 38800 ns, At safepoint: 2200 ns, Total: 41000 ns
[1498.139s][info ][safepoint      ] Safepoint "Cleanup", Time since last: 1000107184 ns, Reaching safepoint: 41400 ns, At safepoint: 2400 ns, Total: 43800 ns
[1499.139s][info ][safepoint      ] Safepoint "Cleanup", Time since last: 1000096285 ns, Reaching safepoint: 41900 ns, At safepoint: 7500 ns, Total: 49400 ns
[1500.711s][info ][safepoint      ] Safepoint "Cleanup", Time since last: 1571855004 ns, Reaching safepoint: 158400 ns, At safepoint: 6300 ns, Total: 164700 ns
[1501.712s][info ][safepoint      ] Safepoint "Cleanup", Time since last: 1000127385 ns, Reaching safepoint: 125000 ns, At safepoint: 7900 ns, Total: 132900 ns
[1502.808s][info ][safepoint      ] Safepoint "Cleanup", Time since last: 1096094154 ns, Reaching safepoint: 120000 ns, At safepoint: 11700 ns, Total: 131700 ns
[1502.995s][info ][gc,start       ] GC(57) Pause Young (Allocation Failure)
[1503.029s][debug][gc,phases      ] GC(57) Scavenge 33.370ms
[1503.029s][debug][gc,ref         ] GC(57) Skipped phase 1 of Reference Processing: no references
[1503.029s][debug][gc,ref         ] GC(57) ReferenceProcessor::execute queues: 1, RefProcThreadModel::Single, marks_oops_alive: false
[1503.029s][debug][gc,ref         ] GC(57) Skipped phase 3 of Reference Processing: no references
[1503.029s][debug][gc,ref         ] GC(57) ReferenceProcessor::execute queues: 1, RefProcThreadModel::Single, marks_oops_alive: false
[1503.029s][debug][gc,phases      ] GC(57) Reference Processing 0.107ms
[1503.029s][debug][gc,phases      ] GC(57)   VM Weak                        Min:  0.0, Avg:  0.0, Max:  0.0, Diff:  0.0, Sum:  0.0, Workers: 4
[1503.029s][debug][gc,phases      ] GC(57)     Dead                           Min: 0, Avg:  0.0, Max: 0, Diff: 0, Sum: 0, Workers: 4
[1503.029s][debug][gc,phases      ] GC(57)     Total                          Min: 0, Avg: 238.5, Max: 768, Diff: 768, Sum: 954, Workers: 4
[1503.029s][debug][gc,phases      ] GC(57)   ObjectSynchronizer Weak        Min:  0.0, Avg:  0.0, Max:  0.0, Diff:  0.0, Sum:  0.0, Workers: 4
[1503.029s][debug][gc,phases      ] GC(57)     Dead                           Min: 0, Avg:  0.0, Max: 0, Diff: 0, Sum: 0, Workers: 4
[1503.029s][debug][gc,phases      ] GC(57)     Total                          Min: 0, Avg: 14.0, Max: 56, Diff: 56, Sum: 56, Workers: 4
[1503.029s][debug][gc,phases      ] GC(57)   JVMTI Tag Weak OopStorage      Min:  0.0, Avg:  0.0, Max:  0.0, Diff:  0.0, Sum:  0.0, Workers: 4
[1503.029s][debug][gc,phases      ] GC(57)     Dead                           Min: 0, Avg:  0.0, Max: 0, Diff: 0, Sum: 0, Workers: 4
[1503.029s][debug][gc,phases      ] GC(57)     Total                          Min: 0, Avg:  0.0, Max: 0, Diff: 0, Sum: 0, Workers: 4
[1503.029s][debug][gc,phases      ] GC(57)   StringTable Weak               Min:  0.0, Avg:  0.1, Max:  0.1, Diff:  0.1, Sum:  0.4, Workers: 4
[1503.029s][debug][gc,phases      ] GC(57)     Dead                           Min: 0, Avg:  0.2, Max: 1, Diff: 1, Sum: 1, Workers: 4
[1503.029s][debug][gc,phases      ] GC(57)     Total                          Min: 0, Avg: 10958.5, Max: 18875, Diff: 18875, Sum: 43834, Workers: 4
[1503.029s][debug][gc,phases      ] GC(57)   ResolvedMethodTable Weak       Min:  0.0, Avg:  0.0, Max:  0.0, Diff:  0.0, Sum:  0.1, Workers: 4
[1503.029s][debug][gc,phases      ] GC(57)     Dead                           Min: 0, Avg:  0.0, Max: 0, Diff: 0, Sum: 0, Workers: 4
[1503.029s][debug][gc,phases      ] GC(57)     Total                          Min: 0, Avg: 2456.5, Max: 4032, Diff: 4032, Sum: 9826, Workers: 4
[1503.029s][debug][gc,phases      ] GC(57)   JNI Weak                       Min:  0.0, Avg:  0.0, Max:  0.0, Diff:  0.0, Sum:  0.0, Workers: 4
[1503.029s][debug][gc,phases      ] GC(57)     Dead                           Min: 0, Avg:  0.0, Max: 0, Diff: 0, Sum: 0, Workers: 4
[1503.029s][debug][gc,phases      ] GC(57)     Total                          Min: 0, Avg: 11.2, Max: 45, Diff: 45, Sum: 45, Workers: 4
[1503.029s][debug][gc,phases      ] GC(57)   StringDedup Table Weak         Min:  0.0, Avg:  0.0, Max:  0.0, Diff:  0.0, Sum:  0.0, Workers: 4
[1503.029s][debug][gc,phases      ] GC(57)     Dead                           Min: 0, Avg:  0.0, Max: 0, Diff: 0, Sum: 0, Workers: 4
[1503.029s][debug][gc,phases      ] GC(57)     Total                          Min: 0, Avg:  0.0, Max: 0, Diff: 0, Sum: 0, Workers: 4
[1503.029s][debug][gc,phases      ] GC(57)   StringDedup Requests0 Weak     Min:  0.0, Avg:  0.0, Max:  0.0, Diff:  0.0, Sum:  0.0, Workers: 4
[1503.029s][debug][gc,phases      ] GC(57)     Dead                           Min: 0, Avg:  0.0, Max: 0, Diff: 0, Sum: 0, Workers: 4
[1503.029s][debug][gc,phases      ] GC(57)     Total                          Min: 0, Avg:  0.0, Max: 0, Diff: 0, Sum: 0, Workers: 4
[1503.029s][debug][gc,phases      ] GC(57)   StringDedup Requests1 Weak     Min:  0.0, Avg:  0.0, Max:  0.0, Diff:  0.0, Sum:  0.0, Workers: 4
[1503.029s][debug][gc,phases      ] GC(57)     Dead                           Min: 0, Avg:  0.0, Max: 0, Diff: 0, Sum: 0, Workers: 4
[1503.029s][debug][gc,phases      ] GC(57)     Total                          Min: 0, Avg:  0.0, Max: 0, Diff: 0, Sum: 0, Workers: 4
[1503.029s][debug][gc,phases      ] GC(57)   Weak JFR Old Object Samples    Min:  0.0, Avg:  0.0, Max:  0.0, Diff:  0.0, Sum:  0.0, Workers: 4
[1503.029s][debug][gc,phases      ] GC(57)     Dead                           Min: 0, Avg:  0.0, Max: 0, Diff: 0, Sum: 0, Workers: 4
[1503.029s][debug][gc,phases      ] GC(57)     Total                          Min: 0, Avg:  0.0, Max: 0, Diff: 0, Sum: 0, Workers: 4
[1503.029s][debug][gc,phases      ] GC(57) Weak Processing 0.313ms
[1503.029s][debug][gc,age         ] GC(57) Desired survivor size 238026752 bytes, new threshold 15 (max threshold 15)
[1503.029s][info ][gc,heap        ] GC(57) PSYoungGen: 1766593K(1873920K)->148049K(1797632K) Eden: 1649152K(1649152K)->0K(1649152K) From: 117441K(224768K)->148049K(148480K)
[1503.029s][info ][gc,heap        ] GC(57) ParOldGen: 435602K(559616K)->436330K(559616K)
[1503.029s][info ][gc,metaspace   ] GC(57) Metaspace: 83518K(84608K)->83518K(84608K) NonClass: 71653K(72256K)->71653K(72256K) Class: 11864K(12352K)->11864K(12352K)
[1503.029s][info ][gc             ] GC(57) Pause Young (Allocation Failure) 2150M->570M(2302M) 33.925ms
[1503.029s][info ][gc,cpu         ] GC(57) User=0.13s Sys=0.00s Real=0.03s
[1503.029s][info ][safepoint      ] Safepoint "ParallelGCFailedAllocation", Time since last: 187085245 ns, Reaching safepoint: 104100 ns, At safepoint: 33993931 ns, Total: 34098031 ns
[1504.029s][info ][safepoint      ] Safepoint "Cleanup", Time since last: 1000073925 ns, Reaching safepoint: 61000 ns, At safepoint: 4800 ns, Total: 65800 ns
[1505.029s][info ][safepoint      ] Safepoint "Cleanup", Time since last: 1000106321 ns, Reaching safepoint: 44300 ns, At safepoint: 4300 ns, Total: 48600 ns
[1508.030s][info ][safepoint      ] Safepoint "Cleanup", Time since last: 3000232057 ns, Reaching safepoint: 65600 ns, At safepoint: 6600 ns, Total: 72200 ns
[1509.030s][info ][safepoint      ] Safepoint "Cleanup", Time since last: 1000121085 ns, Reaching safepoint: 40400 ns, At safepoint: 4800 ns, Total: 45200 ns
[1512.091s][info ][safepoint      ] Safepoint "Cleanup", Time since last: 3060857310 ns, Reaching safepoint: 31000 ns, At safepoint: 8600 ns, Total: 39600 ns
[1513.091s][info ][safepoint      ] Safepoint "Cleanup", Time since last: 1000090722 ns, Reaching safepoint: 48900 ns, At safepoint: 2500 ns, Total: 51400 ns
[1518.091s][info ][safepoint      ] Safepoint "Cleanup", Time since last: 5000388701 ns, Reaching safepoint: 36400 ns, At safepoint: 3300 ns, Total: 39700 ns
[1520.092s][info ][safepoint      ] Safepoint "Cleanup", Time since last: 2000186540 ns, Reaching safepoint: 42300 ns, At safepoint: 4100 ns, Total: 46400 ns
[1522.092s][info ][safepoint      ] Safepoint "Cleanup", Time since last: 2000158216 ns, Reaching safepoint: 38500 ns, At safepoint: 3000 ns, Total: 41500 ns
[1525.092s][info ][safepoint      ] Safepoint "Cleanup", Time since last: 3000272887 ns, Reaching safepoint: 71000 ns, At safepoint: 6100 ns, Total: 77100 ns
[1526.092s][info ][safepoint      ] Safepoint "Cleanup", Time since last: 1000106496 ns, Reaching safepoint: 36300 ns, At safepoint: 2200 ns, Total: 38500 ns
[1527.092s][info ][safepoint      ] Safepoint "Cleanup", Time since last: 1000101896 ns, Reaching safepoint: 74500 ns, At safepoint: 4800 ns, Total: 79300 ns
[1528.093s][info ][safepoint      ] Safepoint "Cleanup", Time since last: 1000104065 ns, Reaching safepoint: 67101 ns, At safepoint: 5100 ns, Total: 72201 ns
[1529.093s][info ][safepoint      ] Safepoint "Cleanup", Time since last: 1000106037 ns, Reaching safepoint: 59700 ns, At safepoint: 4600 ns, Total: 64300 ns
[1530.093s][info ][safepoint      ] Safepoint "Cleanup", Time since last: 1000098921 ns, Reaching safepoint: 39700 ns, At safepoint: 3000 ns, Total: 42700 ns
[1531.093s][info ][safepoint      ] Safepoint "Cleanup", Time since last: 1000123320 ns, Reaching safepoint: 45100 ns, At safepoint: 2600 ns, Total: 47700 ns
[1533.093s][info ][safepoint      ] Safepoint "Cleanup", Time since last: 2000173840 ns, Reaching safepoint: 51100 ns, At safepoint: 2900 ns, Total: 54000 ns
[1535.094s][info ][safepoint      ] Safepoint "Cleanup", Time since last: 2000218240 ns, Reaching safepoint: 50000 ns, At safepoint: 2900 ns, Total: 52900 ns
[1536.094s][info ][safepoint      ] Safepoint "Cleanup", Time since last: 1000117221 ns, Reaching safepoint: 51400 ns, At safepoint: 4900 ns, Total: 56300 ns
[1537.094s][info ][safepoint      ] Safepoint "Cleanup", Time since last: 1000104170 ns, Reaching safepoint: 36200 ns, At safepoint: 4100 ns, Total: 40300 ns
[1538.094s][info ][safepoint      ] Safepoint "Cleanup", Time since last: 1000104375 ns, Reaching safepoint: 44100 ns, At safepoint: 3600 ns, Total: 47700 ns
[1538.660s][info ][gc,start       ] GC(58) Pause Young (Allocation Failure)
[1538.696s][debug][gc,phases      ] GC(58) Scavenge 36.589ms
[1538.696s][debug][gc,ref         ] GC(58) Skipped phase 1 of Reference Processing: no references
[1538.697s][debug][gc,ref         ] GC(58) ReferenceProcessor::execute queues: 1, RefProcThreadModel::Single, marks_oops_alive: false
[1538.697s][debug][gc,ref         ] GC(58) Skipped phase 3 of Reference Processing: no references
[1538.697s][debug][gc,ref         ] GC(58) ReferenceProcessor::execute queues: 1, RefProcThreadModel::Single, marks_oops_alive: false
[1538.697s][debug][gc,phases      ] GC(58) Reference Processing 0.112ms
[1538.697s][debug][gc,phases      ] GC(58)   VM Weak                        Min:  0.0, Avg:  0.0, Max:  0.0, Diff:  0.0, Sum:  0.0, Workers: 4
[1538.697s][debug][gc,phases      ] GC(58)     Dead                           Min: 0, Avg:  0.0, Max: 0, Diff: 0, Sum: 0, Workers: 4
[1538.697s][debug][gc,phases      ] GC(58)     Total                          Min: 0, Avg: 238.5, Max: 570, Diff: 570, Sum: 954, Workers: 4
[1538.697s][debug][gc,phases      ] GC(58)   ObjectSynchronizer Weak        Min:  0.0, Avg:  0.0, Max:  0.0, Diff:  0.0, Sum:  0.0, Workers: 4
[1538.697s][debug][gc,phases      ] GC(58)     Dead                           Min: 0, Avg:  0.0, Max: 0, Diff: 0, Sum: 0, Workers: 4
[1538.697s][debug][gc,phases      ] GC(58)     Total                          Min: 0, Avg: 14.0, Max: 56, Diff: 56, Sum: 56, Workers: 4
[1538.697s][debug][gc,phases      ] GC(58)   JVMTI Tag Weak OopStorage      Min:  0.0, Avg:  0.0, Max:  0.0, Diff:  0.0, Sum:  0.0, Workers: 4
[1538.697s][debug][gc,phases      ] GC(58)     Dead                           Min: 0, Avg:  0.0, Max: 0, Diff: 0, Sum: 0, Workers: 4
[1538.697s][debug][gc,phases      ] GC(58)     Total                          Min: 0, Avg:  0.0, Max: 0, Diff: 0, Sum: 0, Workers: 4
[1538.697s][debug][gc,phases      ] GC(58)   StringTable Weak               Min:  0.0, Avg:  0.1, Max:  0.1, Diff:  0.1, Sum:  0.3, Workers: 4
[1538.697s][debug][gc,phases      ] GC(58)     Dead                           Min: 0, Avg:  0.0, Max: 0, Diff: 0, Sum: 0, Workers: 4
[1538.697s][debug][gc,phases      ] GC(58)     Total                          Min: 0, Avg: 10972.5, Max: 19314, Diff: 19314, Sum: 43890, Workers: 4
[1538.697s][debug][gc,phases      ] GC(58)   ResolvedMethodTable Weak       Min:  0.0, Avg:  0.0, Max:  0.0, Diff:  0.0, Sum:  0.1, Workers: 4
[1538.697s][debug][gc,phases      ] GC(58)     Dead                           Min: 0, Avg:  0.0, Max: 0, Diff: 0, Sum: 0, Workers: 4
[1538.697s][debug][gc,phases      ] GC(58)     Total                          Min: 0, Avg: 2456.5, Max: 4286, Diff: 4286, Sum: 9826, Workers: 4
[1538.697s][debug][gc,phases      ] GC(58)   JNI Weak                       Min:  0.0, Avg:  0.0, Max:  0.0, Diff:  0.0, Sum:  0.0, Workers: 4
[1538.697s][debug][gc,phases      ] GC(58)     Dead                           Min: 0, Avg:  0.0, Max: 0, Diff: 0, Sum: 0, Workers: 4
[1538.697s][debug][gc,phases      ] GC(58)     Total                          Min: 0, Avg: 11.2, Max: 45, Diff: 45, Sum: 45, Workers: 4
[1538.697s][debug][gc,phases      ] GC(58)   StringDedup Table Weak         Min:  0.0, Avg:  0.0, Max:  0.0, Diff:  0.0, Sum:  0.0, Workers: 4
[1538.697s][debug][gc,phases      ] GC(58)     Dead                           Min: 0, Avg:  0.0, Max: 0, Diff: 0, Sum: 0, Workers: 4
[1538.697s][debug][gc,phases      ] GC(58)     Total                          Min: 0, Avg:  0.0, Max: 0, Diff: 0, Sum: 0, Workers: 4
[1538.697s][debug][gc,phases      ] GC(58)   StringDedup Requests0 Weak     Min:  0.0, Avg:  0.0, Max:  0.0, Diff:  0.0, Sum:  0.0, Workers: 4
[1538.697s][debug][gc,phases      ] GC(58)     Dead                           Min: 0, Avg:  0.0, Max: 0, Diff: 0, Sum: 0, Workers: 4
[1538.697s][debug][gc,phases      ] GC(58)     Total                          Min: 0, Avg:  0.0, Max: 0, Diff: 0, Sum: 0, Workers: 4
[1538.697s][debug][gc,phases      ] GC(58)   StringDedup Requests1 Weak     Min:  0.0, Avg:  0.0, Max:  0.0, Diff:  0.0, Sum:  0.0, Workers: 4
[1538.697s][debug][gc,phases      ] GC(58)     Dead                           Min: 0, Avg:  0.0, Max: 0, Diff: 0, Sum: 0, Workers: 4
[1538.697s][debug][gc,phases      ] GC(58)     Total                          Min: 0, Avg:  0.0, Max: 0, Diff: 0, Sum: 0, Workers: 4
[1538.697s][debug][gc,phases      ] GC(58)   Weak JFR Old Object Samples    Min:  0.0, Avg:  0.0, Max:  0.0, Diff:  0.0, Sum:  0.0, Workers: 4
[1538.697s][debug][gc,phases      ] GC(58)     Dead                           Min: 0, Avg:  0.0, Max: 0, Diff: 0, Sum: 0, Workers: 4
[1538.697s][debug][gc,phases      ] GC(58)     Total                          Min: 0, Avg:  0.0, Max: 0, Diff: 0, Sum: 0, Workers: 4
[1538.697s][debug][gc,phases      ] GC(58) Weak Processing 0.308ms
[1538.697s][debug][gc,age         ] GC(58) Desired survivor size 250085376 bytes, new threshold 15 (max threshold 15)
[1538.697s][info ][gc,heap        ] GC(58) PSYoungGen: 1797201K(1797632K)->161601K(1841152K) Eden: 1649152K(1649152K)->0K(1608704K) From: 148049K(148480K)->161601K(232448K)
[1538.697s][info ][gc,heap        ] GC(58) ParOldGen: 436330K(559616K)->436362K(559616K)
[1538.697s][info ][gc,metaspace   ] GC(58) Metaspace: 83580K(84672K)->83580K(84672K) NonClass: 71715K(72320K)->71715K(72320K) Class: 11864K(12352K)->11864K(12352K)
[1538.697s][info ][gc             ] GC(58) Pause Young (Allocation Failure) 2181M->583M(2344M) 37.126ms
[1538.697s][info ][gc,cpu         ] GC(58) User=0.14s Sys=0.00s Real=0.03s
[1538.697s][info ][safepoint      ] Safepoint "ParallelGCFailedAllocation", Time since last: 565655947 ns, Reaching safepoint: 41900 ns, At safepoint: 37194863 ns, Total: 37236763 ns
[1539.697s][info ][safepoint      ] Safepoint "Cleanup", Time since last: 1000108074 ns, Reaching safepoint: 126801 ns, At safepoint: 7100 ns, Total: 133901 ns
[1540.697s][info ][safepoint      ] Safepoint "Cleanup", Time since last: 1000129974 ns, Reaching safepoint: 39900 ns, At safepoint: 3001 ns, Total: 42901 ns
[1541.698s][info ][safepoint      ] Safepoint "Cleanup", Time since last: 1000102674 ns, Reaching safepoint: 59100 ns, At safepoint: 4600 ns, Total: 63700 ns
[1542.698s][info ][safepoint      ] Safepoint "Cleanup", Time since last: 1000089875 ns, Reaching safepoint: 61100 ns, At safepoint: 2800 ns, Total: 63900 ns
[1543.698s][info ][safepoint      ] Safepoint "Cleanup", Time since last: 1000097875 ns, Reaching safepoint: 58500 ns, At safepoint: 7300 ns, Total: 65800 ns
[1544.698s][info ][safepoint      ] Safepoint "Cleanup", Time since last: 1000109075 ns, Reaching safepoint: 41100 ns, At safepoint: 2700 ns, Total: 43800 ns
[1545.698s][info ][safepoint      ] Safepoint "Cleanup", Time since last: 1000102063 ns, Reaching safepoint: 62600 ns, At safepoint: 5100 ns, Total: 67700 ns
[1546.698s][info ][safepoint      ] Safepoint "Cleanup", Time since last: 1000113210 ns, Reaching safepoint: 57300 ns, At safepoint: 3200 ns, Total: 60500 ns
[1547.699s][info ][safepoint      ] Safepoint "Cleanup", Time since last: 1000100810 ns, Reaching safepoint: 57600 ns, At safepoint: 2700 ns, Total: 60300 ns
[1548.699s][info ][safepoint      ] Safepoint "Cleanup", Time since last: 1000096210 ns, Reaching safepoint: 54000 ns, At safepoint: 2200 ns, Total: 56200 ns
[1549.699s][info ][safepoint      ] Safepoint "Cleanup", Time since last: 1000121110 ns, Reaching safepoint: 42801 ns, At safepoint: 3000 ns, Total: 45801 ns
[1550.699s][info ][safepoint      ] Safepoint "Cleanup", Time since last: 1000097410 ns, Reaching safepoint: 77900 ns, At safepoint: 2700 ns, Total: 80600 ns
[1552.699s][info ][safepoint      ] Safepoint "Cleanup", Time since last: 2000193320 ns, Reaching safepoint: 62200 ns, At safepoint: 2700 ns, Total: 64900 ns
[1553.699s][info ][safepoint      ] Safepoint "Cleanup", Time since last: 1000108582 ns, Reaching safepoint: 68500 ns, At safepoint: 5100 ns, Total: 73600 ns
[1554.700s][info ][safepoint      ] Safepoint "Cleanup", Time since last: 1000104232 ns, Reaching safepoint: 48500 ns, At safepoint: 2500 ns, Total: 51000 ns
[1555.700s][info ][safepoint      ] Safepoint "Cleanup", Time since last: 1000124532 ns, Reaching safepoint: 72200 ns, At safepoint: 5200 ns, Total: 77400 ns
[1556.700s][info ][safepoint      ] Safepoint "Cleanup", Time since last: 1000106233 ns, Reaching safepoint: 43100 ns, At safepoint: 2700 ns, Total: 45800 ns
[1557.700s][info ][safepoint      ] Safepoint "Cleanup", Time since last: 1000106932 ns, Reaching safepoint: 42200 ns, At safepoint: 2700 ns, Total: 44900 ns
[1558.692s][info ][gc,start       ] GC(59) Pause Young (Allocation Failure)
[1558.736s][debug][gc,phases      ] GC(59) Scavenge 44.244ms
[1558.736s][debug][gc,ref         ] GC(59) Skipped phase 1 of Reference Processing: no references
[1558.737s][debug][gc,ref         ] GC(59) ReferenceProcessor::execute queues: 1, RefProcThreadModel::Single, marks_oops_alive: false
[1558.737s][debug][gc,ref         ] GC(59) Skipped phase 3 of Reference Processing: no references
[1558.737s][debug][gc,ref         ] GC(59) ReferenceProcessor::execute queues: 1, RefProcThreadModel::Single, marks_oops_alive: false
[1558.737s][debug][gc,phases      ] GC(59) Reference Processing 0.119ms
[1558.737s][debug][gc,phases      ] GC(59)   VM Weak                        Min:  0.0, Avg:  0.0, Max:  0.0, Diff:  0.0, Sum:  0.0, Workers: 4
[1558.737s][debug][gc,phases      ] GC(59)     Dead                           Min: 0, Avg:  0.0, Max: 0, Diff: 0, Sum: 0, Workers: 4
[1558.737s][debug][gc,phases      ] GC(59)     Total                          Min: 0, Avg: 238.5, Max: 896, Diff: 896, Sum: 954, Workers: 4
[1558.737s][debug][gc,phases      ] GC(59)   ObjectSynchronizer Weak        Min:  0.0, Avg:  0.0, Max:  0.0, Diff:  0.0, Sum:  0.0, Workers: 4
[1558.737s][debug][gc,phases      ] GC(59)     Dead                           Min: 0, Avg:  0.0, Max: 0, Diff: 0, Sum: 0, Workers: 4
[1558.737s][debug][gc,phases      ] GC(59)     Total                          Min: 0, Avg: 14.0, Max: 56, Diff: 56, Sum: 56, Workers: 4
[1558.737s][debug][gc,phases      ] GC(59)   JVMTI Tag Weak OopStorage      Min:  0.0, Avg:  0.0, Max:  0.0, Diff:  0.0, Sum:  0.0, Workers: 4
[1558.737s][debug][gc,phases      ] GC(59)     Dead                           Min: 0, Avg:  0.0, Max: 0, Diff: 0, Sum: 0, Workers: 4
[1558.737s][debug][gc,phases      ] GC(59)     Total                          Min: 0, Avg:  0.0, Max: 0, Diff: 0, Sum: 0, Workers: 4
[1558.737s][debug][gc,phases      ] GC(59)   StringTable Weak               Min:  0.1, Avg:  0.1, Max:  0.1, Diff:  0.0, Sum:  0.4, Workers: 4
[1558.737s][debug][gc,phases      ] GC(59)     Dead                           Min: 0, Avg:  0.0, Max: 0, Diff: 0, Sum: 0, Workers: 4
[1558.737s][debug][gc,phases      ] GC(59)     Total                          Min: 10624, Avg: 10973.2, Max: 11776, Diff: 1152, Sum: 43893, Workers: 4
[1558.737s][debug][gc,phases      ] GC(59)   ResolvedMethodTable Weak       Min:  0.0, Avg:  0.0, Max:  0.0, Diff:  0.0, Sum:  0.1, Workers: 4
[1558.737s][debug][gc,phases      ] GC(59)     Dead                           Min: 0, Avg:  0.0, Max: 0, Diff: 0, Sum: 0, Workers: 4
[1558.737s][debug][gc,phases      ] GC(59)     Total                          Min: 2240, Avg: 2456.5, Max: 2622, Diff: 382, Sum: 9826, Workers: 4
[1558.737s][debug][gc,phases      ] GC(59)   JNI Weak                       Min:  0.0, Avg:  0.0, Max:  0.0, Diff:  0.0, Sum:  0.0, Workers: 4
[1558.737s][debug][gc,phases      ] GC(59)     Dead                           Min: 0, Avg:  0.0, Max: 0, Diff: 0, Sum: 0, Workers: 4
[1558.737s][debug][gc,phases      ] GC(59)     Total                          Min: 0, Avg: 11.2, Max: 45, Diff: 45, Sum: 45, Workers: 4
[1558.737s][debug][gc,phases      ] GC(59)   StringDedup Table Weak         Min:  0.0, Avg:  0.0, Max:  0.0, Diff:  0.0, Sum:  0.0, Workers: 4
[1558.737s][debug][gc,phases      ] GC(59)     Dead                           Min: 0, Avg:  0.0, Max: 0, Diff: 0, Sum: 0, Workers: 4
[1558.737s][debug][gc,phases      ] GC(59)     Total                          Min: 0, Avg:  0.0, Max: 0, Diff: 0, Sum: 0, Workers: 4
[1558.737s][debug][gc,phases      ] GC(59)   StringDedup Requests0 Weak     Min:  0.0, Avg:  0.0, Max:  0.0, Diff:  0.0, Sum:  0.0, Workers: 4
[1558.737s][debug][gc,phases      ] GC(59)     Dead                           Min: 0, Avg:  0.0, Max: 0, Diff: 0, Sum: 0, Workers: 4
[1558.737s][debug][gc,phases      ] GC(59)     Total                          Min: 0, Avg:  0.0, Max: 0, Diff: 0, Sum: 0, Workers: 4
[1558.737s][debug][gc,phases      ] GC(59)   StringDedup Requests1 Weak     Min:  0.0, Avg:  0.0, Max:  0.0, Diff:  0.0, Sum:  0.0, Workers: 4
[1558.737s][debug][gc,phases      ] GC(59)     Dead                           Min: 0, Avg:  0.0, Max: 0, Diff: 0, Sum: 0, Workers: 4
[1558.737s][debug][gc,phases      ] GC(59)     Total                          Min: 0, Avg:  0.0, Max: 0, Diff: 0, Sum: 0, Workers: 4
[1558.737s][debug][gc,phases      ] GC(59)   Weak JFR Old Object Samples    Min:  0.0, Avg:  0.0, Max:  0.0, Diff:  0.0, Sum:  0.0, Workers: 4
[1558.737s][debug][gc,phases      ] GC(59)     Dead                           Min: 0, Avg:  0.0, Max: 0, Diff: 0, Sum: 0, Workers: 4
[1558.737s][debug][gc,phases      ] GC(59)     Total                          Min: 0, Avg:  0.0, Max: 0, Diff: 0, Sum: 0, Workers: 4
[1558.737s][debug][gc,phases      ] GC(59) Weak Processing 0.297ms
[1558.737s][debug][gc,age         ] GC(59) Desired survivor size 274726912 bytes, new threshold 15 (max threshold 15)
[1558.737s][info ][gc,heap        ] GC(59) PSYoungGen: 1770305K(1841152K)->203761K(1812480K) Eden: 1608704K(1608704K)->0K(1608704K) From: 161601K(232448K)->203761K(203776K)
[1558.737s][info ][gc,heap        ] GC(59) ParOldGen: 436362K(559616K)->436378K(559616K)
[1558.737s][info ][gc,metaspace   ] GC(59) Metaspace: 83633K(84736K)->83633K(84736K) NonClass: 71768K(72384K)->71768K(72384K) Class: 11864K(12352K)->11864K(12352K)
[1558.737s][info ][gc             ] GC(59) Pause Young (Allocation Failure) 2154M->625M(2316M) 44.782ms
[1558.737s][info ][gc,cpu         ] GC(59) User=0.18s Sys=0.00s Real=0.04s
[1558.737s][info ][safepoint      ] Safepoint "ParallelGCFailedAllocation", Time since last: 991910224 ns, Reaching safepoint: 114101 ns, At safepoint: 44865941 ns, Total: 44980042 ns
[1559.737s][info ][safepoint      ] Safepoint "Cleanup", Time since last: 1000116933 ns, Reaching safepoint: 52500 ns, At safepoint: 12000 ns, Total: 64500 ns
[1566.738s][info ][safepoint      ] Safepoint "Cleanup", Time since last: 7000518678 ns, Reaching safepoint: 47000 ns, At safepoint: 3400 ns, Total: 50400 ns
[1568.738s][info ][safepoint      ] Safepoint "Cleanup", Time since last: 2000181756 ns, Reaching safepoint: 47900 ns, At safepoint: 4800 ns, Total: 52700 ns
[1569.738s][info ][safepoint      ] Safepoint "Cleanup", Time since last: 1000123081 ns, Reaching safepoint: 57600 ns, At safepoint: 5400 ns, Total: 63000 ns
[1571.738s][info ][safepoint      ] Safepoint "Cleanup", Time since last: 2000194990 ns, Reaching safepoint: 49500 ns, At safepoint: 3100 ns, Total: 52600 ns
[1574.739s][info ][safepoint      ] Safepoint "Cleanup", Time since last: 3000227285 ns, Reaching safepoint: 42900 ns, At safepoint: 2600 ns, Total: 45500 ns
[1575.739s][info ][safepoint      ] Safepoint "Cleanup", Time since last: 1000131695 ns, Reaching safepoint: 55000 ns, At safepoint: 2600 ns, Total: 57600 ns
[1576.739s][info ][safepoint      ] Safepoint "Cleanup", Time since last: 1000100595 ns, Reaching safepoint: 37600 ns, At safepoint: 3500 ns, Total: 41100 ns
[1578.056s][info ][safepoint      ] Safepoint "Cleanup", Time since last: 1316491507 ns, Reaching safepoint: 145100 ns, At safepoint: 4500 ns, Total: 149600 ns
[1579.056s][info ][safepoint      ] Safepoint "Cleanup", Time since last: 1000108152 ns, Reaching safepoint: 122400 ns, At safepoint: 5300 ns, Total: 127700 ns
[1581.056s][info ][safepoint      ] Safepoint "Cleanup", Time since last: 2000177405 ns, Reaching safepoint: 110500 ns, At safepoint: 7900 ns, Total: 118400 ns
[1585.057s][info ][safepoint      ] Safepoint "Cleanup", Time since last: 4000373002 ns, Reaching safepoint: 127100 ns, At safepoint: 9900 ns, Total: 137000 ns
[1586.057s][info ][safepoint      ] Safepoint "Cleanup", Time since last: 1000113207 ns, Reaching safepoint: 123400 ns, At safepoint: 10700 ns, Total: 134100 ns
[1587.057s][info ][safepoint      ] Safepoint "Cleanup", Time since last: 1000114907 ns, Reaching safepoint: 111600 ns, At safepoint: 5900 ns, Total: 117500 ns
[1588.057s][info ][safepoint      ] Safepoint "Cleanup", Time since last: 1000105907 ns, Reaching safepoint: 122800 ns, At safepoint: 4400 ns, Total: 127200 ns
[1589.058s][info ][safepoint      ] Safepoint "Cleanup", Time since last: 1000103206 ns, Reaching safepoint: 109301 ns, At safepoint: 5900 ns, Total: 115201 ns
[1590.058s][info ][safepoint      ] Safepoint "Cleanup", Time since last: 1000109406 ns, Reaching safepoint: 132800 ns, At safepoint: 4700 ns, Total: 137500 ns
[1595.760s][info ][gc,start       ] GC(60) Pause Young (Allocation Failure)
[1595.801s][debug][gc,phases      ] GC(60) Scavenge 40.946ms
[1595.801s][debug][gc,ref         ] GC(60) Skipped phase 1 of Reference Processing: no references
[1595.801s][debug][gc,ref         ] GC(60) ReferenceProcessor::execute queues: 1, RefProcThreadModel::Single, marks_oops_alive: false
[1595.801s][debug][gc,ref         ] GC(60) Skipped phase 3 of Reference Processing: no references
[1595.801s][debug][gc,ref         ] GC(60) ReferenceProcessor::execute queues: 1, RefProcThreadModel::Single, marks_oops_alive: false
[1595.801s][debug][gc,phases      ] GC(60) Reference Processing 0.113ms
[1595.801s][debug][gc,phases      ] GC(60)   VM Weak                        Min:  0.0, Avg:  0.0, Max:  0.0, Diff:  0.0, Sum:  0.0, Workers: 4
[1595.801s][debug][gc,phases      ] GC(60)     Dead                           Min: 0, Avg:  0.0, Max: 0, Diff: 0, Sum: 0, Workers: 4
[1595.801s][debug][gc,phases      ] GC(60)     Total                          Min: 0, Avg: 238.5, Max: 570, Diff: 570, Sum: 954, Workers: 4
[1595.801s][debug][gc,phases      ] GC(60)   ObjectSynchronizer Weak        Min:  0.0, Avg:  0.0, Max:  0.0, Diff:  0.0, Sum:  0.0, Workers: 4
[1595.801s][debug][gc,phases      ] GC(60)     Dead                           Min: 0, Avg:  0.0, Max: 0, Diff: 0, Sum: 0, Workers: 4
[1595.801s][debug][gc,phases      ] GC(60)     Total                          Min: 0, Avg: 14.0, Max: 56, Diff: 56, Sum: 56, Workers: 4
[1595.801s][debug][gc,phases      ] GC(60)   JVMTI Tag Weak OopStorage      Min:  0.0, Avg:  0.0, Max:  0.0, Diff:  0.0, Sum:  0.0, Workers: 4
[1595.801s][debug][gc,phases      ] GC(60)     Dead                           Min: 0, Avg:  0.0, Max: 0, Diff: 0, Sum: 0, Workers: 4
[1595.802s][debug][gc,phases      ] GC(60)     Total                          Min: 0, Avg:  0.0, Max: 0, Diff: 0, Sum: 0, Workers: 4
[1595.802s][debug][gc,phases      ] GC(60)   StringTable Weak               Min:  0.0, Avg:  0.1, Max:  0.1, Diff:  0.1, Sum:  0.3, Workers: 4
[1595.802s][debug][gc,phases      ] GC(60)     Dead                           Min: 0, Avg:  0.5, Max: 2, Diff: 2, Sum: 2, Workers: 4
[1595.802s][debug][gc,phases      ] GC(60)     Total                          Min: 0, Avg: 10974.5, Max: 18175, Diff: 18175, Sum: 43898, Workers: 4
[1595.802s][debug][gc,phases      ] GC(60)   ResolvedMethodTable Weak       Min:  0.0, Avg:  0.0, Max:  0.0, Diff:  0.0, Sum:  0.1, Workers: 4
[1595.802s][debug][gc,phases      ] GC(60)     Dead                           Min: 0, Avg:  0.0, Max: 0, Diff: 0, Sum: 0, Workers: 4
[1595.802s][debug][gc,phases      ] GC(60)     Total                          Min: 0, Avg: 2459.8, Max: 4081, Diff: 4081, Sum: 9839, Workers: 4
[1595.802s][debug][gc,phases      ] GC(60)   JNI Weak                       Min:  0.0, Avg:  0.0, Max:  0.0, Diff:  0.0, Sum:  0.0, Workers: 4
[1595.802s][debug][gc,phases      ] GC(60)     Dead                           Min: 0, Avg:  0.0, Max: 0, Diff: 0, Sum: 0, Workers: 4
[1595.802s][debug][gc,phases      ] GC(60)     Total                          Min: 0, Avg: 11.2, Max: 45, Diff: 45, Sum: 45, Workers: 4
[1595.802s][debug][gc,phases      ] GC(60)   StringDedup Table Weak         Min:  0.0, Avg:  0.0, Max:  0.0, Diff:  0.0, Sum:  0.0, Workers: 4
[1595.802s][debug][gc,phases      ] GC(60)     Dead                           Min: 0, Avg:  0.0, Max: 0, Diff: 0, Sum: 0, Workers: 4
[1595.802s][debug][gc,phases      ] GC(60)     Total                          Min: 0, Avg:  0.0, Max: 0, Diff: 0, Sum: 0, Workers: 4
[1595.802s][debug][gc,phases      ] GC(60)   StringDedup Requests0 Weak     Min:  0.0, Avg:  0.0, Max:  0.0, Diff:  0.0, Sum:  0.0, Workers: 4
[1595.802s][debug][gc,phases      ] GC(60)     Dead                           Min: 0, Avg:  0.0, Max: 0, Diff: 0, Sum: 0, Workers: 4
[1595.802s][debug][gc,phases      ] GC(60)     Total                          Min: 0, Avg:  0.0, Max: 0, Diff: 0, Sum: 0, Workers: 4
[1595.802s][debug][gc,phases      ] GC(60)   StringDedup Requests1 Weak     Min:  0.0, Avg:  0.0, Max:  0.0, Diff:  0.0, Sum:  0.0, Workers: 4
[1595.802s][debug][gc,phases      ] GC(60)     Dead                           Min: 0, Avg:  0.0, Max: 0, Diff: 0, Sum: 0, Workers: 4
[1595.802s][debug][gc,phases      ] GC(60)     Total                          Min: 0, Avg:  0.0, Max: 0, Diff: 0, Sum: 0, Workers: 4
[1595.802s][debug][gc,phases      ] GC(60)   Weak JFR Old Object Samples    Min:  0.0, Avg:  0.0, Max:  0.0, Diff:  0.0, Sum:  0.0, Workers: 4
[1595.802s][debug][gc,phases      ] GC(60)     Dead                           Min: 0, Avg:  0.0, Max: 0, Diff: 0, Sum: 0, Workers: 4
[1595.802s][debug][gc,phases      ] GC(60)     Total                          Min: 0, Avg:  0.0, Max: 0, Diff: 0, Sum: 0, Workers: 4
[1595.802s][debug][gc,phases      ] GC(60) Weak Processing 0.314ms
[1595.802s][debug][gc,age         ] GC(60) Desired survivor size 287309824 bytes, new threshold 15 (max threshold 15)
[1595.802s][info ][gc,heap        ] GC(60) PSYoungGen: 1812465K(1812480K)->186626K(1804288K) Eden: 1608704K(1608704K)->0K(1536000K) From: 203761K(203776K)->186626K(268288K)
[1595.802s][info ][gc,heap        ] GC(60) ParOldGen: 436378K(559616K)->436402K(559616K)
[1595.802s][info ][gc,metaspace   ] GC(60) Metaspace: 83666K(84800K)->83666K(84800K) NonClass: 71793K(72384K)->71793K(72384K) Class: 11872K(12416K)->11872K(12416K)
[1595.802s][info ][gc             ] GC(60) Pause Young (Allocation Failure) 2196M->608M(2308M) 41.522ms
[1595.802s][info ][gc,cpu         ] GC(60) User=0.16s Sys=0.00s Real=0.04s
[1595.802s][info ][safepoint      ] Safepoint "ParallelGCFailedAllocation", Time since last: 5702192600 ns, Reaching safepoint: 23300 ns, At safepoint: 41597283 ns, Total: 41620583 ns
[1598.802s][info ][safepoint      ] Safepoint "Cleanup", Time since last: 3000211547 ns, Reaching safepoint: 40800 ns, At safepoint: 3900 ns, Total: 44700 ns
[1600.802s][info ][safepoint      ] Safepoint "Cleanup", Time since last: 2000178765 ns, Reaching safepoint: 40400 ns, At safepoint: 3100 ns, Total: 43500 ns
[1602.802s][info ][safepoint      ] Safepoint "Cleanup", Time since last: 2000186942 ns, Reaching safepoint: 38301 ns, At safepoint: 2600 ns, Total: 40901 ns
[1603.803s][info ][safepoint      ] Safepoint "Cleanup", Time since last: 1000135196 ns, Reaching safepoint: 60000 ns, At safepoint: 3400 ns, Total: 63400 ns
[1604.803s][info ][safepoint      ] Safepoint "Cleanup", Time since last: 1000107796 ns, Reaching safepoint: 44001 ns, At safepoint: 3300 ns, Total: 47301 ns
[1605.803s][info ][safepoint      ] Safepoint "Cleanup", Time since last: 1000125296 ns, Reaching safepoint: 46700 ns, At safepoint: 4000 ns, Total: 50700 ns
[1608.803s][info ][safepoint      ] Safepoint "Cleanup", Time since last: 3000233889 ns, Reaching safepoint: 43900 ns, At safepoint: 3100 ns, Total: 47000 ns
[1609.803s][info ][safepoint      ] Safepoint "Cleanup", Time since last: 1000112368 ns, Reaching safepoint: 50500 ns, At safepoint: 3200 ns, Total: 53700 ns
[1610.804s][info ][safepoint      ] Safepoint "Cleanup", Time since last: 1000101466 ns, Reaching safepoint: 36400 ns, At safepoint: 2700 ns, Total: 39100 ns
[1611.804s][info ][safepoint      ] Safepoint "Cleanup", Time since last: 1000102865 ns, Reaching safepoint: 42200 ns, At safepoint: 3000 ns, Total: 45200 ns
[1621.805s][info ][safepoint      ] Safepoint "Cleanup", Time since last: 10000791473 ns, Reaching safepoint: 77200 ns, At safepoint: 5401 ns, Total: 82601 ns
[1623.805s][info ][safepoint      ] Safepoint "Cleanup", Time since last: 2000164587 ns, Reaching safepoint: 142700 ns, At safepoint: 5500 ns, Total: 148200 ns
[1624.537s][info ][gc,start       ] GC(61) Pause Young (Allocation Failure)
[1624.583s][debug][gc,phases      ] GC(61) Scavenge 46.036ms
[1624.584s][debug][gc,ref         ] GC(61) Skipped phase 1 of Reference Processing: no references
[1624.584s][debug][gc,ref         ] GC(61) ReferenceProcessor::execute queues: 1, RefProcThreadModel::Single, marks_oops_alive: false
[1624.584s][debug][gc,ref         ] GC(61) Skipped phase 3 of Reference Processing: no references
[1624.584s][debug][gc,ref         ] GC(61) ReferenceProcessor::execute queues: 1, RefProcThreadModel::Single, marks_oops_alive: false
[1624.584s][debug][gc,phases      ] GC(61) Reference Processing 0.136ms
[1624.584s][debug][gc,phases      ] GC(61)   VM Weak                        Min:  0.0, Avg:  0.0, Max:  0.0, Diff:  0.0, Sum:  0.0, Workers: 4
[1624.584s][debug][gc,phases      ] GC(61)     Dead                           Min: 0, Avg:  0.0, Max: 0, Diff: 0, Sum: 0, Workers: 4
[1624.584s][debug][gc,phases      ] GC(61)     Total                          Min: 0, Avg: 238.5, Max: 826, Diff: 826, Sum: 954, Workers: 4
[1624.584s][debug][gc,phases      ] GC(61)   ObjectSynchronizer Weak        Min:  0.0, Avg:  0.0, Max:  0.0, Diff:  0.0, Sum:  0.0, Workers: 4
[1624.584s][debug][gc,phases      ] GC(61)     Dead                           Min: 0, Avg:  0.0, Max: 0, Diff: 0, Sum: 0, Workers: 4
[1624.584s][debug][gc,phases      ] GC(61)     Total                          Min: 0, Avg: 14.0, Max: 56, Diff: 56, Sum: 56, Workers: 4
[1624.584s][debug][gc,phases      ] GC(61)   JVMTI Tag Weak OopStorage      Min:  0.0, Avg:  0.0, Max:  0.0, Diff:  0.0, Sum:  0.0, Workers: 4
[1624.584s][debug][gc,phases      ] GC(61)     Dead                           Min: 0, Avg:  0.0, Max: 0, Diff: 0, Sum: 0, Workers: 4
[1624.584s][debug][gc,phases      ] GC(61)     Total                          Min: 0, Avg:  0.0, Max: 0, Diff: 0, Sum: 0, Workers: 4
[1624.584s][debug][gc,phases      ] GC(61)   StringTable Weak               Min:  0.0, Avg:  0.1, Max:  0.1, Diff:  0.1, Sum:  0.4, Workers: 4
[1624.584s][debug][gc,phases      ] GC(61)     Dead                           Min: 0, Avg:  0.0, Max: 0, Diff: 0, Sum: 0, Workers: 4
[1624.584s][debug][gc,phases      ] GC(61)     Total                          Min: 0, Avg: 10974.8, Max: 18621, Diff: 18621, Sum: 43899, Workers: 4
[1624.584s][debug][gc,phases      ] GC(61)   ResolvedMethodTable Weak       Min:  0.0, Avg:  0.0, Max:  0.0, Diff:  0.0, Sum:  0.1, Workers: 4
[1624.584s][debug][gc,phases      ] GC(61)     Dead                           Min: 0, Avg:  0.0, Max: 0, Diff: 0, Sum: 0, Workers: 4
[1624.584s][debug][gc,phases      ] GC(61)     Total                          Min: 0, Avg: 2459.8, Max: 3966, Diff: 3966, Sum: 9839, Workers: 4
[1624.584s][debug][gc,phases      ] GC(61)   JNI Weak                       Min:  0.0, Avg:  0.0, Max:  0.0, Diff:  0.0, Sum:  0.0, Workers: 4
[1624.584s][debug][gc,phases      ] GC(61)     Dead                           Min: 0, Avg:  0.0, Max: 0, Diff: 0, Sum: 0, Workers: 4
[1624.584s][debug][gc,phases      ] GC(61)     Total                          Min: 0, Avg: 11.2, Max: 45, Diff: 45, Sum: 45, Workers: 4
[1624.584s][debug][gc,phases      ] GC(61)   StringDedup Table Weak         Min:  0.0, Avg:  0.0, Max:  0.0, Diff:  0.0, Sum:  0.0, Workers: 4
[1624.584s][debug][gc,phases      ] GC(61)     Dead                           Min: 0, Avg:  0.0, Max: 0, Diff: 0, Sum: 0, Workers: 4
[1624.584s][debug][gc,phases      ] GC(61)     Total                          Min: 0, Avg:  0.0, Max: 0, Diff: 0, Sum: 0, Workers: 4
[1624.584s][debug][gc,phases      ] GC(61)   StringDedup Requests0 Weak     Min:  0.0, Avg:  0.0, Max:  0.0, Diff:  0.0, Sum:  0.0, Workers: 4
[1624.584s][debug][gc,phases      ] GC(61)     Dead                           Min: 0, Avg:  0.0, Max: 0, Diff: 0, Sum: 0, Workers: 4
[1624.584s][debug][gc,phases      ] GC(61)     Total                          Min: 0, Avg:  0.0, Max: 0, Diff: 0, Sum: 0, Workers: 4
[1624.584s][debug][gc,phases      ] GC(61)   StringDedup Requests1 Weak     Min:  0.0, Avg:  0.0, Max:  0.0, Diff:  0.0, Sum:  0.0, Workers: 4
[1624.584s][debug][gc,phases      ] GC(61)     Dead                           Min: 0, Avg:  0.0, Max: 0, Diff: 0, Sum: 0, Workers: 4
[1624.584s][debug][gc,phases      ] GC(61)     Total                          Min: 0, Avg:  0.0, Max: 0, Diff: 0, Sum: 0, Workers: 4
[1624.584s][debug][gc,phases      ] GC(61)   Weak JFR Old Object Samples    Min:  0.0, Avg:  0.0, Max:  0.0, Diff:  0.0, Sum:  0.0, Workers: 4
[1624.584s][debug][gc,phases      ] GC(61)     Dead                           Min: 0, Avg:  0.0, Max: 0, Diff: 0, Sum: 0, Workers: 4
[1624.584s][debug][gc,phases      ] GC(61)     Total                          Min: 0, Avg:  0.0, Max: 0, Diff: 0, Sum: 0, Workers: 4
[1624.584s][debug][gc,phases      ] GC(61) Weak Processing 0.336ms
[1624.584s][debug][gc,age         ] GC(61) Desired survivor size 311427072 bytes, new threshold 15 (max threshold 15)
[1624.584s][info ][gc,heap        ] GC(61) PSYoungGen: 1722626K(1804288K)->224870K(1761280K) Eden: 1536000K(1536000K)->0K(1536000K) From: 186626K(268288K)->224870K(225280K)
[1624.584s][info ][gc,heap        ] GC(61) ParOldGen: 436402K(559616K)->436490K(559616K)
[1624.584s][info ][gc,metaspace   ] GC(61) Metaspace: 83682K(84864K)->83682K(84864K) NonClass: 71809K(72448K)->71809K(72448K) Class: 11872K(12416K)->11872K(12416K)
[1624.584s][info ][gc             ] GC(61) Pause Young (Allocation Failure) 2108M->645M(2266M) 46.629ms
[1624.584s][info ][gc,cpu         ] GC(61) User=0.18s Sys=0.00s Real=0.05s
[1624.584s][info ][safepoint      ] Safepoint "ParallelGCFailedAllocation", Time since last: 732483990 ns, Reaching safepoint: 49900 ns, At safepoint: 46690914 ns, Total: 46740814 ns
[1625.584s][info ][safepoint      ] Safepoint "Cleanup", Time since last: 1000086852 ns, Reaching safepoint: 63701 ns, At safepoint: 3300 ns, Total: 67001 ns
[1626.584s][info ][safepoint      ] Safepoint "Cleanup", Time since last: 1000111102 ns, Reaching safepoint: 84000 ns, At safepoint: 5100 ns, Total: 89100 ns
[1627.585s][info ][safepoint      ] Safepoint "Cleanup", Time since last: 1000105402 ns, Reaching safepoint: 62501 ns, At safepoint: 2800 ns, Total: 65301 ns
[1628.585s][info ][safepoint      ] Safepoint "Cleanup", Time since last: 1000106202 ns, Reaching safepoint: 60900 ns, At safepoint: 2900 ns, Total: 63800 ns
[1629.585s][info ][safepoint      ] Safepoint "Cleanup", Time since last: 1000102402 ns, Reaching safepoint: 61800 ns, At safepoint: 5400 ns, Total: 67200 ns
[1631.585s][info ][safepoint      ] Safepoint "Cleanup", Time since last: 2000385705 ns, Reaching safepoint: 44401 ns, At safepoint: 2700 ns, Total: 47101 ns
[1632.586s][info ][safepoint      ] Safepoint "Cleanup", Time since last: 1000107702 ns, Reaching safepoint: 106200 ns, At safepoint: 8200 ns, Total: 114400 ns
[1633.586s][info ][safepoint      ] Safepoint "Cleanup", Time since last: 1000124655 ns, Reaching safepoint: 47200 ns, At safepoint: 7300 ns, Total: 54500 ns
[1634.586s][info ][safepoint      ] Safepoint "Cleanup", Time since last: 1000100404 ns, Reaching safepoint: 55800 ns, At safepoint: 3200 ns, Total: 59000 ns
[1635.586s][info ][safepoint      ] Safepoint "Cleanup", Time since last: 1000118104 ns, Reaching safepoint: 51500 ns, At safepoint: 3200 ns, Total: 54700 ns
[1636.586s][info ][safepoint      ] Safepoint "Cleanup", Time since last: 1000109303 ns, Reaching safepoint: 102200 ns, At safepoint: 6700 ns, Total: 108900 ns
[1639.587s][info ][safepoint      ] Safepoint "Cleanup", Time since last: 3000257311 ns, Reaching safepoint: 47500 ns, At safepoint: 4800 ns, Total: 52300 ns
[1645.587s][info ][safepoint      ] Safepoint "Cleanup", Time since last: 6000454939 ns, Reaching safepoint: 41300 ns, At safepoint: 3300 ns, Total: 44600 ns
[1648.587s][info ][safepoint      ] Safepoint "Cleanup", Time since last: 3000263754 ns, Reaching safepoint: 51100 ns, At safepoint: 5100 ns, Total: 56200 ns
[1652.588s][info ][safepoint      ] Safepoint "Cleanup", Time since last: 4000298650 ns, Reaching safepoint: 55000 ns, At safepoint: 3200 ns, Total: 58200 ns
[1659.588s][info ][safepoint      ] Safepoint "Cleanup", Time since last: 7000550315 ns, Reaching safepoint: 51000 ns, At safepoint: 3500 ns, Total: 54500 ns
[1661.589s][info ][safepoint      ] Safepoint "Cleanup", Time since last: 2000171299 ns, Reaching safepoint: 34400 ns, At safepoint: 3200 ns, Total: 37600 ns
[1664.589s][info ][safepoint      ] Safepoint "Cleanup", Time since last: 3000231600 ns, Reaching safepoint: 44200 ns, At safepoint: 6100 ns, Total: 50300 ns
[1665.589s][info ][safepoint      ] Safepoint "Cleanup", Time since last: 1000134550 ns, Reaching safepoint: 60101 ns, At safepoint: 3100 ns, Total: 63201 ns
[1666.589s][info ][safepoint      ] Safepoint "Cleanup", Time since last: 1000104600 ns, Reaching safepoint: 43000 ns, At safepoint: 2500 ns, Total: 45500 ns
[1673.590s][info ][safepoint      ] Safepoint "Cleanup", Time since last: 7000507899 ns, Reaching safepoint: 40500 ns, At safepoint: 6100 ns, Total: 46600 ns
[1683.162s][info ][safepoint      ] Safepoint "Cleanup", Time since last: 9572500734 ns, Reaching safepoint: 52800 ns, At safepoint: 2600 ns, Total: 55400 ns
[1685.163s][info ][safepoint      ] Safepoint "Cleanup", Time since last: 2000165626 ns, Reaching safepoint: 47700 ns, At safepoint: 2900 ns, Total: 50600 ns
[1686.223s][info ][safepoint      ] Safepoint "ParallelGCFailedAllocation", Time since last: 1060085828 ns, Reaching safepoint: 37400 ns, At safepoint: 7700 ns, Total: 45100 ns
[1686.223s][info ][gc,start       ] GC(62) Pause Young (GCLocker Initiated GC)
[1686.270s][debug][gc,phases      ] GC(62) Scavenge 47.520ms
[1686.270s][debug][gc,ref         ] GC(62) Skipped phase 1 of Reference Processing: no references
[1686.270s][debug][gc,ref         ] GC(62) ReferenceProcessor::execute queues: 1, RefProcThreadModel::Single, marks_oops_alive: false
[1686.270s][debug][gc,ref         ] GC(62) Skipped phase 3 of Reference Processing: no references
[1686.270s][debug][gc,ref         ] GC(62) ReferenceProcessor::execute queues: 1, RefProcThreadModel::Single, marks_oops_alive: false
[1686.271s][debug][gc,phases      ] GC(62) Reference Processing 0.106ms
[1686.271s][debug][gc,phases      ] GC(62)   VM Weak                        Min:  0.0, Avg:  0.0, Max:  0.0, Diff:  0.0, Sum:  0.0, Workers: 4
[1686.271s][debug][gc,phases      ] GC(62)     Dead                           Min: 0, Avg:  0.0, Max: 0, Diff: 0, Sum: 0, Workers: 4
[1686.271s][debug][gc,phases      ] GC(62)     Total                          Min: 0, Avg: 238.5, Max: 576, Diff: 576, Sum: 954, Workers: 4
[1686.271s][debug][gc,phases      ] GC(62)   ObjectSynchronizer Weak        Min:  0.0, Avg:  0.0, Max:  0.0, Diff:  0.0, Sum:  0.0, Workers: 4
[1686.271s][debug][gc,phases      ] GC(62)     Dead                           Min: 0, Avg:  0.0, Max: 0, Diff: 0, Sum: 0, Workers: 4
[1686.271s][debug][gc,phases      ] GC(62)     Total                          Min: 0, Avg: 14.0, Max: 56, Diff: 56, Sum: 56, Workers: 4
[1686.271s][debug][gc,phases      ] GC(62)   JVMTI Tag Weak OopStorage      Min:  0.0, Avg:  0.0, Max:  0.0, Diff:  0.0, Sum:  0.0, Workers: 4
[1686.271s][debug][gc,phases      ] GC(62)     Dead                           Min: 0, Avg:  0.0, Max: 0, Diff: 0, Sum: 0, Workers: 4
[1686.271s][debug][gc,phases      ] GC(62)     Total                          Min: 0, Avg:  0.0, Max: 0, Diff: 0, Sum: 0, Workers: 4
[1686.271s][debug][gc,phases      ] GC(62)   StringTable Weak               Min:  0.0, Avg:  0.1, Max:  0.1, Diff:  0.1, Sum:  0.3, Workers: 4
[1686.271s][debug][gc,phases      ] GC(62)     Dead                           Min: 0, Avg:  0.2, Max: 1, Diff: 1, Sum: 1, Workers: 4
[1686.271s][debug][gc,phases      ] GC(62)     Total                          Min: 0, Avg: 10976.8, Max: 18883, Diff: 18883, Sum: 43907, Workers: 4
[1686.271s][debug][gc,phases      ] GC(62)   ResolvedMethodTable Weak       Min:  0.0, Avg:  0.0, Max:  0.0, Diff:  0.0, Sum:  0.1, Workers: 4
[1686.271s][debug][gc,phases      ] GC(62)     Dead                           Min: 0, Avg:  0.0, Max: 0, Diff: 0, Sum: 0, Workers: 4
[1686.271s][debug][gc,phases      ] GC(62)     Total                          Min: 0, Avg: 2460.5, Max: 4020, Diff: 4020, Sum: 9842, Workers: 4
[1686.271s][debug][gc,phases      ] GC(62)   JNI Weak                       Min:  0.0, Avg:  0.0, Max:  0.0, Diff:  0.0, Sum:  0.0, Workers: 4
[1686.271s][debug][gc,phases      ] GC(62)     Dead                           Min: 0, Avg:  0.0, Max: 0, Diff: 0, Sum: 0, Workers: 4
[1686.271s][debug][gc,phases      ] GC(62)     Total                          Min: 0, Avg: 11.2, Max: 45, Diff: 45, Sum: 45, Workers: 4
[1686.271s][debug][gc,phases      ] GC(62)   StringDedup Table Weak         Min:  0.0, Avg:  0.0, Max:  0.0, Diff:  0.0, Sum:  0.0, Workers: 4
[1686.271s][debug][gc,phases      ] GC(62)     Dead                           Min: 0, Avg:  0.0, Max: 0, Diff: 0, Sum: 0, Workers: 4
[1686.271s][debug][gc,phases      ] GC(62)     Total                          Min: 0, Avg:  0.0, Max: 0, Diff: 0, Sum: 0, Workers: 4
[1686.271s][debug][gc,phases      ] GC(62)   StringDedup Requests0 Weak     Min:  0.0, Avg:  0.0, Max:  0.0, Diff:  0.0, Sum:  0.0, Workers: 4
[1686.271s][debug][gc,phases      ] GC(62)     Dead                           Min: 0, Avg:  0.0, Max: 0, Diff: 0, Sum: 0, Workers: 4
[1686.271s][debug][gc,phases      ] GC(62)     Total                          Min: 0, Avg:  0.0, Max: 0, Diff: 0, Sum: 0, Workers: 4
[1686.271s][debug][gc,phases      ] GC(62)   StringDedup Requests1 Weak     Min:  0.0, Avg:  0.0, Max:  0.0, Diff:  0.0, Sum:  0.0, Workers: 4
[1686.271s][debug][gc,phases      ] GC(62)     Dead                           Min: 0, Avg:  0.0, Max: 0, Diff: 0, Sum: 0, Workers: 4
[1686.271s][debug][gc,phases      ] GC(62)     Total                          Min: 0, Avg:  0.0, Max: 0, Diff: 0, Sum: 0, Workers: 4
[1686.271s][debug][gc,phases      ] GC(62)   Weak JFR Old Object Samples    Min:  0.0, Avg:  0.0, Max:  0.0, Diff:  0.0, Sum:  0.0, Workers: 4
[1686.271s][debug][gc,phases      ] GC(62)     Dead                           Min: 0, Avg:  0.0, Max: 0, Diff: 0, Sum: 0, Workers: 4
[1686.271s][debug][gc,phases      ] GC(62)     Total                          Min: 0, Avg:  0.0, Max: 0, Diff: 0, Sum: 0, Workers: 4
[1686.271s][debug][gc,phases      ] GC(62) Weak Processing 0.312ms
[1686.271s][debug][gc,age         ] GC(62) Desired survivor size 326107136 bytes, new threshold 15 (max threshold 15)
[1686.271s][info ][gc,heap        ] GC(62) PSYoungGen: 1760870K(1761280K)->215362K(1764352K) Eden: 1536000K(1536000K)->0K(1460224K) From: 224870K(225280K)->215362K(304128K)
[1686.271s][info ][gc,heap        ] GC(62) ParOldGen: 436493K(559616K)->437096K(559616K)
[1686.271s][info ][gc,metaspace   ] GC(62) Metaspace: 83702K(84864K)->83702K(84864K) NonClass: 71827K(72448K)->71827K(72448K) Class: 11875K(12416K)->11875K(12416K)
[1686.271s][info ][gc             ] GC(62) Pause Young (GCLocker Initiated GC) 2145M->637M(2269M) 48.030ms
[1686.271s][info ][gc,cpu         ] GC(62) User=0.18s Sys=0.00s Real=0.05s
[1686.271s][info ][safepoint      ] Safepoint "ParallelGCSystemGC", Time since last: 74200 ns, Reaching safepoint: 12800 ns, At safepoint: 48092892 ns, Total: 48105692 ns
[1689.271s][info ][safepoint      ] Safepoint "Cleanup", Time since last: 3000250639 ns, Reaching safepoint: 43400 ns, At safepoint: 2600 ns, Total: 46000 ns
[1691.271s][info ][safepoint      ] Safepoint "Cleanup", Time since last: 2000162434 ns, Reaching safepoint: 41700 ns, At safepoint: 3100 ns, Total: 44800 ns
[1692.272s][info ][safepoint      ] Safepoint "Cleanup", Time since last: 1000107517 ns, Reaching safepoint: 49300 ns, At safepoint: 3400 ns, Total: 52700 ns
[1694.272s][info ][safepoint      ] Safepoint "Cleanup", Time since last: 2000168335 ns, Reaching safepoint: 37500 ns, At safepoint: 3100 ns, Total: 40600 ns
[1698.272s][info ][safepoint      ] Safepoint "Cleanup", Time since last: 4000288988 ns, Reaching safepoint: 50300 ns, At safepoint: 3300 ns, Total: 53600 ns
[1701.940s][info ][safepoint      ] Safepoint "Cleanup", Time since last: 3667954599 ns, Reaching safepoint: 54300 ns, At safepoint: 4600 ns, Total: 58900 ns
[1706.941s][info ][safepoint      ] Safepoint "Cleanup", Time since last: 5000382540 ns, Reaching safepoint: 44900 ns, At safepoint: 2600 ns, Total: 47500 ns
[1708.941s][info ][safepoint      ] Safepoint "Cleanup", Time since last: 2000190509 ns, Reaching safepoint: 40300 ns, At safepoint: 2700 ns, Total: 43000 ns
[1709.941s][info ][safepoint      ] Safepoint "Cleanup", Time since last: 1000110405 ns, Reaching safepoint: 39200 ns, At safepoint: 3100 ns, Total: 42300 ns
[1710.941s][info ][safepoint      ] Safepoint "Cleanup", Time since last: 1000101505 ns, Reaching safepoint: 44900 ns, At safepoint: 2900 ns, Total: 47800 ns
[1712.941s][info ][safepoint      ] Safepoint "Cleanup", Time since last: 2000194109 ns, Reaching safepoint: 49900 ns, At safepoint: 3600 ns, Total: 53500 ns
[1715.942s][info ][safepoint      ] Safepoint "Cleanup", Time since last: 3000248572 ns, Reaching safepoint: 52700 ns, At safepoint: 5000 ns, Total: 57700 ns
[1717.810s][info ][safepoint      ] Safepoint "Cleanup", Time since last: 1867985630 ns, Reaching safepoint: 129801 ns, At safepoint: 5200 ns, Total: 135001 ns
[1718.810s][info ][safepoint      ] Safepoint "Cleanup", Time since last: 1000110425 ns, Reaching safepoint: 49400 ns, At safepoint: 4500 ns, Total: 53900 ns
[1719.810s][info ][safepoint      ] Safepoint "Cleanup", Time since last: 1000123126 ns, Reaching safepoint: 47200 ns, At safepoint: 7400 ns, Total: 54600 ns
[1720.810s][info ][safepoint      ] Safepoint "Cleanup", Time since last: 1000126213 ns, Reaching safepoint: 40900 ns, At safepoint: 6900 ns, Total: 47800 ns
[1724.811s][info ][safepoint      ] Safepoint "Cleanup", Time since last: 4000340180 ns, Reaching safepoint: 62900 ns, At safepoint: 2300 ns, Total: 65200 ns
[1726.811s][info ][safepoint      ] Safepoint "Cleanup", Time since last: 2000169949 ns, Reaching safepoint: 73501 ns, At safepoint: 5700 ns, Total: 79201 ns
[1727.811s][info ][safepoint      ] Safepoint "Cleanup", Time since last: 1000105824 ns, Reaching safepoint: 45600 ns, At safepoint: 4000 ns, Total: 49600 ns
[1728.387s][info ][gc,start       ] GC(63) Pause Young (Allocation Failure)
[1728.436s][debug][gc,phases      ] GC(63) Scavenge 48.283ms
[1728.436s][debug][gc,ref         ] GC(63) Skipped phase 1 of Reference Processing: no references
[1728.436s][debug][gc,ref         ] GC(63) ReferenceProcessor::execute queues: 1, RefProcThreadModel::Single, marks_oops_alive: false
[1728.436s][debug][gc,ref         ] GC(63) Skipped phase 3 of Reference Processing: no references
[1728.436s][debug][gc,ref         ] GC(63) ReferenceProcessor::execute queues: 1, RefProcThreadModel::Single, marks_oops_alive: false
[1728.436s][debug][gc,phases      ] GC(63) Reference Processing 0.118ms
[1728.436s][debug][gc,phases      ] GC(63)   VM Weak                        Min:  0.0, Avg:  0.0, Max:  0.0, Diff:  0.0, Sum:  0.0, Workers: 4
[1728.436s][debug][gc,phases      ] GC(63)     Dead                           Min: 0, Avg:  0.0, Max: 0, Diff: 0, Sum: 0, Workers: 4
[1728.436s][debug][gc,phases      ] GC(63)     Total                          Min: 0, Avg: 238.5, Max: 570, Diff: 570, Sum: 954, Workers: 4
[1728.436s][debug][gc,phases      ] GC(63)   ObjectSynchronizer Weak        Min:  0.0, Avg:  0.0, Max:  0.0, Diff:  0.0, Sum:  0.0, Workers: 4
[1728.436s][debug][gc,phases      ] GC(63)     Dead                           Min: 0, Avg:  0.0, Max: 0, Diff: 0, Sum: 0, Workers: 4
[1728.436s][debug][gc,phases      ] GC(63)     Total                          Min: 0, Avg: 14.0, Max: 56, Diff: 56, Sum: 56, Workers: 4
[1728.436s][debug][gc,phases      ] GC(63)   JVMTI Tag Weak OopStorage      Min:  0.0, Avg:  0.0, Max:  0.0, Diff:  0.0, Sum:  0.0, Workers: 4
[1728.436s][debug][gc,phases      ] GC(63)     Dead                           Min: 0, Avg:  0.0, Max: 0, Diff: 0, Sum: 0, Workers: 4
[1728.436s][debug][gc,phases      ] GC(63)     Total                          Min: 0, Avg:  0.0, Max: 0, Diff: 0, Sum: 0, Workers: 4
[1728.436s][debug][gc,phases      ] GC(63)   StringTable Weak               Min:  0.1, Avg:  0.1, Max:  0.1, Diff:  0.0, Sum:  0.4, Workers: 4
[1728.436s][debug][gc,phases      ] GC(63)     Dead                           Min: 0, Avg:  0.0, Max: 0, Diff: 0, Sum: 0, Workers: 4
[1728.436s][debug][gc,phases      ] GC(63)     Total                          Min: 10752, Avg: 10977.0, Max: 11200, Diff: 448, Sum: 43908, Workers: 4
[1728.436s][debug][gc,phases      ] GC(63)   ResolvedMethodTable Weak       Min:  0.0, Avg:  0.0, Max:  0.0, Diff:  0.0, Sum:  0.1, Workers: 4
[1728.436s][debug][gc,phases      ] GC(63)     Dead                           Min: 0, Avg:  0.0, Max: 0, Diff: 0, Sum: 0, Workers: 4
[1728.436s][debug][gc,phases      ] GC(63)     Total                          Min: 2302, Avg: 2461.0, Max: 2560, Diff: 258, Sum: 9844, Workers: 4
[1728.436s][debug][gc,phases      ] GC(63)   JNI Weak                       Min:  0.0, Avg:  0.0, Max:  0.0, Diff:  0.0, Sum:  0.0, Workers: 4
[1728.436s][debug][gc,phases      ] GC(63)     Dead                           Min: 0, Avg:  0.0, Max: 0, Diff: 0, Sum: 0, Workers: 4
[1728.436s][debug][gc,phases      ] GC(63)     Total                          Min: 0, Avg: 11.2, Max: 45, Diff: 45, Sum: 45, Workers: 4
[1728.436s][debug][gc,phases      ] GC(63)   StringDedup Table Weak         Min:  0.0, Avg:  0.0, Max:  0.0, Diff:  0.0, Sum:  0.0, Workers: 4
[1728.436s][debug][gc,phases      ] GC(63)     Dead                           Min: 0, Avg:  0.0, Max: 0, Diff: 0, Sum: 0, Workers: 4
[1728.436s][debug][gc,phases      ] GC(63)     Total                          Min: 0, Avg:  0.0, Max: 0, Diff: 0, Sum: 0, Workers: 4
[1728.436s][debug][gc,phases      ] GC(63)   StringDedup Requests0 Weak     Min:  0.0, Avg:  0.0, Max:  0.0, Diff:  0.0, Sum:  0.0, Workers: 4
[1728.436s][debug][gc,phases      ] GC(63)     Dead                           Min: 0, Avg:  0.0, Max: 0, Diff: 0, Sum: 0, Workers: 4
[1728.436s][debug][gc,phases      ] GC(63)     Total                          Min: 0, Avg:  0.0, Max: 0, Diff: 0, Sum: 0, Workers: 4
[1728.436s][debug][gc,phases      ] GC(63)   StringDedup Requests1 Weak     Min:  0.0, Avg:  0.0, Max:  0.0, Diff:  0.0, Sum:  0.0, Workers: 4
[1728.436s][debug][gc,phases      ] GC(63)     Dead                           Min: 0, Avg:  0.0, Max: 0, Diff: 0, Sum: 0, Workers: 4
[1728.436s][debug][gc,phases      ] GC(63)     Total                          Min: 0, Avg:  0.0, Max: 0, Diff: 0, Sum: 0, Workers: 4
[1728.436s][debug][gc,phases      ] GC(63)   Weak JFR Old Object Samples    Min:  0.0, Avg:  0.0, Max:  0.0, Diff:  0.0, Sum:  0.0, Workers: 4
[1728.436s][debug][gc,phases      ] GC(63)     Dead                           Min: 0, Avg:  0.0, Max: 0, Diff: 0, Sum: 0, Workers: 4
[1728.436s][debug][gc,phases      ] GC(63)     Total                          Min: 0, Avg:  0.0, Max: 0, Diff: 0, Sum: 0, Workers: 4
[1728.436s][debug][gc,phases      ] GC(63) Weak Processing 0.293ms
[1728.436s][debug][gc,age         ] GC(63) Desired survivor size 338690048 bytes, new threshold 15 (max threshold 15)
[1728.436s][info ][gc,heap        ] GC(63) PSYoungGen: 1675586K(1764352K)->218178K(1678848K) Eden: 1460224K(1460224K)->0K(1460224K) From: 215362K(304128K)->218178K(218624K)
[1728.436s][info ][gc,heap        ] GC(63) ParOldGen: 437098K(559616K)->445784K(559616K)
[1728.436s][info ][gc,metaspace   ] GC(63) Metaspace: 83719K(84864K)->83719K(84864K) NonClass: 71843K(72448K)->71843K(72448K) Class: 11875K(12416K)->11875K(12416K)
[1728.436s][info ][gc             ] GC(63) Pause Young (Allocation Failure) 2063M->648M(2186M) 48.803ms
[1728.436s][info ][gc,cpu         ] GC(63) User=0.19s Sys=0.00s Real=0.05s
[1728.436s][info ][safepoint      ] Safepoint "ParallelGCFailedAllocation", Time since last: 576239709 ns, Reaching safepoint: 91000 ns, At safepoint: 48873894 ns, Total: 48964894 ns
[1729.436s][info ][safepoint      ] Safepoint "Cleanup", Time since last: 1000084702 ns, Reaching safepoint: 44601 ns, At safepoint: 3100 ns, Total: 47701 ns
[1734.437s][info ][safepoint      ] Safepoint "Cleanup", Time since last: 5000376009 ns, Reaching safepoint: 53700 ns, At safepoint: 2600 ns, Total: 56300 ns
[1735.437s][info ][safepoint      ] Safepoint "Cleanup", Time since last: 1000106578 ns, Reaching safepoint: 59400 ns, At safepoint: 5900 ns, Total: 65300 ns
[1736.437s][info ][safepoint      ] Safepoint "Cleanup", Time since last: 1000106178 ns, Reaching safepoint: 45700 ns, At safepoint: 2300 ns, Total: 48000 ns
[1740.438s][info ][safepoint      ] Safepoint "Cleanup", Time since last: 4000315479 ns, Reaching safepoint: 52800 ns, At safepoint: 2200 ns, Total: 55000 ns
[1741.438s][info ][safepoint      ] Safepoint "Cleanup", Time since last: 1000104513 ns, Reaching safepoint: 37600 ns, At safepoint: 2800 ns, Total: 40400 ns
[1744.438s][info ][safepoint      ] Safepoint "Cleanup", Time since last: 3000222338 ns, Reaching safepoint: 51700 ns, At safepoint: 2900 ns, Total: 54600 ns
[1746.438s][info ][safepoint      ] Safepoint "Cleanup", Time since last: 2000166040 ns, Reaching safepoint: 40600 ns, At safepoint: 6400 ns, Total: 47000 ns
[1748.438s][info ][safepoint      ] Safepoint "Cleanup", Time since last: 2000134489 ns, Reaching safepoint: 54500 ns, At safepoint: 3100 ns, Total: 57600 ns
[1749.439s][info ][safepoint      ] Safepoint "Cleanup", Time since last: 1000108044 ns, Reaching safepoint: 53600 ns, At safepoint: 7000 ns, Total: 60600 ns
[1750.439s][info ][safepoint      ] Safepoint "Cleanup", Time since last: 1000134945 ns, Reaching safepoint: 43000 ns, At safepoint: 3500 ns, Total: 46500 ns
[1753.439s][info ][safepoint      ] Safepoint "Cleanup", Time since last: 3000236029 ns, Reaching safepoint: 39800 ns, At safepoint: 2400 ns, Total: 42200 ns
[1754.439s][info ][safepoint      ] Safepoint "Cleanup", Time since last: 1000112226 ns, Reaching safepoint: 41701 ns, At safepoint: 3800 ns, Total: 45501 ns
[1755.439s][info ][safepoint      ] Safepoint "Cleanup", Time since last: 1000102726 ns, Reaching safepoint: 47200 ns, At safepoint: 6300 ns, Total: 53500 ns
[1759.440s][info ][safepoint      ] Safepoint "Cleanup", Time since last: 4000294507 ns, Reaching safepoint: 52500 ns, At safepoint: 2500 ns, Total: 55000 ns
[1760.440s][info ][safepoint      ] Safepoint "Cleanup", Time since last: 1000106127 ns, Reaching safepoint: 47000 ns, At safepoint: 2000 ns, Total: 49000 ns
[1760.508s][info ][gc,start       ] GC(64) Pause Young (Allocation Failure)
[1760.552s][debug][gc,phases      ] GC(64) Scavenge 43.681ms
[1760.552s][debug][gc,ref         ] GC(64) Skipped phase 1 of Reference Processing: no references
[1760.552s][debug][gc,ref         ] GC(64) ReferenceProcessor::execute queues: 1, RefProcThreadModel::Single, marks_oops_alive: false
[1760.552s][debug][gc,ref         ] GC(64) Skipped phase 3 of Reference Processing: no references
[1760.552s][debug][gc,ref         ] GC(64) ReferenceProcessor::execute queues: 1, RefProcThreadModel::Single, marks_oops_alive: false
[1760.552s][debug][gc,phases      ] GC(64) Reference Processing 0.126ms
[1760.553s][debug][gc,phases      ] GC(64)   VM Weak                        Min:  0.0, Avg:  0.0, Max:  0.0, Diff:  0.0, Sum:  0.0, Workers: 4
[1760.553s][debug][gc,phases      ] GC(64)     Dead                           Min: 0, Avg:  0.0, Max: 0, Diff: 0, Sum: 0, Workers: 4
[1760.553s][debug][gc,phases      ] GC(64)     Total                          Min: 0, Avg: 238.5, Max: 890, Diff: 890, Sum: 954, Workers: 4
[1760.553s][debug][gc,phases      ] GC(64)   ObjectSynchronizer Weak        Min:  0.0, Avg:  0.0, Max:  0.0, Diff:  0.0, Sum:  0.0, Workers: 4
[1760.553s][debug][gc,phases      ] GC(64)     Dead                           Min: 0, Avg:  0.0, Max: 0, Diff: 0, Sum: 0, Workers: 4
[1760.553s][debug][gc,phases      ] GC(64)     Total                          Min: 0, Avg: 14.0, Max: 56, Diff: 56, Sum: 56, Workers: 4
[1760.553s][debug][gc,phases      ] GC(64)   JVMTI Tag Weak OopStorage      Min:  0.0, Avg:  0.0, Max:  0.0, Diff:  0.0, Sum:  0.0, Workers: 4
[1760.553s][debug][gc,phases      ] GC(64)     Dead                           Min: 0, Avg:  0.0, Max: 0, Diff: 0, Sum: 0, Workers: 4
[1760.553s][debug][gc,phases      ] GC(64)     Total                          Min: 0, Avg:  0.0, Max: 0, Diff: 0, Sum: 0, Workers: 4
[1760.553s][debug][gc,phases      ] GC(64)   StringTable Weak               Min:  0.0, Avg:  0.1, Max:  0.1, Diff:  0.1, Sum:  0.3, Workers: 4
[1760.553s][debug][gc,phases      ] GC(64)     Dead                           Min: 0, Avg:  0.2, Max: 1, Diff: 1, Sum: 1, Workers: 4
[1760.553s][debug][gc,phases      ] GC(64)     Total                          Min: 0, Avg: 10977.8, Max: 18440, Diff: 18440, Sum: 43911, Workers: 4
[1760.553s][debug][gc,phases      ] GC(64)   ResolvedMethodTable Weak       Min:  0.0, Avg:  0.0, Max:  0.0, Diff:  0.0, Sum:  0.1, Workers: 4
[1760.553s][debug][gc,phases      ] GC(64)     Dead                           Min: 0, Avg:  0.0, Max: 0, Diff: 0, Sum: 0, Workers: 4
[1760.553s][debug][gc,phases      ] GC(64)     Total                          Min: 0, Avg: 2461.5, Max: 4152, Diff: 4152, Sum: 9846, Workers: 4
[1760.553s][debug][gc,phases      ] GC(64)   JNI Weak                       Min:  0.0, Avg:  0.0, Max:  0.0, Diff:  0.0, Sum:  0.0, Workers: 4
[1760.553s][debug][gc,phases      ] GC(64)     Dead                           Min: 0, Avg:  0.0, Max: 0, Diff: 0, Sum: 0, Workers: 4
[1760.553s][debug][gc,phases      ] GC(64)     Total                          Min: 0, Avg: 11.2, Max: 45, Diff: 45, Sum: 45, Workers: 4
[1760.553s][debug][gc,phases      ] GC(64)   StringDedup Table Weak         Min:  0.0, Avg:  0.0, Max:  0.0, Diff:  0.0, Sum:  0.0, Workers: 4
[1760.553s][debug][gc,phases      ] GC(64)     Dead                           Min: 0, Avg:  0.0, Max: 0, Diff: 0, Sum: 0, Workers: 4
[1760.553s][debug][gc,phases      ] GC(64)     Total                          Min: 0, Avg:  0.0, Max: 0, Diff: 0, Sum: 0, Workers: 4
[1760.553s][debug][gc,phases      ] GC(64)   StringDedup Requests0 Weak     Min:  0.0, Avg:  0.0, Max:  0.0, Diff:  0.0, Sum:  0.0, Workers: 4
[1760.553s][debug][gc,phases      ] GC(64)     Dead                           Min: 0, Avg:  0.0, Max: 0, Diff: 0, Sum: 0, Workers: 4
[1760.553s][debug][gc,phases      ] GC(64)     Total                          Min: 0, Avg:  0.0, Max: 0, Diff: 0, Sum: 0, Workers: 4
[1760.553s][debug][gc,phases      ] GC(64)   StringDedup Requests1 Weak     Min:  0.0, Avg:  0.0, Max:  0.0, Diff:  0.0, Sum:  0.0, Workers: 4
[1760.553s][debug][gc,phases      ] GC(64)     Dead                           Min: 0, Avg:  0.0, Max: 0, Diff: 0, Sum: 0, Workers: 4
[1760.553s][debug][gc,phases      ] GC(64)     Total                          Min: 0, Avg:  0.0, Max: 0, Diff: 0, Sum: 0, Workers: 4
[1760.553s][debug][gc,phases      ] GC(64)   Weak JFR Old Object Samples    Min:  0.0, Avg:  0.0, Max:  0.0, Diff:  0.0, Sum:  0.0, Workers: 4
[1760.553s][debug][gc,phases      ] GC(64)     Dead                           Min: 0, Avg:  0.0, Max: 0, Diff: 0, Sum: 0, Workers: 4
[1760.553s][debug][gc,phases      ] GC(64)     Total                          Min: 0, Avg:  0.0, Max: 0, Diff: 0, Sum: 0, Workers: 4
[1760.553s][debug][gc,phases      ] GC(64) Weak Processing 0.298ms
[1760.553s][debug][gc,age         ] GC(64) Desired survivor size 338690048 bytes, new threshold 15 (max threshold 15)
[1760.553s][info ][gc,heap        ] GC(64) PSYoungGen: 1678402K(1678848K)->195586K(1766400K) Eden: 1460224K(1460224K)->0K(1435648K) From: 218178K(218624K)->195586K(330752K)
[1760.553s][info ][gc,heap        ] GC(64) ParOldGen: 445784K(559616K)->445864K(559616K)
[1760.553s][info ][gc,metaspace   ] GC(64) Metaspace: 83740K(84864K)->83740K(84864K) NonClass: 71863K(72448K)->71863K(72448K) Class: 11876K(12416K)->11876K(12416K)
[1760.553s][info ][gc             ] GC(64) Pause Young (Allocation Failure) 2074M->626M(2271M) 44.224ms
[1760.553s][info ][gc,cpu         ] GC(64) User=0.17s Sys=0.00s Real=0.05s
[1760.553s][info ][safepoint      ] Safepoint "ParallelGCFailedAllocation", Time since last: 68579446 ns, Reaching safepoint: 23200 ns, At safepoint: 44294594 ns, Total: 44317794 ns
[1761.553s][info ][safepoint      ] Safepoint "Cleanup", Time since last: 1000081103 ns, Reaching safepoint: 52600 ns, At safepoint: 6500 ns, Total: 59100 ns
[1762.553s][info ][safepoint      ] Safepoint "Cleanup", Time since last: 1000095161 ns, Reaching safepoint: 43900 ns, At safepoint: 3400 ns, Total: 47300 ns
[1764.553s][info ][safepoint      ] Safepoint "Cleanup", Time since last: 2000189322 ns, Reaching safepoint: 42201 ns, At safepoint: 8800 ns, Total: 51001 ns
[1771.554s][info ][safepoint      ] Safepoint "Cleanup", Time since last: 7000528134 ns, Reaching safepoint: 40600 ns, At safepoint: 4900 ns, Total: 45500 ns
[1772.554s][info ][safepoint      ] Safepoint "Cleanup", Time since last: 1000117765 ns, Reaching safepoint: 50800 ns, At safepoint: 2400 ns, Total: 53200 ns
[1774.554s][info ][safepoint      ] Safepoint "Cleanup", Time since last: 2000163129 ns, Reaching safepoint: 47700 ns, At safepoint: 4800 ns, Total: 52500 ns
[1786.555s][info ][safepoint      ] Safepoint "Cleanup", Time since last: 12000911778 ns, Reaching safepoint: 114400 ns, At safepoint: 5001 ns, Total: 119401 ns
[1786.793s][info ][gc,start       ] GC(65) Pause Young (Allocation Failure)
[1786.838s][debug][gc,phases      ] GC(65) Scavenge 44.957ms
[1786.838s][debug][gc,ref         ] GC(65) Skipped phase 1 of Reference Processing: no references
[1786.838s][debug][gc,ref         ] GC(65) ReferenceProcessor::execute queues: 1, RefProcThreadModel::Single, marks_oops_alive: false
[1786.838s][debug][gc,ref         ] GC(65) Skipped phase 3 of Reference Processing: no references
[1786.838s][debug][gc,ref         ] GC(65) ReferenceProcessor::execute queues: 1, RefProcThreadModel::Single, marks_oops_alive: false
[1786.838s][debug][gc,phases      ] GC(65) Reference Processing 0.105ms
[1786.838s][debug][gc,phases      ] GC(65)   VM Weak                        Min:  0.0, Avg:  0.0, Max:  0.0, Diff:  0.0, Sum:  0.0, Workers: 4
[1786.838s][debug][gc,phases      ] GC(65)     Dead                           Min: 0, Avg:  0.0, Max: 0, Diff: 0, Sum: 0, Workers: 4
[1786.838s][debug][gc,phases      ] GC(65)     Total                          Min: 0, Avg: 238.5, Max: 512, Diff: 512, Sum: 954, Workers: 4
[1786.838s][debug][gc,phases      ] GC(65)   ObjectSynchronizer Weak        Min:  0.0, Avg:  0.0, Max:  0.0, Diff:  0.0, Sum:  0.0, Workers: 4
[1786.838s][debug][gc,phases      ] GC(65)     Dead                           Min: 0, Avg:  0.0, Max: 0, Diff: 0, Sum: 0, Workers: 4
[1786.838s][debug][gc,phases      ] GC(65)     Total                          Min: 0, Avg: 14.0, Max: 56, Diff: 56, Sum: 56, Workers: 4
[1786.838s][debug][gc,phases      ] GC(65)   JVMTI Tag Weak OopStorage      Min:  0.0, Avg:  0.0, Max:  0.0, Diff:  0.0, Sum:  0.0, Workers: 4
[1786.838s][debug][gc,phases      ] GC(65)     Dead                           Min: 0, Avg:  0.0, Max: 0, Diff: 0, Sum: 0, Workers: 4
[1786.838s][debug][gc,phases      ] GC(65)     Total                          Min: 0, Avg:  0.0, Max: 0, Diff: 0, Sum: 0, Workers: 4
[1786.838s][debug][gc,phases      ] GC(65)   StringTable Weak               Min:  0.1, Avg:  0.1, Max:  0.1, Diff:  0.0, Sum:  0.4, Workers: 4
[1786.838s][debug][gc,phases      ] GC(65)     Dead                           Min: 0, Avg:  0.0, Max: 0, Diff: 0, Sum: 0, Workers: 4
[1786.838s][debug][gc,phases      ] GC(65)     Total                          Min: 10688, Avg: 10977.8, Max: 11583, Diff: 895, Sum: 43911, Workers: 4
[1786.838s][debug][gc,phases      ] GC(65)   ResolvedMethodTable Weak       Min:  0.0, Avg:  0.0, Max:  0.0, Diff:  0.0, Sum:  0.1, Workers: 4
[1786.838s][debug][gc,phases      ] GC(65)     Dead                           Min: 0, Avg:  0.0, Max: 0, Diff: 0, Sum: 0, Workers: 4
[1786.838s][debug][gc,phases      ] GC(65)     Total                          Min: 2368, Avg: 2461.8, Max: 2560, Diff: 192, Sum: 9847, Workers: 4
[1786.838s][debug][gc,phases      ] GC(65)   JNI Weak                       Min:  0.0, Avg:  0.0, Max:  0.0, Diff:  0.0, Sum:  0.0, Workers: 4
[1786.838s][debug][gc,phases      ] GC(65)     Dead                           Min: 0, Avg:  0.0, Max: 0, Diff: 0, Sum: 0, Workers: 4
[1786.838s][debug][gc,phases      ] GC(65)     Total                          Min: 0, Avg: 11.2, Max: 45, Diff: 45, Sum: 45, Workers: 4
[1786.838s][debug][gc,phases      ] GC(65)   StringDedup Table Weak         Min:  0.0, Avg:  0.0, Max:  0.0, Diff:  0.0, Sum:  0.0, Workers: 4
[1786.838s][debug][gc,phases      ] GC(65)     Dead                           Min: 0, Avg:  0.0, Max: 0, Diff: 0, Sum: 0, Workers: 4
[1786.838s][debug][gc,phases      ] GC(65)     Total                          Min: 0, Avg:  0.0, Max: 0, Diff: 0, Sum: 0, Workers: 4
[1786.838s][debug][gc,phases      ] GC(65)   StringDedup Requests0 Weak     Min:  0.0, Avg:  0.0, Max:  0.0, Diff:  0.0, Sum:  0.0, Workers: 4
[1786.838s][debug][gc,phases      ] GC(65)     Dead                           Min: 0, Avg:  0.0, Max: 0, Diff: 0, Sum: 0, Workers: 4
[1786.838s][debug][gc,phases      ] GC(65)     Total                          Min: 0, Avg:  0.0, Max: 0, Diff: 0, Sum: 0, Workers: 4
[1786.838s][debug][gc,phases      ] GC(65)   StringDedup Requests1 Weak     Min:  0.0, Avg:  0.0, Max:  0.0, Diff:  0.0, Sum:  0.0, Workers: 4
[1786.838s][debug][gc,phases      ] GC(65)     Dead                           Min: 0, Avg:  0.0, Max: 0, Diff: 0, Sum: 0, Workers: 4
[1786.838s][debug][gc,phases      ] GC(65)     Total                          Min: 0, Avg:  0.0, Max: 0, Diff: 0, Sum: 0, Workers: 4
[1786.838s][debug][gc,phases      ] GC(65)   Weak JFR Old Object Samples    Min:  0.0, Avg:  0.0, Max:  0.0, Diff:  0.0, Sum:  0.0, Workers: 4
[1786.838s][debug][gc,phases      ] GC(65)     Dead                           Min: 0, Avg:  0.0, Max: 0, Diff: 0, Sum: 0, Workers: 4
[1786.838s][debug][gc,phases      ] GC(65)     Total                          Min: 0, Avg:  0.0, Max: 0, Diff: 0, Sum: 0, Workers: 4
[1786.838s][debug][gc,phases      ] GC(65) Weak Processing 0.298ms
[1786.838s][debug][gc,age         ] GC(65) Desired survivor size 345505792 bytes, new threshold 15 (max threshold 15)
[1786.838s][info ][gc,heap        ] GC(65) PSYoungGen: 1631234K(1766400K)->216882K(1652736K) Eden: 1435648K(1435648K)->0K(1435648K) From: 195586K(330752K)->216882K(217088K)
[1786.838s][info ][gc,heap        ] GC(65) ParOldGen: 445864K(559616K)->446008K(559616K)
[1786.838s][info ][gc,metaspace   ] GC(65) Metaspace: 83746K(84864K)->83746K(84864K) NonClass: 71869K(72448K)->71869K(72448K) Class: 11877K(12416K)->11877K(12416K)
[1786.838s][info ][gc             ] GC(65) Pause Young (Allocation Failure) 2028M->647M(2160M) 45.475ms
[1786.839s][info ][gc,cpu         ] GC(65) User=0.18s Sys=0.00s Real=0.05s
[1786.839s][info ][safepoint      ] Safepoint "ParallelGCFailedAllocation", Time since last: 237651301 ns, Reaching safepoint: 96300 ns, At safepoint: 45547196 ns, Total: 45643496 ns
[1789.839s][info ][safepoint      ] Safepoint "Cleanup", Time since last: 3000210827 ns, Reaching safepoint: 45500 ns, At safepoint: 2500 ns, Total: 48000 ns
[1800.840s][info ][safepoint      ] Safepoint "Cleanup", Time since last: 11000854931 ns, Reaching safepoint: 45501 ns, At safepoint: 3100 ns, Total: 48601 ns
[1803.840s][info ][safepoint      ] Safepoint "Cleanup", Time since last: 3000226269 ns, Reaching safepoint: 34600 ns, At safepoint: 4200 ns, Total: 38800 ns
[1807.840s][info ][safepoint      ] Safepoint "Cleanup", Time since last: 4000292406 ns, Reaching safepoint: 41200 ns, At safepoint: 5700 ns, Total: 46900 ns
[1809.841s][info ][safepoint      ] Safepoint "Cleanup", Time since last: 2000163894 ns, Reaching safepoint: 77700 ns, At safepoint: 6700 ns, Total: 84400 ns
[1810.841s][info ][safepoint      ] Safepoint "Cleanup", Time since last: 1000094866 ns, Reaching safepoint: 38800 ns, At safepoint: 8100 ns, Total: 46900 ns
[1811.841s][info ][safepoint      ] Safepoint "Cleanup", Time since last: 1000100966 ns, Reaching safepoint: 60001 ns, At safepoint: 3400 ns, Total: 63401 ns
[1817.841s][info ][safepoint      ] Safepoint "Cleanup", Time since last: 6000384114 ns, Reaching safepoint: 42200 ns, At safepoint: 6600 ns, Total: 48800 ns
[1827.427s][info ][gc,start       ] GC(66) Pause Young (Allocation Failure)
[1827.493s][debug][gc,phases      ] GC(66) Scavenge 66.684ms
[1827.493s][debug][gc,ref         ] GC(66) Skipped phase 1 of Reference Processing: no references
[1827.493s][debug][gc,ref         ] GC(66) ReferenceProcessor::execute queues: 1, RefProcThreadModel::Single, marks_oops_alive: false
[1827.493s][debug][gc,ref         ] GC(66) Skipped phase 3 of Reference Processing: no references
[1827.493s][debug][gc,ref         ] GC(66) ReferenceProcessor::execute queues: 1, RefProcThreadModel::Single, marks_oops_alive: false
[1827.493s][debug][gc,phases      ] GC(66) Reference Processing 0.111ms
[1827.494s][debug][gc,phases      ] GC(66)   VM Weak                        Min:  0.0, Avg:  0.0, Max:  0.0, Diff:  0.0, Sum:  0.0, Workers: 4
[1827.494s][debug][gc,phases      ] GC(66)     Dead                           Min: 0, Avg:  0.0, Max: 0, Diff: 0, Sum: 0, Workers: 4
[1827.494s][debug][gc,phases      ] GC(66)     Total                          Min: 0, Avg: 238.5, Max: 506, Diff: 506, Sum: 954, Workers: 4
[1827.494s][debug][gc,phases      ] GC(66)   ObjectSynchronizer Weak        Min:  0.0, Avg:  0.0, Max:  0.0, Diff:  0.0, Sum:  0.0, Workers: 4
[1827.494s][debug][gc,phases      ] GC(66)     Dead                           Min: 0, Avg:  0.0, Max: 0, Diff: 0, Sum: 0, Workers: 4
[1827.494s][debug][gc,phases      ] GC(66)     Total                          Min: 0, Avg: 14.0, Max: 56, Diff: 56, Sum: 56, Workers: 4
[1827.494s][debug][gc,phases      ] GC(66)   JVMTI Tag Weak OopStorage      Min:  0.0, Avg:  0.0, Max:  0.0, Diff:  0.0, Sum:  0.0, Workers: 4
[1827.494s][debug][gc,phases      ] GC(66)     Dead                           Min: 0, Avg:  0.0, Max: 0, Diff: 0, Sum: 0, Workers: 4
[1827.494s][debug][gc,phases      ] GC(66)     Total                          Min: 0, Avg:  0.0, Max: 0, Diff: 0, Sum: 0, Workers: 4
[1827.494s][debug][gc,phases      ] GC(66)   StringTable Weak               Min:  0.0, Avg:  0.1, Max:  0.2, Diff:  0.2, Sum:  0.6, Workers: 4
[1827.494s][debug][gc,phases      ] GC(66)     Dead                           Min: 0, Avg:  0.5, Max: 2, Diff: 2, Sum: 2, Workers: 4
[1827.494s][debug][gc,phases      ] GC(66)     Total                          Min: 0, Avg: 10986.2, Max: 18537, Diff: 18537, Sum: 43945, Workers: 4
[1827.494s][debug][gc,phases      ] GC(66)   ResolvedMethodTable Weak       Min:  0.0, Avg:  0.0, Max:  0.0, Diff:  0.0, Sum:  0.1, Workers: 4
[1827.494s][debug][gc,phases      ] GC(66)     Dead                           Min: 0, Avg:  0.0, Max: 0, Diff: 0, Sum: 0, Workers: 4
[1827.494s][debug][gc,phases      ] GC(66)     Total                          Min: 0, Avg: 2469.2, Max: 4416, Diff: 4416, Sum: 9877, Workers: 4
[1827.494s][debug][gc,phases      ] GC(66)   JNI Weak                       Min:  0.0, Avg:  0.0, Max:  0.0, Diff:  0.0, Sum:  0.0, Workers: 4
[1827.494s][debug][gc,phases      ] GC(66)     Dead                           Min: 0, Avg:  0.0, Max: 0, Diff: 0, Sum: 0, Workers: 4
[1827.494s][debug][gc,phases      ] GC(66)     Total                          Min: 0, Avg: 11.2, Max: 45, Diff: 45, Sum: 45, Workers: 4
[1827.494s][debug][gc,phases      ] GC(66)   StringDedup Table Weak         Min:  0.0, Avg:  0.0, Max:  0.0, Diff:  0.0, Sum:  0.0, Workers: 4
[1827.494s][debug][gc,phases      ] GC(66)     Dead                           Min: 0, Avg:  0.0, Max: 0, Diff: 0, Sum: 0, Workers: 4
[1827.494s][debug][gc,phases      ] GC(66)     Total                          Min: 0, Avg:  0.0, Max: 0, Diff: 0, Sum: 0, Workers: 4
[1827.494s][debug][gc,phases      ] GC(66)   StringDedup Requests0 Weak     Min:  0.0, Avg:  0.0, Max:  0.0, Diff:  0.0, Sum:  0.0, Workers: 4
[1827.494s][debug][gc,phases      ] GC(66)     Dead                           Min: 0, Avg:  0.0, Max: 0, Diff: 0, Sum: 0, Workers: 4
[1827.494s][debug][gc,phases      ] GC(66)     Total                          Min: 0, Avg:  0.0, Max: 0, Diff: 0, Sum: 0, Workers: 4
[1827.494s][debug][gc,phases      ] GC(66)   StringDedup Requests1 Weak     Min:  0.0, Avg:  0.0, Max:  0.0, Diff:  0.0, Sum:  0.0, Workers: 4
[1827.494s][debug][gc,phases      ] GC(66)     Dead                           Min: 0, Avg:  0.0, Max: 0, Diff: 0, Sum: 0, Workers: 4
[1827.494s][debug][gc,phases      ] GC(66)     Total                          Min: 0, Avg:  0.0, Max: 0, Diff: 0, Sum: 0, Workers: 4
[1827.494s][debug][gc,phases      ] GC(66)   Weak JFR Old Object Samples    Min:  0.0, Avg:  0.0, Max:  0.0, Diff:  0.0, Sum:  0.0, Workers: 4
[1827.494s][debug][gc,phases      ] GC(66)     Dead                           Min: 0, Avg:  0.0, Max: 0, Diff: 0, Sum: 0, Workers: 4
[1827.494s][debug][gc,phases      ] GC(66)     Total                          Min: 0, Avg:  0.0, Max: 0, Diff: 0, Sum: 0, Workers: 4
[1827.494s][debug][gc,phases      ] GC(66) Weak Processing 0.415ms
[1827.494s][debug][gc,age         ] GC(66) Desired survivor size 339738624 bytes, new threshold 15 (max threshold 15)
[1827.494s][info ][gc,heap        ] GC(66) PSYoungGen: 1652530K(1652736K)->189938K(1765376K) Eden: 1435648K(1435648K)->0K(1427968K) From: 216882K(217088K)->189938K(337408K)
[1827.494s][info ][gc,heap        ] GC(66) ParOldGen: 446008K(559616K)->446160K(559616K)
[1827.494s][info ][gc,metaspace   ] GC(66) Metaspace: 83823K(84928K)->83823K(84928K) NonClass: 71928K(72512K)->71928K(72512K) Class: 11894K(12416K)->11894K(12416K)
[1827.494s][info ][gc             ] GC(66) Pause Young (Allocation Failure) 2049M->621M(2270M) 67.332ms
[1827.494s][info ][gc,cpu         ] GC(66) User=0.16s Sys=0.02s Real=0.07s
[1827.494s][info ][safepoint      ] Safepoint "ParallelGCFailedAllocation", Time since last: 9585128669 ns, Reaching safepoint: 159901 ns, At safepoint: 67442758 ns, Total: 67602659 ns
[1831.494s][info ][safepoint      ] Safepoint "Cleanup", Time since last: 4000288591 ns, Reaching safepoint: 49400 ns, At safepoint: 5900 ns, Total: 55300 ns
[1835.495s][info ][safepoint      ] Safepoint "Cleanup", Time since last: 4000339862 ns, Reaching safepoint: 47300 ns, At safepoint: 3000 ns, Total: 50300 ns
[1836.495s][info ][safepoint      ] Safepoint "Cleanup", Time since last: 1000096679 ns, Reaching safepoint: 43201 ns, At safepoint: 3200 ns, Total: 46401 ns
[1837.495s][info ][safepoint      ] Safepoint "Cleanup", Time since last: 1000125979 ns, Reaching safepoint: 175201 ns, At safepoint: 8900 ns, Total: 184101 ns
[1838.495s][info ][safepoint      ] Safepoint "Cleanup", Time since last: 1000100779 ns, Reaching safepoint: 55100 ns, At safepoint: 6400 ns, Total: 61500 ns
[1842.496s][info ][safepoint      ] Safepoint "Cleanup", Time since last: 4000299772 ns, Reaching safepoint: 40000 ns, At safepoint: 2400 ns, Total: 42400 ns
[1849.496s][info ][safepoint      ] Safepoint "Cleanup", Time since last: 7000600845 ns, Reaching safepoint: 46901 ns, At safepoint: 6800 ns, Total: 53701 ns
[1853.028s][info ][safepoint      ] Safepoint "Cleanup", Time since last: 3531267221 ns, Reaching safepoint: 49200 ns, At safepoint: 2700 ns, Total: 51900 ns
[1855.393s][info ][gc,start       ] GC(67) Pause Young (Allocation Failure)
[1855.436s][debug][gc,phases      ] GC(67) Scavenge 42.987ms
[1855.436s][debug][gc,ref         ] GC(67) Skipped phase 1 of Reference Processing: no references
[1855.436s][debug][gc,ref         ] GC(67) ReferenceProcessor::execute queues: 1, RefProcThreadModel::Single, marks_oops_alive: false
[1855.436s][debug][gc,ref         ] GC(67) Skipped phase 3 of Reference Processing: no references
[1855.436s][debug][gc,ref         ] GC(67) ReferenceProcessor::execute queues: 1, RefProcThreadModel::Single, marks_oops_alive: false
[1855.436s][debug][gc,phases      ] GC(67) Reference Processing 0.106ms
[1855.436s][debug][gc,phases      ] GC(67)   VM Weak                        Min:  0.0, Avg:  0.0, Max:  0.0, Diff:  0.0, Sum:  0.0, Workers: 4
[1855.436s][debug][gc,phases      ] GC(67)     Dead                           Min: 0, Avg:  0.0, Max: 0, Diff: 0, Sum: 0, Workers: 4
[1855.436s][debug][gc,phases      ] GC(67)     Total                          Min: 0, Avg: 238.5, Max: 378, Diff: 378, Sum: 954, Workers: 4
[1855.436s][debug][gc,phases      ] GC(67)   ObjectSynchronizer Weak        Min:  0.0, Avg:  0.0, Max:  0.0, Diff:  0.0, Sum:  0.0, Workers: 4
[1855.436s][debug][gc,phases      ] GC(67)     Dead                           Min: 0, Avg:  0.0, Max: 0, Diff: 0, Sum: 0, Workers: 4
[1855.436s][debug][gc,phases      ] GC(67)     Total                          Min: 0, Avg: 14.0, Max: 56, Diff: 56, Sum: 56, Workers: 4
[1855.436s][debug][gc,phases      ] GC(67)   JVMTI Tag Weak OopStorage      Min:  0.0, Avg:  0.0, Max:  0.0, Diff:  0.0, Sum:  0.0, Workers: 4
[1855.436s][debug][gc,phases      ] GC(67)     Dead                           Min: 0, Avg:  0.0, Max: 0, Diff: 0, Sum: 0, Workers: 4
[1855.436s][debug][gc,phases      ] GC(67)     Total                          Min: 0, Avg:  0.0, Max: 0, Diff: 0, Sum: 0, Workers: 4
[1855.436s][debug][gc,phases      ] GC(67)   StringTable Weak               Min:  0.1, Avg:  0.1, Max:  0.1, Diff:  0.0, Sum:  0.4, Workers: 4
[1855.436s][debug][gc,phases      ] GC(67)     Dead                           Min: 0, Avg:  0.0, Max: 0, Diff: 0, Sum: 0, Workers: 4
[1855.436s][debug][gc,phases      ] GC(67)     Total                          Min: 10624, Avg: 10986.2, Max: 11327, Diff: 703, Sum: 43945, Workers: 4
[1855.436s][debug][gc,phases      ] GC(67)   ResolvedMethodTable Weak       Min:  0.0, Avg:  0.0, Max:  0.0, Diff:  0.0, Sum:  0.1, Workers: 4
[1855.436s][debug][gc,phases      ] GC(67)     Dead                           Min: 0, Avg:  0.0, Max: 0, Diff: 0, Sum: 0, Workers: 4
[1855.436s][debug][gc,phases      ] GC(67)     Total                          Min: 2389, Avg: 2469.2, Max: 2560, Diff: 171, Sum: 9877, Workers: 4
[1855.436s][debug][gc,phases      ] GC(67)   JNI Weak                       Min:  0.0, Avg:  0.0, Max:  0.0, Diff:  0.0, Sum:  0.0, Workers: 4
[1855.436s][debug][gc,phases      ] GC(67)     Dead                           Min: 0, Avg:  0.0, Max: 0, Diff: 0, Sum: 0, Workers: 4
[1855.436s][debug][gc,phases      ] GC(67)     Total                          Min: 0, Avg: 11.2, Max: 45, Diff: 45, Sum: 45, Workers: 4
[1855.436s][debug][gc,phases      ] GC(67)   StringDedup Table Weak         Min:  0.0, Avg:  0.0, Max:  0.0, Diff:  0.0, Sum:  0.0, Workers: 4
[1855.436s][debug][gc,phases      ] GC(67)     Dead                           Min: 0, Avg:  0.0, Max: 0, Diff: 0, Sum: 0, Workers: 4
[1855.436s][debug][gc,phases      ] GC(67)     Total                          Min: 0, Avg:  0.0, Max: 0, Diff: 0, Sum: 0, Workers: 4
[1855.436s][debug][gc,phases      ] GC(67)   StringDedup Requests0 Weak     Min:  0.0, Avg:  0.0, Max:  0.0, Diff:  0.0, Sum:  0.0, Workers: 4
[1855.436s][debug][gc,phases      ] GC(67)     Dead                           Min: 0, Avg:  0.0, Max: 0, Diff: 0, Sum: 0, Workers: 4
[1855.436s][debug][gc,phases      ] GC(67)     Total                          Min: 0, Avg:  0.0, Max: 0, Diff: 0, Sum: 0, Workers: 4
[1855.436s][debug][gc,phases      ] GC(67)   StringDedup Requests1 Weak     Min:  0.0, Avg:  0.0, Max:  0.0, Diff:  0.0, Sum:  0.0, Workers: 4
[1855.436s][debug][gc,phases      ] GC(67)     Dead                           Min: 0, Avg:  0.0, Max: 0, Diff: 0, Sum: 0, Workers: 4
[1855.436s][debug][gc,phases      ] GC(67)     Total                          Min: 0, Avg:  0.0, Max: 0, Diff: 0, Sum: 0, Workers: 4
[1855.436s][debug][gc,phases      ] GC(67)   Weak JFR Old Object Samples    Min:  0.0, Avg:  0.0, Max:  0.0, Diff:  0.0, Sum:  0.0, Workers: 4
[1855.436s][debug][gc,phases      ] GC(67)     Dead                           Min: 0, Avg:  0.0, Max: 0, Diff: 0, Sum: 0, Workers: 4
[1855.436s][debug][gc,phases      ] GC(67)     Total                          Min: 0, Avg:  0.0, Max: 0, Diff: 0, Sum: 0, Workers: 4
[1855.436s][debug][gc,phases      ] GC(67) Weak Processing 0.290ms
[1855.436s][debug][gc,age         ] GC(67) Desired survivor size 339738624 bytes, new threshold 15 (max threshold 15)
[1855.436s][info ][gc,heap        ] GC(67) PSYoungGen: 1617906K(1765376K)->207474K(1759744K) Eden: 1427968K(1427968K)->0K(1427968K) From: 189938K(337408K)->207474K(331776K)
[1855.436s][info ][gc,heap        ] GC(67) ParOldGen: 446160K(559616K)->448604K(559616K)
[1855.436s][info ][gc,metaspace   ] GC(67) Metaspace: 83830K(84992K)->83830K(84992K) NonClass: 71936K(72576K)->71936K(72576K) Class: 11894K(12416K)->11894K(12416K)
[1855.436s][info ][gc             ] GC(67) Pause Young (Allocation Failure) 2015M->640M(2265M) 43.493ms
[1855.436s][info ][gc,cpu         ] GC(67) User=0.17s Sys=0.00s Real=0.04s
[1855.436s][info ][safepoint      ] Safepoint "ParallelGCFailedAllocation", Time since last: 2364717639 ns, Reaching safepoint: 96100 ns, At safepoint: 43558701 ns, Total: 43654801 ns
[1857.436s][info ][safepoint      ] Safepoint "Cleanup", Time since last: 2000138722 ns, Reaching safepoint: 41501 ns, At safepoint: 2900 ns, Total: 44401 ns
[1860.437s][info ][safepoint      ] Safepoint "Cleanup", Time since last: 3000227884 ns, Reaching safepoint: 36000 ns, At safepoint: 3700 ns, Total: 39700 ns
[1864.437s][info ][safepoint      ] Safepoint "Cleanup", Time since last: 4000300846 ns, Reaching safepoint: 48900 ns, At safepoint: 3200 ns, Total: 52100 ns
[1865.437s][info ][safepoint      ] Safepoint "Cleanup", Time since last: 1000146900 ns, Reaching safepoint: 52500 ns, At safepoint: 24200 ns, Total: 76700 ns
[1866.437s][info ][safepoint      ] Safepoint "Cleanup", Time since last: 1000098350 ns, Reaching safepoint: 35900 ns, At safepoint: 2800 ns, Total: 38700 ns
[1867.437s][info ][safepoint      ] Safepoint "Cleanup", Time since last: 1000100650 ns, Reaching safepoint: 52600 ns, At safepoint: 6300 ns, Total: 58900 ns
[1868.438s][info ][safepoint      ] Safepoint "Cleanup", Time since last: 1000109650 ns, Reaching safepoint: 47900 ns, At safepoint: 6900 ns, Total: 54800 ns
[1874.438s][info ][safepoint      ] Safepoint "Cleanup", Time since last: 6000370751 ns, Reaching safepoint: 39400 ns, At safepoint: 2200 ns, Total: 41600 ns
[1876.438s][info ][safepoint      ] Safepoint "Cleanup", Time since last: 2000152649 ns, Reaching safepoint: 37600 ns, At safepoint: 7100 ns, Total: 44700 ns
[1881.439s][info ][safepoint      ] Safepoint "Cleanup", Time since last: 5000389793 ns, Reaching safepoint: 43600 ns, At safepoint: 3000 ns, Total: 46600 ns
[1889.439s][info ][safepoint      ] Safepoint "Cleanup", Time since last: 8000499724 ns, Reaching safepoint: 36900 ns, At safepoint: 3600 ns, Total: 40500 ns
[1896.055s][info ][gc,start       ] GC(68) Pause Young (Allocation Failure)
[1896.094s][debug][gc,phases      ] GC(68) Scavenge 39.062ms
[1896.094s][debug][gc,ref         ] GC(68) Skipped phase 1 of Reference Processing: no references
[1896.094s][debug][gc,ref         ] GC(68) ReferenceProcessor::execute queues: 1, RefProcThreadModel::Single, marks_oops_alive: false
[1896.094s][debug][gc,ref         ] GC(68) Skipped phase 3 of Reference Processing: no references
[1896.094s][debug][gc,ref         ] GC(68) ReferenceProcessor::execute queues: 1, RefProcThreadModel::Single, marks_oops_alive: false
[1896.094s][debug][gc,phases      ] GC(68) Reference Processing 0.108ms
[1896.095s][debug][gc,phases      ] GC(68)   VM Weak                        Min:  0.0, Avg:  0.0, Max:  0.0, Diff:  0.0, Sum:  0.0, Workers: 4
[1896.095s][debug][gc,phases      ] GC(68)     Dead                           Min: 0, Avg:  0.0, Max: 0, Diff: 0, Sum: 0, Workers: 4
[1896.095s][debug][gc,phases      ] GC(68)     Total                          Min: 0, Avg: 238.5, Max: 954, Diff: 954, Sum: 954, Workers: 4
[1896.095s][debug][gc,phases      ] GC(68)   ObjectSynchronizer Weak        Min:  0.0, Avg:  0.0, Max:  0.0, Diff:  0.0, Sum:  0.0, Workers: 4
[1896.095s][debug][gc,phases      ] GC(68)     Dead                           Min: 0, Avg:  0.0, Max: 0, Diff: 0, Sum: 0, Workers: 4
[1896.095s][debug][gc,phases      ] GC(68)     Total                          Min: 0, Avg: 14.0, Max: 56, Diff: 56, Sum: 56, Workers: 4
[1896.095s][debug][gc,phases      ] GC(68)   JVMTI Tag Weak OopStorage      Min:  0.0, Avg:  0.0, Max:  0.0, Diff:  0.0, Sum:  0.0, Workers: 4
[1896.095s][debug][gc,phases      ] GC(68)     Dead                           Min: 0, Avg:  0.0, Max: 0, Diff: 0, Sum: 0, Workers: 4
[1896.095s][debug][gc,phases      ] GC(68)     Total                          Min: 0, Avg:  0.0, Max: 0, Diff: 0, Sum: 0, Workers: 4
[1896.095s][debug][gc,phases      ] GC(68)   StringTable Weak               Min:  0.0, Avg:  0.1, Max:  0.1, Diff:  0.1, Sum:  0.3, Workers: 4
[1896.095s][debug][gc,phases      ] GC(68)     Dead                           Min: 0, Avg:  0.0, Max: 0, Diff: 0, Sum: 0, Workers: 4
[1896.095s][debug][gc,phases      ] GC(68)     Total                          Min: 0, Avg: 10988.5, Max: 18291, Diff: 18291, Sum: 43954, Workers: 4
[1896.095s][debug][gc,phases      ] GC(68)   ResolvedMethodTable Weak       Min:  0.0, Avg:  0.0, Max:  0.0, Diff:  0.0, Sum:  0.1, Workers: 4
[1896.095s][debug][gc,phases      ] GC(68)     Dead                           Min: 0, Avg:  0.0, Max: 0, Diff: 0, Sum: 0, Workers: 4
[1896.095s][debug][gc,phases      ] GC(68)     Total                          Min: 0, Avg: 2469.2, Max: 4032, Diff: 4032, Sum: 9877, Workers: 4
[1896.095s][debug][gc,phases      ] GC(68)   JNI Weak                       Min:  0.0, Avg:  0.0, Max:  0.0, Diff:  0.0, Sum:  0.0, Workers: 4
[1896.095s][debug][gc,phases      ] GC(68)     Dead                           Min: 0, Avg:  0.0, Max: 0, Diff: 0, Sum: 0, Workers: 4
[1896.095s][debug][gc,phases      ] GC(68)     Total                          Min: 0, Avg: 11.2, Max: 45, Diff: 45, Sum: 45, Workers: 4
[1896.095s][debug][gc,phases      ] GC(68)   StringDedup Table Weak         Min:  0.0, Avg:  0.0, Max:  0.0, Diff:  0.0, Sum:  0.0, Workers: 4
[1896.095s][debug][gc,phases      ] GC(68)     Dead                           Min: 0, Avg:  0.0, Max: 0, Diff: 0, Sum: 0, Workers: 4
[1896.095s][debug][gc,phases      ] GC(68)     Total                          Min: 0, Avg:  0.0, Max: 0, Diff: 0, Sum: 0, Workers: 4
[1896.095s][debug][gc,phases      ] GC(68)   StringDedup Requests0 Weak     Min:  0.0, Avg:  0.0, Max:  0.0, Diff:  0.0, Sum:  0.0, Workers: 4
[1896.095s][debug][gc,phases      ] GC(68)     Dead                           Min: 0, Avg:  0.0, Max: 0, Diff: 0, Sum: 0, Workers: 4
[1896.095s][debug][gc,phases      ] GC(68)     Total                          Min: 0, Avg:  0.0, Max: 0, Diff: 0, Sum: 0, Workers: 4
[1896.095s][debug][gc,phases      ] GC(68)   StringDedup Requests1 Weak     Min:  0.0, Avg:  0.0, Max:  0.0, Diff:  0.0, Sum:  0.0, Workers: 4
[1896.095s][debug][gc,phases      ] GC(68)     Dead                           Min: 0, Avg:  0.0, Max: 0, Diff: 0, Sum: 0, Workers: 4
[1896.095s][debug][gc,phases      ] GC(68)     Total                          Min: 0, Avg:  0.0, Max: 0, Diff: 0, Sum: 0, Workers: 4
[1896.095s][debug][gc,phases      ] GC(68)   Weak JFR Old Object Samples    Min:  0.0, Avg:  0.0, Max:  0.0, Diff:  0.0, Sum:  0.0, Workers: 4
[1896.095s][debug][gc,phases      ] GC(68)     Dead                           Min: 0, Avg:  0.0, Max: 0, Diff: 0, Sum: 0, Workers: 4
[1896.095s][debug][gc,phases      ] GC(68)     Total                          Min: 0, Avg:  0.0, Max: 0, Diff: 0, Sum: 0, Workers: 4
[1896.095s][debug][gc,phases      ] GC(68) Weak Processing 0.300ms
[1896.095s][debug][gc,age         ] GC(68) Desired survivor size 324009984 bytes, new threshold 15 (max threshold 15)
[1896.095s][info ][gc,heap        ] GC(68) PSYoungGen: 1635442K(1759744K)->157835K(1780736K) Eden: 1427968K(1427968K)->0K(1448960K) From: 207474K(331776K)->157835K(331776K)
[1896.095s][info ][gc,heap        ] GC(68) ParOldGen: 448604K(559616K)->465640K(559616K)
[1896.095s][info ][gc,metaspace   ] GC(68) Metaspace: 83833K(84992K)->83833K(84992K) NonClass: 71938K(72576K)->71938K(72576K) Class: 11894K(12416K)->11894K(12416K)
[1896.095s][info ][gc             ] GC(68) Pause Young (Allocation Failure) 2035M->608M(2285M) 39.583ms
[1896.095s][info ][gc,cpu         ] GC(68) User=0.14s Sys=0.02s Real=0.04s
[1896.095s][info ][safepoint      ] Safepoint "ParallelGCFailedAllocation", Time since last: 6615905801 ns, Reaching safepoint: 30600 ns, At safepoint: 39679998 ns, Total: 39710598 ns
[1898.095s][info ][safepoint      ] Safepoint "Cleanup", Time since last: 2000147641 ns, Reaching safepoint: 39600 ns, At safepoint: 2500 ns, Total: 42100 ns
[1904.095s][info ][safepoint      ] Safepoint "Cleanup", Time since last: 6000442783 ns, Reaching safepoint: 46200 ns, At safepoint: 3100 ns, Total: 49300 ns
[1914.096s][info ][safepoint      ] Safepoint "Cleanup", Time since last: 10000774755 ns, Reaching safepoint: 38900 ns, At safepoint: 2600 ns, Total: 41500 ns
[1918.097s][info ][safepoint      ] Safepoint "Cleanup", Time since last: 4000363410 ns, Reaching safepoint: 44000 ns, At safepoint: 7100 ns, Total: 51100 ns
[1921.097s][info ][safepoint      ] Safepoint "Cleanup", Time since last: 3000232432 ns, Reaching safepoint: 54300 ns, At safepoint: 6600 ns, Total: 60900 ns
[1922.097s][info ][safepoint      ] Safepoint "Cleanup", Time since last: 1000112196 ns, Reaching safepoint: 47800 ns, At safepoint: 5000 ns, Total: 52800 ns
[1923.009s][info ][gc,start       ] GC(69) Pause Young (Allocation Failure)
[1923.044s][debug][gc,phases      ] GC(69) Scavenge 35.633ms
[1923.044s][debug][gc,ref         ] GC(69) Skipped phase 1 of Reference Processing: no references
[1923.044s][debug][gc,ref         ] GC(69) ReferenceProcessor::execute queues: 1, RefProcThreadModel::Single, marks_oops_alive: false
[1923.044s][debug][gc,ref         ] GC(69) Skipped phase 3 of Reference Processing: no references
[1923.044s][debug][gc,ref         ] GC(69) ReferenceProcessor::execute queues: 1, RefProcThreadModel::Single, marks_oops_alive: false
[1923.044s][debug][gc,phases      ] GC(69) Reference Processing 0.105ms
[1923.045s][debug][gc,phases      ] GC(69)   VM Weak                        Min:  0.0, Avg:  0.0, Max:  0.0, Diff:  0.0, Sum:  0.0, Workers: 4
[1923.045s][debug][gc,phases      ] GC(69)     Dead                           Min: 0, Avg:  0.0, Max: 0, Diff: 0, Sum: 0, Workers: 4
[1923.045s][debug][gc,phases      ] GC(69)     Total                          Min: 0, Avg: 238.5, Max: 512, Diff: 512, Sum: 954, Workers: 4
[1923.045s][debug][gc,phases      ] GC(69)   ObjectSynchronizer Weak        Min:  0.0, Avg:  0.0, Max:  0.0, Diff:  0.0, Sum:  0.0, Workers: 4
[1923.045s][debug][gc,phases      ] GC(69)     Dead                           Min: 0, Avg:  0.0, Max: 0, Diff: 0, Sum: 0, Workers: 4
[1923.045s][debug][gc,phases      ] GC(69)     Total                          Min: 0, Avg: 14.0, Max: 56, Diff: 56, Sum: 56, Workers: 4
[1923.045s][debug][gc,phases      ] GC(69)   JVMTI Tag Weak OopStorage      Min:  0.0, Avg:  0.0, Max:  0.0, Diff:  0.0, Sum:  0.0, Workers: 4
[1923.045s][debug][gc,phases      ] GC(69)     Dead                           Min: 0, Avg:  0.0, Max: 0, Diff: 0, Sum: 0, Workers: 4
[1923.045s][debug][gc,phases      ] GC(69)     Total                          Min: 0, Avg:  0.0, Max: 0, Diff: 0, Sum: 0, Workers: 4
[1923.045s][debug][gc,phases      ] GC(69)   StringTable Weak               Min:  0.0, Avg:  0.1, Max:  0.1, Diff:  0.1, Sum:  0.4, Workers: 4
[1923.045s][debug][gc,phases      ] GC(69)     Dead                           Min: 0, Avg:  0.0, Max: 0, Diff: 0, Sum: 0, Workers: 4
[1923.045s][debug][gc,phases      ] GC(69)     Total                          Min: 0, Avg: 10988.5, Max: 18996, Diff: 18996, Sum: 43954, Workers: 4
[1923.045s][debug][gc,phases      ] GC(69)   ResolvedMethodTable Weak       Min:  0.0, Avg:  0.0, Max:  0.0, Diff:  0.0, Sum:  0.1, Workers: 4
[1923.045s][debug][gc,phases      ] GC(69)     Dead                           Min: 0, Avg:  0.0, Max: 0, Diff: 0, Sum: 0, Workers: 4
[1923.045s][debug][gc,phases      ] GC(69)     Total                          Min: 0, Avg: 2469.2, Max: 4096, Diff: 4096, Sum: 9877, Workers: 4
[1923.045s][debug][gc,phases      ] GC(69)   JNI Weak                       Min:  0.0, Avg:  0.0, Max:  0.0, Diff:  0.0, Sum:  0.0, Workers: 4
[1923.045s][debug][gc,phases      ] GC(69)     Dead                           Min: 0, Avg:  0.0, Max: 0, Diff: 0, Sum: 0, Workers: 4
[1923.045s][debug][gc,phases      ] GC(69)     Total                          Min: 0, Avg: 11.2, Max: 45, Diff: 45, Sum: 45, Workers: 4
[1923.045s][debug][gc,phases      ] GC(69)   StringDedup Table Weak         Min:  0.0, Avg:  0.0, Max:  0.0, Diff:  0.0, Sum:  0.0, Workers: 4
[1923.045s][debug][gc,phases      ] GC(69)     Dead                           Min: 0, Avg:  0.0, Max: 0, Diff: 0, Sum: 0, Workers: 4
[1923.045s][debug][gc,phases      ] GC(69)     Total                          Min: 0, Avg:  0.0, Max: 0, Diff: 0, Sum: 0, Workers: 4
[1923.045s][debug][gc,phases      ] GC(69)   StringDedup Requests0 Weak     Min:  0.0, Avg:  0.0, Max:  0.0, Diff:  0.0, Sum:  0.0, Workers: 4
[1923.045s][debug][gc,phases      ] GC(69)     Dead                           Min: 0, Avg:  0.0, Max: 0, Diff: 0, Sum: 0, Workers: 4
[1923.045s][debug][gc,phases      ] GC(69)     Total                          Min: 0, Avg:  0.0, Max: 0, Diff: 0, Sum: 0, Workers: 4
[1923.045s][debug][gc,phases      ] GC(69)   StringDedup Requests1 Weak     Min:  0.0, Avg:  0.0, Max:  0.0, Diff:  0.0, Sum:  0.0, Workers: 4
[1923.045s][debug][gc,phases      ] GC(69)     Dead                           Min: 0, Avg:  0.0, Max: 0, Diff: 0, Sum: 0, Workers: 4
[1923.045s][debug][gc,phases      ] GC(69)     Total                          Min: 0, Avg:  0.0, Max: 0, Diff: 0, Sum: 0, Workers: 4
[1923.045s][debug][gc,phases      ] GC(69)   Weak JFR Old Object Samples    Min:  0.0, Avg:  0.0, Max:  0.0, Diff:  0.0, Sum:  0.0, Workers: 4
[1923.045s][debug][gc,phases      ] GC(69)     Dead                           Min: 0, Avg:  0.0, Max: 0, Diff: 0, Sum: 0, Workers: 4
[1923.045s][debug][gc,phases      ] GC(69)     Total                          Min: 0, Avg:  0.0, Max: 0, Diff: 0, Sum: 0, Workers: 4
[1923.045s][debug][gc,phases      ] GC(69) Weak Processing 0.311ms
[1923.045s][debug][gc,age         ] GC(69) Desired survivor size 310378496 bytes, new threshold 15 (max threshold 15)
[1923.045s][info ][gc,heap        ] GC(69) PSYoungGen: 1606795K(1780736K)->169291K(1765376K) Eden: 1448960K(1448960K)->0K(1448960K) From: 157835K(331776K)->169291K(316416K)
[1923.045s][info ][gc,heap        ] GC(69) ParOldGen: 465640K(559616K)->466152K(559616K)
[1923.045s][info ][gc,metaspace   ] GC(69) Metaspace: 83840K(84992K)->83840K(84992K) NonClass: 71946K(72576K)->71946K(72576K) Class: 11894K(12416K)->11894K(12416K)
[1923.045s][info ][gc             ] GC(69) Pause Young (Allocation Failure) 2023M->620M(2270M) 36.165ms
[1923.045s][info ][gc,cpu         ] GC(69) User=0.14s Sys=0.00s Real=0.04s
[1923.045s][info ][safepoint      ] Safepoint "ParallelGCFailedAllocation", Time since last: 911414580 ns, Reaching safepoint: 44400 ns, At safepoint: 36229891 ns, Total: 36274291 ns
[1925.045s][info ][safepoint      ] Safepoint "Cleanup", Time since last: 2000167805 ns, Reaching safepoint: 48000 ns, At safepoint: 4900 ns, Total: 52900 ns
[1929.045s][info ][safepoint      ] Safepoint "Cleanup", Time since last: 4000319809 ns, Reaching safepoint: 39600 ns, At safepoint: 34201 ns, Total: 73801 ns
[1930.046s][info ][safepoint      ] Safepoint "Cleanup", Time since last: 1000118205 ns, Reaching safepoint: 48800 ns, At safepoint: 4400 ns, Total: 53200 ns
[1931.046s][info ][safepoint      ] Safepoint "Cleanup", Time since last: 1000156158 ns, Reaching safepoint: 56700 ns, At safepoint: 8200 ns, Total: 64900 ns
[1936.046s][info ][safepoint      ] Safepoint "Cleanup", Time since last: 5000391291 ns, Reaching safepoint: 51200 ns, At safepoint: 3100 ns, Total: 54300 ns
[1939.047s][info ][safepoint      ] Safepoint "Cleanup", Time since last: 3000257193 ns, Reaching safepoint: 41800 ns, At safepoint: 3300 ns, Total: 45100 ns
[1943.047s][info ][safepoint      ] Safepoint "Cleanup", Time since last: 4000259357 ns, Reaching safepoint: 55200 ns, At safepoint: 2600 ns, Total: 57800 ns
[1944.047s][info ][safepoint      ] Safepoint "Cleanup", Time since last: 1000099590 ns, Reaching safepoint: 39200 ns, At safepoint: 10400 ns, Total: 49600 ns
[1953.048s][info ][safepoint      ] Safepoint "Cleanup", Time since last: 9000650541 ns, Reaching safepoint: 54200 ns, At safepoint: 7500 ns, Total: 61700 ns
[1955.048s][info ][safepoint      ] Safepoint "Cleanup", Time since last: 2000218414 ns, Reaching safepoint: 45500 ns, At safepoint: 3300 ns, Total: 48800 ns
[1958.048s][info ][safepoint      ] Safepoint "Cleanup", Time since last: 3000253985 ns, Reaching safepoint: 34900 ns, At safepoint: 6200 ns, Total: 41100 ns
[1961.656s][info ][gc,start       ] GC(70) Pause Young (Allocation Failure)
[1961.692s][debug][gc,phases      ] GC(70) Scavenge 35.079ms
[1961.692s][debug][gc,ref         ] GC(70) Skipped phase 1 of Reference Processing: no references
[1961.692s][debug][gc,ref         ] GC(70) ReferenceProcessor::execute queues: 1, RefProcThreadModel::Single, marks_oops_alive: false
[1961.692s][debug][gc,ref         ] GC(70) Skipped phase 3 of Reference Processing: no references
[1961.692s][debug][gc,ref         ] GC(70) ReferenceProcessor::execute queues: 1, RefProcThreadModel::Single, marks_oops_alive: false
[1961.692s][debug][gc,phases      ] GC(70) Reference Processing 0.105ms
[1961.692s][debug][gc,phases      ] GC(70)   VM Weak                        Min:  0.0, Avg:  0.0, Max:  0.0, Diff:  0.0, Sum:  0.0, Workers: 4
[1961.692s][debug][gc,phases      ] GC(70)     Dead                           Min: 0, Avg:  0.0, Max: 0, Diff: 0, Sum: 0, Workers: 4
[1961.692s][debug][gc,phases      ] GC(70)     Total                          Min: 0, Avg: 239.8, Max: 575, Diff: 575, Sum: 959, Workers: 4
[1961.692s][debug][gc,phases      ] GC(70)   ObjectSynchronizer Weak        Min:  0.0, Avg:  0.0, Max:  0.0, Diff:  0.0, Sum:  0.0, Workers: 4
[1961.692s][debug][gc,phases      ] GC(70)     Dead                           Min: 0, Avg:  0.2, Max: 1, Diff: 1, Sum: 1, Workers: 4
[1961.692s][debug][gc,phases      ] GC(70)     Total                          Min: 0, Avg: 14.2, Max: 57, Diff: 57, Sum: 57, Workers: 4
[1961.692s][debug][gc,phases      ] GC(70)   JVMTI Tag Weak OopStorage      Min:  0.0, Avg:  0.0, Max:  0.0, Diff:  0.0, Sum:  0.0, Workers: 4
[1961.692s][debug][gc,phases      ] GC(70)     Dead                           Min: 0, Avg:  0.0, Max: 0, Diff: 0, Sum: 0, Workers: 4
[1961.692s][debug][gc,phases      ] GC(70)     Total                          Min: 0, Avg:  0.0, Max: 0, Diff: 0, Sum: 0, Workers: 4
[1961.692s][debug][gc,phases      ] GC(70)   StringTable Weak               Min:  0.0, Avg:  0.1, Max:  0.1, Diff:  0.1, Sum:  0.4, Workers: 4
[1961.692s][debug][gc,phases      ] GC(70)     Dead                           Min: 0, Avg:  0.2, Max: 1, Diff: 1, Sum: 1, Workers: 4
[1961.692s][debug][gc,phases      ] GC(70)     Total                          Min: 0, Avg: 11002.0, Max: 18856, Diff: 18856, Sum: 44008, Workers: 4
[1961.692s][debug][gc,phases      ] GC(70)   ResolvedMethodTable Weak       Min:  0.0, Avg:  0.0, Max:  0.0, Diff:  0.0, Sum:  0.1, Workers: 4
[1961.692s][debug][gc,phases      ] GC(70)     Dead                           Min: 0, Avg:  3.5, Max: 14, Diff: 14, Sum: 14, Workers: 4
[1961.692s][debug][gc,phases      ] GC(70)     Total                          Min: 0, Avg: 2481.2, Max: 4229, Diff: 4229, Sum: 9925, Workers: 4
[1961.692s][debug][gc,phases      ] GC(70)   JNI Weak                       Min:  0.0, Avg:  0.0, Max:  0.0, Diff:  0.0, Sum:  0.0, Workers: 4
[1961.692s][debug][gc,phases      ] GC(70)     Dead                           Min: 0, Avg:  0.0, Max: 0, Diff: 0, Sum: 0, Workers: 4
[1961.692s][debug][gc,phases      ] GC(70)     Total                          Min: 0, Avg: 11.2, Max: 45, Diff: 45, Sum: 45, Workers: 4
[1961.692s][debug][gc,phases      ] GC(70)   StringDedup Table Weak         Min:  0.0, Avg:  0.0, Max:  0.0, Diff:  0.0, Sum:  0.0, Workers: 4
[1961.692s][debug][gc,phases      ] GC(70)     Dead                           Min: 0, Avg:  0.0, Max: 0, Diff: 0, Sum: 0, Workers: 4
[1961.692s][debug][gc,phases      ] GC(70)     Total                          Min: 0, Avg:  0.0, Max: 0, Diff: 0, Sum: 0, Workers: 4
[1961.692s][debug][gc,phases      ] GC(70)   StringDedup Requests0 Weak     Min:  0.0, Avg:  0.0, Max:  0.0, Diff:  0.0, Sum:  0.0, Workers: 4
[1961.692s][debug][gc,phases      ] GC(70)     Dead                           Min: 0, Avg:  0.0, Max: 0, Diff: 0, Sum: 0, Workers: 4
[1961.692s][debug][gc,phases      ] GC(70)     Total                          Min: 0, Avg:  0.0, Max: 0, Diff: 0, Sum: 0, Workers: 4
[1961.692s][debug][gc,phases      ] GC(70)   StringDedup Requests1 Weak     Min:  0.0, Avg:  0.0, Max:  0.0, Diff:  0.0, Sum:  0.0, Workers: 4
[1961.692s][debug][gc,phases      ] GC(70)     Dead                           Min: 0, Avg:  0.0, Max: 0, Diff: 0, Sum: 0, Workers: 4
[1961.692s][debug][gc,phases      ] GC(70)     Total                          Min: 0, Avg:  0.0, Max: 0, Diff: 0, Sum: 0, Workers: 4
[1961.692s][debug][gc,phases      ] GC(70)   Weak JFR Old Object Samples    Min:  0.0, Avg:  0.0, Max:  0.0, Diff:  0.0, Sum:  0.0, Workers: 4
[1961.692s][debug][gc,phases      ] GC(70)     Dead                           Min: 0, Avg:  0.0, Max: 0, Diff: 0, Sum: 0, Workers: 4
[1961.692s][debug][gc,phases      ] GC(70)     Total                          Min: 0, Avg:  0.0, Max: 0, Diff: 0, Sum: 0, Workers: 4
[1961.692s][debug][gc,phases      ] GC(70) Weak Processing 0.310ms
[1961.692s][debug][gc,age         ] GC(70) Desired survivor size 297795584 bytes, new threshold 15 (max threshold 15)
[1961.692s][info ][gc,heap        ] GC(70) PSYoungGen: 1618251K(1765376K)->157355K(1806336K) Eden: 1448960K(1448960K)->0K(1503232K) From: 169291K(316416K)->157355K(303104K)
[1961.692s][info ][gc,heap        ] GC(70) ParOldGen: 466152K(559616K)->466848K(559616K)
[1961.692s][info ][gc,metaspace   ] GC(70) Metaspace: 83998K(85120K)->83998K(85120K) NonClass: 72080K(72704K)->72080K(72704K) Class: 11917K(12416K)->11917K(12416K)
[1961.692s][info ][gc             ] GC(70) Pause Young (Allocation Failure) 2035M->609M(2310M) 35.614ms
[1961.692s][info ][gc,cpu         ] GC(70) User=0.13s Sys=0.00s Real=0.04s
[1961.692s][info ][safepoint      ] Safepoint "ParallelGCFailedAllocation", Time since last: 3608045652 ns, Reaching safepoint: 42300 ns, At safepoint: 35680690 ns, Total: 35722990 ns
[1962.692s][info ][safepoint      ] Safepoint "Cleanup", Time since last: 1000081513 ns, Reaching safepoint: 56600 ns, At safepoint: 5400 ns, Total: 62000 ns
[1963.692s][info ][safepoint      ] Safepoint "Cleanup", Time since last: 1000108312 ns, Reaching safepoint: 46201 ns, At safepoint: 3300 ns, Total: 49501 ns
[1964.693s][info ][safepoint      ] Safepoint "Cleanup", Time since last: 1000110812 ns, Reaching safepoint: 47300 ns, At safepoint: 6600 ns, Total: 53900 ns
[1965.693s][info ][safepoint      ] Safepoint "Cleanup", Time since last: 1000099713 ns, Reaching safepoint: 44600 ns, At safepoint: 3100 ns, Total: 47700 ns
[1967.217s][info ][safepoint      ] Safepoint "Cleanup", Time since last: 1524132130 ns, Reaching safepoint: 86900 ns, At safepoint: 5200 ns, Total: 92100 ns
[1968.217s][info ][safepoint      ] Safepoint "Cleanup", Time since last: 1000111213 ns, Reaching safepoint: 54800 ns, At safepoint: 2800 ns, Total: 57600 ns
[1969.217s][info ][safepoint      ] Safepoint "Cleanup", Time since last: 1000123812 ns, Reaching safepoint: 57201 ns, At safepoint: 2600 ns, Total: 59801 ns
[1971.217s][info ][safepoint      ] Safepoint "Cleanup", Time since last: 2000176292 ns, Reaching safepoint: 43000 ns, At safepoint: 2700 ns, Total: 45700 ns
[1972.218s][info ][safepoint      ] Safepoint "Cleanup", Time since last: 1000099884 ns, Reaching safepoint: 56700 ns, At safepoint: 2800 ns, Total: 59500 ns
[1973.361s][info ][safepoint      ] Safepoint "Cleanup", Time since last: 1143353225 ns, Reaching safepoint: 146600 ns, At safepoint: 4100 ns, Total: 150700 ns
[1975.171s][info ][safepoint      ] Safepoint "Cleanup", Time since last: 1809340512 ns, Reaching safepoint: 57100 ns, At safepoint: 3900 ns, Total: 61000 ns
[1976.171s][info ][safepoint      ] Safepoint "Cleanup", Time since last: 1000122584 ns, Reaching safepoint: 55500 ns, At safepoint: 2300 ns, Total: 57800 ns
[1978.122s][info ][safepoint      ] Safepoint "Cleanup", Time since last: 1950814814 ns, Reaching safepoint: 58400 ns, At safepoint: 2400 ns, Total: 60800 ns
[1979.122s][info ][safepoint      ] Safepoint "Cleanup", Time since last: 1000129075 ns, Reaching safepoint: 55900 ns, At safepoint: 2700 ns, Total: 58600 ns
[1980.122s][info ][safepoint      ] Safepoint "Cleanup", Time since last: 1000103875 ns, Reaching safepoint: 88500 ns, At safepoint: 2600 ns, Total: 91100 ns
[1981.122s][info ][safepoint      ] Safepoint "Cleanup", Time since last: 1000122975 ns, Reaching safepoint: 81500 ns, At safepoint: 5900 ns, Total: 87400 ns
[1982.122s][info ][safepoint      ] Safepoint "Cleanup", Time since last: 1000101175 ns, Reaching safepoint: 40100 ns, At safepoint: 3200 ns, Total: 43300 ns
[1983.123s][info ][safepoint      ] Safepoint "Cleanup", Time since last: 1000120275 ns, Reaching safepoint: 54101 ns, At safepoint: 3800 ns, Total: 57901 ns
[1984.123s][info ][safepoint      ] Safepoint "Cleanup", Time since last: 1000110674 ns, Reaching safepoint: 41301 ns, At safepoint: 2100 ns, Total: 43401 ns
[1985.123s][info ][safepoint      ] Safepoint "Cleanup", Time since last: 1000100575 ns, Reaching safepoint: 54400 ns, At safepoint: 7500 ns, Total: 61900 ns
[1985.859s][info ][gc,start       ] GC(71) Pause Young (Allocation Failure)
[1985.891s][debug][gc,phases      ] GC(71) Scavenge 32.130ms
[1985.891s][debug][gc,ref         ] GC(71) Skipped phase 1 of Reference Processing: no references
[1985.891s][debug][gc,ref         ] GC(71) ReferenceProcessor::execute queues: 1, RefProcThreadModel::Single, marks_oops_alive: false
[1985.891s][debug][gc,ref         ] GC(71) Skipped phase 3 of Reference Processing: no references
[1985.891s][debug][gc,ref         ] GC(71) ReferenceProcessor::execute queues: 1, RefProcThreadModel::Single, marks_oops_alive: false
[1985.891s][debug][gc,phases      ] GC(71) Reference Processing 0.100ms
[1985.891s][debug][gc,phases      ] GC(71)   VM Weak                        Min:  0.0, Avg:  0.0, Max:  0.0, Diff:  0.0, Sum:  0.0, Workers: 4
[1985.891s][debug][gc,phases      ] GC(71)     Dead                           Min: 0, Avg:  0.0, Max: 0, Diff: 0, Sum: 0, Workers: 4
[1985.891s][debug][gc,phases      ] GC(71)     Total                          Min: 0, Avg: 239.8, Max: 576, Diff: 576, Sum: 959, Workers: 4
[1985.891s][debug][gc,phases      ] GC(71)   ObjectSynchronizer Weak        Min:  0.0, Avg:  0.0, Max:  0.0, Diff:  0.0, Sum:  0.0, Workers: 4
[1985.891s][debug][gc,phases      ] GC(71)     Dead                           Min: 0, Avg:  0.0, Max: 0, Diff: 0, Sum: 0, Workers: 4
[1985.891s][debug][gc,phases      ] GC(71)     Total                          Min: 0, Avg: 14.2, Max: 57, Diff: 57, Sum: 57, Workers: 4
[1985.891s][debug][gc,phases      ] GC(71)   JVMTI Tag Weak OopStorage      Min:  0.0, Avg:  0.0, Max:  0.0, Diff:  0.0, Sum:  0.0, Workers: 4
[1985.891s][debug][gc,phases      ] GC(71)     Dead                           Min: 0, Avg:  0.0, Max: 0, Diff: 0, Sum: 0, Workers: 4
[1985.891s][debug][gc,phases      ] GC(71)     Total                          Min: 0, Avg:  0.0, Max: 0, Diff: 0, Sum: 0, Workers: 4
[1985.891s][debug][gc,phases      ] GC(71)   StringTable Weak               Min:  0.1, Avg:  0.1, Max:  0.1, Diff:  0.0, Sum:  0.4, Workers: 4
[1985.891s][debug][gc,phases      ] GC(71)     Dead                           Min: 0, Avg:  0.2, Max: 1, Diff: 1, Sum: 1, Workers: 4
[1985.891s][debug][gc,phases      ] GC(71)     Total                          Min: 10752, Avg: 11012.8, Max: 11603, Diff: 851, Sum: 44051, Workers: 4
[1985.891s][debug][gc,phases      ] GC(71)   ResolvedMethodTable Weak       Min:  0.0, Avg:  0.0, Max:  0.0, Diff:  0.0, Sum:  0.1, Workers: 4
[1985.891s][debug][gc,phases      ] GC(71)     Dead                           Min: 0, Avg:  4.2, Max: 17, Diff: 17, Sum: 17, Workers: 4
[1985.891s][debug][gc,phases      ] GC(71)     Total                          Min: 2367, Avg: 2485.8, Max: 2616, Diff: 249, Sum: 9943, Workers: 4
[1985.891s][debug][gc,phases      ] GC(71)   JNI Weak                       Min:  0.0, Avg:  0.0, Max:  0.0, Diff:  0.0, Sum:  0.0, Workers: 4
[1985.891s][debug][gc,phases      ] GC(71)     Dead                           Min: 0, Avg:  0.0, Max: 0, Diff: 0, Sum: 0, Workers: 4
[1985.891s][debug][gc,phases      ] GC(71)     Total                          Min: 0, Avg: 11.2, Max: 45, Diff: 45, Sum: 45, Workers: 4
[1985.891s][debug][gc,phases      ] GC(71)   StringDedup Table Weak         Min:  0.0, Avg:  0.0, Max:  0.0, Diff:  0.0, Sum:  0.0, Workers: 4
[1985.891s][debug][gc,phases      ] GC(71)     Dead                           Min: 0, Avg:  0.0, Max: 0, Diff: 0, Sum: 0, Workers: 4
[1985.891s][debug][gc,phases      ] GC(71)     Total                          Min: 0, Avg:  0.0, Max: 0, Diff: 0, Sum: 0, Workers: 4
[1985.891s][debug][gc,phases      ] GC(71)   StringDedup Requests0 Weak     Min:  0.0, Avg:  0.0, Max:  0.0, Diff:  0.0, Sum:  0.0, Workers: 4
[1985.891s][debug][gc,phases      ] GC(71)     Dead                           Min: 0, Avg:  0.0, Max: 0, Diff: 0, Sum: 0, Workers: 4
[1985.891s][debug][gc,phases      ] GC(71)     Total                          Min: 0, Avg:  0.0, Max: 0, Diff: 0, Sum: 0, Workers: 4
[1985.891s][debug][gc,phases      ] GC(71)   StringDedup Requests1 Weak     Min:  0.0, Avg:  0.0, Max:  0.0, Diff:  0.0, Sum:  0.0, Workers: 4
[1985.891s][debug][gc,phases      ] GC(71)     Dead                           Min: 0, Avg:  0.0, Max: 0, Diff: 0, Sum: 0, Workers: 4
[1985.891s][debug][gc,phases      ] GC(71)     Total                          Min: 0, Avg:  0.0, Max: 0, Diff: 0, Sum: 0, Workers: 4
[1985.891s][debug][gc,phases      ] GC(71)   Weak JFR Old Object Samples    Min:  0.0, Avg:  0.0, Max:  0.0, Diff:  0.0, Sum:  0.0, Workers: 4
[1985.891s][debug][gc,phases      ] GC(71)     Dead                           Min: 0, Avg:  0.0, Max: 0, Diff: 0, Sum: 0, Workers: 4
[1985.891s][debug][gc,phases      ] GC(71)     Total                          Min: 0, Avg:  0.0, Max: 0, Diff: 0, Sum: 0, Workers: 4
[1985.891s][debug][gc,phases      ] GC(71) Weak Processing 0.309ms
[1985.891s][debug][gc,age         ] GC(71) Desired survivor size 286785536 bytes, new threshold 15 (max threshold 15)
[1985.891s][info ][gc,heap        ] GC(71) PSYoungGen: 1660587K(1806336K)->152593K(1794048K) Eden: 1503232K(1503232K)->0K(1503232K) From: 157355K(303104K)->152593K(290816K)
[1985.891s][info ][gc,heap        ] GC(71) ParOldGen: 466848K(559616K)->468276K(559616K)
[1985.891s][info ][gc,metaspace   ] GC(71) Metaspace: 84196K(85312K)->84196K(85312K) NonClass: 72260K(72832K)->72260K(72832K) Class: 11935K(12480K)->11935K(12480K)
[1985.891s][info ][gc             ] GC(71) Pause Young (Allocation Failure) 2077M->606M(2298M) 32.656ms
[1985.892s][info ][gc,cpu         ] GC(71) User=0.13s Sys=0.00s Real=0.03s
[1985.892s][info ][safepoint      ] Safepoint "ParallelGCFailedAllocation", Time since last: 735914922 ns, Reaching safepoint: 55001 ns, At safepoint: 32718881 ns, Total: 32773882 ns
[1986.892s][info ][safepoint      ] Safepoint "Cleanup", Time since last: 1000082378 ns, Reaching safepoint: 53400 ns, At safepoint: 2900 ns, Total: 56300 ns
[1987.892s][info ][safepoint      ] Safepoint "Cleanup", Time since last: 1000105579 ns, Reaching safepoint: 51900 ns, At safepoint: 2900 ns, Total: 54800 ns
[1988.892s][info ][safepoint      ] Safepoint "Cleanup", Time since last: 1000142679 ns, Reaching safepoint: 66000 ns, At safepoint: 3200 ns, Total: 69200 ns
[1989.892s][info ][safepoint      ] Safepoint "Cleanup", Time since last: 1000105179 ns, Reaching safepoint: 52600 ns, At safepoint: 5200 ns, Total: 57800 ns
[1990.892s][info ][safepoint      ] Safepoint "Cleanup", Time since last: 1000101779 ns, Reaching safepoint: 47700 ns, At safepoint: 2800 ns, Total: 50500 ns
[1991.893s][info ][safepoint      ] Safepoint "Cleanup", Time since last: 1000112678 ns, Reaching safepoint: 64901 ns, At safepoint: 3100 ns, Total: 68001 ns
[1992.893s][info ][safepoint      ] Safepoint "Cleanup", Time since last: 1000129278 ns, Reaching safepoint: 38500 ns, At safepoint: 3200 ns, Total: 41700 ns
[1994.893s][info ][safepoint      ] Safepoint "Cleanup", Time since last: 2000145940 ns, Reaching safepoint: 59700 ns, At safepoint: 2800 ns, Total: 62500 ns
[1995.893s][info ][safepoint      ] Safepoint "Cleanup", Time since last: 1000103536 ns, Reaching safepoint: 41400 ns, At safepoint: 3000 ns, Total: 44400 ns
[1996.893s][info ][safepoint      ] Safepoint "Cleanup", Time since last: 1000136335 ns, Reaching safepoint: 67701 ns, At safepoint: 7800 ns, Total: 75501 ns
[1997.893s][info ][safepoint      ] Safepoint "Cleanup", Time since last: 1000112135 ns, Reaching safepoint: 40600 ns, At safepoint: 3500 ns, Total: 44100 ns
[1998.894s][info ][safepoint      ] Safepoint "Cleanup", Time since last: 1000090435 ns, Reaching safepoint: 48301 ns, At safepoint: 3300 ns, Total: 51601 ns
[1999.894s][info ][safepoint      ] Safepoint "Cleanup", Time since last: 1000143935 ns, Reaching safepoint: 44700 ns, At safepoint: 3100 ns, Total: 47800 ns
[2002.894s][info ][safepoint      ] Safepoint "Cleanup", Time since last: 3000308725 ns, Reaching safepoint: 47100 ns, At safepoint: 5400 ns, Total: 52500 ns
[2004.894s][info ][safepoint      ] Safepoint "Cleanup", Time since last: 2000189510 ns, Reaching safepoint: 41800 ns, At safepoint: 2900 ns, Total: 44700 ns
[2005.895s][info ][safepoint      ] Safepoint "Cleanup", Time since last: 1000152956 ns, Reaching safepoint: 57300 ns, At safepoint: 7600 ns, Total: 64900 ns
[2007.895s][info ][safepoint      ] Safepoint "Cleanup", Time since last: 2000180510 ns, Reaching safepoint: 57300 ns, At safepoint: 6000 ns, Total: 63300 ns
[2012.895s][info ][safepoint      ] Safepoint "Cleanup", Time since last: 5000392904 ns, Reaching safepoint: 42600 ns, At safepoint: 3500 ns, Total: 46100 ns
[2017.896s][info ][safepoint      ] Safepoint "Cleanup", Time since last: 5000406787 ns, Reaching safepoint: 53700 ns, At safepoint: 5500 ns, Total: 59200 ns
[2019.896s][info ][safepoint      ] Safepoint "Cleanup", Time since last: 2000193956 ns, Reaching safepoint: 50700 ns, At safepoint: 4000 ns, Total: 54700 ns
[2022.896s][info ][safepoint      ] Safepoint "Cleanup", Time since last: 3000311985 ns, Reaching safepoint: 44401 ns, At safepoint: 3400 ns, Total: 47801 ns
[2026.897s][info ][safepoint      ] Safepoint "Cleanup", Time since last: 4000292678 ns, Reaching safepoint: 43500 ns, At safepoint: 2800 ns, Total: 46300 ns
[2027.897s][info ][safepoint      ] Safepoint "Cleanup", Time since last: 1000092710 ns, Reaching safepoint: 58300 ns, At safepoint: 3000 ns, Total: 61300 ns
[2028.897s][info ][safepoint      ] Safepoint "Cleanup", Time since last: 1000109910 ns, Reaching safepoint: 42600 ns, At safepoint: 3200 ns, Total: 45800 ns
[2032.897s][info ][safepoint      ] Safepoint "Cleanup", Time since last: 4000348239 ns, Reaching safepoint: 41400 ns, At safepoint: 2200 ns, Total: 43600 ns
[2033.392s][info ][safepoint      ] Safepoint "ParallelGCFailedAllocation", Time since last: 494467390 ns, Reaching safepoint: 19500 ns, At safepoint: 8400 ns, Total: 27900 ns
[2033.392s][info ][gc,start       ] GC(72) Pause Young (GCLocker Initiated GC)
[2033.425s][debug][gc,phases      ] GC(72) Scavenge 32.981ms
[2033.425s][debug][gc,ref         ] GC(72) Skipped phase 1 of Reference Processing: no references
[2033.425s][debug][gc,ref         ] GC(72) ReferenceProcessor::execute queues: 1, RefProcThreadModel::Single, marks_oops_alive: false
[2033.425s][debug][gc,ref         ] GC(72) Skipped phase 3 of Reference Processing: no references
[2033.425s][debug][gc,ref         ] GC(72) ReferenceProcessor::execute queues: 1, RefProcThreadModel::Single, marks_oops_alive: false
[2033.425s][debug][gc,phases      ] GC(72) Reference Processing 0.117ms
[2033.426s][debug][gc,phases      ] GC(72)   VM Weak                        Min:  0.0, Avg:  0.0, Max:  0.0, Diff:  0.0, Sum:  0.0, Workers: 4
[2033.426s][debug][gc,phases      ] GC(72)     Dead                           Min: 0, Avg:  0.0, Max: 0, Diff: 0, Sum: 0, Workers: 4
[2033.426s][debug][gc,phases      ] GC(72)     Total                          Min: 0, Avg: 240.8, Max: 512, Diff: 512, Sum: 963, Workers: 4
[2033.426s][debug][gc,phases      ] GC(72)   ObjectSynchronizer Weak        Min:  0.0, Avg:  0.0, Max:  0.0, Diff:  0.0, Sum:  0.0, Workers: 4
[2033.426s][debug][gc,phases      ] GC(72)     Dead                           Min: 0, Avg:  0.0, Max: 0, Diff: 0, Sum: 0, Workers: 4
[2033.426s][debug][gc,phases      ] GC(72)     Total                          Min: 0, Avg: 14.2, Max: 57, Diff: 57, Sum: 57, Workers: 4
[2033.426s][debug][gc,phases      ] GC(72)   JVMTI Tag Weak OopStorage      Min:  0.0, Avg:  0.0, Max:  0.0, Diff:  0.0, Sum:  0.0, Workers: 4
[2033.426s][debug][gc,phases      ] GC(72)     Dead                           Min: 0, Avg:  0.0, Max: 0, Diff: 0, Sum: 0, Workers: 4
[2033.426s][debug][gc,phases      ] GC(72)     Total                          Min: 0, Avg:  0.0, Max: 0, Diff: 0, Sum: 0, Workers: 4
[2033.426s][debug][gc,phases      ] GC(72)   StringTable Weak               Min:  0.0, Avg:  0.1, Max:  0.1, Diff:  0.1, Sum:  0.4, Workers: 4
[2033.426s][debug][gc,phases      ] GC(72)     Dead                           Min: 0, Avg:  0.2, Max: 1, Diff: 1, Sum: 1, Workers: 4
[2033.426s][debug][gc,phases      ] GC(72)     Total                          Min: 1709, Avg: 11019.0, Max: 16896, Diff: 15187, Sum: 44076, Workers: 4
[2033.426s][debug][gc,phases      ] GC(72)   ResolvedMethodTable Weak       Min:  0.0, Avg:  0.0, Max:  0.0, Diff:  0.0, Sum:  0.1, Workers: 4
[2033.426s][debug][gc,phases      ] GC(72)     Dead                           Min: 0, Avg:  0.0, Max: 0, Diff: 0, Sum: 0, Workers: 4
[2033.426s][debug][gc,phases      ] GC(72)     Total                          Min: 2368, Avg: 2495.5, Max: 2622, Diff: 254, Sum: 9982, Workers: 4
[2033.426s][debug][gc,phases      ] GC(72)   JNI Weak                       Min:  0.0, Avg:  0.0, Max:  0.0, Diff:  0.0, Sum:  0.0, Workers: 4
[2033.426s][debug][gc,phases      ] GC(72)     Dead                           Min: 0, Avg:  0.0, Max: 0, Diff: 0, Sum: 0, Workers: 4
[2033.426s][debug][gc,phases      ] GC(72)     Total                          Min: 0, Avg: 11.2, Max: 45, Diff: 45, Sum: 45, Workers: 4
[2033.426s][debug][gc,phases      ] GC(72)   StringDedup Table Weak         Min:  0.0, Avg:  0.0, Max:  0.0, Diff:  0.0, Sum:  0.0, Workers: 4
[2033.426s][debug][gc,phases      ] GC(72)     Dead                           Min: 0, Avg:  0.0, Max: 0, Diff: 0, Sum: 0, Workers: 4
[2033.426s][debug][gc,phases      ] GC(72)     Total                          Min: 0, Avg:  0.0, Max: 0, Diff: 0, Sum: 0, Workers: 4
[2033.426s][debug][gc,phases      ] GC(72)   StringDedup Requests0 Weak     Min:  0.0, Avg:  0.0, Max:  0.0, Diff:  0.0, Sum:  0.0, Workers: 4
[2033.426s][debug][gc,phases      ] GC(72)     Dead                           Min: 0, Avg:  0.0, Max: 0, Diff: 0, Sum: 0, Workers: 4
[2033.426s][debug][gc,phases      ] GC(72)     Total                          Min: 0, Avg:  0.0, Max: 0, Diff: 0, Sum: 0, Workers: 4
[2033.426s][debug][gc,phases      ] GC(72)   StringDedup Requests1 Weak     Min:  0.0, Avg:  0.0, Max:  0.0, Diff:  0.0, Sum:  0.0, Workers: 4
[2033.426s][debug][gc,phases      ] GC(72)     Dead                           Min: 0, Avg:  0.0, Max: 0, Diff: 0, Sum: 0, Workers: 4
[2033.426s][debug][gc,phases      ] GC(72)     Total                          Min: 0, Avg:  0.0, Max: 0, Diff: 0, Sum: 0, Workers: 4
[2033.426s][debug][gc,phases      ] GC(72)   Weak JFR Old Object Samples    Min:  0.0, Avg:  0.0, Max:  0.0, Diff:  0.0, Sum:  0.0, Workers: 4
[2033.426s][debug][gc,phases      ] GC(72)     Dead                           Min: 0, Avg:  0.0, Max: 0, Diff: 0, Sum: 0, Workers: 4
[2033.426s][debug][gc,phases      ] GC(72)     Total                          Min: 0, Avg:  0.0, Max: 0, Diff: 0, Sum: 0, Workers: 4
[2033.426s][debug][gc,phases      ] GC(72) Weak Processing 0.336ms
[2033.426s][debug][gc,age         ] GC(72) Desired survivor size 276824064 bytes, new threshold 15 (max threshold 15)
[2033.426s][info ][gc,heap        ] GC(72) PSYoungGen: 1655825K(1794048K)->150036K(1826816K) Eden: 1503232K(1503232K)->0K(1546752K) From: 152593K(290816K)->150036K(280064K)
[2033.426s][info ][gc,heap        ] GC(72) ParOldGen: 468339K(559616K)->468785K(559616K)
[2033.426s][info ][gc,metaspace   ] GC(72) Metaspace: 84337K(85440K)->84337K(85440K) NonClass: 72386K(72960K)->72386K(72960K) Class: 11951K(12480K)->11951K(12480K)
[2033.426s][info ][gc             ] GC(72) Pause Young (GCLocker Initiated GC) 2074M->604M(2330M) 33.528ms
[2033.426s][info ][gc,cpu         ] GC(72) User=0.13s Sys=0.00s Real=0.03s
[2033.426s][info ][safepoint      ] Safepoint "ParallelGCSystemGC", Time since last: 420401 ns, Reaching safepoint: 26800 ns, At safepoint: 33590288 ns, Total: 33617088 ns
[2034.426s][info ][safepoint      ] Safepoint "Cleanup", Time since last: 1000081243 ns, Reaching safepoint: 35500 ns, At safepoint: 2800 ns, Total: 38300 ns
[2035.426s][info ][safepoint      ] Safepoint "Cleanup", Time since last: 1000093746 ns, Reaching safepoint: 52200 ns, At safepoint: 12000 ns, Total: 64200 ns
[2036.426s][info ][safepoint      ] Safepoint "Cleanup", Time since last: 1000106845 ns, Reaching safepoint: 72700 ns, At safepoint: 3300 ns, Total: 76000 ns
[2037.427s][info ][safepoint      ] Safepoint "Cleanup", Time since last: 1000133146 ns, Reaching safepoint: 53700 ns, At safepoint: 3700 ns, Total: 57400 ns
[2038.427s][info ][safepoint      ] Safepoint "Cleanup", Time since last: 1000113046 ns, Reaching safepoint: 36800 ns, At safepoint: 2600 ns, Total: 39400 ns
[2039.427s][info ][safepoint      ] Safepoint "Cleanup", Time since last: 1000104645 ns, Reaching safepoint: 43100 ns, At safepoint: 15000 ns, Total: 58100 ns
[2040.427s][info ][safepoint      ] Safepoint "Cleanup", Time since last: 1000093546 ns, Reaching safepoint: 60600 ns, At safepoint: 3000 ns, Total: 63600 ns
[2044.177s][info ][safepoint      ] Safepoint "Cleanup", Time since last: 3750243605 ns, Reaching safepoint: 44401 ns, At safepoint: 5000 ns, Total: 49401 ns
[2045.177s][info ][safepoint      ] Safepoint "Cleanup", Time since last: 1000114051 ns, Reaching safepoint: 54501 ns, At safepoint: 2500 ns, Total: 57001 ns
[2046.178s][info ][safepoint      ] Safepoint "Cleanup", Time since last: 1000101351 ns, Reaching safepoint: 67900 ns, At safepoint: 3800 ns, Total: 71700 ns
[2049.178s][info ][safepoint      ] Safepoint "Cleanup", Time since last: 3000259755 ns, Reaching safepoint: 39400 ns, At safepoint: 2700 ns, Total: 42100 ns
[2050.178s][info ][safepoint      ] Safepoint "Cleanup", Time since last: 1000111133 ns, Reaching safepoint: 43600 ns, At safepoint: 3500 ns, Total: 47100 ns
[2053.178s][info ][safepoint      ] Safepoint "Cleanup", Time since last: 3000277271 ns, Reaching safepoint: 42700 ns, At safepoint: 6800 ns, Total: 49500 ns
[2054.179s][info ][safepoint      ] Safepoint "Cleanup", Time since last: 1000100523 ns, Reaching safepoint: 31600 ns, At safepoint: 4400 ns, Total: 36000 ns
[2057.179s][info ][safepoint      ] Safepoint "Cleanup", Time since last: 3000281471 ns, Reaching safepoint: 53900 ns, At safepoint: 3100 ns, Total: 57000 ns
[2061.179s][info ][safepoint      ] Safepoint "Cleanup", Time since last: 4000376897 ns, Reaching safepoint: 44800 ns, At safepoint: 3200 ns, Total: 48000 ns
[2065.180s][info ][safepoint      ] Safepoint "Cleanup", Time since last: 4000291423 ns, Reaching safepoint: 42300 ns, At safepoint: 2800 ns, Total: 45100 ns
[2069.180s][info ][safepoint      ] Safepoint "Cleanup", Time since last: 4000309927 ns, Reaching safepoint: 52500 ns, At safepoint: 3200 ns, Total: 55700 ns
[2072.180s][info ][safepoint      ] Safepoint "Cleanup", Time since last: 3000191894 ns, Reaching safepoint: 50900 ns, At safepoint: 2900 ns, Total: 53800 ns
[2073.292s][info ][gc,start       ] GC(73) Pause Young (Allocation Failure)
[2073.320s][debug][gc,phases      ] GC(73) Scavenge 27.964ms
[2073.320s][debug][gc,ref         ] GC(73) Skipped phase 1 of Reference Processing: no references
[2073.320s][debug][gc,ref         ] GC(73) ReferenceProcessor::execute queues: 1, RefProcThreadModel::Single, marks_oops_alive: false
[2073.320s][debug][gc,ref         ] GC(73) Skipped phase 3 of Reference Processing: no references
[2073.320s][debug][gc,ref         ] GC(73) ReferenceProcessor::execute queues: 1, RefProcThreadModel::Single, marks_oops_alive: false
[2073.320s][debug][gc,phases      ] GC(73) Reference Processing 0.102ms
[2073.320s][debug][gc,phases      ] GC(73)   VM Weak                        Min:  0.0, Avg:  0.0, Max:  0.0, Diff:  0.0, Sum:  0.0, Workers: 4
[2073.320s][debug][gc,phases      ] GC(73)     Dead                           Min: 0, Avg:  0.0, Max: 0, Diff: 0, Sum: 0, Workers: 4
[2073.320s][debug][gc,phases      ] GC(73)     Total                          Min: 0, Avg: 240.8, Max: 771, Diff: 771, Sum: 963, Workers: 4
[2073.320s][debug][gc,phases      ] GC(73)   ObjectSynchronizer Weak        Min:  0.0, Avg:  0.0, Max:  0.0, Diff:  0.0, Sum:  0.0, Workers: 4
[2073.320s][debug][gc,phases      ] GC(73)     Dead                           Min: 0, Avg:  0.0, Max: 0, Diff: 0, Sum: 0, Workers: 4
[2073.320s][debug][gc,phases      ] GC(73)     Total                          Min: 0, Avg: 14.2, Max: 57, Diff: 57, Sum: 57, Workers: 4
[2073.320s][debug][gc,phases      ] GC(73)   JVMTI Tag Weak OopStorage      Min:  0.0, Avg:  0.0, Max:  0.0, Diff:  0.0, Sum:  0.0, Workers: 4
[2073.320s][debug][gc,phases      ] GC(73)     Dead                           Min: 0, Avg:  0.0, Max: 0, Diff: 0, Sum: 0, Workers: 4
[2073.320s][debug][gc,phases      ] GC(73)     Total                          Min: 0, Avg:  0.0, Max: 0, Diff: 0, Sum: 0, Workers: 4
[2073.320s][debug][gc,phases      ] GC(73)   StringTable Weak               Min:  0.0, Avg:  0.1, Max:  0.1, Diff:  0.1, Sum:  0.3, Workers: 4
[2073.320s][debug][gc,phases      ] GC(73)     Dead                           Min: 0, Avg:  0.0, Max: 0, Diff: 0, Sum: 0, Workers: 4
[2073.320s][debug][gc,phases      ] GC(73)     Total                          Min: 0, Avg: 11019.2, Max: 18926, Diff: 18926, Sum: 44077, Workers: 4
[2073.320s][debug][gc,phases      ] GC(73)   ResolvedMethodTable Weak       Min:  0.0, Avg:  0.0, Max:  0.0, Diff:  0.0, Sum:  0.1, Workers: 4
[2073.320s][debug][gc,phases      ] GC(73)     Dead                           Min: 0, Avg:  0.0, Max: 0, Diff: 0, Sum: 0, Workers: 4
[2073.320s][debug][gc,phases      ] GC(73)     Total                          Min: 0, Avg: 2496.0, Max: 4032, Diff: 4032, Sum: 9984, Workers: 4
[2073.320s][debug][gc,phases      ] GC(73)   JNI Weak                       Min:  0.0, Avg:  0.0, Max:  0.0, Diff:  0.0, Sum:  0.0, Workers: 4
[2073.320s][debug][gc,phases      ] GC(73)     Dead                           Min: 0, Avg:  0.0, Max: 0, Diff: 0, Sum: 0, Workers: 4
[2073.320s][debug][gc,phases      ] GC(73)     Total                          Min: 0, Avg: 11.2, Max: 45, Diff: 45, Sum: 45, Workers: 4
[2073.320s][debug][gc,phases      ] GC(73)   StringDedup Table Weak         Min:  0.0, Avg:  0.0, Max:  0.0, Diff:  0.0, Sum:  0.0, Workers: 4
[2073.320s][debug][gc,phases      ] GC(73)     Dead                           Min: 0, Avg:  0.0, Max: 0, Diff: 0, Sum: 0, Workers: 4
[2073.320s][debug][gc,phases      ] GC(73)     Total                          Min: 0, Avg:  0.0, Max: 0, Diff: 0, Sum: 0, Workers: 4
[2073.320s][debug][gc,phases      ] GC(73)   StringDedup Requests0 Weak     Min:  0.0, Avg:  0.0, Max:  0.0, Diff:  0.0, Sum:  0.0, Workers: 4
[2073.320s][debug][gc,phases      ] GC(73)     Dead                           Min: 0, Avg:  0.0, Max: 0, Diff: 0, Sum: 0, Workers: 4
[2073.320s][debug][gc,phases      ] GC(73)     Total                          Min: 0, Avg:  0.0, Max: 0, Diff: 0, Sum: 0, Workers: 4
[2073.320s][debug][gc,phases      ] GC(73)   StringDedup Requests1 Weak     Min:  0.0, Avg:  0.0, Max:  0.0, Diff:  0.0, Sum:  0.0, Workers: 4
[2073.320s][debug][gc,phases      ] GC(73)     Dead                           Min: 0, Avg:  0.0, Max: 0, Diff: 0, Sum: 0, Workers: 4
[2073.320s][debug][gc,phases      ] GC(73)     Total                          Min: 0, Avg:  0.0, Max: 0, Diff: 0, Sum: 0, Workers: 4
[2073.320s][debug][gc,phases      ] GC(73)   Weak JFR Old Object Samples    Min:  0.0, Avg:  0.0, Max:  0.0, Diff:  0.0, Sum:  0.0, Workers: 4
[2073.320s][debug][gc,phases      ] GC(73)     Dead                           Min: 0, Avg:  0.0, Max: 0, Diff: 0, Sum: 0, Workers: 4
[2073.320s][debug][gc,phases      ] GC(73)     Total                          Min: 0, Avg:  0.0, Max: 0, Diff: 0, Sum: 0, Workers: 4
[2073.320s][debug][gc,phases      ] GC(73) Weak Processing 0.307ms
[2073.320s][debug][gc,age         ] GC(73) Desired survivor size 269484032 bytes, new threshold 15 (max threshold 15)
[2073.321s][info ][gc,heap        ] GC(73) PSYoungGen: 1696788K(1826816K)->140244K(1817088K) Eden: 1546752K(1546752K)->0K(1546752K) From: 150036K(280064K)->140244K(270336K)
[2073.321s][info ][gc,heap        ] GC(73) ParOldGen: 468975K(559616K)->469447K(559616K)
[2073.321s][info ][gc,metaspace   ] GC(73) Metaspace: 84352K(85504K)->84352K(85504K) NonClass: 72401K(73024K)->72401K(73024K) Class: 11951K(12480K)->11951K(12480K)
[2073.321s][info ][gc             ] GC(73) Pause Young (Allocation Failure) 2115M->595M(2321M) 28.479ms
[2073.321s][info ][gc,cpu         ] GC(73) User=0.10s Sys=0.01s Real=0.03s
[2073.321s][info ][safepoint      ] Safepoint "ParallelGCFailedAllocation", Time since last: 1111618499 ns, Reaching safepoint: 101300 ns, At safepoint: 28550677 ns, Total: 28651977 ns
[2076.321s][info ][safepoint      ] Safepoint "Cleanup", Time since last: 3000232423 ns, Reaching safepoint: 55700 ns, At safepoint: 2400 ns, Total: 58100 ns
[2080.321s][info ][safepoint      ] Safepoint "Cleanup", Time since last: 4000295690 ns, Reaching safepoint: 52500 ns, At safepoint: 5300 ns, Total: 57800 ns
[2083.322s][info ][safepoint      ] Safepoint "Cleanup", Time since last: 3000256828 ns, Reaching safepoint: 46200 ns, At safepoint: 4000 ns, Total: 50200 ns
[2085.322s][info ][safepoint      ] Safepoint "Cleanup", Time since last: 2000162157 ns, Reaching safepoint: 34700 ns, At safepoint: 3700 ns, Total: 38400 ns
[2089.322s][info ][safepoint      ] Safepoint "Cleanup", Time since last: 4000310414 ns, Reaching safepoint: 45500 ns, At safepoint: 8000 ns, Total: 53500 ns
[2094.323s][info ][safepoint      ] Safepoint "Cleanup", Time since last: 5000374156 ns, Reaching safepoint: 41601 ns, At safepoint: 4000 ns, Total: 45601 ns
[2096.323s][info ][safepoint      ] Safepoint "Cleanup", Time since last: 2000230084 ns, Reaching safepoint: 50600 ns, At safepoint: 4700 ns, Total: 55300 ns
[2098.323s][info ][safepoint      ] Safepoint "Cleanup", Time since last: 2000187103 ns, Reaching safepoint: 50600 ns, At safepoint: 3000 ns, Total: 53600 ns
[2099.323s][info ][safepoint      ] Safepoint "Cleanup", Time since last: 1000123345 ns, Reaching safepoint: 47300 ns, At safepoint: 14900 ns, Total: 62200 ns
[2100.323s][info ][safepoint      ] Safepoint "Cleanup", Time since last: 1000113545 ns, Reaching safepoint: 52300 ns, At safepoint: 5200 ns, Total: 57500 ns
[2107.324s][info ][safepoint      ] Safepoint "Cleanup", Time since last: 7000501195 ns, Reaching safepoint: 51300 ns, At safepoint: 28200 ns, Total: 79500 ns
[2108.324s][info ][safepoint      ] Safepoint "Cleanup", Time since last: 1000134490 ns, Reaching safepoint: 43301 ns, At safepoint: 3100 ns, Total: 46401 ns
[2109.324s][info ][safepoint      ] Safepoint "Cleanup", Time since last: 1000110490 ns, Reaching safepoint: 38300 ns, At safepoint: 2700 ns, Total: 41000 ns
[2111.325s][info ][safepoint      ] Safepoint "Cleanup", Time since last: 2000247682 ns, Reaching safepoint: 58900 ns, At safepoint: 5700 ns, Total: 64600 ns
[2113.325s][info ][safepoint      ] Safepoint "Cleanup", Time since last: 2000222881 ns, Reaching safepoint: 41700 ns, At safepoint: 3300 ns, Total: 45000 ns
[2115.325s][info ][safepoint      ] Safepoint "Cleanup", Time since last: 2000191479 ns, Reaching safepoint: 47900 ns, At safepoint: 4801 ns, Total: 52701 ns
[2117.325s][info ][safepoint      ] Safepoint "Cleanup", Time since last: 2000165471 ns, Reaching safepoint: 39800 ns, At safepoint: 2600 ns, Total: 42400 ns
[2120.059s][info ][gc,start       ] GC(74) Pause Young (Allocation Failure)
[2120.089s][debug][gc,phases      ] GC(74) Scavenge 30.026ms
[2120.089s][debug][gc,ref         ] GC(74) Skipped phase 1 of Reference Processing: no references
[2120.089s][debug][gc,ref         ] GC(74) ReferenceProcessor::execute queues: 1, RefProcThreadModel::Single, marks_oops_alive: false
[2120.089s][debug][gc,ref         ] GC(74) Skipped phase 3 of Reference Processing: no references
[2120.089s][debug][gc,ref         ] GC(74) ReferenceProcessor::execute queues: 1, RefProcThreadModel::Single, marks_oops_alive: false
[2120.089s][debug][gc,phases      ] GC(74) Reference Processing 0.106ms
[2120.089s][debug][gc,phases      ] GC(74)   VM Weak                        Min:  0.0, Avg:  0.0, Max:  0.0, Diff:  0.0, Sum:  0.0, Workers: 4
[2120.089s][debug][gc,phases      ] GC(74)     Dead                           Min: 0, Avg:  0.0, Max: 0, Diff: 0, Sum: 0, Workers: 4
[2120.089s][debug][gc,phases      ] GC(74)     Total                          Min: 0, Avg: 240.8, Max: 835, Diff: 835, Sum: 963, Workers: 4
[2120.089s][debug][gc,phases      ] GC(74)   ObjectSynchronizer Weak        Min:  0.0, Avg:  0.0, Max:  0.0, Diff:  0.0, Sum:  0.0, Workers: 4
[2120.089s][debug][gc,phases      ] GC(74)     Dead                           Min: 0, Avg:  0.0, Max: 0, Diff: 0, Sum: 0, Workers: 4
[2120.089s][debug][gc,phases      ] GC(74)     Total                          Min: 0, Avg: 14.2, Max: 57, Diff: 57, Sum: 57, Workers: 4
[2120.089s][debug][gc,phases      ] GC(74)   JVMTI Tag Weak OopStorage      Min:  0.0, Avg:  0.0, Max:  0.0, Diff:  0.0, Sum:  0.0, Workers: 4
[2120.089s][debug][gc,phases      ] GC(74)     Dead                           Min: 0, Avg:  0.0, Max: 0, Diff: 0, Sum: 0, Workers: 4
[2120.089s][debug][gc,phases      ] GC(74)     Total                          Min: 0, Avg:  0.0, Max: 0, Diff: 0, Sum: 0, Workers: 4
[2120.089s][debug][gc,phases      ] GC(74)   StringTable Weak               Min:  0.0, Avg:  0.1, Max:  0.1, Diff:  0.1, Sum:  0.4, Workers: 4
[2120.089s][debug][gc,phases      ] GC(74)     Dead                           Min: 0, Avg:  0.0, Max: 0, Diff: 0, Sum: 0, Workers: 4
[2120.089s][debug][gc,phases      ] GC(74)     Total                          Min: 0, Avg: 11020.5, Max: 18239, Diff: 18239, Sum: 44082, Workers: 4
[2120.089s][debug][gc,phases      ] GC(74)   ResolvedMethodTable Weak       Min:  0.0, Avg:  0.0, Max:  0.0, Diff:  0.0, Sum:  0.1, Workers: 4
[2120.089s][debug][gc,phases      ] GC(74)     Dead                           Min: 0, Avg:  0.0, Max: 0, Diff: 0, Sum: 0, Workers: 4
[2120.089s][debug][gc,phases      ] GC(74)     Total                          Min: 0, Avg: 2496.8, Max: 4099, Diff: 4099, Sum: 9987, Workers: 4
[2120.089s][debug][gc,phases      ] GC(74)   JNI Weak                       Min:  0.0, Avg:  0.0, Max:  0.0, Diff:  0.0, Sum:  0.0, Workers: 4
[2120.089s][debug][gc,phases      ] GC(74)     Dead                           Min: 0, Avg:  0.0, Max: 0, Diff: 0, Sum: 0, Workers: 4
[2120.089s][debug][gc,phases      ] GC(74)     Total                          Min: 0, Avg: 11.2, Max: 45, Diff: 45, Sum: 45, Workers: 4
[2120.089s][debug][gc,phases      ] GC(74)   StringDedup Table Weak         Min:  0.0, Avg:  0.0, Max:  0.0, Diff:  0.0, Sum:  0.0, Workers: 4
[2120.089s][debug][gc,phases      ] GC(74)     Dead                           Min: 0, Avg:  0.0, Max: 0, Diff: 0, Sum: 0, Workers: 4
[2120.089s][debug][gc,phases      ] GC(74)     Total                          Min: 0, Avg:  0.0, Max: 0, Diff: 0, Sum: 0, Workers: 4
[2120.089s][debug][gc,phases      ] GC(74)   StringDedup Requests0 Weak     Min:  0.0, Avg:  0.0, Max:  0.0, Diff:  0.0, Sum:  0.0, Workers: 4
[2120.089s][debug][gc,phases      ] GC(74)     Dead                           Min: 0, Avg:  0.0, Max: 0, Diff: 0, Sum: 0, Workers: 4
[2120.089s][debug][gc,phases      ] GC(74)     Total                          Min: 0, Avg:  0.0, Max: 0, Diff: 0, Sum: 0, Workers: 4
[2120.089s][debug][gc,phases      ] GC(74)   StringDedup Requests1 Weak     Min:  0.0, Avg:  0.0, Max:  0.0, Diff:  0.0, Sum:  0.0, Workers: 4
[2120.089s][debug][gc,phases      ] GC(74)     Dead                           Min: 0, Avg:  0.0, Max: 0, Diff: 0, Sum: 0, Workers: 4
[2120.089s][debug][gc,phases      ] GC(74)     Total                          Min: 0, Avg:  0.0, Max: 0, Diff: 0, Sum: 0, Workers: 4
[2120.089s][debug][gc,phases      ] GC(74)   Weak JFR Old Object Samples    Min:  0.0, Avg:  0.0, Max:  0.0, Diff:  0.0, Sum:  0.0, Workers: 4
[2120.089s][debug][gc,phases      ] GC(74)     Dead                           Min: 0, Avg:  0.0, Max: 0, Diff: 0, Sum: 0, Workers: 4
[2120.089s][debug][gc,phases      ] GC(74)     Total                          Min: 0, Avg:  0.0, Max: 0, Diff: 0, Sum: 0, Workers: 4
[2120.089s][debug][gc,phases      ] GC(74) Weak Processing 0.308ms
[2120.089s][debug][gc,age         ] GC(74) Desired survivor size 262144000 bytes, new threshold 15 (max threshold 15)
[2120.089s][info ][gc,heap        ] GC(74) PSYoungGen: 1686996K(1817088K)->139616K(1841152K) Eden: 1546752K(1546752K)->0K(1577984K) From: 140244K(270336K)->139616K(263168K)
[2120.089s][info ][gc,heap        ] GC(74) ParOldGen: 469447K(559616K)->469528K(559616K)
[2120.089s][info ][gc,metaspace   ] GC(74) Metaspace: 84380K(85504K)->84380K(85504K) NonClass: 72427K(73024K)->72427K(73024K) Class: 11952K(12480K)->11952K(12480K)
[2120.089s][info ][gc             ] GC(74) Pause Young (Allocation Failure) 2105M->594M(2344M) 30.556ms
[2120.089s][info ][gc,cpu         ] GC(74) User=0.11s Sys=0.00s Real=0.02s
[2120.089s][info ][safepoint      ] Safepoint "ParallelGCFailedAllocation", Time since last: 2733287956 ns, Reaching safepoint: 47500 ns, At safepoint: 30620075 ns, Total: 30667575 ns
[2123.090s][info ][safepoint      ] Safepoint "Cleanup", Time since last: 3000191970 ns, Reaching safepoint: 42600 ns, At safepoint: 11500 ns, Total: 54100 ns
[2125.090s][info ][safepoint      ] Safepoint "Cleanup", Time since last: 2000189949 ns, Reaching safepoint: 54501 ns, At safepoint: 3900 ns, Total: 58401 ns
[2126.090s][info ][safepoint      ] Safepoint "Cleanup", Time since last: 1000132975 ns, Reaching safepoint: 30200 ns, At safepoint: 3600 ns, Total: 33800 ns
[2129.090s][info ][safepoint      ] Safepoint "Cleanup", Time since last: 3000238924 ns, Reaching safepoint: 50200 ns, At safepoint: 2900 ns, Total: 53100 ns
[2132.091s][info ][safepoint      ] Safepoint "Cleanup", Time since last: 3000265534 ns, Reaching safepoint: 48600 ns, At safepoint: 7700 ns, Total: 56300 ns
[2133.091s][info ][safepoint      ] Safepoint "Cleanup", Time since last: 1000103378 ns, Reaching safepoint: 35300 ns, At safepoint: 3000 ns, Total: 38300 ns
[2135.091s][info ][safepoint      ] Safepoint "Cleanup", Time since last: 2000161857 ns, Reaching safepoint: 43400 ns, At safepoint: 5500 ns, Total: 48900 ns
[2136.091s][info ][safepoint      ] Safepoint "Cleanup", Time since last: 1000105778 ns, Reaching safepoint: 40600 ns, At safepoint: 3100 ns, Total: 43700 ns
[2137.091s][info ][safepoint      ] Safepoint "Cleanup", Time since last: 1000093279 ns, Reaching safepoint: 43200 ns, At safepoint: 2400 ns, Total: 45600 ns
[2140.092s][info ][safepoint      ] Safepoint "Cleanup", Time since last: 3000239215 ns, Reaching safepoint: 64800 ns, At safepoint: 2700 ns, Total: 67500 ns
[2141.092s][info ][safepoint      ] Safepoint "Cleanup", Time since last: 1000113271 ns, Reaching safepoint: 62200 ns, At safepoint: 2900 ns, Total: 65100 ns
[2142.092s][info ][safepoint      ] Safepoint "Cleanup", Time since last: 1000106170 ns, Reaching safepoint: 42500 ns, At safepoint: 4700 ns, Total: 47200 ns
[2150.093s][info ][safepoint      ] Safepoint "Cleanup", Time since last: 8000634026 ns, Reaching safepoint: 43800 ns, At safepoint: 3300 ns, Total: 47100 ns
[2151.093s][info ][safepoint      ] Safepoint "Cleanup", Time since last: 1000113584 ns, Reaching safepoint: 38001 ns, At safepoint: 3400 ns, Total: 41401 ns
[2153.093s][info ][safepoint      ] Safepoint "Cleanup", Time since last: 2000223568 ns, Reaching safepoint: 49700 ns, At safepoint: 4600 ns, Total: 54300 ns
[2154.507s][info ][gc,start       ] GC(75) Pause Young (Allocation Failure)
[2154.539s][debug][gc,phases      ] GC(75) Scavenge 31.670ms
[2154.539s][debug][gc,ref         ] GC(75) Skipped phase 1 of Reference Processing: no references
[2154.539s][debug][gc,ref         ] GC(75) ReferenceProcessor::execute queues: 1, RefProcThreadModel::Single, marks_oops_alive: false
[2154.539s][debug][gc,ref         ] GC(75) Skipped phase 3 of Reference Processing: no references
[2154.539s][debug][gc,ref         ] GC(75) ReferenceProcessor::execute queues: 1, RefProcThreadModel::Single, marks_oops_alive: false
[2154.539s][debug][gc,phases      ] GC(75) Reference Processing 0.109ms
[2154.539s][debug][gc,phases      ] GC(75)   VM Weak                        Min:  0.0, Avg:  0.0, Max:  0.0, Diff:  0.0, Sum:  0.0, Workers: 4
[2154.539s][debug][gc,phases      ] GC(75)     Dead                           Min: 0, Avg:  0.0, Max: 0, Diff: 0, Sum: 0, Workers: 4
[2154.539s][debug][gc,phases      ] GC(75)     Total                          Min: 0, Avg: 240.8, Max: 704, Diff: 704, Sum: 963, Workers: 4
[2154.539s][debug][gc,phases      ] GC(75)   ObjectSynchronizer Weak        Min:  0.0, Avg:  0.0, Max:  0.0, Diff:  0.0, Sum:  0.0, Workers: 4
[2154.539s][debug][gc,phases      ] GC(75)     Dead                           Min: 0, Avg:  0.0, Max: 0, Diff: 0, Sum: 0, Workers: 4
[2154.539s][debug][gc,phases      ] GC(75)     Total                          Min: 0, Avg: 14.2, Max: 57, Diff: 57, Sum: 57, Workers: 4
[2154.539s][debug][gc,phases      ] GC(75)   JVMTI Tag Weak OopStorage      Min:  0.0, Avg:  0.0, Max:  0.0, Diff:  0.0, Sum:  0.0, Workers: 4
[2154.539s][debug][gc,phases      ] GC(75)     Dead                           Min: 0, Avg:  0.0, Max: 0, Diff: 0, Sum: 0, Workers: 4
[2154.539s][debug][gc,phases      ] GC(75)     Total                          Min: 0, Avg:  0.0, Max: 0, Diff: 0, Sum: 0, Workers: 4
[2154.539s][debug][gc,phases      ] GC(75)   StringTable Weak               Min:  0.1, Avg:  0.1, Max:  0.1, Diff:  0.0, Sum:  0.4, Workers: 4
[2154.539s][debug][gc,phases      ] GC(75)     Dead                           Min: 0, Avg:  0.0, Max: 0, Diff: 0, Sum: 0, Workers: 4
[2154.539s][debug][gc,phases      ] GC(75)     Total                          Min: 10565, Avg: 11025.2, Max: 11648, Diff: 1083, Sum: 44101, Workers: 4
[2154.539s][debug][gc,phases      ] GC(75)   ResolvedMethodTable Weak       Min:  0.0, Avg:  0.0, Max:  0.0, Diff:  0.0, Sum:  0.1, Workers: 4
[2154.539s][debug][gc,phases      ] GC(75)     Dead                           Min: 0, Avg:  0.0, Max: 0, Diff: 0, Sum: 0, Workers: 4
[2154.539s][debug][gc,phases      ] GC(75)     Total                          Min: 2368, Avg: 2496.8, Max: 2752, Diff: 384, Sum: 9987, Workers: 4
[2154.539s][debug][gc,phases      ] GC(75)   JNI Weak                       Min:  0.0, Avg:  0.0, Max:  0.0, Diff:  0.0, Sum:  0.0, Workers: 4
[2154.539s][debug][gc,phases      ] GC(75)     Dead                           Min: 0, Avg:  0.0, Max: 0, Diff: 0, Sum: 0, Workers: 4
[2154.539s][debug][gc,phases      ] GC(75)     Total                          Min: 0, Avg: 11.2, Max: 45, Diff: 45, Sum: 45, Workers: 4
[2154.539s][debug][gc,phases      ] GC(75)   StringDedup Table Weak         Min:  0.0, Avg:  0.0, Max:  0.0, Diff:  0.0, Sum:  0.0, Workers: 4
[2154.539s][debug][gc,phases      ] GC(75)     Dead                           Min: 0, Avg:  0.0, Max: 0, Diff: 0, Sum: 0, Workers: 4
[2154.539s][debug][gc,phases      ] GC(75)     Total                          Min: 0, Avg:  0.0, Max: 0, Diff: 0, Sum: 0, Workers: 4
[2154.539s][debug][gc,phases      ] GC(75)   StringDedup Requests0 Weak     Min:  0.0, Avg:  0.0, Max:  0.0, Diff:  0.0, Sum:  0.0, Workers: 4
[2154.539s][debug][gc,phases      ] GC(75)     Dead                           Min: 0, Avg:  0.0, Max: 0, Diff: 0, Sum: 0, Workers: 4
[2154.539s][debug][gc,phases      ] GC(75)     Total                          Min: 0, Avg:  0.0, Max: 0, Diff: 0, Sum: 0, Workers: 4
[2154.539s][debug][gc,phases      ] GC(75)   StringDedup Requests1 Weak     Min:  0.0, Avg:  0.0, Max:  0.0, Diff:  0.0, Sum:  0.0, Workers: 4
[2154.539s][debug][gc,phases      ] GC(75)     Dead                           Min: 0, Avg:  0.0, Max: 0, Diff: 0, Sum: 0, Workers: 4
[2154.539s][debug][gc,phases      ] GC(75)     Total                          Min: 0, Avg:  0.0, Max: 0, Diff: 0, Sum: 0, Workers: 4
[2154.539s][debug][gc,phases      ] GC(75)   Weak JFR Old Object Samples    Min:  0.0, Avg:  0.0, Max:  0.0, Diff:  0.0, Sum:  0.0, Workers: 4
[2154.539s][debug][gc,phases      ] GC(75)     Dead                           Min: 0, Avg:  0.0, Max: 0, Diff: 0, Sum: 0, Workers: 4
[2154.539s][debug][gc,phases      ] GC(75)     Total                          Min: 0, Avg:  0.0, Max: 0, Diff: 0, Sum: 0, Workers: 4
[2154.539s][debug][gc,phases      ] GC(75) Weak Processing 0.300ms
[2154.539s][debug][gc,age         ] GC(75) Desired survivor size 253755392 bytes, new threshold 15 (max threshold 15)
[2154.539s][info ][gc,heap        ] GC(75) PSYoungGen: 1717600K(1841152K)->149744K(1833984K) Eden: 1577984K(1577984K)->0K(1577984K) From: 139616K(263168K)->149744K(256000K)
[2154.539s][info ][gc,heap        ] GC(75) ParOldGen: 469528K(559616K)->469568K(559616K)
[2154.539s][info ][gc,metaspace   ] GC(75) Metaspace: 84390K(85504K)->84390K(85504K) NonClass: 72436K(73024K)->72436K(73024K) Class: 11953K(12480K)->11953K(12480K)
[2154.539s][info ][gc             ] GC(75) Pause Young (Allocation Failure) 2135M->604M(2337M) 32.210ms
[2154.539s][info ][gc,cpu         ] GC(75) User=0.12s Sys=0.00s Real=0.04s
[2154.539s][info ][safepoint      ] Safepoint "ParallelGCFailedAllocation", Time since last: 1414094107 ns, Reaching safepoint: 38300 ns, At safepoint: 32280287 ns, Total: 32318587 ns
[2155.540s][info ][safepoint      ] Safepoint "Cleanup", Time since last: 1000081097 ns, Reaching safepoint: 43600 ns, At safepoint: 3700 ns, Total: 47300 ns
[2159.540s][info ][safepoint      ] Safepoint "Cleanup", Time since last: 4000298886 ns, Reaching safepoint: 43000 ns, At safepoint: 2700 ns, Total: 45700 ns
[2160.540s][info ][safepoint      ] Safepoint "Cleanup", Time since last: 1000103697 ns, Reaching safepoint: 26400 ns, At safepoint: 2900 ns, Total: 29300 ns
[2161.540s][info ][safepoint      ] Safepoint "Cleanup", Time since last: 1000106697 ns, Reaching safepoint: 44900 ns, At safepoint: 3700 ns, Total: 48600 ns
[2163.540s][info ][safepoint      ] Safepoint "Cleanup", Time since last: 2000166562 ns, Reaching safepoint: 41000 ns, At safepoint: 3900 ns, Total: 44900 ns
[2164.541s][info ][safepoint      ] Safepoint "Cleanup", Time since last: 1000100381 ns, Reaching safepoint: 42000 ns, At safepoint: 19600 ns, Total: 61600 ns
[2169.541s][info ][safepoint      ] Safepoint "Cleanup", Time since last: 5000361502 ns, Reaching safepoint: 51000 ns, At safepoint: 2800 ns, Total: 53800 ns
[2170.541s][info ][safepoint      ] Safepoint "Cleanup", Time since last: 1000102180 ns, Reaching safepoint: 39801 ns, At safepoint: 3400 ns, Total: 43201 ns
[2172.541s][info ][safepoint      ] Safepoint "Cleanup", Time since last: 2000169560 ns, Reaching safepoint: 35401 ns, At safepoint: 2900 ns, Total: 38301 ns
[2173.541s][info ][safepoint      ] Safepoint "Cleanup", Time since last: 1000108880 ns, Reaching safepoint: 40100 ns, At safepoint: 3300 ns, Total: 43400 ns
[2175.542s][info ][safepoint      ] Safepoint "Cleanup", Time since last: 2000148661 ns, Reaching safepoint: 49600 ns, At safepoint: 2600 ns, Total: 52200 ns
[2178.542s][info ][safepoint      ] Safepoint "Cleanup", Time since last: 3000199441 ns, Reaching safepoint: 40500 ns, At safepoint: 2400 ns, Total: 42900 ns
[2183.542s][info ][safepoint      ] Safepoint "Cleanup", Time since last: 5000367700 ns, Reaching safepoint: 41200 ns, At safepoint: 2700 ns, Total: 43900 ns
[2191.543s][info ][safepoint      ] Safepoint "Cleanup", Time since last: 8000587049 ns, Reaching safepoint: 48900 ns, At safepoint: 5900 ns, Total: 54800 ns
[2195.310s][info ][gc,start       ] GC(76) Pause Young (Allocation Failure)
[2195.343s][debug][gc,phases      ] GC(76) Scavenge 33.180ms
[2195.344s][debug][gc,ref         ] GC(76) Skipped phase 1 of Reference Processing: no references
[2195.344s][debug][gc,ref         ] GC(76) ReferenceProcessor::execute queues: 1, RefProcThreadModel::Single, marks_oops_alive: false
[2195.344s][debug][gc,ref         ] GC(76) Skipped phase 3 of Reference Processing: no references
[2195.344s][debug][gc,ref         ] GC(76) ReferenceProcessor::execute queues: 1, RefProcThreadModel::Single, marks_oops_alive: false
[2195.344s][debug][gc,phases      ] GC(76) Reference Processing 0.104ms
[2195.344s][debug][gc,phases      ] GC(76)   VM Weak                        Min:  0.0, Avg:  0.0, Max:  0.0, Diff:  0.0, Sum:  0.0, Workers: 4
[2195.344s][debug][gc,phases      ] GC(76)     Dead                           Min: 0, Avg:  0.0, Max: 0, Diff: 0, Sum: 0, Workers: 4
[2195.344s][debug][gc,phases      ] GC(76)     Total                          Min: 0, Avg: 240.8, Max: 832, Diff: 832, Sum: 963, Workers: 4
[2195.344s][debug][gc,phases      ] GC(76)   ObjectSynchronizer Weak        Min:  0.0, Avg:  0.0, Max:  0.0, Diff:  0.0, Sum:  0.0, Workers: 4
[2195.344s][debug][gc,phases      ] GC(76)     Dead                           Min: 0, Avg:  0.0, Max: 0, Diff: 0, Sum: 0, Workers: 4
[2195.344s][debug][gc,phases      ] GC(76)     Total                          Min: 0, Avg: 14.2, Max: 57, Diff: 57, Sum: 57, Workers: 4
[2195.344s][debug][gc,phases      ] GC(76)   JVMTI Tag Weak OopStorage      Min:  0.0, Avg:  0.0, Max:  0.0, Diff:  0.0, Sum:  0.0, Workers: 4
[2195.344s][debug][gc,phases      ] GC(76)     Dead                           Min: 0, Avg:  0.0, Max: 0, Diff: 0, Sum: 0, Workers: 4
[2195.344s][debug][gc,phases      ] GC(76)     Total                          Min: 0, Avg:  0.0, Max: 0, Diff: 0, Sum: 0, Workers: 4
[2195.344s][debug][gc,phases      ] GC(76)   StringTable Weak               Min:  0.0, Avg:  0.1, Max:  0.1, Diff:  0.1, Sum:  0.3, Workers: 4
[2195.344s][debug][gc,phases      ] GC(76)     Dead                           Min: 0, Avg:  0.0, Max: 0, Diff: 0, Sum: 0, Workers: 4
[2195.344s][debug][gc,phases      ] GC(76)     Total                          Min: 0, Avg: 11028.2, Max: 18321, Diff: 18321, Sum: 44113, Workers: 4
[2195.344s][debug][gc,phases      ] GC(76)   ResolvedMethodTable Weak       Min:  0.0, Avg:  0.0, Max:  0.0, Diff:  0.0, Sum:  0.1, Workers: 4
[2195.344s][debug][gc,phases      ] GC(76)     Dead                           Min: 0, Avg:  0.0, Max: 0, Diff: 0, Sum: 0, Workers: 4
[2195.344s][debug][gc,phases      ] GC(76)     Total                          Min: 0, Avg: 2496.8, Max: 4227, Diff: 4227, Sum: 9987, Workers: 4
[2195.344s][debug][gc,phases      ] GC(76)   JNI Weak                       Min:  0.0, Avg:  0.0, Max:  0.0, Diff:  0.0, Sum:  0.0, Workers: 4
[2195.344s][debug][gc,phases      ] GC(76)     Dead                           Min: 0, Avg:  0.0, Max: 0, Diff: 0, Sum: 0, Workers: 4
[2195.344s][debug][gc,phases      ] GC(76)     Total                          Min: 0, Avg: 11.2, Max: 45, Diff: 45, Sum: 45, Workers: 4
[2195.344s][debug][gc,phases      ] GC(76)   StringDedup Table Weak         Min:  0.0, Avg:  0.0, Max:  0.0, Diff:  0.0, Sum:  0.0, Workers: 4
[2195.344s][debug][gc,phases      ] GC(76)     Dead                           Min: 0, Avg:  0.0, Max: 0, Diff: 0, Sum: 0, Workers: 4
[2195.344s][debug][gc,phases      ] GC(76)     Total                          Min: 0, Avg:  0.0, Max: 0, Diff: 0, Sum: 0, Workers: 4
[2195.344s][debug][gc,phases      ] GC(76)   StringDedup Requests0 Weak     Min:  0.0, Avg:  0.0, Max:  0.0, Diff:  0.0, Sum:  0.0, Workers: 4
[2195.344s][debug][gc,phases      ] GC(76)     Dead                           Min: 0, Avg:  0.0, Max: 0, Diff: 0, Sum: 0, Workers: 4
[2195.344s][debug][gc,phases      ] GC(76)     Total                          Min: 0, Avg:  0.0, Max: 0, Diff: 0, Sum: 0, Workers: 4
[2195.344s][debug][gc,phases      ] GC(76)   StringDedup Requests1 Weak     Min:  0.0, Avg:  0.0, Max:  0.0, Diff:  0.0, Sum:  0.0, Workers: 4
[2195.344s][debug][gc,phases      ] GC(76)     Dead                           Min: 0, Avg:  0.0, Max: 0, Diff: 0, Sum: 0, Workers: 4
[2195.344s][debug][gc,phases      ] GC(76)     Total                          Min: 0, Avg:  0.0, Max: 0, Diff: 0, Sum: 0, Workers: 4
[2195.344s][debug][gc,phases      ] GC(76)   Weak JFR Old Object Samples    Min:  0.0, Avg:  0.0, Max:  0.0, Diff:  0.0, Sum:  0.0, Workers: 4
[2195.344s][debug][gc,phases      ] GC(76)     Dead                           Min: 0, Avg:  0.0, Max: 0, Diff: 0, Sum: 0, Workers: 4
[2195.344s][debug][gc,phases      ] GC(76)     Total                          Min: 0, Avg:  0.0, Max: 0, Diff: 0, Sum: 0, Workers: 4
[2195.344s][debug][gc,phases      ] GC(76) Weak Processing 0.322ms
[2195.344s][debug][gc,age         ] GC(76) Desired survivor size 244842496 bytes, new threshold 15 (max threshold 15)
[2195.344s][info ][gc,heap        ] GC(76) PSYoungGen: 1727728K(1833984K)->153088K(1858048K) Eden: 1577984K(1577984K)->0K(1610240K) From: 149744K(256000K)->153088K(247808K)
[2195.344s][info ][gc,heap        ] GC(76) ParOldGen: 469568K(559616K)->469608K(559616K)
[2195.344s][info ][gc,metaspace   ] GC(76) Metaspace: 84399K(85504K)->84399K(85504K) NonClass: 72446K(73024K)->72446K(73024K) Class: 11953K(12480K)->11953K(12480K)
[2195.344s][info ][gc             ] GC(76) Pause Young (Allocation Failure) 2145M->608M(2361M) 33.736ms
[2195.344s][info ][gc,cpu         ] GC(76) User=0.14s Sys=0.00s Real=0.03s
[2195.344s][info ][safepoint      ] Safepoint "ParallelGCFailedAllocation", Time since last: 3767243611 ns, Reaching safepoint: 33700 ns, At safepoint: 33804791 ns, Total: 33838491 ns
[2206.345s][info ][safepoint      ] Safepoint "Cleanup", Time since last: 11000720068 ns, Reaching safepoint: 46700 ns, At safepoint: 26700 ns, Total: 73400 ns
[2207.345s][info ][safepoint      ] Safepoint "Cleanup", Time since last: 1000111951 ns, Reaching safepoint: 44400 ns, At safepoint: 2800 ns, Total: 47200 ns
[2208.345s][info ][safepoint      ] Safepoint "Cleanup", Time since last: 1000136351 ns, Reaching safepoint: 59600 ns, At safepoint: 2900 ns, Total: 62500 ns
[2209.345s][info ][safepoint      ] Safepoint "Cleanup", Time since last: 1000114251 ns, Reaching safepoint: 79900 ns, At safepoint: 4900 ns, Total: 84800 ns
[2212.953s][info ][safepoint      ] Safepoint "Cleanup", Time since last: 3607850089 ns, Reaching safepoint: 40800 ns, At safepoint: 2800 ns, Total: 43600 ns
[2215.954s][info ][safepoint      ] Safepoint "Cleanup", Time since last: 3000266029 ns, Reaching safepoint: 35500 ns, At safepoint: 3400 ns, Total: 38900 ns
[2223.954s][info ][safepoint      ] Safepoint "Cleanup", Time since last: 8000533928 ns, Reaching safepoint: 36700 ns, At safepoint: 3400 ns, Total: 40100 ns
[2239.956s][info ][safepoint      ] Safepoint "Cleanup", Time since last: 16001299241 ns, Reaching safepoint: 111100 ns, At safepoint: 6900 ns, Total: 118000 ns
[2246.106s][info ][gc,start       ] GC(77) Pause Young (Allocation Failure)
[2246.135s][debug][gc,phases      ] GC(77) Scavenge 29.477ms
[2246.135s][debug][gc,ref         ] GC(77) Skipped phase 1 of Reference Processing: no references
[2246.135s][debug][gc,ref         ] GC(77) ReferenceProcessor::execute queues: 1, RefProcThreadModel::Single, marks_oops_alive: false
[2246.135s][debug][gc,ref         ] GC(77) Skipped phase 3 of Reference Processing: no references
[2246.135s][debug][gc,ref         ] GC(77) ReferenceProcessor::execute queues: 1, RefProcThreadModel::Single, marks_oops_alive: false
[2246.135s][debug][gc,phases      ] GC(77) Reference Processing 0.102ms
[2246.135s][debug][gc,phases      ] GC(77)   VM Weak                        Min:  0.0, Avg:  0.0, Max:  0.0, Diff:  0.0, Sum:  0.0, Workers: 4
[2246.135s][debug][gc,phases      ] GC(77)     Dead                           Min: 0, Avg:  0.0, Max: 0, Diff: 0, Sum: 0, Workers: 4
[2246.135s][debug][gc,phases      ] GC(77)     Total                          Min: 0, Avg: 240.8, Max: 835, Diff: 835, Sum: 963, Workers: 4
[2246.135s][debug][gc,phases      ] GC(77)   ObjectSynchronizer Weak        Min:  0.0, Avg:  0.0, Max:  0.0, Diff:  0.0, Sum:  0.0, Workers: 4
[2246.135s][debug][gc,phases      ] GC(77)     Dead                           Min: 0, Avg:  0.0, Max: 0, Diff: 0, Sum: 0, Workers: 4
[2246.135s][debug][gc,phases      ] GC(77)     Total                          Min: 0, Avg: 14.2, Max: 57, Diff: 57, Sum: 57, Workers: 4
[2246.135s][debug][gc,phases      ] GC(77)   JVMTI Tag Weak OopStorage      Min:  0.0, Avg:  0.0, Max:  0.0, Diff:  0.0, Sum:  0.0, Workers: 4
[2246.135s][debug][gc,phases      ] GC(77)     Dead                           Min: 0, Avg:  0.0, Max: 0, Diff: 0, Sum: 0, Workers: 4
[2246.135s][debug][gc,phases      ] GC(77)     Total                          Min: 0, Avg:  0.0, Max: 0, Diff: 0, Sum: 0, Workers: 4
[2246.135s][debug][gc,phases      ] GC(77)   StringTable Weak               Min:  0.0, Avg:  0.1, Max:  0.1, Diff:  0.1, Sum:  0.4, Workers: 4
[2246.135s][debug][gc,phases      ] GC(77)     Dead                           Min: 0, Avg:  0.0, Max: 0, Diff: 0, Sum: 0, Workers: 4
[2246.135s][debug][gc,phases      ] GC(77)     Total                          Min: 0, Avg: 11028.8, Max: 19027, Diff: 19027, Sum: 44115, Workers: 4
[2246.135s][debug][gc,phases      ] GC(77)   ResolvedMethodTable Weak       Min:  0.0, Avg:  0.0, Max:  0.0, Diff:  0.0, Sum:  0.1, Workers: 4
[2246.136s][debug][gc,phases      ] GC(77)     Dead                           Min: 0, Avg:  0.0, Max: 0, Diff: 0, Sum: 0, Workers: 4
[2246.136s][debug][gc,phases      ] GC(77)     Total                          Min: 0, Avg: 2496.8, Max: 4096, Diff: 4096, Sum: 9987, Workers: 4
[2246.136s][debug][gc,phases      ] GC(77)   JNI Weak                       Min:  0.0, Avg:  0.0, Max:  0.0, Diff:  0.0, Sum:  0.0, Workers: 4
[2246.136s][debug][gc,phases      ] GC(77)     Dead                           Min: 0, Avg:  0.0, Max: 0, Diff: 0, Sum: 0, Workers: 4
[2246.136s][debug][gc,phases      ] GC(77)     Total                          Min: 0, Avg: 11.2, Max: 45, Diff: 45, Sum: 45, Workers: 4
[2246.136s][debug][gc,phases      ] GC(77)   StringDedup Table Weak         Min:  0.0, Avg:  0.0, Max:  0.0, Diff:  0.0, Sum:  0.0, Workers: 4
[2246.136s][debug][gc,phases      ] GC(77)     Dead                           Min: 0, Avg:  0.0, Max: 0, Diff: 0, Sum: 0, Workers: 4
[2246.136s][debug][gc,phases      ] GC(77)     Total                          Min: 0, Avg:  0.0, Max: 0, Diff: 0, Sum: 0, Workers: 4
[2246.136s][debug][gc,phases      ] GC(77)   StringDedup Requests0 Weak     Min:  0.0, Avg:  0.0, Max:  0.0, Diff:  0.0, Sum:  0.0, Workers: 4
[2246.136s][debug][gc,phases      ] GC(77)     Dead                           Min: 0, Avg:  0.0, Max: 0, Diff: 0, Sum: 0, Workers: 4
[2246.136s][debug][gc,phases      ] GC(77)     Total                          Min: 0, Avg:  0.0, Max: 0, Diff: 0, Sum: 0, Workers: 4
[2246.136s][debug][gc,phases      ] GC(77)   StringDedup Requests1 Weak     Min:  0.0, Avg:  0.0, Max:  0.0, Diff:  0.0, Sum:  0.0, Workers: 4
[2246.136s][debug][gc,phases      ] GC(77)     Dead                           Min: 0, Avg:  0.0, Max: 0, Diff: 0, Sum: 0, Workers: 4
[2246.136s][debug][gc,phases      ] GC(77)     Total                          Min: 0, Avg:  0.0, Max: 0, Diff: 0, Sum: 0, Workers: 4
[2246.136s][debug][gc,phases      ] GC(77)   Weak JFR Old Object Samples    Min:  0.0, Avg:  0.0, Max:  0.0, Diff:  0.0, Sum:  0.0, Workers: 4
[2246.136s][debug][gc,phases      ] GC(77)     Dead                           Min: 0, Avg:  0.0, Max: 0, Diff: 0, Sum: 0, Workers: 4
[2246.136s][debug][gc,phases      ] GC(77)     Total                          Min: 0, Avg:  0.0, Max: 0, Diff: 0, Sum: 0, Workers: 4
[2246.136s][debug][gc,phases      ] GC(77) Weak Processing 0.312ms
[2246.136s][debug][gc,age         ] GC(77) Desired survivor size 238026752 bytes, new threshold 15 (max threshold 15)
[2246.136s][info ][gc,heap        ] GC(77) PSYoungGen: 1763328K(1858048K)->148384K(1849344K) Eden: 1610240K(1610240K)->0K(1610240K) From: 153088K(247808K)->148384K(239104K)
[2246.136s][info ][gc,heap        ] GC(77) ParOldGen: 469608K(559616K)->469704K(559616K)
[2246.136s][info ][gc,metaspace   ] GC(77) Metaspace: 84411K(85504K)->84411K(85504K) NonClass: 72456K(73024K)->72456K(73024K) Class: 11954K(12480K)->11954K(12480K)
[2246.136s][info ][gc             ] GC(77) Pause Young (Allocation Failure) 2180M->603M(2352M) 30.028ms
[2246.136s][info ][gc,cpu         ] GC(77) User=0.12s Sys=0.00s Real=0.03s
[2246.136s][info ][safepoint      ] Safepoint "ParallelGCFailedAllocation", Time since last: 6149942866 ns, Reaching safepoint: 42200 ns, At safepoint: 30098020 ns, Total: 30140220 ns
[2247.136s][info ][safepoint      ] Safepoint "Cleanup", Time since last: 1000103043 ns, Reaching safepoint: 32700 ns, At safepoint: 2900 ns, Total: 35600 ns
[2248.136s][info ][safepoint      ] Safepoint "Cleanup", Time since last: 1000125543 ns, Reaching safepoint: 34900 ns, At safepoint: 2700 ns, Total: 37600 ns
[2251.136s][info ][safepoint      ] Safepoint "Cleanup", Time since last: 3000265005 ns, Reaching safepoint: 44698 ns, At safepoint: 4000 ns, Total: 48698 ns
[2252.136s][info ][safepoint      ] Safepoint "Cleanup", Time since last: 1000114855 ns, Reaching safepoint: 46100 ns, At safepoint: 3400 ns, Total: 49500 ns
[2253.137s][info ][safepoint      ] Safepoint "Cleanup", Time since last: 1000081981 ns, Reaching safepoint: 48201 ns, At safepoint: 3600 ns, Total: 51801 ns
[2254.137s][info ][safepoint      ] Safepoint "Cleanup", Time since last: 1000139481 ns, Reaching safepoint: 44200 ns, At safepoint: 6400 ns, Total: 50600 ns
[2258.137s][info ][safepoint      ] Safepoint "Cleanup", Time since last: 4000311528 ns, Reaching safepoint: 41897 ns, At safepoint: 3100 ns, Total: 44997 ns
[2260.137s][info ][safepoint      ] Safepoint "Cleanup", Time since last: 2000160064 ns, Reaching safepoint: 35500 ns, At safepoint: 2600 ns, Total: 38100 ns
[2261.137s][info ][safepoint      ] Safepoint "Cleanup", Time since last: 1000099268 ns, Reaching safepoint: 42300 ns, At safepoint: 3000 ns, Total: 45300 ns
[2265.138s][info ][safepoint      ] Safepoint "Cleanup", Time since last: 4000328072 ns, Reaching safepoint: 36200 ns, At safepoint: 2800 ns, Total: 39000 ns
[2266.183s][info ][safepoint      ] Safepoint "Cleanup", Time since last: 1045275029 ns, Reaching safepoint: 191593 ns, At safepoint: 25399 ns, Total: 216992 ns
[2266.644s][info ][safepoint      ] Safepoint "ParallelGCFailedAllocation", Time since last: 460331939 ns, Reaching safepoint: 154994 ns, At safepoint: 15299 ns, Total: 170293 ns
[2266.644s][info ][gc,start       ] GC(78) Pause Young (GCLocker Initiated GC)
[2266.673s][debug][gc,phases      ] GC(78) Scavenge 29.259ms
[2266.673s][debug][gc,ref         ] GC(78) Skipped phase 1 of Reference Processing: no references
[2266.673s][debug][gc,ref         ] GC(78) ReferenceProcessor::execute queues: 1, RefProcThreadModel::Single, marks_oops_alive: false
[2266.673s][debug][gc,ref         ] GC(78) Skipped phase 3 of Reference Processing: no references
[2266.673s][debug][gc,ref         ] GC(78) ReferenceProcessor::execute queues: 1, RefProcThreadModel::Single, marks_oops_alive: false
[2266.673s][debug][gc,phases      ] GC(78) Reference Processing 0.104ms
[2266.674s][debug][gc,phases      ] GC(78)   VM Weak                        Min:  0.0, Avg:  0.0, Max:  0.0, Diff:  0.0, Sum:  0.0, Workers: 4
[2266.674s][debug][gc,phases      ] GC(78)     Dead                           Min: 0, Avg:  0.0, Max: 0, Diff: 0, Sum: 0, Workers: 4
[2266.674s][debug][gc,phases      ] GC(78)     Total                          Min: 0, Avg: 240.8, Max: 448, Diff: 448, Sum: 963, Workers: 4
[2266.674s][debug][gc,phases      ] GC(78)   ObjectSynchronizer Weak        Min:  0.0, Avg:  0.0, Max:  0.0, Diff:  0.0, Sum:  0.0, Workers: 4
[2266.674s][debug][gc,phases      ] GC(78)     Dead                           Min: 0, Avg:  0.0, Max: 0, Diff: 0, Sum: 0, Workers: 4
[2266.674s][debug][gc,phases      ] GC(78)     Total                          Min: 0, Avg: 14.2, Max: 57, Diff: 57, Sum: 57, Workers: 4
[2266.674s][debug][gc,phases      ] GC(78)   JVMTI Tag Weak OopStorage      Min:  0.0, Avg:  0.0, Max:  0.0, Diff:  0.0, Sum:  0.0, Workers: 4
[2266.674s][debug][gc,phases      ] GC(78)     Dead                           Min: 0, Avg:  0.0, Max: 0, Diff: 0, Sum: 0, Workers: 4
[2266.674s][debug][gc,phases      ] GC(78)     Total                          Min: 0, Avg:  0.0, Max: 0, Diff: 0, Sum: 0, Workers: 4
[2266.674s][debug][gc,phases      ] GC(78)   StringTable Weak               Min:  0.1, Avg:  0.1, Max:  0.1, Diff:  0.0, Sum:  0.4, Workers: 4
[2266.674s][debug][gc,phases      ] GC(78)     Dead                           Min: 0, Avg:  0.0, Max: 0, Diff: 0, Sum: 0, Workers: 4
[2266.674s][debug][gc,phases      ] GC(78)     Total                          Min: 10368, Avg: 11040.0, Max: 11456, Diff: 1088, Sum: 44160, Workers: 4
[2266.674s][debug][gc,phases      ] GC(78)   ResolvedMethodTable Weak       Min:  0.0, Avg:  0.0, Max:  0.0, Diff:  0.0, Sum:  0.1, Workers: 4
[2266.674s][debug][gc,phases      ] GC(78)     Dead                           Min: 0, Avg:  0.0, Max: 0, Diff: 0, Sum: 0, Workers: 4
[2266.674s][debug][gc,phases      ] GC(78)     Total                          Min: 2432, Avg: 2497.2, Max: 2565, Diff: 133, Sum: 9989, Workers: 4
[2266.674s][debug][gc,phases      ] GC(78)   JNI Weak                       Min:  0.0, Avg:  0.0, Max:  0.0, Diff:  0.0, Sum:  0.0, Workers: 4
[2266.674s][debug][gc,phases      ] GC(78)     Dead                           Min: 0, Avg:  0.0, Max: 0, Diff: 0, Sum: 0, Workers: 4
[2266.674s][debug][gc,phases      ] GC(78)     Total                          Min: 0, Avg: 11.2, Max: 45, Diff: 45, Sum: 45, Workers: 4
[2266.674s][debug][gc,phases      ] GC(78)   StringDedup Table Weak         Min:  0.0, Avg:  0.0, Max:  0.0, Diff:  0.0, Sum:  0.0, Workers: 4
[2266.674s][debug][gc,phases      ] GC(78)     Dead                           Min: 0, Avg:  0.0, Max: 0, Diff: 0, Sum: 0, Workers: 4
[2266.674s][debug][gc,phases      ] GC(78)     Total                          Min: 0, Avg:  0.0, Max: 0, Diff: 0, Sum: 0, Workers: 4
[2266.674s][debug][gc,phases      ] GC(78)   StringDedup Requests0 Weak     Min:  0.0, Avg:  0.0, Max:  0.0, Diff:  0.0, Sum:  0.0, Workers: 4
[2266.674s][debug][gc,phases      ] GC(78)     Dead                           Min: 0, Avg:  0.0, Max: 0, Diff: 0, Sum: 0, Workers: 4
[2266.674s][debug][gc,phases      ] GC(78)     Total                          Min: 0, Avg:  0.0, Max: 0, Diff: 0, Sum: 0, Workers: 4
[2266.674s][debug][gc,phases      ] GC(78)   StringDedup Requests1 Weak     Min:  0.0, Avg:  0.0, Max:  0.0, Diff:  0.0, Sum:  0.0, Workers: 4
[2266.674s][debug][gc,phases      ] GC(78)     Dead                           Min: 0, Avg:  0.0, Max: 0, Diff: 0, Sum: 0, Workers: 4
[2266.674s][debug][gc,phases      ] GC(78)     Total                          Min: 0, Avg:  0.0, Max: 0, Diff: 0, Sum: 0, Workers: 4
[2266.674s][debug][gc,phases      ] GC(78)   Weak JFR Old Object Samples    Min:  0.0, Avg:  0.0, Max:  0.0, Diff:  0.0, Sum:  0.0, Workers: 4
[2266.674s][debug][gc,phases      ] GC(78)     Dead                           Min: 0, Avg:  0.0, Max: 0, Diff: 0, Sum: 0, Workers: 4
[2266.674s][debug][gc,phases      ] GC(78)     Total                          Min: 0, Avg:  0.0, Max: 0, Diff: 0, Sum: 0, Workers: 4
[2266.674s][debug][gc,phases      ] GC(78) Weak Processing 0.326ms
[2266.674s][debug][gc,age         ] GC(78) Desired survivor size 236978176 bytes, new threshold 15 (max threshold 15)
[2266.674s][info ][gc,heap        ] GC(78) PSYoungGen: 1758610K(1849344K)->115410K(1865728K) Eden: 1610225K(1610240K)->0K(1633280K) From: 148384K(239104K)->115410K(232448K)
[2266.674s][info ][gc,heap        ] GC(78) ParOldGen: 469739K(559616K)->469771K(559616K)
[2266.674s][info ][gc,metaspace   ] GC(78) Metaspace: 84444K(85568K)->84444K(85568K) NonClass: 72489K(73088K)->72489K(73088K) Class: 11955K(12480K)->11955K(12480K)
[2266.674s][info ][gc             ] GC(78) Pause Young (GCLocker Initiated GC) 2176M->571M(2368M) 29.792ms
[2266.674s][info ][gc,cpu         ] GC(78) User=0.12s Sys=0.00s Real=0.03s
[2266.674s][info ][safepoint      ] Safepoint "ParallelGCSystemGC", Time since last: 70698 ns, Reaching safepoint: 81796 ns, At safepoint: 29854910 ns, Total: 29936706 ns
[2267.674s][info ][safepoint      ] Safepoint "Cleanup", Time since last: 1000081826 ns, Reaching safepoint: 52300 ns, At safepoint: 2800 ns, Total: 55100 ns
[2270.674s][info ][safepoint      ] Safepoint "Cleanup", Time since last: 3000221785 ns, Reaching safepoint: 38499 ns, At safepoint: 3000 ns, Total: 41499 ns
[2272.674s][info ][safepoint      ] Safepoint "Cleanup", Time since last: 2000166824 ns, Reaching safepoint: 40799 ns, At safepoint: 3500 ns, Total: 44299 ns
[2273.675s][info ][safepoint      ] Safepoint "Cleanup", Time since last: 1000075762 ns, Reaching safepoint: 42600 ns, At safepoint: 4700 ns, Total: 47300 ns
[2274.675s][info ][safepoint      ] Safepoint "Cleanup", Time since last: 1000102396 ns, Reaching safepoint: 41800 ns, At safepoint: 2300 ns, Total: 44100 ns
[2275.675s][info ][safepoint      ] Safepoint "Cleanup", Time since last: 1000126298 ns, Reaching safepoint: 50001 ns, At safepoint: 3200 ns, Total: 53201 ns
[2284.676s][info ][safepoint      ] Safepoint "Cleanup", Time since last: 9000681417 ns, Reaching safepoint: 41500 ns, At safepoint: 3100 ns, Total: 44600 ns
[2285.676s][info ][safepoint      ] Safepoint "Cleanup", Time since last: 1000136923 ns, Reaching safepoint: 47100 ns, At safepoint: 6900 ns, Total: 54000 ns
[2286.676s][info ][safepoint      ] Safepoint "Cleanup", Time since last: 1000104023 ns, Reaching safepoint: 43700 ns, At safepoint: 3500 ns, Total: 47200 ns
[2289.409s][info ][gc,start       ] GC(79) Pause Young (Allocation Failure)
[2289.440s][debug][gc,phases      ] GC(79) Scavenge 30.681ms
[2289.440s][debug][gc,ref         ] GC(79) Skipped phase 1 of Reference Processing: no references
[2289.440s][debug][gc,ref         ] GC(79) ReferenceProcessor::execute queues: 1, RefProcThreadModel::Single, marks_oops_alive: false
[2289.440s][debug][gc,ref         ] GC(79) Skipped phase 3 of Reference Processing: no references
[2289.440s][debug][gc,ref         ] GC(79) ReferenceProcessor::execute queues: 1, RefProcThreadModel::Single, marks_oops_alive: false
[2289.440s][debug][gc,phases      ] GC(79) Reference Processing 0.108ms
[2289.440s][debug][gc,phases      ] GC(79)   VM Weak                        Min:  0.0, Avg:  0.0, Max:  0.0, Diff:  0.0, Sum:  0.0, Workers: 4
[2289.440s][debug][gc,phases      ] GC(79)     Dead                           Min: 0, Avg:  0.0, Max: 0, Diff: 0, Sum: 0, Workers: 4
[2289.440s][debug][gc,phases      ] GC(79)     Total                          Min: 0, Avg: 240.8, Max: 579, Diff: 579, Sum: 963, Workers: 4
[2289.440s][debug][gc,phases      ] GC(79)   ObjectSynchronizer Weak        Min:  0.0, Avg:  0.0, Max:  0.0, Diff:  0.0, Sum:  0.0, Workers: 4
[2289.440s][debug][gc,phases      ] GC(79)     Dead                           Min: 0, Avg:  0.0, Max: 0, Diff: 0, Sum: 0, Workers: 4
[2289.440s][debug][gc,phases      ] GC(79)     Total                          Min: 0, Avg: 14.2, Max: 57, Diff: 57, Sum: 57, Workers: 4
[2289.440s][debug][gc,phases      ] GC(79)   JVMTI Tag Weak OopStorage      Min:  0.0, Avg:  0.0, Max:  0.0, Diff:  0.0, Sum:  0.0, Workers: 4
[2289.440s][debug][gc,phases      ] GC(79)     Dead                           Min: 0, Avg:  0.0, Max: 0, Diff: 0, Sum: 0, Workers: 4
[2289.440s][debug][gc,phases      ] GC(79)     Total                          Min: 0, Avg:  0.0, Max: 0, Diff: 0, Sum: 0, Workers: 4
[2289.440s][debug][gc,phases      ] GC(79)   StringTable Weak               Min:  0.0, Avg:  0.1, Max:  0.1, Diff:  0.1, Sum:  0.4, Workers: 4
[2289.440s][debug][gc,phases      ] GC(79)     Dead                           Min: 0, Avg:  0.0, Max: 0, Diff: 0, Sum: 0, Workers: 4
[2289.441s][debug][gc,phases      ] GC(79)     Total                          Min: 0, Avg: 11040.0, Max: 17920, Diff: 17920, Sum: 44160, Workers: 4
[2289.441s][debug][gc,phases      ] GC(79)   ResolvedMethodTable Weak       Min:  0.0, Avg:  0.0, Max:  0.0, Diff:  0.0, Sum:  0.1, Workers: 4
[2289.441s][debug][gc,phases      ] GC(79)     Dead                           Min: 0, Avg:  0.0, Max: 0, Diff: 0, Sum: 0, Workers: 4
[2289.441s][debug][gc,phases      ] GC(79)     Total                          Min: 0, Avg: 2497.2, Max: 3456, Diff: 3456, Sum: 9989, Workers: 4
[2289.441s][debug][gc,phases      ] GC(79)   JNI Weak                       Min:  0.0, Avg:  0.0, Max:  0.0, Diff:  0.0, Sum:  0.0, Workers: 4
[2289.441s][debug][gc,phases      ] GC(79)     Dead                           Min: 0, Avg:  0.0, Max: 0, Diff: 0, Sum: 0, Workers: 4
[2289.441s][debug][gc,phases      ] GC(79)     Total                          Min: 0, Avg: 11.2, Max: 45, Diff: 45, Sum: 45, Workers: 4
[2289.441s][debug][gc,phases      ] GC(79)   StringDedup Table Weak         Min:  0.0, Avg:  0.0, Max:  0.0, Diff:  0.0, Sum:  0.0, Workers: 4
[2289.441s][debug][gc,phases      ] GC(79)     Dead                           Min: 0, Avg:  0.0, Max: 0, Diff: 0, Sum: 0, Workers: 4
[2289.441s][debug][gc,phases      ] GC(79)     Total                          Min: 0, Avg:  0.0, Max: 0, Diff: 0, Sum: 0, Workers: 4
[2289.441s][debug][gc,phases      ] GC(79)   StringDedup Requests0 Weak     Min:  0.0, Avg:  0.0, Max:  0.0, Diff:  0.0, Sum:  0.0, Workers: 4
[2289.441s][debug][gc,phases      ] GC(79)     Dead                           Min: 0, Avg:  0.0, Max: 0, Diff: 0, Sum: 0, Workers: 4
[2289.441s][debug][gc,phases      ] GC(79)     Total                          Min: 0, Avg:  0.0, Max: 0, Diff: 0, Sum: 0, Workers: 4
[2289.441s][debug][gc,phases      ] GC(79)   StringDedup Requests1 Weak     Min:  0.0, Avg:  0.0, Max:  0.0, Diff:  0.0, Sum:  0.0, Workers: 4
[2289.441s][debug][gc,phases      ] GC(79)     Dead                           Min: 0, Avg:  0.0, Max: 0, Diff: 0, Sum: 0, Workers: 4
[2289.441s][debug][gc,phases      ] GC(79)     Total                          Min: 0, Avg:  0.0, Max: 0, Diff: 0, Sum: 0, Workers: 4
[2289.441s][debug][gc,phases      ] GC(79)   Weak JFR Old Object Samples    Min:  0.0, Avg:  0.0, Max:  0.0, Diff:  0.0, Sum:  0.0, Workers: 4
[2289.441s][debug][gc,phases      ] GC(79)     Dead                           Min: 0, Avg:  0.0, Max: 0, Diff: 0, Sum: 0, Workers: 4
[2289.441s][debug][gc,phases      ] GC(79)     Total                          Min: 0, Avg:  0.0, Max: 0, Diff: 0, Sum: 0, Workers: 4
[2289.441s][debug][gc,phases      ] GC(79) Weak Processing 0.330ms
[2289.441s][debug][gc,age         ] GC(79) Desired survivor size 229638144 bytes, new threshold 15 (max threshold 15)
[2289.441s][info ][gc,heap        ] GC(79) PSYoungGen: 1748690K(1865728K)->153329K(1864704K) Eden: 1633280K(1633280K)->0K(1633280K) From: 115410K(232448K)->153329K(231424K)
[2289.441s][info ][gc,heap        ] GC(79) ParOldGen: 469773K(559616K)->469829K(559616K)
[2289.441s][info ][gc,metaspace   ] GC(79) Metaspace: 84447K(85568K)->84447K(85568K) NonClass: 72492K(73088K)->72492K(73088K) Class: 11955K(12480K)->11955K(12480K)
[2289.441s][info ][gc             ] GC(79) Pause Young (Allocation Failure) 2166M->608M(2367M) 31.251ms
[2289.441s][info ][gc,cpu         ] GC(79) User=0.12s Sys=0.00s Real=0.04s
[2289.441s][info ][safepoint      ] Safepoint "ParallelGCFailedAllocation", Time since last: 2733359904 ns, Reaching safepoint: 42500 ns, At safepoint: 31324225 ns, Total: 31366725 ns
[2292.441s][info ][safepoint      ] Safepoint "Cleanup", Time since last: 3000207070 ns, Reaching safepoint: 56600 ns, At safepoint: 5400 ns, Total: 62000 ns
[2295.441s][info ][safepoint      ] Safepoint "Cleanup", Time since last: 3000238414 ns, Reaching safepoint: 46100 ns, At safepoint: 5700 ns, Total: 51800 ns
[2298.442s][info ][safepoint      ] Safepoint "Cleanup", Time since last: 3000260929 ns, Reaching safepoint: 39300 ns, At safepoint: 3200 ns, Total: 42500 ns
[2303.442s][info ][safepoint      ] Safepoint "Cleanup", Time since last: 5000367636 ns, Reaching safepoint: 45800 ns, At safepoint: 8200 ns, Total: 54000 ns
[2304.442s][info ][safepoint      ] Safepoint "Cleanup", Time since last: 1000318547 ns, Reaching safepoint: 30800 ns, At safepoint: 3000 ns, Total: 33800 ns
[2305.442s][info ][safepoint      ] Safepoint "Cleanup", Time since last: 1000100447 ns, Reaching safepoint: 47300 ns, At safepoint: 4400 ns, Total: 51700 ns
[2309.443s][info ][safepoint      ] Safepoint "Cleanup", Time since last: 4000352883 ns, Reaching safepoint: 46000 ns, At safepoint: 3200 ns, Total: 49200 ns
[2331.445s][info ][safepoint      ] Safepoint "Cleanup", Time since last: 22001706927 ns, Reaching safepoint: 48100 ns, At safepoint: 3500 ns, Total: 51600 ns
[2335.445s][info ][safepoint      ] Safepoint "Cleanup", Time since last: 4000306875 ns, Reaching safepoint: 42800 ns, At safepoint: 3000 ns, Total: 45800 ns
[2336.656s][info ][gc,start       ] GC(80) Pause Young (Allocation Failure)
[2336.685s][debug][gc,phases      ] GC(80) Scavenge 28.870ms
[2336.685s][debug][gc,ref         ] GC(80) Skipped phase 1 of Reference Processing: no references
[2336.685s][debug][gc,ref         ] GC(80) ReferenceProcessor::execute queues: 1, RefProcThreadModel::Single, marks_oops_alive: false
[2336.685s][debug][gc,ref         ] GC(80) Skipped phase 3 of Reference Processing: no references
[2336.685s][debug][gc,ref         ] GC(80) ReferenceProcessor::execute queues: 1, RefProcThreadModel::Single, marks_oops_alive: false
[2336.685s][debug][gc,phases      ] GC(80) Reference Processing 0.104ms
[2336.686s][debug][gc,phases      ] GC(80)   VM Weak                        Min:  0.0, Avg:  0.0, Max:  0.0, Diff:  0.0, Sum:  0.0, Workers: 4
[2336.686s][debug][gc,phases      ] GC(80)     Dead                           Min: 0, Avg:  0.0, Max: 0, Diff: 0, Sum: 0, Workers: 4
[2336.686s][debug][gc,phases      ] GC(80)     Total                          Min: 0, Avg: 240.8, Max: 576, Diff: 576, Sum: 963, Workers: 4
[2336.686s][debug][gc,phases      ] GC(80)   ObjectSynchronizer Weak        Min:  0.0, Avg:  0.0, Max:  0.0, Diff:  0.0, Sum:  0.0, Workers: 4
[2336.686s][debug][gc,phases      ] GC(80)     Dead                           Min: 0, Avg:  0.0, Max: 0, Diff: 0, Sum: 0, Workers: 4
[2336.686s][debug][gc,phases      ] GC(80)     Total                          Min: 0, Avg: 14.2, Max: 57, Diff: 57, Sum: 57, Workers: 4
[2336.686s][debug][gc,phases      ] GC(80)   JVMTI Tag Weak OopStorage      Min:  0.0, Avg:  0.0, Max:  0.0, Diff:  0.0, Sum:  0.0, Workers: 4
[2336.686s][debug][gc,phases      ] GC(80)     Dead                           Min: 0, Avg:  0.0, Max: 0, Diff: 0, Sum: 0, Workers: 4
[2336.686s][debug][gc,phases      ] GC(80)     Total                          Min: 0, Avg:  0.0, Max: 0, Diff: 0, Sum: 0, Workers: 4
[2336.686s][debug][gc,phases      ] GC(80)   StringTable Weak               Min:  0.0, Avg:  0.1, Max:  0.1, Diff:  0.1, Sum:  0.4, Workers: 4
[2336.686s][debug][gc,phases      ] GC(80)     Dead                           Min: 0, Avg:  0.0, Max: 0, Diff: 0, Sum: 0, Workers: 4
[2336.686s][debug][gc,phases      ] GC(80)     Total                          Min: 0, Avg: 11040.2, Max: 18561, Diff: 18561, Sum: 44161, Workers: 4
[2336.686s][debug][gc,phases      ] GC(80)   ResolvedMethodTable Weak       Min:  0.0, Avg:  0.0, Max:  0.0, Diff:  0.0, Sum:  0.1, Workers: 4
[2336.686s][debug][gc,phases      ] GC(80)     Dead                           Min: 0, Avg:  0.0, Max: 0, Diff: 0, Sum: 0, Workers: 4
[2336.686s][debug][gc,phases      ] GC(80)     Total                          Min: 0, Avg: 2497.2, Max: 4165, Diff: 4165, Sum: 9989, Workers: 4
[2336.686s][debug][gc,phases      ] GC(80)   JNI Weak                       Min:  0.0, Avg:  0.0, Max:  0.0, Diff:  0.0, Sum:  0.0, Workers: 4
[2336.686s][debug][gc,phases      ] GC(80)     Dead                           Min: 0, Avg:  0.0, Max: 0, Diff: 0, Sum: 0, Workers: 4
[2336.686s][debug][gc,phases      ] GC(80)     Total                          Min: 0, Avg: 11.2, Max: 45, Diff: 45, Sum: 45, Workers: 4
[2336.686s][debug][gc,phases      ] GC(80)   StringDedup Table Weak         Min:  0.0, Avg:  0.0, Max:  0.0, Diff:  0.0, Sum:  0.0, Workers: 4
[2336.686s][debug][gc,phases      ] GC(80)     Dead                           Min: 0, Avg:  0.0, Max: 0, Diff: 0, Sum: 0, Workers: 4
[2336.686s][debug][gc,phases      ] GC(80)     Total                          Min: 0, Avg:  0.0, Max: 0, Diff: 0, Sum: 0, Workers: 4
[2336.686s][debug][gc,phases      ] GC(80)   StringDedup Requests0 Weak     Min:  0.0, Avg:  0.0, Max:  0.0, Diff:  0.0, Sum:  0.0, Workers: 4
[2336.686s][debug][gc,phases      ] GC(80)     Dead                           Min: 0, Avg:  0.0, Max: 0, Diff: 0, Sum: 0, Workers: 4
[2336.686s][debug][gc,phases      ] GC(80)     Total                          Min: 0, Avg:  0.0, Max: 0, Diff: 0, Sum: 0, Workers: 4
[2336.686s][debug][gc,phases      ] GC(80)   StringDedup Requests1 Weak     Min:  0.0, Avg:  0.0, Max:  0.0, Diff:  0.0, Sum:  0.0, Workers: 4
[2336.686s][debug][gc,phases      ] GC(80)     Dead                           Min: 0, Avg:  0.0, Max: 0, Diff: 0, Sum: 0, Workers: 4
[2336.686s][debug][gc,phases      ] GC(80)     Total                          Min: 0, Avg:  0.0, Max: 0, Diff: 0, Sum: 0, Workers: 4
[2336.686s][debug][gc,phases      ] GC(80)   Weak JFR Old Object Samples    Min:  0.0, Avg:  0.0, Max:  0.0, Diff:  0.0, Sum:  0.0, Workers: 4
[2336.686s][debug][gc,phases      ] GC(80)     Dead                           Min: 0, Avg:  0.0, Max: 0, Diff: 0, Sum: 0, Workers: 4
[2336.686s][debug][gc,phases      ] GC(80)     Total                          Min: 0, Avg:  0.0, Max: 0, Diff: 0, Sum: 0, Workers: 4
[2336.686s][debug][gc,phases      ] GC(80) Weak Processing 0.342ms
[2336.686s][debug][gc,age         ] GC(80) Desired survivor size 223346688 bytes, new threshold 15 (max threshold 15)
[2336.686s][info ][gc,heap        ] GC(80) PSYoungGen: 1786609K(1864704K)->145409K(1879040K) Eden: 1633280K(1633280K)->0K(1654784K) From: 153329K(231424K)->145409K(224256K)
[2336.686s][info ][gc,heap        ] GC(80) ParOldGen: 469829K(559616K)->476669K(559616K)
[2336.686s][info ][gc,metaspace   ] GC(80) Metaspace: 84456K(85568K)->84456K(85568K) NonClass: 72501K(73088K)->72501K(73088K) Class: 11955K(12480K)->11955K(12480K)
[2336.686s][info ][gc             ] GC(80) Pause Young (Allocation Failure) 2203M->607M(2381M) 29.445ms
[2336.686s][info ][gc,cpu         ] GC(80) User=0.11s Sys=0.01s Real=0.03s
[2336.686s][info ][safepoint      ] Safepoint "ParallelGCFailedAllocation", Time since last: 1211273618 ns, Reaching safepoint: 43200 ns, At safepoint: 29517061 ns, Total: 29560261 ns
[2338.686s][info ][safepoint      ] Safepoint "Cleanup", Time since last: 2000158077 ns, Reaching safepoint: 46300 ns, At safepoint: 3300 ns, Total: 49600 ns
[2346.687s][info ][safepoint      ] Safepoint "Cleanup", Time since last: 8000587326 ns, Reaching safepoint: 41700 ns, At safepoint: 2900 ns, Total: 44600 ns
[2347.687s][info ][safepoint      ] Safepoint "Cleanup", Time since last: 1000104418 ns, Reaching safepoint: 31000 ns, At safepoint: 4700 ns, Total: 35700 ns
[2348.687s][info ][safepoint      ] Safepoint "Cleanup", Time since last: 1000106218 ns, Reaching safepoint: 46000 ns, At safepoint: 2700 ns, Total: 48700 ns
[2349.687s][info ][safepoint      ] Safepoint "Cleanup", Time since last: 1000103018 ns, Reaching safepoint: 43800 ns, At safepoint: 2400 ns, Total: 46200 ns
[2350.687s][info ][safepoint      ] Safepoint "Cleanup", Time since last: 1000120218 ns, Reaching safepoint: 36700 ns, At safepoint: 3400 ns, Total: 40100 ns
[2353.688s][info ][safepoint      ] Safepoint "Cleanup", Time since last: 3000231721 ns, Reaching safepoint: 48300 ns, At safepoint: 2700 ns, Total: 51000 ns
[2354.688s][info ][safepoint      ] Safepoint "Cleanup", Time since last: 1000130798 ns, Reaching safepoint: 44400 ns, At safepoint: 3200 ns, Total: 47600 ns
[2364.688s][info ][safepoint      ] Safepoint "Cleanup", Time since last: 10000725458 ns, Reaching safepoint: 40299 ns, At safepoint: 3900 ns, Total: 44199 ns
[2365.689s][info ][safepoint      ] Safepoint "Cleanup", Time since last: 1000130970 ns, Reaching safepoint: 45300 ns, At safepoint: 2800 ns, Total: 48100 ns
[2366.689s][info ][safepoint      ] Safepoint "Cleanup", Time since last: 1000125870 ns, Reaching safepoint: 39700 ns, At safepoint: 3600 ns, Total: 43300 ns
[2371.689s][info ][safepoint      ] Safepoint "Cleanup", Time since last: 5000366804 ns, Reaching safepoint: 49700 ns, At safepoint: 3400 ns, Total: 53100 ns
[2373.689s][info ][safepoint      ] Safepoint "Cleanup", Time since last: 2000158189 ns, Reaching safepoint: 57400 ns, At safepoint: 6400 ns, Total: 63800 ns
[2376.690s][info ][safepoint      ] Safepoint "Cleanup", Time since last: 3000277776 ns, Reaching safepoint: 45200 ns, At safepoint: 9400 ns, Total: 54600 ns
[2380.690s][info ][safepoint      ] Safepoint "Cleanup", Time since last: 4000378401 ns, Reaching safepoint: 54200 ns, At safepoint: 7000 ns, Total: 61200 ns
[2381.458s][info ][gc,start       ] GC(81) Pause Young (Allocation Failure)
[2381.486s][debug][gc,phases      ] GC(81) Scavenge 27.475ms
[2381.486s][debug][gc,ref         ] GC(81) Skipped phase 1 of Reference Processing: no references
[2381.486s][debug][gc,ref         ] GC(81) ReferenceProcessor::execute queues: 1, RefProcThreadModel::Single, marks_oops_alive: false
[2381.486s][debug][gc,ref         ] GC(81) Skipped phase 3 of Reference Processing: no references
[2381.486s][debug][gc,ref         ] GC(81) ReferenceProcessor::execute queues: 1, RefProcThreadModel::Single, marks_oops_alive: false
[2381.486s][debug][gc,phases      ] GC(81) Reference Processing 0.104ms
[2381.486s][debug][gc,phases      ] GC(81)   VM Weak                        Min:  0.0, Avg:  0.0, Max:  0.0, Diff:  0.0, Sum:  0.0, Workers: 4
[2381.486s][debug][gc,phases      ] GC(81)     Dead                           Min: 0, Avg:  0.0, Max: 0, Diff: 0, Sum: 0, Workers: 4
[2381.486s][debug][gc,phases      ] GC(81)     Total                          Min: 0, Avg: 240.8, Max: 512, Diff: 512, Sum: 963, Workers: 4
[2381.486s][debug][gc,phases      ] GC(81)   ObjectSynchronizer Weak        Min:  0.0, Avg:  0.0, Max:  0.0, Diff:  0.0, Sum:  0.0, Workers: 4
[2381.486s][debug][gc,phases      ] GC(81)     Dead                           Min: 0, Avg:  0.0, Max: 0, Diff: 0, Sum: 0, Workers: 4
[2381.486s][debug][gc,phases      ] GC(81)     Total                          Min: 0, Avg: 14.2, Max: 57, Diff: 57, Sum: 57, Workers: 4
[2381.486s][debug][gc,phases      ] GC(81)   JVMTI Tag Weak OopStorage      Min:  0.0, Avg:  0.0, Max:  0.0, Diff:  0.0, Sum:  0.0, Workers: 4
[2381.486s][debug][gc,phases      ] GC(81)     Dead                           Min: 0, Avg:  0.0, Max: 0, Diff: 0, Sum: 0, Workers: 4
[2381.486s][debug][gc,phases      ] GC(81)     Total                          Min: 0, Avg:  0.0, Max: 0, Diff: 0, Sum: 0, Workers: 4
[2381.486s][debug][gc,phases      ] GC(81)   StringTable Weak               Min:  0.0, Avg:  0.1, Max:  0.1, Diff:  0.1, Sum:  0.3, Workers: 4
[2381.486s][debug][gc,phases      ] GC(81)     Dead                           Min: 0, Avg:  0.0, Max: 0, Diff: 0, Sum: 0, Workers: 4
[2381.486s][debug][gc,phases      ] GC(81)     Total                          Min: 0, Avg: 11040.5, Max: 19328, Diff: 19328, Sum: 44162, Workers: 4
[2381.486s][debug][gc,phases      ] GC(81)   ResolvedMethodTable Weak       Min:  0.0, Avg:  0.0, Max:  0.0, Diff:  0.0, Sum:  0.1, Workers: 4
[2381.486s][debug][gc,phases      ] GC(81)     Dead                           Min: 0, Avg:  0.0, Max: 0, Diff: 0, Sum: 0, Workers: 4
[2381.486s][debug][gc,phases      ] GC(81)     Total                          Min: 0, Avg: 2497.2, Max: 4224, Diff: 4224, Sum: 9989, Workers: 4
[2381.486s][debug][gc,phases      ] GC(81)   JNI Weak                       Min:  0.0, Avg:  0.0, Max:  0.0, Diff:  0.0, Sum:  0.0, Workers: 4
[2381.486s][debug][gc,phases      ] GC(81)     Dead                           Min: 0, Avg:  0.0, Max: 0, Diff: 0, Sum: 0, Workers: 4
[2381.486s][debug][gc,phases      ] GC(81)     Total                          Min: 0, Avg: 11.2, Max: 45, Diff: 45, Sum: 45, Workers: 4
[2381.486s][debug][gc,phases      ] GC(81)   StringDedup Table Weak         Min:  0.0, Avg:  0.0, Max:  0.0, Diff:  0.0, Sum:  0.0, Workers: 4
[2381.486s][debug][gc,phases      ] GC(81)     Dead                           Min: 0, Avg:  0.0, Max: 0, Diff: 0, Sum: 0, Workers: 4
[2381.486s][debug][gc,phases      ] GC(81)     Total                          Min: 0, Avg:  0.0, Max: 0, Diff: 0, Sum: 0, Workers: 4
[2381.486s][debug][gc,phases      ] GC(81)   StringDedup Requests0 Weak     Min:  0.0, Avg:  0.0, Max:  0.0, Diff:  0.0, Sum:  0.0, Workers: 4
[2381.486s][debug][gc,phases      ] GC(81)     Dead                           Min: 0, Avg:  0.0, Max: 0, Diff: 0, Sum: 0, Workers: 4
[2381.486s][debug][gc,phases      ] GC(81)     Total                          Min: 0, Avg:  0.0, Max: 0, Diff: 0, Sum: 0, Workers: 4
[2381.486s][debug][gc,phases      ] GC(81)   StringDedup Requests1 Weak     Min:  0.0, Avg:  0.0, Max:  0.0, Diff:  0.0, Sum:  0.0, Workers: 4
[2381.486s][debug][gc,phases      ] GC(81)     Dead                           Min: 0, Avg:  0.0, Max: 0, Diff: 0, Sum: 0, Workers: 4
[2381.486s][debug][gc,phases      ] GC(81)     Total                          Min: 0, Avg:  0.0, Max: 0, Diff: 0, Sum: 0, Workers: 4
[2381.486s][debug][gc,phases      ] GC(81)   Weak JFR Old Object Samples    Min:  0.0, Avg:  0.0, Max:  0.0, Diff:  0.0, Sum:  0.0, Workers: 4
[2381.486s][debug][gc,phases      ] GC(81)     Dead                           Min: 0, Avg:  0.0, Max: 0, Diff: 0, Sum: 0, Workers: 4
[2381.486s][debug][gc,phases      ] GC(81)     Total                          Min: 0, Avg:  0.0, Max: 0, Diff: 0, Sum: 0, Workers: 4
[2381.486s][debug][gc,phases      ] GC(81) Weak Processing 0.298ms
[2381.486s][debug][gc,age         ] GC(81) Desired survivor size 217055232 bytes, new threshold 15 (max threshold 15)
[2381.486s][info ][gc,heap        ] GC(81) PSYoungGen: 1800193K(1879040K)->147825K(1872896K) Eden: 1654784K(1654784K)->0K(1654784K) From: 145409K(224256K)->147825K(218112K)
[2381.486s][info ][gc,heap        ] GC(81) ParOldGen: 476669K(559616K)->476917K(559616K)
[2381.486s][info ][gc,metaspace   ] GC(81) Metaspace: 84466K(85568K)->84466K(85568K) NonClass: 72511K(73088K)->72511K(73088K) Class: 11955K(12480K)->11955K(12480K)
[2381.486s][info ][gc             ] GC(81) Pause Young (Allocation Failure) 2223M->610M(2375M) 28.002ms
[2381.486s][info ][gc,cpu         ] GC(81) User=0.11s Sys=0.00s Real=0.02s
[2381.486s][info ][safepoint      ] Safepoint "ParallelGCFailedAllocation", Time since last: 767938520 ns, Reaching safepoint: 27100 ns, At safepoint: 28076972 ns, Total: 28104072 ns
[2392.487s][info ][safepoint      ] Safepoint "Cleanup", Time since last: 11000753128 ns, Reaching safepoint: 48300 ns, At safepoint: 3300 ns, Total: 51600 ns
[2400.488s][info ][safepoint      ] Safepoint "Cleanup", Time since last: 8000569969 ns, Reaching safepoint: 34100 ns, At safepoint: 3000 ns, Total: 37100 ns
[2406.488s][info ][safepoint      ] Safepoint "Cleanup", Time since last: 6000481729 ns, Reaching safepoint: 48400 ns, At safepoint: 3100 ns, Total: 51500 ns
[2411.489s][info ][safepoint      ] Safepoint "Cleanup", Time since last: 5000417640 ns, Reaching safepoint: 52600 ns, At safepoint: 3400 ns, Total: 56000 ns
[2413.489s][info ][safepoint      ] Safepoint "Cleanup", Time since last: 2000198903 ns, Reaching safepoint: 116400 ns, At safepoint: 31100 ns, Total: 147500 ns
[2415.489s][info ][safepoint      ] Safepoint "Cleanup", Time since last: 2000220905 ns, Reaching safepoint: 43600 ns, At safepoint: 2600 ns, Total: 46200 ns
[2416.489s][info ][safepoint      ] Safepoint "Cleanup", Time since last: 1000085070 ns, Reaching safepoint: 48500 ns, At safepoint: 2600 ns, Total: 51100 ns
[2418.490s][info ][safepoint      ] Safepoint "Cleanup", Time since last: 2000178879 ns, Reaching safepoint: 60100 ns, At safepoint: 2800 ns, Total: 62900 ns
[2419.490s][info ][safepoint      ] Safepoint "Cleanup", Time since last: 1000101159 ns, Reaching safepoint: 41400 ns, At safepoint: 4600 ns, Total: 46000 ns
[2420.490s][info ][safepoint      ] Safepoint "Cleanup", Time since last: 1000101858 ns, Reaching safepoint: 49300 ns, At safepoint: 3200 ns, Total: 52500 ns
[2421.490s][info ][safepoint      ] Safepoint "Cleanup", Time since last: 1000101859 ns, Reaching safepoint: 117400 ns, At safepoint: 4800 ns, Total: 122200 ns
[2422.490s][info ][safepoint      ] Safepoint "Cleanup", Time since last: 1000148959 ns, Reaching safepoint: 42700 ns, At safepoint: 4600 ns, Total: 47300 ns
[2423.491s][info ][safepoint      ] Safepoint "Cleanup", Time since last: 1000127058 ns, Reaching safepoint: 42800 ns, At safepoint: 3600 ns, Total: 46400 ns
[2425.491s][info ][safepoint      ] Safepoint "Cleanup", Time since last: 2000188118 ns, Reaching safepoint: 40800 ns, At safepoint: 2900 ns, Total: 43700 ns
[2427.211s][info ][gc,start       ] GC(82) Pause Young (Allocation Failure)
[2427.243s][debug][gc,phases      ] GC(82) Scavenge 31.476ms
[2427.243s][debug][gc,ref         ] GC(82) Skipped phase 1 of Reference Processing: no references
[2427.243s][debug][gc,ref         ] GC(82) ReferenceProcessor::execute queues: 1, RefProcThreadModel::Single, marks_oops_alive: false
[2427.243s][debug][gc,ref         ] GC(82) Skipped phase 3 of Reference Processing: no references
[2427.243s][debug][gc,ref         ] GC(82) ReferenceProcessor::execute queues: 1, RefProcThreadModel::Single, marks_oops_alive: false
[2427.243s][debug][gc,phases      ] GC(82) Reference Processing 0.102ms
[2427.243s][debug][gc,phases      ] GC(82)   VM Weak                        Min:  0.0, Avg:  0.0, Max:  0.0, Diff:  0.0, Sum:  0.0, Workers: 4
[2427.243s][debug][gc,phases      ] GC(82)     Dead                           Min: 0, Avg:  0.0, Max: 0, Diff: 0, Sum: 0, Workers: 4
[2427.243s][debug][gc,phases      ] GC(82)     Total                          Min: 0, Avg: 240.8, Max: 771, Diff: 771, Sum: 963, Workers: 4
[2427.243s][debug][gc,phases      ] GC(82)   ObjectSynchronizer Weak        Min:  0.0, Avg:  0.0, Max:  0.0, Diff:  0.0, Sum:  0.0, Workers: 4
[2427.243s][debug][gc,phases      ] GC(82)     Dead                           Min: 0, Avg:  0.0, Max: 0, Diff: 0, Sum: 0, Workers: 4
[2427.243s][debug][gc,phases      ] GC(82)     Total                          Min: 0, Avg: 14.2, Max: 57, Diff: 57, Sum: 57, Workers: 4
[2427.243s][debug][gc,phases      ] GC(82)   JVMTI Tag Weak OopStorage      Min:  0.0, Avg:  0.0, Max:  0.0, Diff:  0.0, Sum:  0.0, Workers: 4
[2427.243s][debug][gc,phases      ] GC(82)     Dead                           Min: 0, Avg:  0.0, Max: 0, Diff: 0, Sum: 0, Workers: 4
[2427.243s][debug][gc,phases      ] GC(82)     Total                          Min: 0, Avg:  0.0, Max: 0, Diff: 0, Sum: 0, Workers: 4
[2427.243s][debug][gc,phases      ] GC(82)   StringTable Weak               Min:  0.0, Avg:  0.1, Max:  0.1, Diff:  0.1, Sum:  0.3, Workers: 4
[2427.243s][debug][gc,phases      ] GC(82)     Dead                           Min: 0, Avg:  0.0, Max: 0, Diff: 0, Sum: 0, Workers: 4
[2427.243s][debug][gc,phases      ] GC(82)     Total                          Min: 0, Avg: 11040.5, Max: 19394, Diff: 19394, Sum: 44162, Workers: 4
[2427.243s][debug][gc,phases      ] GC(82)   ResolvedMethodTable Weak       Min:  0.0, Avg:  0.0, Max:  0.0, Diff:  0.0, Sum:  0.1, Workers: 4
[2427.243s][debug][gc,phases      ] GC(82)     Dead                           Min: 0, Avg:  0.0, Max: 0, Diff: 0, Sum: 0, Workers: 4
[2427.243s][debug][gc,phases      ] GC(82)     Total                          Min: 0, Avg: 2497.2, Max: 4293, Diff: 4293, Sum: 9989, Workers: 4
[2427.243s][debug][gc,phases      ] GC(82)   JNI Weak                       Min:  0.0, Avg:  0.0, Max:  0.0, Diff:  0.0, Sum:  0.0, Workers: 4
[2427.243s][debug][gc,phases      ] GC(82)     Dead                           Min: 0, Avg:  0.0, Max: 0, Diff: 0, Sum: 0, Workers: 4
[2427.243s][debug][gc,phases      ] GC(82)     Total                          Min: 0, Avg: 11.2, Max: 45, Diff: 45, Sum: 45, Workers: 4
[2427.243s][debug][gc,phases      ] GC(82)   StringDedup Table Weak         Min:  0.0, Avg:  0.0, Max:  0.0, Diff:  0.0, Sum:  0.0, Workers: 4
[2427.243s][debug][gc,phases      ] GC(82)     Dead                           Min: 0, Avg:  0.0, Max: 0, Diff: 0, Sum: 0, Workers: 4
[2427.243s][debug][gc,phases      ] GC(82)     Total                          Min: 0, Avg:  0.0, Max: 0, Diff: 0, Sum: 0, Workers: 4
[2427.243s][debug][gc,phases      ] GC(82)   StringDedup Requests0 Weak     Min:  0.0, Avg:  0.0, Max:  0.0, Diff:  0.0, Sum:  0.0, Workers: 4
[2427.243s][debug][gc,phases      ] GC(82)     Dead                           Min: 0, Avg:  0.0, Max: 0, Diff: 0, Sum: 0, Workers: 4
[2427.243s][debug][gc,phases      ] GC(82)     Total                          Min: 0, Avg:  0.0, Max: 0, Diff: 0, Sum: 0, Workers: 4
[2427.243s][debug][gc,phases      ] GC(82)   StringDedup Requests1 Weak     Min:  0.0, Avg:  0.0, Max:  0.0, Diff:  0.0, Sum:  0.0, Workers: 4
[2427.243s][debug][gc,phases      ] GC(82)     Dead                           Min: 0, Avg:  0.0, Max: 0, Diff: 0, Sum: 0, Workers: 4
[2427.243s][debug][gc,phases      ] GC(82)     Total                          Min: 0, Avg:  0.0, Max: 0, Diff: 0, Sum: 0, Workers: 4
[2427.243s][debug][gc,phases      ] GC(82)   Weak JFR Old Object Samples    Min:  0.0, Avg:  0.0, Max:  0.0, Diff:  0.0, Sum:  0.0, Workers: 4
[2427.243s][debug][gc,phases      ] GC(82)     Dead                           Min: 0, Avg:  0.0, Max: 0, Diff: 0, Sum: 0, Workers: 4
[2427.243s][debug][gc,phases      ] GC(82)     Total                          Min: 0, Avg:  0.0, Max: 0, Diff: 0, Sum: 0, Workers: 4
[2427.243s][debug][gc,phases      ] GC(82) Weak Processing 0.300ms
[2427.243s][debug][gc,age         ] GC(82) Desired survivor size 211812352 bytes, new threshold 15 (max threshold 15)
[2427.243s][info ][gc,heap        ] GC(82) PSYoungGen: 1802609K(1872896K)->153249K(1890304K) Eden: 1654784K(1654784K)->0K(1678336K) From: 147825K(218112K)->153249K(211968K)
[2427.243s][info ][gc,heap        ] GC(82) ParOldGen: 476917K(559616K)->478221K(559616K)
[2427.243s][info ][gc,metaspace   ] GC(82) Metaspace: 84512K(85632K)->84512K(85632K) NonClass: 72557K(73152K)->72557K(73152K) Class: 11955K(12480K)->11955K(12480K)
[2427.243s][info ][gc             ] GC(82) Pause Young (Allocation Failure) 2226M->616M(2392M) 31.995ms
[2427.243s][info ][gc,cpu         ] GC(82) User=0.12s Sys=0.00s Real=0.03s
[2427.243s][info ][safepoint      ] Safepoint "ParallelGCFailedAllocation", Time since last: 1720349489 ns, Reaching safepoint: 23800 ns, At safepoint: 32064393 ns, Total: 32088193 ns
[2435.244s][info ][safepoint      ] Safepoint "Cleanup", Time since last: 8000563144 ns, Reaching safepoint: 73300 ns, At safepoint: 3000 ns, Total: 76300 ns
[2436.244s][info ][safepoint      ] Safepoint "Cleanup", Time since last: 1000131451 ns, Reaching safepoint: 62600 ns, At safepoint: 5500 ns, Total: 68100 ns
[2439.244s][info ][safepoint      ] Safepoint "Cleanup", Time since last: 3000255053 ns, Reaching safepoint: 45500 ns, At safepoint: 3000 ns, Total: 48500 ns
[2447.245s][info ][safepoint      ] Safepoint "Cleanup", Time since last: 8000588343 ns, Reaching safepoint: 48300 ns, At safepoint: 26700 ns, Total: 75000 ns
[2456.246s][info ][safepoint      ] Safepoint "Cleanup", Time since last: 9000737888 ns, Reaching safepoint: 40400 ns, At safepoint: 2400 ns, Total: 42800 ns
[2457.246s][info ][safepoint      ] Safepoint "Cleanup", Time since last: 1000104397 ns, Reaching safepoint: 46500 ns, At safepoint: 9000 ns, Total: 55500 ns
[2462.246s][info ][safepoint      ] Safepoint "Cleanup", Time since last: 5000378743 ns, Reaching safepoint: 58200 ns, At safepoint: 3700 ns, Total: 61900 ns
[2472.247s][info ][safepoint      ] Safepoint "Cleanup", Time since last: 10000743000 ns, Reaching safepoint: 42800 ns, At safepoint: 5100 ns, Total: 47900 ns
[2475.248s][info ][safepoint      ] Safepoint "Cleanup", Time since last: 3000239764 ns, Reaching safepoint: 52100 ns, At safepoint: 5000 ns, Total: 57100 ns
[2478.248s][info ][safepoint      ] Safepoint "Cleanup", Time since last: 3000262305 ns, Reaching safepoint: 51400 ns, At safepoint: 5700 ns, Total: 57100 ns
[2479.248s][info ][safepoint      ] Safepoint "Cleanup", Time since last: 1000104946 ns, Reaching safepoint: 31500 ns, At safepoint: 2600 ns, Total: 34100 ns
[2480.248s][info ][safepoint      ] Safepoint "Cleanup", Time since last: 1000104847 ns, Reaching safepoint: 40900 ns, At safepoint: 2900 ns, Total: 43800 ns
[2485.249s][info ][safepoint      ] Safepoint "Cleanup", Time since last: 5000821327 ns, Reaching safepoint: 46900 ns, At safepoint: 3500 ns, Total: 50400 ns
[2486.249s][info ][safepoint      ] Safepoint "Cleanup", Time since last: 1000106473 ns, Reaching safepoint: 50300 ns, At safepoint: 3100 ns, Total: 53400 ns
[2488.249s][info ][safepoint      ] Safepoint "Cleanup", Time since last: 2000210945 ns, Reaching safepoint: 49100 ns, At safepoint: 3300 ns, Total: 52400 ns
[2499.250s][info ][safepoint      ] Safepoint "Cleanup", Time since last: 11000918671 ns, Reaching safepoint: 46800 ns, At safepoint: 2800 ns, Total: 49600 ns
[2501.455s][info ][gc,start       ] GC(83) Pause Young (Allocation Failure)
[2501.481s][debug][gc,phases      ] GC(83) Scavenge 25.937ms
[2501.481s][debug][gc,ref         ] GC(83) Skipped phase 1 of Reference Processing: no references
[2501.481s][debug][gc,ref         ] GC(83) ReferenceProcessor::execute queues: 1, RefProcThreadModel::Single, marks_oops_alive: false
[2501.481s][debug][gc,ref         ] GC(83) Skipped phase 3 of Reference Processing: no references
[2501.481s][debug][gc,ref         ] GC(83) ReferenceProcessor::execute queues: 1, RefProcThreadModel::Single, marks_oops_alive: false
[2501.481s][debug][gc,phases      ] GC(83) Reference Processing 0.104ms
[2501.482s][debug][gc,phases      ] GC(83)   VM Weak                        Min:  0.0, Avg:  0.0, Max:  0.0, Diff:  0.0, Sum:  0.0, Workers: 4
[2501.482s][debug][gc,phases      ] GC(83)     Dead                           Min: 0, Avg:  0.0, Max: 0, Diff: 0, Sum: 0, Workers: 4
[2501.482s][debug][gc,phases      ] GC(83)     Total                          Min: 0, Avg: 240.8, Max: 960, Diff: 960, Sum: 963, Workers: 4
[2501.482s][debug][gc,phases      ] GC(83)   ObjectSynchronizer Weak        Min:  0.0, Avg:  0.0, Max:  0.0, Diff:  0.0, Sum:  0.0, Workers: 4
[2501.482s][debug][gc,phases      ] GC(83)     Dead                           Min: 0, Avg:  0.0, Max: 0, Diff: 0, Sum: 0, Workers: 4
[2501.482s][debug][gc,phases      ] GC(83)     Total                          Min: 0, Avg: 14.2, Max: 57, Diff: 57, Sum: 57, Workers: 4
[2501.482s][debug][gc,phases      ] GC(83)   JVMTI Tag Weak OopStorage      Min:  0.0, Avg:  0.0, Max:  0.0, Diff:  0.0, Sum:  0.0, Workers: 4
[2501.482s][debug][gc,phases      ] GC(83)     Dead                           Min: 0, Avg:  0.0, Max: 0, Diff: 0, Sum: 0, Workers: 4
[2501.482s][debug][gc,phases      ] GC(83)     Total                          Min: 0, Avg:  0.0, Max: 0, Diff: 0, Sum: 0, Workers: 4
[2501.482s][debug][gc,phases      ] GC(83)   StringTable Weak               Min:  0.0, Avg:  0.1, Max:  0.1, Diff:  0.1, Sum:  0.4, Workers: 4
[2501.482s][debug][gc,phases      ] GC(83)     Dead                           Min: 0, Avg:  0.0, Max: 0, Diff: 0, Sum: 0, Workers: 4
[2501.482s][debug][gc,phases      ] GC(83)     Total                          Min: 0, Avg: 11040.5, Max: 17728, Diff: 17728, Sum: 44162, Workers: 4
[2501.482s][debug][gc,phases      ] GC(83)   ResolvedMethodTable Weak       Min:  0.0, Avg:  0.0, Max:  0.0, Diff:  0.0, Sum:  0.1, Workers: 4
[2501.482s][debug][gc,phases      ] GC(83)     Dead                           Min: 0, Avg:  0.0, Max: 0, Diff: 0, Sum: 0, Workers: 4
[2501.482s][debug][gc,phases      ] GC(83)     Total                          Min: 0, Avg: 2497.2, Max: 3397, Diff: 3397, Sum: 9989, Workers: 4
[2501.482s][debug][gc,phases      ] GC(83)   JNI Weak                       Min:  0.0, Avg:  0.0, Max:  0.0, Diff:  0.0, Sum:  0.0, Workers: 4
[2501.482s][debug][gc,phases      ] GC(83)     Dead                           Min: 0, Avg:  0.0, Max: 0, Diff: 0, Sum: 0, Workers: 4
[2501.482s][debug][gc,phases      ] GC(83)     Total                          Min: 0, Avg: 11.2, Max: 45, Diff: 45, Sum: 45, Workers: 4
[2501.482s][debug][gc,phases      ] GC(83)   StringDedup Table Weak         Min:  0.0, Avg:  0.0, Max:  0.0, Diff:  0.0, Sum:  0.0, Workers: 4
[2501.482s][debug][gc,phases      ] GC(83)     Dead                           Min: 0, Avg:  0.0, Max: 0, Diff: 0, Sum: 0, Workers: 4
[2501.482s][debug][gc,phases      ] GC(83)     Total                          Min: 0, Avg:  0.0, Max: 0, Diff: 0, Sum: 0, Workers: 4
[2501.482s][debug][gc,phases      ] GC(83)   StringDedup Requests0 Weak     Min:  0.0, Avg:  0.0, Max:  0.0, Diff:  0.0, Sum:  0.0, Workers: 4
[2501.482s][debug][gc,phases      ] GC(83)     Dead                           Min: 0, Avg:  0.0, Max: 0, Diff: 0, Sum: 0, Workers: 4
[2501.482s][debug][gc,phases      ] GC(83)     Total                          Min: 0, Avg:  0.0, Max: 0, Diff: 0, Sum: 0, Workers: 4
[2501.482s][debug][gc,phases      ] GC(83)   StringDedup Requests1 Weak     Min:  0.0, Avg:  0.0, Max:  0.0, Diff:  0.0, Sum:  0.0, Workers: 4
[2501.482s][debug][gc,phases      ] GC(83)     Dead                           Min: 0, Avg:  0.0, Max: 0, Diff: 0, Sum: 0, Workers: 4
[2501.482s][debug][gc,phases      ] GC(83)     Total                          Min: 0, Avg:  0.0, Max: 0, Diff: 0, Sum: 0, Workers: 4
[2501.482s][debug][gc,phases      ] GC(83)   Weak JFR Old Object Samples    Min:  0.0, Avg:  0.0, Max:  0.0, Diff:  0.0, Sum:  0.0, Workers: 4
[2501.482s][debug][gc,phases      ] GC(83)     Dead                           Min: 0, Avg:  0.0, Max: 0, Diff: 0, Sum: 0, Workers: 4
[2501.482s][debug][gc,phases      ] GC(83)     Total                          Min: 0, Avg:  0.0, Max: 0, Diff: 0, Sum: 0, Workers: 4
[2501.482s][debug][gc,phases      ] GC(83) Weak Processing 0.341ms
[2501.482s][debug][gc,age         ] GC(83) Desired survivor size 207618048 bytes, new threshold 15 (max threshold 15)
[2501.482s][info ][gc,heap        ] GC(83) PSYoungGen: 1831585K(1890304K)->140769K(1885184K) Eden: 1678336K(1678336K)->0K(1678336K) From: 153249K(211968K)->140769K(206848K)
[2501.482s][info ][gc,heap        ] GC(83) ParOldGen: 478221K(559616K)->478341K(559616K)
[2501.482s][info ][gc,metaspace   ] GC(83) Metaspace: 84534K(85632K)->84534K(85632K) NonClass: 72578K(73152K)->72578K(73152K) Class: 11955K(12480K)->11955K(12480K)
[2501.482s][info ][gc             ] GC(83) Pause Young (Allocation Failure) 2255M->604M(2387M) 26.511ms
[2501.482s][info ][gc,cpu         ] GC(83) User=0.10s Sys=0.00s Real=0.03s
[2501.482s][info ][safepoint      ] Safepoint "ParallelGCFailedAllocation", Time since last: 2204885423 ns, Reaching safepoint: 47800 ns, At safepoint: 26578039 ns, Total: 26625839 ns
[2547.485s][info ][safepoint      ] Safepoint "Cleanup", Time since last: 46003235115 ns, Reaching safepoint: 46100 ns, At safepoint: 3600 ns, Total: 49700 ns
[2549.486s][info ][safepoint      ] Safepoint "Cleanup", Time since last: 2000213958 ns, Reaching safepoint: 101100 ns, At safepoint: 12400 ns, Total: 113500 ns
[2556.486s][info ][safepoint      ] Safepoint "Cleanup", Time since last: 7000624982 ns, Reaching safepoint: 33000 ns, At safepoint: 3000 ns, Total: 36000 ns
[2557.486s][info ][safepoint      ] Safepoint "Cleanup", Time since last: 1000076692 ns, Reaching safepoint: 43400 ns, At safepoint: 3900 ns, Total: 47300 ns
[2559.487s][info ][safepoint      ] Safepoint "Cleanup", Time since last: 2000180082 ns, Reaching safepoint: 45800 ns, At safepoint: 3700 ns, Total: 49500 ns
[2562.487s][info ][safepoint      ] Safepoint "Cleanup", Time since last: 3000244976 ns, Reaching safepoint: 43100 ns, At safepoint: 2400 ns, Total: 45500 ns
[2563.487s][info ][safepoint      ] Safepoint "Cleanup", Time since last: 1000093596 ns, Reaching safepoint: 112600 ns, At safepoint: 4300 ns, Total: 116900 ns
[2570.488s][info ][safepoint      ] Safepoint "Cleanup", Time since last: 7000456739 ns, Reaching safepoint: 52900 ns, At safepoint: 3000 ns, Total: 55900 ns
[2571.488s][info ][safepoint      ] Safepoint "Cleanup", Time since last: 1000134250 ns, Reaching safepoint: 47400 ns, At safepoint: 4500 ns, Total: 51900 ns
[2573.488s][info ][safepoint      ] Safepoint "Cleanup", Time since last: 2000187001 ns, Reaching safepoint: 42600 ns, At safepoint: 3100 ns, Total: 45700 ns
[2575.460s][info ][safepoint      ] Safepoint "Cleanup", Time since last: 1972047479 ns, Reaching safepoint: 70100 ns, At safepoint: 3000 ns, Total: 73100 ns
[2576.109s][info ][gc,start       ] GC(84) Pause Young (Allocation Failure)
[2576.136s][debug][gc,phases      ] GC(84) Scavenge 27.521ms
[2576.136s][debug][gc,ref         ] GC(84) Skipped phase 1 of Reference Processing: no references
[2576.136s][debug][gc,ref         ] GC(84) ReferenceProcessor::execute queues: 1, RefProcThreadModel::Single, marks_oops_alive: false
[2576.136s][debug][gc,ref         ] GC(84) Skipped phase 3 of Reference Processing: no references
[2576.136s][debug][gc,ref         ] GC(84) ReferenceProcessor::execute queues: 1, RefProcThreadModel::Single, marks_oops_alive: false
[2576.136s][debug][gc,phases      ] GC(84) Reference Processing 0.099ms
[2576.137s][debug][gc,phases      ] GC(84)   VM Weak                        Min:  0.0, Avg:  0.0, Max:  0.0, Diff:  0.0, Sum:  0.0, Workers: 4
[2576.137s][debug][gc,phases      ] GC(84)     Dead                           Min: 0, Avg:  0.0, Max: 0, Diff: 0, Sum: 0, Workers: 4
[2576.137s][debug][gc,phases      ] GC(84)     Total                          Min: 0, Avg: 240.8, Max: 960, Diff: 960, Sum: 963, Workers: 4
[2576.137s][debug][gc,phases      ] GC(84)   ObjectSynchronizer Weak        Min:  0.0, Avg:  0.0, Max:  0.0, Diff:  0.0, Sum:  0.0, Workers: 4
[2576.137s][debug][gc,phases      ] GC(84)     Dead                           Min: 0, Avg:  0.0, Max: 0, Diff: 0, Sum: 0, Workers: 4
[2576.137s][debug][gc,phases      ] GC(84)     Total                          Min: 0, Avg: 14.2, Max: 57, Diff: 57, Sum: 57, Workers: 4
[2576.137s][debug][gc,phases      ] GC(84)   JVMTI Tag Weak OopStorage      Min:  0.0, Avg:  0.0, Max:  0.0, Diff:  0.0, Sum:  0.0, Workers: 4
[2576.137s][debug][gc,phases      ] GC(84)     Dead                           Min: 0, Avg:  0.0, Max: 0, Diff: 0, Sum: 0, Workers: 4
[2576.137s][debug][gc,phases      ] GC(84)     Total                          Min: 0, Avg:  0.0, Max: 0, Diff: 0, Sum: 0, Workers: 4
[2576.137s][debug][gc,phases      ] GC(84)   StringTable Weak               Min:  0.0, Avg:  0.1, Max:  0.1, Diff:  0.1, Sum:  0.3, Workers: 4
[2576.137s][debug][gc,phases      ] GC(84)     Dead                           Min: 0, Avg:  0.2, Max: 1, Diff: 1, Sum: 1, Workers: 4
[2576.137s][debug][gc,phases      ] GC(84)     Total                          Min: 0, Avg: 11042.8, Max: 19212, Diff: 19212, Sum: 44171, Workers: 4
[2576.137s][debug][gc,phases      ] GC(84)   ResolvedMethodTable Weak       Min:  0.0, Avg:  0.0, Max:  0.0, Diff:  0.0, Sum:  0.1, Workers: 4
[2576.137s][debug][gc,phases      ] GC(84)     Dead                           Min: 0, Avg:  0.0, Max: 0, Diff: 0, Sum: 0, Workers: 4
[2576.137s][debug][gc,phases      ] GC(84)     Total                          Min: 0, Avg: 2498.5, Max: 4298, Diff: 4298, Sum: 9994, Workers: 4
[2576.137s][debug][gc,phases      ] GC(84)   JNI Weak                       Min:  0.0, Avg:  0.0, Max:  0.0, Diff:  0.0, Sum:  0.0, Workers: 4
[2576.137s][debug][gc,phases      ] GC(84)     Dead                           Min: 0, Avg:  0.0, Max: 0, Diff: 0, Sum: 0, Workers: 4
[2576.137s][debug][gc,phases      ] GC(84)     Total                          Min: 0, Avg: 11.2, Max: 45, Diff: 45, Sum: 45, Workers: 4
[2576.137s][debug][gc,phases      ] GC(84)   StringDedup Table Weak         Min:  0.0, Avg:  0.0, Max:  0.0, Diff:  0.0, Sum:  0.0, Workers: 4
[2576.137s][debug][gc,phases      ] GC(84)     Dead                           Min: 0, Avg:  0.0, Max: 0, Diff: 0, Sum: 0, Workers: 4
[2576.137s][debug][gc,phases      ] GC(84)     Total                          Min: 0, Avg:  0.0, Max: 0, Diff: 0, Sum: 0, Workers: 4
[2576.137s][debug][gc,phases      ] GC(84)   StringDedup Requests0 Weak     Min:  0.0, Avg:  0.0, Max:  0.0, Diff:  0.0, Sum:  0.0, Workers: 4
[2576.137s][debug][gc,phases      ] GC(84)     Dead                           Min: 0, Avg:  0.0, Max: 0, Diff: 0, Sum: 0, Workers: 4
[2576.137s][debug][gc,phases      ] GC(84)     Total                          Min: 0, Avg:  0.0, Max: 0, Diff: 0, Sum: 0, Workers: 4
[2576.137s][debug][gc,phases      ] GC(84)   StringDedup Requests1 Weak     Min:  0.0, Avg:  0.0, Max:  0.0, Diff:  0.0, Sum:  0.0, Workers: 4
[2576.137s][debug][gc,phases      ] GC(84)     Dead                           Min: 0, Avg:  0.0, Max: 0, Diff: 0, Sum: 0, Workers: 4
[2576.137s][debug][gc,phases      ] GC(84)     Total                          Min: 0, Avg:  0.0, Max: 0, Diff: 0, Sum: 0, Workers: 4
[2576.137s][debug][gc,phases      ] GC(84)   Weak JFR Old Object Samples    Min:  0.0, Avg:  0.0, Max:  0.0, Diff:  0.0, Sum:  0.0, Workers: 4
[2576.137s][debug][gc,phases      ] GC(84)     Dead                           Min: 0, Avg:  0.0, Max: 0, Diff: 0, Sum: 0, Workers: 4
[2576.137s][debug][gc,phases      ] GC(84)     Total                          Min: 0, Avg:  0.0, Max: 0, Diff: 0, Sum: 0, Workers: 4
[2576.137s][debug][gc,phases      ] GC(84) Weak Processing 0.294ms
[2576.137s][debug][gc,age         ] GC(84) Desired survivor size 205520896 bytes, new threshold 15 (max threshold 15)
[2576.137s][info ][gc,heap        ] GC(84) PSYoungGen: 1819105K(1885184K)->130849K(1896448K) Eden: 1678336K(1678336K)->0K(1693696K) From: 140769K(206848K)->130849K(202752K)
[2576.137s][info ][gc,heap        ] GC(84) ParOldGen: 478341K(559616K)->482025K(559616K)
[2576.137s][info ][gc,metaspace   ] GC(84) Metaspace: 84570K(85696K)->84570K(85696K) NonClass: 72612K(73216K)->72612K(73216K) Class: 11958K(12480K)->11958K(12480K)
[2576.137s][info ][gc             ] GC(84) Pause Young (Allocation Failure) 2243M->598M(2398M) 28.034ms
[2576.137s][info ][gc,cpu         ] GC(84) User=0.11s Sys=0.00s Real=0.03s
[2576.137s][info ][safepoint      ] Safepoint "ParallelGCFailedAllocation", Time since last: 648518287 ns, Reaching safepoint: 38700 ns, At safepoint: 28099421 ns, Total: 28138121 ns
[2577.137s][info ][safepoint      ] Safepoint "Cleanup", Time since last: 1000075650 ns, Reaching safepoint: 41800 ns, At safepoint: 2500 ns, Total: 44300 ns
[2578.137s][info ][safepoint      ] Safepoint "Cleanup", Time since last: 1000110317 ns, Reaching safepoint: 39300 ns, At safepoint: 3700 ns, Total: 43000 ns
[2579.137s][info ][safepoint      ] Safepoint "Cleanup", Time since last: 1000110267 ns, Reaching safepoint: 30500 ns, At safepoint: 3200 ns, Total: 33700 ns
[2582.137s][info ][safepoint      ] Safepoint "Cleanup", Time since last: 3000238801 ns, Reaching safepoint: 44000 ns, At safepoint: 6100 ns, Total: 50100 ns
[2591.138s][info ][safepoint      ] Safepoint "Cleanup", Time since last: 9000599917 ns, Reaching safepoint: 34000 ns, At safepoint: 3400 ns, Total: 37400 ns
[2596.138s][info ][safepoint      ] Safepoint "Cleanup", Time since last: 5000356732 ns, Reaching safepoint: 34200 ns, At safepoint: 3500 ns, Total: 37700 ns
[2598.139s][info ][safepoint      ] Safepoint "Cleanup", Time since last: 2000172699 ns, Reaching safepoint: 38500 ns, At safepoint: 20000 ns, Total: 58500 ns
[2603.139s][info ][safepoint      ] Safepoint "Cleanup", Time since last: 5000352354 ns, Reaching safepoint: 41100 ns, At safepoint: 2700 ns, Total: 43800 ns
[2606.139s][info ][safepoint      ] Safepoint "Cleanup", Time since last: 3000232387 ns, Reaching safepoint: 54300 ns, At safepoint: 4800 ns, Total: 59100 ns
[2607.140s][info ][safepoint      ] Safepoint "Cleanup", Time since last: 1000109329 ns, Reaching safepoint: 36500 ns, At safepoint: 3200 ns, Total: 39700 ns
[2611.140s][info ][safepoint      ] Safepoint "Cleanup", Time since last: 4000304930 ns, Reaching safepoint: 38500 ns, At safepoint: 4000 ns, Total: 42500 ns
[2621.141s][info ][safepoint      ] Safepoint "Cleanup", Time since last: 10000715599 ns, Reaching safepoint: 38400 ns, At safepoint: 3000 ns, Total: 41400 ns
[2623.141s][info ][safepoint      ] Safepoint "Cleanup", Time since last: 2000185129 ns, Reaching safepoint: 47100 ns, At safepoint: 5700 ns, Total: 52800 ns
[2627.141s][info ][safepoint      ] Safepoint "Cleanup", Time since last: 4000326239 ns, Reaching safepoint: 57300 ns, At safepoint: 6300 ns, Total: 63600 ns
[2636.208s][info ][gc,start       ] GC(85) Pause Young (Allocation Failure)
[2636.238s][debug][gc,phases      ] GC(85) Scavenge 29.213ms
[2636.238s][debug][gc,ref         ] GC(85) Skipped phase 1 of Reference Processing: no references
[2636.238s][debug][gc,ref         ] GC(85) ReferenceProcessor::execute queues: 1, RefProcThreadModel::Single, marks_oops_alive: false
[2636.238s][debug][gc,ref         ] GC(85) Skipped phase 3 of Reference Processing: no references
[2636.238s][debug][gc,ref         ] GC(85) ReferenceProcessor::execute queues: 1, RefProcThreadModel::Single, marks_oops_alive: false
[2636.238s][debug][gc,phases      ] GC(85) Reference Processing 0.114ms
[2636.238s][debug][gc,phases      ] GC(85)   VM Weak                        Min:  0.0, Avg:  0.0, Max:  0.0, Diff:  0.0, Sum:  0.0, Workers: 4
[2636.238s][debug][gc,phases      ] GC(85)     Dead                           Min: 0, Avg:  0.0, Max: 0, Diff: 0, Sum: 0, Workers: 4
[2636.238s][debug][gc,phases      ] GC(85)     Total                          Min: 0, Avg: 240.8, Max: 515, Diff: 515, Sum: 963, Workers: 4
[2636.238s][debug][gc,phases      ] GC(85)   ObjectSynchronizer Weak        Min:  0.0, Avg:  0.0, Max:  0.0, Diff:  0.0, Sum:  0.0, Workers: 4
[2636.238s][debug][gc,phases      ] GC(85)     Dead                           Min: 0, Avg:  0.0, Max: 0, Diff: 0, Sum: 0, Workers: 4
[2636.238s][debug][gc,phases      ] GC(85)     Total                          Min: 0, Avg: 14.2, Max: 57, Diff: 57, Sum: 57, Workers: 4
[2636.238s][debug][gc,phases      ] GC(85)   JVMTI Tag Weak OopStorage      Min:  0.0, Avg:  0.0, Max:  0.0, Diff:  0.0, Sum:  0.0, Workers: 4
[2636.238s][debug][gc,phases      ] GC(85)     Dead                           Min: 0, Avg:  0.0, Max: 0, Diff: 0, Sum: 0, Workers: 4
[2636.238s][debug][gc,phases      ] GC(85)     Total                          Min: 0, Avg:  0.0, Max: 0, Diff: 0, Sum: 0, Workers: 4
[2636.238s][debug][gc,phases      ] GC(85)   StringTable Weak               Min:  0.0, Avg:  0.1, Max:  0.1, Diff:  0.1, Sum:  0.3, Workers: 4
[2636.238s][debug][gc,phases      ] GC(85)     Dead                           Min: 0, Avg:  0.0, Max: 0, Diff: 0, Sum: 0, Workers: 4
[2636.238s][debug][gc,phases      ] GC(85)     Total                          Min: 0, Avg: 11042.8, Max: 19212, Diff: 19212, Sum: 44171, Workers: 4
[2636.238s][debug][gc,phases      ] GC(85)   ResolvedMethodTable Weak       Min:  0.0, Avg:  0.0, Max:  0.0, Diff:  0.0, Sum:  0.1, Workers: 4
[2636.238s][debug][gc,phases      ] GC(85)     Dead                           Min: 0, Avg:  0.0, Max: 0, Diff: 0, Sum: 0, Workers: 4
[2636.238s][debug][gc,phases      ] GC(85)     Total                          Min: 0, Avg: 2498.5, Max: 4106, Diff: 4106, Sum: 9994, Workers: 4
[2636.238s][debug][gc,phases      ] GC(85)   JNI Weak                       Min:  0.0, Avg:  0.0, Max:  0.0, Diff:  0.0, Sum:  0.0, Workers: 4
[2636.238s][debug][gc,phases      ] GC(85)     Dead                           Min: 0, Avg:  0.0, Max: 0, Diff: 0, Sum: 0, Workers: 4
[2636.238s][debug][gc,phases      ] GC(85)     Total                          Min: 0, Avg: 11.2, Max: 45, Diff: 45, Sum: 45, Workers: 4
[2636.238s][debug][gc,phases      ] GC(85)   StringDedup Table Weak         Min:  0.0, Avg:  0.0, Max:  0.0, Diff:  0.0, Sum:  0.0, Workers: 4
[2636.238s][debug][gc,phases      ] GC(85)     Dead                           Min: 0, Avg:  0.0, Max: 0, Diff: 0, Sum: 0, Workers: 4
[2636.238s][debug][gc,phases      ] GC(85)     Total                          Min: 0, Avg:  0.0, Max: 0, Diff: 0, Sum: 0, Workers: 4
[2636.238s][debug][gc,phases      ] GC(85)   StringDedup Requests0 Weak     Min:  0.0, Avg:  0.0, Max:  0.0, Diff:  0.0, Sum:  0.0, Workers: 4
[2636.238s][debug][gc,phases      ] GC(85)     Dead                           Min: 0, Avg:  0.0, Max: 0, Diff: 0, Sum: 0, Workers: 4
[2636.238s][debug][gc,phases      ] GC(85)     Total                          Min: 0, Avg:  0.0, Max: 0, Diff: 0, Sum: 0, Workers: 4
[2636.238s][debug][gc,phases      ] GC(85)   StringDedup Requests1 Weak     Min:  0.0, Avg:  0.0, Max:  0.0, Diff:  0.0, Sum:  0.0, Workers: 4
[2636.238s][debug][gc,phases      ] GC(85)     Dead                           Min: 0, Avg:  0.0, Max: 0, Diff: 0, Sum: 0, Workers: 4
[2636.238s][debug][gc,phases      ] GC(85)     Total                          Min: 0, Avg:  0.0, Max: 0, Diff: 0, Sum: 0, Workers: 4
[2636.238s][debug][gc,phases      ] GC(85)   Weak JFR Old Object Samples    Min:  0.0, Avg:  0.0, Max:  0.0, Diff:  0.0, Sum:  0.0, Workers: 4
[2636.238s][debug][gc,phases      ] GC(85)     Dead                           Min: 0, Avg:  0.0, Max: 0, Diff: 0, Sum: 0, Workers: 4
[2636.238s][debug][gc,phases      ] GC(85)     Total                          Min: 0, Avg:  0.0, Max: 0, Diff: 0, Sum: 0, Workers: 4
[2636.238s][debug][gc,phases      ] GC(85) Weak Processing 0.294ms
[2636.238s][debug][gc,age         ] GC(85) Desired survivor size 200278016 bytes, new threshold 15 (max threshold 15)
[2636.238s][info ][gc,heap        ] GC(85) PSYoungGen: 1824545K(1896448K)->147638K(1894400K) Eden: 1693696K(1693696K)->0K(1693696K) From: 130849K(202752K)->147638K(200704K)
[2636.238s][info ][gc,heap        ] GC(85) ParOldGen: 482025K(559616K)->483625K(559616K)
[2636.238s][info ][gc,metaspace   ] GC(85) Metaspace: 84581K(85696K)->84581K(85696K) NonClass: 72622K(73216K)->72622K(73216K) Class: 11958K(12480K)->11958K(12480K)
[2636.238s][info ][gc             ] GC(85) Pause Young (Allocation Failure) 2252M->616M(2396M) 29.737ms
[2636.238s][info ][gc,cpu         ] GC(85) User=0.11s Sys=0.00s Real=0.04s
[2636.238s][info ][safepoint      ] Safepoint "ParallelGCFailedAllocation", Time since last: 9067022779 ns, Reaching safepoint: 36600 ns, At safepoint: 29802855 ns, Total: 29839455 ns
[2651.239s][info ][safepoint      ] Safepoint "Cleanup", Time since last: 15001030708 ns, Reaching safepoint: 40400 ns, At safepoint: 3700 ns, Total: 44100 ns
[2654.240s][info ][safepoint      ] Safepoint "Cleanup", Time since last: 3000244741 ns, Reaching safepoint: 65200 ns, At safepoint: 25400 ns, Total: 90600 ns
[2656.240s][info ][safepoint      ] Safepoint "Cleanup", Time since last: 2000161278 ns, Reaching safepoint: 43800 ns, At safepoint: 3000 ns, Total: 46800 ns
[2663.240s][info ][safepoint      ] Safepoint "Cleanup", Time since last: 7000530186 ns, Reaching safepoint: 43300 ns, At safepoint: 2900 ns, Total: 46200 ns
[2667.241s][info ][safepoint      ] Safepoint "Cleanup", Time since last: 4000301033 ns, Reaching safepoint: 38600 ns, At safepoint: 4300 ns, Total: 42900 ns
[2671.241s][info ][safepoint      ] Safepoint "Cleanup", Time since last: 4000320930 ns, Reaching safepoint: 32700 ns, At safepoint: 3700 ns, Total: 36400 ns
[2674.241s][info ][safepoint      ] Safepoint "Cleanup", Time since last: 3000213747 ns, Reaching safepoint: 43000 ns, At safepoint: 20600 ns, Total: 63600 ns
[2684.242s][info ][safepoint      ] Safepoint "Cleanup", Time since last: 10000773041 ns, Reaching safepoint: 47000 ns, At safepoint: 27100 ns, Total: 74100 ns
[2691.243s][info ][safepoint      ] Safepoint "Cleanup", Time since last: 7000540524 ns, Reaching safepoint: 43100 ns, At safepoint: 2500 ns, Total: 45600 ns
[2692.243s][info ][safepoint      ] Safepoint "Cleanup", Time since last: 1000119889 ns, Reaching safepoint: 46200 ns, At safepoint: 2600 ns, Total: 48800 ns
[2695.243s][info ][safepoint      ] Safepoint "Cleanup", Time since last: 3000249666 ns, Reaching safepoint: 38400 ns, At safepoint: 2900 ns, Total: 41300 ns
[2696.488s][info ][gc,start       ] GC(86) Pause Young (Allocation Failure)
[2696.516s][debug][gc,phases      ] GC(86) Scavenge 27.933ms
[2696.516s][debug][gc,ref         ] GC(86) Skipped phase 1 of Reference Processing: no references
[2696.516s][debug][gc,ref         ] GC(86) ReferenceProcessor::execute queues: 1, RefProcThreadModel::Single, marks_oops_alive: false
[2696.516s][debug][gc,ref         ] GC(86) Skipped phase 3 of Reference Processing: no references
[2696.516s][debug][gc,ref         ] GC(86) ReferenceProcessor::execute queues: 1, RefProcThreadModel::Single, marks_oops_alive: false
[2696.516s][debug][gc,phases      ] GC(86) Reference Processing 0.106ms
[2696.516s][debug][gc,phases      ] GC(86)   VM Weak                        Min:  0.0, Avg:  0.0, Max:  0.0, Diff:  0.0, Sum:  0.0, Workers: 4
[2696.516s][debug][gc,phases      ] GC(86)     Dead                           Min: 0, Avg:  0.0, Max: 0, Diff: 0, Sum: 0, Workers: 4
[2696.516s][debug][gc,phases      ] GC(86)     Total                          Min: 0, Avg: 240.8, Max: 512, Diff: 512, Sum: 963, Workers: 4
[2696.516s][debug][gc,phases      ] GC(86)   ObjectSynchronizer Weak        Min:  0.0, Avg:  0.0, Max:  0.0, Diff:  0.0, Sum:  0.0, Workers: 4
[2696.516s][debug][gc,phases      ] GC(86)     Dead                           Min: 0, Avg:  0.0, Max: 0, Diff: 0, Sum: 0, Workers: 4
[2696.516s][debug][gc,phases      ] GC(86)     Total                          Min: 0, Avg: 14.2, Max: 57, Diff: 57, Sum: 57, Workers: 4
[2696.516s][debug][gc,phases      ] GC(86)   JVMTI Tag Weak OopStorage      Min:  0.0, Avg:  0.0, Max:  0.0, Diff:  0.0, Sum:  0.0, Workers: 4
[2696.516s][debug][gc,phases      ] GC(86)     Dead                           Min: 0, Avg:  0.0, Max: 0, Diff: 0, Sum: 0, Workers: 4
[2696.516s][debug][gc,phases      ] GC(86)     Total                          Min: 0, Avg:  0.0, Max: 0, Diff: 0, Sum: 0, Workers: 4
[2696.516s][debug][gc,phases      ] GC(86)   StringTable Weak               Min:  0.0, Avg:  0.1, Max:  0.1, Diff:  0.1, Sum:  0.3, Workers: 4
[2696.516s][debug][gc,phases      ] GC(86)     Dead                           Min: 0, Avg:  0.0, Max: 0, Diff: 0, Sum: 0, Workers: 4
[2696.516s][debug][gc,phases      ] GC(86)     Total                          Min: 0, Avg: 11042.8, Max: 18943, Diff: 18943, Sum: 44171, Workers: 4
[2696.516s][debug][gc,phases      ] GC(86)   ResolvedMethodTable Weak       Min:  0.0, Avg:  0.0, Max:  0.0, Diff:  0.0, Sum:  0.1, Workers: 4
[2696.516s][debug][gc,phases      ] GC(86)     Dead                           Min: 0, Avg:  0.0, Max: 0, Diff: 0, Sum: 0, Workers: 4
[2696.516s][debug][gc,phases      ] GC(86)     Total                          Min: 0, Avg: 2498.5, Max: 4234, Diff: 4234, Sum: 9994, Workers: 4
[2696.516s][debug][gc,phases      ] GC(86)   JNI Weak                       Min:  0.0, Avg:  0.0, Max:  0.0, Diff:  0.0, Sum:  0.0, Workers: 4
[2696.516s][debug][gc,phases      ] GC(86)     Dead                           Min: 0, Avg:  0.0, Max: 0, Diff: 0, Sum: 0, Workers: 4
[2696.516s][debug][gc,phases      ] GC(86)     Total                          Min: 0, Avg: 11.2, Max: 45, Diff: 45, Sum: 45, Workers: 4
[2696.516s][debug][gc,phases      ] GC(86)   StringDedup Table Weak         Min:  0.0, Avg:  0.0, Max:  0.0, Diff:  0.0, Sum:  0.0, Workers: 4
[2696.516s][debug][gc,phases      ] GC(86)     Dead                           Min: 0, Avg:  0.0, Max: 0, Diff: 0, Sum: 0, Workers: 4
[2696.516s][debug][gc,phases      ] GC(86)     Total                          Min: 0, Avg:  0.0, Max: 0, Diff: 0, Sum: 0, Workers: 4
[2696.516s][debug][gc,phases      ] GC(86)   StringDedup Requests0 Weak     Min:  0.0, Avg:  0.0, Max:  0.0, Diff:  0.0, Sum:  0.0, Workers: 4
[2696.516s][debug][gc,phases      ] GC(86)     Dead                           Min: 0, Avg:  0.0, Max: 0, Diff: 0, Sum: 0, Workers: 4
[2696.516s][debug][gc,phases      ] GC(86)     Total                          Min: 0, Avg:  0.0, Max: 0, Diff: 0, Sum: 0, Workers: 4
[2696.516s][debug][gc,phases      ] GC(86)   StringDedup Requests1 Weak     Min:  0.0, Avg:  0.0, Max:  0.0, Diff:  0.0, Sum:  0.0, Workers: 4
[2696.516s][debug][gc,phases      ] GC(86)     Dead                           Min: 0, Avg:  0.0, Max: 0, Diff: 0, Sum: 0, Workers: 4
[2696.516s][debug][gc,phases      ] GC(86)     Total                          Min: 0, Avg:  0.0, Max: 0, Diff: 0, Sum: 0, Workers: 4
[2696.516s][debug][gc,phases      ] GC(86)   Weak JFR Old Object Samples    Min:  0.0, Avg:  0.0, Max:  0.0, Diff:  0.0, Sum:  0.0, Workers: 4
[2696.516s][debug][gc,phases      ] GC(86)     Dead                           Min: 0, Avg:  0.0, Max: 0, Diff: 0, Sum: 0, Workers: 4
[2696.516s][debug][gc,phases      ] GC(86)     Total                          Min: 0, Avg:  0.0, Max: 0, Diff: 0, Sum: 0, Workers: 4
[2696.516s][debug][gc,phases      ] GC(86) Weak Processing 0.293ms
[2696.516s][debug][gc,age         ] GC(86) Desired survivor size 198180864 bytes, new threshold 15 (max threshold 15)
[2696.516s][info ][gc,heap        ] GC(86) PSYoungGen: 1841334K(1894400K)->132223K(1903616K) Eden: 1693696K(1693696K)->0K(1708032K) From: 147638K(200704K)->132223K(195584K)
[2696.516s][info ][gc,heap        ] GC(86) ParOldGen: 483625K(559616K)->485653K(559616K)
[2696.516s][info ][gc,metaspace   ] GC(86) Metaspace: 84588K(85696K)->84588K(85696K) NonClass: 72630K(73216K)->72630K(73216K) Class: 11958K(12480K)->11958K(12480K)
[2696.516s][info ][gc             ] GC(86) Pause Young (Allocation Failure) 2270M->603M(2405M) 28.451ms
[2696.516s][info ][gc,cpu         ] GC(86) User=0.11s Sys=0.00s Real=0.03s
[2696.516s][info ][safepoint      ] Safepoint "ParallelGCFailedAllocation", Time since last: 1244355303 ns, Reaching safepoint: 98900 ns, At safepoint: 28518337 ns, Total: 28617237 ns
[2699.516s][info ][safepoint      ] Safepoint "Cleanup", Time since last: 3000200344 ns, Reaching safepoint: 40900 ns, At safepoint: 4300 ns, Total: 45200 ns
[2703.517s][info ][safepoint      ] Safepoint "Cleanup", Time since last: 4000318564 ns, Reaching safepoint: 35100 ns, At safepoint: 2700 ns, Total: 37800 ns
[2709.517s][info ][safepoint      ] Safepoint "Cleanup", Time since last: 6000437177 ns, Reaching safepoint: 50401 ns, At safepoint: 3900 ns, Total: 54301 ns
[2723.518s][info ][safepoint      ] Safepoint "Cleanup", Time since last: 14001026116 ns, Reaching safepoint: 45900 ns, At safepoint: 2900 ns, Total: 48800 ns
[2725.519s][info ][safepoint      ] Safepoint "Cleanup", Time since last: 2000174952 ns, Reaching safepoint: 40801 ns, At safepoint: 25000 ns, Total: 65801 ns
[2730.519s][info ][safepoint      ] Safepoint "Cleanup", Time since last: 5000433835 ns, Reaching safepoint: 48200 ns, At safepoint: 13800 ns, Total: 62000 ns
[2738.520s][info ][safepoint      ] Safepoint "Cleanup", Time since last: 8000602807 ns, Reaching safepoint: 40300 ns, At safepoint: 3600 ns, Total: 43900 ns
[2751.521s][info ][safepoint      ] Safepoint "Cleanup", Time since last: 13000973460 ns, Reaching safepoint: 45300 ns, At safepoint: 3000 ns, Total: 48300 ns
[2756.521s][info ][safepoint      ] Safepoint "Cleanup", Time since last: 5000413100 ns, Reaching safepoint: 51500 ns, At safepoint: 7100 ns, Total: 58600 ns
[2757.521s][info ][safepoint      ] Safepoint "Cleanup", Time since last: 1000111725 ns, Reaching safepoint: 38700 ns, At safepoint: 3200 ns, Total: 41900 ns
[2763.522s][info ][safepoint      ] Safepoint "Cleanup", Time since last: 6000456135 ns, Reaching safepoint: 66900 ns, At safepoint: 6100 ns, Total: 73000 ns
[2765.522s][info ][safepoint      ] Safepoint "Cleanup", Time since last: 2000190429 ns, Reaching safepoint: 51500 ns, At safepoint: 3000 ns, Total: 54500 ns
[2768.087s][info ][gc,start       ] GC(87) Pause Young (Allocation Failure)
[2768.123s][debug][gc,phases      ] GC(87) Scavenge 35.980ms
[2768.123s][debug][gc,ref         ] GC(87) Skipped phase 1 of Reference Processing: no references
[2768.123s][debug][gc,ref         ] GC(87) ReferenceProcessor::execute queues: 1, RefProcThreadModel::Single, marks_oops_alive: false
[2768.123s][debug][gc,ref         ] GC(87) Skipped phase 3 of Reference Processing: no references
[2768.123s][debug][gc,ref         ] GC(87) ReferenceProcessor::execute queues: 1, RefProcThreadModel::Single, marks_oops_alive: false
[2768.123s][debug][gc,phases      ] GC(87) Reference Processing 0.103ms
[2768.123s][debug][gc,phases      ] GC(87)   VM Weak                        Min:  0.0, Avg:  0.0, Max:  0.0, Diff:  0.0, Sum:  0.0, Workers: 4
[2768.123s][debug][gc,phases      ] GC(87)     Dead                           Min: 0, Avg:  0.0, Max: 0, Diff: 0, Sum: 0, Workers: 4
[2768.123s][debug][gc,phases      ] GC(87)     Total                          Min: 0, Avg: 240.8, Max: 835, Diff: 835, Sum: 963, Workers: 4
[2768.123s][debug][gc,phases      ] GC(87)   ObjectSynchronizer Weak        Min:  0.0, Avg:  0.0, Max:  0.0, Diff:  0.0, Sum:  0.0, Workers: 4
[2768.123s][debug][gc,phases      ] GC(87)     Dead                           Min: 0, Avg:  0.0, Max: 0, Diff: 0, Sum: 0, Workers: 4
[2768.123s][debug][gc,phases      ] GC(87)     Total                          Min: 0, Avg: 14.5, Max: 58, Diff: 58, Sum: 58, Workers: 4
[2768.123s][debug][gc,phases      ] GC(87)   JVMTI Tag Weak OopStorage      Min:  0.0, Avg:  0.0, Max:  0.0, Diff:  0.0, Sum:  0.0, Workers: 4
[2768.123s][debug][gc,phases      ] GC(87)     Dead                           Min: 0, Avg:  0.0, Max: 0, Diff: 0, Sum: 0, Workers: 4
[2768.123s][debug][gc,phases      ] GC(87)     Total                          Min: 0, Avg:  0.0, Max: 0, Diff: 0, Sum: 0, Workers: 4
[2768.123s][debug][gc,phases      ] GC(87)   StringTable Weak               Min:  0.0, Avg:  0.1, Max:  0.1, Diff:  0.1, Sum:  0.3, Workers: 4
[2768.123s][debug][gc,phases      ] GC(87)     Dead                           Min: 0, Avg:  0.0, Max: 0, Diff: 0, Sum: 0, Workers: 4
[2768.123s][debug][gc,phases      ] GC(87)     Total                          Min: 0, Avg: 11042.8, Max: 19391, Diff: 19391, Sum: 44171, Workers: 4
[2768.123s][debug][gc,phases      ] GC(87)   ResolvedMethodTable Weak       Min:  0.0, Avg:  0.0, Max:  0.0, Diff:  0.0, Sum:  0.1, Workers: 4
[2768.123s][debug][gc,phases      ] GC(87)     Dead                           Min: 0, Avg:  0.0, Max: 0, Diff: 0, Sum: 0, Workers: 4
[2768.123s][debug][gc,phases      ] GC(87)     Total                          Min: 0, Avg: 2498.5, Max: 4288, Diff: 4288, Sum: 9994, Workers: 4
[2768.123s][debug][gc,phases      ] GC(87)   JNI Weak                       Min:  0.0, Avg:  0.0, Max:  0.0, Diff:  0.0, Sum:  0.0, Workers: 4
[2768.123s][debug][gc,phases      ] GC(87)     Dead                           Min: 0, Avg:  0.0, Max: 0, Diff: 0, Sum: 0, Workers: 4
[2768.123s][debug][gc,phases      ] GC(87)     Total                          Min: 0, Avg: 11.2, Max: 45, Diff: 45, Sum: 45, Workers: 4
[2768.123s][debug][gc,phases      ] GC(87)   StringDedup Table Weak         Min:  0.0, Avg:  0.0, Max:  0.0, Diff:  0.0, Sum:  0.0, Workers: 4
[2768.123s][debug][gc,phases      ] GC(87)     Dead                           Min: 0, Avg:  0.0, Max: 0, Diff: 0, Sum: 0, Workers: 4
[2768.123s][debug][gc,phases      ] GC(87)     Total                          Min: 0, Avg:  0.0, Max: 0, Diff: 0, Sum: 0, Workers: 4
[2768.123s][debug][gc,phases      ] GC(87)   StringDedup Requests0 Weak     Min:  0.0, Avg:  0.0, Max:  0.0, Diff:  0.0, Sum:  0.0, Workers: 4
[2768.123s][debug][gc,phases      ] GC(87)     Dead                           Min: 0, Avg:  0.0, Max: 0, Diff: 0, Sum: 0, Workers: 4
[2768.123s][debug][gc,phases      ] GC(87)     Total                          Min: 0, Avg:  0.0, Max: 0, Diff: 0, Sum: 0, Workers: 4
[2768.123s][debug][gc,phases      ] GC(87)   StringDedup Requests1 Weak     Min:  0.0, Avg:  0.0, Max:  0.0, Diff:  0.0, Sum:  0.0, Workers: 4
[2768.123s][debug][gc,phases      ] GC(87)     Dead                           Min: 0, Avg:  0.0, Max: 0, Diff: 0, Sum: 0, Workers: 4
[2768.123s][debug][gc,phases      ] GC(87)     Total                          Min: 0, Avg:  0.0, Max: 0, Diff: 0, Sum: 0, Workers: 4
[2768.123s][debug][gc,phases      ] GC(87)   Weak JFR Old Object Samples    Min:  0.0, Avg:  0.0, Max:  0.0, Diff:  0.0, Sum:  0.0, Workers: 4
[2768.123s][debug][gc,phases      ] GC(87)     Dead                           Min: 0, Avg:  0.0, Max: 0, Diff: 0, Sum: 0, Workers: 4
[2768.123s][debug][gc,phases      ] GC(87)     Total                          Min: 0, Avg:  0.0, Max: 0, Diff: 0, Sum: 0, Workers: 4
[2768.123s][debug][gc,phases      ] GC(87) Weak Processing 0.297ms
[2768.123s][debug][gc,age         ] GC(87) Desired survivor size 200278016 bytes, new threshold 15 (max threshold 15)
[2768.123s][info ][gc,heap        ] GC(87) PSYoungGen: 1840255K(1903616K)->164548K(1901568K) Eden: 1708032K(1708032K)->0K(1708032K) From: 132223K(195584K)->164548K(193536K)
[2768.123s][info ][gc,heap        ] GC(87) ParOldGen: 485653K(559616K)->485954K(559616K)
[2768.123s][info ][gc,metaspace   ] GC(87) Metaspace: 84604K(85760K)->84604K(85760K) NonClass: 72645K(73280K)->72645K(73280K) Class: 11958K(12480K)->11958K(12480K)
[2768.123s][info ][gc             ] GC(87) Pause Young (Allocation Failure) 2271M->635M(2403M) 36.502ms
[2768.123s][info ][gc,cpu         ] GC(87) User=0.14s Sys=0.00s Real=0.04s
[2768.123s][info ][safepoint      ] Safepoint "ParallelGCFailedAllocation", Time since last: 2564450010 ns, Reaching safepoint: 101101 ns, At safepoint: 36575370 ns, Total: 36676471 ns
[2769.123s][info ][safepoint      ] Safepoint "Cleanup", Time since last: 1000082114 ns, Reaching safepoint: 46700 ns, At safepoint: 4500 ns, Total: 51200 ns
[2771.124s][info ][safepoint      ] Safepoint "Cleanup", Time since last: 2000163539 ns, Reaching safepoint: 41600 ns, At safepoint: 3600 ns, Total: 45200 ns
[2777.124s][info ][safepoint      ] Safepoint "Cleanup", Time since last: 6000418947 ns, Reaching safepoint: 49300 ns, At safepoint: 24900 ns, Total: 74200 ns
[2783.125s][info ][safepoint      ] Safepoint "Cleanup", Time since last: 6000434898 ns, Reaching safepoint: 57400 ns, At safepoint: 2700 ns, Total: 60100 ns
[2788.125s][info ][safepoint      ] Safepoint "Cleanup", Time since last: 5000423035 ns, Reaching safepoint: 29800 ns, At safepoint: 3100 ns, Total: 32900 ns
[2789.125s][info ][safepoint      ] Safepoint "Cleanup", Time since last: 1000127734 ns, Reaching safepoint: 116401 ns, At safepoint: 5500 ns, Total: 121901 ns
[2791.126s][info ][safepoint      ] Safepoint "Cleanup", Time since last: 2000213968 ns, Reaching safepoint: 46100 ns, At safepoint: 4800 ns, Total: 50900 ns
[2792.126s][info ][safepoint      ] Safepoint "Cleanup", Time since last: 1000138834 ns, Reaching safepoint: 46200 ns, At safepoint: 7700 ns, Total: 53900 ns
[2794.126s][info ][safepoint      ] Safepoint "Cleanup", Time since last: 2000204945 ns, Reaching safepoint: 51700 ns, At safepoint: 3200 ns, Total: 54900 ns
[2797.126s][info ][safepoint      ] Safepoint "Cleanup", Time since last: 3000232805 ns, Reaching safepoint: 29900 ns, At safepoint: 3300 ns, Total: 33200 ns
[2799.127s][info ][safepoint      ] Safepoint "Cleanup", Time since last: 2000190508 ns, Reaching safepoint: 40300 ns, At safepoint: 3000 ns, Total: 43300 ns
[2803.127s][info ][safepoint      ] Safepoint "Cleanup", Time since last: 4000305728 ns, Reaching safepoint: 38300 ns, At safepoint: 2400 ns, Total: 40700 ns
[2804.127s][info ][safepoint      ] Safepoint "Cleanup", Time since last: 1000117873 ns, Reaching safepoint: 46700 ns, At safepoint: 4000 ns, Total: 50700 ns
[2805.127s][info ][safepoint      ] Safepoint "Cleanup", Time since last: 1000107173 ns, Reaching safepoint: 113500 ns, At safepoint: 7500 ns, Total: 121000 ns
[2812.128s][info ][safepoint      ] Safepoint "Cleanup", Time since last: 7000545609 ns, Reaching safepoint: 138800 ns, At safepoint: 8400 ns, Total: 147200 ns
[2814.128s][info ][safepoint      ] Safepoint "Cleanup", Time since last: 2000168755 ns, Reaching safepoint: 41500 ns, At safepoint: 3900 ns, Total: 45400 ns
[2815.128s][info ][safepoint      ] Safepoint "Cleanup", Time since last: 1000123528 ns, Reaching safepoint: 50200 ns, At safepoint: 3000 ns, Total: 53200 ns
[2817.129s][info ][safepoint      ] Safepoint "Cleanup", Time since last: 2000167955 ns, Reaching safepoint: 46500 ns, At safepoint: 6601 ns, Total: 53101 ns
[2819.129s][info ][safepoint      ] Safepoint "Cleanup", Time since last: 2000187010 ns, Reaching safepoint: 53000 ns, At safepoint: 3300 ns, Total: 56300 ns
[2820.129s][info ][safepoint      ] Safepoint "Cleanup", Time since last: 1000174754 ns, Reaching safepoint: 52600 ns, At safepoint: 5600 ns, Total: 58200 ns
[2824.129s][info ][safepoint      ] Safepoint "Cleanup", Time since last: 4000325313 ns, Reaching safepoint: 38400 ns, At safepoint: 2700 ns, Total: 41100 ns
[2828.130s][info ][safepoint      ] Safepoint "Cleanup", Time since last: 4000299391 ns, Reaching safepoint: 50900 ns, At safepoint: 3100 ns, Total: 54000 ns
[2835.130s][info ][safepoint      ] Safepoint "Cleanup", Time since last: 7000509097 ns, Reaching safepoint: 42000 ns, At safepoint: 3200 ns, Total: 45200 ns
[2836.131s][info ][safepoint      ] Safepoint "Cleanup", Time since last: 1000114502 ns, Reaching safepoint: 81600 ns, At safepoint: 6200 ns, Total: 87800 ns
[2838.131s][info ][safepoint      ] Safepoint "Cleanup", Time since last: 2000246304 ns, Reaching safepoint: 58100 ns, At safepoint: 5500 ns, Total: 63600 ns
[2839.134s][info ][safepoint      ] Safepoint "Cleanup", Time since last: 1000110202 ns, Reaching safepoint: 3209007 ns, At safepoint: 10200 ns, Total: 3219207 ns
[2839.136s][info ][gc,start       ] GC(88) Pause Young (Allocation Failure)
[2839.171s][debug][gc,phases      ] GC(88) Scavenge 34.920ms
[2839.171s][debug][gc,ref         ] GC(88) Skipped phase 1 of Reference Processing: no references
[2839.171s][debug][gc,ref         ] GC(88) ReferenceProcessor::execute queues: 1, RefProcThreadModel::Single, marks_oops_alive: false
[2839.171s][debug][gc,ref         ] GC(88) Skipped phase 3 of Reference Processing: no references
[2839.171s][debug][gc,ref         ] GC(88) ReferenceProcessor::execute queues: 1, RefProcThreadModel::Single, marks_oops_alive: false
[2839.171s][debug][gc,phases      ] GC(88) Reference Processing 0.099ms
[2839.171s][debug][gc,phases      ] GC(88)   VM Weak                        Min:  0.0, Avg:  0.0, Max:  0.0, Diff:  0.0, Sum:  0.0, Workers: 4
[2839.171s][debug][gc,phases      ] GC(88)     Dead                           Min: 0, Avg:  0.0, Max: 0, Diff: 0, Sum: 0, Workers: 4
[2839.171s][debug][gc,phases      ] GC(88)     Total                          Min: 0, Avg: 240.8, Max: 707, Diff: 707, Sum: 963, Workers: 4
[2839.171s][debug][gc,phases      ] GC(88)   ObjectSynchronizer Weak        Min:  0.0, Avg:  0.0, Max:  0.0, Diff:  0.0, Sum:  0.0, Workers: 4
[2839.171s][debug][gc,phases      ] GC(88)     Dead                           Min: 0, Avg:  0.0, Max: 0, Diff: 0, Sum: 0, Workers: 4
[2839.171s][debug][gc,phases      ] GC(88)     Total                          Min: 0, Avg: 14.5, Max: 58, Diff: 58, Sum: 58, Workers: 4
[2839.171s][debug][gc,phases      ] GC(88)   JVMTI Tag Weak OopStorage      Min:  0.0, Avg:  0.0, Max:  0.0, Diff:  0.0, Sum:  0.0, Workers: 4
[2839.171s][debug][gc,phases      ] GC(88)     Dead                           Min: 0, Avg:  0.0, Max: 0, Diff: 0, Sum: 0, Workers: 4
[2839.171s][debug][gc,phases      ] GC(88)     Total                          Min: 0, Avg:  0.0, Max: 0, Diff: 0, Sum: 0, Workers: 4
[2839.171s][debug][gc,phases      ] GC(88)   StringTable Weak               Min:  0.1, Avg:  0.1, Max:  0.1, Diff:  0.0, Sum:  0.4, Workers: 4
[2839.171s][debug][gc,phases      ] GC(88)     Dead                           Min: 0, Avg:  0.0, Max: 0, Diff: 0, Sum: 0, Workers: 4
[2839.171s][debug][gc,phases      ] GC(88)     Total                          Min: 10752, Avg: 11043.0, Max: 11456, Diff: 704, Sum: 44172, Workers: 4
[2839.171s][debug][gc,phases      ] GC(88)   ResolvedMethodTable Weak       Min:  0.0, Avg:  0.0, Max:  0.0, Diff:  0.0, Sum:  0.1, Workers: 4
[2839.171s][debug][gc,phases      ] GC(88)     Dead                           Min: 0, Avg:  0.0, Max: 0, Diff: 0, Sum: 0, Workers: 4
[2839.171s][debug][gc,phases      ] GC(88)     Total                          Min: 2368, Avg: 2499.0, Max: 2572, Diff: 204, Sum: 9996, Workers: 4
[2839.171s][debug][gc,phases      ] GC(88)   JNI Weak                       Min:  0.0, Avg:  0.0, Max:  0.0, Diff:  0.0, Sum:  0.0, Workers: 4
[2839.171s][debug][gc,phases      ] GC(88)     Dead                           Min: 0, Avg:  0.0, Max: 0, Diff: 0, Sum: 0, Workers: 4
[2839.171s][debug][gc,phases      ] GC(88)     Total                          Min: 0, Avg: 11.2, Max: 45, Diff: 45, Sum: 45, Workers: 4
[2839.171s][debug][gc,phases      ] GC(88)   StringDedup Table Weak         Min:  0.0, Avg:  0.0, Max:  0.0, Diff:  0.0, Sum:  0.0, Workers: 4
[2839.171s][debug][gc,phases      ] GC(88)     Dead                           Min: 0, Avg:  0.0, Max: 0, Diff: 0, Sum: 0, Workers: 4
[2839.171s][debug][gc,phases      ] GC(88)     Total                          Min: 0, Avg:  0.0, Max: 0, Diff: 0, Sum: 0, Workers: 4
[2839.171s][debug][gc,phases      ] GC(88)   StringDedup Requests0 Weak     Min:  0.0, Avg:  0.0, Max:  0.0, Diff:  0.0, Sum:  0.0, Workers: 4
[2839.171s][debug][gc,phases      ] GC(88)     Dead                           Min: 0, Avg:  0.0, Max: 0, Diff: 0, Sum: 0, Workers: 4
[2839.171s][debug][gc,phases      ] GC(88)     Total                          Min: 0, Avg:  0.0, Max: 0, Diff: 0, Sum: 0, Workers: 4
[2839.171s][debug][gc,phases      ] GC(88)   StringDedup Requests1 Weak     Min:  0.0, Avg:  0.0, Max:  0.0, Diff:  0.0, Sum:  0.0, Workers: 4
[2839.171s][debug][gc,phases      ] GC(88)     Dead                           Min: 0, Avg:  0.0, Max: 0, Diff: 0, Sum: 0, Workers: 4
[2839.171s][debug][gc,phases      ] GC(88)     Total                          Min: 0, Avg:  0.0, Max: 0, Diff: 0, Sum: 0, Workers: 4
[2839.171s][debug][gc,phases      ] GC(88)   Weak JFR Old Object Samples    Min:  0.0, Avg:  0.0, Max:  0.0, Diff:  0.0, Sum:  0.0, Workers: 4
[2839.171s][debug][gc,phases      ] GC(88)     Dead                           Min: 0, Avg:  0.0, Max: 0, Diff: 0, Sum: 0, Workers: 4
[2839.171s][debug][gc,phases      ] GC(88)     Total                          Min: 0, Avg:  0.0, Max: 0, Diff: 0, Sum: 0, Workers: 4
[2839.171s][debug][gc,phases      ] GC(88) Weak Processing 0.280ms
[2839.171s][debug][gc,age         ] GC(88) Desired survivor size 199229440 bytes, new threshold 15 (max threshold 15)
[2839.171s][info ][gc,heap        ] GC(88) PSYoungGen: 1872580K(1901568K)->157732K(1902592K) Eden: 1708032K(1708032K)->0K(1707008K) From: 164548K(193536K)->157732K(195584K)
[2839.171s][info ][gc,heap        ] GC(88) ParOldGen: 485954K(559616K)->486134K(559616K)
[2839.171s][info ][gc,metaspace   ] GC(88) Metaspace: 84632K(85760K)->84632K(85760K) NonClass: 72673K(73280K)->72673K(73280K) Class: 11958K(12480K)->11958K(12480K)
[2839.171s][info ][gc             ] GC(88) Pause Young (Allocation Failure) 2303M->628M(2404M) 35.407ms
[2839.171s][info ][gc,cpu         ] GC(88) User=0.14s Sys=0.00s Real=0.04s
[2839.171s][info ][safepoint      ] Safepoint "ParallelGCFailedAllocation", Time since last: 1448804 ns, Reaching safepoint: 98900 ns, At safepoint: 35494882 ns, Total: 35593782 ns
[2852.172s][info ][safepoint      ] Safepoint "Cleanup", Time since last: 13000919359 ns, Reaching safepoint: 54000 ns, At safepoint: 3300 ns, Total: 57300 ns
[2869.173s][info ][safepoint      ] Safepoint "Cleanup", Time since last: 17001115380 ns, Reaching safepoint: 43900 ns, At safepoint: 2600 ns, Total: 46500 ns
[2875.174s][info ][safepoint      ] Safepoint "Cleanup", Time since last: 6000478006 ns, Reaching safepoint: 53301 ns, At safepoint: 2900 ns, Total: 56201 ns
[2878.174s][info ][safepoint      ] Safepoint "Cleanup", Time since last: 3000235107 ns, Reaching safepoint: 45300 ns, At safepoint: 2500 ns, Total: 47800 ns
[2879.174s][info ][safepoint      ] Safepoint "Cleanup", Time since last: 1000097270 ns, Reaching safepoint: 36700 ns, At safepoint: 2700 ns, Total: 39400 ns
[2881.175s][info ][safepoint      ] Safepoint "Cleanup", Time since last: 2000223838 ns, Reaching safepoint: 46400 ns, At safepoint: 5000 ns, Total: 51400 ns
[2898.176s][info ][safepoint      ] Safepoint "Cleanup", Time since last: 17001198654 ns, Reaching safepoint: 43400 ns, At safepoint: 3800 ns, Total: 47200 ns
[2902.009s][info ][gc,start       ] GC(89) Pause Young (Allocation Failure)
[2902.040s][debug][gc,phases      ] GC(89) Scavenge 31.412ms
[2902.040s][debug][gc,ref         ] GC(89) Skipped phase 1 of Reference Processing: no references
[2902.041s][debug][gc,ref         ] GC(89) ReferenceProcessor::execute queues: 1, RefProcThreadModel::Single, marks_oops_alive: false
[2902.041s][debug][gc,ref         ] GC(89) Skipped phase 3 of Reference Processing: no references
[2902.041s][debug][gc,ref         ] GC(89) ReferenceProcessor::execute queues: 1, RefProcThreadModel::Single, marks_oops_alive: false
[2902.041s][debug][gc,phases      ] GC(89) Reference Processing 0.098ms
[2902.041s][debug][gc,phases      ] GC(89)   VM Weak                        Min:  0.0, Avg:  0.0, Max:  0.0, Diff:  0.0, Sum:  0.0, Workers: 4
[2902.041s][debug][gc,phases      ] GC(89)     Dead                           Min: 0, Avg:  0.0, Max: 0, Diff: 0, Sum: 0, Workers: 4
[2902.041s][debug][gc,phases      ] GC(89)     Total                          Min: 0, Avg: 240.8, Max: 963, Diff: 963, Sum: 963, Workers: 4
[2902.041s][debug][gc,phases      ] GC(89)   ObjectSynchronizer Weak        Min:  0.0, Avg:  0.0, Max:  0.0, Diff:  0.0, Sum:  0.0, Workers: 4
[2902.041s][debug][gc,phases      ] GC(89)     Dead                           Min: 0, Avg:  0.0, Max: 0, Diff: 0, Sum: 0, Workers: 4
[2902.041s][debug][gc,phases      ] GC(89)     Total                          Min: 0, Avg: 14.5, Max: 58, Diff: 58, Sum: 58, Workers: 4
[2902.041s][debug][gc,phases      ] GC(89)   JVMTI Tag Weak OopStorage      Min:  0.0, Avg:  0.0, Max:  0.0, Diff:  0.0, Sum:  0.0, Workers: 4
[2902.041s][debug][gc,phases      ] GC(89)     Dead                           Min: 0, Avg:  0.0, Max: 0, Diff: 0, Sum: 0, Workers: 4
[2902.041s][debug][gc,phases      ] GC(89)     Total                          Min: 0, Avg:  0.0, Max: 0, Diff: 0, Sum: 0, Workers: 4
[2902.041s][debug][gc,phases      ] GC(89)   StringTable Weak               Min:  0.0, Avg:  0.1, Max:  0.1, Diff:  0.1, Sum:  0.3, Workers: 4
[2902.041s][debug][gc,phases      ] GC(89)     Dead                           Min: 0, Avg:  0.2, Max: 1, Diff: 1, Sum: 1, Workers: 4
[2902.041s][debug][gc,phases      ] GC(89)     Total                          Min: 0, Avg: 11044.0, Max: 19392, Diff: 19392, Sum: 44176, Workers: 4
[2902.041s][debug][gc,phases      ] GC(89)   ResolvedMethodTable Weak       Min:  0.0, Avg:  0.0, Max:  0.0, Diff:  0.0, Sum:  0.1, Workers: 4
[2902.041s][debug][gc,phases      ] GC(89)     Dead                           Min: 0, Avg:  0.0, Max: 0, Diff: 0, Sum: 0, Workers: 4
[2902.041s][debug][gc,phases      ] GC(89)     Total                          Min: 0, Avg: 2500.5, Max: 4352, Diff: 4352, Sum: 10002, Workers: 4
[2902.041s][debug][gc,phases      ] GC(89)   JNI Weak                       Min:  0.0, Avg:  0.0, Max:  0.0, Diff:  0.0, Sum:  0.0, Workers: 4
[2902.041s][debug][gc,phases      ] GC(89)     Dead                           Min: 0, Avg:  0.0, Max: 0, Diff: 0, Sum: 0, Workers: 4
[2902.041s][debug][gc,phases      ] GC(89)     Total                          Min: 0, Avg: 11.2, Max: 45, Diff: 45, Sum: 45, Workers: 4
[2902.041s][debug][gc,phases      ] GC(89)   StringDedup Table Weak         Min:  0.0, Avg:  0.0, Max:  0.0, Diff:  0.0, Sum:  0.0, Workers: 4
[2902.041s][debug][gc,phases      ] GC(89)     Dead                           Min: 0, Avg:  0.0, Max: 0, Diff: 0, Sum: 0, Workers: 4
[2902.041s][debug][gc,phases      ] GC(89)     Total                          Min: 0, Avg:  0.0, Max: 0, Diff: 0, Sum: 0, Workers: 4
[2902.041s][debug][gc,phases      ] GC(89)   StringDedup Requests0 Weak     Min:  0.0, Avg:  0.0, Max:  0.0, Diff:  0.0, Sum:  0.0, Workers: 4
[2902.041s][debug][gc,phases      ] GC(89)     Dead                           Min: 0, Avg:  0.0, Max: 0, Diff: 0, Sum: 0, Workers: 4
[2902.041s][debug][gc,phases      ] GC(89)     Total                          Min: 0, Avg:  0.0, Max: 0, Diff: 0, Sum: 0, Workers: 4
[2902.041s][debug][gc,phases      ] GC(89)   StringDedup Requests1 Weak     Min:  0.0, Avg:  0.0, Max:  0.0, Diff:  0.0, Sum:  0.0, Workers: 4
[2902.041s][debug][gc,phases      ] GC(89)     Dead                           Min: 0, Avg:  0.0, Max: 0, Diff: 0, Sum: 0, Workers: 4
[2902.041s][debug][gc,phases      ] GC(89)     Total                          Min: 0, Avg:  0.0, Max: 0, Diff: 0, Sum: 0, Workers: 4
[2902.041s][debug][gc,phases      ] GC(89)   Weak JFR Old Object Samples    Min:  0.0, Avg:  0.0, Max:  0.0, Diff:  0.0, Sum:  0.0, Workers: 4
[2902.041s][debug][gc,phases      ] GC(89)     Dead                           Min: 0, Avg:  0.0, Max: 0, Diff: 0, Sum: 0, Workers: 4
[2902.041s][debug][gc,phases      ] GC(89)     Total                          Min: 0, Avg:  0.0, Max: 0, Diff: 0, Sum: 0, Workers: 4
[2902.041s][debug][gc,phases      ] GC(89) Weak Processing 0.298ms
[2902.041s][debug][gc,age         ] GC(89) Desired survivor size 197656576 bytes, new threshold 15 (max threshold 15)
[2902.041s][info ][gc,heap        ] GC(89) PSYoungGen: 1864740K(1902592K)->157044K(1901568K) Eden: 1707008K(1707008K)->0K(1707008K) From: 157732K(195584K)->157044K(194560K)
[2902.041s][info ][gc,heap        ] GC(89) ParOldGen: 486134K(559616K)->486238K(559616K)
[2902.041s][info ][gc,metaspace   ] GC(89) Metaspace: 84649K(85824K)->84649K(85824K) NonClass: 72688K(73344K)->72688K(73344K) Class: 11961K(12480K)->11961K(12480K)
[2902.041s][info ][gc             ] GC(89) Pause Young (Allocation Failure) 2295M->628M(2403M) 31.928ms
[2902.041s][info ][gc,cpu         ] GC(89) User=0.12s Sys=0.00s Real=0.04s
[2902.041s][info ][safepoint      ] Safepoint "ParallelGCFailedAllocation", Time since last: 3833056614 ns, Reaching safepoint: 47500 ns, At safepoint: 31996176 ns, Total: 32043676 ns
[2906.909s][info ][safepoint      ] Safepoint "Cleanup", Time since last: 4867957814 ns, Reaching safepoint: 102501 ns, At safepoint: 5000 ns, Total: 107501 ns
[2907.909s][info ][safepoint      ] Safepoint "Cleanup", Time since last: 1000124095 ns, Reaching safepoint: 163900 ns, At safepoint: 6500 ns, Total: 170400 ns
[2908.910s][info ][safepoint      ] Safepoint "Cleanup", Time since last: 1000113095 ns, Reaching safepoint: 113900 ns, At safepoint: 5000 ns, Total: 118900 ns
[2910.910s][info ][safepoint      ] Safepoint "Cleanup", Time since last: 2000189791 ns, Reaching safepoint: 121400 ns, At safepoint: 5500 ns, Total: 126900 ns
[2913.910s][info ][safepoint      ] Safepoint "Cleanup", Time since last: 3000250685 ns, Reaching safepoint: 50800 ns, At safepoint: 5800 ns, Total: 56600 ns
[2917.169s][info ][safepoint      ] Safepoint "Cleanup", Time since last: 3259042822 ns, Reaching safepoint: 53100 ns, At safepoint: 6700 ns, Total: 59800 ns
[2918.169s][info ][safepoint      ] Safepoint "Cleanup", Time since last: 1000104691 ns, Reaching safepoint: 62700 ns, At safepoint: 6600 ns, Total: 69300 ns
[2919.170s][info ][safepoint      ] Safepoint "Cleanup", Time since last: 1000100190 ns, Reaching safepoint: 38800 ns, At safepoint: 2500 ns, Total: 41300 ns
[2923.170s][info ][safepoint      ] Safepoint "Cleanup", Time since last: 4000334309 ns, Reaching safepoint: 46100 ns, At safepoint: 2500 ns, Total: 48600 ns
[2925.170s][info ][safepoint      ] Safepoint "Cleanup", Time since last: 2000186979 ns, Reaching safepoint: 48800 ns, At safepoint: 24800 ns, Total: 73600 ns
[2926.170s][info ][safepoint      ] Safepoint "Cleanup", Time since last: 1000098190 ns, Reaching safepoint: 53400 ns, At safepoint: 6200 ns, Total: 59600 ns
[2931.171s][info ][safepoint      ] Safepoint "Cleanup", Time since last: 5000434372 ns, Reaching safepoint: 82601 ns, At safepoint: 3200 ns, Total: 85801 ns
[2934.171s][info ][safepoint      ] Safepoint "Cleanup", Time since last: 3000254667 ns, Reaching safepoint: 38900 ns, At safepoint: 5200 ns, Total: 44100 ns
[2941.172s][info ][safepoint      ] Safepoint "Cleanup", Time since last: 7000605205 ns, Reaching safepoint: 42000 ns, At safepoint: 2800 ns, Total: 44800 ns
[2947.172s][info ][safepoint      ] Safepoint "Cleanup", Time since last: 6000415992 ns, Reaching safepoint: 48100 ns, At safepoint: 4800 ns, Total: 52900 ns
[2949.173s][info ][safepoint      ] Safepoint "Cleanup", Time since last: 2000190435 ns, Reaching safepoint: 46000 ns, At safepoint: 3300 ns, Total: 49300 ns
[2952.506s][info ][gc,start       ] GC(90) Pause Young (Allocation Failure)
[2952.539s][debug][gc,phases      ] GC(90) Scavenge 32.813ms
[2952.539s][debug][gc,ref         ] GC(90) Skipped phase 1 of Reference Processing: no references
[2952.539s][debug][gc,ref         ] GC(90) ReferenceProcessor::execute queues: 1, RefProcThreadModel::Single, marks_oops_alive: false
[2952.539s][debug][gc,ref         ] GC(90) Skipped phase 3 of Reference Processing: no references
[2952.539s][debug][gc,ref         ] GC(90) ReferenceProcessor::execute queues: 1, RefProcThreadModel::Single, marks_oops_alive: false
[2952.539s][debug][gc,phases      ] GC(90) Reference Processing 0.102ms
[2952.539s][debug][gc,phases      ] GC(90)   VM Weak                        Min:  0.0, Avg:  0.0, Max:  0.0, Diff:  0.0, Sum:  0.0, Workers: 4
[2952.539s][debug][gc,phases      ] GC(90)     Dead                           Min: 0, Avg:  0.0, Max: 0, Diff: 0, Sum: 0, Workers: 4
[2952.539s][debug][gc,phases      ] GC(90)     Total                          Min: 0, Avg: 240.8, Max: 512, Diff: 512, Sum: 963, Workers: 4
[2952.539s][debug][gc,phases      ] GC(90)   ObjectSynchronizer Weak        Min:  0.0, Avg:  0.0, Max:  0.0, Diff:  0.0, Sum:  0.0, Workers: 4
[2952.539s][debug][gc,phases      ] GC(90)     Dead                           Min: 0, Avg:  0.0, Max: 0, Diff: 0, Sum: 0, Workers: 4
[2952.539s][debug][gc,phases      ] GC(90)     Total                          Min: 0, Avg: 14.5, Max: 58, Diff: 58, Sum: 58, Workers: 4
[2952.539s][debug][gc,phases      ] GC(90)   JVMTI Tag Weak OopStorage      Min:  0.0, Avg:  0.0, Max:  0.0, Diff:  0.0, Sum:  0.0, Workers: 4
[2952.539s][debug][gc,phases      ] GC(90)     Dead                           Min: 0, Avg:  0.0, Max: 0, Diff: 0, Sum: 0, Workers: 4
[2952.539s][debug][gc,phases      ] GC(90)     Total                          Min: 0, Avg:  0.0, Max: 0, Diff: 0, Sum: 0, Workers: 4
[2952.539s][debug][gc,phases      ] GC(90)   StringTable Weak               Min:  0.0, Avg:  0.1, Max:  0.1, Diff:  0.1, Sum:  0.3, Workers: 4
[2952.539s][debug][gc,phases      ] GC(90)     Dead                           Min: 0, Avg:  0.0, Max: 0, Diff: 0, Sum: 0, Workers: 4
[2952.539s][debug][gc,phases      ] GC(90)     Total                          Min: 0, Avg: 11044.0, Max: 19217, Diff: 19217, Sum: 44176, Workers: 4
[2952.539s][debug][gc,phases      ] GC(90)   ResolvedMethodTable Weak       Min:  0.0, Avg:  0.0, Max:  0.0, Diff:  0.0, Sum:  0.1, Workers: 4
[2952.539s][debug][gc,phases      ] GC(90)     Dead                           Min: 0, Avg:  0.0, Max: 0, Diff: 0, Sum: 0, Workers: 4
[2952.539s][debug][gc,phases      ] GC(90)     Total                          Min: 0, Avg: 2500.5, Max: 4288, Diff: 4288, Sum: 10002, Workers: 4
[2952.539s][debug][gc,phases      ] GC(90)   JNI Weak                       Min:  0.0, Avg:  0.0, Max:  0.0, Diff:  0.0, Sum:  0.0, Workers: 4
[2952.539s][debug][gc,phases      ] GC(90)     Dead                           Min: 0, Avg:  0.0, Max: 0, Diff: 0, Sum: 0, Workers: 4
[2952.539s][debug][gc,phases      ] GC(90)     Total                          Min: 0, Avg: 11.2, Max: 45, Diff: 45, Sum: 45, Workers: 4
[2952.539s][debug][gc,phases      ] GC(90)   StringDedup Table Weak         Min:  0.0, Avg:  0.0, Max:  0.0, Diff:  0.0, Sum:  0.0, Workers: 4
[2952.539s][debug][gc,phases      ] GC(90)     Dead                           Min: 0, Avg:  0.0, Max: 0, Diff: 0, Sum: 0, Workers: 4
[2952.539s][debug][gc,phases      ] GC(90)     Total                          Min: 0, Avg:  0.0, Max: 0, Diff: 0, Sum: 0, Workers: 4
[2952.539s][debug][gc,phases      ] GC(90)   StringDedup Requests0 Weak     Min:  0.0, Avg:  0.0, Max:  0.0, Diff:  0.0, Sum:  0.0, Workers: 4
[2952.539s][debug][gc,phases      ] GC(90)     Dead                           Min: 0, Avg:  0.0, Max: 0, Diff: 0, Sum: 0, Workers: 4
[2952.539s][debug][gc,phases      ] GC(90)     Total                          Min: 0, Avg:  0.0, Max: 0, Diff: 0, Sum: 0, Workers: 4
[2952.539s][debug][gc,phases      ] GC(90)   StringDedup Requests1 Weak     Min:  0.0, Avg:  0.0, Max:  0.0, Diff:  0.0, Sum:  0.0, Workers: 4
[2952.539s][debug][gc,phases      ] GC(90)     Dead                           Min: 0, Avg:  0.0, Max: 0, Diff: 0, Sum: 0, Workers: 4
[2952.539s][debug][gc,phases      ] GC(90)     Total                          Min: 0, Avg:  0.0, Max: 0, Diff: 0, Sum: 0, Workers: 4
[2952.539s][debug][gc,phases      ] GC(90)   Weak JFR Old Object Samples    Min:  0.0, Avg:  0.0, Max:  0.0, Diff:  0.0, Sum:  0.0, Workers: 4
[2952.539s][debug][gc,phases      ] GC(90)     Dead                           Min: 0, Avg:  0.0, Max: 0, Diff: 0, Sum: 0, Workers: 4
[2952.539s][debug][gc,phases      ] GC(90)     Total                          Min: 0, Avg:  0.0, Max: 0, Diff: 0, Sum: 0, Workers: 4
[2952.539s][debug][gc,phases      ] GC(90) Weak Processing 0.296ms
[2952.539s][debug][gc,age         ] GC(90) Desired survivor size 195559424 bytes, new threshold 15 (max threshold 15)
[2952.539s][info ][gc,heap        ] GC(90) PSYoungGen: 1864052K(1901568K)->156628K(1906176K) Eden: 1707008K(1707008K)->0K(1713152K) From: 157044K(194560K)->156628K(193024K)
[2952.539s][info ][gc,heap        ] GC(90) ParOldGen: 486238K(559616K)->488142K(559616K)
[2952.539s][info ][gc,metaspace   ] GC(90) Metaspace: 84657K(85824K)->84657K(85824K) NonClass: 72696K(73344K)->72696K(73344K) Class: 11961K(12480K)->11961K(12480K)
[2952.540s][info ][gc             ] GC(90) Pause Young (Allocation Failure) 2295M->629M(2408M) 33.332ms
[2952.540s][info ][gc,cpu         ] GC(90) User=0.13s Sys=0.00s Real=0.04s
[2952.540s][info ][safepoint      ] Safepoint "ParallelGCFailedAllocation", Time since last: 3333563758 ns, Reaching safepoint: 36300 ns, At safepoint: 33402071 ns, Total: 33438371 ns
[2955.540s][info ][safepoint      ] Safepoint "Cleanup", Time since last: 3000209868 ns, Reaching safepoint: 40700 ns, At safepoint: 3000 ns, Total: 43700 ns
[2956.540s][info ][safepoint      ] Safepoint "Cleanup", Time since last: 1000110204 ns, Reaching safepoint: 47100 ns, At safepoint: 28200 ns, Total: 75300 ns
[2957.817s][info ][safepoint      ] Safepoint "Cleanup", Time since last: 1277008670 ns, Reaching safepoint: 94800 ns, At safepoint: 7600 ns, Total: 102400 ns
[2958.817s][info ][safepoint      ] Safepoint "Cleanup", Time since last: 1000124704 ns, Reaching safepoint: 44500 ns, At safepoint: 3300 ns, Total: 47800 ns
[2962.818s][info ][safepoint      ] Safepoint "Cleanup", Time since last: 4000348156 ns, Reaching safepoint: 42200 ns, At safepoint: 2700 ns, Total: 44900 ns
[2963.818s][info ][safepoint      ] Safepoint "Cleanup", Time since last: 1000112580 ns, Reaching safepoint: 46100 ns, At safepoint: 3300 ns, Total: 49400 ns
[2968.818s][info ][safepoint      ] Safepoint "Cleanup", Time since last: 5000379501 ns, Reaching safepoint: 50300 ns, At safepoint: 11800 ns, Total: 62100 ns
[2969.818s][info ][safepoint      ] Safepoint "Cleanup", Time since last: 1000075232 ns, Reaching safepoint: 47800 ns, At safepoint: 2800 ns, Total: 50600 ns
[2972.819s][info ][safepoint      ] Safepoint "Cleanup", Time since last: 3000270347 ns, Reaching safepoint: 47500 ns, At safepoint: 8100 ns, Total: 55600 ns
[2973.819s][info ][safepoint      ] Safepoint "Cleanup", Time since last: 1000105522 ns, Reaching safepoint: 62400 ns, At safepoint: 2700 ns, Total: 65100 ns
[2976.819s][info ][safepoint      ] Safepoint "Cleanup", Time since last: 3000297635 ns, Reaching safepoint: 53300 ns, At safepoint: 2900 ns, Total: 56200 ns
[2977.819s][info ][safepoint      ] Safepoint "Cleanup", Time since last: 1000104509 ns, Reaching safepoint: 45601 ns, At safepoint: 2900 ns, Total: 48501 ns
[2979.820s][info ][safepoint      ] Safepoint "Cleanup", Time since last: 2000210497 ns, Reaching safepoint: 49000 ns, At safepoint: 4200 ns, Total: 53200 ns
[2981.820s][info ][safepoint      ] Safepoint "Cleanup", Time since last: 2000192714 ns, Reaching safepoint: 40100 ns, At safepoint: 2700 ns, Total: 42800 ns
[2982.820s][info ][safepoint      ] Safepoint "Cleanup", Time since last: 1000103457 ns, Reaching safepoint: 45400 ns, At safepoint: 2500 ns, Total: 47900 ns
[2986.820s][info ][safepoint      ] Safepoint "Cleanup", Time since last: 4000285072 ns, Reaching safepoint: 38500 ns, At safepoint: 29500 ns, Total: 68000 ns
[2988.821s][info ][safepoint      ] Safepoint "Cleanup", Time since last: 2000212509 ns, Reaching safepoint: 43200 ns, At safepoint: 3200 ns, Total: 46400 ns
[2992.821s][info ][safepoint      ] Safepoint "Cleanup", Time since last: 4000346819 ns, Reaching safepoint: 46100 ns, At safepoint: 3200 ns, Total: 49300 ns
[3010.822s][info ][safepoint      ] Safepoint "Cleanup", Time since last: 18001314178 ns, Reaching safepoint: 71500 ns, At safepoint: 13200 ns, Total: 84700 ns
[3014.823s][info ][safepoint      ] Safepoint "Cleanup", Time since last: 4000375463 ns, Reaching safepoint: 44300 ns, At safepoint: 2600 ns, Total: 46900 ns
[3020.823s][info ][safepoint      ] Safepoint "Cleanup", Time since last: 6000456537 ns, Reaching safepoint: 38400 ns, At safepoint: 2900 ns, Total: 41300 ns
[3020.974s][info ][gc,start       ] GC(91) Pause Young (Allocation Failure)
[3021.002s][debug][gc,phases      ] GC(91) Scavenge 27.594ms
[3021.002s][debug][gc,ref         ] GC(91) Skipped phase 1 of Reference Processing: no references
[3021.002s][debug][gc,ref         ] GC(91) ReferenceProcessor::execute queues: 1, RefProcThreadModel::Single, marks_oops_alive: false
[3021.002s][debug][gc,ref         ] GC(91) Skipped phase 3 of Reference Processing: no references
[3021.002s][debug][gc,ref         ] GC(91) ReferenceProcessor::execute queues: 1, RefProcThreadModel::Single, marks_oops_alive: false
[3021.002s][debug][gc,phases      ] GC(91) Reference Processing 0.100ms
[3021.002s][debug][gc,phases      ] GC(91)   VM Weak                        Min:  0.0, Avg:  0.0, Max:  0.0, Diff:  0.0, Sum:  0.0, Workers: 4
[3021.002s][debug][gc,phases      ] GC(91)     Dead                           Min: 0, Avg:  0.0, Max: 0, Diff: 0, Sum: 0, Workers: 4
[3021.002s][debug][gc,phases      ] GC(91)     Total                          Min: 0, Avg: 241.0, Max: 576, Diff: 576, Sum: 964, Workers: 4
[3021.002s][debug][gc,phases      ] GC(91)   ObjectSynchronizer Weak        Min:  0.0, Avg:  0.0, Max:  0.0, Diff:  0.0, Sum:  0.0, Workers: 4
[3021.002s][debug][gc,phases      ] GC(91)     Dead                           Min: 0, Avg:  0.0, Max: 0, Diff: 0, Sum: 0, Workers: 4
[3021.002s][debug][gc,phases      ] GC(91)     Total                          Min: 0, Avg: 14.5, Max: 58, Diff: 58, Sum: 58, Workers: 4
[3021.002s][debug][gc,phases      ] GC(91)   JVMTI Tag Weak OopStorage      Min:  0.0, Avg:  0.0, Max:  0.0, Diff:  0.0, Sum:  0.0, Workers: 4
[3021.002s][debug][gc,phases      ] GC(91)     Dead                           Min: 0, Avg:  0.0, Max: 0, Diff: 0, Sum: 0, Workers: 4
[3021.002s][debug][gc,phases      ] GC(91)     Total                          Min: 0, Avg:  0.0, Max: 0, Diff: 0, Sum: 0, Workers: 4
[3021.002s][debug][gc,phases      ] GC(91)   StringTable Weak               Min:  0.0, Avg:  0.1, Max:  0.1, Diff:  0.1, Sum:  0.3, Workers: 4
[3021.002s][debug][gc,phases      ] GC(91)     Dead                           Min: 0, Avg:  0.2, Max: 1, Diff: 1, Sum: 1, Workers: 4
[3021.002s][debug][gc,phases      ] GC(91)     Total                          Min: 0, Avg: 11047.5, Max: 19520, Diff: 19520, Sum: 44190, Workers: 4
[3021.002s][debug][gc,phases      ] GC(91)   ResolvedMethodTable Weak       Min:  0.0, Avg:  0.0, Max:  0.0, Diff:  0.0, Sum:  0.1, Workers: 4
[3021.002s][debug][gc,phases      ] GC(91)     Dead                           Min: 0, Avg:  0.0, Max: 0, Diff: 0, Sum: 0, Workers: 4
[3021.002s][debug][gc,phases      ] GC(91)     Total                          Min: 0, Avg: 2503.0, Max: 4352, Diff: 4352, Sum: 10012, Workers: 4
[3021.002s][debug][gc,phases      ] GC(91)   JNI Weak                       Min:  0.0, Avg:  0.0, Max:  0.0, Diff:  0.0, Sum:  0.0, Workers: 4
[3021.002s][debug][gc,phases      ] GC(91)     Dead                           Min: 0, Avg:  0.0, Max: 0, Diff: 0, Sum: 0, Workers: 4
[3021.002s][debug][gc,phases      ] GC(91)     Total                          Min: 0, Avg: 11.2, Max: 45, Diff: 45, Sum: 45, Workers: 4
[3021.002s][debug][gc,phases      ] GC(91)   StringDedup Table Weak         Min:  0.0, Avg:  0.0, Max:  0.0, Diff:  0.0, Sum:  0.0, Workers: 4
[3021.002s][debug][gc,phases      ] GC(91)     Dead                           Min: 0, Avg:  0.0, Max: 0, Diff: 0, Sum: 0, Workers: 4
[3021.002s][debug][gc,phases      ] GC(91)     Total                          Min: 0, Avg:  0.0, Max: 0, Diff: 0, Sum: 0, Workers: 4
[3021.002s][debug][gc,phases      ] GC(91)   StringDedup Requests0 Weak     Min:  0.0, Avg:  0.0, Max:  0.0, Diff:  0.0, Sum:  0.0, Workers: 4
[3021.002s][debug][gc,phases      ] GC(91)     Dead                           Min: 0, Avg:  0.0, Max: 0, Diff: 0, Sum: 0, Workers: 4
[3021.002s][debug][gc,phases      ] GC(91)     Total                          Min: 0, Avg:  0.0, Max: 0, Diff: 0, Sum: 0, Workers: 4
[3021.002s][debug][gc,phases      ] GC(91)   StringDedup Requests1 Weak     Min:  0.0, Avg:  0.0, Max:  0.0, Diff:  0.0, Sum:  0.0, Workers: 4
[3021.002s][debug][gc,phases      ] GC(91)     Dead                           Min: 0, Avg:  0.0, Max: 0, Diff: 0, Sum: 0, Workers: 4
[3021.002s][debug][gc,phases      ] GC(91)     Total                          Min: 0, Avg:  0.0, Max: 0, Diff: 0, Sum: 0, Workers: 4
[3021.002s][debug][gc,phases      ] GC(91)   Weak JFR Old Object Samples    Min:  0.0, Avg:  0.0, Max:  0.0, Diff:  0.0, Sum:  0.0, Workers: 4
[3021.002s][debug][gc,phases      ] GC(91)     Dead                           Min: 0, Avg:  0.0, Max: 0, Diff: 0, Sum: 0, Workers: 4
[3021.002s][debug][gc,phases      ] GC(91)     Total                          Min: 0, Avg:  0.0, Max: 0, Diff: 0, Sum: 0, Workers: 4
[3021.002s][debug][gc,phases      ] GC(91) Weak Processing 0.303ms
[3021.002s][debug][gc,age         ] GC(91) Desired survivor size 192413696 bytes, new threshold 15 (max threshold 15)
[3021.002s][info ][gc,heap        ] GC(91) PSYoungGen: 1869780K(1906176K)->145326K(1904128K) Eden: 1713152K(1713152K)->0K(1713152K) From: 156628K(193024K)->145326K(190976K)
[3021.002s][info ][gc,heap        ] GC(91) ParOldGen: 488142K(559616K)->488786K(559616K)
[3021.002s][info ][gc,metaspace   ] GC(91) Metaspace: 84737K(85888K)->84737K(85888K) NonClass: 72770K(73408K)->72770K(73408K) Class: 11967K(12480K)->11967K(12480K)
[3021.002s][info ][gc             ] GC(91) Pause Young (Allocation Failure) 2302M->619M(2406M) 28.117ms
[3021.002s][info ][gc,cpu         ] GC(91) User=0.11s Sys=0.00s Real=0.03s
[3021.002s][info ][safepoint      ] Safepoint "ParallelGCFailedAllocation", Time since last: 150547478 ns, Reaching safepoint: 32600 ns, At safepoint: 28181171 ns, Total: 28213771 ns
[3023.002s][info ][safepoint      ] Safepoint "Cleanup", Time since last: 2000141923 ns, Reaching safepoint: 44700 ns, At safepoint: 4200 ns, Total: 48900 ns
[3024.003s][info ][safepoint      ] Safepoint "Cleanup", Time since last: 1000127111 ns, Reaching safepoint: 47901 ns, At safepoint: 3700 ns, Total: 51601 ns
[3026.003s][info ][safepoint      ] Safepoint "Cleanup", Time since last: 2000173723 ns, Reaching safepoint: 47600 ns, At safepoint: 3000 ns, Total: 50600 ns
[3035.004s][info ][safepoint      ] Safepoint "Cleanup", Time since last: 9000731908 ns, Reaching safepoint: 53800 ns, At safepoint: 3100 ns, Total: 56900 ns
[3045.004s][info ][safepoint      ] Safepoint "Cleanup", Time since last: 10000841454 ns, Reaching safepoint: 46000 ns, At safepoint: 8800 ns, Total: 54800 ns
[3049.005s][info ][safepoint      ] Safepoint "Cleanup", Time since last: 4000318121 ns, Reaching safepoint: 114100 ns, At safepoint: 28400 ns, Total: 142500 ns
[3060.006s][info ][safepoint      ] Safepoint "Cleanup", Time since last: 11000934134 ns, Reaching safepoint: 107101 ns, At safepoint: 27500 ns, Total: 134601 ns
[3065.006s][info ][safepoint      ] Safepoint "Cleanup", Time since last: 5000418628 ns, Reaching safepoint: 112900 ns, At safepoint: 5600 ns, Total: 118500 ns
[3070.007s][info ][safepoint      ] Safepoint "Cleanup", Time since last: 5000444757 ns, Reaching safepoint: 137700 ns, At safepoint: 5300 ns, Total: 143000 ns
[3072.007s][info ][safepoint      ] Safepoint "Cleanup", Time since last: 2000204406 ns, Reaching safepoint: 122600 ns, At safepoint: 5300 ns, Total: 127900 ns
[3075.008s][info ][safepoint      ] Safepoint "Cleanup", Time since last: 3000276096 ns, Reaching safepoint: 110300 ns, At safepoint: 5100 ns, Total: 115400 ns
[3084.009s][info ][safepoint      ] Safepoint "Cleanup", Time since last: 9000704775 ns, Reaching safepoint: 50300 ns, At safepoint: 27000 ns, Total: 77300 ns
[3091.361s][info ][gc,start       ] GC(92) Pause Young (Allocation Failure)
[3091.388s][debug][gc,phases      ] GC(92) Scavenge 27.409ms
[3091.388s][debug][gc,ref         ] GC(92) Skipped phase 1 of Reference Processing: no references
[3091.389s][debug][gc,ref         ] GC(92) ReferenceProcessor::execute queues: 1, RefProcThreadModel::Single, marks_oops_alive: false
[3091.389s][debug][gc,ref         ] GC(92) Skipped phase 3 of Reference Processing: no references
[3091.389s][debug][gc,ref         ] GC(92) ReferenceProcessor::execute queues: 1, RefProcThreadModel::Single, marks_oops_alive: false
[3091.389s][debug][gc,phases      ] GC(92) Reference Processing 0.121ms
[3091.389s][debug][gc,phases      ] GC(92)   VM Weak                        Min:  0.0, Avg:  0.0, Max:  0.0, Diff:  0.0, Sum:  0.0, Workers: 4
[3091.389s][debug][gc,phases      ] GC(92)     Dead                           Min: 0, Avg:  0.0, Max: 0, Diff: 0, Sum: 0, Workers: 4
[3091.389s][debug][gc,phases      ] GC(92)     Total                          Min: 0, Avg: 241.0, Max: 836, Diff: 836, Sum: 964, Workers: 4
[3091.389s][debug][gc,phases      ] GC(92)   ObjectSynchronizer Weak        Min:  0.0, Avg:  0.0, Max:  0.0, Diff:  0.0, Sum:  0.0, Workers: 4
[3091.389s][debug][gc,phases      ] GC(92)     Dead                           Min: 0, Avg:  0.0, Max: 0, Diff: 0, Sum: 0, Workers: 4
[3091.389s][debug][gc,phases      ] GC(92)     Total                          Min: 0, Avg: 14.8, Max: 59, Diff: 59, Sum: 59, Workers: 4
[3091.389s][debug][gc,phases      ] GC(92)   JVMTI Tag Weak OopStorage      Min:  0.0, Avg:  0.0, Max:  0.0, Diff:  0.0, Sum:  0.0, Workers: 4
[3091.389s][debug][gc,phases      ] GC(92)     Dead                           Min: 0, Avg:  0.0, Max: 0, Diff: 0, Sum: 0, Workers: 4
[3091.389s][debug][gc,phases      ] GC(92)     Total                          Min: 0, Avg:  0.0, Max: 0, Diff: 0, Sum: 0, Workers: 4
[3091.389s][debug][gc,phases      ] GC(92)   StringTable Weak               Min:  0.1, Avg:  0.1, Max:  0.1, Diff:  0.0, Sum:  0.4, Workers: 4
[3091.389s][debug][gc,phases      ] GC(92)     Dead                           Min: 0, Avg:  0.0, Max: 0, Diff: 0, Sum: 0, Workers: 4
[3091.389s][debug][gc,phases      ] GC(92)     Total                          Min: 10368, Avg: 11047.5, Max: 11647, Diff: 1279, Sum: 44190, Workers: 4
[3091.389s][debug][gc,phases      ] GC(92)   ResolvedMethodTable Weak       Min:  0.0, Avg:  0.0, Max:  0.0, Diff:  0.0, Sum:  0.1, Workers: 4
[3091.389s][debug][gc,phases      ] GC(92)     Dead                           Min: 0, Avg:  0.0, Max: 0, Diff: 0, Sum: 0, Workers: 4
[3091.389s][debug][gc,phases      ] GC(92)     Total                          Min: 2240, Avg: 2503.0, Max: 2844, Diff: 604, Sum: 10012, Workers: 4
[3091.389s][debug][gc,phases      ] GC(92)   JNI Weak                       Min:  0.0, Avg:  0.0, Max:  0.0, Diff:  0.0, Sum:  0.0, Workers: 4
[3091.389s][debug][gc,phases      ] GC(92)     Dead                           Min: 0, Avg:  0.0, Max: 0, Diff: 0, Sum: 0, Workers: 4
[3091.389s][debug][gc,phases      ] GC(92)     Total                          Min: 0, Avg: 11.2, Max: 45, Diff: 45, Sum: 45, Workers: 4
[3091.389s][debug][gc,phases      ] GC(92)   StringDedup Table Weak         Min:  0.0, Avg:  0.0, Max:  0.0, Diff:  0.0, Sum:  0.0, Workers: 4
[3091.389s][debug][gc,phases      ] GC(92)     Dead                           Min: 0, Avg:  0.0, Max: 0, Diff: 0, Sum: 0, Workers: 4
[3091.389s][debug][gc,phases      ] GC(92)     Total                          Min: 0, Avg:  0.0, Max: 0, Diff: 0, Sum: 0, Workers: 4
[3091.389s][debug][gc,phases      ] GC(92)   StringDedup Requests0 Weak     Min:  0.0, Avg:  0.0, Max:  0.0, Diff:  0.0, Sum:  0.0, Workers: 4
[3091.389s][debug][gc,phases      ] GC(92)     Dead                           Min: 0, Avg:  0.0, Max: 0, Diff: 0, Sum: 0, Workers: 4
[3091.389s][debug][gc,phases      ] GC(92)     Total                          Min: 0, Avg:  0.0, Max: 0, Diff: 0, Sum: 0, Workers: 4
[3091.389s][debug][gc,phases      ] GC(92)   StringDedup Requests1 Weak     Min:  0.0, Avg:  0.0, Max:  0.0, Diff:  0.0, Sum:  0.0, Workers: 4
[3091.389s][debug][gc,phases      ] GC(92)     Dead                           Min: 0, Avg:  0.0, Max: 0, Diff: 0, Sum: 0, Workers: 4
[3091.389s][debug][gc,phases      ] GC(92)     Total                          Min: 0, Avg:  0.0, Max: 0, Diff: 0, Sum: 0, Workers: 4
[3091.389s][debug][gc,phases      ] GC(92)   Weak JFR Old Object Samples    Min:  0.0, Avg:  0.0, Max:  0.0, Diff:  0.0, Sum:  0.0, Workers: 4
[3091.389s][debug][gc,phases      ] GC(92)     Dead                           Min: 0, Avg:  0.0, Max: 0, Diff: 0, Sum: 0, Workers: 4
[3091.389s][debug][gc,phases      ] GC(92)     Total                          Min: 0, Avg:  0.0, Max: 0, Diff: 0, Sum: 0, Workers: 4
[3091.389s][debug][gc,phases      ] GC(92) Weak Processing 0.286ms
[3091.389s][debug][gc,age         ] GC(92) Desired survivor size 191365120 bytes, new threshold 15 (max threshold 15)
[3091.389s][info ][gc,heap        ] GC(92) PSYoungGen: 1858478K(1904128K)->134814K(1910272K) Eden: 1713152K(1713152K)->0K(1722368K) From: 145326K(190976K)->134814K(187904K)
[3091.389s][info ][gc,heap        ] GC(92) ParOldGen: 488786K(559616K)->489986K(559616K)
[3091.389s][info ][gc,metaspace   ] GC(92) Metaspace: 84767K(85952K)->84767K(85952K) NonClass: 72800K(73472K)->72800K(73472K) Class: 11967K(12480K)->11967K(12480K)
[3091.389s][info ][gc             ] GC(92) Pause Young (Allocation Failure) 2292M->610M(2412M) 27.940ms
[3091.389s][info ][gc,cpu         ] GC(92) User=0.10s Sys=0.01s Real=0.02s
[3091.389s][info ][safepoint      ] Safepoint "ParallelGCFailedAllocation", Time since last: 7352311254 ns, Reaching safepoint: 22500 ns, At safepoint: 28013975 ns, Total: 28036475 ns
[3096.389s][info ][safepoint      ] Safepoint "Cleanup", Time since last: 5000398082 ns, Reaching safepoint: 51000 ns, At safepoint: 14001 ns, Total: 65001 ns
[3097.390s][info ][safepoint      ] Safepoint "Cleanup", Time since last: 1000112996 ns, Reaching safepoint: 51400 ns, At safepoint: 2600 ns, Total: 54000 ns
[3099.390s][info ][safepoint      ] Safepoint "Cleanup", Time since last: 2000170402 ns, Reaching safepoint: 40701 ns, At safepoint: 2000 ns, Total: 42701 ns
[3100.390s][info ][safepoint      ] Safepoint "Cleanup", Time since last: 1000104332 ns, Reaching safepoint: 36100 ns, At safepoint: 3400 ns, Total: 39500 ns
[3101.390s][info ][safepoint      ] Safepoint "Cleanup", Time since last: 1000112233 ns, Reaching safepoint: 38200 ns, At safepoint: 2500 ns, Total: 40700 ns
[3106.390s][info ][safepoint      ] Safepoint "Cleanup", Time since last: 5000362864 ns, Reaching safepoint: 40400 ns, At safepoint: 2800 ns, Total: 43200 ns
[3126.392s][info ][safepoint      ] Safepoint "Cleanup", Time since last: 20001375570 ns, Reaching safepoint: 40900 ns, At safepoint: 24700 ns, Total: 65600 ns
[3127.392s][info ][safepoint      ] Safepoint "Cleanup", Time since last: 1000104493 ns, Reaching safepoint: 43200 ns, At safepoint: 4600 ns, Total: 47800 ns
[3134.393s][info ][safepoint      ] Safepoint "Cleanup", Time since last: 7000564353 ns, Reaching safepoint: 40800 ns, At safepoint: 2800 ns, Total: 43600 ns
[3135.393s][info ][safepoint      ] Safepoint "Cleanup", Time since last: 1000113426 ns, Reaching safepoint: 35200 ns, At safepoint: 2700 ns, Total: 37900 ns
[3136.393s][info ][safepoint      ] Safepoint "Cleanup", Time since last: 1000104026 ns, Reaching safepoint: 44300 ns, At safepoint: 3700 ns, Total: 48000 ns
[3143.394s][info ][safepoint      ] Safepoint "Cleanup", Time since last: 7000513041 ns, Reaching safepoint: 49400 ns, At safepoint: 3400 ns, Total: 52800 ns
[3152.394s][info ][safepoint      ] Safepoint "Cleanup", Time since last: 9000643874 ns, Reaching safepoint: 41301 ns, At safepoint: 2800 ns, Total: 44101 ns
[3168.433s][info ][gc,start       ] GC(93) Pause Young (Allocation Failure)
[3168.461s][debug][gc,phases      ] GC(93) Scavenge 27.811ms
[3168.461s][debug][gc,ref         ] GC(93) Skipped phase 1 of Reference Processing: no references
[3168.461s][debug][gc,ref         ] GC(93) ReferenceProcessor::execute queues: 1, RefProcThreadModel::Single, marks_oops_alive: false
[3168.461s][debug][gc,ref         ] GC(93) Skipped phase 3 of Reference Processing: no references
[3168.461s][debug][gc,ref         ] GC(93) ReferenceProcessor::execute queues: 1, RefProcThreadModel::Single, marks_oops_alive: false
[3168.461s][debug][gc,phases      ] GC(93) Reference Processing 0.130ms
[3168.461s][debug][gc,phases      ] GC(93)   VM Weak                        Min:  0.0, Avg:  0.0, Max:  0.0, Diff:  0.0, Sum:  0.0, Workers: 4
[3168.461s][debug][gc,phases      ] GC(93)     Dead                           Min: 0, Avg:  0.0, Max: 0, Diff: 0, Sum: 0, Workers: 4
[3168.461s][debug][gc,phases      ] GC(93)     Total                          Min: 0, Avg: 241.0, Max: 512, Diff: 512, Sum: 964, Workers: 4
[3168.461s][debug][gc,phases      ] GC(93)   ObjectSynchronizer Weak        Min:  0.0, Avg:  0.0, Max:  0.0, Diff:  0.0, Sum:  0.0, Workers: 4
[3168.461s][debug][gc,phases      ] GC(93)     Dead                           Min: 0, Avg:  0.0, Max: 0, Diff: 0, Sum: 0, Workers: 4
[3168.461s][debug][gc,phases      ] GC(93)     Total                          Min: 0, Avg: 14.8, Max: 59, Diff: 59, Sum: 59, Workers: 4
[3168.461s][debug][gc,phases      ] GC(93)   JVMTI Tag Weak OopStorage      Min:  0.0, Avg:  0.0, Max:  0.0, Diff:  0.0, Sum:  0.0, Workers: 4
[3168.461s][debug][gc,phases      ] GC(93)     Dead                           Min: 0, Avg:  0.0, Max: 0, Diff: 0, Sum: 0, Workers: 4
[3168.461s][debug][gc,phases      ] GC(93)     Total                          Min: 0, Avg:  0.0, Max: 0, Diff: 0, Sum: 0, Workers: 4
[3168.461s][debug][gc,phases      ] GC(93)   StringTable Weak               Min:  0.0, Avg:  0.1, Max:  0.1, Diff:  0.1, Sum:  0.3, Workers: 4
[3168.461s][debug][gc,phases      ] GC(93)     Dead                           Min: 0, Avg:  0.0, Max: 0, Diff: 0, Sum: 0, Workers: 4
[3168.461s][debug][gc,phases      ] GC(93)     Total                          Min: 0, Avg: 11050.0, Max: 19519, Diff: 19519, Sum: 44200, Workers: 4
[3168.461s][debug][gc,phases      ] GC(93)   ResolvedMethodTable Weak       Min:  0.0, Avg:  0.0, Max:  0.0, Diff:  0.0, Sum:  0.1, Workers: 4
[3168.461s][debug][gc,phases      ] GC(93)     Dead                           Min: 0, Avg:  0.0, Max: 0, Diff: 0, Sum: 0, Workers: 4
[3168.461s][debug][gc,phases      ] GC(93)     Total                          Min: 0, Avg: 2503.0, Max: 4316, Diff: 4316, Sum: 10012, Workers: 4
[3168.461s][debug][gc,phases      ] GC(93)   JNI Weak                       Min:  0.0, Avg:  0.0, Max:  0.0, Diff:  0.0, Sum:  0.0, Workers: 4
[3168.461s][debug][gc,phases      ] GC(93)     Dead                           Min: 0, Avg:  0.0, Max: 0, Diff: 0, Sum: 0, Workers: 4
[3168.461s][debug][gc,phases      ] GC(93)     Total                          Min: 0, Avg: 11.2, Max: 45, Diff: 45, Sum: 45, Workers: 4
[3168.461s][debug][gc,phases      ] GC(93)   StringDedup Table Weak         Min:  0.0, Avg:  0.0, Max:  0.0, Diff:  0.0, Sum:  0.0, Workers: 4
[3168.461s][debug][gc,phases      ] GC(93)     Dead                           Min: 0, Avg:  0.0, Max: 0, Diff: 0, Sum: 0, Workers: 4
[3168.461s][debug][gc,phases      ] GC(93)     Total                          Min: 0, Avg:  0.0, Max: 0, Diff: 0, Sum: 0, Workers: 4
[3168.461s][debug][gc,phases      ] GC(93)   StringDedup Requests0 Weak     Min:  0.0, Avg:  0.0, Max:  0.0, Diff:  0.0, Sum:  0.0, Workers: 4
[3168.461s][debug][gc,phases      ] GC(93)     Dead                           Min: 0, Avg:  0.0, Max: 0, Diff: 0, Sum: 0, Workers: 4
[3168.461s][debug][gc,phases      ] GC(93)     Total                          Min: 0, Avg:  0.0, Max: 0, Diff: 0, Sum: 0, Workers: 4
[3168.461s][debug][gc,phases      ] GC(93)   StringDedup Requests1 Weak     Min:  0.0, Avg:  0.0, Max:  0.0, Diff:  0.0, Sum:  0.0, Workers: 4
[3168.461s][debug][gc,phases      ] GC(93)     Dead                           Min: 0, Avg:  0.0, Max: 0, Diff: 0, Sum: 0, Workers: 4
[3168.461s][debug][gc,phases      ] GC(93)     Total                          Min: 0, Avg:  0.0, Max: 0, Diff: 0, Sum: 0, Workers: 4
[3168.461s][debug][gc,phases      ] GC(93)   Weak JFR Old Object Samples    Min:  0.0, Avg:  0.0, Max:  0.0, Diff:  0.0, Sum:  0.0, Workers: 4
[3168.461s][debug][gc,phases      ] GC(93)     Dead                           Min: 0, Avg:  0.0, Max: 0, Diff: 0, Sum: 0, Workers: 4
[3168.461s][debug][gc,phases      ] GC(93)     Total                          Min: 0, Avg:  0.0, Max: 0, Diff: 0, Sum: 0, Workers: 4
[3168.461s][debug][gc,phases      ] GC(93) Weak Processing 0.295ms
[3168.461s][debug][gc,age         ] GC(93) Desired survivor size 193986560 bytes, new threshold 15 (max threshold 15)
[3168.461s][info ][gc,heap        ] GC(93) PSYoungGen: 1857182K(1910272K)->110109K(1832960K) Eden: 1722368K(1722368K)->0K(1722368K) From: 134814K(187904K)->110109K(110592K)
[3168.461s][info ][gc,heap        ] GC(93) ParOldGen: 489986K(559616K)->514720K(559616K)
[3168.461s][info ][gc,metaspace   ] GC(93) Metaspace: 84797K(85952K)->84797K(85952K) NonClass: 72826K(73472K)->72826K(73472K) Class: 11970K(12480K)->11970K(12480K)
[3168.462s][info ][gc             ] GC(93) Pause Young (Allocation Failure) 2292M->610M(2336M) 28.364ms
[3168.462s][info ][gc,cpu         ] GC(93) User=0.10s Sys=0.01s Real=0.03s
[3168.462s][info ][safepoint      ] Safepoint "ParallelGCFailedAllocation", Time since last: 16038861509 ns, Reaching safepoint: 22600 ns, At safepoint: 28432774 ns, Total: 28455374 ns
[3173.462s][info ][safepoint      ] Safepoint "Cleanup", Time since last: 5000362598 ns, Reaching safepoint: 38401 ns, At safepoint: 3900 ns, Total: 42301 ns
[3186.463s][info ][safepoint      ] Safepoint "Cleanup", Time since last: 13000954053 ns, Reaching safepoint: 40800 ns, At safepoint: 2900 ns, Total: 43700 ns
[3216.465s][info ][safepoint      ] Safepoint "Cleanup", Time since last: 30002070829 ns, Reaching safepoint: 39100 ns, At safepoint: 3100 ns, Total: 42200 ns
[3217.465s][info ][safepoint      ] Safepoint "Cleanup", Time since last: 1000113518 ns, Reaching safepoint: 42800 ns, At safepoint: 2700 ns, Total: 45500 ns
[3218.465s][info ][safepoint      ] Safepoint "Cleanup", Time since last: 1000105719 ns, Reaching safepoint: 42000 ns, At safepoint: 3800 ns, Total: 45800 ns
[3223.466s][info ][safepoint      ] Safepoint "Cleanup", Time since last: 5000392873 ns, Reaching safepoint: 48700 ns, At safepoint: 3100 ns, Total: 51800 ns
[3227.466s][info ][safepoint      ] Safepoint "Cleanup", Time since last: 4000294004 ns, Reaching safepoint: 57700 ns, At safepoint: 11200 ns, Total: 68900 ns
[3228.466s][info ][safepoint      ] Safepoint "Cleanup", Time since last: 1000106427 ns, Reaching safepoint: 45300 ns, At safepoint: 5200 ns, Total: 50500 ns
[3236.467s][info ][safepoint      ] Safepoint "Cleanup", Time since last: 8000640499 ns, Reaching safepoint: 34000 ns, At safepoint: 26300 ns, Total: 60300 ns
[3240.806s][info ][gc,start       ] GC(94) Pause Young (Allocation Failure)
[3240.831s][debug][gc,phases      ] GC(94) Scavenge 25.055ms
[3240.831s][debug][gc,ref         ] GC(94) Skipped phase 1 of Reference Processing: no references
[3240.831s][debug][gc,ref         ] GC(94) ReferenceProcessor::execute queues: 1, RefProcThreadModel::Single, marks_oops_alive: false
[3240.831s][debug][gc,ref         ] GC(94) Skipped phase 3 of Reference Processing: no references
[3240.831s][debug][gc,ref         ] GC(94) ReferenceProcessor::execute queues: 1, RefProcThreadModel::Single, marks_oops_alive: false
[3240.831s][debug][gc,phases      ] GC(94) Reference Processing 0.095ms
[3240.831s][debug][gc,phases      ] GC(94)   VM Weak                        Min:  0.0, Avg:  0.0, Max:  0.0, Diff:  0.0, Sum:  0.0, Workers: 4
[3240.831s][debug][gc,phases      ] GC(94)     Dead                           Min: 0, Avg:  0.0, Max: 0, Diff: 0, Sum: 0, Workers: 4
[3240.831s][debug][gc,phases      ] GC(94)     Total                          Min: 0, Avg: 241.0, Max: 512, Diff: 512, Sum: 964, Workers: 4
[3240.831s][debug][gc,phases      ] GC(94)   ObjectSynchronizer Weak        Min:  0.0, Avg:  0.0, Max:  0.0, Diff:  0.0, Sum:  0.0, Workers: 4
[3240.831s][debug][gc,phases      ] GC(94)     Dead                           Min: 0, Avg:  0.0, Max: 0, Diff: 0, Sum: 0, Workers: 4
[3240.831s][debug][gc,phases      ] GC(94)     Total                          Min: 0, Avg: 14.8, Max: 59, Diff: 59, Sum: 59, Workers: 4
[3240.831s][debug][gc,phases      ] GC(94)   JVMTI Tag Weak OopStorage      Min:  0.0, Avg:  0.0, Max:  0.0, Diff:  0.0, Sum:  0.0, Workers: 4
[3240.831s][debug][gc,phases      ] GC(94)     Dead                           Min: 0, Avg:  0.0, Max: 0, Diff: 0, Sum: 0, Workers: 4
[3240.831s][debug][gc,phases      ] GC(94)     Total                          Min: 0, Avg:  0.0, Max: 0, Diff: 0, Sum: 0, Workers: 4
[3240.831s][debug][gc,phases      ] GC(94)   StringTable Weak               Min:  0.1, Avg:  0.1, Max:  0.1, Diff:  0.0, Sum:  0.4, Workers: 4
[3240.831s][debug][gc,phases      ] GC(94)     Dead                           Min: 0, Avg:  0.0, Max: 0, Diff: 0, Sum: 0, Workers: 4
[3240.831s][debug][gc,phases      ] GC(94)     Total                          Min: 10176, Avg: 11050.0, Max: 12287, Diff: 2111, Sum: 44200, Workers: 4
[3240.831s][debug][gc,phases      ] GC(94)   ResolvedMethodTable Weak       Min:  0.0, Avg:  0.0, Max:  0.0, Diff:  0.0, Sum:  0.1, Workers: 4
[3240.831s][debug][gc,phases      ] GC(94)     Dead                           Min: 0, Avg:  0.0, Max: 0, Diff: 0, Sum: 0, Workers: 4
[3240.831s][debug][gc,phases      ] GC(94)     Total                          Min: 2304, Avg: 2503.0, Max: 2780, Diff: 476, Sum: 10012, Workers: 4
[3240.831s][debug][gc,phases      ] GC(94)   JNI Weak                       Min:  0.0, Avg:  0.0, Max:  0.0, Diff:  0.0, Sum:  0.0, Workers: 4
[3240.831s][debug][gc,phases      ] GC(94)     Dead                           Min: 0, Avg:  0.0, Max: 0, Diff: 0, Sum: 0, Workers: 4
[3240.831s][debug][gc,phases      ] GC(94)     Total                          Min: 0, Avg: 11.2, Max: 45, Diff: 45, Sum: 45, Workers: 4
[3240.831s][debug][gc,phases      ] GC(94)   StringDedup Table Weak         Min:  0.0, Avg:  0.0, Max:  0.0, Diff:  0.0, Sum:  0.0, Workers: 4
[3240.831s][debug][gc,phases      ] GC(94)     Dead                           Min: 0, Avg:  0.0, Max: 0, Diff: 0, Sum: 0, Workers: 4
[3240.831s][debug][gc,phases      ] GC(94)     Total                          Min: 0, Avg:  0.0, Max: 0, Diff: 0, Sum: 0, Workers: 4
[3240.831s][debug][gc,phases      ] GC(94)   StringDedup Requests0 Weak     Min:  0.0, Avg:  0.0, Max:  0.0, Diff:  0.0, Sum:  0.0, Workers: 4
[3240.831s][debug][gc,phases      ] GC(94)     Dead                           Min: 0, Avg:  0.0, Max: 0, Diff: 0, Sum: 0, Workers: 4
[3240.831s][debug][gc,phases      ] GC(94)     Total                          Min: 0, Avg:  0.0, Max: 0, Diff: 0, Sum: 0, Workers: 4
[3240.831s][debug][gc,phases      ] GC(94)   StringDedup Requests1 Weak     Min:  0.0, Avg:  0.0, Max:  0.0, Diff:  0.0, Sum:  0.0, Workers: 4
[3240.831s][debug][gc,phases      ] GC(94)     Dead                           Min: 0, Avg:  0.0, Max: 0, Diff: 0, Sum: 0, Workers: 4
[3240.831s][debug][gc,phases      ] GC(94)     Total                          Min: 0, Avg:  0.0, Max: 0, Diff: 0, Sum: 0, Workers: 4
[3240.831s][debug][gc,phases      ] GC(94)   Weak JFR Old Object Samples    Min:  0.0, Avg:  0.0, Max:  0.0, Diff:  0.0, Sum:  0.0, Workers: 4
[3240.831s][debug][gc,phases      ] GC(94)     Dead                           Min: 0, Avg:  0.0, Max: 0, Diff: 0, Sum: 0, Workers: 4
[3240.831s][debug][gc,phases      ] GC(94)     Total                          Min: 0, Avg:  0.0, Max: 0, Diff: 0, Sum: 0, Workers: 4
[3240.831s][debug][gc,phases      ] GC(94) Weak Processing 0.281ms
[3240.831s][debug][gc,age         ] GC(94) Desired survivor size 199753728 bytes, new threshold 15 (max threshold 15)
[3240.831s][info ][gc,heap        ] GC(94) PSYoungGen: 1832477K(1832960K)->86461K(1896448K) Eden: 1722368K(1722368K)->0K(1707008K) From: 110109K(110592K)->86461K(189440K)
[3240.831s][info ][gc,heap        ] GC(94) ParOldGen: 514720K(559616K)->540644K(559616K)
[3240.831s][info ][gc,metaspace   ] GC(94) Metaspace: 84806K(85952K)->84806K(85952K) NonClass: 72835K(73472K)->72835K(73472K) Class: 11970K(12480K)->11970K(12480K)
[3240.831s][info ][gc             ] GC(94) Pause Young (Allocation Failure) 2292M->612M(2398M) 25.538ms
[3240.831s][info ][gc,cpu         ] GC(94) User=0.10s Sys=0.00s Real=0.03s
[3240.831s][debug][gc,phases      ] GC(95) Pre Compact 0.007ms
[3240.831s][info ][gc,start       ] GC(95) Pause Full (Ergonomics)
[3240.831s][info ][gc,phases,start] GC(95) Marking Phase
[3240.934s][debug][gc,phases      ] GC(95) Par Mark 102.614ms
[3240.934s][debug][gc,ref         ] GC(95) ReferenceProcessor::execute queues: 4, RefProcThreadModel::Multi, marks_oops_alive: true
[3240.935s][debug][gc,ref         ] GC(95) ReferenceProcessor::execute queues: 4, RefProcThreadModel::Multi, marks_oops_alive: false
[3240.935s][debug][gc,ref         ] GC(95) Skipped phase 3 of Reference Processing: no references
[3240.935s][debug][gc,ref         ] GC(95) ReferenceProcessor::execute queues: 1, RefProcThreadModel::Single, marks_oops_alive: false
[3240.935s][debug][gc,phases      ] GC(95) Reference Processing 1.286ms
[3240.936s][debug][gc,phases      ] GC(95)   VM Weak                        Min:  0.0, Avg:  0.0, Max:  0.0, Diff:  0.0, Sum:  0.0, Workers: 4
[3240.936s][debug][gc,phases      ] GC(95)     Dead                           Min: 0, Avg: 38.5, Max: 80, Diff: 80, Sum: 154, Workers: 4
[3240.936s][debug][gc,phases      ] GC(95)     Total                          Min: 128, Avg: 241.0, Max: 384, Diff: 256, Sum: 964, Workers: 4
[3240.936s][debug][gc,phases      ] GC(95)   ObjectSynchronizer Weak        Min:  0.0, Avg:  0.0, Max:  0.0, Diff:  0.0, Sum:  0.0, Workers: 4
[3240.936s][debug][gc,phases      ] GC(95)     Dead                           Min: 0, Avg:  0.0, Max: 0, Diff: 0, Sum: 0, Workers: 4
[3240.936s][debug][gc,phases      ] GC(95)     Total                          Min: 0, Avg: 14.8, Max: 59, Diff: 59, Sum: 59, Workers: 4
[3240.936s][debug][gc,phases      ] GC(95)   JVMTI Tag Weak OopStorage      Min:  0.0, Avg:  0.0, Max:  0.0, Diff:  0.0, Sum:  0.0, Workers: 4
[3240.936s][debug][gc,phases      ] GC(95)     Dead                           Min: 0, Avg:  0.0, Max: 0, Diff: 0, Sum: 0, Workers: 4
[3240.936s][debug][gc,phases      ] GC(95)     Total                          Min: 0, Avg:  0.0, Max: 0, Diff: 0, Sum: 0, Workers: 4
[3240.936s][debug][gc,phases      ] GC(95)   StringTable Weak               Min:  0.1, Avg:  0.1, Max:  0.1, Diff:  0.0, Sum:  0.5, Workers: 4
[3240.936s][debug][gc,phases      ] GC(95)     Dead                           Min: 69, Avg: 308.2, Max: 619, Diff: 550, Sum: 1233, Workers: 4
[3240.936s][debug][gc,phases      ] GC(95)     Total                          Min: 10304, Avg: 11050.0, Max: 11689, Diff: 1385, Sum: 44200, Workers: 4
[3240.936s][debug][gc,phases      ] GC(95)   ResolvedMethodTable Weak       Min:  0.0, Avg:  0.0, Max:  0.0, Diff:  0.0, Sum:  0.1, Workers: 4
[3240.936s][debug][gc,phases      ] GC(95)     Dead                           Min: 28, Avg: 39.2, Max: 49, Diff: 21, Sum: 157, Workers: 4
[3240.936s][debug][gc,phases      ] GC(95)     Total                          Min: 2304, Avg: 2503.0, Max: 2816, Diff: 512, Sum: 10012, Workers: 4
[3240.936s][debug][gc,phases      ] GC(95)   JNI Weak                       Min:  0.0, Avg:  0.0, Max:  0.0, Diff:  0.0, Sum:  0.0, Workers: 4
[3240.936s][debug][gc,phases      ] GC(95)     Dead                           Min: 0, Avg:  0.0, Max: 0, Diff: 0, Sum: 0, Workers: 4
[3240.936s][debug][gc,phases      ] GC(95)     Total                          Min: 0, Avg: 11.2, Max: 45, Diff: 45, Sum: 45, Workers: 4
[3240.936s][debug][gc,phases      ] GC(95)   StringDedup Table Weak         Min:  0.0, Avg:  0.0, Max:  0.0, Diff:  0.0, Sum:  0.0, Workers: 4
[3240.936s][debug][gc,phases      ] GC(95)     Dead                           Min: 0, Avg:  0.0, Max: 0, Diff: 0, Sum: 0, Workers: 4
[3240.936s][debug][gc,phases      ] GC(95)     Total                          Min: 0, Avg:  0.0, Max: 0, Diff: 0, Sum: 0, Workers: 4
[3240.936s][debug][gc,phases      ] GC(95)   StringDedup Requests0 Weak     Min:  0.0, Avg:  0.0, Max:  0.0, Diff:  0.0, Sum:  0.0, Workers: 4
[3240.936s][debug][gc,phases      ] GC(95)     Dead                           Min: 0, Avg:  0.0, Max: 0, Diff: 0, Sum: 0, Workers: 4
[3240.936s][debug][gc,phases      ] GC(95)     Total                          Min: 0, Avg:  0.0, Max: 0, Diff: 0, Sum: 0, Workers: 4
[3240.936s][debug][gc,phases      ] GC(95)   StringDedup Requests1 Weak     Min:  0.0, Avg:  0.0, Max:  0.0, Diff:  0.0, Sum:  0.0, Workers: 4
[3240.936s][debug][gc,phases      ] GC(95)     Dead                           Min: 0, Avg:  0.0, Max: 0, Diff: 0, Sum: 0, Workers: 4
[3240.936s][debug][gc,phases      ] GC(95)     Total                          Min: 0, Avg:  0.0, Max: 0, Diff: 0, Sum: 0, Workers: 4
[3240.936s][debug][gc,phases      ] GC(95)   Weak JFR Old Object Samples    Min:  0.0, Avg:  0.0, Max:  0.0, Diff:  0.0, Sum:  0.0, Workers: 4
[3240.936s][debug][gc,phases      ] GC(95)     Dead                           Min: 0, Avg:  0.0, Max: 0, Diff: 0, Sum: 0, Workers: 4
[3240.936s][debug][gc,phases      ] GC(95)     Total                          Min: 0, Avg:  0.0, Max: 0, Diff: 0, Sum: 0, Workers: 4
[3240.936s][debug][gc,phases      ] GC(95) Weak Processing 0.312ms
[3240.936s][debug][gc,phases      ] GC(95) ClassLoaderData 0.619ms
[3240.936s][debug][gc,phases      ] GC(95) Trigger cleanups 0.006ms
[3240.967s][debug][gc,phases      ] GC(95) Class Unloading 30.882ms
[3240.967s][info ][gc,phases      ] GC(95) Marking Phase 135.290ms
[3240.967s][info ][gc,phases,start] GC(95) Summary Phase
[3240.967s][info ][gc,phases      ] GC(95) Summary Phase 0.029ms
[3240.967s][info ][gc,phases,start] GC(95) Adjust Roots
[3240.981s][info ][gc,phases      ] GC(95) Adjust Roots 14.069ms
[3240.981s][info ][gc,phases,start] GC(95) Compaction Phase
[3241.097s][info ][gc,phases      ] GC(95) Compaction Phase 116.178ms
[3241.097s][info ][gc,phases,start] GC(95) Post Compact
[3241.098s][info ][gc,phases      ] GC(95) Post Compact 1.301ms
[3241.098s][info ][gc,heap        ] GC(95) PSYoungGen: 86461K(1896448K)->0K(1902080K) Eden: 0K(1707008K)->0K(1707008K) From: 86461K(189440K)->0K(195072K)
[3241.098s][info ][gc,heap        ] GC(95) ParOldGen: 540644K(559616K)->412895K(538112K)
[3241.098s][info ][gc,metaspace   ] GC(95) Metaspace: 84806K(85952K)->84480K(85952K) NonClass: 72835K(73472K)->72587K(73472K) Class: 11970K(12480K)->11892K(12480K)
[3241.098s][info ][gc             ] GC(95) Pause Full (Ergonomics) 612M->403M(2383M) 267.072ms
[3241.098s][info ][gc,cpu         ] GC(95) User=0.91s Sys=0.00s Real=0.27s
[3241.098s][info ][safepoint      ] Safepoint "ParallelGCFailedAllocation", Time since last: 4338586561 ns, Reaching safepoint: 23900 ns, At safepoint: 292745967 ns, Total: 292769867 ns
[3251.099s][info ][safepoint      ] Safepoint "Cleanup", Time since last: 10000802830 ns, Reaching safepoint: 30800 ns, At safepoint: 2600 ns, Total: 33400 ns
[3269.101s][info ][safepoint      ] Safepoint "Cleanup", Time since last: 18001363317 ns, Reaching safepoint: 52699 ns, At safepoint: 6900 ns, Total: 59599 ns
[3286.102s][info ][safepoint      ] Safepoint "Cleanup", Time since last: 17001178414 ns, Reaching safepoint: 48000 ns, At safepoint: 2900 ns, Total: 50900 ns
[3301.103s][info ][safepoint      ] Safepoint "Cleanup", Time since last: 15001226475 ns, Reaching safepoint: 53200 ns, At safepoint: 26100 ns, Total: 79300 ns
[3314.284s][info ][gc,start       ] GC(96) Pause Young (Allocation Failure)
[3314.288s][debug][gc,phases      ] GC(96) Scavenge 3.845ms
[3314.288s][debug][gc,ref         ] GC(96) Skipped phase 1 of Reference Processing: no references
[3314.288s][debug][gc,ref         ] GC(96) ReferenceProcessor::execute queues: 1, RefProcThreadModel::Single, marks_oops_alive: false
[3314.288s][debug][gc,ref         ] GC(96) Skipped phase 3 of Reference Processing: no references
[3314.288s][debug][gc,ref         ] GC(96) ReferenceProcessor::execute queues: 1, RefProcThreadModel::Single, marks_oops_alive: false
[3314.288s][debug][gc,phases      ] GC(96) Reference Processing 0.088ms
[3314.289s][debug][gc,phases      ] GC(96)   VM Weak                        Min:  0.0, Avg:  0.0, Max:  0.0, Diff:  0.0, Sum:  0.0, Workers: 4
[3314.289s][debug][gc,phases      ] GC(96)     Dead                           Min: 0, Avg:  0.0, Max: 0, Diff: 0, Sum: 0, Workers: 4
[3314.289s][debug][gc,phases      ] GC(96)     Total                          Min: 0, Avg: 202.5, Max: 304, Diff: 304, Sum: 810, Workers: 4
[3314.289s][debug][gc,phases      ] GC(96)   ObjectSynchronizer Weak        Min:  0.0, Avg:  0.0, Max:  0.0, Diff:  0.0, Sum:  0.0, Workers: 4
[3314.289s][debug][gc,phases      ] GC(96)     Dead                           Min: 0, Avg:  0.0, Max: 0, Diff: 0, Sum: 0, Workers: 4
[3314.289s][debug][gc,phases      ] GC(96)     Total                          Min: 0, Avg: 14.8, Max: 59, Diff: 59, Sum: 59, Workers: 4
[3314.289s][debug][gc,phases      ] GC(96)   JVMTI Tag Weak OopStorage      Min:  0.0, Avg:  0.0, Max:  0.0, Diff:  0.0, Sum:  0.0, Workers: 4
[3314.289s][debug][gc,phases      ] GC(96)     Dead                           Min: 0, Avg:  0.0, Max: 0, Diff: 0, Sum: 0, Workers: 4
[3314.289s][debug][gc,phases      ] GC(96)     Total                          Min: 0, Avg:  0.0, Max: 0, Diff: 0, Sum: 0, Workers: 4
[3314.289s][debug][gc,phases      ] GC(96)   StringTable Weak               Min:  0.0, Avg:  0.1, Max:  0.1, Diff:  0.1, Sum:  0.3, Workers: 4
[3314.289s][debug][gc,phases      ] GC(96)     Dead                           Min: 0, Avg:  0.2, Max: 1, Diff: 1, Sum: 1, Workers: 4
[3314.289s][debug][gc,phases      ] GC(96)     Total                          Min: 0, Avg: 11051.0, Max: 19182, Diff: 19182, Sum: 44204, Workers: 4
[3314.289s][debug][gc,phases      ] GC(96)   ResolvedMethodTable Weak       Min:  0.0, Avg:  0.0, Max:  0.0, Diff:  0.0, Sum:  0.1, Workers: 4
[3314.289s][debug][gc,phases      ] GC(96)     Dead                           Min: 0, Avg:  0.0, Max: 0, Diff: 0, Sum: 0, Workers: 4
[3314.289s][debug][gc,phases      ] GC(96)     Total                          Min: 0, Avg: 2504.2, Max: 4257, Diff: 4257, Sum: 10017, Workers: 4
[3314.289s][debug][gc,phases      ] GC(96)   JNI Weak                       Min:  0.0, Avg:  0.0, Max:  0.0, Diff:  0.0, Sum:  0.0, Workers: 4
[3314.289s][debug][gc,phases      ] GC(96)     Dead                           Min: 0, Avg:  0.0, Max: 0, Diff: 0, Sum: 0, Workers: 4
[3314.289s][debug][gc,phases      ] GC(96)     Total                          Min: 0, Avg: 11.2, Max: 45, Diff: 45, Sum: 45, Workers: 4
[3314.289s][debug][gc,phases      ] GC(96)   StringDedup Table Weak         Min:  0.0, Avg:  0.0, Max:  0.0, Diff:  0.0, Sum:  0.0, Workers: 4
[3314.289s][debug][gc,phases      ] GC(96)     Dead                           Min: 0, Avg:  0.0, Max: 0, Diff: 0, Sum: 0, Workers: 4
[3314.289s][debug][gc,phases      ] GC(96)     Total                          Min: 0, Avg:  0.0, Max: 0, Diff: 0, Sum: 0, Workers: 4
[3314.289s][debug][gc,phases      ] GC(96)   StringDedup Requests0 Weak     Min:  0.0, Avg:  0.0, Max:  0.0, Diff:  0.0, Sum:  0.0, Workers: 4
[3314.289s][debug][gc,phases      ] GC(96)     Dead                           Min: 0, Avg:  0.0, Max: 0, Diff: 0, Sum: 0, Workers: 4
[3314.289s][debug][gc,phases      ] GC(96)     Total                          Min: 0, Avg:  0.0, Max: 0, Diff: 0, Sum: 0, Workers: 4
[3314.289s][debug][gc,phases      ] GC(96)   StringDedup Requests1 Weak     Min:  0.0, Avg:  0.0, Max:  0.0, Diff:  0.0, Sum:  0.0, Workers: 4
[3314.289s][debug][gc,phases      ] GC(96)     Dead                           Min: 0, Avg:  0.0, Max: 0, Diff: 0, Sum: 0, Workers: 4
[3314.289s][debug][gc,phases      ] GC(96)     Total                          Min: 0, Avg:  0.0, Max: 0, Diff: 0, Sum: 0, Workers: 4
[3314.289s][debug][gc,phases      ] GC(96)   Weak JFR Old Object Samples    Min:  0.0, Avg:  0.0, Max:  0.0, Diff:  0.0, Sum:  0.0, Workers: 4
[3314.289s][debug][gc,phases      ] GC(96)     Dead                           Min: 0, Avg:  0.0, Max: 0, Diff: 0, Sum: 0, Workers: 4
[3314.289s][debug][gc,phases      ] GC(96)     Total                          Min: 0, Avg:  0.0, Max: 0, Diff: 0, Sum: 0, Workers: 4
[3314.289s][debug][gc,phases      ] GC(96) Weak Processing 0.295ms
[3314.289s][debug][gc,age         ] GC(96) Desired survivor size 217579520 bytes, new threshold 15 (max threshold 15)
[3314.289s][info ][gc,heap        ] GC(96) PSYoungGen: 1707008K(1902080K)->3856K(1867264K) Eden: 1707008K(1707008K)->0K(1672192K) From: 0K(195072K)->3856K(195072K)
[3314.289s][info ][gc,heap        ] GC(96) ParOldGen: 412895K(538112K)->412895K(538112K)
[3314.289s][info ][gc,metaspace   ] GC(96) Metaspace: 84493K(85952K)->84493K(85952K) NonClass: 72598K(73472K)->72598K(73472K) Class: 11894K(12480K)->11894K(12480K)
[3314.289s][info ][gc             ] GC(96) Pause Young (Allocation Failure) 2070M->406M(2349M) 4.338ms
[3314.289s][info ][gc,cpu         ] GC(96) User=0.02s Sys=0.00s Real=0.00s
[3314.289s][info ][safepoint      ] Safepoint "ParallelGCFailedAllocation", Time since last: 13181153595 ns, Reaching safepoint: 21900 ns, At safepoint: 4400587 ns, Total: 4422487 ns
[3322.289s][info ][safepoint      ] Safepoint "Cleanup", Time since last: 8000552435 ns, Reaching safepoint: 46800 ns, At safepoint: 2600 ns, Total: 49400 ns
[3324.290s][info ][safepoint      ] Safepoint "Cleanup", Time since last: 2000201618 ns, Reaching safepoint: 50800 ns, At safepoint: 2700 ns, Total: 53500 ns
[3349.291s][info ][safepoint      ] Safepoint "Cleanup", Time since last: 25001772247 ns, Reaching safepoint: 50900 ns, At safepoint: 3100 ns, Total: 54000 ns
[3353.292s][info ][safepoint      ] Safepoint "Cleanup", Time since last: 4000298845 ns, Reaching safepoint: 43500 ns, At safepoint: 3200 ns, Total: 46700 ns
[3368.293s][info ][safepoint      ] Safepoint "Cleanup", Time since last: 15001050808 ns, Reaching safepoint: 37900 ns, At safepoint: 24400 ns, Total: 62300 ns
[3386.439s][info ][safepoint      ] Safepoint "ParallelGCFailedAllocation", Time since last: 18145571799 ns, Reaching safepoint: 38999 ns, At safepoint: 8000 ns, Total: 46999 ns
[3386.439s][info ][gc,start       ] GC(97) Pause Young (GCLocker Initiated GC)
[3386.443s][debug][gc,phases      ] GC(97) Scavenge 4.250ms
[3386.443s][debug][gc,ref         ] GC(97) Skipped phase 1 of Reference Processing: no references
[3386.443s][debug][gc,ref         ] GC(97) ReferenceProcessor::execute queues: 1, RefProcThreadModel::Single, marks_oops_alive: false
[3386.443s][debug][gc,ref         ] GC(97) Skipped phase 3 of Reference Processing: no references
[3386.443s][debug][gc,ref         ] GC(97) ReferenceProcessor::execute queues: 1, RefProcThreadModel::Single, marks_oops_alive: false
[3386.443s][debug][gc,phases      ] GC(97) Reference Processing 0.093ms
[3386.443s][debug][gc,phases      ] GC(97)   VM Weak                        Min:  0.0, Avg:  0.0, Max:  0.0, Diff:  0.0, Sum:  0.0, Workers: 4
[3386.443s][debug][gc,phases      ] GC(97)     Dead                           Min: 0, Avg:  0.0, Max: 0, Diff: 0, Sum: 0, Workers: 4
[3386.443s][debug][gc,phases      ] GC(97)     Total                          Min: 0, Avg: 202.5, Max: 432, Diff: 432, Sum: 810, Workers: 4
[3386.443s][debug][gc,phases      ] GC(97)   ObjectSynchronizer Weak        Min:  0.0, Avg:  0.0, Max:  0.0, Diff:  0.0, Sum:  0.0, Workers: 4
[3386.443s][debug][gc,phases      ] GC(97)     Dead                           Min: 0, Avg:  0.0, Max: 0, Diff: 0, Sum: 0, Workers: 4
[3386.443s][debug][gc,phases      ] GC(97)     Total                          Min: 0, Avg: 14.8, Max: 59, Diff: 59, Sum: 59, Workers: 4
[3386.443s][debug][gc,phases      ] GC(97)   JVMTI Tag Weak OopStorage      Min:  0.0, Avg:  0.0, Max:  0.0, Diff:  0.0, Sum:  0.0, Workers: 4
[3386.443s][debug][gc,phases      ] GC(97)     Dead                           Min: 0, Avg:  0.0, Max: 0, Diff: 0, Sum: 0, Workers: 4
[3386.443s][debug][gc,phases      ] GC(97)     Total                          Min: 0, Avg:  0.0, Max: 0, Diff: 0, Sum: 0, Workers: 4
[3386.443s][debug][gc,phases      ] GC(97)   StringTable Weak               Min:  0.0, Avg:  0.1, Max:  0.1, Diff:  0.1, Sum:  0.3, Workers: 4
[3386.443s][debug][gc,phases      ] GC(97)     Dead                           Min: 0, Avg:  0.0, Max: 0, Diff: 0, Sum: 0, Workers: 4
[3386.443s][debug][gc,phases      ] GC(97)     Total                          Min: 0, Avg: 11051.2, Max: 18623, Diff: 18623, Sum: 44205, Workers: 4
[3386.443s][debug][gc,phases      ] GC(97)   ResolvedMethodTable Weak       Min:  0.0, Avg:  0.0, Max:  0.0, Diff:  0.0, Sum:  0.1, Workers: 4
[3386.443s][debug][gc,phases      ] GC(97)     Dead                           Min: 0, Avg:  0.0, Max: 0, Diff: 0, Sum: 0, Workers: 4
[3386.443s][debug][gc,phases      ] GC(97)     Total                          Min: 0, Avg: 2504.8, Max: 4224, Diff: 4224, Sum: 10019, Workers: 4
[3386.443s][debug][gc,phases      ] GC(97)   JNI Weak                       Min:  0.0, Avg:  0.0, Max:  0.0, Diff:  0.0, Sum:  0.0, Workers: 4
[3386.443s][debug][gc,phases      ] GC(97)     Dead                           Min: 0, Avg:  0.0, Max: 0, Diff: 0, Sum: 0, Workers: 4
[3386.443s][debug][gc,phases      ] GC(97)     Total                          Min: 0, Avg: 11.2, Max: 45, Diff: 45, Sum: 45, Workers: 4
[3386.443s][debug][gc,phases      ] GC(97)   StringDedup Table Weak         Min:  0.0, Avg:  0.0, Max:  0.0, Diff:  0.0, Sum:  0.0, Workers: 4
[3386.443s][debug][gc,phases      ] GC(97)     Dead                           Min: 0, Avg:  0.0, Max: 0, Diff: 0, Sum: 0, Workers: 4
[3386.443s][debug][gc,phases      ] GC(97)     Total                          Min: 0, Avg:  0.0, Max: 0, Diff: 0, Sum: 0, Workers: 4
[3386.443s][debug][gc,phases      ] GC(97)   StringDedup Requests0 Weak     Min:  0.0, Avg:  0.0, Max:  0.0, Diff:  0.0, Sum:  0.0, Workers: 4
[3386.443s][debug][gc,phases      ] GC(97)     Dead                           Min: 0, Avg:  0.0, Max: 0, Diff: 0, Sum: 0, Workers: 4
[3386.443s][debug][gc,phases      ] GC(97)     Total                          Min: 0, Avg:  0.0, Max: 0, Diff: 0, Sum: 0, Workers: 4
[3386.443s][debug][gc,phases      ] GC(97)   StringDedup Requests1 Weak     Min:  0.0, Avg:  0.0, Max:  0.0, Diff:  0.0, Sum:  0.0, Workers: 4
[3386.443s][debug][gc,phases      ] GC(97)     Dead                           Min: 0, Avg:  0.0, Max: 0, Diff: 0, Sum: 0, Workers: 4
[3386.443s][debug][gc,phases      ] GC(97)     Total                          Min: 0, Avg:  0.0, Max: 0, Diff: 0, Sum: 0, Workers: 4
[3386.443s][debug][gc,phases      ] GC(97)   Weak JFR Old Object Samples    Min:  0.0, Avg:  0.0, Max:  0.0, Diff:  0.0, Sum:  0.0, Workers: 4
[3386.443s][debug][gc,phases      ] GC(97)     Dead                           Min: 0, Avg:  0.0, Max: 0, Diff: 0, Sum: 0, Workers: 4
[3386.443s][debug][gc,phases      ] GC(97)     Total                          Min: 0, Avg:  0.0, Max: 0, Diff: 0, Sum: 0, Workers: 4
[3386.444s][debug][gc,phases      ] GC(97) Weak Processing 0.287ms
[3386.444s][debug][gc,age         ] GC(97) Desired survivor size 229113856 bytes, new threshold 15 (max threshold 15)
[3386.444s][info ][gc,heap        ] GC(97) PSYoungGen: 1676048K(1867264K)->6047K(1678336K) Eden: 1672192K(1672192K)->0K(1672192K) From: 3856K(195072K)->6047K(6144K)
[3386.444s][info ][gc,heap        ] GC(97) ParOldGen: 412898K(538112K)->412898K(538112K)
[3386.444s][info ][gc,metaspace   ] GC(97) Metaspace: 84515K(85952K)->84515K(85952K) NonClass: 72619K(73472K)->72619K(73472K) Class: 11895K(12480K)->11895K(12480K)
[3386.444s][info ][gc             ] GC(97) Pause Young (GCLocker Initiated GC) 2039M->409M(2164M) 4.696ms
[3386.444s][info ][gc,cpu         ] GC(97) User=0.02s Sys=0.00s Real=0.00s
[3386.444s][info ][safepoint      ] Safepoint "ParallelGCSystemGC", Time since last: 265200 ns, Reaching safepoint: 29600 ns, At safepoint: 4751795 ns, Total: 4781395 ns
[3399.444s][info ][safepoint      ] Safepoint "Cleanup", Time since last: 13000818396 ns, Reaching safepoint: 40400 ns, At safepoint: 28700 ns, Total: 69100 ns
[3411.445s][info ][safepoint      ] Safepoint "Cleanup", Time since last: 12000844655 ns, Reaching safepoint: 40700 ns, At safepoint: 2800 ns, Total: 43500 ns
[3419.446s][info ][safepoint      ] Safepoint "Cleanup", Time since last: 8000652577 ns, Reaching safepoint: 46800 ns, At safepoint: 2800 ns, Total: 49600 ns
[3432.447s][info ][safepoint      ] Safepoint "Cleanup", Time since last: 13000928605 ns, Reaching safepoint: 41800 ns, At safepoint: 2000 ns, Total: 43800 ns
[3433.447s][info ][safepoint      ] Safepoint "Cleanup", Time since last: 1000127968 ns, Reaching safepoint: 55700 ns, At safepoint: 3000 ns, Total: 58700 ns
[3434.447s][info ][safepoint      ] Safepoint "Cleanup", Time since last: 1000114768 ns, Reaching safepoint: 40800 ns, At safepoint: 4400 ns, Total: 45200 ns
[3435.448s][info ][safepoint      ] Safepoint "Cleanup", Time since last: 1000136422 ns, Reaching safepoint: 42600 ns, At safepoint: 3400 ns, Total: 46000 ns
[3436.448s][info ][safepoint      ] Safepoint "Cleanup", Time since last: 1000147076 ns, Reaching safepoint: 58900 ns, At safepoint: 5700 ns, Total: 64600 ns
[3437.448s][info ][safepoint      ] Safepoint "Cleanup", Time since last: 1000125776 ns, Reaching safepoint: 44000 ns, At safepoint: 3200 ns, Total: 47200 ns
[3445.449s][info ][safepoint      ] Safepoint "Cleanup", Time since last: 8000592067 ns, Reaching safepoint: 51100 ns, At safepoint: 5100 ns, Total: 56200 ns
[3446.646s][info ][gc,start       ] GC(98) Pause Young (Allocation Failure)
[3446.657s][debug][gc,phases      ] GC(98) Scavenge 10.818ms
[3446.657s][debug][gc,ref         ] GC(98) Skipped phase 1 of Reference Processing: no references
[3446.657s][debug][gc,ref         ] GC(98) ReferenceProcessor::execute queues: 1, RefProcThreadModel::Single, marks_oops_alive: false
[3446.657s][debug][gc,ref         ] GC(98) Skipped phase 3 of Reference Processing: no references
[3446.657s][debug][gc,ref         ] GC(98) ReferenceProcessor::execute queues: 1, RefProcThreadModel::Single, marks_oops_alive: false
[3446.657s][debug][gc,phases      ] GC(98) Reference Processing 0.099ms
[3446.657s][debug][gc,phases      ] GC(98)   VM Weak                        Min:  0.0, Avg:  0.0, Max:  0.0, Diff:  0.0, Sum:  0.0, Workers: 4
[3446.657s][debug][gc,phases      ] GC(98)     Dead                           Min: 0, Avg:  0.0, Max: 0, Diff: 0, Sum: 0, Workers: 4
[3446.657s][debug][gc,phases      ] GC(98)     Total                          Min: 0, Avg: 202.5, Max: 810, Diff: 810, Sum: 810, Workers: 4
[3446.657s][debug][gc,phases      ] GC(98)   ObjectSynchronizer Weak        Min:  0.0, Avg:  0.0, Max:  0.0, Diff:  0.0, Sum:  0.0, Workers: 4
[3446.657s][debug][gc,phases      ] GC(98)     Dead                           Min: 0, Avg:  0.0, Max: 0, Diff: 0, Sum: 0, Workers: 4
[3446.657s][debug][gc,phases      ] GC(98)     Total                          Min: 0, Avg: 14.8, Max: 59, Diff: 59, Sum: 59, Workers: 4
[3446.657s][debug][gc,phases      ] GC(98)   JVMTI Tag Weak OopStorage      Min:  0.0, Avg:  0.0, Max:  0.0, Diff:  0.0, Sum:  0.0, Workers: 4
[3446.657s][debug][gc,phases      ] GC(98)     Dead                           Min: 0, Avg:  0.0, Max: 0, Diff: 0, Sum: 0, Workers: 4
[3446.657s][debug][gc,phases      ] GC(98)     Total                          Min: 0, Avg:  0.0, Max: 0, Diff: 0, Sum: 0, Workers: 4
[3446.657s][debug][gc,phases      ] GC(98)   StringTable Weak               Min:  0.0, Avg:  0.1, Max:  0.1, Diff:  0.1, Sum:  0.3, Workers: 4
[3446.657s][debug][gc,phases      ] GC(98)     Dead                           Min: 0, Avg:  0.0, Max: 0, Diff: 0, Sum: 0, Workers: 4
[3446.657s][debug][gc,phases      ] GC(98)     Total                          Min: 0, Avg: 11051.2, Max: 19183, Diff: 19183, Sum: 44205, Workers: 4
[3446.657s][debug][gc,phases      ] GC(98)   ResolvedMethodTable Weak       Min:  0.0, Avg:  0.0, Max:  0.0, Diff:  0.0, Sum:  0.1, Workers: 4
[3446.657s][debug][gc,phases      ] GC(98)     Dead                           Min: 0, Avg:  0.0, Max: 0, Diff: 0, Sum: 0, Workers: 4
[3446.657s][debug][gc,phases      ] GC(98)     Total                          Min: 0, Avg: 2504.8, Max: 4259, Diff: 4259, Sum: 10019, Workers: 4
[3446.657s][debug][gc,phases      ] GC(98)   JNI Weak                       Min:  0.0, Avg:  0.0, Max:  0.0, Diff:  0.0, Sum:  0.0, Workers: 4
[3446.657s][debug][gc,phases      ] GC(98)     Dead                           Min: 0, Avg:  0.0, Max: 0, Diff: 0, Sum: 0, Workers: 4
[3446.657s][debug][gc,phases      ] GC(98)     Total                          Min: 0, Avg: 11.2, Max: 45, Diff: 45, Sum: 45, Workers: 4
[3446.657s][debug][gc,phases      ] GC(98)   StringDedup Table Weak         Min:  0.0, Avg:  0.0, Max:  0.0, Diff:  0.0, Sum:  0.0, Workers: 4
[3446.657s][debug][gc,phases      ] GC(98)     Dead                           Min: 0, Avg:  0.0, Max: 0, Diff: 0, Sum: 0, Workers: 4
[3446.657s][debug][gc,phases      ] GC(98)     Total                          Min: 0, Avg:  0.0, Max: 0, Diff: 0, Sum: 0, Workers: 4
[3446.657s][debug][gc,phases      ] GC(98)   StringDedup Requests0 Weak     Min:  0.0, Avg:  0.0, Max:  0.0, Diff:  0.0, Sum:  0.0, Workers: 4
[3446.657s][debug][gc,phases      ] GC(98)     Dead                           Min: 0, Avg:  0.0, Max: 0, Diff: 0, Sum: 0, Workers: 4
[3446.657s][debug][gc,phases      ] GC(98)     Total                          Min: 0, Avg:  0.0, Max: 0, Diff: 0, Sum: 0, Workers: 4
[3446.657s][debug][gc,phases      ] GC(98)   StringDedup Requests1 Weak     Min:  0.0, Avg:  0.0, Max:  0.0, Diff:  0.0, Sum:  0.0, Workers: 4
[3446.657s][debug][gc,phases      ] GC(98)     Dead                           Min: 0, Avg:  0.0, Max: 0, Diff: 0, Sum: 0, Workers: 4
[3446.657s][debug][gc,phases      ] GC(98)     Total                          Min: 0, Avg:  0.0, Max: 0, Diff: 0, Sum: 0, Workers: 4
[3446.657s][debug][gc,phases      ] GC(98)   Weak JFR Old Object Samples    Min:  0.0, Avg:  0.0, Max:  0.0, Diff:  0.0, Sum:  0.0, Workers: 4
[3446.657s][debug][gc,phases      ] GC(98)     Dead                           Min: 0, Avg:  0.0, Max: 0, Diff: 0, Sum: 0, Workers: 4
[3446.657s][debug][gc,phases      ] GC(98)     Total                          Min: 0, Avg:  0.0, Max: 0, Diff: 0, Sum: 0, Workers: 4
[3446.657s][debug][gc,phases      ] GC(98) Weak Processing 0.297ms
[3446.657s][debug][gc,age         ] GC(98) Desired survivor size 231211008 bytes, new threshold 15 (max threshold 15)
[3446.657s][info ][gc,heap        ] GC(98) PSYoungGen: 1678239K(1678336K)->38432K(1869312K) Eden: 1672192K(1672192K)->0K(1645568K) From: 6047K(6144K)->38432K(223744K)
[3446.657s][info ][gc,heap        ] GC(98) ParOldGen: 412900K(538112K)->412900K(538112K)
[3446.657s][info ][gc,metaspace   ] GC(98) Metaspace: 84516K(85952K)->84516K(85952K) NonClass: 72621K(73472K)->72621K(73472K) Class: 11895K(12480K)->11895K(12480K)
[3446.657s][info ][gc             ] GC(98) Pause Young (Allocation Failure) 2042M->440M(2351M) 11.326ms
[3446.657s][info ][gc,cpu         ] GC(98) User=0.05s Sys=0.00s Real=0.01s
[3446.657s][info ][safepoint      ] Safepoint "ParallelGCFailedAllocation", Time since last: 1197321835 ns, Reaching safepoint: 42100 ns, At safepoint: 11393803 ns, Total: 11435903 ns
[3450.658s][info ][safepoint      ] Safepoint "Cleanup", Time since last: 4000320779 ns, Reaching safepoint: 117399 ns, At safepoint: 7000 ns, Total: 124399 ns
[3462.659s][info ][safepoint      ] Safepoint "Cleanup", Time since last: 12000893486 ns, Reaching safepoint: 112200 ns, At safepoint: 6000 ns, Total: 118200 ns
[3463.659s][info ][safepoint      ] Safepoint "Cleanup", Time since last: 1000118291 ns, Reaching safepoint: 112400 ns, At safepoint: 6200 ns, Total: 118600 ns
[3476.660s][info ][safepoint      ] Safepoint "Cleanup", Time since last: 13000983102 ns, Reaching safepoint: 50500 ns, At safepoint: 4300 ns, Total: 54800 ns
[3498.662s][info ][safepoint      ] Safepoint "Cleanup", Time since last: 22001580869 ns, Reaching safepoint: 40600 ns, At safepoint: 3400 ns, Total: 44000 ns
[3503.662s][info ][safepoint      ] Safepoint "Cleanup", Time since last: 5000387814 ns, Reaching safepoint: 40600 ns, At safepoint: 3300 ns, Total: 43900 ns
[3504.662s][info ][safepoint      ] Safepoint "Cleanup", Time since last: 1000115470 ns, Reaching safepoint: 40800 ns, At safepoint: 12300 ns, Total: 53100 ns
[3506.291s][info ][gc,start       ] GC(99) Pause Young (Allocation Failure)
[3506.302s][debug][gc,phases      ] GC(99) Scavenge 11.387ms
[3506.302s][debug][gc,ref         ] GC(99) Skipped phase 1 of Reference Processing: no references
[3506.302s][debug][gc,ref         ] GC(99) ReferenceProcessor::execute queues: 1, RefProcThreadModel::Single, marks_oops_alive: false
[3506.302s][debug][gc,ref         ] GC(99) Skipped phase 3 of Reference Processing: no references
[3506.302s][debug][gc,ref         ] GC(99) ReferenceProcessor::execute queues: 1, RefProcThreadModel::Single, marks_oops_alive: false
[3506.302s][debug][gc,phases      ] GC(99) Reference Processing 0.098ms
[3506.302s][debug][gc,phases      ] GC(99)   VM Weak                        Min:  0.0, Avg:  0.0, Max:  0.0, Diff:  0.0, Sum:  0.0, Workers: 4
[3506.302s][debug][gc,phases      ] GC(99)     Dead                           Min: 0, Avg:  0.0, Max: 0, Diff: 0, Sum: 0, Workers: 4
[3506.302s][debug][gc,phases      ] GC(99)     Total                          Min: 0, Avg: 202.5, Max: 507, Diff: 507, Sum: 810, Workers: 4
[3506.302s][debug][gc,phases      ] GC(99)   ObjectSynchronizer Weak        Min:  0.0, Avg:  0.0, Max:  0.0, Diff:  0.0, Sum:  0.0, Workers: 4
[3506.302s][debug][gc,phases      ] GC(99)     Dead                           Min: 0, Avg:  0.0, Max: 0, Diff: 0, Sum: 0, Workers: 4
[3506.302s][debug][gc,phases      ] GC(99)     Total                          Min: 0, Avg: 14.8, Max: 59, Diff: 59, Sum: 59, Workers: 4
[3506.302s][debug][gc,phases      ] GC(99)   JVMTI Tag Weak OopStorage      Min:  0.0, Avg:  0.0, Max:  0.0, Diff:  0.0, Sum:  0.0, Workers: 4
[3506.302s][debug][gc,phases      ] GC(99)     Dead                           Min: 0, Avg:  0.0, Max: 0, Diff: 0, Sum: 0, Workers: 4
[3506.302s][debug][gc,phases      ] GC(99)     Total                          Min: 0, Avg:  0.0, Max: 0, Diff: 0, Sum: 0, Workers: 4
[3506.302s][debug][gc,phases      ] GC(99)   StringTable Weak               Min:  0.1, Avg:  0.1, Max:  0.1, Diff:  0.0, Sum:  0.4, Workers: 4
[3506.302s][debug][gc,phases      ] GC(99)     Dead                           Min: 0, Avg:  0.0, Max: 0, Diff: 0, Sum: 0, Workers: 4
[3506.302s][debug][gc,phases      ] GC(99)     Total                          Min: 10414, Avg: 11051.2, Max: 11520, Diff: 1106, Sum: 44205, Workers: 4
[3506.302s][debug][gc,phases      ] GC(99)   ResolvedMethodTable Weak       Min:  0.0, Avg:  0.0, Max:  0.0, Diff:  0.0, Sum:  0.1, Workers: 4
[3506.302s][debug][gc,phases      ] GC(99)     Dead                           Min: 0, Avg:  0.0, Max: 0, Diff: 0, Sum: 0, Workers: 4
[3506.302s][debug][gc,phases      ] GC(99)     Total                          Min: 2403, Avg: 2504.8, Max: 2624, Diff: 221, Sum: 10019, Workers: 4
[3506.302s][debug][gc,phases      ] GC(99)   JNI Weak                       Min:  0.0, Avg:  0.0, Max:  0.0, Diff:  0.0, Sum:  0.0, Workers: 4
[3506.302s][debug][gc,phases      ] GC(99)     Dead                           Min: 0, Avg:  0.0, Max: 0, Diff: 0, Sum: 0, Workers: 4
[3506.302s][debug][gc,phases      ] GC(99)     Total                          Min: 0, Avg: 11.2, Max: 45, Diff: 45, Sum: 45, Workers: 4
[3506.302s][debug][gc,phases      ] GC(99)   StringDedup Table Weak         Min:  0.0, Avg:  0.0, Max:  0.0, Diff:  0.0, Sum:  0.0, Workers: 4
[3506.302s][debug][gc,phases      ] GC(99)     Dead                           Min: 0, Avg:  0.0, Max: 0, Diff: 0, Sum: 0, Workers: 4
[3506.302s][debug][gc,phases      ] GC(99)     Total                          Min: 0, Avg:  0.0, Max: 0, Diff: 0, Sum: 0, Workers: 4
[3506.302s][debug][gc,phases      ] GC(99)   StringDedup Requests0 Weak     Min:  0.0, Avg:  0.0, Max:  0.0, Diff:  0.0, Sum:  0.0, Workers: 4
[3506.302s][debug][gc,phases      ] GC(99)     Dead                           Min: 0, Avg:  0.0, Max: 0, Diff: 0, Sum: 0, Workers: 4
[3506.302s][debug][gc,phases      ] GC(99)     Total                          Min: 0, Avg:  0.0, Max: 0, Diff: 0, Sum: 0, Workers: 4
[3506.302s][debug][gc,phases      ] GC(99)   StringDedup Requests1 Weak     Min:  0.0, Avg:  0.0, Max:  0.0, Diff:  0.0, Sum:  0.0, Workers: 4
[3506.302s][debug][gc,phases      ] GC(99)     Dead                           Min: 0, Avg:  0.0, Max: 0, Diff: 0, Sum: 0, Workers: 4
[3506.302s][debug][gc,phases      ] GC(99)     Total                          Min: 0, Avg:  0.0, Max: 0, Diff: 0, Sum: 0, Workers: 4
[3506.302s][debug][gc,phases      ] GC(99)   Weak JFR Old Object Samples    Min:  0.0, Avg:  0.0, Max:  0.0, Diff:  0.0, Sum:  0.0, Workers: 4
[3506.302s][debug][gc,phases      ] GC(99)     Dead                           Min: 0, Avg:  0.0, Max: 0, Diff: 0, Sum: 0, Workers: 4
[3506.302s][debug][gc,phases      ] GC(99)     Total                          Min: 0, Avg:  0.0, Max: 0, Diff: 0, Sum: 0, Workers: 4
[3506.302s][debug][gc,phases      ] GC(99) Weak Processing 0.286ms
[3506.302s][debug][gc,age         ] GC(99) Desired survivor size 229113856 bytes, new threshold 15 (max threshold 15)
[3506.302s][info ][gc,heap        ] GC(99) PSYoungGen: 1684000K(1869312K)->47552K(1871360K) Eden: 1645568K(1645568K)->0K(1645568K) From: 38432K(223744K)->47552K(225792K)
[3506.302s][info ][gc,heap        ] GC(99) ParOldGen: 412900K(538112K)->412900K(538112K)
[3506.302s][info ][gc,metaspace   ] GC(99) Metaspace: 84522K(85952K)->84522K(85952K) NonClass: 72626K(73472K)->72626K(73472K) Class: 11895K(12480K)->11895K(12480K)
[3506.303s][info ][gc             ] GC(99) Pause Young (Allocation Failure) 2047M->449M(2353M) 11.890ms
[3506.303s][info ][gc,cpu         ] GC(99) User=0.05s Sys=0.00s Real=0.01s
[3506.303s][info ][safepoint      ] Safepoint "ParallelGCFailedAllocation", Time since last: 1628192602 ns, Reaching safepoint: 93400 ns, At safepoint: 11961405 ns, Total: 12054805 ns
[3516.303s][info ][safepoint      ] Safepoint "Cleanup", Time since last: 10000699978 ns, Reaching safepoint: 43700 ns, At safepoint: 27800 ns, Total: 71500 ns
[3523.304s][info ][safepoint      ] Safepoint "Cleanup", Time since last: 7000591030 ns, Reaching safepoint: 37200 ns, At safepoint: 2700 ns, Total: 39900 ns
[3553.306s][info ][safepoint      ] Safepoint "Cleanup", Time since last: 30002094253 ns, Reaching safepoint: 128100 ns, At safepoint: 8100 ns, Total: 136200 ns
[3555.508s][info ][gc,start       ] GC(100) Pause Young (Allocation Failure)
[3555.525s][debug][gc,phases      ] GC(100) Scavenge 17.450ms
[3555.525s][debug][gc,ref         ] GC(100) Skipped phase 1 of Reference Processing: no references
[3555.525s][debug][gc,ref         ] GC(100) ReferenceProcessor::execute queues: 1, RefProcThreadModel::Single, marks_oops_alive: false
[3555.525s][debug][gc,ref         ] GC(100) Skipped phase 3 of Reference Processing: no references
[3555.525s][debug][gc,ref         ] GC(100) ReferenceProcessor::execute queues: 1, RefProcThreadModel::Single, marks_oops_alive: false
[3555.525s][debug][gc,phases      ] GC(100) Reference Processing 0.097ms
[3555.525s][debug][gc,phases      ] GC(100)   VM Weak                        Min:  0.0, Avg:  0.0, Max:  0.0, Diff:  0.0, Sum:  0.0, Workers: 4
[3555.525s][debug][gc,phases      ] GC(100)     Dead                           Min: 0, Avg:  0.0, Max: 0, Diff: 0, Sum: 0, Workers: 4
[3555.525s][debug][gc,phases      ] GC(100)     Total                          Min: 0, Avg: 202.5, Max: 438, Diff: 438, Sum: 810, Workers: 4
[3555.525s][debug][gc,phases      ] GC(100)   ObjectSynchronizer Weak        Min:  0.0, Avg:  0.0, Max:  0.0, Diff:  0.0, Sum:  0.0, Workers: 4
[3555.525s][debug][gc,phases      ] GC(100)     Dead                           Min: 0, Avg:  0.0, Max: 0, Diff: 0, Sum: 0, Workers: 4
[3555.525s][debug][gc,phases      ] GC(100)     Total                          Min: 0, Avg: 14.8, Max: 59, Diff: 59, Sum: 59, Workers: 4
[3555.525s][debug][gc,phases      ] GC(100)   JVMTI Tag Weak OopStorage      Min:  0.0, Avg:  0.0, Max:  0.0, Diff:  0.0, Sum:  0.0, Workers: 4
[3555.525s][debug][gc,phases      ] GC(100)     Dead                           Min: 0, Avg:  0.0, Max: 0, Diff: 0, Sum: 0, Workers: 4
[3555.525s][debug][gc,phases      ] GC(100)     Total                          Min: 0, Avg:  0.0, Max: 0, Diff: 0, Sum: 0, Workers: 4
[3555.525s][debug][gc,phases      ] GC(100)   StringTable Weak               Min:  0.0, Avg:  0.1, Max:  0.1, Diff:  0.1, Sum:  0.3, Workers: 4
[3555.525s][debug][gc,phases      ] GC(100)     Dead                           Min: 0, Avg:  0.0, Max: 0, Diff: 0, Sum: 0, Workers: 4
[3555.525s][debug][gc,phases      ] GC(100)     Total                          Min: 0, Avg: 11051.2, Max: 18559, Diff: 18559, Sum: 44205, Workers: 4
[3555.525s][debug][gc,phases      ] GC(100)   ResolvedMethodTable Weak       Min:  0.0, Avg:  0.0, Max:  0.0, Diff:  0.0, Sum:  0.1, Workers: 4
[3555.525s][debug][gc,phases      ] GC(100)     Dead                           Min: 0, Avg:  0.0, Max: 0, Diff: 0, Sum: 0, Workers: 4
[3555.525s][debug][gc,phases      ] GC(100)     Total                          Min: 0, Avg: 2504.8, Max: 4160, Diff: 4160, Sum: 10019, Workers: 4
[3555.525s][debug][gc,phases      ] GC(100)   JNI Weak                       Min:  0.0, Avg:  0.0, Max:  0.0, Diff:  0.0, Sum:  0.0, Workers: 4
[3555.525s][debug][gc,phases      ] GC(100)     Dead                           Min: 0, Avg:  0.0, Max: 0, Diff: 0, Sum: 0, Workers: 4
[3555.525s][debug][gc,phases      ] GC(100)     Total                          Min: 0, Avg: 11.2, Max: 45, Diff: 45, Sum: 45, Workers: 4
[3555.526s][debug][gc,phases      ] GC(100)   StringDedup Table Weak         Min:  0.0, Avg:  0.0, Max:  0.0, Diff:  0.0, Sum:  0.0, Workers: 4
[3555.526s][debug][gc,phases      ] GC(100)     Dead                           Min: 0, Avg:  0.0, Max: 0, Diff: 0, Sum: 0, Workers: 4
[3555.526s][debug][gc,phases      ] GC(100)     Total                          Min: 0, Avg:  0.0, Max: 0, Diff: 0, Sum: 0, Workers: 4
[3555.526s][debug][gc,phases      ] GC(100)   StringDedup Requests0 Weak     Min:  0.0, Avg:  0.0, Max:  0.0, Diff:  0.0, Sum:  0.0, Workers: 4
[3555.526s][debug][gc,phases      ] GC(100)     Dead                           Min: 0, Avg:  0.0, Max: 0, Diff: 0, Sum: 0, Workers: 4
[3555.526s][debug][gc,phases      ] GC(100)     Total                          Min: 0, Avg:  0.0, Max: 0, Diff: 0, Sum: 0, Workers: 4
[3555.526s][debug][gc,phases      ] GC(100)   StringDedup Requests1 Weak     Min:  0.0, Avg:  0.0, Max:  0.0, Diff:  0.0, Sum:  0.0, Workers: 4
[3555.526s][debug][gc,phases      ] GC(100)     Dead                           Min: 0, Avg:  0.0, Max: 0, Diff: 0, Sum: 0, Workers: 4
[3555.526s][debug][gc,phases      ] GC(100)     Total                          Min: 0, Avg:  0.0, Max: 0, Diff: 0, Sum: 0, Workers: 4
[3555.526s][debug][gc,phases      ] GC(100)   Weak JFR Old Object Samples    Min:  0.0, Avg:  0.0, Max:  0.0, Diff:  0.0, Sum:  0.0, Workers: 4
[3555.526s][debug][gc,phases      ] GC(100)     Dead                           Min: 0, Avg:  0.0, Max: 0, Diff: 0, Sum: 0, Workers: 4
[3555.526s][debug][gc,phases      ] GC(100)     Total                          Min: 0, Avg:  0.0, Max: 0, Diff: 0, Sum: 0, Workers: 4
[3555.526s][debug][gc,phases      ] GC(100) Weak Processing 0.303ms
[3555.526s][debug][gc,age         ] GC(100) Desired survivor size 221249536 bytes, new threshold 15 (max threshold 15)
[3555.526s][info ][gc,heap        ] GC(100) PSYoungGen: 1693120K(1871360K)->72080K(1881088K) Eden: 1645568K(1645568K)->0K(1657344K) From: 47552K(225792K)->72080K(223744K)
[3555.526s][info ][gc,heap        ] GC(100) ParOldGen: 412900K(538112K)->412900K(538112K)
[3555.526s][info ][gc,metaspace   ] GC(100) Metaspace: 84522K(85952K)->84522K(85952K) NonClass: 72626K(73472K)->72626K(73472K) Class: 11895K(12480K)->11895K(12480K)
[3555.526s][info ][gc             ] GC(100) Pause Young (Allocation Failure) 2056M->473M(2362M) 17.966ms
[3555.526s][info ][gc,cpu         ] GC(100) User=0.07s Sys=0.00s Real=0.02s
[3555.526s][info ][safepoint      ] Safepoint "ParallelGCFailedAllocation", Time since last: 2201270612 ns, Reaching safepoint: 126400 ns, At safepoint: 18069933 ns, Total: 18196333 ns
[3557.526s][info ][safepoint      ] Safepoint "Cleanup", Time since last: 2000137379 ns, Reaching safepoint: 38100 ns, At safepoint: 3100 ns, Total: 41200 ns
[3564.526s][info ][safepoint      ] Safepoint "Cleanup", Time since last: 7000516759 ns, Reaching safepoint: 40100 ns, At safepoint: 5200 ns, Total: 45300 ns
[3567.527s][info ][safepoint      ] Safepoint "Cleanup", Time since last: 3000235589 ns, Reaching safepoint: 48900 ns, At safepoint: 3200 ns, Total: 52100 ns
[3572.527s][info ][safepoint      ] Safepoint "Cleanup", Time since last: 5000373696 ns, Reaching safepoint: 38500 ns, At safepoint: 2600 ns, Total: 41100 ns
[3573.527s][info ][safepoint      ] Safepoint "Cleanup", Time since last: 1000102005 ns, Reaching safepoint: 52300 ns, At safepoint: 3600 ns, Total: 55900 ns
[3582.528s][info ][safepoint      ] Safepoint "Cleanup", Time since last: 9000621099 ns, Reaching safepoint: 43800 ns, At safepoint: 31200 ns, Total: 75000 ns
[3583.528s][info ][safepoint      ] Safepoint "Cleanup", Time since last: 1000129504 ns, Reaching safepoint: 52200 ns, At safepoint: 6200 ns, Total: 58400 ns
[3592.529s][info ][safepoint      ] Safepoint "Cleanup", Time since last: 9000672137 ns, Reaching safepoint: 29900 ns, At safepoint: 3100 ns, Total: 33000 ns
[3595.529s][info ][safepoint      ] Safepoint "Cleanup", Time since last: 3000251737 ns, Reaching safepoint: 54700 ns, At safepoint: 6800 ns, Total: 61500 ns
[3602.530s][info ][safepoint      ] Safepoint "Cleanup", Time since last: 7000514806 ns, Reaching safepoint: 51800 ns, At safepoint: 3400 ns, Total: 55200 ns
[3604.530s][info ][safepoint      ] Safepoint "Cleanup", Time since last: 2000162409 ns, Reaching safepoint: 33700 ns, At safepoint: 2700 ns, Total: 36400 ns
[3611.207s][info ][safepoint      ] Safepoint "Cleanup", Time since last: 6676704599 ns, Reaching safepoint: 118100 ns, At safepoint: 9100 ns, Total: 127200 ns
[3612.207s][info ][safepoint      ] Safepoint "Cleanup", Time since last: 1000097263 ns, Reaching safepoint: 132600 ns, At safepoint: 7200 ns, Total: 139800 ns
[3614.210s][info ][safepoint      ] Safepoint "Cleanup", Time since last: 2002712130 ns, Reaching safepoint: 116700 ns, At safepoint: 4100 ns, Total: 120800 ns
[3615.210s][info ][safepoint      ] Safepoint "Cleanup", Time since last: 1000098863 ns, Reaching safepoint: 112000 ns, At safepoint: 6800 ns, Total: 118800 ns
[3617.210s][info ][safepoint      ] Safepoint "Cleanup", Time since last: 2000163327 ns, Reaching safepoint: 106500 ns, At safepoint: 5400 ns, Total: 111900 ns
[3618.211s][info ][safepoint      ] Safepoint "Cleanup", Time since last: 1000106363 ns, Reaching safepoint: 111500 ns, At safepoint: 6300 ns, Total: 117800 ns
[3618.647s][info ][gc,start       ] GC(101) Pause Young (Allocation Failure)
[3618.674s][debug][gc,phases      ] GC(101) Scavenge 26.175ms
[3618.674s][debug][gc,ref         ] GC(101) Skipped phase 1 of Reference Processing: no references
[3618.674s][debug][gc,ref         ] GC(101) ReferenceProcessor::execute queues: 1, RefProcThreadModel::Single, marks_oops_alive: false
[3618.674s][debug][gc,ref         ] GC(101) Skipped phase 3 of Reference Processing: no references
[3618.674s][debug][gc,ref         ] GC(101) ReferenceProcessor::execute queues: 1, RefProcThreadModel::Single, marks_oops_alive: false
[3618.674s][debug][gc,phases      ] GC(101) Reference Processing 0.095ms
[3618.674s][debug][gc,phases      ] GC(101)   VM Weak                        Min:  0.0, Avg:  0.0, Max:  0.0, Diff:  0.0, Sum:  0.0, Workers: 4
[3618.674s][debug][gc,phases      ] GC(101)     Dead                           Min: 0, Avg:  0.0, Max: 0, Diff: 0, Sum: 0, Workers: 4
[3618.674s][debug][gc,phases      ] GC(101)     Total                          Min: 0, Avg: 206.2, Max: 742, Diff: 742, Sum: 825, Workers: 4
[3618.674s][debug][gc,phases      ] GC(101)   ObjectSynchronizer Weak        Min:  0.0, Avg:  0.0, Max:  0.0, Diff:  0.0, Sum:  0.0, Workers: 4
[3618.674s][debug][gc,phases      ] GC(101)     Dead                           Min: 0, Avg:  0.0, Max: 0, Diff: 0, Sum: 0, Workers: 4
[3618.674s][debug][gc,phases      ] GC(101)     Total                          Min: 0, Avg: 15.0, Max: 60, Diff: 60, Sum: 60, Workers: 4
[3618.674s][debug][gc,phases      ] GC(101)   JVMTI Tag Weak OopStorage      Min:  0.0, Avg:  0.0, Max:  0.0, Diff:  0.0, Sum:  0.0, Workers: 4
[3618.674s][debug][gc,phases      ] GC(101)     Dead                           Min: 0, Avg:  0.0, Max: 0, Diff: 0, Sum: 0, Workers: 4
[3618.674s][debug][gc,phases      ] GC(101)     Total                          Min: 0, Avg:  0.0, Max: 0, Diff: 0, Sum: 0, Workers: 4
[3618.674s][debug][gc,phases      ] GC(101)   StringTable Weak               Min:  0.0, Avg:  0.1, Max:  0.2, Diff:  0.2, Sum:  0.4, Workers: 4
[3618.674s][debug][gc,phases      ] GC(101)     Dead                           Min: 0, Avg:  0.2, Max: 1, Diff: 1, Sum: 1, Workers: 4
[3618.674s][debug][gc,phases      ] GC(101)     Total                          Min: 0, Avg: 11052.8, Max: 22206, Diff: 22206, Sum: 44211, Workers: 4
[3618.674s][debug][gc,phases      ] GC(101)   ResolvedMethodTable Weak       Min:  0.0, Avg:  0.0, Max:  0.0, Diff:  0.0, Sum:  0.1, Workers: 4
[3618.674s][debug][gc,phases      ] GC(101)     Dead                           Min: 0, Avg:  0.0, Max: 0, Diff: 0, Sum: 0, Workers: 4
[3618.674s][debug][gc,phases      ] GC(101)     Total                          Min: 0, Avg: 2509.5, Max: 5110, Diff: 5110, Sum: 10038, Workers: 4
[3618.674s][debug][gc,phases      ] GC(101)   JNI Weak                       Min:  0.0, Avg:  0.0, Max:  0.0, Diff:  0.0, Sum:  0.0, Workers: 4
[3618.674s][debug][gc,phases      ] GC(101)     Dead                           Min: 0, Avg:  0.0, Max: 0, Diff: 0, Sum: 0, Workers: 4
[3618.674s][debug][gc,phases      ] GC(101)     Total                          Min: 0, Avg: 11.2, Max: 45, Diff: 45, Sum: 45, Workers: 4
[3618.674s][debug][gc,phases      ] GC(101)   StringDedup Table Weak         Min:  0.0, Avg:  0.0, Max:  0.0, Diff:  0.0, Sum:  0.0, Workers: 4
[3618.674s][debug][gc,phases      ] GC(101)     Dead                           Min: 0, Avg:  0.0, Max: 0, Diff: 0, Sum: 0, Workers: 4
[3618.674s][debug][gc,phases      ] GC(101)     Total                          Min: 0, Avg:  0.0, Max: 0, Diff: 0, Sum: 0, Workers: 4
[3618.674s][debug][gc,phases      ] GC(101)   StringDedup Requests0 Weak     Min:  0.0, Avg:  0.0, Max:  0.0, Diff:  0.0, Sum:  0.0, Workers: 4
[3618.674s][debug][gc,phases      ] GC(101)     Dead                           Min: 0, Avg:  0.0, Max: 0, Diff: 0, Sum: 0, Workers: 4
[3618.674s][debug][gc,phases      ] GC(101)     Total                          Min: 0, Avg:  0.0, Max: 0, Diff: 0, Sum: 0, Workers: 4
[3618.674s][debug][gc,phases      ] GC(101)   StringDedup Requests1 Weak     Min:  0.0, Avg:  0.0, Max:  0.0, Diff:  0.0, Sum:  0.0, Workers: 4
[3618.674s][debug][gc,phases      ] GC(101)     Dead                           Min: 0, Avg:  0.0, Max: 0, Diff: 0, Sum: 0, Workers: 4
[3618.674s][debug][gc,phases      ] GC(101)     Total                          Min: 0, Avg:  0.0, Max: 0, Diff: 0, Sum: 0, Workers: 4
[3618.674s][debug][gc,phases      ] GC(101)   Weak JFR Old Object Samples    Min:  0.0, Avg:  0.0, Max:  0.0, Diff:  0.0, Sum:  0.0, Workers: 4
[3618.674s][debug][gc,phases      ] GC(101)     Dead                           Min: 0, Avg:  0.0, Max: 0, Diff: 0, Sum: 0, Workers: 4
[3618.674s][debug][gc,phases      ] GC(101)     Total                          Min: 0, Avg:  0.0, Max: 0, Diff: 0, Sum: 0, Workers: 4
[3618.674s][debug][gc,phases      ] GC(101) Weak Processing 0.382ms
[3618.674s][debug][gc,age         ] GC(101) Desired survivor size 214433792 bytes, new threshold 15 (max threshold 15)
[3618.674s][info ][gc,heap        ] GC(101) PSYoungGen: 1729424K(1881088K)->66627K(1873408K) Eden: 1657344K(1657344K)->0K(1657344K) From: 72080K(223744K)->66627K(216064K)
[3618.674s][info ][gc,heap        ] GC(101) ParOldGen: 412900K(538112K)->412900K(538112K)
[3618.674s][info ][gc,metaspace   ] GC(101) Metaspace: 84573K(85952K)->84573K(85952K) NonClass: 72670K(73472K)->72670K(73472K) Class: 11903K(12480K)->11903K(12480K)
[3618.674s][info ][gc             ] GC(101) Pause Young (Allocation Failure) 2092M->468M(2355M) 26.764ms
[3618.674s][info ][gc,cpu         ] GC(101) User=0.06s Sys=0.00s Real=0.03s
[3618.674s][info ][safepoint      ] Safepoint "ParallelGCFailedAllocation", Time since last: 436710995 ns, Reaching safepoint: 110801 ns, At safepoint: 26848336 ns, Total: 26959137 ns
[3621.674s][info ][safepoint      ] Safepoint "Cleanup", Time since last: 3000201907 ns, Reaching safepoint: 34200 ns, At safepoint: 4500 ns, Total: 38700 ns
[3628.675s][info ][safepoint      ] Safepoint "Cleanup", Time since last: 7000494394 ns, Reaching safepoint: 34300 ns, At safepoint: 3500 ns, Total: 37800 ns
[3629.675s][info ][safepoint      ] Safepoint "Cleanup", Time since last: 1000105262 ns, Reaching safepoint: 44800 ns, At safepoint: 3200 ns, Total: 48000 ns
[3634.676s][info ][safepoint      ] Safepoint "Cleanup", Time since last: 5000398309 ns, Reaching safepoint: 43600 ns, At safepoint: 3500 ns, Total: 47100 ns
[3635.676s][info ][safepoint      ] Safepoint "Cleanup", Time since last: 1000122382 ns, Reaching safepoint: 46600 ns, At safepoint: 3200 ns, Total: 49800 ns
[3636.676s][info ][safepoint      ] Safepoint "Cleanup", Time since last: 1000131550 ns, Reaching safepoint: 48800 ns, At safepoint: 7600 ns, Total: 56400 ns
[3640.676s][info ][safepoint      ] Safepoint "Cleanup", Time since last: 4000309699 ns, Reaching safepoint: 33800 ns, At safepoint: 3000 ns, Total: 36800 ns
[3647.677s][info ][safepoint      ] Safepoint "Cleanup", Time since last: 7000530294 ns, Reaching safepoint: 48200 ns, At safepoint: 3200 ns, Total: 51400 ns
[3652.677s][info ][safepoint      ] Safepoint "Cleanup", Time since last: 5000397582 ns, Reaching safepoint: 49900 ns, At safepoint: 2700 ns, Total: 52600 ns
[3657.655s][info ][gc,start       ] GC(102) Pause Young (Allocation Failure)
[3657.677s][debug][gc,phases      ] GC(102) Scavenge 21.197ms
[3657.677s][debug][gc,ref         ] GC(102) Skipped phase 1 of Reference Processing: no references
[3657.677s][debug][gc,ref         ] GC(102) ReferenceProcessor::execute queues: 1, RefProcThreadModel::Single, marks_oops_alive: false
[3657.677s][debug][gc,ref         ] GC(102) Skipped phase 3 of Reference Processing: no references
[3657.677s][debug][gc,ref         ] GC(102) ReferenceProcessor::execute queues: 1, RefProcThreadModel::Single, marks_oops_alive: false
[3657.677s][debug][gc,phases      ] GC(102) Reference Processing 0.100ms
[3657.677s][debug][gc,phases      ] GC(102)   VM Weak                        Min:  0.0, Avg:  0.0, Max:  0.0, Diff:  0.0, Sum:  0.0, Workers: 4
[3657.677s][debug][gc,phases      ] GC(102)     Dead                           Min: 0, Avg:  0.0, Max: 0, Diff: 0, Sum: 0, Workers: 4
[3657.677s][debug][gc,phases      ] GC(102)     Total                          Min: 0, Avg: 206.2, Max: 678, Diff: 678, Sum: 825, Workers: 4
[3657.677s][debug][gc,phases      ] GC(102)   ObjectSynchronizer Weak        Min:  0.0, Avg:  0.0, Max:  0.0, Diff:  0.0, Sum:  0.0, Workers: 4
[3657.677s][debug][gc,phases      ] GC(102)     Dead                           Min: 0, Avg:  0.0, Max: 0, Diff: 0, Sum: 0, Workers: 4
[3657.677s][debug][gc,phases      ] GC(102)     Total                          Min: 0, Avg: 15.0, Max: 60, Diff: 60, Sum: 60, Workers: 4
[3657.677s][debug][gc,phases      ] GC(102)   JVMTI Tag Weak OopStorage      Min:  0.0, Avg:  0.0, Max:  0.0, Diff:  0.0, Sum:  0.0, Workers: 4
[3657.677s][debug][gc,phases      ] GC(102)     Dead                           Min: 0, Avg:  0.0, Max: 0, Diff: 0, Sum: 0, Workers: 4
[3657.677s][debug][gc,phases      ] GC(102)     Total                          Min: 0, Avg:  0.0, Max: 0, Diff: 0, Sum: 0, Workers: 4
[3657.677s][debug][gc,phases      ] GC(102)   StringTable Weak               Min:  0.0, Avg:  0.1, Max:  0.1, Diff:  0.1, Sum:  0.3, Workers: 4
[3657.677s][debug][gc,phases      ] GC(102)     Dead                           Min: 0, Avg:  0.0, Max: 0, Diff: 0, Sum: 0, Workers: 4
[3657.677s][debug][gc,phases      ] GC(102)     Total                          Min: 0, Avg: 11052.8, Max: 18806, Diff: 18806, Sum: 44211, Workers: 4
[3657.677s][debug][gc,phases      ] GC(102)   ResolvedMethodTable Weak       Min:  0.0, Avg:  0.0, Max:  0.0, Diff:  0.0, Sum:  0.1, Workers: 4
[3657.677s][debug][gc,phases      ] GC(102)     Dead                           Min: 0, Avg:  0.0, Max: 0, Diff: 0, Sum: 0, Workers: 4
[3657.677s][debug][gc,phases      ] GC(102)     Total                          Min: 0, Avg: 2509.5, Max: 4288, Diff: 4288, Sum: 10038, Workers: 4
[3657.677s][debug][gc,phases      ] GC(102)   JNI Weak                       Min:  0.0, Avg:  0.0, Max:  0.0, Diff:  0.0, Sum:  0.0, Workers: 4
[3657.677s][debug][gc,phases      ] GC(102)     Dead                           Min: 0, Avg:  0.0, Max: 0, Diff: 0, Sum: 0, Workers: 4
[3657.677s][debug][gc,phases      ] GC(102)     Total                          Min: 0, Avg: 11.2, Max: 45, Diff: 45, Sum: 45, Workers: 4
[3657.677s][debug][gc,phases      ] GC(102)   StringDedup Table Weak         Min:  0.0, Avg:  0.0, Max:  0.0, Diff:  0.0, Sum:  0.0, Workers: 4
[3657.677s][debug][gc,phases      ] GC(102)     Dead                           Min: 0, Avg:  0.0, Max: 0, Diff: 0, Sum: 0, Workers: 4
[3657.677s][debug][gc,phases      ] GC(102)     Total                          Min: 0, Avg:  0.0, Max: 0, Diff: 0, Sum: 0, Workers: 4
[3657.677s][debug][gc,phases      ] GC(102)   StringDedup Requests0 Weak     Min:  0.0, Avg:  0.0, Max:  0.0, Diff:  0.0, Sum:  0.0, Workers: 4
[3657.677s][debug][gc,phases      ] GC(102)     Dead                           Min: 0, Avg:  0.0, Max: 0, Diff: 0, Sum: 0, Workers: 4
[3657.677s][debug][gc,phases      ] GC(102)     Total                          Min: 0, Avg:  0.0, Max: 0, Diff: 0, Sum: 0, Workers: 4
[3657.677s][debug][gc,phases      ] GC(102)   StringDedup Requests1 Weak     Min:  0.0, Avg:  0.0, Max:  0.0, Diff:  0.0, Sum:  0.0, Workers: 4
[3657.677s][debug][gc,phases      ] GC(102)     Dead                           Min: 0, Avg:  0.0, Max: 0, Diff: 0, Sum: 0, Workers: 4
[3657.677s][debug][gc,phases      ] GC(102)     Total                          Min: 0, Avg:  0.0, Max: 0, Diff: 0, Sum: 0, Workers: 4
[3657.677s][debug][gc,phases      ] GC(102)   Weak JFR Old Object Samples    Min:  0.0, Avg:  0.0, Max:  0.0, Diff:  0.0, Sum:  0.0, Workers: 4
[3657.677s][debug][gc,phases      ] GC(102)     Dead                           Min: 0, Avg:  0.0, Max: 0, Diff: 0, Sum: 0, Workers: 4
[3657.677s][debug][gc,phases      ] GC(102)     Total                          Min: 0, Avg:  0.0, Max: 0, Diff: 0, Sum: 0, Workers: 4
[3657.677s][debug][gc,phases      ] GC(102) Weak Processing 0.300ms
[3657.677s][debug][gc,age         ] GC(102) Desired survivor size 202899456 bytes, new threshold 15 (max threshold 15)
[3657.677s][info ][gc,heap        ] GC(102) PSYoungGen: 1723971K(1873408K)->95072K(1899008K) Eden: 1657344K(1657344K)->0K(1689600K) From: 66627K(216064K)->95072K(209408K)
[3657.677s][info ][gc,heap        ] GC(102) ParOldGen: 412900K(538112K)->412900K(538112K)
[3657.677s][info ][gc,metaspace   ] GC(102) Metaspace: 84577K(85952K)->84577K(85952K) NonClass: 72674K(73472K)->72674K(73472K) Class: 11903K(12480K)->11903K(12480K)
[3657.677s][info ][gc             ] GC(102) Pause Young (Allocation Failure) 2086M->496M(2380M) 21.731ms
[3657.677s][info ][gc,cpu         ] GC(102) User=0.08s Sys=0.00s Real=0.02s
[3657.677s][info ][safepoint      ] Safepoint "ParallelGCFailedAllocation", Time since last: 4978094101 ns, Reaching safepoint: 30100 ns, At safepoint: 21814629 ns, Total: 21844729 ns
[3660.678s][info ][safepoint      ] Safepoint "Cleanup", Time since last: 3000253946 ns, Reaching safepoint: 47700 ns, At safepoint: 3100 ns, Total: 50800 ns
[3662.678s][info ][safepoint      ] Safepoint "Cleanup", Time since last: 2000163625 ns, Reaching safepoint: 30900 ns, At safepoint: 2700 ns, Total: 33600 ns
[3668.678s][info ][safepoint      ] Safepoint "Cleanup", Time since last: 6000474612 ns, Reaching safepoint: 45100 ns, At safepoint: 3200 ns, Total: 48300 ns
[3685.679s][info ][safepoint      ] Safepoint "Cleanup", Time since last: 17001164666 ns, Reaching safepoint: 41900 ns, At safepoint: 3100 ns, Total: 45000 ns
[3693.680s][info ][safepoint      ] Safepoint "Cleanup", Time since last: 8000608806 ns, Reaching safepoint: 40500 ns, At safepoint: 2400 ns, Total: 42900 ns
[3696.680s][info ][safepoint      ] Safepoint "Cleanup", Time since last: 3000267835 ns, Reaching safepoint: 41200 ns, At safepoint: 2900 ns, Total: 44100 ns
[3700.681s][info ][safepoint      ] Safepoint "Cleanup", Time since last: 4000325197 ns, Reaching safepoint: 41000 ns, At safepoint: 2500 ns, Total: 43500 ns
[3702.681s][info ][safepoint      ] Safepoint "Cleanup", Time since last: 2000165126 ns, Reaching safepoint: 40200 ns, At safepoint: 3000 ns, Total: 43200 ns
[3709.059s][info ][gc,start       ] GC(103) Pause Young (Allocation Failure)
[3709.077s][debug][gc,phases      ] GC(103) Scavenge 18.354ms
[3709.077s][debug][gc,ref         ] GC(103) Skipped phase 1 of Reference Processing: no references
[3709.077s][debug][gc,ref         ] GC(103) ReferenceProcessor::execute queues: 1, RefProcThreadModel::Single, marks_oops_alive: false
[3709.077s][debug][gc,ref         ] GC(103) Skipped phase 3 of Reference Processing: no references
[3709.077s][debug][gc,ref         ] GC(103) ReferenceProcessor::execute queues: 1, RefProcThreadModel::Single, marks_oops_alive: false
[3709.077s][debug][gc,phases      ] GC(103) Reference Processing 0.110ms
[3709.077s][debug][gc,phases      ] GC(103)   VM Weak                        Min:  0.0, Avg:  0.0, Max:  0.0, Diff:  0.0, Sum:  0.0, Workers: 4
[3709.077s][debug][gc,phases      ] GC(103)     Dead                           Min: 0, Avg:  0.0, Max: 0, Diff: 0, Sum: 0, Workers: 4
[3709.077s][debug][gc,phases      ] GC(103)     Total                          Min: 0, Avg: 206.2, Max: 678, Diff: 678, Sum: 825, Workers: 4
[3709.077s][debug][gc,phases      ] GC(103)   ObjectSynchronizer Weak        Min:  0.0, Avg:  0.0, Max:  0.0, Diff:  0.0, Sum:  0.0, Workers: 4
[3709.077s][debug][gc,phases      ] GC(103)     Dead                           Min: 0, Avg:  0.0, Max: 0, Diff: 0, Sum: 0, Workers: 4
[3709.077s][debug][gc,phases      ] GC(103)     Total                          Min: 0, Avg: 15.0, Max: 60, Diff: 60, Sum: 60, Workers: 4
[3709.077s][debug][gc,phases      ] GC(103)   JVMTI Tag Weak OopStorage      Min:  0.0, Avg:  0.0, Max:  0.0, Diff:  0.0, Sum:  0.0, Workers: 4
[3709.077s][debug][gc,phases      ] GC(103)     Dead                           Min: 0, Avg:  0.0, Max: 0, Diff: 0, Sum: 0, Workers: 4
[3709.077s][debug][gc,phases      ] GC(103)     Total                          Min: 0, Avg:  0.0, Max: 0, Diff: 0, Sum: 0, Workers: 4
[3709.077s][debug][gc,phases      ] GC(103)   StringTable Weak               Min:  0.0, Avg:  0.1, Max:  0.1, Diff:  0.1, Sum:  0.3, Workers: 4
[3709.077s][debug][gc,phases      ] GC(103)     Dead                           Min: 0, Avg:  0.2, Max: 1, Diff: 1, Sum: 1, Workers: 4
[3709.077s][debug][gc,phases      ] GC(103)     Total                          Min: 0, Avg: 11053.5, Max: 19447, Diff: 19447, Sum: 44214, Workers: 4
[3709.077s][debug][gc,phases      ] GC(103)   ResolvedMethodTable Weak       Min:  0.0, Avg:  0.0, Max:  0.0, Diff:  0.0, Sum:  0.1, Workers: 4
[3709.077s][debug][gc,phases      ] GC(103)     Dead                           Min: 0, Avg:  0.0, Max: 0, Diff: 0, Sum: 0, Workers: 4
[3709.077s][debug][gc,phases      ] GC(103)     Total                          Min: 0, Avg: 2510.0, Max: 4344, Diff: 4344, Sum: 10040, Workers: 4
[3709.077s][debug][gc,phases      ] GC(103)   JNI Weak                       Min:  0.0, Avg:  0.0, Max:  0.0, Diff:  0.0, Sum:  0.0, Workers: 4
[3709.077s][debug][gc,phases      ] GC(103)     Dead                           Min: 0, Avg:  0.0, Max: 0, Diff: 0, Sum: 0, Workers: 4
[3709.077s][debug][gc,phases      ] GC(103)     Total                          Min: 0, Avg: 11.2, Max: 45, Diff: 45, Sum: 45, Workers: 4
[3709.077s][debug][gc,phases      ] GC(103)   StringDedup Table Weak         Min:  0.0, Avg:  0.0, Max:  0.0, Diff:  0.0, Sum:  0.0, Workers: 4
[3709.077s][debug][gc,phases      ] GC(103)     Dead                           Min: 0, Avg:  0.0, Max: 0, Diff: 0, Sum: 0, Workers: 4
[3709.077s][debug][gc,phases      ] GC(103)     Total                          Min: 0, Avg:  0.0, Max: 0, Diff: 0, Sum: 0, Workers: 4
[3709.077s][debug][gc,phases      ] GC(103)   StringDedup Requests0 Weak     Min:  0.0, Avg:  0.0, Max:  0.0, Diff:  0.0, Sum:  0.0, Workers: 4
[3709.077s][debug][gc,phases      ] GC(103)     Dead                           Min: 0, Avg:  0.0, Max: 0, Diff: 0, Sum: 0, Workers: 4
[3709.077s][debug][gc,phases      ] GC(103)     Total                          Min: 0, Avg:  0.0, Max: 0, Diff: 0, Sum: 0, Workers: 4
[3709.077s][debug][gc,phases      ] GC(103)   StringDedup Requests1 Weak     Min:  0.0, Avg:  0.0, Max:  0.0, Diff:  0.0, Sum:  0.0, Workers: 4
[3709.077s][debug][gc,phases      ] GC(103)     Dead                           Min: 0, Avg:  0.0, Max: 0, Diff: 0, Sum: 0, Workers: 4
[3709.077s][debug][gc,phases      ] GC(103)     Total                          Min: 0, Avg:  0.0, Max: 0, Diff: 0, Sum: 0, Workers: 4
[3709.077s][debug][gc,phases      ] GC(103)   Weak JFR Old Object Samples    Min:  0.0, Avg:  0.0, Max:  0.0, Diff:  0.0, Sum:  0.0, Workers: 4
[3709.077s][debug][gc,phases      ] GC(103)     Dead                           Min: 0, Avg:  0.0, Max: 0, Diff: 0, Sum: 0, Workers: 4
[3709.077s][debug][gc,phases      ] GC(103)     Total                          Min: 0, Avg:  0.0, Max: 0, Diff: 0, Sum: 0, Workers: 4
[3709.077s][debug][gc,phases      ] GC(103) Weak Processing 0.287ms
[3709.077s][debug][gc,age         ] GC(103) Desired survivor size 192413696 bytes, new threshold 15 (max threshold 15)
[3709.077s][info ][gc,heap        ] GC(103) PSYoungGen: 1784672K(1899008K)->94272K(1887744K) Eden: 1689600K(1689600K)->0K(1689600K) From: 95072K(209408K)->94272K(198144K)
[3709.077s][info ][gc,heap        ] GC(103) ParOldGen: 412900K(538112K)->412900K(538112K)
[3709.077s][info ][gc,metaspace   ] GC(103) Metaspace: 84585K(85952K)->84585K(85952K) NonClass: 72681K(73472K)->72681K(73472K) Class: 11904K(12480K)->11904K(12480K)
[3709.078s][info ][gc             ] GC(103) Pause Young (Allocation Failure) 2146M->495M(2369M) 18.874ms
[3709.078s][info ][gc,cpu         ] GC(103) User=0.07s Sys=0.00s Real=0.01s
[3709.078s][info ][safepoint      ] Safepoint "ParallelGCFailedAllocation", Time since last: 6377544123 ns, Reaching safepoint: 29400 ns, At safepoint: 18947840 ns, Total: 18977240 ns
[3714.078s][info ][safepoint      ] Safepoint "Cleanup", Time since last: 5000364267 ns, Reaching safepoint: 50400 ns, At safepoint: 7300 ns, Total: 57700 ns
[3718.078s][info ][safepoint      ] Safepoint "Cleanup", Time since last: 4000325133 ns, Reaching safepoint: 32700 ns, At safepoint: 3000 ns, Total: 35700 ns
[3721.079s][info ][safepoint      ] Safepoint "Cleanup", Time since last: 3000314927 ns, Reaching safepoint: 41700 ns, At safepoint: 28700 ns, Total: 70400 ns
[3728.079s][info ][safepoint      ] Safepoint "Cleanup", Time since last: 7000583958 ns, Reaching safepoint: 149800 ns, At safepoint: 8800 ns, Total: 158600 ns
[3736.080s][info ][safepoint      ] Safepoint "Cleanup", Time since last: 8000713857 ns, Reaching safepoint: 49700 ns, At safepoint: 25900 ns, Total: 75600 ns
[3746.081s][info ][safepoint      ] Safepoint "Cleanup", Time since last: 10000775047 ns, Reaching safepoint: 46100 ns, At safepoint: 4800 ns, Total: 50900 ns
[3756.082s][info ][safepoint      ] Safepoint "Cleanup", Time since last: 10000818544 ns, Reaching safepoint: 54700 ns, At safepoint: 5500 ns, Total: 60200 ns
[3759.356s][info ][gc,start       ] GC(104) Pause Young (Allocation Failure)
[3759.377s][debug][gc,phases      ] GC(104) Scavenge 20.068ms
[3759.377s][debug][gc,ref         ] GC(104) Skipped phase 1 of Reference Processing: no references
[3759.377s][debug][gc,ref         ] GC(104) ReferenceProcessor::execute queues: 1, RefProcThreadModel::Single, marks_oops_alive: false
[3759.377s][debug][gc,ref         ] GC(104) Skipped phase 3 of Reference Processing: no references
[3759.377s][debug][gc,ref         ] GC(104) ReferenceProcessor::execute queues: 1, RefProcThreadModel::Single, marks_oops_alive: false
[3759.377s][debug][gc,phases      ] GC(104) Reference Processing 0.100ms
[3759.377s][debug][gc,phases      ] GC(104)   VM Weak                        Min:  0.0, Avg:  0.0, Max:  0.0, Diff:  0.0, Sum:  0.0, Workers: 4
[3759.377s][debug][gc,phases      ] GC(104)     Dead                           Min: 0, Avg:  0.0, Max: 0, Diff: 0, Sum: 0, Workers: 4
[3759.377s][debug][gc,phases      ] GC(104)     Total                          Min: 0, Avg: 206.2, Max: 368, Diff: 368, Sum: 825, Workers: 4
[3759.377s][debug][gc,phases      ] GC(104)   ObjectSynchronizer Weak        Min:  0.0, Avg:  0.0, Max:  0.0, Diff:  0.0, Sum:  0.0, Workers: 4
[3759.377s][debug][gc,phases      ] GC(104)     Dead                           Min: 0, Avg:  0.0, Max: 0, Diff: 0, Sum: 0, Workers: 4
[3759.377s][debug][gc,phases      ] GC(104)     Total                          Min: 0, Avg: 15.0, Max: 60, Diff: 60, Sum: 60, Workers: 4
[3759.377s][debug][gc,phases      ] GC(104)   JVMTI Tag Weak OopStorage      Min:  0.0, Avg:  0.0, Max:  0.0, Diff:  0.0, Sum:  0.0, Workers: 4
[3759.377s][debug][gc,phases      ] GC(104)     Dead                           Min: 0, Avg:  0.0, Max: 0, Diff: 0, Sum: 0, Workers: 4
[3759.377s][debug][gc,phases      ] GC(104)     Total                          Min: 0, Avg:  0.0, Max: 0, Diff: 0, Sum: 0, Workers: 4
[3759.377s][debug][gc,phases      ] GC(104)   StringTable Weak               Min:  0.0, Avg:  0.1, Max:  0.1, Diff:  0.1, Sum:  0.3, Workers: 4
[3759.377s][debug][gc,phases      ] GC(104)     Dead                           Min: 0, Avg:  0.0, Max: 0, Diff: 0, Sum: 0, Workers: 4
[3759.377s][debug][gc,phases      ] GC(104)     Total                          Min: 0, Avg: 11054.2, Max: 19451, Diff: 19451, Sum: 44217, Workers: 4
[3759.377s][debug][gc,phases      ] GC(104)   ResolvedMethodTable Weak       Min:  0.0, Avg:  0.0, Max:  0.0, Diff:  0.0, Sum:  0.1, Workers: 4
[3759.377s][debug][gc,phases      ] GC(104)     Dead                           Min: 0, Avg:  0.0, Max: 0, Diff: 0, Sum: 0, Workers: 4
[3759.377s][debug][gc,phases      ] GC(104)     Total                          Min: 0, Avg: 2510.0, Max: 4224, Diff: 4224, Sum: 10040, Workers: 4
[3759.377s][debug][gc,phases      ] GC(104)   JNI Weak                       Min:  0.0, Avg:  0.0, Max:  0.0, Diff:  0.0, Sum:  0.0, Workers: 4
[3759.377s][debug][gc,phases      ] GC(104)     Dead                           Min: 0, Avg:  0.0, Max: 0, Diff: 0, Sum: 0, Workers: 4
[3759.377s][debug][gc,phases      ] GC(104)     Total                          Min: 0, Avg: 11.2, Max: 45, Diff: 45, Sum: 45, Workers: 4
[3759.377s][debug][gc,phases      ] GC(104)   StringDedup Table Weak         Min:  0.0, Avg:  0.0, Max:  0.0, Diff:  0.0, Sum:  0.0, Workers: 4
[3759.377s][debug][gc,phases      ] GC(104)     Dead                           Min: 0, Avg:  0.0, Max: 0, Diff: 0, Sum: 0, Workers: 4
[3759.377s][debug][gc,phases      ] GC(104)     Total                          Min: 0, Avg:  0.0, Max: 0, Diff: 0, Sum: 0, Workers: 4
[3759.377s][debug][gc,phases      ] GC(104)   StringDedup Requests0 Weak     Min:  0.0, Avg:  0.0, Max:  0.0, Diff:  0.0, Sum:  0.0, Workers: 4
[3759.377s][debug][gc,phases      ] GC(104)     Dead                           Min: 0, Avg:  0.0, Max: 0, Diff: 0, Sum: 0, Workers: 4
[3759.377s][debug][gc,phases      ] GC(104)     Total                          Min: 0, Avg:  0.0, Max: 0, Diff: 0, Sum: 0, Workers: 4
[3759.377s][debug][gc,phases      ] GC(104)   StringDedup Requests1 Weak     Min:  0.0, Avg:  0.0, Max:  0.0, Diff:  0.0, Sum:  0.0, Workers: 4
[3759.377s][debug][gc,phases      ] GC(104)     Dead                           Min: 0, Avg:  0.0, Max: 0, Diff: 0, Sum: 0, Workers: 4
[3759.377s][debug][gc,phases      ] GC(104)     Total                          Min: 0, Avg:  0.0, Max: 0, Diff: 0, Sum: 0, Workers: 4
[3759.377s][debug][gc,phases      ] GC(104)   Weak JFR Old Object Samples    Min:  0.0, Avg:  0.0, Max:  0.0, Diff:  0.0, Sum:  0.0, Workers: 4
[3759.377s][debug][gc,phases      ] GC(104)     Dead                           Min: 0, Avg:  0.0, Max: 0, Diff: 0, Sum: 0, Workers: 4
[3759.377s][debug][gc,phases      ] GC(104)     Total                          Min: 0, Avg:  0.0, Max: 0, Diff: 0, Sum: 0, Workers: 4
[3759.377s][debug][gc,phases      ] GC(104) Weak Processing 0.296ms
[3759.377s][debug][gc,age         ] GC(104) Desired survivor size 182976512 bytes, new threshold 15 (max threshold 15)
[3759.377s][info ][gc,heap        ] GC(104) PSYoungGen: 1783872K(1887744K)->94816K(1918464K) Eden: 1689600K(1689600K)->0K(1730560K) From: 94272K(198144K)->94816K(187904K)
[3759.377s][info ][gc,heap        ] GC(104) ParOldGen: 412900K(538112K)->412908K(538112K)
[3759.377s][info ][gc,metaspace   ] GC(104) Metaspace: 84594K(85952K)->84594K(85952K) NonClass: 72690K(73472K)->72690K(73472K) Class: 11904K(12480K)->11904K(12480K)
[3759.377s][info ][gc             ] GC(104) Pause Young (Allocation Failure) 2145M->495M(2399M) 20.573ms
[3759.377s][info ][gc,cpu         ] GC(104) User=0.08s Sys=0.00s Real=0.02s
[3759.377s][info ][safepoint      ] Safepoint "ParallelGCFailedAllocation", Time since last: 3274411320 ns, Reaching safepoint: 39101 ns, At safepoint: 20636037 ns, Total: 20675138 ns
[3760.377s][info ][safepoint      ] Safepoint "Cleanup", Time since last: 1000109308 ns, Reaching safepoint: 42100 ns, At safepoint: 4200 ns, Total: 46300 ns
[3763.377s][info ][safepoint      ] Safepoint "Cleanup", Time since last: 3000236435 ns, Reaching safepoint: 48700 ns, At safepoint: 5200 ns, Total: 53900 ns
[3770.378s][info ][safepoint      ] Safepoint "Cleanup", Time since last: 7000581744 ns, Reaching safepoint: 44000 ns, At safepoint: 3200 ns, Total: 47200 ns
[3811.011s][info ][gc,start       ] GC(105) Pause Young (Allocation Failure)
[3811.030s][debug][gc,phases      ] GC(105) Scavenge 18.773ms
[3811.030s][debug][gc,ref         ] GC(105) Skipped phase 1 of Reference Processing: no references
[3811.030s][debug][gc,ref         ] GC(105) ReferenceProcessor::execute queues: 1, RefProcThreadModel::Single, marks_oops_alive: false
[3811.030s][debug][gc,ref         ] GC(105) Skipped phase 3 of Reference Processing: no references
[3811.030s][debug][gc,ref         ] GC(105) ReferenceProcessor::execute queues: 1, RefProcThreadModel::Single, marks_oops_alive: false
[3811.030s][debug][gc,phases      ] GC(105) Reference Processing 0.109ms
[3811.030s][debug][gc,phases      ] GC(105)   VM Weak                        Min:  0.0, Avg:  0.0, Max:  0.0, Diff:  0.0, Sum:  0.0, Workers: 4
[3811.030s][debug][gc,phases      ] GC(105)     Dead                           Min: 0, Avg:  0.0, Max: 0, Diff: 0, Sum: 0, Workers: 4
[3811.030s][debug][gc,phases      ] GC(105)     Total                          Min: 0, Avg: 206.2, Max: 539, Diff: 539, Sum: 825, Workers: 4
[3811.030s][debug][gc,phases      ] GC(105)   ObjectSynchronizer Weak        Min:  0.0, Avg:  0.0, Max:  0.0, Diff:  0.0, Sum:  0.0, Workers: 4
[3811.030s][debug][gc,phases      ] GC(105)     Dead                           Min: 0, Avg:  0.0, Max: 0, Diff: 0, Sum: 0, Workers: 4
[3811.030s][debug][gc,phases      ] GC(105)     Total                          Min: 0, Avg: 15.0, Max: 60, Diff: 60, Sum: 60, Workers: 4
[3811.030s][debug][gc,phases      ] GC(105)   JVMTI Tag Weak OopStorage      Min:  0.0, Avg:  0.0, Max:  0.0, Diff:  0.0, Sum:  0.0, Workers: 4
[3811.030s][debug][gc,phases      ] GC(105)     Dead                           Min: 0, Avg:  0.0, Max: 0, Diff: 0, Sum: 0, Workers: 4
[3811.030s][debug][gc,phases      ] GC(105)     Total                          Min: 0, Avg:  0.0, Max: 0, Diff: 0, Sum: 0, Workers: 4
[3811.030s][debug][gc,phases      ] GC(105)   StringTable Weak               Min:  0.1, Avg:  0.1, Max:  0.1, Diff:  0.0, Sum:  0.4, Workers: 4
[3811.030s][debug][gc,phases      ] GC(105)     Dead                           Min: 0, Avg:  0.0, Max: 0, Diff: 0, Sum: 0, Workers: 4
[3811.030s][debug][gc,phases      ] GC(105)     Total                          Min: 9599, Avg: 11054.2, Max: 11836, Diff: 2237, Sum: 44217, Workers: 4
[3811.030s][debug][gc,phases      ] GC(105)   ResolvedMethodTable Weak       Min:  0.0, Avg:  0.0, Max:  0.0, Diff:  0.0, Sum:  0.1, Workers: 4
[3811.031s][debug][gc,phases      ] GC(105)     Dead                           Min: 0, Avg:  0.0, Max: 0, Diff: 0, Sum: 0, Workers: 4
[3811.031s][debug][gc,phases      ] GC(105)     Total                          Min: 2432, Avg: 2510.0, Max: 2560, Diff: 128, Sum: 10040, Workers: 4
[3811.031s][debug][gc,phases      ] GC(105)   JNI Weak                       Min:  0.0, Avg:  0.0, Max:  0.0, Diff:  0.0, Sum:  0.0, Workers: 4
[3811.031s][debug][gc,phases      ] GC(105)     Dead                           Min: 0, Avg:  0.0, Max: 0, Diff: 0, Sum: 0, Workers: 4
[3811.031s][debug][gc,phases      ] GC(105)     Total                          Min: 0, Avg: 11.2, Max: 45, Diff: 45, Sum: 45, Workers: 4
[3811.031s][debug][gc,phases      ] GC(105)   StringDedup Table Weak         Min:  0.0, Avg:  0.0, Max:  0.0, Diff:  0.0, Sum:  0.0, Workers: 4
[3811.031s][debug][gc,phases      ] GC(105)     Dead                           Min: 0, Avg:  0.0, Max: 0, Diff: 0, Sum: 0, Workers: 4
[3811.031s][debug][gc,phases      ] GC(105)     Total                          Min: 0, Avg:  0.0, Max: 0, Diff: 0, Sum: 0, Workers: 4
[3811.031s][debug][gc,phases      ] GC(105)   StringDedup Requests0 Weak     Min:  0.0, Avg:  0.0, Max:  0.0, Diff:  0.0, Sum:  0.0, Workers: 4
[3811.031s][debug][gc,phases      ] GC(105)     Dead                           Min: 0, Avg:  0.0, Max: 0, Diff: 0, Sum: 0, Workers: 4
[3811.031s][debug][gc,phases      ] GC(105)     Total                          Min: 0, Avg:  0.0, Max: 0, Diff: 0, Sum: 0, Workers: 4
[3811.031s][debug][gc,phases      ] GC(105)   StringDedup Requests1 Weak     Min:  0.0, Avg:  0.0, Max:  0.0, Diff:  0.0, Sum:  0.0, Workers: 4
[3811.031s][debug][gc,phases      ] GC(105)     Dead                           Min: 0, Avg:  0.0, Max: 0, Diff: 0, Sum: 0, Workers: 4
[3811.031s][debug][gc,phases      ] GC(105)     Total                          Min: 0, Avg:  0.0, Max: 0, Diff: 0, Sum: 0, Workers: 4
[3811.031s][debug][gc,phases      ] GC(105)   Weak JFR Old Object Samples    Min:  0.0, Avg:  0.0, Max:  0.0, Diff:  0.0, Sum:  0.0, Workers: 4
[3811.031s][debug][gc,phases      ] GC(105)     Dead                           Min: 0, Avg:  0.0, Max: 0, Diff: 0, Sum: 0, Workers: 4
[3811.031s][debug][gc,phases      ] GC(105)     Total                          Min: 0, Avg:  0.0, Max: 0, Diff: 0, Sum: 0, Workers: 4
[3811.031s][debug][gc,phases      ] GC(105) Weak Processing 0.317ms
[3811.031s][debug][gc,age         ] GC(105) Desired survivor size 175636480 bytes, new threshold 15 (max threshold 15)
[3811.031s][info ][gc,heap        ] GC(105) PSYoungGen: 1825376K(1918464K)->96832K(1909248K) Eden: 1730560K(1730560K)->0K(1730560K) From: 94816K(187904K)->96832K(178688K)
[3811.031s][info ][gc,heap        ] GC(105) ParOldGen: 412908K(538112K)->412908K(538112K)
[3811.031s][info ][gc,metaspace   ] GC(105) Metaspace: 84599K(85952K)->84599K(85952K) NonClass: 72694K(73472K)->72694K(73472K) Class: 11904K(12480K)->11904K(12480K)
[3811.031s][info ][gc             ] GC(105) Pause Young (Allocation Failure) 2185M->497M(2390M) 19.315ms
[3811.031s][info ][gc,cpu         ] GC(105) User=0.07s Sys=0.00s Real=0.02s
[3811.031s][info ][safepoint      ] Safepoint "ParallelGCFailedAllocation", Time since last: 40633113188 ns, Reaching safepoint: 33800 ns, At safepoint: 19384738 ns, Total: 19418538 ns
[3821.031s][info ][safepoint      ] Safepoint "Cleanup", Time since last: 10000660134 ns, Reaching safepoint: 133701 ns, At safepoint: 5600 ns, Total: 139301 ns
[3821.890s][info ][gc,start       ] GC(106) Pause Young (Allocation Failure)
[3821.929s][debug][gc,phases      ] GC(106) Scavenge 38.438ms
[3821.929s][debug][gc,ref         ] GC(106) Skipped phase 1 of Reference Processing: no references
[3821.929s][debug][gc,ref         ] GC(106) ReferenceProcessor::execute queues: 1, RefProcThreadModel::Single, marks_oops_alive: false
[3821.929s][debug][gc,ref         ] GC(106) Skipped phase 3 of Reference Processing: no references
[3821.929s][debug][gc,ref         ] GC(106) ReferenceProcessor::execute queues: 1, RefProcThreadModel::Single, marks_oops_alive: false
[3821.929s][debug][gc,phases      ] GC(106) Reference Processing 0.103ms
[3821.929s][debug][gc,phases      ] GC(106)   VM Weak                        Min:  0.0, Avg:  0.0, Max:  0.0, Diff:  0.0, Sum:  0.0, Workers: 4
[3821.929s][debug][gc,phases      ] GC(106)     Dead                           Min: 0, Avg:  0.0, Max: 0, Diff: 0, Sum: 0, Workers: 4
[3821.929s][debug][gc,phases      ] GC(106)     Total                          Min: 0, Avg: 206.2, Max: 697, Diff: 697, Sum: 825, Workers: 4
[3821.929s][debug][gc,phases      ] GC(106)   ObjectSynchronizer Weak        Min:  0.0, Avg:  0.0, Max:  0.0, Diff:  0.0, Sum:  0.0, Workers: 4
[3821.929s][debug][gc,phases      ] GC(106)     Dead                           Min: 0, Avg:  0.0, Max: 0, Diff: 0, Sum: 0, Workers: 4
[3821.929s][debug][gc,phases      ] GC(106)     Total                          Min: 0, Avg: 15.0, Max: 60, Diff: 60, Sum: 60, Workers: 4
[3821.929s][debug][gc,phases      ] GC(106)   JVMTI Tag Weak OopStorage      Min:  0.0, Avg:  0.0, Max:  0.0, Diff:  0.0, Sum:  0.0, Workers: 4
[3821.929s][debug][gc,phases      ] GC(106)     Dead                           Min: 0, Avg:  0.0, Max: 0, Diff: 0, Sum: 0, Workers: 4
[3821.929s][debug][gc,phases      ] GC(106)     Total                          Min: 0, Avg:  0.0, Max: 0, Diff: 0, Sum: 0, Workers: 4
[3821.929s][debug][gc,phases      ] GC(106)   StringTable Weak               Min:  0.0, Avg:  0.1, Max:  0.1, Diff:  0.1, Sum:  0.3, Workers: 4
[3821.929s][debug][gc,phases      ] GC(106)     Dead                           Min: 0, Avg:  0.2, Max: 1, Diff: 1, Sum: 1, Workers: 4
[3821.929s][debug][gc,phases      ] GC(106)     Total                          Min: 0, Avg: 11054.5, Max: 18556, Diff: 18556, Sum: 44218, Workers: 4
[3821.929s][debug][gc,phases      ] GC(106)   ResolvedMethodTable Weak       Min:  0.0, Avg:  0.0, Max:  0.0, Diff:  0.0, Sum:  0.1, Workers: 4
[3821.929s][debug][gc,phases      ] GC(106)     Dead                           Min: 0, Avg:  0.0, Max: 0, Diff: 0, Sum: 0, Workers: 4
[3821.929s][debug][gc,phases      ] GC(106)     Total                          Min: 0, Avg: 2510.5, Max: 4224, Diff: 4224, Sum: 10042, Workers: 4
[3821.929s][debug][gc,phases      ] GC(106)   JNI Weak                       Min:  0.0, Avg:  0.0, Max:  0.0, Diff:  0.0, Sum:  0.0, Workers: 4
[3821.929s][debug][gc,phases      ] GC(106)     Dead                           Min: 0, Avg:  0.0, Max: 0, Diff: 0, Sum: 0, Workers: 4
[3821.929s][debug][gc,phases      ] GC(106)     Total                          Min: 0, Avg: 11.2, Max: 45, Diff: 45, Sum: 45, Workers: 4
[3821.929s][debug][gc,phases      ] GC(106)   StringDedup Table Weak         Min:  0.0, Avg:  0.0, Max:  0.0, Diff:  0.0, Sum:  0.0, Workers: 4
[3821.929s][debug][gc,phases      ] GC(106)     Dead                           Min: 0, Avg:  0.0, Max: 0, Diff: 0, Sum: 0, Workers: 4
[3821.929s][debug][gc,phases      ] GC(106)     Total                          Min: 0, Avg:  0.0, Max: 0, Diff: 0, Sum: 0, Workers: 4
[3821.929s][debug][gc,phases      ] GC(106)   StringDedup Requests0 Weak     Min:  0.0, Avg:  0.0, Max:  0.0, Diff:  0.0, Sum:  0.0, Workers: 4
[3821.929s][debug][gc,phases      ] GC(106)     Dead                           Min: 0, Avg:  0.0, Max: 0, Diff: 0, Sum: 0, Workers: 4
[3821.929s][debug][gc,phases      ] GC(106)     Total                          Min: 0, Avg:  0.0, Max: 0, Diff: 0, Sum: 0, Workers: 4
[3821.929s][debug][gc,phases      ] GC(106)   StringDedup Requests1 Weak     Min:  0.0, Avg:  0.0, Max:  0.0, Diff:  0.0, Sum:  0.0, Workers: 4
[3821.929s][debug][gc,phases      ] GC(106)     Dead                           Min: 0, Avg:  0.0, Max: 0, Diff: 0, Sum: 0, Workers: 4
[3821.929s][debug][gc,phases      ] GC(106)     Total                          Min: 0, Avg:  0.0, Max: 0, Diff: 0, Sum: 0, Workers: 4
[3821.929s][debug][gc,phases      ] GC(106)   Weak JFR Old Object Samples    Min:  0.0, Avg:  0.0, Max:  0.0, Diff:  0.0, Sum:  0.0, Workers: 4
[3821.929s][debug][gc,phases      ] GC(106)     Dead                           Min: 0, Avg:  0.0, Max: 0, Diff: 0, Sum: 0, Workers: 4
[3821.929s][debug][gc,phases      ] GC(106)     Total                          Min: 0, Avg:  0.0, Max: 0, Diff: 0, Sum: 0, Workers: 4
[3821.929s][debug][gc,phases      ] GC(106) Weak Processing 0.292ms
[3821.929s][debug][gc,age         ] GC(106) Desired survivor size 192413696 bytes, new threshold 15 (max threshold 15)
[3821.929s][info ][gc,heap        ] GC(106) PSYoungGen: 1827375K(1909248K)->159914K(1892864K) Eden: 1730542K(1730560K)->0K(1721344K) From: 96832K(178688K)->159914K(171520K)
[3821.929s][info ][gc,heap        ] GC(106) ParOldGen: 412908K(538112K)->412908K(538112K)
[3821.929s][info ][gc,metaspace   ] GC(106) Metaspace: 84616K(85952K)->84616K(85952K) NonClass: 72711K(73472K)->72711K(73472K) Class: 11905K(12480K)->11905K(12480K)
[3821.929s][info ][gc             ] GC(106) Pause Young (Allocation Failure) 2187M->559M(2374M) 38.940ms
[3821.929s][info ][gc,cpu         ] GC(106) User=0.15s Sys=0.00s Real=0.03s
[3821.929s][info ][safepoint      ] Safepoint "ParallelGCFailedAllocation", Time since last: 858475793 ns, Reaching safepoint: 206600 ns, At safepoint: 39013982 ns, Total: 39220582 ns
[3822.929s][info ][safepoint      ] Safepoint "Cleanup", Time since last: 1000086789 ns, Reaching safepoint: 56200 ns, At safepoint: 6100 ns, Total: 62300 ns
[3823.929s][info ][safepoint      ] Safepoint "Cleanup", Time since last: 1000093489 ns, Reaching safepoint: 46600 ns, At safepoint: 3500 ns, Total: 50100 ns
[3825.930s][info ][safepoint      ] Safepoint "Cleanup", Time since last: 2000199478 ns, Reaching safepoint: 50500 ns, At safepoint: 5500 ns, Total: 56000 ns
[3829.930s][info ][safepoint      ] Safepoint "Cleanup", Time since last: 4000337086 ns, Reaching safepoint: 46300 ns, At safepoint: 3700 ns, Total: 50000 ns
[3833.930s][info ][safepoint      ] Safepoint "Cleanup", Time since last: 4000296038 ns, Reaching safepoint: 47201 ns, At safepoint: 2700 ns, Total: 49901 ns
[3836.931s][info ][safepoint      ] Safepoint "Cleanup", Time since last: 3000236455 ns, Reaching safepoint: 38500 ns, At safepoint: 40800 ns, Total: 79300 ns
[3837.931s][info ][safepoint      ] Safepoint "Cleanup", Time since last: 1000103849 ns, Reaching safepoint: 48400 ns, At safepoint: 6500 ns, Total: 54900 ns
[3838.931s][info ][safepoint      ] Safepoint "Cleanup", Time since last: 1000103749 ns, Reaching safepoint: 48400 ns, At safepoint: 6000 ns, Total: 54400 ns
[3839.894s][info ][gc,start       ] GC(107) Pause Young (Allocation Failure)
[3839.935s][debug][gc,phases      ] GC(107) Scavenge 40.905ms
[3839.935s][debug][gc,ref         ] GC(107) Skipped phase 1 of Reference Processing: no references
[3839.935s][debug][gc,ref         ] GC(107) ReferenceProcessor::execute queues: 1, RefProcThreadModel::Single, marks_oops_alive: false
[3839.935s][debug][gc,ref         ] GC(107) Skipped phase 3 of Reference Processing: no references
[3839.935s][debug][gc,ref         ] GC(107) ReferenceProcessor::execute queues: 1, RefProcThreadModel::Single, marks_oops_alive: false
[3839.935s][debug][gc,phases      ] GC(107) Reference Processing 0.107ms
[3839.935s][debug][gc,phases      ] GC(107)   VM Weak                        Min:  0.0, Avg:  0.0, Max:  0.0, Diff:  0.0, Sum:  0.0, Workers: 4
[3839.935s][debug][gc,phases      ] GC(107)     Dead                           Min: 0, Avg:  0.0, Max: 0, Diff: 0, Sum: 0, Workers: 4
[3839.935s][debug][gc,phases      ] GC(107)     Total                          Min: 0, Avg: 206.2, Max: 462, Diff: 462, Sum: 825, Workers: 4
[3839.935s][debug][gc,phases      ] GC(107)   ObjectSynchronizer Weak        Min:  0.0, Avg:  0.0, Max:  0.0, Diff:  0.0, Sum:  0.0, Workers: 4
[3839.935s][debug][gc,phases      ] GC(107)     Dead                           Min: 0, Avg:  0.0, Max: 0, Diff: 0, Sum: 0, Workers: 4
[3839.935s][debug][gc,phases      ] GC(107)     Total                          Min: 0, Avg: 15.0, Max: 60, Diff: 60, Sum: 60, Workers: 4
[3839.935s][debug][gc,phases      ] GC(107)   JVMTI Tag Weak OopStorage      Min:  0.0, Avg:  0.0, Max:  0.0, Diff:  0.0, Sum:  0.0, Workers: 4
[3839.935s][debug][gc,phases      ] GC(107)     Dead                           Min: 0, Avg:  0.0, Max: 0, Diff: 0, Sum: 0, Workers: 4
[3839.935s][debug][gc,phases      ] GC(107)     Total                          Min: 0, Avg:  0.0, Max: 0, Diff: 0, Sum: 0, Workers: 4
[3839.935s][debug][gc,phases      ] GC(107)   StringTable Weak               Min:  0.0, Avg:  0.1, Max:  0.1, Diff:  0.1, Sum:  0.3, Workers: 4
[3839.935s][debug][gc,phases      ] GC(107)     Dead                           Min: 0, Avg:  0.0, Max: 0, Diff: 0, Sum: 0, Workers: 4
[3839.935s][debug][gc,phases      ] GC(107)     Total                          Min: 0, Avg: 11055.0, Max: 18880, Diff: 18880, Sum: 44220, Workers: 4
[3839.935s][debug][gc,phases      ] GC(107)   ResolvedMethodTable Weak       Min:  0.0, Avg:  0.0, Max:  0.0, Diff:  0.0, Sum:  0.1, Workers: 4
[3839.935s][debug][gc,phases      ] GC(107)     Dead                           Min: 0, Avg:  0.0, Max: 0, Diff: 0, Sum: 0, Workers: 4
[3839.935s][debug][gc,phases      ] GC(107)     Total                          Min: 0, Avg: 2510.5, Max: 4224, Diff: 4224, Sum: 10042, Workers: 4
[3839.935s][debug][gc,phases      ] GC(107)   JNI Weak                       Min:  0.0, Avg:  0.0, Max:  0.0, Diff:  0.0, Sum:  0.0, Workers: 4
[3839.935s][debug][gc,phases      ] GC(107)     Dead                           Min: 0, Avg:  0.0, Max: 0, Diff: 0, Sum: 0, Workers: 4
[3839.935s][debug][gc,phases      ] GC(107)     Total                          Min: 0, Avg: 11.2, Max: 45, Diff: 45, Sum: 45, Workers: 4
[3839.935s][debug][gc,phases      ] GC(107)   StringDedup Table Weak         Min:  0.0, Avg:  0.0, Max:  0.0, Diff:  0.0, Sum:  0.0, Workers: 4
[3839.935s][debug][gc,phases      ] GC(107)     Dead                           Min: 0, Avg:  0.0, Max: 0, Diff: 0, Sum: 0, Workers: 4
[3839.935s][debug][gc,phases      ] GC(107)     Total                          Min: 0, Avg:  0.0, Max: 0, Diff: 0, Sum: 0, Workers: 4
[3839.935s][debug][gc,phases      ] GC(107)   StringDedup Requests0 Weak     Min:  0.0, Avg:  0.0, Max:  0.0, Diff:  0.0, Sum:  0.0, Workers: 4
[3839.935s][debug][gc,phases      ] GC(107)     Dead                           Min: 0, Avg:  0.0, Max: 0, Diff: 0, Sum: 0, Workers: 4
[3839.935s][debug][gc,phases      ] GC(107)     Total                          Min: 0, Avg:  0.0, Max: 0, Diff: 0, Sum: 0, Workers: 4
[3839.935s][debug][gc,phases      ] GC(107)   StringDedup Requests1 Weak     Min:  0.0, Avg:  0.0, Max:  0.0, Diff:  0.0, Sum:  0.0, Workers: 4
[3839.935s][debug][gc,phases      ] GC(107)     Dead                           Min: 0, Avg:  0.0, Max: 0, Diff: 0, Sum: 0, Workers: 4
[3839.935s][debug][gc,phases      ] GC(107)     Total                          Min: 0, Avg:  0.0, Max: 0, Diff: 0, Sum: 0, Workers: 4
[3839.935s][debug][gc,phases      ] GC(107)   Weak JFR Old Object Samples    Min:  0.0, Avg:  0.0, Max:  0.0, Diff:  0.0, Sum:  0.0, Workers: 4
[3839.935s][debug][gc,phases      ] GC(107)     Dead                           Min: 0, Avg:  0.0, Max: 0, Diff: 0, Sum: 0, Workers: 4
[3839.935s][debug][gc,phases      ] GC(107)     Total                          Min: 0, Avg:  0.0, Max: 0, Diff: 0, Sum: 0, Workers: 4
[3839.935s][debug][gc,phases      ] GC(107) Weak Processing 0.302ms
[3839.935s][debug][gc,age         ] GC(107) Desired survivor size 214958080 bytes, new threshold 15 (max threshold 15)
[3839.936s][info ][gc,heap        ] GC(107) PSYoungGen: 1881258K(1892864K)->184496K(1906176K) Eden: 1721344K(1721344K)->0K(1721344K) From: 159914K(171520K)->184496K(184832K)
[3839.936s][info ][gc,heap        ] GC(107) ParOldGen: 412908K(538112K)->412908K(538112K)
[3839.936s][info ][gc,metaspace   ] GC(107) Metaspace: 84625K(85952K)->84625K(85952K) NonClass: 72720K(73472K)->72720K(73472K) Class: 11905K(12480K)->11905K(12480K)
[3839.936s][info ][gc             ] GC(107) Pause Young (Allocation Failure) 2240M->583M(2387M) 41.448ms
[3839.936s][info ][gc,cpu         ] GC(107) User=0.16s Sys=0.00s Real=0.04s
[3839.936s][info ][safepoint      ] Safepoint "ParallelGCFailedAllocation", Time since last: 962946973 ns, Reaching safepoint: 46900 ns, At safepoint: 41523685 ns, Total: 41570585 ns
[3840.936s][info ][safepoint      ] Safepoint "Cleanup", Time since last: 1000089149 ns, Reaching safepoint: 46000 ns, At safepoint: 3200 ns, Total: 49200 ns
[3841.936s][info ][safepoint      ] Safepoint "Cleanup", Time since last: 1000101550 ns, Reaching safepoint: 49600 ns, At safepoint: 5100 ns, Total: 54700 ns
[3842.936s][info ][safepoint      ] Safepoint "Cleanup", Time since last: 1000105749 ns, Reaching safepoint: 54000 ns, At safepoint: 6000 ns, Total: 60000 ns
[3844.936s][info ][safepoint      ] Safepoint "Cleanup", Time since last: 2000199707 ns, Reaching safepoint: 54701 ns, At safepoint: 4000 ns, Total: 58701 ns
[3845.936s][info ][safepoint      ] Safepoint "Cleanup", Time since last: 1000145391 ns, Reaching safepoint: 49000 ns, At safepoint: 4000 ns, Total: 53000 ns
[3855.937s][info ][safepoint      ] Safepoint "Cleanup", Time since last: 10000793583 ns, Reaching safepoint: 45400 ns, At safepoint: 2700 ns, Total: 48100 ns
[3861.938s][info ][safepoint      ] Safepoint "Cleanup", Time since last: 6000466667 ns, Reaching safepoint: 40100 ns, At safepoint: 8600 ns, Total: 48700 ns
[3869.939s][info ][safepoint      ] Safepoint "Cleanup", Time since last: 8000636666 ns, Reaching safepoint: 49500 ns, At safepoint: 3700 ns, Total: 53200 ns
[3871.939s][info ][safepoint      ] Safepoint "Cleanup", Time since last: 2000197593 ns, Reaching safepoint: 45600 ns, At safepoint: 3200 ns, Total: 48800 ns
[3881.385s][info ][gc,start       ] GC(108) Pause Young (Allocation Failure)
[3881.442s][debug][gc,phases      ] GC(108) Scavenge 57.603ms
[3881.442s][debug][gc,ref         ] GC(108) Skipped phase 1 of Reference Processing: no references
[3881.442s][debug][gc,ref         ] GC(108) ReferenceProcessor::execute queues: 1, RefProcThreadModel::Single, marks_oops_alive: false
[3881.442s][debug][gc,ref         ] GC(108) Skipped phase 3 of Reference Processing: no references
[3881.442s][debug][gc,ref         ] GC(108) ReferenceProcessor::execute queues: 1, RefProcThreadModel::Single, marks_oops_alive: false
[3881.442s][debug][gc,phases      ] GC(108) Reference Processing 0.104ms
[3881.443s][debug][gc,phases      ] GC(108)   VM Weak                        Min:  0.0, Avg:  0.0, Max:  0.0, Diff:  0.0, Sum:  0.0, Workers: 4
[3881.443s][debug][gc,phases      ] GC(108)     Dead                           Min: 0, Avg:  0.0, Max: 0, Diff: 0, Sum: 0, Workers: 4
[3881.443s][debug][gc,phases      ] GC(108)     Total                          Min: 0, Avg: 206.2, Max: 697, Diff: 697, Sum: 825, Workers: 4
[3881.443s][debug][gc,phases      ] GC(108)   ObjectSynchronizer Weak        Min:  0.0, Avg:  0.0, Max:  0.0, Diff:  0.0, Sum:  0.0, Workers: 4
[3881.443s][debug][gc,phases      ] GC(108)     Dead                           Min: 0, Avg:  0.0, Max: 0, Diff: 0, Sum: 0, Workers: 4
[3881.443s][debug][gc,phases      ] GC(108)     Total                          Min: 0, Avg: 15.0, Max: 60, Diff: 60, Sum: 60, Workers: 4
[3881.443s][debug][gc,phases      ] GC(108)   JVMTI Tag Weak OopStorage      Min:  0.0, Avg:  0.0, Max:  0.0, Diff:  0.0, Sum:  0.0, Workers: 4
[3881.443s][debug][gc,phases      ] GC(108)     Dead                           Min: 0, Avg:  0.0, Max: 0, Diff: 0, Sum: 0, Workers: 4
[3881.443s][debug][gc,phases      ] GC(108)     Total                          Min: 0, Avg:  0.0, Max: 0, Diff: 0, Sum: 0, Workers: 4
[3881.443s][debug][gc,phases      ] GC(108)   StringTable Weak               Min:  0.0, Avg:  0.1, Max:  0.1, Diff:  0.1, Sum:  0.3, Workers: 4
[3881.443s][debug][gc,phases      ] GC(108)     Dead                           Min: 0, Avg:  0.0, Max: 0, Diff: 0, Sum: 0, Workers: 4
[3881.443s][debug][gc,phases      ] GC(108)     Total                          Min: 0, Avg: 11055.0, Max: 18430, Diff: 18430, Sum: 44220, Workers: 4
[3881.443s][debug][gc,phases      ] GC(108)   ResolvedMethodTable Weak       Min:  0.0, Avg:  0.0, Max:  0.0, Diff:  0.0, Sum:  0.1, Workers: 4
[3881.443s][debug][gc,phases      ] GC(108)     Dead                           Min: 0, Avg:  0.0, Max: 0, Diff: 0, Sum: 0, Workers: 4
[3881.443s][debug][gc,phases      ] GC(108)     Total                          Min: 0, Avg: 2510.5, Max: 4224, Diff: 4224, Sum: 10042, Workers: 4
[3881.443s][debug][gc,phases      ] GC(108)   JNI Weak                       Min:  0.0, Avg:  0.0, Max:  0.0, Diff:  0.0, Sum:  0.0, Workers: 4
[3881.443s][debug][gc,phases      ] GC(108)     Dead                           Min: 0, Avg:  0.0, Max: 0, Diff: 0, Sum: 0, Workers: 4
[3881.443s][debug][gc,phases      ] GC(108)     Total                          Min: 0, Avg: 11.2, Max: 45, Diff: 45, Sum: 45, Workers: 4
[3881.443s][debug][gc,phases      ] GC(108)   StringDedup Table Weak         Min:  0.0, Avg:  0.0, Max:  0.0, Diff:  0.0, Sum:  0.0, Workers: 4
[3881.443s][debug][gc,phases      ] GC(108)     Dead                           Min: 0, Avg:  0.0, Max: 0, Diff: 0, Sum: 0, Workers: 4
[3881.443s][debug][gc,phases      ] GC(108)     Total                          Min: 0, Avg:  0.0, Max: 0, Diff: 0, Sum: 0, Workers: 4
[3881.443s][debug][gc,phases      ] GC(108)   StringDedup Requests0 Weak     Min:  0.0, Avg:  0.0, Max:  0.0, Diff:  0.0, Sum:  0.0, Workers: 4
[3881.443s][debug][gc,phases      ] GC(108)     Dead                           Min: 0, Avg:  0.0, Max: 0, Diff: 0, Sum: 0, Workers: 4
[3881.443s][debug][gc,phases      ] GC(108)     Total                          Min: 0, Avg:  0.0, Max: 0, Diff: 0, Sum: 0, Workers: 4
[3881.443s][debug][gc,phases      ] GC(108)   StringDedup Requests1 Weak     Min:  0.0, Avg:  0.0, Max:  0.0, Diff:  0.0, Sum:  0.0, Workers: 4
[3881.443s][debug][gc,phases      ] GC(108)     Dead                           Min: 0, Avg:  0.0, Max: 0, Diff: 0, Sum: 0, Workers: 4
[3881.443s][debug][gc,phases      ] GC(108)     Total                          Min: 0, Avg:  0.0, Max: 0, Diff: 0, Sum: 0, Workers: 4
[3881.443s][debug][gc,phases      ] GC(108)   Weak JFR Old Object Samples    Min:  0.0, Avg:  0.0, Max:  0.0, Diff:  0.0, Sum:  0.0, Workers: 4
[3881.443s][debug][gc,phases      ] GC(108)     Dead                           Min: 0, Avg:  0.0, Max: 0, Diff: 0, Sum: 0, Workers: 4
[3881.443s][debug][gc,phases      ] GC(108)     Total                          Min: 0, Avg:  0.0, Max: 0, Diff: 0, Sum: 0, Workers: 4
[3881.443s][debug][gc,phases      ] GC(108) Weak Processing 0.289ms
[3881.443s][debug][gc,age         ] GC(108) Desired survivor size 251133952 bytes, new threshold 14 (max threshold 15)
[3881.443s][info ][gc,heap        ] GC(108) PSYoungGen: 1905840K(1906176K)->190960K(1797632K) Eden: 1721344K(1721344K)->0K(1606656K) From: 184496K(184832K)->190960K(190976K)
[3881.443s][info ][gc,heap        ] GC(108) ParOldGen: 412908K(538112K)->453932K(538112K)
[3881.443s][info ][gc,metaspace   ] GC(108) Metaspace: 84640K(85952K)->84640K(85952K) NonClass: 72735K(73472K)->72735K(73472K) Class: 11905K(12480K)->11905K(12480K)
[3881.443s][info ][gc             ] GC(108) Pause Young (Allocation Failure) 2264M->629M(2281M) 58.117ms
[3881.443s][info ][gc,cpu         ] GC(108) User=0.23s Sys=0.00s Real=0.06s
[3881.443s][info ][safepoint      ] Safepoint "ParallelGCFailedAllocation", Time since last: 9445744503 ns, Reaching safepoint: 105000 ns, At safepoint: 58187954 ns, Total: 58292954 ns
[3882.443s][info ][safepoint      ] Safepoint "Cleanup", Time since last: 1000110353 ns, Reaching safepoint: 41600 ns, At safepoint: 3100 ns, Total: 44700 ns
[3890.444s][info ][safepoint      ] Safepoint "Cleanup", Time since last: 8000585571 ns, Reaching safepoint: 47900 ns, At safepoint: 2700 ns, Total: 50600 ns
[3896.444s][info ][safepoint      ] Safepoint "Cleanup", Time since last: 6000467606 ns, Reaching safepoint: 46001 ns, At safepoint: 3200 ns, Total: 49201 ns
[3900.445s][info ][safepoint      ] Safepoint "Cleanup", Time since last: 4000337386 ns, Reaching safepoint: 30000 ns, At safepoint: 17301 ns, Total: 47301 ns
[3910.445s][info ][safepoint      ] Safepoint "Cleanup", Time since last: 10000708685 ns, Reaching safepoint: 32700 ns, At safepoint: 2800 ns, Total: 35500 ns
[3911.445s][info ][safepoint      ] Safepoint "Cleanup", Time since last: 1000107400 ns, Reaching safepoint: 47400 ns, At safepoint: 2700 ns, Total: 50100 ns
[3913.446s][info ][safepoint      ] Safepoint "Cleanup", Time since last: 2000163998 ns, Reaching safepoint: 54400 ns, At safepoint: 2400 ns, Total: 56800 ns
[3913.809s][info ][gc,start       ] GC(109) Pause Young (Allocation Failure)
[3913.847s][debug][gc,phases      ] GC(109) Scavenge 37.613ms
[3913.847s][debug][gc,ref         ] GC(109) Skipped phase 1 of Reference Processing: no references
[3913.847s][debug][gc,ref         ] GC(109) ReferenceProcessor::execute queues: 1, RefProcThreadModel::Single, marks_oops_alive: false
[3913.847s][debug][gc,ref         ] GC(109) Skipped phase 3 of Reference Processing: no references
[3913.847s][debug][gc,ref         ] GC(109) ReferenceProcessor::execute queues: 1, RefProcThreadModel::Single, marks_oops_alive: false
[3913.847s][debug][gc,phases      ] GC(109) Reference Processing 0.113ms
[3913.847s][debug][gc,phases      ] GC(109)   VM Weak                        Min:  0.0, Avg:  0.0, Max:  0.0, Diff:  0.0, Sum:  0.0, Workers: 4
[3913.847s][debug][gc,phases      ] GC(109)     Dead                           Min: 0, Avg:  0.0, Max: 0, Diff: 0, Sum: 0, Workers: 4
[3913.847s][debug][gc,phases      ] GC(109)     Total                          Min: 0, Avg: 206.2, Max: 742, Diff: 742, Sum: 825, Workers: 4
[3913.847s][debug][gc,phases      ] GC(109)   ObjectSynchronizer Weak        Min:  0.0, Avg:  0.0, Max:  0.0, Diff:  0.0, Sum:  0.0, Workers: 4
[3913.847s][debug][gc,phases      ] GC(109)     Dead                           Min: 0, Avg:  0.0, Max: 0, Diff: 0, Sum: 0, Workers: 4
[3913.847s][debug][gc,phases      ] GC(109)     Total                          Min: 0, Avg: 15.0, Max: 60, Diff: 60, Sum: 60, Workers: 4
[3913.847s][debug][gc,phases      ] GC(109)   JVMTI Tag Weak OopStorage      Min:  0.0, Avg:  0.0, Max:  0.0, Diff:  0.0, Sum:  0.0, Workers: 4
[3913.847s][debug][gc,phases      ] GC(109)     Dead                           Min: 0, Avg:  0.0, Max: 0, Diff: 0, Sum: 0, Workers: 4
[3913.847s][debug][gc,phases      ] GC(109)     Total                          Min: 0, Avg:  0.0, Max: 0, Diff: 0, Sum: 0, Workers: 4
[3913.847s][debug][gc,phases      ] GC(109)   StringTable Weak               Min:  0.0, Avg:  0.1, Max:  0.1, Diff:  0.1, Sum:  0.3, Workers: 4
[3913.847s][debug][gc,phases      ] GC(109)     Dead                           Min: 0, Avg:  0.0, Max: 0, Diff: 0, Sum: 0, Workers: 4
[3913.847s][debug][gc,phases      ] GC(109)     Total                          Min: 0, Avg: 11055.0, Max: 18622, Diff: 18622, Sum: 44220, Workers: 4
[3913.847s][debug][gc,phases      ] GC(109)   ResolvedMethodTable Weak       Min:  0.0, Avg:  0.0, Max:  0.0, Diff:  0.0, Sum:  0.1, Workers: 4
[3913.847s][debug][gc,phases      ] GC(109)     Dead                           Min: 0, Avg:  0.0, Max: 0, Diff: 0, Sum: 0, Workers: 4
[3913.847s][debug][gc,phases      ] GC(109)     Total                          Min: 0, Avg: 2510.5, Max: 4154, Diff: 4154, Sum: 10042, Workers: 4
[3913.847s][debug][gc,phases      ] GC(109)   JNI Weak                       Min:  0.0, Avg:  0.0, Max:  0.0, Diff:  0.0, Sum:  0.0, Workers: 4
[3913.847s][debug][gc,phases      ] GC(109)     Dead                           Min: 0, Avg:  0.0, Max: 0, Diff: 0, Sum: 0, Workers: 4
[3913.847s][debug][gc,phases      ] GC(109)     Total                          Min: 0, Avg: 11.2, Max: 45, Diff: 45, Sum: 45, Workers: 4
[3913.847s][debug][gc,phases      ] GC(109)   StringDedup Table Weak         Min:  0.0, Avg:  0.0, Max:  0.0, Diff:  0.0, Sum:  0.0, Workers: 4
[3913.847s][debug][gc,phases      ] GC(109)     Dead                           Min: 0, Avg:  0.0, Max: 0, Diff: 0, Sum: 0, Workers: 4
[3913.847s][debug][gc,phases      ] GC(109)     Total                          Min: 0, Avg:  0.0, Max: 0, Diff: 0, Sum: 0, Workers: 4
[3913.847s][debug][gc,phases      ] GC(109)   StringDedup Requests0 Weak     Min:  0.0, Avg:  0.0, Max:  0.0, Diff:  0.0, Sum:  0.0, Workers: 4
[3913.847s][debug][gc,phases      ] GC(109)     Dead                           Min: 0, Avg:  0.0, Max: 0, Diff: 0, Sum: 0, Workers: 4
[3913.847s][debug][gc,phases      ] GC(109)     Total                          Min: 0, Avg:  0.0, Max: 0, Diff: 0, Sum: 0, Workers: 4
[3913.847s][debug][gc,phases      ] GC(109)   StringDedup Requests1 Weak     Min:  0.0, Avg:  0.0, Max:  0.0, Diff:  0.0, Sum:  0.0, Workers: 4
[3913.847s][debug][gc,phases      ] GC(109)     Dead                           Min: 0, Avg:  0.0, Max: 0, Diff: 0, Sum: 0, Workers: 4
[3913.847s][debug][gc,phases      ] GC(109)     Total                          Min: 0, Avg:  0.0, Max: 0, Diff: 0, Sum: 0, Workers: 4
[3913.847s][debug][gc,phases      ] GC(109)   Weak JFR Old Object Samples    Min:  0.0, Avg:  0.0, Max:  0.0, Diff:  0.0, Sum:  0.0, Workers: 4
[3913.847s][debug][gc,phases      ] GC(109)     Dead                           Min: 0, Avg:  0.0, Max: 0, Diff: 0, Sum: 0, Workers: 4
[3913.847s][debug][gc,phases      ] GC(109)     Total                          Min: 0, Avg:  0.0, Max: 0, Diff: 0, Sum: 0, Workers: 4
[3913.847s][debug][gc,phases      ] GC(109) Weak Processing 0.287ms
[3913.847s][debug][gc,age         ] GC(109) Desired survivor size 259522560 bytes, new threshold 15 (max threshold 15)
[3913.847s][info ][gc,heap        ] GC(109) PSYoungGen: 1797616K(1797632K)->176880K(1783808K) Eden: 1606656K(1606656K)->0K(1606656K) From: 190960K(190976K)->176880K(177152K)
[3913.847s][info ][gc,heap        ] GC(109) ParOldGen: 453932K(538112K)->453940K(538112K)
[3913.847s][info ][gc,metaspace   ] GC(109) Metaspace: 84653K(85952K)->84653K(85952K) NonClass: 72748K(73472K)->72748K(73472K) Class: 11905K(12480K)->11905K(12480K)
[3913.847s][info ][gc             ] GC(109) Pause Young (Allocation Failure) 2198M->616M(2267M) 38.133ms
[3913.847s][info ][gc,cpu         ] GC(109) User=0.15s Sys=0.00s Real=0.04s
[3913.847s][info ][safepoint      ] Safepoint "ParallelGCFailedAllocation", Time since last: 363138898 ns, Reaching safepoint: 46901 ns, At safepoint: 38205184 ns, Total: 38252085 ns
[3914.847s][info ][safepoint      ] Safepoint "Cleanup", Time since last: 1000087299 ns, Reaching safepoint: 58500 ns, At safepoint: 6000 ns, Total: 64500 ns
[3916.847s][info ][safepoint      ] Safepoint "Cleanup", Time since last: 2000207368 ns, Reaching safepoint: 57601 ns, At safepoint: 3300 ns, Total: 60901 ns
[3922.848s][info ][safepoint      ] Safepoint "Cleanup", Time since last: 6000658182 ns, Reaching safepoint: 46000 ns, At safepoint: 2800 ns, Total: 48800 ns
[3924.848s][info ][safepoint      ] Safepoint "Cleanup", Time since last: 2000186982 ns, Reaching safepoint: 64200 ns, At safepoint: 2900 ns, Total: 67100 ns
[3925.849s][info ][safepoint      ] Safepoint "Cleanup", Time since last: 1000106294 ns, Reaching safepoint: 45900 ns, At safepoint: 3100 ns, Total: 49000 ns
[3934.849s][info ][safepoint      ] Safepoint "Cleanup", Time since last: 9000733743 ns, Reaching safepoint: 45000 ns, At safepoint: 2400 ns, Total: 47400 ns
[3941.850s][info ][safepoint      ] Safepoint "Cleanup", Time since last: 7000574699 ns, Reaching safepoint: 58100 ns, At safepoint: 11000 ns, Total: 69100 ns
[3950.851s][info ][safepoint      ] Safepoint "Cleanup", Time since last: 9000708765 ns, Reaching safepoint: 46100 ns, At safepoint: 4700 ns, Total: 50800 ns
[3961.808s][info ][gc,start       ] GC(110) Pause Young (Allocation Failure)
[3961.848s][debug][gc,phases      ] GC(110) Scavenge 40.842ms
[3961.848s][debug][gc,ref         ] GC(110) Skipped phase 1 of Reference Processing: no references
[3961.849s][debug][gc,ref         ] GC(110) ReferenceProcessor::execute queues: 1, RefProcThreadModel::Single, marks_oops_alive: false
[3961.849s][debug][gc,ref         ] GC(110) Skipped phase 3 of Reference Processing: no references
[3961.849s][debug][gc,ref         ] GC(110) ReferenceProcessor::execute queues: 1, RefProcThreadModel::Single, marks_oops_alive: false
[3961.849s][debug][gc,phases      ] GC(110) Reference Processing 0.106ms
[3961.849s][debug][gc,phases      ] GC(110)   VM Weak                        Min:  0.0, Avg:  0.0, Max:  0.0, Diff:  0.0, Sum:  0.0, Workers: 4
[3961.849s][debug][gc,phases      ] GC(110)     Dead                           Min: 0, Avg:  0.0, Max: 0, Diff: 0, Sum: 0, Workers: 4
[3961.849s][debug][gc,phases      ] GC(110)     Total                          Min: 0, Avg: 206.2, Max: 806, Diff: 806, Sum: 825, Workers: 4
[3961.849s][debug][gc,phases      ] GC(110)   ObjectSynchronizer Weak        Min:  0.0, Avg:  0.0, Max:  0.0, Diff:  0.0, Sum:  0.0, Workers: 4
[3961.849s][debug][gc,phases      ] GC(110)     Dead                           Min: 0, Avg:  0.0, Max: 0, Diff: 0, Sum: 0, Workers: 4
[3961.849s][debug][gc,phases      ] GC(110)     Total                          Min: 0, Avg: 15.0, Max: 60, Diff: 60, Sum: 60, Workers: 4
[3961.849s][debug][gc,phases      ] GC(110)   JVMTI Tag Weak OopStorage      Min:  0.0, Avg:  0.0, Max:  0.0, Diff:  0.0, Sum:  0.0, Workers: 4
[3961.849s][debug][gc,phases      ] GC(110)     Dead                           Min: 0, Avg:  0.0, Max: 0, Diff: 0, Sum: 0, Workers: 4
[3961.849s][debug][gc,phases      ] GC(110)     Total                          Min: 0, Avg:  0.0, Max: 0, Diff: 0, Sum: 0, Workers: 4
[3961.849s][debug][gc,phases      ] GC(110)   StringTable Weak               Min:  0.0, Avg:  0.1, Max:  0.1, Diff:  0.1, Sum:  0.3, Workers: 4
[3961.849s][debug][gc,phases      ] GC(110)     Dead                           Min: 0, Avg:  0.0, Max: 0, Diff: 0, Sum: 0, Workers: 4
[3961.849s][debug][gc,phases      ] GC(110)     Total                          Min: 0, Avg: 11057.8, Max: 22407, Diff: 22407, Sum: 44231, Workers: 4
[3961.849s][debug][gc,phases      ] GC(110)   ResolvedMethodTable Weak       Min:  0.0, Avg:  0.0, Max:  0.0, Diff:  0.0, Sum:  0.1, Workers: 4
[3961.849s][debug][gc,phases      ] GC(110)     Dead                           Min: 0, Avg:  0.0, Max: 0, Diff: 0, Sum: 0, Workers: 4
[3961.849s][debug][gc,phases      ] GC(110)     Total                          Min: 0, Avg: 2511.5, Max: 4224, Diff: 4224, Sum: 10046, Workers: 4
[3961.849s][debug][gc,phases      ] GC(110)   JNI Weak                       Min:  0.0, Avg:  0.0, Max:  0.0, Diff:  0.0, Sum:  0.0, Workers: 4
[3961.849s][debug][gc,phases      ] GC(110)     Dead                           Min: 0, Avg:  0.0, Max: 0, Diff: 0, Sum: 0, Workers: 4
[3961.849s][debug][gc,phases      ] GC(110)     Total                          Min: 0, Avg: 11.2, Max: 45, Diff: 45, Sum: 45, Workers: 4
[3961.849s][debug][gc,phases      ] GC(110)   StringDedup Table Weak         Min:  0.0, Avg:  0.0, Max:  0.0, Diff:  0.0, Sum:  0.0, Workers: 4
[3961.849s][debug][gc,phases      ] GC(110)     Dead                           Min: 0, Avg:  0.0, Max: 0, Diff: 0, Sum: 0, Workers: 4
[3961.849s][debug][gc,phases      ] GC(110)     Total                          Min: 0, Avg:  0.0, Max: 0, Diff: 0, Sum: 0, Workers: 4
[3961.849s][debug][gc,phases      ] GC(110)   StringDedup Requests0 Weak     Min:  0.0, Avg:  0.0, Max:  0.0, Diff:  0.0, Sum:  0.0, Workers: 4
[3961.849s][debug][gc,phases      ] GC(110)     Dead                           Min: 0, Avg:  0.0, Max: 0, Diff: 0, Sum: 0, Workers: 4
[3961.849s][debug][gc,phases      ] GC(110)     Total                          Min: 0, Avg:  0.0, Max: 0, Diff: 0, Sum: 0, Workers: 4
[3961.849s][debug][gc,phases      ] GC(110)   StringDedup Requests1 Weak     Min:  0.0, Avg:  0.0, Max:  0.0, Diff:  0.0, Sum:  0.0, Workers: 4
[3961.849s][debug][gc,phases      ] GC(110)     Dead                           Min: 0, Avg:  0.0, Max: 0, Diff: 0, Sum: 0, Workers: 4
[3961.849s][debug][gc,phases      ] GC(110)     Total                          Min: 0, Avg:  0.0, Max: 0, Diff: 0, Sum: 0, Workers: 4
[3961.849s][debug][gc,phases      ] GC(110)   Weak JFR Old Object Samples    Min:  0.0, Avg:  0.0, Max:  0.0, Diff:  0.0, Sum:  0.0, Workers: 4
[3961.849s][debug][gc,phases      ] GC(110)     Dead                           Min: 0, Avg:  0.0, Max: 0, Diff: 0, Sum: 0, Workers: 4
[3961.849s][debug][gc,phases      ] GC(110)     Total                          Min: 0, Avg:  0.0, Max: 0, Diff: 0, Sum: 0, Workers: 4
[3961.849s][debug][gc,phases      ] GC(110) Weak Processing 0.334ms
[3961.849s][debug][gc,age         ] GC(110) Desired survivor size 266862592 bytes, new threshold 15 (max threshold 15)
[3961.849s][info ][gc,heap        ] GC(110) PSYoungGen: 1783536K(1783808K)->180592K(1829376K) Eden: 1606656K(1606656K)->0K(1575936K) From: 176880K(177152K)->180592K(253440K)
[3961.849s][info ][gc,heap        ] GC(110) ParOldGen: 453940K(538112K)->453948K(538112K)
[3961.849s][info ][gc,metaspace   ] GC(110) Metaspace: 84669K(85952K)->84669K(85952K) NonClass: 72763K(73472K)->72763K(73472K) Class: 11906K(12480K)->11906K(12480K)
[3961.849s][info ][gc             ] GC(110) Pause Young (Allocation Failure) 2185M->619M(2312M) 41.404ms
[3961.849s][info ][gc,cpu         ] GC(110) User=0.15s Sys=0.00s Real=0.04s
[3961.849s][info ][safepoint      ] Safepoint "ParallelGCFailedAllocation", Time since last: 10956610639 ns, Reaching safepoint: 113600 ns, At safepoint: 41474898 ns, Total: 41588498 ns
[3971.789s][info ][safepoint      ] Safepoint "Cleanup", Time since last: 9940063210 ns, Reaching safepoint: 55801 ns, At safepoint: 4600 ns, Total: 60401 ns
[3972.789s][info ][safepoint      ] Safepoint "Cleanup", Time since last: 1000104205 ns, Reaching safepoint: 47300 ns, At safepoint: 3000 ns, Total: 50300 ns
[3985.457s][info ][safepoint      ] Safepoint "Cleanup", Time since last: 12668115954 ns, Reaching safepoint: 100400 ns, At safepoint: 7100 ns, Total: 107500 ns
[3993.458s][info ][safepoint      ] Safepoint "Cleanup", Time since last: 8000647241 ns, Reaching safepoint: 188200 ns, At safepoint: 4800 ns, Total: 193000 ns
[3994.459s][info ][safepoint      ] Safepoint "Cleanup", Time since last: 1000121877 ns, Reaching safepoint: 138901 ns, At safepoint: 5800 ns, Total: 144701 ns
[3995.758s][info ][gc,start       ] GC(111) Pause Young (Allocation Failure)
[3995.801s][debug][gc,phases      ] GC(111) Scavenge 42.807ms
[3995.801s][debug][gc,ref         ] GC(111) Skipped phase 1 of Reference Processing: no references
[3995.801s][debug][gc,ref         ] GC(111) ReferenceProcessor::execute queues: 1, RefProcThreadModel::Single, marks_oops_alive: false
[3995.801s][debug][gc,ref         ] GC(111) Skipped phase 3 of Reference Processing: no references
[3995.801s][debug][gc,ref         ] GC(111) ReferenceProcessor::execute queues: 1, RefProcThreadModel::Single, marks_oops_alive: false
[3995.801s][debug][gc,phases      ] GC(111) Reference Processing 0.105ms
[3995.801s][debug][gc,phases      ] GC(111)   VM Weak                        Min:  0.0, Avg:  0.0, Max:  0.0, Diff:  0.0, Sum:  0.0, Workers: 4
[3995.801s][debug][gc,phases      ] GC(111)     Dead                           Min: 0, Avg:  0.0, Max: 0, Diff: 0, Sum: 0, Workers: 4
[3995.801s][debug][gc,phases      ] GC(111)     Total                          Min: 0, Avg: 206.2, Max: 761, Diff: 761, Sum: 825, Workers: 4
[3995.801s][debug][gc,phases      ] GC(111)   ObjectSynchronizer Weak        Min:  0.0, Avg:  0.0, Max:  0.0, Diff:  0.0, Sum:  0.0, Workers: 4
[3995.801s][debug][gc,phases      ] GC(111)     Dead                           Min: 0, Avg:  0.0, Max: 0, Diff: 0, Sum: 0, Workers: 4
[3995.801s][debug][gc,phases      ] GC(111)     Total                          Min: 0, Avg: 15.0, Max: 60, Diff: 60, Sum: 60, Workers: 4
[3995.801s][debug][gc,phases      ] GC(111)   JVMTI Tag Weak OopStorage      Min:  0.0, Avg:  0.0, Max:  0.0, Diff:  0.0, Sum:  0.0, Workers: 4
[3995.801s][debug][gc,phases      ] GC(111)     Dead                           Min: 0, Avg:  0.0, Max: 0, Diff: 0, Sum: 0, Workers: 4
[3995.801s][debug][gc,phases      ] GC(111)     Total                          Min: 0, Avg:  0.0, Max: 0, Diff: 0, Sum: 0, Workers: 4
[3995.801s][debug][gc,phases      ] GC(111)   StringTable Weak               Min:  0.0, Avg:  0.1, Max:  0.1, Diff:  0.1, Sum:  0.3, Workers: 4
[3995.801s][debug][gc,phases      ] GC(111)     Dead                           Min: 0, Avg:  0.0, Max: 0, Diff: 0, Sum: 0, Workers: 4
[3995.801s][debug][gc,phases      ] GC(111)     Total                          Min: 0, Avg: 11057.8, Max: 18503, Diff: 18503, Sum: 44231, Workers: 4
[3995.801s][debug][gc,phases      ] GC(111)   ResolvedMethodTable Weak       Min:  0.0, Avg:  0.0, Max:  0.0, Diff:  0.0, Sum:  0.1, Workers: 4
[3995.801s][debug][gc,phases      ] GC(111)     Dead                           Min: 0, Avg:  0.0, Max: 0, Diff: 0, Sum: 0, Workers: 4
[3995.801s][debug][gc,phases      ] GC(111)     Total                          Min: 0, Avg: 2511.5, Max: 4094, Diff: 4094, Sum: 10046, Workers: 4
[3995.801s][debug][gc,phases      ] GC(111)   JNI Weak                       Min:  0.0, Avg:  0.0, Max:  0.0, Diff:  0.0, Sum:  0.0, Workers: 4
[3995.801s][debug][gc,phases      ] GC(111)     Dead                           Min: 0, Avg:  0.0, Max: 0, Diff: 0, Sum: 0, Workers: 4
[3995.801s][debug][gc,phases      ] GC(111)     Total                          Min: 0, Avg: 11.2, Max: 45, Diff: 45, Sum: 45, Workers: 4
[3995.801s][debug][gc,phases      ] GC(111)   StringDedup Table Weak         Min:  0.0, Avg:  0.0, Max:  0.0, Diff:  0.0, Sum:  0.0, Workers: 4
[3995.801s][debug][gc,phases      ] GC(111)     Dead                           Min: 0, Avg:  0.0, Max: 0, Diff: 0, Sum: 0, Workers: 4
[3995.801s][debug][gc,phases      ] GC(111)     Total                          Min: 0, Avg:  0.0, Max: 0, Diff: 0, Sum: 0, Workers: 4
[3995.801s][debug][gc,phases      ] GC(111)   StringDedup Requests0 Weak     Min:  0.0, Avg:  0.0, Max:  0.0, Diff:  0.0, Sum:  0.0, Workers: 4
[3995.801s][debug][gc,phases      ] GC(111)     Dead                           Min: 0, Avg:  0.0, Max: 0, Diff: 0, Sum: 0, Workers: 4
[3995.801s][debug][gc,phases      ] GC(111)     Total                          Min: 0, Avg:  0.0, Max: 0, Diff: 0, Sum: 0, Workers: 4
[3995.801s][debug][gc,phases      ] GC(111)   StringDedup Requests1 Weak     Min:  0.0, Avg:  0.0, Max:  0.0, Diff:  0.0, Sum:  0.0, Workers: 4
[3995.801s][debug][gc,phases      ] GC(111)     Dead                           Min: 0, Avg:  0.0, Max: 0, Diff: 0, Sum: 0, Workers: 4
[3995.801s][debug][gc,phases      ] GC(111)     Total                          Min: 0, Avg:  0.0, Max: 0, Diff: 0, Sum: 0, Workers: 4
[3995.801s][debug][gc,phases      ] GC(111)   Weak JFR Old Object Samples    Min:  0.0, Avg:  0.0, Max:  0.0, Diff:  0.0, Sum:  0.0, Workers: 4
[3995.801s][debug][gc,phases      ] GC(111)     Dead                           Min: 0, Avg:  0.0, Max: 0, Diff: 0, Sum: 0, Workers: 4
[3995.801s][debug][gc,phases      ] GC(111)     Total                          Min: 0, Avg:  0.0, Max: 0, Diff: 0, Sum: 0, Workers: 4
[3995.801s][debug][gc,phases      ] GC(111) Weak Processing 0.297ms
[3995.801s][debug][gc,age         ] GC(111) Desired survivor size 281542656 bytes, new threshold 15 (max threshold 15)
[3995.801s][info ][gc,heap        ] GC(111) PSYoungGen: 1756528K(1829376K)->206048K(1782272K) Eden: 1575936K(1575936K)->0K(1575936K) From: 180592K(253440K)->206048K(206336K)
[3995.801s][info ][gc,heap        ] GC(111) ParOldGen: 453948K(538112K)->454540K(538112K)
[3995.801s][info ][gc,metaspace   ] GC(111) Metaspace: 84672K(85952K)->84672K(85952K) NonClass: 72766K(73472K)->72766K(73472K) Class: 11906K(12480K)->11906K(12480K)
[3995.801s][info ][gc             ] GC(111) Pause Young (Allocation Failure) 2158M->645M(2266M) 43.329ms
[3995.801s][info ][gc,cpu         ] GC(111) User=0.17s Sys=0.00s Real=0.04s
[3995.801s][info ][safepoint      ] Safepoint "ParallelGCFailedAllocation", Time since last: 1299107921 ns, Reaching safepoint: 24300 ns, At safepoint: 43399411 ns, Total: 43423711 ns
[4008.802s][info ][safepoint      ] Safepoint "Cleanup", Time since last: 13000892137 ns, Reaching safepoint: 44100 ns, At safepoint: 2900 ns, Total: 47000 ns
[4026.803s][info ][safepoint      ] Safepoint "Cleanup", Time since last: 18001226652 ns, Reaching safepoint: 36500 ns, At safepoint: 2900 ns, Total: 39400 ns
[4030.804s][info ][safepoint      ] Safepoint "Cleanup", Time since last: 4000344902 ns, Reaching safepoint: 41500 ns, At safepoint: 2800 ns, Total: 44300 ns
[4036.804s][info ][safepoint      ] Safepoint "Cleanup", Time since last: 6000404458 ns, Reaching safepoint: 31000 ns, At safepoint: 3000 ns, Total: 34000 ns
[4037.219s][info ][gc,start       ] GC(112) Pause Young (Allocation Failure)
[4037.266s][debug][gc,phases      ] GC(112) Scavenge 46.460ms
[4037.266s][debug][gc,ref         ] GC(112) Skipped phase 1 of Reference Processing: no references
[4037.266s][debug][gc,ref         ] GC(112) ReferenceProcessor::execute queues: 1, RefProcThreadModel::Single, marks_oops_alive: false
[4037.266s][debug][gc,ref         ] GC(112) Skipped phase 3 of Reference Processing: no references
[4037.266s][debug][gc,ref         ] GC(112) ReferenceProcessor::execute queues: 1, RefProcThreadModel::Single, marks_oops_alive: false
[4037.266s][debug][gc,phases      ] GC(112) Reference Processing 0.102ms
[4037.266s][debug][gc,phases      ] GC(112)   VM Weak                        Min:  0.0, Avg:  0.0, Max:  0.0, Diff:  0.0, Sum:  0.0, Workers: 4
[4037.266s][debug][gc,phases      ] GC(112)     Dead                           Min: 0, Avg:  0.0, Max: 0, Diff: 0, Sum: 0, Workers: 4
[4037.266s][debug][gc,phases      ] GC(112)     Total                          Min: 0, Avg: 206.2, Max: 678, Diff: 678, Sum: 825, Workers: 4
[4037.266s][debug][gc,phases      ] GC(112)   ObjectSynchronizer Weak        Min:  0.0, Avg:  0.0, Max:  0.0, Diff:  0.0, Sum:  0.0, Workers: 4
[4037.266s][debug][gc,phases      ] GC(112)     Dead                           Min: 0, Avg:  0.0, Max: 0, Diff: 0, Sum: 0, Workers: 4
[4037.266s][debug][gc,phases      ] GC(112)     Total                          Min: 0, Avg: 15.0, Max: 60, Diff: 60, Sum: 60, Workers: 4
[4037.266s][debug][gc,phases      ] GC(112)   JVMTI Tag Weak OopStorage      Min:  0.0, Avg:  0.0, Max:  0.0, Diff:  0.0, Sum:  0.0, Workers: 4
[4037.266s][debug][gc,phases      ] GC(112)     Dead                           Min: 0, Avg:  0.0, Max: 0, Diff: 0, Sum: 0, Workers: 4
[4037.266s][debug][gc,phases      ] GC(112)     Total                          Min: 0, Avg:  0.0, Max: 0, Diff: 0, Sum: 0, Workers: 4
[4037.266s][debug][gc,phases      ] GC(112)   StringTable Weak               Min:  0.0, Avg:  0.1, Max:  0.1, Diff:  0.1, Sum:  0.3, Workers: 4
[4037.266s][debug][gc,phases      ] GC(112)     Dead                           Min: 0, Avg:  0.0, Max: 0, Diff: 0, Sum: 0, Workers: 4
[4037.266s][debug][gc,phases      ] GC(112)     Total                          Min: 0, Avg: 11057.8, Max: 18631, Diff: 18631, Sum: 44231, Workers: 4
[4037.266s][debug][gc,phases      ] GC(112)   ResolvedMethodTable Weak       Min:  0.0, Avg:  0.0, Max:  0.0, Diff:  0.0, Sum:  0.1, Workers: 4
[4037.266s][debug][gc,phases      ] GC(112)     Dead                           Min: 0, Avg:  0.0, Max: 0, Diff: 0, Sum: 0, Workers: 4
[4037.266s][debug][gc,phases      ] GC(112)     Total                          Min: 0, Avg: 2511.5, Max: 4350, Diff: 4350, Sum: 10046, Workers: 4
[4037.266s][debug][gc,phases      ] GC(112)   JNI Weak                       Min:  0.0, Avg:  0.0, Max:  0.0, Diff:  0.0, Sum:  0.0, Workers: 4
[4037.266s][debug][gc,phases      ] GC(112)     Dead                           Min: 0, Avg:  0.0, Max: 0, Diff: 0, Sum: 0, Workers: 4
[4037.266s][debug][gc,phases      ] GC(112)     Total                          Min: 0, Avg: 11.2, Max: 45, Diff: 45, Sum: 45, Workers: 4
[4037.266s][debug][gc,phases      ] GC(112)   StringDedup Table Weak         Min:  0.0, Avg:  0.0, Max:  0.0, Diff:  0.0, Sum:  0.0, Workers: 4
[4037.266s][debug][gc,phases      ] GC(112)     Dead                           Min: 0, Avg:  0.0, Max: 0, Diff: 0, Sum: 0, Workers: 4
[4037.266s][debug][gc,phases      ] GC(112)     Total                          Min: 0, Avg:  0.0, Max: 0, Diff: 0, Sum: 0, Workers: 4
[4037.266s][debug][gc,phases      ] GC(112)   StringDedup Requests0 Weak     Min:  0.0, Avg:  0.0, Max:  0.0, Diff:  0.0, Sum:  0.0, Workers: 4
[4037.266s][debug][gc,phases      ] GC(112)     Dead                           Min: 0, Avg:  0.0, Max: 0, Diff: 0, Sum: 0, Workers: 4
[4037.266s][debug][gc,phases      ] GC(112)     Total                          Min: 0, Avg:  0.0, Max: 0, Diff: 0, Sum: 0, Workers: 4
[4037.266s][debug][gc,phases      ] GC(112)   StringDedup Requests1 Weak     Min:  0.0, Avg:  0.0, Max:  0.0, Diff:  0.0, Sum:  0.0, Workers: 4
[4037.266s][debug][gc,phases      ] GC(112)     Dead                           Min: 0, Avg:  0.0, Max: 0, Diff: 0, Sum: 0, Workers: 4
[4037.266s][debug][gc,phases      ] GC(112)     Total                          Min: 0, Avg:  0.0, Max: 0, Diff: 0, Sum: 0, Workers: 4
[4037.266s][debug][gc,phases      ] GC(112)   Weak JFR Old Object Samples    Min:  0.0, Avg:  0.0, Max:  0.0, Diff:  0.0, Sum:  0.0, Workers: 4
[4037.266s][debug][gc,phases      ] GC(112)     Dead                           Min: 0, Avg:  0.0, Max: 0, Diff: 0, Sum: 0, Workers: 4
[4037.266s][debug][gc,phases      ] GC(112)     Total                          Min: 0, Avg:  0.0, Max: 0, Diff: 0, Sum: 0, Workers: 4
[4037.266s][debug][gc,phases      ] GC(112) Weak Processing 0.298ms
[4037.266s][debug][gc,age         ] GC(112) Desired survivor size 295174144 bytes, new threshold 15 (max threshold 15)
[4037.266s][info ][gc,heap        ] GC(112) PSYoungGen: 1781984K(1782272K)->212913K(1795584K) Eden: 1575936K(1575936K)->0K(1520640K) From: 206048K(206336K)->212913K(274944K)
[4037.266s][info ][gc,heap        ] GC(112) ParOldGen: 454540K(538112K)->454660K(538112K)
[4037.266s][info ][gc,metaspace   ] GC(112) Metaspace: 84687K(85952K)->84687K(85952K) NonClass: 72781K(73472K)->72781K(73472K) Class: 11906K(12480K)->11906K(12480K)
[4037.266s][info ][gc             ] GC(112) Pause Young (Allocation Failure) 2184M->651M(2279M) 46.969ms
[4037.266s][info ][gc,cpu         ] GC(112) User=0.19s Sys=0.00s Real=0.04s
[4037.266s][info ][safepoint      ] Safepoint "ParallelGCFailedAllocation", Time since last: 415154186 ns, Reaching safepoint: 90500 ns, At safepoint: 47037623 ns, Total: 47128123 ns
[4041.267s][info ][safepoint      ] Safepoint "Cleanup", Time since last: 4000291658 ns, Reaching safepoint: 107800 ns, At safepoint: 4300 ns, Total: 112100 ns
[4042.267s][info ][safepoint      ] Safepoint "Cleanup", Time since last: 1000111015 ns, Reaching safepoint: 34500 ns, At safepoint: 2900 ns, Total: 37400 ns
[4052.268s][info ][safepoint      ] Safepoint "Cleanup", Time since last: 10000713682 ns, Reaching safepoint: 40900 ns, At safepoint: 28100 ns, Total: 69000 ns
[4055.268s][info ][safepoint      ] Safepoint "Cleanup", Time since last: 3000226490 ns, Reaching safepoint: 40700 ns, At safepoint: 2700 ns, Total: 43400 ns
[4059.734s][info ][gc,start       ] GC(113) Pause Young (Allocation Failure)
[4059.782s][debug][gc,phases      ] GC(113) Scavenge 47.492ms
[4059.782s][debug][gc,ref         ] GC(113) Skipped phase 1 of Reference Processing: no references
[4059.782s][debug][gc,ref         ] GC(113) ReferenceProcessor::execute queues: 1, RefProcThreadModel::Single, marks_oops_alive: false
[4059.782s][debug][gc,ref         ] GC(113) Skipped phase 3 of Reference Processing: no references
[4059.782s][debug][gc,ref         ] GC(113) ReferenceProcessor::execute queues: 1, RefProcThreadModel::Single, marks_oops_alive: false
[4059.782s][debug][gc,phases      ] GC(113) Reference Processing 0.102ms
[4059.782s][debug][gc,phases      ] GC(113)   VM Weak                        Min:  0.0, Avg:  0.0, Max:  0.0, Diff:  0.0, Sum:  0.0, Workers: 4
[4059.782s][debug][gc,phases      ] GC(113)     Dead                           Min: 0, Avg:  0.0, Max: 0, Diff: 0, Sum: 0, Workers: 4
[4059.782s][debug][gc,phases      ] GC(113)     Total                          Min: 0, Avg: 206.2, Max: 475, Diff: 475, Sum: 825, Workers: 4
[4059.782s][debug][gc,phases      ] GC(113)   ObjectSynchronizer Weak        Min:  0.0, Avg:  0.0, Max:  0.0, Diff:  0.0, Sum:  0.0, Workers: 4
[4059.782s][debug][gc,phases      ] GC(113)     Dead                           Min: 0, Avg:  0.0, Max: 0, Diff: 0, Sum: 0, Workers: 4
[4059.782s][debug][gc,phases      ] GC(113)     Total                          Min: 0, Avg: 15.0, Max: 60, Diff: 60, Sum: 60, Workers: 4
[4059.782s][debug][gc,phases      ] GC(113)   JVMTI Tag Weak OopStorage      Min:  0.0, Avg:  0.0, Max:  0.0, Diff:  0.0, Sum:  0.0, Workers: 4
[4059.782s][debug][gc,phases      ] GC(113)     Dead                           Min: 0, Avg:  0.0, Max: 0, Diff: 0, Sum: 0, Workers: 4
[4059.782s][debug][gc,phases      ] GC(113)     Total                          Min: 0, Avg:  0.0, Max: 0, Diff: 0, Sum: 0, Workers: 4
[4059.782s][debug][gc,phases      ] GC(113)   StringTable Weak               Min:  0.0, Avg:  0.1, Max:  0.1, Diff:  0.1, Sum:  0.3, Workers: 4
[4059.782s][debug][gc,phases      ] GC(113)     Dead                           Min: 0, Avg:  0.0, Max: 0, Diff: 0, Sum: 0, Workers: 4
[4059.782s][debug][gc,phases      ] GC(113)     Total                          Min: 0, Avg: 11057.8, Max: 19143, Diff: 19143, Sum: 44231, Workers: 4
[4059.782s][debug][gc,phases      ] GC(113)   ResolvedMethodTable Weak       Min:  0.0, Avg:  0.0, Max:  0.0, Diff:  0.0, Sum:  0.1, Workers: 4
[4059.782s][debug][gc,phases      ] GC(113)     Dead                           Min: 0, Avg:  0.0, Max: 0, Diff: 0, Sum: 0, Workers: 4
[4059.782s][debug][gc,phases      ] GC(113)     Total                          Min: 0, Avg: 2511.5, Max: 4222, Diff: 4222, Sum: 10046, Workers: 4
[4059.782s][debug][gc,phases      ] GC(113)   JNI Weak                       Min:  0.0, Avg:  0.0, Max:  0.0, Diff:  0.0, Sum:  0.0, Workers: 4
[4059.782s][debug][gc,phases      ] GC(113)     Dead                           Min: 0, Avg:  0.0, Max: 0, Diff: 0, Sum: 0, Workers: 4
[4059.782s][debug][gc,phases      ] GC(113)     Total                          Min: 0, Avg: 11.2, Max: 45, Diff: 45, Sum: 45, Workers: 4
[4059.782s][debug][gc,phases      ] GC(113)   StringDedup Table Weak         Min:  0.0, Avg:  0.0, Max:  0.0, Diff:  0.0, Sum:  0.0, Workers: 4
[4059.782s][debug][gc,phases      ] GC(113)     Dead                           Min: 0, Avg:  0.0, Max: 0, Diff: 0, Sum: 0, Workers: 4
[4059.782s][debug][gc,phases      ] GC(113)     Total                          Min: 0, Avg:  0.0, Max: 0, Diff: 0, Sum: 0, Workers: 4
[4059.782s][debug][gc,phases      ] GC(113)   StringDedup Requests0 Weak     Min:  0.0, Avg:  0.0, Max:  0.0, Diff:  0.0, Sum:  0.0, Workers: 4
[4059.782s][debug][gc,phases      ] GC(113)     Dead                           Min: 0, Avg:  0.0, Max: 0, Diff: 0, Sum: 0, Workers: 4
[4059.782s][debug][gc,phases      ] GC(113)     Total                          Min: 0, Avg:  0.0, Max: 0, Diff: 0, Sum: 0, Workers: 4
[4059.782s][debug][gc,phases      ] GC(113)   StringDedup Requests1 Weak     Min:  0.0, Avg:  0.0, Max:  0.0, Diff:  0.0, Sum:  0.0, Workers: 4
[4059.782s][debug][gc,phases      ] GC(113)     Dead                           Min: 0, Avg:  0.0, Max: 0, Diff: 0, Sum: 0, Workers: 4
[4059.782s][debug][gc,phases      ] GC(113)     Total                          Min: 0, Avg:  0.0, Max: 0, Diff: 0, Sum: 0, Workers: 4
[4059.782s][debug][gc,phases      ] GC(113)   Weak JFR Old Object Samples    Min:  0.0, Avg:  0.0, Max:  0.0, Diff:  0.0, Sum:  0.0, Workers: 4
[4059.782s][debug][gc,phases      ] GC(113)     Dead                           Min: 0, Avg:  0.0, Max: 0, Diff: 0, Sum: 0, Workers: 4
[4059.782s][debug][gc,phases      ] GC(113)     Total                          Min: 0, Avg:  0.0, Max: 0, Diff: 0, Sum: 0, Workers: 4
[4059.782s][debug][gc,phases      ] GC(113) Weak Processing 0.296ms
[4059.782s][debug][gc,age         ] GC(113) Desired survivor size 309329920 bytes, new threshold 15 (max threshold 15)
[4059.782s][info ][gc,heap        ] GC(113) PSYoungGen: 1733553K(1795584K)->221896K(1742848K) Eden: 1520640K(1520640K)->0K(1520640K) From: 212913K(274944K)->221896K(222208K)
[4059.782s][info ][gc,heap        ] GC(113) ParOldGen: 454660K(538112K)->470060K(538112K)
[4059.782s][info ][gc,metaspace   ] GC(113) Metaspace: 84689K(85952K)->84689K(85952K) NonClass: 72783K(73472K)->72783K(73472K) Class: 11906K(12480K)->11906K(12480K)
[4059.782s][info ][gc             ] GC(113) Pause Young (Allocation Failure) 2136M->675M(2227M) 48.011ms
[4059.782s][info ][gc,cpu         ] GC(113) User=0.19s Sys=0.00s Real=0.05s
[4059.782s][info ][safepoint      ] Safepoint "ParallelGCFailedAllocation", Time since last: 4466202195 ns, Reaching safepoint: 99000 ns, At safepoint: 48077732 ns, Total: 48176732 ns
[4065.257s][info ][safepoint      ] Safepoint "Cleanup", Time since last: 5474688750 ns, Reaching safepoint: 110600 ns, At safepoint: 6900 ns, Total: 117500 ns
[4070.258s][info ][safepoint      ] Safepoint "Cleanup", Time since last: 5000471802 ns, Reaching safepoint: 112300 ns, At safepoint: 6600 ns, Total: 118900 ns
[4073.258s][info ][safepoint      ] Safepoint "Cleanup", Time since last: 3000264057 ns, Reaching safepoint: 117500 ns, At safepoint: 8100 ns, Total: 125600 ns
[4081.259s][info ][safepoint      ] Safepoint "Cleanup", Time since last: 8000630172 ns, Reaching safepoint: 125501 ns, At safepoint: 5100 ns, Total: 130601 ns
[4086.354s][info ][safepoint      ] Safepoint "ParallelGCFailedAllocation", Time since last: 5094519604 ns, Reaching safepoint: 102201 ns, At safepoint: 18100 ns, Total: 120301 ns
[4086.354s][info ][gc,start       ] GC(114) Pause Young (GCLocker Initiated GC)
[4086.406s][debug][gc,phases      ] GC(114) Scavenge 51.883ms
[4086.406s][debug][gc,ref         ] GC(114) Skipped phase 1 of Reference Processing: no references
[4086.406s][debug][gc,ref         ] GC(114) ReferenceProcessor::execute queues: 1, RefProcThreadModel::Single, marks_oops_alive: false
[4086.406s][debug][gc,ref         ] GC(114) Skipped phase 3 of Reference Processing: no references
[4086.406s][debug][gc,ref         ] GC(114) ReferenceProcessor::execute queues: 1, RefProcThreadModel::Single, marks_oops_alive: false
[4086.406s][debug][gc,phases      ] GC(114) Reference Processing 0.105ms
[4086.406s][debug][gc,phases      ] GC(114)   VM Weak                        Min:  0.0, Avg:  0.0, Max:  0.0, Diff:  0.0, Sum:  0.0, Workers: 4
[4086.406s][debug][gc,phases      ] GC(114)     Dead                           Min: 0, Avg:  0.0, Max: 0, Diff: 0, Sum: 0, Workers: 4
[4086.406s][debug][gc,phases      ] GC(114)     Total                          Min: 0, Avg: 206.2, Max: 633, Diff: 633, Sum: 825, Workers: 4
[4086.406s][debug][gc,phases      ] GC(114)   ObjectSynchronizer Weak        Min:  0.0, Avg:  0.0, Max:  0.0, Diff:  0.0, Sum:  0.0, Workers: 4
[4086.406s][debug][gc,phases      ] GC(114)     Dead                           Min: 0, Avg:  0.0, Max: 0, Diff: 0, Sum: 0, Workers: 4
[4086.406s][debug][gc,phases      ] GC(114)     Total                          Min: 0, Avg: 15.0, Max: 60, Diff: 60, Sum: 60, Workers: 4
[4086.406s][debug][gc,phases      ] GC(114)   JVMTI Tag Weak OopStorage      Min:  0.0, Avg:  0.0, Max:  0.0, Diff:  0.0, Sum:  0.0, Workers: 4
[4086.406s][debug][gc,phases      ] GC(114)     Dead                           Min: 0, Avg:  0.0, Max: 0, Diff: 0, Sum: 0, Workers: 4
[4086.406s][debug][gc,phases      ] GC(114)     Total                          Min: 0, Avg:  0.0, Max: 0, Diff: 0, Sum: 0, Workers: 4
[4086.406s][debug][gc,phases      ] GC(114)   StringTable Weak               Min:  0.0, Avg:  0.1, Max:  0.1, Diff:  0.1, Sum:  0.3, Workers: 4
[4086.406s][debug][gc,phases      ] GC(114)     Dead                           Min: 0, Avg:  0.0, Max: 0, Diff: 0, Sum: 0, Workers: 4
[4086.406s][debug][gc,phases      ] GC(114)     Total                          Min: 0, Avg: 11057.8, Max: 18880, Diff: 18880, Sum: 44231, Workers: 4
[4086.406s][debug][gc,phases      ] GC(114)   ResolvedMethodTable Weak       Min:  0.0, Avg:  0.0, Max:  0.0, Diff:  0.0, Sum:  0.1, Workers: 4
[4086.406s][debug][gc,phases      ] GC(114)     Dead                           Min: 0, Avg:  0.0, Max: 0, Diff: 0, Sum: 0, Workers: 4
[4086.406s][debug][gc,phases      ] GC(114)     Total                          Min: 0, Avg: 2511.5, Max: 4350, Diff: 4350, Sum: 10046, Workers: 4
[4086.406s][debug][gc,phases      ] GC(114)   JNI Weak                       Min:  0.0, Avg:  0.0, Max:  0.0, Diff:  0.0, Sum:  0.0, Workers: 4
[4086.406s][debug][gc,phases      ] GC(114)     Dead                           Min: 0, Avg:  0.0, Max: 0, Diff: 0, Sum: 0, Workers: 4
[4086.406s][debug][gc,phases      ] GC(114)     Total                          Min: 0, Avg: 11.2, Max: 45, Diff: 45, Sum: 45, Workers: 4
[4086.406s][debug][gc,phases      ] GC(114)   StringDedup Table Weak         Min:  0.0, Avg:  0.0, Max:  0.0, Diff:  0.0, Sum:  0.0, Workers: 4
[4086.406s][debug][gc,phases      ] GC(114)     Dead                           Min: 0, Avg:  0.0, Max: 0, Diff: 0, Sum: 0, Workers: 4
[4086.406s][debug][gc,phases      ] GC(114)     Total                          Min: 0, Avg:  0.0, Max: 0, Diff: 0, Sum: 0, Workers: 4
[4086.406s][debug][gc,phases      ] GC(114)   StringDedup Requests0 Weak     Min:  0.0, Avg:  0.0, Max:  0.0, Diff:  0.0, Sum:  0.0, Workers: 4
[4086.406s][debug][gc,phases      ] GC(114)     Dead                           Min: 0, Avg:  0.0, Max: 0, Diff: 0, Sum: 0, Workers: 4
[4086.406s][debug][gc,phases      ] GC(114)     Total                          Min: 0, Avg:  0.0, Max: 0, Diff: 0, Sum: 0, Workers: 4
[4086.406s][debug][gc,phases      ] GC(114)   StringDedup Requests1 Weak     Min:  0.0, Avg:  0.0, Max:  0.0, Diff:  0.0, Sum:  0.0, Workers: 4
[4086.406s][debug][gc,phases      ] GC(114)     Dead                           Min: 0, Avg:  0.0, Max: 0, Diff: 0, Sum: 0, Workers: 4
[4086.406s][debug][gc,phases      ] GC(114)     Total                          Min: 0, Avg:  0.0, Max: 0, Diff: 0, Sum: 0, Workers: 4
[4086.406s][debug][gc,phases      ] GC(114)   Weak JFR Old Object Samples    Min:  0.0, Avg:  0.0, Max:  0.0, Diff:  0.0, Sum:  0.0, Workers: 4
[4086.406s][debug][gc,phases      ] GC(114)     Dead                           Min: 0, Avg:  0.0, Max: 0, Diff: 0, Sum: 0, Workers: 4
[4086.406s][debug][gc,phases      ] GC(114)     Total                          Min: 0, Avg:  0.0, Max: 0, Diff: 0, Sum: 0, Workers: 4
[4086.406s][debug][gc,phases      ] GC(114) Weak Processing 0.287ms
[4086.406s][debug][gc,age         ] GC(114) Desired survivor size 323485696 bytes, new threshold 15 (max threshold 15)
[4086.406s][info ][gc,heap        ] GC(114) PSYoungGen: 1742313K(1742848K)->231827K(1767424K) Eden: 1520417K(1520640K)->0K(1465344K) From: 221896K(222208K)->231827K(302080K)
[4086.406s][info ][gc,heap        ] GC(114) ParOldGen: 470572K(538112K)->473893K(538112K)
[4086.406s][info ][gc,metaspace   ] GC(114) Metaspace: 84691K(85952K)->84691K(85952K) NonClass: 72785K(73472K)->72785K(73472K) Class: 11906K(12480K)->11906K(12480K)
[4086.406s][info ][gc             ] GC(114) Pause Young (GCLocker Initiated GC) 2161M->689M(2251M) 52.369ms
[4086.406s][info ][gc,cpu         ] GC(114) User=0.21s Sys=0.00s Real=0.05s
[4086.406s][info ][safepoint      ] Safepoint "ParallelGCSystemGC", Time since last: 224700 ns, Reaching safepoint: 87501 ns, At safepoint: 52432633 ns, Total: 52520134 ns
[4090.407s][info ][safepoint      ] Safepoint "Cleanup", Time since last: 4000303258 ns, Reaching safepoint: 112700 ns, At safepoint: 3300 ns, Total: 116000 ns
[4092.407s][info ][safepoint      ] Safepoint "Cleanup", Time since last: 2000171492 ns, Reaching safepoint: 100900 ns, At safepoint: 5500 ns, Total: 106400 ns
[4096.407s][info ][safepoint      ] Safepoint "Cleanup", Time since last: 4000298022 ns, Reaching safepoint: 108000 ns, At safepoint: 4600 ns, Total: 112600 ns
[4097.408s][info ][safepoint      ] Safepoint "Cleanup", Time since last: 1000107256 ns, Reaching safepoint: 117900 ns, At safepoint: 4500 ns, Total: 122400 ns
[4098.408s][info ][safepoint      ] Safepoint "Cleanup", Time since last: 1000105156 ns, Reaching safepoint: 112600 ns, At safepoint: 8600 ns, Total: 121200 ns
[4103.408s][info ][safepoint      ] Safepoint "Cleanup", Time since last: 5000408809 ns, Reaching safepoint: 67400 ns, At safepoint: 8100 ns, Total: 75500 ns
[4105.409s][info ][safepoint      ] Safepoint "Cleanup", Time since last: 2000213051 ns, Reaching safepoint: 116601 ns, At safepoint: 4700 ns, Total: 121301 ns
[4106.409s][info ][safepoint      ] Safepoint "Cleanup", Time since last: 1000115675 ns, Reaching safepoint: 120401 ns, At safepoint: 5000 ns, Total: 125401 ns
[4112.409s][info ][safepoint      ] Safepoint "Cleanup", Time since last: 6000491899 ns, Reaching safepoint: 52401 ns, At safepoint: 5100 ns, Total: 57501 ns
[4116.598s][info ][safepoint      ] Safepoint "ParallelGCFailedAllocation", Time since last: 4188754838 ns, Reaching safepoint: 98200 ns, At safepoint: 10000 ns, Total: 108200 ns
[4116.599s][info ][gc,start       ] GC(115) Pause Young (GCLocker Initiated GC)
[4116.644s][debug][gc,phases      ] GC(115) Scavenge 45.091ms
[4116.644s][debug][gc,ref         ] GC(115) Skipped phase 1 of Reference Processing: no references
[4116.644s][debug][gc,ref         ] GC(115) ReferenceProcessor::execute queues: 1, RefProcThreadModel::Single, marks_oops_alive: false
[4116.644s][debug][gc,ref         ] GC(115) Skipped phase 3 of Reference Processing: no references
[4116.644s][debug][gc,ref         ] GC(115) ReferenceProcessor::execute queues: 1, RefProcThreadModel::Single, marks_oops_alive: false
[4116.644s][debug][gc,phases      ] GC(115) Reference Processing 0.103ms
[4116.644s][debug][gc,phases      ] GC(115)   VM Weak                        Min:  0.0, Avg:  0.0, Max:  0.0, Diff:  0.0, Sum:  0.0, Workers: 4
[4116.644s][debug][gc,phases      ] GC(115)     Dead                           Min: 0, Avg:  0.0, Max: 0, Diff: 0, Sum: 0, Workers: 4
[4116.644s][debug][gc,phases      ] GC(115)     Total                          Min: 0, Avg: 206.2, Max: 526, Diff: 526, Sum: 825, Workers: 4
[4116.644s][debug][gc,phases      ] GC(115)   ObjectSynchronizer Weak        Min:  0.0, Avg:  0.0, Max:  0.0, Diff:  0.0, Sum:  0.0, Workers: 4
[4116.644s][debug][gc,phases      ] GC(115)     Dead                           Min: 0, Avg:  0.0, Max: 0, Diff: 0, Sum: 0, Workers: 4
[4116.644s][debug][gc,phases      ] GC(115)     Total                          Min: 0, Avg: 15.0, Max: 60, Diff: 60, Sum: 60, Workers: 4
[4116.644s][debug][gc,phases      ] GC(115)   JVMTI Tag Weak OopStorage      Min:  0.0, Avg:  0.0, Max:  0.0, Diff:  0.0, Sum:  0.0, Workers: 4
[4116.644s][debug][gc,phases      ] GC(115)     Dead                           Min: 0, Avg:  0.0, Max: 0, Diff: 0, Sum: 0, Workers: 4
[4116.644s][debug][gc,phases      ] GC(115)     Total                          Min: 0, Avg:  0.0, Max: 0, Diff: 0, Sum: 0, Workers: 4
[4116.644s][debug][gc,phases      ] GC(115)   StringTable Weak               Min:  0.0, Avg:  0.1, Max:  0.1, Diff:  0.1, Sum:  0.3, Workers: 4
[4116.644s][debug][gc,phases      ] GC(115)     Dead                           Min: 0, Avg:  0.0, Max: 0, Diff: 0, Sum: 0, Workers: 4
[4116.644s][debug][gc,phases      ] GC(115)     Total                          Min: 0, Avg: 11057.8, Max: 18368, Diff: 18368, Sum: 44231, Workers: 4
[4116.644s][debug][gc,phases      ] GC(115)   ResolvedMethodTable Weak       Min:  0.0, Avg:  0.0, Max:  0.0, Diff:  0.0, Sum:  0.1, Workers: 4
[4116.644s][debug][gc,phases      ] GC(115)     Dead                           Min: 0, Avg:  0.0, Max: 0, Diff: 0, Sum: 0, Workers: 4
[4116.644s][debug][gc,phases      ] GC(115)     Total                          Min: 0, Avg: 2511.5, Max: 4094, Diff: 4094, Sum: 10046, Workers: 4
[4116.644s][debug][gc,phases      ] GC(115)   JNI Weak                       Min:  0.0, Avg:  0.0, Max:  0.0, Diff:  0.0, Sum:  0.0, Workers: 4
[4116.644s][debug][gc,phases      ] GC(115)     Dead                           Min: 0, Avg:  0.0, Max: 0, Diff: 0, Sum: 0, Workers: 4
[4116.644s][debug][gc,phases      ] GC(115)     Total                          Min: 0, Avg: 11.2, Max: 45, Diff: 45, Sum: 45, Workers: 4
[4116.644s][debug][gc,phases      ] GC(115)   StringDedup Table Weak         Min:  0.0, Avg:  0.0, Max:  0.0, Diff:  0.0, Sum:  0.0, Workers: 4
[4116.644s][debug][gc,phases      ] GC(115)     Dead                           Min: 0, Avg:  0.0, Max: 0, Diff: 0, Sum: 0, Workers: 4
[4116.644s][debug][gc,phases      ] GC(115)     Total                          Min: 0, Avg:  0.0, Max: 0, Diff: 0, Sum: 0, Workers: 4
[4116.644s][debug][gc,phases      ] GC(115)   StringDedup Requests0 Weak     Min:  0.0, Avg:  0.0, Max:  0.0, Diff:  0.0, Sum:  0.0, Workers: 4
[4116.644s][debug][gc,phases      ] GC(115)     Dead                           Min: 0, Avg:  0.0, Max: 0, Diff: 0, Sum: 0, Workers: 4
[4116.644s][debug][gc,phases      ] GC(115)     Total                          Min: 0, Avg:  0.0, Max: 0, Diff: 0, Sum: 0, Workers: 4
[4116.644s][debug][gc,phases      ] GC(115)   StringDedup Requests1 Weak     Min:  0.0, Avg:  0.0, Max:  0.0, Diff:  0.0, Sum:  0.0, Workers: 4
[4116.644s][debug][gc,phases      ] GC(115)     Dead                           Min: 0, Avg:  0.0, Max: 0, Diff: 0, Sum: 0, Workers: 4
[4116.644s][debug][gc,phases      ] GC(115)     Total                          Min: 0, Avg:  0.0, Max: 0, Diff: 0, Sum: 0, Workers: 4
[4116.644s][debug][gc,phases      ] GC(115)   Weak JFR Old Object Samples    Min:  0.0, Avg:  0.0, Max:  0.0, Diff:  0.0, Sum:  0.0, Workers: 4
[4116.644s][debug][gc,phases      ] GC(115)     Dead                           Min: 0, Avg:  0.0, Max: 0, Diff: 0, Sum: 0, Workers: 4
[4116.644s][debug][gc,phases      ] GC(115)     Total                          Min: 0, Avg:  0.0, Max: 0, Diff: 0, Sum: 0, Workers: 4
[4116.644s][debug][gc,phases      ] GC(115) Weak Processing 0.291ms
[4116.644s][debug][gc,age         ] GC(115) Desired survivor size 325582848 bytes, new threshold 15 (max threshold 15)
[4116.644s][info ][gc,heap        ] GC(115) PSYoungGen: 1697171K(1767424K)->210161K(1675776K) Eden: 1465344K(1465344K)->0K(1465344K) From: 231827K(302080K)->210161K(210432K)
[4116.644s][info ][gc,heap        ] GC(115) ParOldGen: 473964K(538112K)->490964K(538112K)
[4116.644s][info ][gc,metaspace   ] GC(115) Metaspace: 84694K(85952K)->84694K(85952K) NonClass: 72788K(73472K)->72788K(73472K) Class: 11906K(12480K)->11906K(12480K)
[4116.644s][info ][gc             ] GC(115) Pause Young (GCLocker Initiated GC) 2120M->684M(2162M) 45.582ms
[4116.644s][info ][gc,cpu         ] GC(115) User=0.18s Sys=0.00s Real=0.04s
[4116.644s][info ][safepoint      ] Safepoint "ParallelGCSystemGC", Time since last: 387301 ns, Reaching safepoint: 90400 ns, At safepoint: 45647614 ns, Total: 45738014 ns
[4117.645s][info ][safepoint      ] Safepoint "Cleanup", Time since last: 1000084994 ns, Reaching safepoint: 43300 ns, At safepoint: 2900 ns, Total: 46200 ns
[4120.645s][info ][safepoint      ] Safepoint "Cleanup", Time since last: 3000231881 ns, Reaching safepoint: 42300 ns, At safepoint: 3300 ns, Total: 45600 ns
[4126.645s][info ][safepoint      ] Safepoint "Cleanup", Time since last: 6000447057 ns, Reaching safepoint: 45200 ns, At safepoint: 2600 ns, Total: 47800 ns
[4127.645s][info ][safepoint      ] Safepoint "Cleanup", Time since last: 1000071293 ns, Reaching safepoint: 46100 ns, At safepoint: 2400 ns, Total: 48500 ns
[4128.646s][info ][safepoint      ] Safepoint "Cleanup", Time since last: 1000098493 ns, Reaching safepoint: 45000 ns, At safepoint: 5600 ns, Total: 50600 ns
[4134.646s][info ][safepoint      ] Safepoint "Cleanup", Time since last: 6000446885 ns, Reaching safepoint: 53800 ns, At safepoint: 4900 ns, Total: 58700 ns
[4135.646s][info ][safepoint      ] Safepoint "Cleanup", Time since last: 1000119803 ns, Reaching safepoint: 43200 ns, At safepoint: 4800 ns, Total: 48000 ns
[4136.646s][info ][safepoint      ] Safepoint "Cleanup", Time since last: 1000068603 ns, Reaching safepoint: 42500 ns, At safepoint: 3600 ns, Total: 46100 ns
[4138.647s][info ][safepoint      ] Safepoint "Cleanup", Time since last: 2000192705 ns, Reaching safepoint: 38300 ns, At safepoint: 2500 ns, Total: 40800 ns
[4139.159s][info ][safepoint      ] Safepoint "ParallelGCFailedAllocation", Time since last: 512776235 ns, Reaching safepoint: 39400 ns, At safepoint: 6600 ns, Total: 46000 ns
[4139.160s][info ][gc,start       ] GC(116) Pause Young (GCLocker Initiated GC)
[4139.209s][debug][gc,phases      ] GC(116) Scavenge 48.939ms
[4139.209s][debug][gc,ref         ] GC(116) Skipped phase 1 of Reference Processing: no references
[4139.209s][debug][gc,ref         ] GC(116) ReferenceProcessor::execute queues: 1, RefProcThreadModel::Single, marks_oops_alive: false
[4139.209s][debug][gc,ref         ] GC(116) Skipped phase 3 of Reference Processing: no references
[4139.209s][debug][gc,ref         ] GC(116) ReferenceProcessor::execute queues: 1, RefProcThreadModel::Single, marks_oops_alive: false
[4139.209s][debug][gc,phases      ] GC(116) Reference Processing 0.104ms
[4139.209s][debug][gc,phases      ] GC(116)   VM Weak                        Min:  0.0, Avg:  0.0, Max:  0.0, Diff:  0.0, Sum:  0.0, Workers: 4
[4139.209s][debug][gc,phases      ] GC(116)     Dead                           Min: 0, Avg:  0.0, Max: 0, Diff: 0, Sum: 0, Workers: 4
[4139.209s][debug][gc,phases      ] GC(116)     Total                          Min: 0, Avg: 206.2, Max: 368, Diff: 368, Sum: 825, Workers: 4
[4139.209s][debug][gc,phases      ] GC(116)   ObjectSynchronizer Weak        Min:  0.0, Avg:  0.0, Max:  0.0, Diff:  0.0, Sum:  0.0, Workers: 4
[4139.209s][debug][gc,phases      ] GC(116)     Dead                           Min: 0, Avg:  0.0, Max: 0, Diff: 0, Sum: 0, Workers: 4
[4139.209s][debug][gc,phases      ] GC(116)     Total                          Min: 0, Avg: 15.0, Max: 60, Diff: 60, Sum: 60, Workers: 4
[4139.209s][debug][gc,phases      ] GC(116)   JVMTI Tag Weak OopStorage      Min:  0.0, Avg:  0.0, Max:  0.0, Diff:  0.0, Sum:  0.0, Workers: 4
[4139.209s][debug][gc,phases      ] GC(116)     Dead                           Min: 0, Avg:  0.0, Max: 0, Diff: 0, Sum: 0, Workers: 4
[4139.209s][debug][gc,phases      ] GC(116)     Total                          Min: 0, Avg:  0.0, Max: 0, Diff: 0, Sum: 0, Workers: 4
[4139.209s][debug][gc,phases      ] GC(116)   StringTable Weak               Min:  0.0, Avg:  0.1, Max:  0.1, Diff:  0.1, Sum:  0.3, Workers: 4
[4139.209s][debug][gc,phases      ] GC(116)     Dead                           Min: 0, Avg:  0.8, Max: 3, Diff: 3, Sum: 3, Workers: 4
[4139.209s][debug][gc,phases      ] GC(116)     Total                          Min: 0, Avg: 11059.8, Max: 19217, Diff: 19217, Sum: 44239, Workers: 4
[4139.209s][debug][gc,phases      ] GC(116)   ResolvedMethodTable Weak       Min:  0.0, Avg:  0.0, Max:  0.0, Diff:  0.0, Sum:  0.1, Workers: 4
[4139.209s][debug][gc,phases      ] GC(116)     Dead                           Min: 0, Avg:  0.0, Max: 0, Diff: 0, Sum: 0, Workers: 4
[4139.209s][debug][gc,phases      ] GC(116)     Total                          Min: 0, Avg: 2513.0, Max: 4228, Diff: 4228, Sum: 10052, Workers: 4
[4139.209s][debug][gc,phases      ] GC(116)   JNI Weak                       Min:  0.0, Avg:  0.0, Max:  0.0, Diff:  0.0, Sum:  0.0, Workers: 4
[4139.209s][debug][gc,phases      ] GC(116)     Dead                           Min: 0, Avg:  0.0, Max: 0, Diff: 0, Sum: 0, Workers: 4
[4139.209s][debug][gc,phases      ] GC(116)     Total                          Min: 0, Avg: 11.2, Max: 45, Diff: 45, Sum: 45, Workers: 4
[4139.209s][debug][gc,phases      ] GC(116)   StringDedup Table Weak         Min:  0.0, Avg:  0.0, Max:  0.0, Diff:  0.0, Sum:  0.0, Workers: 4
[4139.209s][debug][gc,phases      ] GC(116)     Dead                           Min: 0, Avg:  0.0, Max: 0, Diff: 0, Sum: 0, Workers: 4
[4139.209s][debug][gc,phases      ] GC(116)     Total                          Min: 0, Avg:  0.0, Max: 0, Diff: 0, Sum: 0, Workers: 4
[4139.209s][debug][gc,phases      ] GC(116)   StringDedup Requests0 Weak     Min:  0.0, Avg:  0.0, Max:  0.0, Diff:  0.0, Sum:  0.0, Workers: 4
[4139.209s][debug][gc,phases      ] GC(116)     Dead                           Min: 0, Avg:  0.0, Max: 0, Diff: 0, Sum: 0, Workers: 4
[4139.209s][debug][gc,phases      ] GC(116)     Total                          Min: 0, Avg:  0.0, Max: 0, Diff: 0, Sum: 0, Workers: 4
[4139.209s][debug][gc,phases      ] GC(116)   StringDedup Requests1 Weak     Min:  0.0, Avg:  0.0, Max:  0.0, Diff:  0.0, Sum:  0.0, Workers: 4
[4139.209s][debug][gc,phases      ] GC(116)     Dead                           Min: 0, Avg:  0.0, Max: 0, Diff: 0, Sum: 0, Workers: 4
[4139.209s][debug][gc,phases      ] GC(116)     Total                          Min: 0, Avg:  0.0, Max: 0, Diff: 0, Sum: 0, Workers: 4
[4139.209s][debug][gc,phases      ] GC(116)   Weak JFR Old Object Samples    Min:  0.0, Avg:  0.0, Max:  0.0, Diff:  0.0, Sum:  0.0, Workers: 4
[4139.209s][debug][gc,phases      ] GC(116)     Dead                           Min: 0, Avg:  0.0, Max: 0, Diff: 0, Sum: 0, Workers: 4
[4139.209s][debug][gc,phases      ] GC(116)     Total                          Min: 0, Avg:  0.0, Max: 0, Diff: 0, Sum: 0, Workers: 4
[4139.209s][debug][gc,phases      ] GC(116) Weak Processing 0.296ms
[4139.209s][debug][gc,age         ] GC(116) Desired survivor size 334495744 bytes, new threshold 15 (max threshold 15)
[4139.209s][info ][gc,heap        ] GC(116) PSYoungGen: 1675505K(1675776K)->231504K(1761792K) Eden: 1465344K(1465344K)->0K(1443840K) From: 210161K(210432K)->231504K(317952K)
[4139.209s][info ][gc,heap        ] GC(116) ParOldGen: 490967K(538112K)->492199K(538112K)
[4139.209s][info ][gc,metaspace   ] GC(116) Metaspace: 84702K(85952K)->84702K(85952K) NonClass: 72793K(73472K)->72793K(73472K) Class: 11908K(12480K)->11908K(12480K)
[4139.209s][info ][gc             ] GC(116) Pause Young (GCLocker Initiated GC) 2115M->706M(2246M) 49.428ms
[4139.209s][info ][gc,cpu         ] GC(116) User=0.19s Sys=0.00s Real=0.04s
[4139.209s][info ][safepoint      ] Safepoint "ParallelGCSystemGC", Time since last: 57200 ns, Reaching safepoint: 13100 ns, At safepoint: 49489629 ns, Total: 49502729 ns
[4141.209s][info ][safepoint      ] Safepoint "Cleanup", Time since last: 2000187195 ns, Reaching safepoint: 53800 ns, At safepoint: 5800 ns, Total: 59600 ns
[4146.210s][info ][safepoint      ] Safepoint "Cleanup", Time since last: 5000425802 ns, Reaching safepoint: 112201 ns, At safepoint: 6100 ns, Total: 118301 ns
[4151.210s][info ][safepoint      ] Safepoint "Cleanup", Time since last: 5000389310 ns, Reaching safepoint: 44700 ns, At safepoint: 3000 ns, Total: 47700 ns
[4155.211s][info ][safepoint      ] Safepoint "Cleanup", Time since last: 4000298115 ns, Reaching safepoint: 55900 ns, At safepoint: 11200 ns, Total: 67100 ns
[4157.211s][info ][safepoint      ] Safepoint "Cleanup", Time since last: 2000172508 ns, Reaching safepoint: 43800 ns, At safepoint: 2700 ns, Total: 46500 ns
[4160.211s][info ][safepoint      ] Safepoint "Cleanup", Time since last: 3000281363 ns, Reaching safepoint: 28500 ns, At safepoint: 5800 ns, Total: 34300 ns
[4167.140s][info ][gc,start       ] GC(117) Pause Young (Allocation Failure)
[4167.201s][debug][gc,phases      ] GC(117) Scavenge 61.199ms
[4167.201s][debug][gc,ref         ] GC(117) Skipped phase 1 of Reference Processing: no references
[4167.201s][debug][gc,ref         ] GC(117) ReferenceProcessor::execute queues: 1, RefProcThreadModel::Single, marks_oops_alive: false
[4167.201s][debug][gc,ref         ] GC(117) Skipped phase 3 of Reference Processing: no references
[4167.201s][debug][gc,ref         ] GC(117) ReferenceProcessor::execute queues: 1, RefProcThreadModel::Single, marks_oops_alive: false
[4167.201s][debug][gc,phases      ] GC(117) Reference Processing 0.084ms
[4167.202s][debug][gc,phases      ] GC(117)   VM Weak                        Min:  0.0, Avg:  0.0, Max:  0.0, Diff:  0.0, Sum:  0.0, Workers: 4
[4167.202s][debug][gc,phases      ] GC(117)     Dead                           Min: 0, Avg:  0.0, Max: 0, Diff: 0, Sum: 0, Workers: 4
[4167.202s][debug][gc,phases      ] GC(117)     Total                          Min: 0, Avg: 206.2, Max: 571, Diff: 571, Sum: 825, Workers: 4
[4167.202s][debug][gc,phases      ] GC(117)   ObjectSynchronizer Weak        Min:  0.0, Avg:  0.0, Max:  0.0, Diff:  0.0, Sum:  0.0, Workers: 4
[4167.202s][debug][gc,phases      ] GC(117)     Dead                           Min: 0, Avg:  0.0, Max: 0, Diff: 0, Sum: 0, Workers: 4
[4167.202s][debug][gc,phases      ] GC(117)     Total                          Min: 0, Avg: 15.0, Max: 60, Diff: 60, Sum: 60, Workers: 4
[4167.202s][debug][gc,phases      ] GC(117)   JVMTI Tag Weak OopStorage      Min:  0.0, Avg:  0.0, Max:  0.0, Diff:  0.0, Sum:  0.0, Workers: 4
[4167.202s][debug][gc,phases      ] GC(117)     Dead                           Min: 0, Avg:  0.0, Max: 0, Diff: 0, Sum: 0, Workers: 4
[4167.202s][debug][gc,phases      ] GC(117)     Total                          Min: 0, Avg:  0.0, Max: 0, Diff: 0, Sum: 0, Workers: 4
[4167.202s][debug][gc,phases      ] GC(117)   StringTable Weak               Min:  0.0, Avg:  0.1, Max:  0.1, Diff:  0.1, Sum:  0.4, Workers: 4
[4167.202s][debug][gc,phases      ] GC(117)     Dead                           Min: 0, Avg:  0.0, Max: 0, Diff: 0, Sum: 0, Workers: 4
[4167.202s][debug][gc,phases      ] GC(117)     Total                          Min: 0, Avg: 11059.8, Max: 14802, Diff: 14802, Sum: 44239, Workers: 4
[4167.202s][debug][gc,phases      ] GC(117)   ResolvedMethodTable Weak       Min:  0.0, Avg:  0.0, Max:  0.0, Diff:  0.0, Sum:  0.1, Workers: 4
[4167.202s][debug][gc,phases      ] GC(117)     Dead                           Min: 0, Avg:  0.0, Max: 0, Diff: 0, Sum: 0, Workers: 4
[4167.202s][debug][gc,phases      ] GC(117)     Total                          Min: 0, Avg: 2513.0, Max: 3524, Diff: 3524, Sum: 10052, Workers: 4
[4167.202s][debug][gc,phases      ] GC(117)   JNI Weak                       Min:  0.0, Avg:  0.0, Max:  0.0, Diff:  0.0, Sum:  0.0, Workers: 4
[4167.202s][debug][gc,phases      ] GC(117)     Dead                           Min: 0, Avg:  0.0, Max: 0, Diff: 0, Sum: 0, Workers: 4
[4167.202s][debug][gc,phases      ] GC(117)     Total                          Min: 0, Avg: 11.2, Max: 45, Diff: 45, Sum: 45, Workers: 4
[4167.202s][debug][gc,phases      ] GC(117)   StringDedup Table Weak         Min:  0.0, Avg:  0.0, Max:  0.0, Diff:  0.0, Sum:  0.0, Workers: 4
[4167.202s][debug][gc,phases      ] GC(117)     Dead                           Min: 0, Avg:  0.0, Max: 0, Diff: 0, Sum: 0, Workers: 4
[4167.202s][debug][gc,phases      ] GC(117)     Total                          Min: 0, Avg:  0.0, Max: 0, Diff: 0, Sum: 0, Workers: 4
[4167.202s][debug][gc,phases      ] GC(117)   StringDedup Requests0 Weak     Min:  0.0, Avg:  0.0, Max:  0.0, Diff:  0.0, Sum:  0.0, Workers: 4
[4167.202s][debug][gc,phases      ] GC(117)     Dead                           Min: 0, Avg:  0.0, Max: 0, Diff: 0, Sum: 0, Workers: 4
[4167.202s][debug][gc,phases      ] GC(117)     Total                          Min: 0, Avg:  0.0, Max: 0, Diff: 0, Sum: 0, Workers: 4
[4167.202s][debug][gc,phases      ] GC(117)   StringDedup Requests1 Weak     Min:  0.0, Avg:  0.0, Max:  0.0, Diff:  0.0, Sum:  0.0, Workers: 4
[4167.202s][debug][gc,phases      ] GC(117)     Dead                           Min: 0, Avg:  0.0, Max: 0, Diff: 0, Sum: 0, Workers: 4
[4167.202s][debug][gc,phases      ] GC(117)     Total                          Min: 0, Avg:  0.0, Max: 0, Diff: 0, Sum: 0, Workers: 4
[4167.202s][debug][gc,phases      ] GC(117)   Weak JFR Old Object Samples    Min:  0.0, Avg:  0.0, Max:  0.0, Diff:  0.0, Sum:  0.0, Workers: 4
[4167.202s][debug][gc,phases      ] GC(117)     Dead                           Min: 0, Avg:  0.0, Max: 0, Diff: 0, Sum: 0, Workers: 4
[4167.202s][debug][gc,phases      ] GC(117)     Total                          Min: 0, Avg:  0.0, Max: 0, Diff: 0, Sum: 0, Workers: 4
[4167.202s][debug][gc,phases      ] GC(117) Weak Processing 0.335ms
[4167.202s][debug][gc,age         ] GC(117) Desired survivor size 343932928 bytes, new threshold 15 (max threshold 15)
[4167.202s][info ][gc,heap        ] GC(117) PSYoungGen: 1675344K(1761792K)->239472K(1683456K) Eden: 1443840K(1443840K)->0K(1443840K) From: 231504K(317952K)->239472K(239616K)
[4167.202s][info ][gc,heap        ] GC(117) ParOldGen: 492200K(538112K)->508832K(538112K)
[4167.202s][info ][gc,metaspace   ] GC(117) Metaspace: 84704K(85952K)->84704K(85952K) NonClass: 72796K(73472K)->72796K(73472K) Class: 11908K(12480K)->11908K(12480K)
[4167.202s][info ][gc             ] GC(117) Pause Young (Allocation Failure) 2116M->730M(2169M) 61.725ms
[4167.202s][info ][gc,cpu         ] GC(117) User=0.20s Sys=0.00s Real=0.06s
[4167.202s][info ][safepoint      ] Safepoint "ParallelGCFailedAllocation", Time since last: 6928647598 ns, Reaching safepoint: 104501 ns, At safepoint: 61814464 ns, Total: 61918965 ns
[4170.202s][info ][safepoint      ] Safepoint "Cleanup", Time since last: 3000261599 ns, Reaching safepoint: 47700 ns, At safepoint: 4000 ns, Total: 51700 ns
[4171.202s][info ][safepoint      ] Safepoint "Cleanup", Time since last: 1000105266 ns, Reaching safepoint: 32900 ns, At safepoint: 3200 ns, Total: 36100 ns
[4174.202s][info ][safepoint      ] Safepoint "Cleanup", Time since last: 3000194828 ns, Reaching safepoint: 34300 ns, At safepoint: 2100 ns, Total: 36400 ns
[4175.203s][info ][safepoint      ] Safepoint "Cleanup", Time since last: 1000099285 ns, Reaching safepoint: 53500 ns, At safepoint: 5600 ns, Total: 59100 ns
[4179.203s][info ][safepoint      ] Safepoint "Cleanup", Time since last: 4000357037 ns, Reaching safepoint: 37000 ns, At safepoint: 2900 ns, Total: 39900 ns
[4182.203s][info ][safepoint      ] Safepoint "Cleanup", Time since last: 3000291177 ns, Reaching safepoint: 47700 ns, At safepoint: 3200 ns, Total: 50900 ns
[4186.204s][info ][safepoint      ] Safepoint "Cleanup", Time since last: 4000376096 ns, Reaching safepoint: 39600 ns, At safepoint: 3100 ns, Total: 42700 ns
[4189.204s][info ][safepoint      ] Safepoint "Cleanup", Time since last: 3000270679 ns, Reaching safepoint: 41800 ns, At safepoint: 3400 ns, Total: 45200 ns
[4191.204s][info ][safepoint      ] Safepoint "Cleanup", Time since last: 2000221655 ns, Reaching safepoint: 42400 ns, At safepoint: 4200 ns, Total: 46600 ns
[4195.857s][info ][gc,start       ] GC(118) Pause Young (Allocation Failure)
[4195.901s][debug][gc,phases      ] GC(118) Scavenge 44.132ms
[4195.901s][debug][gc,ref         ] GC(118) Skipped phase 1 of Reference Processing: no references
[4195.902s][debug][gc,ref         ] GC(118) ReferenceProcessor::execute queues: 1, RefProcThreadModel::Single, marks_oops_alive: false
[4195.902s][debug][gc,ref         ] GC(118) Skipped phase 3 of Reference Processing: no references
[4195.902s][debug][gc,ref         ] GC(118) ReferenceProcessor::execute queues: 1, RefProcThreadModel::Single, marks_oops_alive: false
[4195.902s][debug][gc,phases      ] GC(118) Reference Processing 0.113ms
[4195.902s][debug][gc,phases      ] GC(118)   VM Weak                        Min:  0.0, Avg:  0.0, Max:  0.0, Diff:  0.0, Sum:  0.0, Workers: 4
[4195.902s][debug][gc,phases      ] GC(118)     Dead                           Min: 0, Avg:  0.0, Max: 0, Diff: 0, Sum: 0, Workers: 4
[4195.902s][debug][gc,phases      ] GC(118)     Total                          Min: 0, Avg: 206.2, Max: 558, Diff: 558, Sum: 825, Workers: 4
[4195.902s][debug][gc,phases      ] GC(118)   ObjectSynchronizer Weak        Min:  0.0, Avg:  0.0, Max:  0.0, Diff:  0.0, Sum:  0.0, Workers: 4
[4195.902s][debug][gc,phases      ] GC(118)     Dead                           Min: 0, Avg:  0.0, Max: 0, Diff: 0, Sum: 0, Workers: 4
[4195.902s][debug][gc,phases      ] GC(118)     Total                          Min: 0, Avg: 15.0, Max: 60, Diff: 60, Sum: 60, Workers: 4
[4195.902s][debug][gc,phases      ] GC(118)   JVMTI Tag Weak OopStorage      Min:  0.0, Avg:  0.0, Max:  0.0, Diff:  0.0, Sum:  0.0, Workers: 4
[4195.902s][debug][gc,phases      ] GC(118)     Dead                           Min: 0, Avg:  0.0, Max: 0, Diff: 0, Sum: 0, Workers: 4
[4195.902s][debug][gc,phases      ] GC(118)     Total                          Min: 0, Avg:  0.0, Max: 0, Diff: 0, Sum: 0, Workers: 4
[4195.902s][debug][gc,phases      ] GC(118)   StringTable Weak               Min:  0.0, Avg:  0.1, Max:  0.1, Diff:  0.1, Sum:  0.3, Workers: 4
[4195.902s][debug][gc,phases      ] GC(118)     Dead                           Min: 0, Avg:  0.0, Max: 0, Diff: 0, Sum: 0, Workers: 4
[4195.902s][debug][gc,phases      ] GC(118)     Total                          Min: 0, Avg: 11059.8, Max: 19346, Diff: 19346, Sum: 44239, Workers: 4
[4195.902s][debug][gc,phases      ] GC(118)   ResolvedMethodTable Weak       Min:  0.0, Avg:  0.0, Max:  0.0, Diff:  0.0, Sum:  0.1, Workers: 4
[4195.902s][debug][gc,phases      ] GC(118)     Dead                           Min: 0, Avg:  0.0, Max: 0, Diff: 0, Sum: 0, Workers: 4
[4195.902s][debug][gc,phases      ] GC(118)     Total                          Min: 0, Avg: 2513.0, Max: 4228, Diff: 4228, Sum: 10052, Workers: 4
[4195.902s][debug][gc,phases      ] GC(118)   JNI Weak                       Min:  0.0, Avg:  0.0, Max:  0.0, Diff:  0.0, Sum:  0.0, Workers: 4
[4195.902s][debug][gc,phases      ] GC(118)     Dead                           Min: 0, Avg:  0.0, Max: 0, Diff: 0, Sum: 0, Workers: 4
[4195.902s][debug][gc,phases      ] GC(118)     Total                          Min: 0, Avg: 11.2, Max: 45, Diff: 45, Sum: 45, Workers: 4
[4195.902s][debug][gc,phases      ] GC(118)   StringDedup Table Weak         Min:  0.0, Avg:  0.0, Max:  0.0, Diff:  0.0, Sum:  0.0, Workers: 4
[4195.902s][debug][gc,phases      ] GC(118)     Dead                           Min: 0, Avg:  0.0, Max: 0, Diff: 0, Sum: 0, Workers: 4
[4195.902s][debug][gc,phases      ] GC(118)     Total                          Min: 0, Avg:  0.0, Max: 0, Diff: 0, Sum: 0, Workers: 4
[4195.902s][debug][gc,phases      ] GC(118)   StringDedup Requests0 Weak     Min:  0.0, Avg:  0.0, Max:  0.0, Diff:  0.0, Sum:  0.0, Workers: 4
[4195.902s][debug][gc,phases      ] GC(118)     Dead                           Min: 0, Avg:  0.0, Max: 0, Diff: 0, Sum: 0, Workers: 4
[4195.902s][debug][gc,phases      ] GC(118)     Total                          Min: 0, Avg:  0.0, Max: 0, Diff: 0, Sum: 0, Workers: 4
[4195.902s][debug][gc,phases      ] GC(118)   StringDedup Requests1 Weak     Min:  0.0, Avg:  0.0, Max:  0.0, Diff:  0.0, Sum:  0.0, Workers: 4
[4195.902s][debug][gc,phases      ] GC(118)     Dead                           Min: 0, Avg:  0.0, Max: 0, Diff: 0, Sum: 0, Workers: 4
[4195.902s][debug][gc,phases      ] GC(118)     Total                          Min: 0, Avg:  0.0, Max: 0, Diff: 0, Sum: 0, Workers: 4
[4195.902s][debug][gc,phases      ] GC(118)   Weak JFR Old Object Samples    Min:  0.0, Avg:  0.0, Max:  0.0, Diff:  0.0, Sum:  0.0, Workers: 4
[4195.902s][debug][gc,phases      ] GC(118)     Dead                           Min: 0, Avg:  0.0, Max: 0, Diff: 0, Sum: 0, Workers: 4
[4195.902s][debug][gc,phases      ] GC(118)     Total                          Min: 0, Avg:  0.0, Max: 0, Diff: 0, Sum: 0, Workers: 4
[4195.902s][debug][gc,phases      ] GC(118) Weak Processing 0.311ms
[4195.902s][debug][gc,age         ] GC(118) Desired survivor size 341311488 bytes, new threshold 15 (max threshold 15)
[4195.902s][info ][gc,heap        ] GC(118) PSYoungGen: 1683312K(1683456K)->214544K(1763840K) Eden: 1443840K(1443840K)->0K(1427968K) From: 239472K(239616K)->214544K(335872K)
[4195.902s][info ][gc,heap        ] GC(118) ParOldGen: 508832K(538112K)->509680K(538112K)
[4195.902s][info ][gc,metaspace   ] GC(118) Metaspace: 84707K(85952K)->84707K(85952K) NonClass: 72798K(73472K)->72798K(73472K) Class: 11908K(12480K)->11908K(12480K)
[4195.902s][info ][gc             ] GC(118) Pause Young (Allocation Failure) 2140M->707M(2248M) 44.663ms
[4195.902s][info ][gc,cpu         ] GC(118) User=0.17s Sys=0.01s Real=0.05s
[4195.902s][info ][safepoint      ] Safepoint "ParallelGCFailedAllocation", Time since last: 4652844615 ns, Reaching safepoint: 40300 ns, At safepoint: 44759423 ns, Total: 44799723 ns
[4200.902s][info ][safepoint      ] Safepoint "Cleanup", Time since last: 5000355214 ns, Reaching safepoint: 48300 ns, At safepoint: 3200 ns, Total: 51500 ns
[4201.903s][info ][safepoint      ] Safepoint "Cleanup", Time since last: 1000111143 ns, Reaching safepoint: 44700 ns, At safepoint: 5400 ns, Total: 50100 ns
[4206.903s][info ][safepoint      ] Safepoint "Cleanup", Time since last: 5000367687 ns, Reaching safepoint: 47100 ns, At safepoint: 4100 ns, Total: 51200 ns
[4214.904s][info ][safepoint      ] Safepoint "Cleanup", Time since last: 8000605823 ns, Reaching safepoint: 52100 ns, At safepoint: 6200 ns, Total: 58300 ns
[4220.484s][info ][gc,start       ] GC(119) Pause Young (Allocation Failure)
[4220.530s][debug][gc,phases      ] GC(119) Scavenge 46.052ms
[4220.530s][debug][gc,ref         ] GC(119) Skipped phase 1 of Reference Processing: no references
[4220.530s][debug][gc,ref         ] GC(119) ReferenceProcessor::execute queues: 1, RefProcThreadModel::Single, marks_oops_alive: false
[4220.530s][debug][gc,ref         ] GC(119) Skipped phase 3 of Reference Processing: no references
[4220.530s][debug][gc,ref         ] GC(119) ReferenceProcessor::execute queues: 1, RefProcThreadModel::Single, marks_oops_alive: false
[4220.530s][debug][gc,phases      ] GC(119) Reference Processing 0.101ms
[4220.530s][debug][gc,phases      ] GC(119)   VM Weak                        Min:  0.0, Avg:  0.0, Max:  0.0, Diff:  0.0, Sum:  0.0, Workers: 4
[4220.530s][debug][gc,phases      ] GC(119)     Dead                           Min: 0, Avg:  0.0, Max: 0, Diff: 0, Sum: 0, Workers: 4
[4220.530s][debug][gc,phases      ] GC(119)     Total                          Min: 0, Avg: 206.2, Max: 438, Diff: 438, Sum: 825, Workers: 4
[4220.530s][debug][gc,phases      ] GC(119)   ObjectSynchronizer Weak        Min:  0.0, Avg:  0.0, Max:  0.0, Diff:  0.0, Sum:  0.0, Workers: 4
[4220.530s][debug][gc,phases      ] GC(119)     Dead                           Min: 0, Avg:  0.0, Max: 0, Diff: 0, Sum: 0, Workers: 4
[4220.530s][debug][gc,phases      ] GC(119)     Total                          Min: 0, Avg: 15.0, Max: 60, Diff: 60, Sum: 60, Workers: 4
[4220.530s][debug][gc,phases      ] GC(119)   JVMTI Tag Weak OopStorage      Min:  0.0, Avg:  0.0, Max:  0.0, Diff:  0.0, Sum:  0.0, Workers: 4
[4220.530s][debug][gc,phases      ] GC(119)     Dead                           Min: 0, Avg:  0.0, Max: 0, Diff: 0, Sum: 0, Workers: 4
[4220.530s][debug][gc,phases      ] GC(119)     Total                          Min: 0, Avg:  0.0, Max: 0, Diff: 0, Sum: 0, Workers: 4
[4220.530s][debug][gc,phases      ] GC(119)   StringTable Weak               Min:  0.0, Avg:  0.1, Max:  0.1, Diff:  0.1, Sum:  0.3, Workers: 4
[4220.530s][debug][gc,phases      ] GC(119)     Dead                           Min: 0, Avg:  0.0, Max: 0, Diff: 0, Sum: 0, Workers: 4
[4220.530s][debug][gc,phases      ] GC(119)     Total                          Min: 0, Avg: 11060.2, Max: 19518, Diff: 19518, Sum: 44241, Workers: 4
[4220.530s][debug][gc,phases      ] GC(119)   ResolvedMethodTable Weak       Min:  0.0, Avg:  0.0, Max:  0.0, Diff:  0.0, Sum:  0.1, Workers: 4
[4220.530s][debug][gc,phases      ] GC(119)     Dead                           Min: 0, Avg:  0.0, Max: 0, Diff: 0, Sum: 0, Workers: 4
[4220.530s][debug][gc,phases      ] GC(119)     Total                          Min: 0, Avg: 2513.8, Max: 4295, Diff: 4295, Sum: 10055, Workers: 4
[4220.530s][debug][gc,phases      ] GC(119)   JNI Weak                       Min:  0.0, Avg:  0.0, Max:  0.0, Diff:  0.0, Sum:  0.0, Workers: 4
[4220.530s][debug][gc,phases      ] GC(119)     Dead                           Min: 0, Avg:  0.0, Max: 0, Diff: 0, Sum: 0, Workers: 4
[4220.530s][debug][gc,phases      ] GC(119)     Total                          Min: 0, Avg: 11.2, Max: 45, Diff: 45, Sum: 45, Workers: 4
[4220.530s][debug][gc,phases      ] GC(119)   StringDedup Table Weak         Min:  0.0, Avg:  0.0, Max:  0.0, Diff:  0.0, Sum:  0.0, Workers: 4
[4220.530s][debug][gc,phases      ] GC(119)     Dead                           Min: 0, Avg:  0.0, Max: 0, Diff: 0, Sum: 0, Workers: 4
[4220.530s][debug][gc,phases      ] GC(119)     Total                          Min: 0, Avg:  0.0, Max: 0, Diff: 0, Sum: 0, Workers: 4
[4220.530s][debug][gc,phases      ] GC(119)   StringDedup Requests0 Weak     Min:  0.0, Avg:  0.0, Max:  0.0, Diff:  0.0, Sum:  0.0, Workers: 4
[4220.530s][debug][gc,phases      ] GC(119)     Dead                           Min: 0, Avg:  0.0, Max: 0, Diff: 0, Sum: 0, Workers: 4
[4220.530s][debug][gc,phases      ] GC(119)     Total                          Min: 0, Avg:  0.0, Max: 0, Diff: 0, Sum: 0, Workers: 4
[4220.530s][debug][gc,phases      ] GC(119)   StringDedup Requests1 Weak     Min:  0.0, Avg:  0.0, Max:  0.0, Diff:  0.0, Sum:  0.0, Workers: 4
[4220.530s][debug][gc,phases      ] GC(119)     Dead                           Min: 0, Avg:  0.0, Max: 0, Diff: 0, Sum: 0, Workers: 4
[4220.530s][debug][gc,phases      ] GC(119)     Total                          Min: 0, Avg:  0.0, Max: 0, Diff: 0, Sum: 0, Workers: 4
[4220.530s][debug][gc,phases      ] GC(119)   Weak JFR Old Object Samples    Min:  0.0, Avg:  0.0, Max:  0.0, Diff:  0.0, Sum:  0.0, Workers: 4
[4220.530s][debug][gc,phases      ] GC(119)     Dead                           Min: 0, Avg:  0.0, Max: 0, Diff: 0, Sum: 0, Workers: 4
[4220.530s][debug][gc,phases      ] GC(119)     Total                          Min: 0, Avg:  0.0, Max: 0, Diff: 0, Sum: 0, Workers: 4
[4220.530s][debug][gc,phases      ] GC(119) Weak Processing 0.295ms
[4220.530s][debug][gc,age         ] GC(119) Desired survivor size 345505792 bytes, new threshold 15 (max threshold 15)
[4220.530s][info ][gc,heap        ] GC(119) PSYoungGen: 1642512K(1763840K)->235856K(1664000K) Eden: 1427968K(1427968K)->0K(1427968K) From: 214544K(335872K)->235856K(236032K)
[4220.530s][info ][gc,heap        ] GC(119) ParOldGen: 509680K(538112K)->511709K(538112K)
[4220.530s][info ][gc,metaspace   ] GC(119) Metaspace: 84714K(85952K)->84714K(85952K) NonClass: 72804K(73472K)->72804K(73472K) Class: 11909K(12480K)->11909K(12480K)
[4220.530s][info ][gc             ] GC(119) Pause Young (Allocation Failure) 2101M->730M(2150M) 46.561ms
[4220.530s][info ][gc,cpu         ] GC(119) User=0.19s Sys=0.00s Real=0.05s
[4220.530s][info ][safepoint      ] Safepoint "ParallelGCFailedAllocation", Time since last: 5580004161 ns, Reaching safepoint: 94900 ns, At safepoint: 46638015 ns, Total: 46732915 ns
[4224.531s][info ][safepoint      ] Safepoint "Cleanup", Time since last: 4000303187 ns, Reaching safepoint: 52900 ns, At safepoint: 6900 ns, Total: 59800 ns
[4227.531s][info ][safepoint      ] Safepoint "Cleanup", Time since last: 3000251116 ns, Reaching safepoint: 41600 ns, At safepoint: 2800 ns, Total: 44400 ns
[4231.531s][info ][safepoint      ] Safepoint "Cleanup", Time since last: 4000294825 ns, Reaching safepoint: 38300 ns, At safepoint: 27400 ns, Total: 65700 ns
[4236.532s][info ][safepoint      ] Safepoint "Cleanup", Time since last: 5000469595 ns, Reaching safepoint: 42500 ns, At safepoint: 2400 ns, Total: 44900 ns
[4257.157s][info ][gc,start       ] GC(120) Pause Young (Allocation Failure)
[4257.198s][debug][gc,phases      ] GC(120) Scavenge 40.794ms
[4257.198s][debug][gc,ref         ] GC(120) Skipped phase 1 of Reference Processing: no references
[4257.198s][debug][gc,ref         ] GC(120) ReferenceProcessor::execute queues: 1, RefProcThreadModel::Single, marks_oops_alive: false
[4257.198s][debug][gc,ref         ] GC(120) Skipped phase 3 of Reference Processing: no references
[4257.198s][debug][gc,ref         ] GC(120) ReferenceProcessor::execute queues: 1, RefProcThreadModel::Single, marks_oops_alive: false
[4257.198s][debug][gc,phases      ] GC(120) Reference Processing 0.099ms
[4257.198s][debug][gc,phases      ] GC(120)   VM Weak                        Min:  0.0, Avg:  0.0, Max:  0.0, Diff:  0.0, Sum:  0.0, Workers: 4
[4257.198s][debug][gc,phases      ] GC(120)     Dead                           Min: 0, Avg:  0.0, Max: 0, Diff: 0, Sum: 0, Workers: 4
[4257.198s][debug][gc,phases      ] GC(120)     Total                          Min: 0, Avg: 206.2, Max: 697, Diff: 697, Sum: 825, Workers: 4
[4257.198s][debug][gc,phases      ] GC(120)   ObjectSynchronizer Weak        Min:  0.0, Avg:  0.0, Max:  0.0, Diff:  0.0, Sum:  0.0, Workers: 4
[4257.198s][debug][gc,phases      ] GC(120)     Dead                           Min: 0, Avg:  0.0, Max: 0, Diff: 0, Sum: 0, Workers: 4
[4257.198s][debug][gc,phases      ] GC(120)     Total                          Min: 0, Avg: 15.0, Max: 60, Diff: 60, Sum: 60, Workers: 4
[4257.198s][debug][gc,phases      ] GC(120)   JVMTI Tag Weak OopStorage      Min:  0.0, Avg:  0.0, Max:  0.0, Diff:  0.0, Sum:  0.0, Workers: 4
[4257.198s][debug][gc,phases      ] GC(120)     Dead                           Min: 0, Avg:  0.0, Max: 0, Diff: 0, Sum: 0, Workers: 4
[4257.198s][debug][gc,phases      ] GC(120)     Total                          Min: 0, Avg:  0.0, Max: 0, Diff: 0, Sum: 0, Workers: 4
[4257.198s][debug][gc,phases      ] GC(120)   StringTable Weak               Min:  0.0, Avg:  0.1, Max:  0.1, Diff:  0.1, Sum:  0.3, Workers: 4
[4257.198s][debug][gc,phases      ] GC(120)     Dead                           Min: 0, Avg:  0.0, Max: 0, Diff: 0, Sum: 0, Workers: 4
[4257.198s][debug][gc,phases      ] GC(120)     Total                          Min: 0, Avg: 11060.2, Max: 19328, Diff: 19328, Sum: 44241, Workers: 4
[4257.198s][debug][gc,phases      ] GC(120)   ResolvedMethodTable Weak       Min:  0.0, Avg:  0.0, Max:  0.0, Diff:  0.0, Sum:  0.1, Workers: 4
[4257.198s][debug][gc,phases      ] GC(120)     Dead                           Min: 0, Avg:  0.0, Max: 0, Diff: 0, Sum: 0, Workers: 4
[4257.198s][debug][gc,phases      ] GC(120)     Total                          Min: 0, Avg: 2513.8, Max: 4167, Diff: 4167, Sum: 10055, Workers: 4
[4257.198s][debug][gc,phases      ] GC(120)   JNI Weak                       Min:  0.0, Avg:  0.0, Max:  0.0, Diff:  0.0, Sum:  0.0, Workers: 4
[4257.198s][debug][gc,phases      ] GC(120)     Dead                           Min: 0, Avg:  0.0, Max: 0, Diff: 0, Sum: 0, Workers: 4
[4257.198s][debug][gc,phases      ] GC(120)     Total                          Min: 0, Avg: 11.2, Max: 45, Diff: 45, Sum: 45, Workers: 4
[4257.198s][debug][gc,phases      ] GC(120)   StringDedup Table Weak         Min:  0.0, Avg:  0.0, Max:  0.0, Diff:  0.0, Sum:  0.0, Workers: 4
[4257.198s][debug][gc,phases      ] GC(120)     Dead                           Min: 0, Avg:  0.0, Max: 0, Diff: 0, Sum: 0, Workers: 4
[4257.198s][debug][gc,phases      ] GC(120)     Total                          Min: 0, Avg:  0.0, Max: 0, Diff: 0, Sum: 0, Workers: 4
[4257.198s][debug][gc,phases      ] GC(120)   StringDedup Requests0 Weak     Min:  0.0, Avg:  0.0, Max:  0.0, Diff:  0.0, Sum:  0.0, Workers: 4
[4257.198s][debug][gc,phases      ] GC(120)     Dead                           Min: 0, Avg:  0.0, Max: 0, Diff: 0, Sum: 0, Workers: 4
[4257.198s][debug][gc,phases      ] GC(120)     Total                          Min: 0, Avg:  0.0, Max: 0, Diff: 0, Sum: 0, Workers: 4
[4257.198s][debug][gc,phases      ] GC(120)   StringDedup Requests1 Weak     Min:  0.0, Avg:  0.0, Max:  0.0, Diff:  0.0, Sum:  0.0, Workers: 4
[4257.198s][debug][gc,phases      ] GC(120)     Dead                           Min: 0, Avg:  0.0, Max: 0, Diff: 0, Sum: 0, Workers: 4
[4257.198s][debug][gc,phases      ] GC(120)     Total                          Min: 0, Avg:  0.0, Max: 0, Diff: 0, Sum: 0, Workers: 4
[4257.198s][debug][gc,phases      ] GC(120)   Weak JFR Old Object Samples    Min:  0.0, Avg:  0.0, Max:  0.0, Diff:  0.0, Sum:  0.0, Workers: 4
[4257.198s][debug][gc,phases      ] GC(120)     Dead                           Min: 0, Avg:  0.0, Max: 0, Diff: 0, Sum: 0, Workers: 4
[4257.198s][debug][gc,phases      ] GC(120)     Total                          Min: 0, Avg:  0.0, Max: 0, Diff: 0, Sum: 0, Workers: 4
[4257.198s][debug][gc,phases      ] GC(120) Weak Processing 0.302ms
[4257.198s][debug][gc,age         ] GC(120) Desired survivor size 335020032 bytes, new threshold 15 (max threshold 15)
[4257.198s][info ][gc,heap        ] GC(120) PSYoungGen: 1663824K(1664000K)->200304K(1769984K) Eden: 1427968K(1427968K)->0K(1432576K) From: 235856K(236032K)->200304K(337408K)
[4257.198s][info ][gc,heap        ] GC(120) ParOldGen: 511709K(538112K)->514322K(538112K)
[4257.198s][info ][gc,metaspace   ] GC(120) Metaspace: 84715K(85952K)->84715K(85952K) NonClass: 72805K(73472K)->72805K(73472K) Class: 11909K(12480K)->11909K(12480K)
[4257.198s][info ][gc             ] GC(120) Pause Young (Allocation Failure) 2124M->697M(2254M) 41.317ms
[4257.198s][info ][gc,cpu         ] GC(120) User=0.17s Sys=0.00s Real=0.05s
[4257.198s][info ][safepoint      ] Safepoint "ParallelGCFailedAllocation", Time since last: 20625077907 ns, Reaching safepoint: 51900 ns, At safepoint: 41386612 ns, Total: 41438512 ns
[4272.200s][info ][safepoint      ] Safepoint "Cleanup", Time since last: 15001087421 ns, Reaching safepoint: 51500 ns, At safepoint: 7700 ns, Total: 59200 ns
[4278.200s][info ][safepoint      ] Safepoint "Cleanup", Time since last: 6000423594 ns, Reaching safepoint: 43500 ns, At safepoint: 3600 ns, Total: 47100 ns
[4280.200s][info ][safepoint      ] Safepoint "Cleanup", Time since last: 2000173492 ns, Reaching safepoint: 49600 ns, At safepoint: 2500 ns, Total: 52100 ns
[4281.200s][info ][safepoint      ] Safepoint "Cleanup", Time since last: 1000111496 ns, Reaching safepoint: 43200 ns, At safepoint: 3000 ns, Total: 46200 ns
[4281.759s][info ][gc,start       ] GC(121) Pause Young (Allocation Failure)
[4281.800s][debug][gc,phases      ] GC(121) Scavenge 40.822ms
[4281.800s][debug][gc,ref         ] GC(121) Skipped phase 1 of Reference Processing: no references
[4281.800s][debug][gc,ref         ] GC(121) ReferenceProcessor::execute queues: 1, RefProcThreadModel::Single, marks_oops_alive: false
[4281.800s][debug][gc,ref         ] GC(121) Skipped phase 3 of Reference Processing: no references
[4281.800s][debug][gc,ref         ] GC(121) ReferenceProcessor::execute queues: 1, RefProcThreadModel::Single, marks_oops_alive: false
[4281.800s][debug][gc,phases      ] GC(121) Reference Processing 0.098ms
[4281.800s][debug][gc,phases      ] GC(121)   VM Weak                        Min:  0.0, Avg:  0.0, Max:  0.0, Diff:  0.0, Sum:  0.0, Workers: 4
[4281.800s][debug][gc,phases      ] GC(121)     Dead                           Min: 0, Avg:  0.0, Max: 0, Diff: 0, Sum: 0, Workers: 4
[4281.800s][debug][gc,phases      ] GC(121)     Total                          Min: 0, Avg: 206.2, Max: 761, Diff: 761, Sum: 825, Workers: 4
[4281.800s][debug][gc,phases      ] GC(121)   ObjectSynchronizer Weak        Min:  0.0, Avg:  0.0, Max:  0.0, Diff:  0.0, Sum:  0.0, Workers: 4
[4281.800s][debug][gc,phases      ] GC(121)     Dead                           Min: 0, Avg:  0.0, Max: 0, Diff: 0, Sum: 0, Workers: 4
[4281.800s][debug][gc,phases      ] GC(121)     Total                          Min: 0, Avg: 15.0, Max: 60, Diff: 60, Sum: 60, Workers: 4
[4281.800s][debug][gc,phases      ] GC(121)   JVMTI Tag Weak OopStorage      Min:  0.0, Avg:  0.0, Max:  0.0, Diff:  0.0, Sum:  0.0, Workers: 4
[4281.800s][debug][gc,phases      ] GC(121)     Dead                           Min: 0, Avg:  0.0, Max: 0, Diff: 0, Sum: 0, Workers: 4
[4281.800s][debug][gc,phases      ] GC(121)     Total                          Min: 0, Avg:  0.0, Max: 0, Diff: 0, Sum: 0, Workers: 4
[4281.800s][debug][gc,phases      ] GC(121)   StringTable Weak               Min:  0.0, Avg:  0.1, Max:  0.1, Diff:  0.1, Sum:  0.3, Workers: 4
[4281.800s][debug][gc,phases      ] GC(121)     Dead                           Min: 0, Avg:  0.0, Max: 0, Diff: 0, Sum: 0, Workers: 4
[4281.800s][debug][gc,phases      ] GC(121)     Total                          Min: 0, Avg: 11060.2, Max: 19219, Diff: 19219, Sum: 44241, Workers: 4
[4281.800s][debug][gc,phases      ] GC(121)   ResolvedMethodTable Weak       Min:  0.0, Avg:  0.0, Max:  0.0, Diff:  0.0, Sum:  0.1, Workers: 4
[4281.800s][debug][gc,phases      ] GC(121)     Dead                           Min: 0, Avg:  0.0, Max: 0, Diff: 0, Sum: 0, Workers: 4
[4281.800s][debug][gc,phases      ] GC(121)     Total                          Min: 0, Avg: 2513.8, Max: 4352, Diff: 4352, Sum: 10055, Workers: 4
[4281.800s][debug][gc,phases      ] GC(121)   JNI Weak                       Min:  0.0, Avg:  0.0, Max:  0.0, Diff:  0.0, Sum:  0.0, Workers: 4
[4281.800s][debug][gc,phases      ] GC(121)     Dead                           Min: 0, Avg:  0.0, Max: 0, Diff: 0, Sum: 0, Workers: 4
[4281.800s][debug][gc,phases      ] GC(121)     Total                          Min: 0, Avg: 11.2, Max: 45, Diff: 45, Sum: 45, Workers: 4
[4281.800s][debug][gc,phases      ] GC(121)   StringDedup Table Weak         Min:  0.0, Avg:  0.0, Max:  0.0, Diff:  0.0, Sum:  0.0, Workers: 4
[4281.800s][debug][gc,phases      ] GC(121)     Dead                           Min: 0, Avg:  0.0, Max: 0, Diff: 0, Sum: 0, Workers: 4
[4281.800s][debug][gc,phases      ] GC(121)     Total                          Min: 0, Avg:  0.0, Max: 0, Diff: 0, Sum: 0, Workers: 4
[4281.800s][debug][gc,phases      ] GC(121)   StringDedup Requests0 Weak     Min:  0.0, Avg:  0.0, Max:  0.0, Diff:  0.0, Sum:  0.0, Workers: 4
[4281.800s][debug][gc,phases      ] GC(121)     Dead                           Min: 0, Avg:  0.0, Max: 0, Diff: 0, Sum: 0, Workers: 4
[4281.800s][debug][gc,phases      ] GC(121)     Total                          Min: 0, Avg:  0.0, Max: 0, Diff: 0, Sum: 0, Workers: 4
[4281.800s][debug][gc,phases      ] GC(121)   StringDedup Requests1 Weak     Min:  0.0, Avg:  0.0, Max:  0.0, Diff:  0.0, Sum:  0.0, Workers: 4
[4281.800s][debug][gc,phases      ] GC(121)     Dead                           Min: 0, Avg:  0.0, Max: 0, Diff: 0, Sum: 0, Workers: 4
[4281.800s][debug][gc,phases      ] GC(121)     Total                          Min: 0, Avg:  0.0, Max: 0, Diff: 0, Sum: 0, Workers: 4
[4281.800s][debug][gc,phases      ] GC(121)   Weak JFR Old Object Samples    Min:  0.0, Avg:  0.0, Max:  0.0, Diff:  0.0, Sum:  0.0, Workers: 4
[4281.800s][debug][gc,phases      ] GC(121)     Dead                           Min: 0, Avg:  0.0, Max: 0, Diff: 0, Sum: 0, Workers: 4
[4281.800s][debug][gc,phases      ] GC(121)     Total                          Min: 0, Avg:  0.0, Max: 0, Diff: 0, Sum: 0, Workers: 4
[4281.800s][debug][gc,phases      ] GC(121) Weak Processing 0.295ms
[4281.800s][debug][gc,age         ] GC(121) Desired survivor size 326107136 bytes, new threshold 15 (max threshold 15)
[4281.800s][info ][gc,heap        ] GC(121) PSYoungGen: 1632880K(1769984K)->204336K(1759744K) Eden: 1432576K(1432576K)->0K(1432576K) From: 200304K(337408K)->204336K(327168K)
[4281.800s][info ][gc,heap        ] GC(121) ParOldGen: 514322K(538112K)->535856K(538112K)
[4281.800s][info ][gc,metaspace   ] GC(121) Metaspace: 84718K(85952K)->84718K(85952K) NonClass: 72809K(73472K)->72809K(73472K) Class: 11909K(12480K)->11909K(12480K)
[4281.800s][info ][gc             ] GC(121) Pause Young (Allocation Failure) 2096M->722M(2244M) 41.332ms
[4281.800s][info ][gc,cpu         ] GC(121) User=0.16s Sys=0.00s Real=0.04s
[4281.800s][debug][gc,phases      ] GC(122) Pre Compact 0.008ms
[4281.800s][info ][gc,start       ] GC(122) Pause Full (Ergonomics)
[4281.800s][info ][gc,phases,start] GC(122) Marking Phase
[4281.925s][debug][gc,phases      ] GC(122) Par Mark 124.347ms
[4281.925s][debug][gc,ref         ] GC(122) ReferenceProcessor::execute queues: 4, RefProcThreadModel::Multi, marks_oops_alive: true
[4281.925s][debug][gc,ref         ] GC(122) ReferenceProcessor::execute queues: 4, RefProcThreadModel::Multi, marks_oops_alive: false
[4281.926s][debug][gc,ref         ] GC(122) Skipped phase 3 of Reference Processing: no references
[4281.926s][debug][gc,ref         ] GC(122) ReferenceProcessor::execute queues: 1, RefProcThreadModel::Single, marks_oops_alive: false
[4281.926s][debug][gc,phases      ] GC(122) Reference Processing 0.836ms
[4281.926s][debug][gc,phases      ] GC(122)   VM Weak                        Min:  0.0, Avg:  0.0, Max:  0.0, Diff:  0.0, Sum:  0.0, Workers: 4
[4281.926s][debug][gc,phases      ] GC(122)     Dead                           Min: 0, Avg:  0.5, Max: 2, Diff: 2, Sum: 2, Workers: 4
[4281.926s][debug][gc,phases      ] GC(122)     Total                          Min: 83, Avg: 206.2, Max: 368, Diff: 285, Sum: 825, Workers: 4
[4281.926s][debug][gc,phases      ] GC(122)   ObjectSynchronizer Weak        Min:  0.0, Avg:  0.0, Max:  0.0, Diff:  0.0, Sum:  0.0, Workers: 4
[4281.926s][debug][gc,phases      ] GC(122)     Dead                           Min: 0, Avg:  0.0, Max: 0, Diff: 0, Sum: 0, Workers: 4
[4281.926s][debug][gc,phases      ] GC(122)     Total                          Min: 0, Avg: 15.0, Max: 60, Diff: 60, Sum: 60, Workers: 4
[4281.926s][debug][gc,phases      ] GC(122)   JVMTI Tag Weak OopStorage      Min:  0.0, Avg:  0.0, Max:  0.0, Diff:  0.0, Sum:  0.0, Workers: 4
[4281.926s][debug][gc,phases      ] GC(122)     Dead                           Min: 0, Avg:  0.0, Max: 0, Diff: 0, Sum: 0, Workers: 4
[4281.926s][debug][gc,phases      ] GC(122)     Total                          Min: 0, Avg:  0.0, Max: 0, Diff: 0, Sum: 0, Workers: 4
[4281.926s][debug][gc,phases      ] GC(122)   StringTable Weak               Min:  0.2, Avg:  0.2, Max:  0.2, Diff:  0.0, Sum:  0.6, Workers: 4
[4281.926s][debug][gc,phases      ] GC(122)     Dead                           Min: 0, Avg:  0.0, Max: 0, Diff: 0, Sum: 0, Workers: 4
[4281.926s][debug][gc,phases      ] GC(122)     Total                          Min: 10367, Avg: 11060.2, Max: 11838, Diff: 1471, Sum: 44241, Workers: 4
[4281.926s][debug][gc,phases      ] GC(122)   ResolvedMethodTable Weak       Min:  0.0, Avg:  0.0, Max:  0.0, Diff:  0.0, Sum:  0.1, Workers: 4
[4281.926s][debug][gc,phases      ] GC(122)     Dead                           Min: 0, Avg:  2.0, Max: 5, Diff: 5, Sum: 8, Workers: 4
[4281.926s][debug][gc,phases      ] GC(122)     Total                          Min: 2368, Avg: 2513.8, Max: 2688, Diff: 320, Sum: 10055, Workers: 4
[4281.926s][debug][gc,phases      ] GC(122)   JNI Weak                       Min:  0.0, Avg:  0.0, Max:  0.0, Diff:  0.0, Sum:  0.0, Workers: 4
[4281.926s][debug][gc,phases      ] GC(122)     Dead                           Min: 0, Avg:  0.0, Max: 0, Diff: 0, Sum: 0, Workers: 4
[4281.926s][debug][gc,phases      ] GC(122)     Total                          Min: 0, Avg: 11.2, Max: 45, Diff: 45, Sum: 45, Workers: 4
[4281.926s][debug][gc,phases      ] GC(122)   StringDedup Table Weak         Min:  0.0, Avg:  0.0, Max:  0.0, Diff:  0.0, Sum:  0.0, Workers: 4
[4281.926s][debug][gc,phases      ] GC(122)     Dead                           Min: 0, Avg:  0.0, Max: 0, Diff: 0, Sum: 0, Workers: 4
[4281.926s][debug][gc,phases      ] GC(122)     Total                          Min: 0, Avg:  0.0, Max: 0, Diff: 0, Sum: 0, Workers: 4
[4281.926s][debug][gc,phases      ] GC(122)   StringDedup Requests0 Weak     Min:  0.0, Avg:  0.0, Max:  0.0, Diff:  0.0, Sum:  0.0, Workers: 4
[4281.926s][debug][gc,phases      ] GC(122)     Dead                           Min: 0, Avg:  0.0, Max: 0, Diff: 0, Sum: 0, Workers: 4
[4281.926s][debug][gc,phases      ] GC(122)     Total                          Min: 0, Avg:  0.0, Max: 0, Diff: 0, Sum: 0, Workers: 4
[4281.926s][debug][gc,phases      ] GC(122)   StringDedup Requests1 Weak     Min:  0.0, Avg:  0.0, Max:  0.0, Diff:  0.0, Sum:  0.0, Workers: 4
[4281.926s][debug][gc,phases      ] GC(122)     Dead                           Min: 0, Avg:  0.0, Max: 0, Diff: 0, Sum: 0, Workers: 4
[4281.926s][debug][gc,phases      ] GC(122)     Total                          Min: 0, Avg:  0.0, Max: 0, Diff: 0, Sum: 0, Workers: 4
[4281.926s][debug][gc,phases      ] GC(122)   Weak JFR Old Object Samples    Min:  0.0, Avg:  0.0, Max:  0.0, Diff:  0.0, Sum:  0.0, Workers: 4
[4281.926s][debug][gc,phases      ] GC(122)     Dead                           Min: 0, Avg:  0.0, Max: 0, Diff: 0, Sum: 0, Workers: 4
[4281.926s][debug][gc,phases      ] GC(122)     Total                          Min: 0, Avg:  0.0, Max: 0, Diff: 0, Sum: 0, Workers: 4
[4281.926s][debug][gc,phases      ] GC(122) Weak Processing 0.339ms
[4281.926s][debug][gc,phases      ] GC(122) ClassLoaderData 0.151ms
[4281.926s][debug][gc,phases      ] GC(122) Trigger cleanups 0.006ms
[4281.957s][debug][gc,phases      ] GC(122) Class Unloading 31.129ms
[4281.957s][info ][gc,phases      ] GC(122) Marking Phase 156.823ms
[4281.957s][info ][gc,phases,start] GC(122) Summary Phase
[4281.957s][info ][gc,phases      ] GC(122) Summary Phase 0.019ms
[4281.957s][info ][gc,phases,start] GC(122) Adjust Roots
[4281.971s][info ][gc,phases      ] GC(122) Adjust Roots 14.118ms
[4281.971s][info ][gc,phases,start] GC(122) Compaction Phase
[4282.117s][info ][gc,phases      ] GC(122) Compaction Phase 145.242ms
[4282.117s][info ][gc,phases,start] GC(122) Post Compact
[4282.118s][info ][gc,phases      ] GC(122) Post Compact 1.342ms
[4282.118s][info ][gc,heap        ] GC(122) PSYoungGen: 204336K(1759744K)->0K(1778688K) Eden: 0K(1432576K)->0K(1460224K) From: 204336K(327168K)->0K(318464K)
[4282.118s][info ][gc,heap        ] GC(122) ParOldGen: 535856K(538112K)->485656K(648192K)
[4282.118s][info ][gc,metaspace   ] GC(122) Metaspace: 84718K(85952K)->84714K(85952K) NonClass: 72809K(73472K)->72806K(73472K) Class: 11909K(12480K)->11908K(12480K)
[4282.118s][info ][gc             ] GC(122) Pause Full (Ergonomics) 722M->474M(2370M) 317.813ms
[4282.118s][info ][gc,cpu         ] GC(122) User=1.12s Sys=0.00s Real=0.32s
[4282.118s][info ][safepoint      ] Safepoint "ParallelGCFailedAllocation", Time since last: 558379305 ns, Reaching safepoint: 47800 ns, At safepoint: 359262769 ns, Total: 359310569 ns
[4283.118s][info ][safepoint      ] Safepoint "Cleanup", Time since last: 1000085996 ns, Reaching safepoint: 43800 ns, At safepoint: 2400 ns, Total: 46200 ns
[4284.118s][info ][safepoint      ] Safepoint "Cleanup", Time since last: 1000101163 ns, Reaching safepoint: 108998 ns, At safepoint: 8900 ns, Total: 117898 ns
[4286.119s][info ][safepoint      ] Safepoint "Cleanup", Time since last: 2000154914 ns, Reaching safepoint: 52999 ns, At safepoint: 5000 ns, Total: 57999 ns
[4291.119s][info ][safepoint      ] Safepoint "Cleanup", Time since last: 5000355592 ns, Reaching safepoint: 44900 ns, At safepoint: 3000 ns, Total: 47900 ns
[4294.119s][info ][safepoint      ] Safepoint "Cleanup", Time since last: 3000267227 ns, Reaching safepoint: 41400 ns, At safepoint: 3000 ns, Total: 44400 ns
[4295.120s][info ][safepoint      ] Safepoint "Cleanup", Time since last: 1000096413 ns, Reaching safepoint: 44600 ns, At safepoint: 2500 ns, Total: 47100 ns
[4297.120s][info ][safepoint      ] Safepoint "Cleanup", Time since last: 2000201627 ns, Reaching safepoint: 30500 ns, At safepoint: 3200 ns, Total: 33700 ns
[4299.120s][info ][safepoint      ] Safepoint "Cleanup", Time since last: 2000202864 ns, Reaching safepoint: 38900 ns, At safepoint: 2700 ns, Total: 41600 ns
[4300.120s][info ][safepoint      ] Safepoint "Cleanup", Time since last: 1000103881 ns, Reaching safepoint: 48299 ns, At safepoint: 2500 ns, Total: 50799 ns
[4303.121s][info ][safepoint      ] Safepoint "Cleanup", Time since last: 3000298930 ns, Reaching safepoint: 53501 ns, At safepoint: 3600 ns, Total: 57101 ns
[4304.121s][info ][safepoint      ] Safepoint "Cleanup", Time since last: 1000101659 ns, Reaching safepoint: 34400 ns, At safepoint: 3000 ns, Total: 37400 ns
[4305.343s][info ][gc,start       ] GC(123) Pause Young (Allocation Failure)
[4305.354s][debug][gc,phases      ] GC(123) Scavenge 11.193ms
[4305.354s][debug][gc,ref         ] GC(123) Skipped phase 1 of Reference Processing: no references
[4305.355s][debug][gc,ref         ] GC(123) ReferenceProcessor::execute queues: 1, RefProcThreadModel::Single, marks_oops_alive: false
[4305.355s][debug][gc,ref         ] GC(123) Skipped phase 3 of Reference Processing: no references
[4305.355s][debug][gc,ref         ] GC(123) ReferenceProcessor::execute queues: 1, RefProcThreadModel::Single, marks_oops_alive: false
[4305.355s][debug][gc,phases      ] GC(123) Reference Processing 0.110ms
[4305.355s][debug][gc,phases      ] GC(123)   VM Weak                        Min:  0.0, Avg:  0.0, Max:  0.0, Diff:  0.0, Sum:  0.0, Workers: 4
[4305.355s][debug][gc,phases      ] GC(123)     Dead                           Min: 0, Avg:  0.0, Max: 0, Diff: 0, Sum: 0, Workers: 4
[4305.355s][debug][gc,phases      ] GC(123)     Total                          Min: 0, Avg: 205.8, Max: 537, Diff: 537, Sum: 823, Workers: 4
[4305.355s][debug][gc,phases      ] GC(123)   ObjectSynchronizer Weak        Min:  0.0, Avg:  0.0, Max:  0.0, Diff:  0.0, Sum:  0.0, Workers: 4
[4305.355s][debug][gc,phases      ] GC(123)     Dead                           Min: 0, Avg:  0.0, Max: 0, Diff: 0, Sum: 0, Workers: 4
[4305.355s][debug][gc,phases      ] GC(123)     Total                          Min: 0, Avg: 15.0, Max: 60, Diff: 60, Sum: 60, Workers: 4
[4305.355s][debug][gc,phases      ] GC(123)   JVMTI Tag Weak OopStorage      Min:  0.0, Avg:  0.0, Max:  0.0, Diff:  0.0, Sum:  0.0, Workers: 4
[4305.355s][debug][gc,phases      ] GC(123)     Dead                           Min: 0, Avg:  0.0, Max: 0, Diff: 0, Sum: 0, Workers: 4
[4305.355s][debug][gc,phases      ] GC(123)     Total                          Min: 0, Avg:  0.0, Max: 0, Diff: 0, Sum: 0, Workers: 4
[4305.355s][debug][gc,phases      ] GC(123)   StringTable Weak               Min:  0.0, Avg:  0.1, Max:  0.1, Diff:  0.1, Sum:  0.3, Workers: 4
[4305.355s][debug][gc,phases      ] GC(123)     Dead                           Min: 0, Avg:  0.5, Max: 2, Diff: 2, Sum: 2, Workers: 4
[4305.355s][debug][gc,phases      ] GC(123)     Total                          Min: 0, Avg: 11061.8, Max: 19263, Diff: 19263, Sum: 44247, Workers: 4
[4305.355s][debug][gc,phases      ] GC(123)   ResolvedMethodTable Weak       Min:  0.0, Avg:  0.0, Max:  0.0, Diff:  0.0, Sum:  0.1, Workers: 4
[4305.355s][debug][gc,phases      ] GC(123)     Dead                           Min: 0, Avg:  0.0, Max: 0, Diff: 0, Sum: 0, Workers: 4
[4305.355s][debug][gc,phases      ] GC(123)     Total                          Min: 0, Avg: 2517.0, Max: 4309, Diff: 4309, Sum: 10068, Workers: 4
[4305.355s][debug][gc,phases      ] GC(123)   JNI Weak                       Min:  0.0, Avg:  0.0, Max:  0.0, Diff:  0.0, Sum:  0.0, Workers: 4
[4305.355s][debug][gc,phases      ] GC(123)     Dead                           Min: 0, Avg:  0.0, Max: 0, Diff: 0, Sum: 0, Workers: 4
[4305.355s][debug][gc,phases      ] GC(123)     Total                          Min: 0, Avg: 11.2, Max: 45, Diff: 45, Sum: 45, Workers: 4
[4305.355s][debug][gc,phases      ] GC(123)   StringDedup Table Weak         Min:  0.0, Avg:  0.0, Max:  0.0, Diff:  0.0, Sum:  0.0, Workers: 4
[4305.355s][debug][gc,phases      ] GC(123)     Dead                           Min: 0, Avg:  0.0, Max: 0, Diff: 0, Sum: 0, Workers: 4
[4305.355s][debug][gc,phases      ] GC(123)     Total                          Min: 0, Avg:  0.0, Max: 0, Diff: 0, Sum: 0, Workers: 4
[4305.355s][debug][gc,phases      ] GC(123)   StringDedup Requests0 Weak     Min:  0.0, Avg:  0.0, Max:  0.0, Diff:  0.0, Sum:  0.0, Workers: 4
[4305.355s][debug][gc,phases      ] GC(123)     Dead                           Min: 0, Avg:  0.0, Max: 0, Diff: 0, Sum: 0, Workers: 4
[4305.355s][debug][gc,phases      ] GC(123)     Total                          Min: 0, Avg:  0.0, Max: 0, Diff: 0, Sum: 0, Workers: 4
[4305.355s][debug][gc,phases      ] GC(123)   StringDedup Requests1 Weak     Min:  0.0, Avg:  0.0, Max:  0.0, Diff:  0.0, Sum:  0.0, Workers: 4
[4305.355s][debug][gc,phases      ] GC(123)     Dead                           Min: 0, Avg:  0.0, Max: 0, Diff: 0, Sum: 0, Workers: 4
[4305.355s][debug][gc,phases      ] GC(123)     Total                          Min: 0, Avg:  0.0, Max: 0, Diff: 0, Sum: 0, Workers: 4
[4305.355s][debug][gc,phases      ] GC(123)   Weak JFR Old Object Samples    Min:  0.0, Avg:  0.0, Max:  0.0, Diff:  0.0, Sum:  0.0, Workers: 4
[4305.355s][debug][gc,phases      ] GC(123)     Dead                           Min: 0, Avg:  0.0, Max: 0, Diff: 0, Sum: 0, Workers: 4
[4305.355s][debug][gc,phases      ] GC(123)     Total                          Min: 0, Avg:  0.0, Max: 0, Diff: 0, Sum: 0, Workers: 4
[4305.355s][debug][gc,phases      ] GC(123) Weak Processing 0.304ms
[4305.355s][debug][gc,age         ] GC(123) Desired survivor size 340787200 bytes, new threshold 15 (max threshold 15)
[4305.355s][info ][gc,heap        ] GC(123) PSYoungGen: 1460224K(1778688K)->33504K(1494016K) Eden: 1460224K(1460224K)->0K(1460224K) From: 0K(318464K)->33504K(33792K)
[4305.355s][info ][gc,heap        ] GC(123) ParOldGen: 485656K(648192K)->485656K(648192K)
[4305.355s][info ][gc,metaspace   ] GC(123) Metaspace: 84747K(85952K)->84747K(85952K) NonClass: 72829K(73472K)->72829K(73472K) Class: 11918K(12480K)->11918K(12480K)
[4305.355s][info ][gc             ] GC(123) Pause Young (Allocation Failure) 1900M->506M(2092M) 11.716ms
[4305.355s][info ][gc,cpu         ] GC(123) User=0.04s Sys=0.00s Real=0.01s
[4305.355s][info ][safepoint      ] Safepoint "ParallelGCFailedAllocation", Time since last: 1222483451 ns, Reaching safepoint: 31200 ns, At safepoint: 11779931 ns, Total: 11811131 ns
[4306.355s][info ][safepoint      ] Safepoint "Cleanup", Time since last: 1000083460 ns, Reaching safepoint: 120500 ns, At safepoint: 3800 ns, Total: 124300 ns
[4307.355s][info ][safepoint      ] Safepoint "Cleanup", Time since last: 1000111660 ns, Reaching safepoint: 105100 ns, At safepoint: 6300 ns, Total: 111400 ns
[4314.356s][info ][safepoint      ] Safepoint "Cleanup", Time since last: 7000626214 ns, Reaching safepoint: 108100 ns, At safepoint: 6900 ns, Total: 115000 ns
[4316.356s][info ][safepoint      ] Safepoint "Cleanup", Time since last: 2000206150 ns, Reaching safepoint: 142100 ns, At safepoint: 5300 ns, Total: 147400 ns
[4317.357s][info ][safepoint      ] Safepoint "Cleanup", Time since last: 1000120756 ns, Reaching safepoint: 123100 ns, At safepoint: 8000 ns, Total: 131100 ns
[4322.357s][info ][safepoint      ] Safepoint "Cleanup", Time since last: 5000426683 ns, Reaching safepoint: 110899 ns, At safepoint: 5300 ns, Total: 116199 ns
[4325.358s][info ][safepoint      ] Safepoint "Cleanup", Time since last: 3000286966 ns, Reaching safepoint: 144299 ns, At safepoint: 29100 ns, Total: 173399 ns
[4326.358s][info ][safepoint      ] Safepoint "Cleanup", Time since last: 1000120447 ns, Reaching safepoint: 122400 ns, At safepoint: 8000 ns, Total: 130400 ns
[4328.358s][info ][safepoint      ] Safepoint "Cleanup", Time since last: 2000190627 ns, Reaching safepoint: 109800 ns, At safepoint: 8200 ns, Total: 118000 ns
[4330.359s][info ][safepoint      ] Safepoint "Cleanup", Time since last: 2000219391 ns, Reaching safepoint: 137800 ns, At safepoint: 8000 ns, Total: 145800 ns
[4333.696s][info ][gc,start       ] GC(124) Pause Young (Allocation Failure)
[4333.709s][debug][gc,phases      ] GC(124) Scavenge 13.160ms
[4333.709s][debug][gc,ref         ] GC(124) Skipped phase 1 of Reference Processing: no references
[4333.709s][debug][gc,ref         ] GC(124) ReferenceProcessor::execute queues: 1, RefProcThreadModel::Single, marks_oops_alive: false
[4333.709s][debug][gc,ref         ] GC(124) Skipped phase 3 of Reference Processing: no references
[4333.709s][debug][gc,ref         ] GC(124) Skipped phase 4 of Reference Processing: no references
[4333.710s][debug][gc,phases      ] GC(124) Reference Processing 0.111ms
[4333.710s][debug][gc,phases      ] GC(124)   VM Weak                        Min:  0.0, Avg:  0.0, Max:  0.0, Diff:  0.0, Sum:  0.0, Workers: 4
[4333.710s][debug][gc,phases      ] GC(124)     Dead                           Min: 0, Avg:  0.0, Max: 0, Diff: 0, Sum: 0, Workers: 4
[4333.710s][debug][gc,phases      ] GC(124)     Total                          Min: 0, Avg: 205.8, Max: 526, Diff: 526, Sum: 823, Workers: 4
[4333.710s][debug][gc,phases      ] GC(124)   ObjectSynchronizer Weak        Min:  0.0, Avg:  0.0, Max:  0.0, Diff:  0.0, Sum:  0.0, Workers: 4
[4333.710s][debug][gc,phases      ] GC(124)     Dead                           Min: 0, Avg:  0.0, Max: 0, Diff: 0, Sum: 0, Workers: 4
[4333.710s][debug][gc,phases      ] GC(124)     Total                          Min: 0, Avg: 15.0, Max: 60, Diff: 60, Sum: 60, Workers: 4
[4333.710s][debug][gc,phases      ] GC(124)   JVMTI Tag Weak OopStorage      Min:  0.0, Avg:  0.0, Max:  0.0, Diff:  0.0, Sum:  0.0, Workers: 4
[4333.710s][debug][gc,phases      ] GC(124)     Dead                           Min: 0, Avg:  0.0, Max: 0, Diff: 0, Sum: 0, Workers: 4
[4333.710s][debug][gc,phases      ] GC(124)     Total                          Min: 0, Avg:  0.0, Max: 0, Diff: 0, Sum: 0, Workers: 4
[4333.710s][debug][gc,phases      ] GC(124)   StringTable Weak               Min:  0.0, Avg:  0.1, Max:  0.1, Diff:  0.1, Sum:  0.4, Workers: 4
[4333.710s][debug][gc,phases      ] GC(124)     Dead                           Min: 0, Avg:  0.0, Max: 0, Diff: 0, Sum: 0, Workers: 4
[4333.710s][debug][gc,phases      ] GC(124)     Total                          Min: 0, Avg: 11061.8, Max: 18109, Diff: 18109, Sum: 44247, Workers: 4
[4333.710s][debug][gc,phases      ] GC(124)   ResolvedMethodTable Weak       Min:  0.0, Avg:  0.0, Max:  0.0, Diff:  0.0, Sum:  0.1, Workers: 4
[4333.710s][debug][gc,phases      ] GC(124)     Dead                           Min: 0, Avg:  0.0, Max: 0, Diff: 0, Sum: 0, Workers: 4
[4333.710s][debug][gc,phases      ] GC(124)     Total                          Min: 0, Avg: 2517.0, Max: 3840, Diff: 3840, Sum: 10068, Workers: 4
[4333.710s][debug][gc,phases      ] GC(124)   JNI Weak                       Min:  0.0, Avg:  0.0, Max:  0.0, Diff:  0.0, Sum:  0.0, Workers: 4
[4333.710s][debug][gc,phases      ] GC(124)     Dead                           Min: 0, Avg:  0.0, Max: 0, Diff: 0, Sum: 0, Workers: 4
[4333.710s][debug][gc,phases      ] GC(124)     Total                          Min: 0, Avg: 11.2, Max: 45, Diff: 45, Sum: 45, Workers: 4
[4333.710s][debug][gc,phases      ] GC(124)   StringDedup Table Weak         Min:  0.0, Avg:  0.0, Max:  0.0, Diff:  0.0, Sum:  0.0, Workers: 4
[4333.710s][debug][gc,phases      ] GC(124)     Dead                           Min: 0, Avg:  0.0, Max: 0, Diff: 0, Sum: 0, Workers: 4
[4333.710s][debug][gc,phases      ] GC(124)     Total                          Min: 0, Avg:  0.0, Max: 0, Diff: 0, Sum: 0, Workers: 4
[4333.710s][debug][gc,phases      ] GC(124)   StringDedup Requests0 Weak     Min:  0.0, Avg:  0.0, Max:  0.0, Diff:  0.0, Sum:  0.0, Workers: 4
[4333.710s][debug][gc,phases      ] GC(124)     Dead                           Min: 0, Avg:  0.0, Max: 0, Diff: 0, Sum: 0, Workers: 4
[4333.710s][debug][gc,phases      ] GC(124)     Total                          Min: 0, Avg:  0.0, Max: 0, Diff: 0, Sum: 0, Workers: 4
[4333.710s][debug][gc,phases      ] GC(124)   StringDedup Requests1 Weak     Min:  0.0, Avg:  0.0, Max:  0.0, Diff:  0.0, Sum:  0.0, Workers: 4
[4333.710s][debug][gc,phases      ] GC(124)     Dead                           Min: 0, Avg:  0.0, Max: 0, Diff: 0, Sum: 0, Workers: 4
[4333.710s][debug][gc,phases      ] GC(124)     Total                          Min: 0, Avg:  0.0, Max: 0, Diff: 0, Sum: 0, Workers: 4
[4333.710s][debug][gc,phases      ] GC(124)   Weak JFR Old Object Samples    Min:  0.0, Avg:  0.0, Max:  0.0, Diff:  0.0, Sum:  0.0, Workers: 4
[4333.710s][debug][gc,phases      ] GC(124)     Dead                           Min: 0, Avg:  0.0, Max: 0, Diff: 0, Sum: 0, Workers: 4
[4333.710s][debug][gc,phases      ] GC(124)     Total                          Min: 0, Avg:  0.0, Max: 0, Diff: 0, Sum: 0, Workers: 4
[4333.710s][debug][gc,phases      ] GC(124) Weak Processing 0.323ms
[4333.710s][debug][gc,age         ] GC(124) Desired survivor size 347078656 bytes, new threshold 15 (max threshold 15)
[4333.710s][info ][gc,heap        ] GC(124) PSYoungGen: 1493728K(1494016K)->46600K(1752064K) Eden: 1460224K(1460224K)->0K(1419264K) From: 33504K(33792K)->46600K(332800K)
[4333.710s][info ][gc,heap        ] GC(124) ParOldGen: 485656K(648192K)->485656K(648192K)
[4333.710s][info ][gc,metaspace   ] GC(124) Metaspace: 84752K(85952K)->84752K(85952K) NonClass: 72834K(73472K)->72834K(73472K) Class: 11918K(12480K)->11918K(12480K)
[4333.710s][info ][gc             ] GC(124) Pause Young (Allocation Failure) 1932M->519M(2344M) 13.709ms
[4333.710s][info ][gc,cpu         ] GC(124) User=0.05s Sys=0.00s Real=0.02s
[4333.710s][info ][safepoint      ] Safepoint "ParallelGCFailedAllocation", Time since last: 3337299200 ns, Reaching safepoint: 173700 ns, At safepoint: 13787581 ns, Total: 13961281 ns
[4334.710s][info ][safepoint      ] Safepoint "Cleanup", Time since last: 1000084449 ns, Reaching safepoint: 117200 ns, At safepoint: 5400 ns, Total: 122600 ns
[4344.711s][info ][safepoint      ] Safepoint "Cleanup", Time since last: 10000763107 ns, Reaching safepoint: 119900 ns, At safepoint: 5500 ns, Total: 125400 ns
[4351.712s][info ][safepoint      ] Safepoint "Cleanup", Time since last: 7000525519 ns, Reaching safepoint: 106099 ns, At safepoint: 6500 ns, Total: 112599 ns
[4352.712s][info ][safepoint      ] Safepoint "Cleanup", Time since last: 1000090451 ns, Reaching safepoint: 114900 ns, At safepoint: 4700 ns, Total: 119600 ns
[4352.906s][info ][gc,start       ] GC(125) Pause Young (Allocation Failure)
[4352.924s][debug][gc,phases      ] GC(125) Scavenge 18.571ms
[4352.924s][debug][gc,ref         ] GC(125) Skipped phase 1 of Reference Processing: no references
[4352.924s][debug][gc,ref         ] GC(125) ReferenceProcessor::execute queues: 1, RefProcThreadModel::Single, marks_oops_alive: false
[4352.924s][debug][gc,ref         ] GC(125) Skipped phase 3 of Reference Processing: no references
[4352.924s][debug][gc,ref         ] GC(125) ReferenceProcessor::execute queues: 1, RefProcThreadModel::Single, marks_oops_alive: false
[4352.924s][debug][gc,phases      ] GC(125) Reference Processing 0.099ms
[4352.924s][debug][gc,phases      ] GC(125)   VM Weak                        Min:  0.0, Avg:  0.0, Max:  0.0, Diff:  0.0, Sum:  0.0, Workers: 4
[4352.924s][debug][gc,phases      ] GC(125)     Dead                           Min: 0, Avg:  0.0, Max: 0, Diff: 0, Sum: 0, Workers: 4
[4352.924s][debug][gc,phases      ] GC(125)     Total                          Min: 0, Avg: 205.8, Max: 548, Diff: 548, Sum: 823, Workers: 4
[4352.924s][debug][gc,phases      ] GC(125)   ObjectSynchronizer Weak        Min:  0.0, Avg:  0.0, Max:  0.0, Diff:  0.0, Sum:  0.0, Workers: 4
[4352.924s][debug][gc,phases      ] GC(125)     Dead                           Min: 0, Avg:  0.0, Max: 0, Diff: 0, Sum: 0, Workers: 4
[4352.925s][debug][gc,phases      ] GC(125)     Total                          Min: 0, Avg: 15.0, Max: 60, Diff: 60, Sum: 60, Workers: 4
[4352.925s][debug][gc,phases      ] GC(125)   JVMTI Tag Weak OopStorage      Min:  0.0, Avg:  0.0, Max:  0.0, Diff:  0.0, Sum:  0.0, Workers: 4
[4352.925s][debug][gc,phases      ] GC(125)     Dead                           Min: 0, Avg:  0.0, Max: 0, Diff: 0, Sum: 0, Workers: 4
[4352.925s][debug][gc,phases      ] GC(125)     Total                          Min: 0, Avg:  0.0, Max: 0, Diff: 0, Sum: 0, Workers: 4
[4352.925s][debug][gc,phases      ] GC(125)   StringTable Weak               Min:  0.0, Avg:  0.1, Max:  0.1, Diff:  0.1, Sum:  0.3, Workers: 4
[4352.925s][debug][gc,phases      ] GC(125)     Dead                           Min: 0, Avg:  0.2, Max: 1, Diff: 1, Sum: 1, Workers: 4
[4352.925s][debug][gc,phases      ] GC(125)     Total                          Min: 0, Avg: 11062.0, Max: 19518, Diff: 19518, Sum: 44248, Workers: 4
[4352.925s][debug][gc,phases      ] GC(125)   ResolvedMethodTable Weak       Min:  0.0, Avg:  0.0, Max:  0.0, Diff:  0.0, Sum:  0.1, Workers: 4
[4352.925s][debug][gc,phases      ] GC(125)     Dead                           Min: 0, Avg:  0.0, Max: 0, Diff: 0, Sum: 0, Workers: 4
[4352.925s][debug][gc,phases      ] GC(125)     Total                          Min: 0, Avg: 2517.5, Max: 4288, Diff: 4288, Sum: 10070, Workers: 4
[4352.925s][debug][gc,phases      ] GC(125)   JNI Weak                       Min:  0.0, Avg:  0.0, Max:  0.0, Diff:  0.0, Sum:  0.0, Workers: 4
[4352.925s][debug][gc,phases      ] GC(125)     Dead                           Min: 0, Avg:  0.0, Max: 0, Diff: 0, Sum: 0, Workers: 4
[4352.925s][debug][gc,phases      ] GC(125)     Total                          Min: 0, Avg: 11.2, Max: 45, Diff: 45, Sum: 45, Workers: 4
[4352.925s][debug][gc,phases      ] GC(125)   StringDedup Table Weak         Min:  0.0, Avg:  0.0, Max:  0.0, Diff:  0.0, Sum:  0.0, Workers: 4
[4352.925s][debug][gc,phases      ] GC(125)     Dead                           Min: 0, Avg:  0.0, Max: 0, Diff: 0, Sum: 0, Workers: 4
[4352.925s][debug][gc,phases      ] GC(125)     Total                          Min: 0, Avg:  0.0, Max: 0, Diff: 0, Sum: 0, Workers: 4
[4352.925s][debug][gc,phases      ] GC(125)   StringDedup Requests0 Weak     Min:  0.0, Avg:  0.0, Max:  0.0, Diff:  0.0, Sum:  0.0, Workers: 4
[4352.925s][debug][gc,phases      ] GC(125)     Dead                           Min: 0, Avg:  0.0, Max: 0, Diff: 0, Sum: 0, Workers: 4
[4352.925s][debug][gc,phases      ] GC(125)     Total                          Min: 0, Avg:  0.0, Max: 0, Diff: 0, Sum: 0, Workers: 4
[4352.925s][debug][gc,phases      ] GC(125)   StringDedup Requests1 Weak     Min:  0.0, Avg:  0.0, Max:  0.0, Diff:  0.0, Sum:  0.0, Workers: 4
[4352.925s][debug][gc,phases      ] GC(125)     Dead                           Min: 0, Avg:  0.0, Max: 0, Diff: 0, Sum: 0, Workers: 4
[4352.925s][debug][gc,phases      ] GC(125)     Total                          Min: 0, Avg:  0.0, Max: 0, Diff: 0, Sum: 0, Workers: 4
[4352.925s][debug][gc,phases      ] GC(125)   Weak JFR Old Object Samples    Min:  0.0, Avg:  0.0, Max:  0.0, Diff:  0.0, Sum:  0.0, Workers: 4
[4352.925s][debug][gc,phases      ] GC(125)     Dead                           Min: 0, Avg:  0.0, Max: 0, Diff: 0, Sum: 0, Workers: 4
[4352.925s][debug][gc,phases      ] GC(125)     Total                          Min: 0, Avg:  0.0, Max: 0, Diff: 0, Sum: 0, Workers: 4
[4352.925s][debug][gc,phases      ] GC(125) Weak Processing 0.302ms
[4352.925s][debug][gc,age         ] GC(125) Desired survivor size 342884352 bytes, new threshold 15 (max threshold 15)
[4352.925s][info ][gc,heap        ] GC(125) PSYoungGen: 1465864K(1752064K)->82256K(1758208K) Eden: 1419264K(1419264K)->0K(1419264K) From: 46600K(332800K)->82256K(338944K)
[4352.925s][info ][gc,heap        ] GC(125) ParOldGen: 485656K(648192K)->485664K(648192K)
[4352.925s][info ][gc,metaspace   ] GC(125) Metaspace: 84762K(85952K)->84762K(85952K) NonClass: 72843K(73472K)->72843K(73472K) Class: 11919K(12480K)->11919K(12480K)
[4352.925s][info ][gc             ] GC(125) Pause Young (Allocation Failure) 1905M->554M(2350M) 19.089ms
[4352.925s][info ][gc,cpu         ] GC(125) User=0.07s Sys=0.00s Real=0.02s
[4352.925s][info ][safepoint      ] Safepoint "ParallelGCFailedAllocation", Time since last: 193613165 ns, Reaching safepoint: 35099 ns, At safepoint: 19158557 ns, Total: 19193656 ns
[4354.925s][info ][safepoint      ] Safepoint "Cleanup", Time since last: 2000176502 ns, Reaching safepoint: 54100 ns, At safepoint: 23800 ns, Total: 77900 ns
[4356.925s][info ][safepoint      ] Safepoint "Cleanup", Time since last: 2000160723 ns, Reaching safepoint: 44100 ns, At safepoint: 6400 ns, Total: 50500 ns
[4357.925s][info ][safepoint      ] Safepoint "Cleanup", Time since last: 1000094284 ns, Reaching safepoint: 50400 ns, At safepoint: 3000 ns, Total: 53400 ns
[4360.926s][info ][safepoint      ] Safepoint "Cleanup", Time since last: 3000308752 ns, Reaching safepoint: 60299 ns, At safepoint: 3200 ns, Total: 63499 ns
[4361.926s][info ][safepoint      ] Safepoint "Cleanup", Time since last: 1000127084 ns, Reaching safepoint: 45200 ns, At safepoint: 4300 ns, Total: 49500 ns
[4365.926s][info ][safepoint      ] Safepoint "Cleanup", Time since last: 4000287179 ns, Reaching safepoint: 43800 ns, At safepoint: 2200 ns, Total: 46000 ns
[4370.927s][info ][safepoint      ] Safepoint "Cleanup", Time since last: 5000373615 ns, Reaching safepoint: 64600 ns, At safepoint: 6400 ns, Total: 71000 ns
[4373.927s][info ][safepoint      ] Safepoint "Cleanup", Time since last: 3000258757 ns, Reaching safepoint: 45600 ns, At safepoint: 3000 ns, Total: 48600 ns
[4376.755s][info ][gc,start       ] GC(126) Pause Young (Allocation Failure)
[4376.779s][debug][gc,phases      ] GC(126) Scavenge 23.070ms
[4376.779s][debug][gc,ref         ] GC(126) Skipped phase 1 of Reference Processing: no references
[4376.779s][debug][gc,ref         ] GC(126) ReferenceProcessor::execute queues: 1, RefProcThreadModel::Single, marks_oops_alive: false
[4376.779s][debug][gc,ref         ] GC(126) Skipped phase 3 of Reference Processing: no references
[4376.779s][debug][gc,ref         ] GC(126) ReferenceProcessor::execute queues: 1, RefProcThreadModel::Single, marks_oops_alive: false
[4376.779s][debug][gc,phases      ] GC(126) Reference Processing 0.100ms
[4376.779s][debug][gc,phases      ] GC(126)   VM Weak                        Min:  0.0, Avg:  0.0, Max:  0.0, Diff:  0.0, Sum:  0.0, Workers: 4
[4376.779s][debug][gc,phases      ] GC(126)     Dead                           Min: 0, Avg:  0.0, Max: 0, Diff: 0, Sum: 0, Workers: 4
[4376.779s][debug][gc,phases      ] GC(126)     Total                          Min: 0, Avg: 205.8, Max: 759, Diff: 759, Sum: 823, Workers: 4
[4376.779s][debug][gc,phases      ] GC(126)   ObjectSynchronizer Weak        Min:  0.0, Avg:  0.0, Max:  0.0, Diff:  0.0, Sum:  0.0, Workers: 4
[4376.779s][debug][gc,phases      ] GC(126)     Dead                           Min: 0, Avg:  0.0, Max: 0, Diff: 0, Sum: 0, Workers: 4
[4376.779s][debug][gc,phases      ] GC(126)     Total                          Min: 0, Avg: 15.0, Max: 60, Diff: 60, Sum: 60, Workers: 4
[4376.779s][debug][gc,phases      ] GC(126)   JVMTI Tag Weak OopStorage      Min:  0.0, Avg:  0.0, Max:  0.0, Diff:  0.0, Sum:  0.0, Workers: 4
[4376.779s][debug][gc,phases      ] GC(126)     Dead                           Min: 0, Avg:  0.0, Max: 0, Diff: 0, Sum: 0, Workers: 4
[4376.779s][debug][gc,phases      ] GC(126)     Total                          Min: 0, Avg:  0.0, Max: 0, Diff: 0, Sum: 0, Workers: 4
[4376.779s][debug][gc,phases      ] GC(126)   StringTable Weak               Min:  0.0, Avg:  0.1, Max:  0.1, Diff:  0.1, Sum:  0.3, Workers: 4
[4376.779s][debug][gc,phases      ] GC(126)     Dead                           Min: 0, Avg:  0.0, Max: 0, Diff: 0, Sum: 0, Workers: 4
[4376.779s][debug][gc,phases      ] GC(126)     Total                          Min: 0, Avg: 11062.0, Max: 19326, Diff: 19326, Sum: 44248, Workers: 4
[4376.779s][debug][gc,phases      ] GC(126)   ResolvedMethodTable Weak       Min:  0.0, Avg:  0.0, Max:  0.0, Diff:  0.0, Sum:  0.1, Workers: 4
[4376.779s][debug][gc,phases      ] GC(126)     Dead                           Min: 0, Avg:  0.0, Max: 0, Diff: 0, Sum: 0, Workers: 4
[4376.779s][debug][gc,phases      ] GC(126)     Total                          Min: 0, Avg: 2517.5, Max: 4375, Diff: 4375, Sum: 10070, Workers: 4
[4376.779s][debug][gc,phases      ] GC(126)   JNI Weak                       Min:  0.0, Avg:  0.0, Max:  0.0, Diff:  0.0, Sum:  0.0, Workers: 4
[4376.779s][debug][gc,phases      ] GC(126)     Dead                           Min: 0, Avg:  0.0, Max: 0, Diff: 0, Sum: 0, Workers: 4
[4376.779s][debug][gc,phases      ] GC(126)     Total                          Min: 0, Avg: 11.2, Max: 45, Diff: 45, Sum: 45, Workers: 4
[4376.779s][debug][gc,phases      ] GC(126)   StringDedup Table Weak         Min:  0.0, Avg:  0.0, Max:  0.0, Diff:  0.0, Sum:  0.0, Workers: 4
[4376.779s][debug][gc,phases      ] GC(126)     Dead                           Min: 0, Avg:  0.0, Max: 0, Diff: 0, Sum: 0, Workers: 4
[4376.779s][debug][gc,phases      ] GC(126)     Total                          Min: 0, Avg:  0.0, Max: 0, Diff: 0, Sum: 0, Workers: 4
[4376.779s][debug][gc,phases      ] GC(126)   StringDedup Requests0 Weak     Min:  0.0, Avg:  0.0, Max:  0.0, Diff:  0.0, Sum:  0.0, Workers: 4
[4376.779s][debug][gc,phases      ] GC(126)     Dead                           Min: 0, Avg:  0.0, Max: 0, Diff: 0, Sum: 0, Workers: 4
[4376.779s][debug][gc,phases      ] GC(126)     Total                          Min: 0, Avg:  0.0, Max: 0, Diff: 0, Sum: 0, Workers: 4
[4376.779s][debug][gc,phases      ] GC(126)   StringDedup Requests1 Weak     Min:  0.0, Avg:  0.0, Max:  0.0, Diff:  0.0, Sum:  0.0, Workers: 4
[4376.779s][debug][gc,phases      ] GC(126)     Dead                           Min: 0, Avg:  0.0, Max: 0, Diff: 0, Sum: 0, Workers: 4
[4376.779s][debug][gc,phases      ] GC(126)     Total                          Min: 0, Avg:  0.0, Max: 0, Diff: 0, Sum: 0, Workers: 4
[4376.779s][debug][gc,phases      ] GC(126)   Weak JFR Old Object Samples    Min:  0.0, Avg:  0.0, Max:  0.0, Diff:  0.0, Sum:  0.0, Workers: 4
[4376.779s][debug][gc,phases      ] GC(126)     Dead                           Min: 0, Avg:  0.0, Max: 0, Diff: 0, Sum: 0, Workers: 4
[4376.779s][debug][gc,phases      ] GC(126)     Total                          Min: 0, Avg:  0.0, Max: 0, Diff: 0, Sum: 0, Workers: 4
[4376.779s][debug][gc,phases      ] GC(126) Weak Processing 0.292ms
[4376.779s][debug][gc,age         ] GC(126) Desired survivor size 335020032 bytes, new threshold 15 (max threshold 15)
[4376.779s][info ][gc,heap        ] GC(126) PSYoungGen: 1501520K(1758208K)->96384K(1769984K) Eden: 1419264K(1419264K)->0K(1435136K) From: 82256K(338944K)->96384K(334848K)
[4376.779s][info ][gc,heap        ] GC(126) ParOldGen: 485664K(648192K)->485664K(648192K)
[4376.779s][info ][gc,metaspace   ] GC(126) Metaspace: 84786K(86016K)->84786K(86016K) NonClass: 72867K(73536K)->72867K(73536K) Class: 11919K(12480K)->11919K(12480K)
[4376.779s][info ][gc             ] GC(126) Pause Young (Allocation Failure) 1940M->568M(2361M) 23.580ms
[4376.779s][info ][gc,cpu         ] GC(126) User=0.09s Sys=0.00s Real=0.03s
[4376.779s][info ][safepoint      ] Safepoint "ParallelGCFailedAllocation", Time since last: 2828478104 ns, Reaching safepoint: 44500 ns, At safepoint: 23647966 ns, Total: 23692466 ns
[4381.779s][info ][safepoint      ] Safepoint "Cleanup", Time since last: 5000299397 ns, Reaching safepoint: 43900 ns, At safepoint: 3000 ns, Total: 46900 ns
[4384.780s][info ][safepoint      ] Safepoint "Cleanup", Time since last: 3000235091 ns, Reaching safepoint: 65800 ns, At safepoint: 26400 ns, Total: 92200 ns
[4387.780s][info ][safepoint      ] Safepoint "Cleanup", Time since last: 3000291091 ns, Reaching safepoint: 49100 ns, At safepoint: 3100 ns, Total: 52200 ns
[4394.688s][info ][gc,start       ] GC(127) Pause Young (Allocation Failure)
[4394.719s][debug][gc,phases      ] GC(127) Scavenge 31.553ms
[4394.719s][debug][gc,ref         ] GC(127) Skipped phase 1 of Reference Processing: no references
[4394.720s][debug][gc,ref         ] GC(127) ReferenceProcessor::execute queues: 1, RefProcThreadModel::Single, marks_oops_alive: false
[4394.720s][debug][gc,ref         ] GC(127) Skipped phase 3 of Reference Processing: no references
[4394.720s][debug][gc,ref         ] GC(127) ReferenceProcessor::execute queues: 1, RefProcThreadModel::Single, marks_oops_alive: false
[4394.720s][debug][gc,phases      ] GC(127) Reference Processing 0.105ms
[4394.720s][debug][gc,phases      ] GC(127)   VM Weak                        Min:  0.0, Avg:  0.0, Max:  0.0, Diff:  0.0, Sum:  0.0, Workers: 4
[4394.720s][debug][gc,phases      ] GC(127)     Dead                           Min: 0, Avg:  0.0, Max: 0, Diff: 0, Sum: 0, Workers: 4
[4394.720s][debug][gc,phases      ] GC(127)     Total                          Min: 0, Avg: 205.8, Max: 473, Diff: 473, Sum: 823, Workers: 4
[4394.720s][debug][gc,phases      ] GC(127)   ObjectSynchronizer Weak        Min:  0.0, Avg:  0.0, Max:  0.0, Diff:  0.0, Sum:  0.0, Workers: 4
[4394.720s][debug][gc,phases      ] GC(127)     Dead                           Min: 0, Avg:  0.0, Max: 0, Diff: 0, Sum: 0, Workers: 4
[4394.720s][debug][gc,phases      ] GC(127)     Total                          Min: 0, Avg: 15.0, Max: 60, Diff: 60, Sum: 60, Workers: 4
[4394.720s][debug][gc,phases      ] GC(127)   JVMTI Tag Weak OopStorage      Min:  0.0, Avg:  0.0, Max:  0.0, Diff:  0.0, Sum:  0.0, Workers: 4
[4394.720s][debug][gc,phases      ] GC(127)     Dead                           Min: 0, Avg:  0.0, Max: 0, Diff: 0, Sum: 0, Workers: 4
[4394.720s][debug][gc,phases      ] GC(127)     Total                          Min: 0, Avg:  0.0, Max: 0, Diff: 0, Sum: 0, Workers: 4
[4394.720s][debug][gc,phases      ] GC(127)   StringTable Weak               Min:  0.0, Avg:  0.1, Max:  0.1, Diff:  0.1, Sum:  0.3, Workers: 4
[4394.720s][debug][gc,phases      ] GC(127)     Dead                           Min: 0, Avg:  0.0, Max: 0, Diff: 0, Sum: 0, Workers: 4
[4394.720s][debug][gc,phases      ] GC(127)     Total                          Min: 0, Avg: 11062.0, Max: 18395, Diff: 18395, Sum: 44248, Workers: 4
[4394.720s][debug][gc,phases      ] GC(127)   ResolvedMethodTable Weak       Min:  0.0, Avg:  0.0, Max:  0.0, Diff:  0.0, Sum:  0.1, Workers: 4
[4394.720s][debug][gc,phases      ] GC(127)     Dead                           Min: 0, Avg:  0.0, Max: 0, Diff: 0, Sum: 0, Workers: 4
[4394.720s][debug][gc,phases      ] GC(127)     Total                          Min: 0, Avg: 2517.5, Max: 4184, Diff: 4184, Sum: 10070, Workers: 4
[4394.720s][debug][gc,phases      ] GC(127)   JNI Weak                       Min:  0.0, Avg:  0.0, Max:  0.0, Diff:  0.0, Sum:  0.0, Workers: 4
[4394.720s][debug][gc,phases      ] GC(127)     Dead                           Min: 0, Avg:  0.0, Max: 0, Diff: 0, Sum: 0, Workers: 4
[4394.720s][debug][gc,phases      ] GC(127)     Total                          Min: 0, Avg: 11.2, Max: 45, Diff: 45, Sum: 45, Workers: 4
[4394.720s][debug][gc,phases      ] GC(127)   StringDedup Table Weak         Min:  0.0, Avg:  0.0, Max:  0.0, Diff:  0.0, Sum:  0.0, Workers: 4
[4394.720s][debug][gc,phases      ] GC(127)     Dead                           Min: 0, Avg:  0.0, Max: 0, Diff: 0, Sum: 0, Workers: 4
[4394.720s][debug][gc,phases      ] GC(127)     Total                          Min: 0, Avg:  0.0, Max: 0, Diff: 0, Sum: 0, Workers: 4
[4394.720s][debug][gc,phases      ] GC(127)   StringDedup Requests0 Weak     Min:  0.0, Avg:  0.0, Max:  0.0, Diff:  0.0, Sum:  0.0, Workers: 4
[4394.720s][debug][gc,phases      ] GC(127)     Dead                           Min: 0, Avg:  0.0, Max: 0, Diff: 0, Sum: 0, Workers: 4
[4394.720s][debug][gc,phases      ] GC(127)     Total                          Min: 0, Avg:  0.0, Max: 0, Diff: 0, Sum: 0, Workers: 4
[4394.720s][debug][gc,phases      ] GC(127)   StringDedup Requests1 Weak     Min:  0.0, Avg:  0.0, Max:  0.0, Diff:  0.0, Sum:  0.0, Workers: 4
[4394.720s][debug][gc,phases      ] GC(127)     Dead                           Min: 0, Avg:  0.0, Max: 0, Diff: 0, Sum: 0, Workers: 4
[4394.720s][debug][gc,phases      ] GC(127)     Total                          Min: 0, Avg:  0.0, Max: 0, Diff: 0, Sum: 0, Workers: 4
[4394.720s][debug][gc,phases      ] GC(127)   Weak JFR Old Object Samples    Min:  0.0, Avg:  0.0, Max:  0.0, Diff:  0.0, Sum:  0.0, Workers: 4
[4394.720s][debug][gc,phases      ] GC(127)     Dead                           Min: 0, Avg:  0.0, Max: 0, Diff: 0, Sum: 0, Workers: 4
[4394.720s][debug][gc,phases      ] GC(127)     Total                          Min: 0, Avg:  0.0, Max: 0, Diff: 0, Sum: 0, Workers: 4
[4394.720s][debug][gc,phases      ] GC(127) Weak Processing 0.304ms
[4394.720s][debug][gc,age         ] GC(127) Desired survivor size 317718528 bytes, new threshold 15 (max threshold 15)
[4394.720s][info ][gc,heap        ] GC(127) PSYoungGen: 1531520K(1769984K)->143808K(1762304K) Eden: 1435136K(1435136K)->0K(1435136K) From: 96384K(334848K)->143808K(327168K)
[4394.720s][info ][gc,heap        ] GC(127) ParOldGen: 485664K(648192K)->485664K(648192K)
[4394.720s][info ][gc,metaspace   ] GC(127) Metaspace: 84789K(86016K)->84789K(86016K) NonClass: 72870K(73536K)->72870K(73536K) Class: 11919K(12480K)->11919K(12480K)
[4394.720s][info ][gc             ] GC(127) Pause Young (Allocation Failure) 1969M->614M(2354M) 32.077ms
[4394.720s][info ][gc,cpu         ] GC(127) User=0.13s Sys=0.00s Real=0.04s
[4394.720s][info ][safepoint      ] Safepoint "ParallelGCFailedAllocation", Time since last: 6907579068 ns, Reaching safepoint: 108100 ns, At safepoint: 32145747 ns, Total: 32253847 ns
[4395.720s][info ][safepoint      ] Safepoint "Cleanup", Time since last: 1000084061 ns, Reaching safepoint: 71200 ns, At safepoint: 7700 ns, Total: 78900 ns
[4396.720s][info ][safepoint      ] Safepoint "Cleanup", Time since last: 1000112128 ns, Reaching safepoint: 50600 ns, At safepoint: 2900 ns, Total: 53500 ns
[4398.721s][info ][safepoint      ] Safepoint "Cleanup", Time since last: 2000193674 ns, Reaching safepoint: 112400 ns, At safepoint: 7800 ns, Total: 120200 ns
[4399.721s][info ][safepoint      ] Safepoint "Cleanup", Time since last: 1000115637 ns, Reaching safepoint: 51000 ns, At safepoint: 2300 ns, Total: 53300 ns
[4401.721s][info ][safepoint      ] Safepoint "Cleanup", Time since last: 2000166974 ns, Reaching safepoint: 51400 ns, At safepoint: 3000 ns, Total: 54400 ns
[4402.721s][info ][safepoint      ] Safepoint "Cleanup", Time since last: 1000105536 ns, Reaching safepoint: 42900 ns, At safepoint: 3200 ns, Total: 46100 ns
[4403.721s][info ][safepoint      ] Safepoint "Cleanup", Time since last: 1000109290 ns, Reaching safepoint: 43700 ns, At safepoint: 3300 ns, Total: 47000 ns
[4406.722s][info ][safepoint      ] Safepoint "Cleanup", Time since last: 3000232451 ns, Reaching safepoint: 38700 ns, At safepoint: 3200 ns, Total: 41900 ns
[4407.722s][info ][safepoint      ] Safepoint "Cleanup", Time since last: 1000072837 ns, Reaching safepoint: 42200 ns, At safepoint: 4300 ns, Total: 46500 ns
[4408.722s][info ][safepoint      ] Safepoint "Cleanup", Time since last: 1000107937 ns, Reaching safepoint: 42900 ns, At safepoint: 2700 ns, Total: 45600 ns
[4411.722s][info ][safepoint      ] Safepoint "Cleanup", Time since last: 3000229012 ns, Reaching safepoint: 40200 ns, At safepoint: 2600 ns, Total: 42800 ns
[4415.722s][info ][safepoint      ] Safepoint "Cleanup", Time since last: 4000250449 ns, Reaching safepoint: 45500 ns, At safepoint: 3100 ns, Total: 48600 ns
[4415.960s][info ][gc,start       ] GC(128) Pause Young (Allocation Failure)
[4415.992s][debug][gc,phases      ] GC(128) Scavenge 31.177ms
[4415.992s][debug][gc,ref         ] GC(128) Skipped phase 1 of Reference Processing: no references
[4415.992s][debug][gc,ref         ] GC(128) ReferenceProcessor::execute queues: 1, RefProcThreadModel::Single, marks_oops_alive: false
[4415.992s][debug][gc,ref         ] GC(128) Skipped phase 3 of Reference Processing: no references
[4415.992s][debug][gc,ref         ] GC(128) ReferenceProcessor::execute queues: 1, RefProcThreadModel::Single, marks_oops_alive: false
[4415.992s][debug][gc,phases      ] GC(128) Reference Processing 0.098ms
[4415.992s][debug][gc,phases      ] GC(128)   VM Weak                        Min:  0.0, Avg:  0.0, Max:  0.0, Diff:  0.0, Sum:  0.0, Workers: 4
[4415.992s][debug][gc,phases      ] GC(128)     Dead                           Min: 0, Avg:  0.0, Max: 0, Diff: 0, Sum: 0, Workers: 4
[4415.992s][debug][gc,phases      ] GC(128)     Total                          Min: 0, Avg: 205.8, Max: 676, Diff: 676, Sum: 823, Workers: 4
[4415.992s][debug][gc,phases      ] GC(128)   ObjectSynchronizer Weak        Min:  0.0, Avg:  0.0, Max:  0.0, Diff:  0.0, Sum:  0.0, Workers: 4
[4415.992s][debug][gc,phases      ] GC(128)     Dead                           Min: 0, Avg:  0.0, Max: 0, Diff: 0, Sum: 0, Workers: 4
[4415.992s][debug][gc,phases      ] GC(128)     Total                          Min: 0, Avg: 15.0, Max: 60, Diff: 60, Sum: 60, Workers: 4
[4415.992s][debug][gc,phases      ] GC(128)   JVMTI Tag Weak OopStorage      Min:  0.0, Avg:  0.0, Max:  0.0, Diff:  0.0, Sum:  0.0, Workers: 4
[4415.992s][debug][gc,phases      ] GC(128)     Dead                           Min: 0, Avg:  0.0, Max: 0, Diff: 0, Sum: 0, Workers: 4
[4415.992s][debug][gc,phases      ] GC(128)     Total                          Min: 0, Avg:  0.0, Max: 0, Diff: 0, Sum: 0, Workers: 4
[4415.992s][debug][gc,phases      ] GC(128)   StringTable Weak               Min:  0.0, Avg:  0.1, Max:  0.1, Diff:  0.1, Sum:  0.3, Workers: 4
[4415.992s][debug][gc,phases      ] GC(128)     Dead                           Min: 0, Avg:  0.2, Max: 1, Diff: 1, Sum: 1, Workers: 4
[4415.992s][debug][gc,phases      ] GC(128)     Total                          Min: 0, Avg: 11062.5, Max: 18942, Diff: 18942, Sum: 44250, Workers: 4
[4415.992s][debug][gc,phases      ] GC(128)   ResolvedMethodTable Weak       Min:  0.0, Avg:  0.0, Max:  0.0, Diff:  0.0, Sum:  0.1, Workers: 4
[4415.992s][debug][gc,phases      ] GC(128)     Dead                           Min: 0, Avg:  0.0, Max: 0, Diff: 0, Sum: 0, Workers: 4
[4415.992s][debug][gc,phases      ] GC(128)     Total                          Min: 0, Avg: 2517.8, Max: 4377, Diff: 4377, Sum: 10071, Workers: 4
[4415.992s][debug][gc,phases      ] GC(128)   JNI Weak                       Min:  0.0, Avg:  0.0, Max:  0.0, Diff:  0.0, Sum:  0.0, Workers: 4
[4415.992s][debug][gc,phases      ] GC(128)     Dead                           Min: 0, Avg:  0.0, Max: 0, Diff: 0, Sum: 0, Workers: 4
[4415.992s][debug][gc,phases      ] GC(128)     Total                          Min: 0, Avg: 11.2, Max: 45, Diff: 45, Sum: 45, Workers: 4
[4415.992s][debug][gc,phases      ] GC(128)   StringDedup Table Weak         Min:  0.0, Avg:  0.0, Max:  0.0, Diff:  0.0, Sum:  0.0, Workers: 4
[4415.992s][debug][gc,phases      ] GC(128)     Dead                           Min: 0, Avg:  0.0, Max: 0, Diff: 0, Sum: 0, Workers: 4
[4415.992s][debug][gc,phases      ] GC(128)     Total                          Min: 0, Avg:  0.0, Max: 0, Diff: 0, Sum: 0, Workers: 4
[4415.992s][debug][gc,phases      ] GC(128)   StringDedup Requests0 Weak     Min:  0.0, Avg:  0.0, Max:  0.0, Diff:  0.0, Sum:  0.0, Workers: 4
[4415.992s][debug][gc,phases      ] GC(128)     Dead                           Min: 0, Avg:  0.0, Max: 0, Diff: 0, Sum: 0, Workers: 4
[4415.992s][debug][gc,phases      ] GC(128)     Total                          Min: 0, Avg:  0.0, Max: 0, Diff: 0, Sum: 0, Workers: 4
[4415.992s][debug][gc,phases      ] GC(128)   StringDedup Requests1 Weak     Min:  0.0, Avg:  0.0, Max:  0.0, Diff:  0.0, Sum:  0.0, Workers: 4
[4415.992s][debug][gc,phases      ] GC(128)     Dead                           Min: 0, Avg:  0.0, Max: 0, Diff: 0, Sum: 0, Workers: 4
[4415.992s][debug][gc,phases      ] GC(128)     Total                          Min: 0, Avg:  0.0, Max: 0, Diff: 0, Sum: 0, Workers: 4
[4415.992s][debug][gc,phases      ] GC(128)   Weak JFR Old Object Samples    Min:  0.0, Avg:  0.0, Max:  0.0, Diff:  0.0, Sum:  0.0, Workers: 4
[4415.992s][debug][gc,phases      ] GC(128)     Dead                           Min: 0, Avg:  0.0, Max: 0, Diff: 0, Sum: 0, Workers: 4
[4415.992s][debug][gc,phases      ] GC(128)     Total                          Min: 0, Avg:  0.0, Max: 0, Diff: 0, Sum: 0, Workers: 4
[4415.992s][debug][gc,phases      ] GC(128) Weak Processing 0.293ms
[4415.992s][debug][gc,age         ] GC(128) Desired survivor size 302514176 bytes, new threshold 15 (max threshold 15)
[4415.992s][info ][gc,heap        ] GC(128) PSYoungGen: 1578944K(1762304K)->139152K(1801728K) Eden: 1435136K(1435136K)->0K(1491456K) From: 143808K(327168K)->139152K(310272K)
[4415.992s][info ][gc,heap        ] GC(128) ParOldGen: 485664K(648192K)->485664K(648192K)
[4415.992s][info ][gc,metaspace   ] GC(128) Metaspace: 84799K(86016K)->84799K(86016K) NonClass: 72877K(73536K)->72877K(73536K) Class: 11921K(12480K)->11921K(12480K)
[4415.992s][info ][gc             ] GC(128) Pause Young (Allocation Failure) 2016M->610M(2392M) 31.689ms
[4415.992s][info ][gc,cpu         ] GC(128) User=0.12s Sys=0.00s Real=0.03s
[4415.992s][info ][safepoint      ] Safepoint "ParallelGCFailedAllocation", Time since last: 237812382 ns, Reaching safepoint: 51500 ns, At safepoint: 31761898 ns, Total: 31813398 ns
[4416.992s][info ][safepoint      ] Safepoint "Cleanup", Time since last: 1000075203 ns, Reaching safepoint: 38600 ns, At safepoint: 3100 ns, Total: 41700 ns
[4417.992s][info ][safepoint      ] Safepoint "Cleanup", Time since last: 1000141898 ns, Reaching safepoint: 57100 ns, At safepoint: 3900 ns, Total: 61000 ns
[4422.993s][info ][safepoint      ] Safepoint "Cleanup", Time since last: 5000354234 ns, Reaching safepoint: 50700 ns, At safepoint: 2400 ns, Total: 53100 ns
[4425.993s][info ][safepoint      ] Safepoint "Cleanup", Time since last: 3000261635 ns, Reaching safepoint: 39500 ns, At safepoint: 3300 ns, Total: 42800 ns
[4426.993s][info ][safepoint      ] Safepoint "Cleanup", Time since last: 1000109145 ns, Reaching safepoint: 50800 ns, At safepoint: 2600 ns, Total: 53400 ns
[4437.994s][info ][safepoint      ] Safepoint "Cleanup", Time since last: 11000862684 ns, Reaching safepoint: 67200 ns, At safepoint: 5800 ns, Total: 73000 ns
[4441.995s][info ][safepoint      ] Safepoint "Cleanup", Time since last: 4000286638 ns, Reaching safepoint: 59299 ns, At safepoint: 3800 ns, Total: 63099 ns
[4444.995s][info ][safepoint      ] Safepoint "Cleanup", Time since last: 3000264830 ns, Reaching safepoint: 43600 ns, At safepoint: 3400 ns, Total: 47000 ns
[4445.995s][info ][safepoint      ] Safepoint "Cleanup", Time since last: 1000095612 ns, Reaching safepoint: 34700 ns, At safepoint: 2600 ns, Total: 37300 ns
[4450.995s][info ][safepoint      ] Safepoint "Cleanup", Time since last: 5000360057 ns, Reaching safepoint: 42300 ns, At safepoint: 3200 ns, Total: 45500 ns
[4456.306s][info ][gc,start       ] GC(129) Pause Young (Allocation Failure)
[4456.335s][debug][gc,phases      ] GC(129) Scavenge 28.401ms
[4456.335s][debug][gc,ref         ] GC(129) Skipped phase 1 of Reference Processing: no references
[4456.335s][debug][gc,ref         ] GC(129) ReferenceProcessor::execute queues: 1, RefProcThreadModel::Single, marks_oops_alive: false
[4456.335s][debug][gc,ref         ] GC(129) Skipped phase 3 of Reference Processing: no references
[4456.335s][debug][gc,ref         ] GC(129) ReferenceProcessor::execute queues: 1, RefProcThreadModel::Single, marks_oops_alive: false
[4456.335s][debug][gc,phases      ] GC(129) Reference Processing 0.104ms
[4456.335s][debug][gc,phases      ] GC(129)   VM Weak                        Min:  0.0, Avg:  0.0, Max:  0.0, Diff:  0.0, Sum:  0.0, Workers: 4
[4456.335s][debug][gc,phases      ] GC(129)     Dead                           Min: 0, Avg:  0.0, Max: 0, Diff: 0, Sum: 0, Workers: 4
[4456.335s][debug][gc,phases      ] GC(129)     Total                          Min: 0, Avg: 205.8, Max: 331, Diff: 331, Sum: 823, Workers: 4
[4456.335s][debug][gc,phases      ] GC(129)   ObjectSynchronizer Weak        Min:  0.0, Avg:  0.0, Max:  0.0, Diff:  0.0, Sum:  0.0, Workers: 4
[4456.335s][debug][gc,phases      ] GC(129)     Dead                           Min: 0, Avg:  0.0, Max: 0, Diff: 0, Sum: 0, Workers: 4
[4456.335s][debug][gc,phases      ] GC(129)     Total                          Min: 0, Avg: 15.0, Max: 60, Diff: 60, Sum: 60, Workers: 4
[4456.335s][debug][gc,phases      ] GC(129)   JVMTI Tag Weak OopStorage      Min:  0.0, Avg:  0.0, Max:  0.0, Diff:  0.0, Sum:  0.0, Workers: 4
[4456.335s][debug][gc,phases      ] GC(129)     Dead                           Min: 0, Avg:  0.0, Max: 0, Diff: 0, Sum: 0, Workers: 4
[4456.335s][debug][gc,phases      ] GC(129)     Total                          Min: 0, Avg:  0.0, Max: 0, Diff: 0, Sum: 0, Workers: 4
[4456.335s][debug][gc,phases      ] GC(129)   StringTable Weak               Min:  0.0, Avg:  0.1, Max:  0.1, Diff:  0.1, Sum:  0.3, Workers: 4
[4456.335s][debug][gc,phases      ] GC(129)     Dead                           Min: 0, Avg:  0.0, Max: 0, Diff: 0, Sum: 0, Workers: 4
[4456.335s][debug][gc,phases      ] GC(129)     Total                          Min: 0, Avg: 11062.5, Max: 18780, Diff: 18780, Sum: 44250, Workers: 4
[4456.335s][debug][gc,phases      ] GC(129)   ResolvedMethodTable Weak       Min:  0.0, Avg:  0.0, Max:  0.0, Diff:  0.0, Sum:  0.1, Workers: 4
[4456.335s][debug][gc,phases      ] GC(129)     Dead                           Min: 0, Avg:  0.0, Max: 0, Diff: 0, Sum: 0, Workers: 4
[4456.335s][debug][gc,phases      ] GC(129)     Total                          Min: 0, Avg: 2517.8, Max: 4352, Diff: 4352, Sum: 10071, Workers: 4
[4456.335s][debug][gc,phases      ] GC(129)   JNI Weak                       Min:  0.0, Avg:  0.0, Max:  0.0, Diff:  0.0, Sum:  0.0, Workers: 4
[4456.335s][debug][gc,phases      ] GC(129)     Dead                           Min: 0, Avg:  0.0, Max: 0, Diff: 0, Sum: 0, Workers: 4
[4456.335s][debug][gc,phases      ] GC(129)     Total                          Min: 0, Avg: 11.2, Max: 45, Diff: 45, Sum: 45, Workers: 4
[4456.335s][debug][gc,phases      ] GC(129)   StringDedup Table Weak         Min:  0.0, Avg:  0.0, Max:  0.0, Diff:  0.0, Sum:  0.0, Workers: 4
[4456.335s][debug][gc,phases      ] GC(129)     Dead                           Min: 0, Avg:  0.0, Max: 0, Diff: 0, Sum: 0, Workers: 4
[4456.335s][debug][gc,phases      ] GC(129)     Total                          Min: 0, Avg:  0.0, Max: 0, Diff: 0, Sum: 0, Workers: 4
[4456.335s][debug][gc,phases      ] GC(129)   StringDedup Requests0 Weak     Min:  0.0, Avg:  0.0, Max:  0.0, Diff:  0.0, Sum:  0.0, Workers: 4
[4456.335s][debug][gc,phases      ] GC(129)     Dead                           Min: 0, Avg:  0.0, Max: 0, Diff: 0, Sum: 0, Workers: 4
[4456.335s][debug][gc,phases      ] GC(129)     Total                          Min: 0, Avg:  0.0, Max: 0, Diff: 0, Sum: 0, Workers: 4
[4456.335s][debug][gc,phases      ] GC(129)   StringDedup Requests1 Weak     Min:  0.0, Avg:  0.0, Max:  0.0, Diff:  0.0, Sum:  0.0, Workers: 4
[4456.335s][debug][gc,phases      ] GC(129)     Dead                           Min: 0, Avg:  0.0, Max: 0, Diff: 0, Sum: 0, Workers: 4
[4456.335s][debug][gc,phases      ] GC(129)     Total                          Min: 0, Avg:  0.0, Max: 0, Diff: 0, Sum: 0, Workers: 4
[4456.335s][debug][gc,phases      ] GC(129)   Weak JFR Old Object Samples    Min:  0.0, Avg:  0.0, Max:  0.0, Diff:  0.0, Sum:  0.0, Workers: 4
[4456.335s][debug][gc,phases      ] GC(129)     Dead                           Min: 0, Avg:  0.0, Max: 0, Diff: 0, Sum: 0, Workers: 4
[4456.335s][debug][gc,phases      ] GC(129)     Total                          Min: 0, Avg:  0.0, Max: 0, Diff: 0, Sum: 0, Workers: 4
[4456.335s][debug][gc,phases      ] GC(129) Weak Processing 0.304ms
[4456.335s][debug][gc,age         ] GC(129) Desired survivor size 288882688 bytes, new threshold 15 (max threshold 15)
[4456.335s][info ][gc,heap        ] GC(129) PSYoungGen: 1630608K(1801728K)->138688K(1786880K) Eden: 1491456K(1491456K)->0K(1491456K) From: 139152K(310272K)->138688K(295424K)
[4456.335s][info ][gc,heap        ] GC(129) ParOldGen: 485664K(648192K)->485664K(648192K)
[4456.335s][info ][gc,metaspace   ] GC(129) Metaspace: 84802K(86016K)->84802K(86016K) NonClass: 72880K(73536K)->72880K(73536K) Class: 11921K(12480K)->11921K(12480K)
[4456.335s][info ][gc             ] GC(129) Pause Young (Allocation Failure) 2066M->609M(2378M) 28.932ms
[4456.335s][info ][gc,cpu         ] GC(129) User=0.12s Sys=0.00s Real=0.03s
[4456.335s][info ][safepoint      ] Safepoint "ParallelGCFailedAllocation", Time since last: 5310923616 ns, Reaching safepoint: 101600 ns, At safepoint: 29013384 ns, Total: 29114984 ns
[4459.336s][info ][safepoint      ] Safepoint "Cleanup", Time since last: 3000183733 ns, Reaching safepoint: 34900 ns, At safepoint: 3500 ns, Total: 38400 ns
[4461.336s][info ][safepoint      ] Safepoint "Cleanup", Time since last: 2000193733 ns, Reaching safepoint: 46500 ns, At safepoint: 3300 ns, Total: 49800 ns
[4463.790s][info ][safepoint      ] Safepoint "Cleanup", Time since last: 2453763469 ns, Reaching safepoint: 54800 ns, At safepoint: 3100 ns, Total: 57900 ns
[4465.790s][info ][safepoint      ] Safepoint "Cleanup", Time since last: 2000171507 ns, Reaching safepoint: 48200 ns, At safepoint: 2700 ns, Total: 50900 ns
[4469.790s][info ][safepoint      ] Safepoint "Cleanup", Time since last: 4000355826 ns, Reaching safepoint: 36700 ns, At safepoint: 2900 ns, Total: 39600 ns
[4472.791s][info ][safepoint      ] Safepoint "Cleanup", Time since last: 3000242063 ns, Reaching safepoint: 40800 ns, At safepoint: 2600 ns, Total: 43400 ns
[4476.791s][info ][safepoint      ] Safepoint "Cleanup", Time since last: 4000275139 ns, Reaching safepoint: 43100 ns, At safepoint: 6300 ns, Total: 49400 ns
[4477.791s][info ][safepoint      ] Safepoint "Cleanup", Time since last: 1000105587 ns, Reaching safepoint: 45800 ns, At safepoint: 2900 ns, Total: 48700 ns
[4483.792s][info ][safepoint      ] Safepoint "Cleanup", Time since last: 6000472125 ns, Reaching safepoint: 51800 ns, At safepoint: 24000 ns, Total: 75800 ns
[4485.792s][info ][safepoint      ] Safepoint "Cleanup", Time since last: 2000161658 ns, Reaching safepoint: 37800 ns, At safepoint: 2600 ns, Total: 40400 ns
[4501.458s][info ][gc,start       ] GC(130) Pause Young (Allocation Failure)
[4501.488s][debug][gc,phases      ] GC(130) Scavenge 29.913ms
[4501.488s][debug][gc,ref         ] GC(130) Skipped phase 1 of Reference Processing: no references
[4501.488s][debug][gc,ref         ] GC(130) ReferenceProcessor::execute queues: 1, RefProcThreadModel::Single, marks_oops_alive: false
[4501.488s][debug][gc,ref         ] GC(130) Skipped phase 3 of Reference Processing: no references
[4501.488s][debug][gc,ref         ] GC(130) ReferenceProcessor::execute queues: 1, RefProcThreadModel::Single, marks_oops_alive: false
[4501.488s][debug][gc,phases      ] GC(130) Reference Processing 0.100ms
[4501.488s][debug][gc,phases      ] GC(130)   VM Weak                        Min:  0.0, Avg:  0.0, Max:  0.0, Diff:  0.0, Sum:  0.0, Workers: 4
[4501.488s][debug][gc,phases      ] GC(130)     Dead                           Min: 0, Avg:  0.0, Max: 0, Diff: 0, Sum: 0, Workers: 4
[4501.488s][debug][gc,phases      ] GC(130)     Total                          Min: 0, Avg: 205.8, Max: 612, Diff: 612, Sum: 823, Workers: 4
[4501.488s][debug][gc,phases      ] GC(130)   ObjectSynchronizer Weak        Min:  0.0, Avg:  0.0, Max:  0.0, Diff:  0.0, Sum:  0.0, Workers: 4
[4501.488s][debug][gc,phases      ] GC(130)     Dead                           Min: 0, Avg:  0.0, Max: 0, Diff: 0, Sum: 0, Workers: 4
[4501.488s][debug][gc,phases      ] GC(130)     Total                          Min: 0, Avg: 15.0, Max: 60, Diff: 60, Sum: 60, Workers: 4
[4501.488s][debug][gc,phases      ] GC(130)   JVMTI Tag Weak OopStorage      Min:  0.0, Avg:  0.0, Max:  0.0, Diff:  0.0, Sum:  0.0, Workers: 4
[4501.488s][debug][gc,phases      ] GC(130)     Dead                           Min: 0, Avg:  0.0, Max: 0, Diff: 0, Sum: 0, Workers: 4
[4501.488s][debug][gc,phases      ] GC(130)     Total                          Min: 0, Avg:  0.0, Max: 0, Diff: 0, Sum: 0, Workers: 4
[4501.488s][debug][gc,phases      ] GC(130)   StringTable Weak               Min:  0.0, Avg:  0.1, Max:  0.1, Diff:  0.1, Sum:  0.3, Workers: 4
[4501.488s][debug][gc,phases      ] GC(130)     Dead                           Min: 0, Avg:  0.2, Max: 1, Diff: 1, Sum: 1, Workers: 4
[4501.488s][debug][gc,phases      ] GC(130)     Total                          Min: 0, Avg: 11063.2, Max: 18591, Diff: 18591, Sum: 44253, Workers: 4
[4501.488s][debug][gc,phases      ] GC(130)   ResolvedMethodTable Weak       Min:  0.0, Avg:  0.0, Max:  0.0, Diff:  0.0, Sum:  0.1, Workers: 4
[4501.488s][debug][gc,phases      ] GC(130)     Dead                           Min: 0, Avg:  0.0, Max: 0, Diff: 0, Sum: 0, Workers: 4
[4501.488s][debug][gc,phases      ] GC(130)     Total                          Min: 0, Avg: 2518.5, Max: 4253, Diff: 4253, Sum: 10074, Workers: 4
[4501.488s][debug][gc,phases      ] GC(130)   JNI Weak                       Min:  0.0, Avg:  0.0, Max:  0.0, Diff:  0.0, Sum:  0.0, Workers: 4
[4501.488s][debug][gc,phases      ] GC(130)     Dead                           Min: 0, Avg:  0.0, Max: 0, Diff: 0, Sum: 0, Workers: 4
[4501.488s][debug][gc,phases      ] GC(130)     Total                          Min: 0, Avg: 11.2, Max: 45, Diff: 45, Sum: 45, Workers: 4
[4501.488s][debug][gc,phases      ] GC(130)   StringDedup Table Weak         Min:  0.0, Avg:  0.0, Max:  0.0, Diff:  0.0, Sum:  0.0, Workers: 4
[4501.488s][debug][gc,phases      ] GC(130)     Dead                           Min: 0, Avg:  0.0, Max: 0, Diff: 0, Sum: 0, Workers: 4
[4501.488s][debug][gc,phases      ] GC(130)     Total                          Min: 0, Avg:  0.0, Max: 0, Diff: 0, Sum: 0, Workers: 4
[4501.488s][debug][gc,phases      ] GC(130)   StringDedup Requests0 Weak     Min:  0.0, Avg:  0.0, Max:  0.0, Diff:  0.0, Sum:  0.0, Workers: 4
[4501.488s][debug][gc,phases      ] GC(130)     Dead                           Min: 0, Avg:  0.0, Max: 0, Diff: 0, Sum: 0, Workers: 4
[4501.488s][debug][gc,phases      ] GC(130)     Total                          Min: 0, Avg:  0.0, Max: 0, Diff: 0, Sum: 0, Workers: 4
[4501.488s][debug][gc,phases      ] GC(130)   StringDedup Requests1 Weak     Min:  0.0, Avg:  0.0, Max:  0.0, Diff:  0.0, Sum:  0.0, Workers: 4
[4501.488s][debug][gc,phases      ] GC(130)     Dead                           Min: 0, Avg:  0.0, Max: 0, Diff: 0, Sum: 0, Workers: 4
[4501.488s][debug][gc,phases      ] GC(130)     Total                          Min: 0, Avg:  0.0, Max: 0, Diff: 0, Sum: 0, Workers: 4
[4501.488s][debug][gc,phases      ] GC(130)   Weak JFR Old Object Samples    Min:  0.0, Avg:  0.0, Max:  0.0, Diff:  0.0, Sum:  0.0, Workers: 4
[4501.488s][debug][gc,phases      ] GC(130)     Dead                           Min: 0, Avg:  0.0, Max: 0, Diff: 0, Sum: 0, Workers: 4
[4501.488s][debug][gc,phases      ] GC(130)     Total                          Min: 0, Avg:  0.0, Max: 0, Diff: 0, Sum: 0, Workers: 4
[4501.488s][debug][gc,phases      ] GC(130) Weak Processing 0.292ms
[4501.488s][debug][gc,age         ] GC(130) Desired survivor size 276299776 bytes, new threshold 15 (max threshold 15)
[4501.488s][info ][gc,heap        ] GC(130) PSYoungGen: 1630144K(1786880K)->138752K(1827328K) Eden: 1491456K(1491456K)->0K(1545216K) From: 138688K(295424K)->138752K(282112K)
[4501.488s][info ][gc,heap        ] GC(130) ParOldGen: 485664K(648192K)->485664K(648192K)
[4501.488s][info ][gc,metaspace   ] GC(130) Metaspace: 84822K(86016K)->84822K(86016K) NonClass: 72900K(73536K)->72900K(73536K) Class: 11922K(12480K)->11922K(12480K)
[4501.488s][info ][gc             ] GC(130) Pause Young (Allocation Failure) 2066M->609M(2417M) 30.425ms
[4501.488s][info ][gc,cpu         ] GC(130) User=0.12s Sys=0.00s Real=0.02s
[4501.488s][info ][safepoint      ] Safepoint "ParallelGCFailedAllocation", Time since last: 15666128017 ns, Reaching safepoint: 43900 ns, At safepoint: 30488233 ns, Total: 30532133 ns
[4505.489s][info ][safepoint      ] Safepoint "Cleanup", Time since last: 4000284547 ns, Reaching safepoint: 46700 ns, At safepoint: 3100 ns, Total: 49800 ns
[4515.490s][info ][safepoint      ] Safepoint "Cleanup", Time since last: 10000806923 ns, Reaching safepoint: 55200 ns, At safepoint: 3000 ns, Total: 58200 ns
[4522.490s][info ][safepoint      ] Safepoint "Cleanup", Time since last: 7000571152 ns, Reaching safepoint: 46600 ns, At safepoint: 5200 ns, Total: 51800 ns
[4524.491s][info ][safepoint      ] Safepoint "Cleanup", Time since last: 2000175549 ns, Reaching safepoint: 44600 ns, At safepoint: 3100 ns, Total: 47700 ns
[4549.408s][info ][gc,start       ] GC(131) Pause Young (Allocation Failure)
[4549.437s][debug][gc,phases      ] GC(131) Scavenge 28.219ms
[4549.437s][debug][gc,ref         ] GC(131) Skipped phase 1 of Reference Processing: no references
[4549.437s][debug][gc,ref         ] GC(131) ReferenceProcessor::execute queues: 1, RefProcThreadModel::Single, marks_oops_alive: false
[4549.437s][debug][gc,ref         ] GC(131) Skipped phase 3 of Reference Processing: no references
[4549.437s][debug][gc,ref         ] GC(131) ReferenceProcessor::execute queues: 1, RefProcThreadModel::Single, marks_oops_alive: false
[4549.437s][debug][gc,phases      ] GC(131) Reference Processing 0.107ms
[4549.437s][debug][gc,phases      ] GC(131)   VM Weak                        Min:  0.0, Avg:  0.0, Max:  0.0, Diff:  0.0, Sum:  0.0, Workers: 4
[4549.437s][debug][gc,phases      ] GC(131)     Dead                           Min: 0, Avg:  0.0, Max: 0, Diff: 0, Sum: 0, Workers: 4
[4549.437s][debug][gc,phases      ] GC(131)     Total                          Min: 0, Avg: 205.8, Max: 823, Diff: 823, Sum: 823, Workers: 4
[4549.437s][debug][gc,phases      ] GC(131)   ObjectSynchronizer Weak        Min:  0.0, Avg:  0.0, Max:  0.0, Diff:  0.0, Sum:  0.0, Workers: 4
[4549.437s][debug][gc,phases      ] GC(131)     Dead                           Min: 0, Avg:  0.0, Max: 0, Diff: 0, Sum: 0, Workers: 4
[4549.437s][debug][gc,phases      ] GC(131)     Total                          Min: 0, Avg: 15.0, Max: 60, Diff: 60, Sum: 60, Workers: 4
[4549.437s][debug][gc,phases      ] GC(131)   JVMTI Tag Weak OopStorage      Min:  0.0, Avg:  0.0, Max:  0.0, Diff:  0.0, Sum:  0.0, Workers: 4
[4549.437s][debug][gc,phases      ] GC(131)     Dead                           Min: 0, Avg:  0.0, Max: 0, Diff: 0, Sum: 0, Workers: 4
[4549.437s][debug][gc,phases      ] GC(131)     Total                          Min: 0, Avg:  0.0, Max: 0, Diff: 0, Sum: 0, Workers: 4
[4549.437s][debug][gc,phases      ] GC(131)   StringTable Weak               Min:  0.0, Avg:  0.1, Max:  0.1, Diff:  0.1, Sum:  0.3, Workers: 4
[4549.437s][debug][gc,phases      ] GC(131)     Dead                           Min: 0, Avg:  0.0, Max: 0, Diff: 0, Sum: 0, Workers: 4
[4549.437s][debug][gc,phases      ] GC(131)     Total                          Min: 0, Avg: 11063.2, Max: 18238, Diff: 18238, Sum: 44253, Workers: 4
[4549.437s][debug][gc,phases      ] GC(131)   ResolvedMethodTable Weak       Min:  0.0, Avg:  0.0, Max:  0.0, Diff:  0.0, Sum:  0.1, Workers: 4
[4549.437s][debug][gc,phases      ] GC(131)     Dead                           Min: 0, Avg:  0.0, Max: 0, Diff: 0, Sum: 0, Workers: 4
[4549.437s][debug][gc,phases      ] GC(131)     Total                          Min: 0, Avg: 2518.5, Max: 4123, Diff: 4123, Sum: 10074, Workers: 4
[4549.437s][debug][gc,phases      ] GC(131)   JNI Weak                       Min:  0.0, Avg:  0.0, Max:  0.0, Diff:  0.0, Sum:  0.0, Workers: 4
[4549.437s][debug][gc,phases      ] GC(131)     Dead                           Min: 0, Avg:  0.0, Max: 0, Diff: 0, Sum: 0, Workers: 4
[4549.437s][debug][gc,phases      ] GC(131)     Total                          Min: 0, Avg: 11.2, Max: 45, Diff: 45, Sum: 45, Workers: 4
[4549.437s][debug][gc,phases      ] GC(131)   StringDedup Table Weak         Min:  0.0, Avg:  0.0, Max:  0.0, Diff:  0.0, Sum:  0.0, Workers: 4
[4549.437s][debug][gc,phases      ] GC(131)     Dead                           Min: 0, Avg:  0.0, Max: 0, Diff: 0, Sum: 0, Workers: 4
[4549.437s][debug][gc,phases      ] GC(131)     Total                          Min: 0, Avg:  0.0, Max: 0, Diff: 0, Sum: 0, Workers: 4
[4549.437s][debug][gc,phases      ] GC(131)   StringDedup Requests0 Weak     Min:  0.0, Avg:  0.0, Max:  0.0, Diff:  0.0, Sum:  0.0, Workers: 4
[4549.437s][debug][gc,phases      ] GC(131)     Dead                           Min: 0, Avg:  0.0, Max: 0, Diff: 0, Sum: 0, Workers: 4
[4549.437s][debug][gc,phases      ] GC(131)     Total                          Min: 0, Avg:  0.0, Max: 0, Diff: 0, Sum: 0, Workers: 4
[4549.437s][debug][gc,phases      ] GC(131)   StringDedup Requests1 Weak     Min:  0.0, Avg:  0.0, Max:  0.0, Diff:  0.0, Sum:  0.0, Workers: 4
[4549.437s][debug][gc,phases      ] GC(131)     Dead                           Min: 0, Avg:  0.0, Max: 0, Diff: 0, Sum: 0, Workers: 4
[4549.437s][debug][gc,phases      ] GC(131)     Total                          Min: 0, Avg:  0.0, Max: 0, Diff: 0, Sum: 0, Workers: 4
[4549.437s][debug][gc,phases      ] GC(131)   Weak JFR Old Object Samples    Min:  0.0, Avg:  0.0, Max:  0.0, Diff:  0.0, Sum:  0.0, Workers: 4
[4549.437s][debug][gc,phases      ] GC(131)     Dead                           Min: 0, Avg:  0.0, Max: 0, Diff: 0, Sum: 0, Workers: 4
[4549.437s][debug][gc,phases      ] GC(131)     Total                          Min: 0, Avg:  0.0, Max: 0, Diff: 0, Sum: 0, Workers: 4
[4549.437s][debug][gc,phases      ] GC(131) Weak Processing 0.300ms
[4549.437s][debug][gc,age         ] GC(131) Desired survivor size 264765440 bytes, new threshold 15 (max threshold 15)
[4549.437s][info ][gc,heap        ] GC(131) PSYoungGen: 1683968K(1827328K)->138768K(1815040K) Eden: 1545216K(1545216K)->0K(1545216K) From: 138752K(282112K)->138768K(269824K)
[4549.437s][info ][gc,heap        ] GC(131) ParOldGen: 485664K(648192K)->485664K(648192K)
[4549.437s][info ][gc,metaspace   ] GC(131) Metaspace: 84832K(86016K)->84832K(86016K) NonClass: 72910K(73536K)->72910K(73536K) Class: 11922K(12480K)->11922K(12480K)
[4549.437s][info ][gc             ] GC(131) Pause Young (Allocation Failure) 2118M->609M(2405M) 28.750ms
[4549.437s][info ][gc,cpu         ] GC(131) User=0.11s Sys=0.00s Real=0.03s
[4549.437s][info ][safepoint      ] Safepoint "ParallelGCFailedAllocation", Time since last: 24917708808 ns, Reaching safepoint: 40600 ns, At safepoint: 28815413 ns, Total: 28856013 ns
[4578.439s][info ][safepoint      ] Safepoint "Cleanup", Time since last: 29002169876 ns, Reaching safepoint: 48200 ns, At safepoint: 2700 ns, Total: 50900 ns
[4596.193s][info ][gc,start       ] GC(132) Pause Young (Allocation Failure)
[4596.224s][debug][gc,phases      ] GC(132) Scavenge 31.188ms
[4596.224s][debug][gc,ref         ] GC(132) Skipped phase 1 of Reference Processing: no references
[4596.224s][debug][gc,ref         ] GC(132) ReferenceProcessor::execute queues: 1, RefProcThreadModel::Single, marks_oops_alive: false
[4596.224s][debug][gc,ref         ] GC(132) Skipped phase 3 of Reference Processing: no references
[4596.224s][debug][gc,ref         ] GC(132) ReferenceProcessor::execute queues: 1, RefProcThreadModel::Single, marks_oops_alive: false
[4596.224s][debug][gc,phases      ] GC(132) Reference Processing 0.102ms
[4596.224s][debug][gc,phases      ] GC(132)   VM Weak                        Min:  0.0, Avg:  0.0, Max:  0.0, Diff:  0.0, Sum:  0.0, Workers: 4
[4596.224s][debug][gc,phases      ] GC(132)     Dead                           Min: 0, Avg:  0.0, Max: 0, Diff: 0, Sum: 0, Workers: 4
[4596.224s][debug][gc,phases      ] GC(132)     Total                          Min: 0, Avg: 205.8, Max: 526, Diff: 526, Sum: 823, Workers: 4
[4596.224s][debug][gc,phases      ] GC(132)   ObjectSynchronizer Weak        Min:  0.0, Avg:  0.0, Max:  0.0, Diff:  0.0, Sum:  0.0, Workers: 4
[4596.224s][debug][gc,phases      ] GC(132)     Dead                           Min: 0, Avg:  0.0, Max: 0, Diff: 0, Sum: 0, Workers: 4
[4596.224s][debug][gc,phases      ] GC(132)     Total                          Min: 0, Avg: 15.0, Max: 60, Diff: 60, Sum: 60, Workers: 4
[4596.224s][debug][gc,phases      ] GC(132)   JVMTI Tag Weak OopStorage      Min:  0.0, Avg:  0.0, Max:  0.0, Diff:  0.0, Sum:  0.0, Workers: 4
[4596.224s][debug][gc,phases      ] GC(132)     Dead                           Min: 0, Avg:  0.0, Max: 0, Diff: 0, Sum: 0, Workers: 4
[4596.224s][debug][gc,phases      ] GC(132)     Total                          Min: 0, Avg:  0.0, Max: 0, Diff: 0, Sum: 0, Workers: 4
[4596.224s][debug][gc,phases      ] GC(132)   StringTable Weak               Min:  0.0, Avg:  0.1, Max:  0.1, Diff:  0.1, Sum:  0.3, Workers: 4
[4596.224s][debug][gc,phases      ] GC(132)     Dead                           Min: 0, Avg:  0.0, Max: 0, Diff: 0, Sum: 0, Workers: 4
[4596.224s][debug][gc,phases      ] GC(132)     Total                          Min: 0, Avg: 11063.2, Max: 19039, Diff: 19039, Sum: 44253, Workers: 4
[4596.224s][debug][gc,phases      ] GC(132)   ResolvedMethodTable Weak       Min:  0.0, Avg:  0.0, Max:  0.0, Diff:  0.0, Sum:  0.1, Workers: 4
[4596.224s][debug][gc,phases      ] GC(132)     Dead                           Min: 0, Avg:  0.0, Max: 0, Diff: 0, Sum: 0, Workers: 4
[4596.224s][debug][gc,phases      ] GC(132)     Total                          Min: 0, Avg: 2518.5, Max: 4379, Diff: 4379, Sum: 10074, Workers: 4
[4596.224s][debug][gc,phases      ] GC(132)   JNI Weak                       Min:  0.0, Avg:  0.0, Max:  0.0, Diff:  0.0, Sum:  0.0, Workers: 4
[4596.224s][debug][gc,phases      ] GC(132)     Dead                           Min: 0, Avg:  0.0, Max: 0, Diff: 0, Sum: 0, Workers: 4
[4596.225s][debug][gc,phases      ] GC(132)     Total                          Min: 0, Avg: 11.2, Max: 45, Diff: 45, Sum: 45, Workers: 4
[4596.225s][debug][gc,phases      ] GC(132)   StringDedup Table Weak         Min:  0.0, Avg:  0.0, Max:  0.0, Diff:  0.0, Sum:  0.0, Workers: 4
[4596.225s][debug][gc,phases      ] GC(132)     Dead                           Min: 0, Avg:  0.0, Max: 0, Diff: 0, Sum: 0, Workers: 4
[4596.225s][debug][gc,phases      ] GC(132)     Total                          Min: 0, Avg:  0.0, Max: 0, Diff: 0, Sum: 0, Workers: 4
[4596.225s][debug][gc,phases      ] GC(132)   StringDedup Requests0 Weak     Min:  0.0, Avg:  0.0, Max:  0.0, Diff:  0.0, Sum:  0.0, Workers: 4
[4596.225s][debug][gc,phases      ] GC(132)     Dead                           Min: 0, Avg:  0.0, Max: 0, Diff: 0, Sum: 0, Workers: 4
[4596.225s][debug][gc,phases      ] GC(132)     Total                          Min: 0, Avg:  0.0, Max: 0, Diff: 0, Sum: 0, Workers: 4
[4596.225s][debug][gc,phases      ] GC(132)   StringDedup Requests1 Weak     Min:  0.0, Avg:  0.0, Max:  0.0, Diff:  0.0, Sum:  0.0, Workers: 4
[4596.225s][debug][gc,phases      ] GC(132)     Dead                           Min: 0, Avg:  0.0, Max: 0, Diff: 0, Sum: 0, Workers: 4
[4596.225s][debug][gc,phases      ] GC(132)     Total                          Min: 0, Avg:  0.0, Max: 0, Diff: 0, Sum: 0, Workers: 4
[4596.225s][debug][gc,phases      ] GC(132)   Weak JFR Old Object Samples    Min:  0.0, Avg:  0.0, Max:  0.0, Diff:  0.0, Sum:  0.0, Workers: 4
[4596.225s][debug][gc,phases      ] GC(132)     Dead                           Min: 0, Avg:  0.0, Max: 0, Diff: 0, Sum: 0, Workers: 4
[4596.225s][debug][gc,phases      ] GC(132)     Total                          Min: 0, Avg:  0.0, Max: 0, Diff: 0, Sum: 0, Workers: 4
[4596.225s][debug][gc,phases      ] GC(132) Weak Processing 0.301ms
[4596.225s][debug][gc,age         ] GC(132) Desired survivor size 254279680 bytes, new threshold 15 (max threshold 15)
[4596.225s][info ][gc,heap        ] GC(132) PSYoungGen: 1683984K(1815040K)->139323K(1848832K) Eden: 1545216K(1545216K)->0K(1590272K) From: 138768K(269824K)->139323K(258560K)
[4596.225s][info ][gc,heap        ] GC(132) ParOldGen: 485664K(648192K)->485664K(648192K)
[4596.225s][info ][gc,metaspace   ] GC(132) Metaspace: 84837K(86016K)->84837K(86016K) NonClass: 72915K(73536K)->72915K(73536K) Class: 11922K(12480K)->11922K(12480K)
[4596.225s][info ][gc             ] GC(132) Pause Young (Allocation Failure) 2118M->610M(2438M) 31.730ms
[4596.225s][info ][gc,cpu         ] GC(132) User=0.12s Sys=0.00s Real=0.03s
[4596.225s][info ][safepoint      ] Safepoint "ParallelGCFailedAllocation", Time since last: 17753502332 ns, Reaching safepoint: 29901 ns, At safepoint: 31796896 ns, Total: 31826797 ns
[4598.225s][info ][safepoint      ] Safepoint "Cleanup", Time since last: 2000144252 ns, Reaching safepoint: 44700 ns, At safepoint: 7500 ns, Total: 52200 ns
[4599.225s][info ][safepoint      ] Safepoint "Cleanup", Time since last: 1000129656 ns, Reaching safepoint: 53400 ns, At safepoint: 2900 ns, Total: 56300 ns
[4601.225s][info ][safepoint      ] Safepoint "Cleanup", Time since last: 2000166313 ns, Reaching safepoint: 43200 ns, At safepoint: 4300 ns, Total: 47500 ns
[4603.225s][info ][safepoint      ] Safepoint "Cleanup", Time since last: 2000170113 ns, Reaching safepoint: 39800 ns, At safepoint: 3600 ns, Total: 43400 ns
[4604.226s][info ][safepoint      ] Safepoint "Cleanup", Time since last: 1000110386 ns, Reaching safepoint: 47400 ns, At safepoint: 25000 ns, Total: 72400 ns
[4605.226s][info ][safepoint      ] Safepoint "Cleanup", Time since last: 1000104556 ns, Reaching safepoint: 59900 ns, At safepoint: 6200 ns, Total: 66100 ns
[4606.226s][info ][safepoint      ] Safepoint "Cleanup", Time since last: 1000108156 ns, Reaching safepoint: 43300 ns, At safepoint: 2700 ns, Total: 46000 ns
[4608.226s][info ][safepoint      ] Safepoint "Cleanup", Time since last: 2000205011 ns, Reaching safepoint: 42500 ns, At safepoint: 2900 ns, Total: 45400 ns
[4621.227s][info ][safepoint      ] Safepoint "Cleanup", Time since last: 13001151995 ns, Reaching safepoint: 44900 ns, At safepoint: 2600 ns, Total: 47500 ns
[4622.228s][info ][safepoint      ] Safepoint "Cleanup", Time since last: 1000108633 ns, Reaching safepoint: 43200 ns, At safepoint: 4200 ns, Total: 47400 ns
[4623.228s][info ][safepoint      ] Safepoint "Cleanup", Time since last: 1000129924 ns, Reaching safepoint: 37300 ns, At safepoint: 3000 ns, Total: 40300 ns
[4632.228s][info ][safepoint      ] Safepoint "Cleanup", Time since last: 9000706396 ns, Reaching safepoint: 55800 ns, At safepoint: 5800 ns, Total: 61600 ns
[4635.229s][info ][safepoint      ] Safepoint "Cleanup", Time since last: 3000267951 ns, Reaching safepoint: 44500 ns, At safepoint: 3000 ns, Total: 47500 ns
[4640.209s][info ][gc,start       ] GC(133) Pause Young (Allocation Failure)
[4640.237s][debug][gc,phases      ] GC(133) Scavenge 28.306ms
[4640.237s][debug][gc,ref         ] GC(133) Skipped phase 1 of Reference Processing: no references
[4640.238s][debug][gc,ref         ] GC(133) ReferenceProcessor::execute queues: 1, RefProcThreadModel::Single, marks_oops_alive: false
[4640.238s][debug][gc,ref         ] GC(133) Skipped phase 3 of Reference Processing: no references
[4640.238s][debug][gc,ref         ] GC(133) ReferenceProcessor::execute queues: 1, RefProcThreadModel::Single, marks_oops_alive: false
[4640.238s][debug][gc,phases      ] GC(133) Reference Processing 0.126ms
[4640.238s][debug][gc,phases      ] GC(133)   VM Weak                        Min:  0.0, Avg:  0.0, Max:  0.0, Diff:  0.0, Sum:  0.0, Workers: 4
[4640.238s][debug][gc,phases      ] GC(133)     Dead                           Min: 0, Avg:  0.0, Max: 0, Diff: 0, Sum: 0, Workers: 4
[4640.238s][debug][gc,phases      ] GC(133)     Total                          Min: 0, Avg: 205.8, Max: 676, Diff: 676, Sum: 823, Workers: 4
[4640.238s][debug][gc,phases      ] GC(133)   ObjectSynchronizer Weak        Min:  0.0, Avg:  0.0, Max:  0.0, Diff:  0.0, Sum:  0.0, Workers: 4
[4640.238s][debug][gc,phases      ] GC(133)     Dead                           Min: 0, Avg:  0.0, Max: 0, Diff: 0, Sum: 0, Workers: 4
[4640.238s][debug][gc,phases      ] GC(133)     Total                          Min: 0, Avg: 15.0, Max: 60, Diff: 60, Sum: 60, Workers: 4
[4640.238s][debug][gc,phases      ] GC(133)   JVMTI Tag Weak OopStorage      Min:  0.0, Avg:  0.0, Max:  0.0, Diff:  0.0, Sum:  0.0, Workers: 4
[4640.238s][debug][gc,phases      ] GC(133)     Dead                           Min: 0, Avg:  0.0, Max: 0, Diff: 0, Sum: 0, Workers: 4
[4640.238s][debug][gc,phases      ] GC(133)     Total                          Min: 0, Avg:  0.0, Max: 0, Diff: 0, Sum: 0, Workers: 4
[4640.238s][debug][gc,phases      ] GC(133)   StringTable Weak               Min:  0.0, Avg:  0.1, Max:  0.1, Diff:  0.1, Sum:  0.3, Workers: 4
[4640.238s][debug][gc,phases      ] GC(133)     Dead                           Min: 0, Avg:  0.0, Max: 0, Diff: 0, Sum: 0, Workers: 4
[4640.238s][debug][gc,phases      ] GC(133)     Total                          Min: 0, Avg: 11063.2, Max: 18495, Diff: 18495, Sum: 44253, Workers: 4
[4640.238s][debug][gc,phases      ] GC(133)   ResolvedMethodTable Weak       Min:  0.0, Avg:  0.0, Max:  0.0, Diff:  0.0, Sum:  0.1, Workers: 4
[4640.238s][debug][gc,phases      ] GC(133)     Dead                           Min: 0, Avg:  0.0, Max: 0, Diff: 0, Sum: 0, Workers: 4
[4640.238s][debug][gc,phases      ] GC(133)     Total                          Min: 0, Avg: 2518.5, Max: 4222, Diff: 4222, Sum: 10074, Workers: 4
[4640.238s][debug][gc,phases      ] GC(133)   JNI Weak                       Min:  0.0, Avg:  0.0, Max:  0.0, Diff:  0.0, Sum:  0.0, Workers: 4
[4640.238s][debug][gc,phases      ] GC(133)     Dead                           Min: 0, Avg:  0.0, Max: 0, Diff: 0, Sum: 0, Workers: 4
[4640.238s][debug][gc,phases      ] GC(133)     Total                          Min: 0, Avg: 11.2, Max: 45, Diff: 45, Sum: 45, Workers: 4
[4640.238s][debug][gc,phases      ] GC(133)   StringDedup Table Weak         Min:  0.0, Avg:  0.0, Max:  0.0, Diff:  0.0, Sum:  0.0, Workers: 4
[4640.238s][debug][gc,phases      ] GC(133)     Dead                           Min: 0, Avg:  0.0, Max: 0, Diff: 0, Sum: 0, Workers: 4
[4640.238s][debug][gc,phases      ] GC(133)     Total                          Min: 0, Avg:  0.0, Max: 0, Diff: 0, Sum: 0, Workers: 4
[4640.238s][debug][gc,phases      ] GC(133)   StringDedup Requests0 Weak     Min:  0.0, Avg:  0.0, Max:  0.0, Diff:  0.0, Sum:  0.0, Workers: 4
[4640.238s][debug][gc,phases      ] GC(133)     Dead                           Min: 0, Avg:  0.0, Max: 0, Diff: 0, Sum: 0, Workers: 4
[4640.238s][debug][gc,phases      ] GC(133)     Total                          Min: 0, Avg:  0.0, Max: 0, Diff: 0, Sum: 0, Workers: 4
[4640.238s][debug][gc,phases      ] GC(133)   StringDedup Requests1 Weak     Min:  0.0, Avg:  0.0, Max:  0.0, Diff:  0.0, Sum:  0.0, Workers: 4
[4640.238s][debug][gc,phases      ] GC(133)     Dead                           Min: 0, Avg:  0.0, Max: 0, Diff: 0, Sum: 0, Workers: 4
[4640.238s][debug][gc,phases      ] GC(133)     Total                          Min: 0, Avg:  0.0, Max: 0, Diff: 0, Sum: 0, Workers: 4
[4640.238s][debug][gc,phases      ] GC(133)   Weak JFR Old Object Samples    Min:  0.0, Avg:  0.0, Max:  0.0, Diff:  0.0, Sum:  0.0, Workers: 4
[4640.238s][debug][gc,phases      ] GC(133)     Dead                           Min: 0, Avg:  0.0, Max: 0, Diff: 0, Sum: 0, Workers: 4
[4640.238s][debug][gc,phases      ] GC(133)     Total                          Min: 0, Avg:  0.0, Max: 0, Diff: 0, Sum: 0, Workers: 4
[4640.238s][debug][gc,phases      ] GC(133) Weak Processing 0.300ms
[4640.238s][debug][gc,age         ] GC(133) Desired survivor size 244842496 bytes, new threshold 15 (max threshold 15)
[4640.238s][info ][gc,heap        ] GC(133) PSYoungGen: 1729595K(1848832K)->139088K(1838592K) Eden: 1590272K(1590272K)->0K(1590272K) From: 139323K(258560K)->139088K(248320K)
[4640.238s][info ][gc,heap        ] GC(133) ParOldGen: 485664K(648192K)->485664K(648192K)
[4640.238s][info ][gc,metaspace   ] GC(133) Metaspace: 84844K(86016K)->84844K(86016K) NonClass: 72922K(73536K)->72922K(73536K) Class: 11922K(12480K)->11922K(12480K)
[4640.238s][info ][gc             ] GC(133) Pause Young (Allocation Failure) 2163M->610M(2428M) 28.856ms
[4640.238s][info ][gc,cpu         ] GC(133) User=0.11s Sys=0.00s Real=0.04s
[4640.238s][info ][safepoint      ] Safepoint "ParallelGCFailedAllocation", Time since last: 4980218616 ns, Reaching safepoint: 48000 ns, At safepoint: 28924747 ns, Total: 28972747 ns
[4641.238s][info ][safepoint      ] Safepoint "Cleanup", Time since last: 1000110321 ns, Reaching safepoint: 71400 ns, At safepoint: 3000 ns, Total: 74400 ns
[4645.239s][info ][safepoint      ] Safepoint "Cleanup", Time since last: 4000304023 ns, Reaching safepoint: 55200 ns, At safepoint: 3100 ns, Total: 58300 ns
[4649.239s][info ][safepoint      ] Safepoint "Cleanup", Time since last: 4000295387 ns, Reaching safepoint: 37800 ns, At safepoint: 2600 ns, Total: 40400 ns
[4651.239s][info ][safepoint      ] Safepoint "Cleanup", Time since last: 2000200993 ns, Reaching safepoint: 70701 ns, At safepoint: 3200 ns, Total: 73901 ns
[4653.239s][info ][safepoint      ] Safepoint "Cleanup", Time since last: 2000202145 ns, Reaching safepoint: 54400 ns, At safepoint: 3800 ns, Total: 58200 ns
[4654.240s][info ][safepoint      ] Safepoint "Cleanup", Time since last: 1000112897 ns, Reaching safepoint: 43600 ns, At safepoint: 3400 ns, Total: 47000 ns
[4655.240s][info ][safepoint      ] Safepoint "Cleanup", Time since last: 1000119197 ns, Reaching safepoint: 54000 ns, At safepoint: 3200 ns, Total: 57200 ns
[4670.241s][info ][safepoint      ] Safepoint "Cleanup", Time since last: 15000987154 ns, Reaching safepoint: 53701 ns, At safepoint: 7800 ns, Total: 61501 ns
[4675.241s][info ][safepoint      ] Safepoint "Cleanup", Time since last: 5000384179 ns, Reaching safepoint: 48800 ns, At safepoint: 3300 ns, Total: 52100 ns
[4676.241s][info ][safepoint      ] Safepoint "Cleanup", Time since last: 1000106710 ns, Reaching safepoint: 47700 ns, At safepoint: 25100 ns, Total: 72800 ns
[4682.811s][info ][gc,start       ] GC(134) Pause Young (Allocation Failure)
[4682.842s][debug][gc,phases      ] GC(134) Scavenge 30.607ms
[4682.842s][debug][gc,ref         ] GC(134) Skipped phase 1 of Reference Processing: no references
[4682.842s][debug][gc,ref         ] GC(134) ReferenceProcessor::execute queues: 1, RefProcThreadModel::Single, marks_oops_alive: false
[4682.842s][debug][gc,ref         ] GC(134) Skipped phase 3 of Reference Processing: no references
[4682.842s][debug][gc,ref         ] GC(134) ReferenceProcessor::execute queues: 1, RefProcThreadModel::Single, marks_oops_alive: false
[4682.842s][debug][gc,phases      ] GC(134) Reference Processing 0.098ms
[4682.842s][debug][gc,phases      ] GC(134)   VM Weak                        Min:  0.0, Avg:  0.0, Max:  0.0, Diff:  0.0, Sum:  0.0, Workers: 4
[4682.842s][debug][gc,phases      ] GC(134)     Dead                           Min: 0, Avg:  0.0, Max: 0, Diff: 0, Sum: 0, Workers: 4
[4682.842s][debug][gc,phases      ] GC(134)     Total                          Min: 0, Avg: 205.8, Max: 473, Diff: 473, Sum: 823, Workers: 4
[4682.842s][debug][gc,phases      ] GC(134)   ObjectSynchronizer Weak        Min:  0.0, Avg:  0.0, Max:  0.0, Diff:  0.0, Sum:  0.0, Workers: 4
[4682.842s][debug][gc,phases      ] GC(134)     Dead                           Min: 0, Avg:  0.0, Max: 0, Diff: 0, Sum: 0, Workers: 4
[4682.842s][debug][gc,phases      ] GC(134)     Total                          Min: 0, Avg: 15.0, Max: 60, Diff: 60, Sum: 60, Workers: 4
[4682.842s][debug][gc,phases      ] GC(134)   JVMTI Tag Weak OopStorage      Min:  0.0, Avg:  0.0, Max:  0.0, Diff:  0.0, Sum:  0.0, Workers: 4
[4682.842s][debug][gc,phases      ] GC(134)     Dead                           Min: 0, Avg:  0.0, Max: 0, Diff: 0, Sum: 0, Workers: 4
[4682.842s][debug][gc,phases      ] GC(134)     Total                          Min: 0, Avg:  0.0, Max: 0, Diff: 0, Sum: 0, Workers: 4
[4682.842s][debug][gc,phases      ] GC(134)   StringTable Weak               Min:  0.0, Avg:  0.1, Max:  0.1, Diff:  0.1, Sum:  0.3, Workers: 4
[4682.842s][debug][gc,phases      ] GC(134)     Dead                           Min: 0, Avg:  0.0, Max: 0, Diff: 0, Sum: 0, Workers: 4
[4682.842s][debug][gc,phases      ] GC(134)     Total                          Min: 0, Avg: 11063.5, Max: 18878, Diff: 18878, Sum: 44254, Workers: 4
[4682.842s][debug][gc,phases      ] GC(134)   ResolvedMethodTable Weak       Min:  0.0, Avg:  0.0, Max:  0.0, Diff:  0.0, Sum:  0.1, Workers: 4
[4682.842s][debug][gc,phases      ] GC(134)     Dead                           Min: 0, Avg:  0.0, Max: 0, Diff: 0, Sum: 0, Workers: 4
[4682.842s][debug][gc,phases      ] GC(134)     Total                          Min: 0, Avg: 2518.5, Max: 4317, Diff: 4317, Sum: 10074, Workers: 4
[4682.842s][debug][gc,phases      ] GC(134)   JNI Weak                       Min:  0.0, Avg:  0.0, Max:  0.0, Diff:  0.0, Sum:  0.0, Workers: 4
[4682.842s][debug][gc,phases      ] GC(134)     Dead                           Min: 0, Avg:  0.0, Max: 0, Diff: 0, Sum: 0, Workers: 4
[4682.842s][debug][gc,phases      ] GC(134)     Total                          Min: 0, Avg: 11.2, Max: 45, Diff: 45, Sum: 45, Workers: 4
[4682.842s][debug][gc,phases      ] GC(134)   StringDedup Table Weak         Min:  0.0, Avg:  0.0, Max:  0.0, Diff:  0.0, Sum:  0.0, Workers: 4
[4682.842s][debug][gc,phases      ] GC(134)     Dead                           Min: 0, Avg:  0.0, Max: 0, Diff: 0, Sum: 0, Workers: 4
[4682.842s][debug][gc,phases      ] GC(134)     Total                          Min: 0, Avg:  0.0, Max: 0, Diff: 0, Sum: 0, Workers: 4
[4682.842s][debug][gc,phases      ] GC(134)   StringDedup Requests0 Weak     Min:  0.0, Avg:  0.0, Max:  0.0, Diff:  0.0, Sum:  0.0, Workers: 4
[4682.842s][debug][gc,phases      ] GC(134)     Dead                           Min: 0, Avg:  0.0, Max: 0, Diff: 0, Sum: 0, Workers: 4
[4682.842s][debug][gc,phases      ] GC(134)     Total                          Min: 0, Avg:  0.0, Max: 0, Diff: 0, Sum: 0, Workers: 4
[4682.842s][debug][gc,phases      ] GC(134)   StringDedup Requests1 Weak     Min:  0.0, Avg:  0.0, Max:  0.0, Diff:  0.0, Sum:  0.0, Workers: 4
[4682.842s][debug][gc,phases      ] GC(134)     Dead                           Min: 0, Avg:  0.0, Max: 0, Diff: 0, Sum: 0, Workers: 4
[4682.842s][debug][gc,phases      ] GC(134)     Total                          Min: 0, Avg:  0.0, Max: 0, Diff: 0, Sum: 0, Workers: 4
[4682.842s][debug][gc,phases      ] GC(134)   Weak JFR Old Object Samples    Min:  0.0, Avg:  0.0, Max:  0.0, Diff:  0.0, Sum:  0.0, Workers: 4
[4682.842s][debug][gc,phases      ] GC(134)     Dead                           Min: 0, Avg:  0.0, Max: 0, Diff: 0, Sum: 0, Workers: 4
[4682.842s][debug][gc,phases      ] GC(134)     Total                          Min: 0, Avg:  0.0, Max: 0, Diff: 0, Sum: 0, Workers: 4
[4682.842s][debug][gc,phases      ] GC(134) Weak Processing 0.295ms
[4682.842s][debug][gc,age         ] GC(134) Desired survivor size 235929600 bytes, new threshold 15 (max threshold 15)
[4682.842s][info ][gc,heap        ] GC(134) PSYoungGen: 1729360K(1838592K)->139072K(1866752K) Eden: 1590272K(1590272K)->0K(1627648K) From: 139088K(248320K)->139072K(239104K)
[4682.842s][info ][gc,heap        ] GC(134) ParOldGen: 485664K(648192K)->485664K(648192K)
[4682.842s][info ][gc,metaspace   ] GC(134) Metaspace: 84851K(86016K)->84851K(86016K) NonClass: 72928K(73536K)->72928K(73536K) Class: 11922K(12480K)->11922K(12480K)
[4682.842s][info ][gc             ] GC(134) Pause Young (Allocation Failure) 2163M->610M(2456M) 31.123ms
[4682.842s][info ][gc,cpu         ] GC(134) User=0.12s Sys=0.00s Real=0.03s
[4682.842s][info ][safepoint      ] Safepoint "ParallelGCFailedAllocation", Time since last: 6569743855 ns, Reaching safepoint: 42400 ns, At safepoint: 31195638 ns, Total: 31238038 ns
[4684.843s][info ][safepoint      ] Safepoint "Cleanup", Time since last: 2000146645 ns, Reaching safepoint: 40200 ns, At safepoint: 3300 ns, Total: 43500 ns
[4706.844s][info ][safepoint      ] Safepoint "Cleanup", Time since last: 22001420286 ns, Reaching safepoint: 49000 ns, At safepoint: 15601 ns, Total: 64601 ns
[4711.844s][info ][safepoint      ] Safepoint "Cleanup", Time since last: 5000371599 ns, Reaching safepoint: 42900 ns, At safepoint: 3500 ns, Total: 46400 ns
[4723.310s][info ][safepoint      ] Safepoint "ParallelGCFailedAllocation", Time since last: 11464935576 ns, Reaching safepoint: 95101 ns, At safepoint: 13500 ns, Total: 108601 ns
[4723.310s][info ][gc,start       ] GC(135) Pause Young (GCLocker Initiated GC)
[4723.339s][debug][gc,phases      ] GC(135) Scavenge 28.806ms
[4723.339s][debug][gc,ref         ] GC(135) Skipped phase 1 of Reference Processing: no references
[4723.339s][debug][gc,ref         ] GC(135) ReferenceProcessor::execute queues: 1, RefProcThreadModel::Single, marks_oops_alive: false
[4723.339s][debug][gc,ref         ] GC(135) Skipped phase 3 of Reference Processing: no references
[4723.339s][debug][gc,ref         ] GC(135) ReferenceProcessor::execute queues: 1, RefProcThreadModel::Single, marks_oops_alive: false
[4723.339s][debug][gc,phases      ] GC(135) Reference Processing 0.101ms
[4723.339s][debug][gc,phases      ] GC(135)   VM Weak                        Min:  0.0, Avg:  0.0, Max:  0.0, Diff:  0.0, Sum:  0.0, Workers: 4
[4723.339s][debug][gc,phases      ] GC(135)     Dead                           Min: 0, Avg:  0.0, Max: 0, Diff: 0, Sum: 0, Workers: 4
[4723.339s][debug][gc,phases      ] GC(135)     Total                          Min: 0, Avg: 205.8, Max: 759, Diff: 759, Sum: 823, Workers: 4
[4723.339s][debug][gc,phases      ] GC(135)   ObjectSynchronizer Weak        Min:  0.0, Avg:  0.0, Max:  0.0, Diff:  0.0, Sum:  0.0, Workers: 4
[4723.339s][debug][gc,phases      ] GC(135)     Dead                           Min: 0, Avg:  0.0, Max: 0, Diff: 0, Sum: 0, Workers: 4
[4723.339s][debug][gc,phases      ] GC(135)     Total                          Min: 0, Avg: 15.0, Max: 60, Diff: 60, Sum: 60, Workers: 4
[4723.339s][debug][gc,phases      ] GC(135)   JVMTI Tag Weak OopStorage      Min:  0.0, Avg:  0.0, Max:  0.0, Diff:  0.0, Sum:  0.0, Workers: 4
[4723.339s][debug][gc,phases      ] GC(135)     Dead                           Min: 0, Avg:  0.0, Max: 0, Diff: 0, Sum: 0, Workers: 4
[4723.339s][debug][gc,phases      ] GC(135)     Total                          Min: 0, Avg:  0.0, Max: 0, Diff: 0, Sum: 0, Workers: 4
[4723.339s][debug][gc,phases      ] GC(135)   StringTable Weak               Min:  0.0, Avg:  0.1, Max:  0.1, Diff:  0.1, Sum:  0.3, Workers: 4
[4723.339s][debug][gc,phases      ] GC(135)     Dead                           Min: 0, Avg:  0.0, Max: 0, Diff: 0, Sum: 0, Workers: 4
[4723.339s][debug][gc,phases      ] GC(135)     Total                          Min: 0, Avg: 11063.5, Max: 18301, Diff: 18301, Sum: 44254, Workers: 4
[4723.339s][debug][gc,phases      ] GC(135)   ResolvedMethodTable Weak       Min:  0.0, Avg:  0.0, Max:  0.0, Diff:  0.0, Sum:  0.1, Workers: 4
[4723.339s][debug][gc,phases      ] GC(135)     Dead                           Min: 0, Avg:  0.0, Max: 0, Diff: 0, Sum: 0, Workers: 4
[4723.339s][debug][gc,phases      ] GC(135)     Total                          Min: 0, Avg: 2518.5, Max: 4122, Diff: 4122, Sum: 10074, Workers: 4
[4723.339s][debug][gc,phases      ] GC(135)   JNI Weak                       Min:  0.0, Avg:  0.0, Max:  0.0, Diff:  0.0, Sum:  0.0, Workers: 4
[4723.339s][debug][gc,phases      ] GC(135)     Dead                           Min: 0, Avg:  0.0, Max: 0, Diff: 0, Sum: 0, Workers: 4
[4723.339s][debug][gc,phases      ] GC(135)     Total                          Min: 0, Avg: 11.2, Max: 45, Diff: 45, Sum: 45, Workers: 4
[4723.339s][debug][gc,phases      ] GC(135)   StringDedup Table Weak         Min:  0.0, Avg:  0.0, Max:  0.0, Diff:  0.0, Sum:  0.0, Workers: 4
[4723.339s][debug][gc,phases      ] GC(135)     Dead                           Min: 0, Avg:  0.0, Max: 0, Diff: 0, Sum: 0, Workers: 4
[4723.339s][debug][gc,phases      ] GC(135)     Total                          Min: 0, Avg:  0.0, Max: 0, Diff: 0, Sum: 0, Workers: 4
[4723.339s][debug][gc,phases      ] GC(135)   StringDedup Requests0 Weak     Min:  0.0, Avg:  0.0, Max:  0.0, Diff:  0.0, Sum:  0.0, Workers: 4
[4723.339s][debug][gc,phases      ] GC(135)     Dead                           Min: 0, Avg:  0.0, Max: 0, Diff: 0, Sum: 0, Workers: 4
[4723.339s][debug][gc,phases      ] GC(135)     Total                          Min: 0, Avg:  0.0, Max: 0, Diff: 0, Sum: 0, Workers: 4
[4723.339s][debug][gc,phases      ] GC(135)   StringDedup Requests1 Weak     Min:  0.0, Avg:  0.0, Max:  0.0, Diff:  0.0, Sum:  0.0, Workers: 4
[4723.339s][debug][gc,phases      ] GC(135)     Dead                           Min: 0, Avg:  0.0, Max: 0, Diff: 0, Sum: 0, Workers: 4
[4723.339s][debug][gc,phases      ] GC(135)     Total                          Min: 0, Avg:  0.0, Max: 0, Diff: 0, Sum: 0, Workers: 4
[4723.339s][debug][gc,phases      ] GC(135)   Weak JFR Old Object Samples    Min:  0.0, Avg:  0.0, Max:  0.0, Diff:  0.0, Sum:  0.0, Workers: 4
[4723.339s][debug][gc,phases      ] GC(135)     Dead                           Min: 0, Avg:  0.0, Max: 0, Diff: 0, Sum: 0, Workers: 4
[4723.339s][debug][gc,phases      ] GC(135)     Total                          Min: 0, Avg:  0.0, Max: 0, Diff: 0, Sum: 0, Workers: 4
[4723.339s][debug][gc,phases      ] GC(135) Weak Processing 0.302ms
[4723.339s][debug][gc,age         ] GC(135) Desired survivor size 227540992 bytes, new threshold 15 (max threshold 15)
[4723.339s][info ][gc,heap        ] GC(135) PSYoungGen: 1766720K(1866752K)->139460K(1858048K) Eden: 1627648K(1627648K)->0K(1627648K) From: 139072K(239104K)->139460K(230400K)
[4723.339s][info ][gc,heap        ] GC(135) ParOldGen: 485672K(648192K)->485672K(648192K)
[4723.339s][info ][gc,metaspace   ] GC(135) Metaspace: 84861K(86016K)->84861K(86016K) NonClass: 72939K(73536K)->72939K(73536K) Class: 11922K(12480K)->11922K(12480K)
[4723.339s][info ][gc             ] GC(135) Pause Young (GCLocker Initiated GC) 2199M->610M(2447M) 29.304ms
[4723.339s][info ][gc,cpu         ] GC(135) User=0.11s Sys=0.00s Real=0.03s
[4723.339s][info ][safepoint      ] Safepoint "ParallelGCSystemGC", Time since last: 80400 ns, Reaching safepoint: 84300 ns, At safepoint: 29367142 ns, Total: 29451442 ns
[4730.340s][info ][safepoint      ] Safepoint "Cleanup", Time since last: 7000473982 ns, Reaching safepoint: 54800 ns, At safepoint: 5500 ns, Total: 60300 ns
[4733.340s][info ][safepoint      ] Safepoint "Cleanup", Time since last: 3000258218 ns, Reaching safepoint: 38000 ns, At safepoint: 3100 ns, Total: 41100 ns
[4735.340s][info ][safepoint      ] Safepoint "Cleanup", Time since last: 2000171452 ns, Reaching safepoint: 47900 ns, At safepoint: 6800 ns, Total: 54700 ns
[4736.340s][info ][safepoint      ] Safepoint "Cleanup", Time since last: 1000107576 ns, Reaching safepoint: 46000 ns, At safepoint: 2700 ns, Total: 48700 ns
[4738.340s][info ][safepoint      ] Safepoint "Cleanup", Time since last: 2000164453 ns, Reaching safepoint: 40100 ns, At safepoint: 3200 ns, Total: 43300 ns
[4746.341s][info ][safepoint      ] Safepoint "Cleanup", Time since last: 8000622574 ns, Reaching safepoint: 116300 ns, At safepoint: 3700 ns, Total: 120000 ns
[4748.342s][info ][safepoint      ] Safepoint "Cleanup", Time since last: 2000208687 ns, Reaching safepoint: 82800 ns, At safepoint: 3100 ns, Total: 85900 ns
[4752.257s][info ][gc,start       ] GC(136) Pause Young (Allocation Failure)
[4752.290s][debug][gc,phases      ] GC(136) Scavenge 32.854ms
[4752.290s][debug][gc,ref         ] GC(136) Skipped phase 1 of Reference Processing: no references
[4752.290s][debug][gc,ref         ] GC(136) ReferenceProcessor::execute queues: 1, RefProcThreadModel::Single, marks_oops_alive: false
[4752.290s][debug][gc,ref         ] GC(136) Skipped phase 3 of Reference Processing: no references
[4752.290s][debug][gc,ref         ] GC(136) ReferenceProcessor::execute queues: 1, RefProcThreadModel::Single, marks_oops_alive: false
[4752.290s][debug][gc,phases      ] GC(136) Reference Processing 0.102ms
[4752.290s][debug][gc,phases      ] GC(136)   VM Weak                        Min:  0.0, Avg:  0.0, Max:  0.0, Diff:  0.0, Sum:  0.0, Workers: 4
[4752.290s][debug][gc,phases      ] GC(136)     Dead                           Min: 0, Avg:  0.0, Max: 0, Diff: 0, Sum: 0, Workers: 4
[4752.290s][debug][gc,phases      ] GC(136)     Total                          Min: 0, Avg: 205.8, Max: 571, Diff: 571, Sum: 823, Workers: 4
[4752.290s][debug][gc,phases      ] GC(136)   ObjectSynchronizer Weak        Min:  0.0, Avg:  0.0, Max:  0.0, Diff:  0.0, Sum:  0.0, Workers: 4
[4752.290s][debug][gc,phases      ] GC(136)     Dead                           Min: 0, Avg:  0.0, Max: 0, Diff: 0, Sum: 0, Workers: 4
[4752.290s][debug][gc,phases      ] GC(136)     Total                          Min: 0, Avg: 15.0, Max: 60, Diff: 60, Sum: 60, Workers: 4
[4752.290s][debug][gc,phases      ] GC(136)   JVMTI Tag Weak OopStorage      Min:  0.0, Avg:  0.0, Max:  0.0, Diff:  0.0, Sum:  0.0, Workers: 4
[4752.290s][debug][gc,phases      ] GC(136)     Dead                           Min: 0, Avg:  0.0, Max: 0, Diff: 0, Sum: 0, Workers: 4
[4752.290s][debug][gc,phases      ] GC(136)     Total                          Min: 0, Avg:  0.0, Max: 0, Diff: 0, Sum: 0, Workers: 4
[4752.290s][debug][gc,phases      ] GC(136)   StringTable Weak               Min:  0.0, Avg:  0.1, Max:  0.1, Diff:  0.1, Sum:  0.4, Workers: 4
[4752.290s][debug][gc,phases      ] GC(136)     Dead                           Min: 0, Avg:  0.0, Max: 0, Diff: 0, Sum: 0, Workers: 4
[4752.290s][debug][gc,phases      ] GC(136)     Total                          Min: 0, Avg: 11063.5, Max: 17150, Diff: 17150, Sum: 44254, Workers: 4
[4752.290s][debug][gc,phases      ] GC(136)   ResolvedMethodTable Weak       Min:  0.0, Avg:  0.0, Max:  0.0, Diff:  0.0, Sum:  0.1, Workers: 4
[4752.290s][debug][gc,phases      ] GC(136)     Dead                           Min: 0, Avg:  0.0, Max: 0, Diff: 0, Sum: 0, Workers: 4
[4752.290s][debug][gc,phases      ] GC(136)     Total                          Min: 0, Avg: 2518.5, Max: 4288, Diff: 4288, Sum: 10074, Workers: 4
[4752.290s][debug][gc,phases      ] GC(136)   JNI Weak                       Min:  0.0, Avg:  0.0, Max:  0.0, Diff:  0.0, Sum:  0.0, Workers: 4
[4752.290s][debug][gc,phases      ] GC(136)     Dead                           Min: 0, Avg:  0.0, Max: 0, Diff: 0, Sum: 0, Workers: 4
[4752.290s][debug][gc,phases      ] GC(136)     Total                          Min: 0, Avg: 11.2, Max: 45, Diff: 45, Sum: 45, Workers: 4
[4752.290s][debug][gc,phases      ] GC(136)   StringDedup Table Weak         Min:  0.0, Avg:  0.0, Max:  0.0, Diff:  0.0, Sum:  0.0, Workers: 4
[4752.290s][debug][gc,phases      ] GC(136)     Dead                           Min: 0, Avg:  0.0, Max: 0, Diff: 0, Sum: 0, Workers: 4
[4752.290s][debug][gc,phases      ] GC(136)     Total                          Min: 0, Avg:  0.0, Max: 0, Diff: 0, Sum: 0, Workers: 4
[4752.290s][debug][gc,phases      ] GC(136)   StringDedup Requests0 Weak     Min:  0.0, Avg:  0.0, Max:  0.0, Diff:  0.0, Sum:  0.0, Workers: 4
[4752.290s][debug][gc,phases      ] GC(136)     Dead                           Min: 0, Avg:  0.0, Max: 0, Diff: 0, Sum: 0, Workers: 4
[4752.290s][debug][gc,phases      ] GC(136)     Total                          Min: 0, Avg:  0.0, Max: 0, Diff: 0, Sum: 0, Workers: 4
[4752.290s][debug][gc,phases      ] GC(136)   StringDedup Requests1 Weak     Min:  0.0, Avg:  0.0, Max:  0.0, Diff:  0.0, Sum:  0.0, Workers: 4
[4752.290s][debug][gc,phases      ] GC(136)     Dead                           Min: 0, Avg:  0.0, Max: 0, Diff: 0, Sum: 0, Workers: 4
[4752.290s][debug][gc,phases      ] GC(136)     Total                          Min: 0, Avg:  0.0, Max: 0, Diff: 0, Sum: 0, Workers: 4
[4752.290s][debug][gc,phases      ] GC(136)   Weak JFR Old Object Samples    Min:  0.0, Avg:  0.0, Max:  0.0, Diff:  0.0, Sum:  0.0, Workers: 4
[4752.290s][debug][gc,phases      ] GC(136)     Dead                           Min: 0, Avg:  0.0, Max: 0, Diff: 0, Sum: 0, Workers: 4
[4752.290s][debug][gc,phases      ] GC(136)     Total                          Min: 0, Avg:  0.0, Max: 0, Diff: 0, Sum: 0, Workers: 4
[4752.290s][debug][gc,phases      ] GC(136) Weak Processing 0.400ms
[4752.290s][debug][gc,age         ] GC(136) Desired survivor size 221249536 bytes, new threshold 15 (max threshold 15)
[4752.290s][info ][gc,heap        ] GC(136) PSYoungGen: 1767108K(1858048K)->147264K(1881088K) Eden: 1627648K(1627648K)->0K(1658880K) From: 139460K(230400K)->147264K(222208K)
[4752.290s][info ][gc,heap        ] GC(136) ParOldGen: 485674K(648192K)->485674K(648192K)
[4752.290s][info ][gc,metaspace   ] GC(136) Metaspace: 84871K(86016K)->84871K(86016K) NonClass: 72949K(73536K)->72949K(73536K) Class: 11922K(12480K)->11922K(12480K)
[4752.290s][info ][gc             ] GC(136) Pause Young (Allocation Failure) 2199M->618M(2470M) 33.494ms
[4752.290s][info ][gc,cpu         ] GC(136) User=0.12s Sys=0.01s Real=0.04s
[4752.290s][info ][safepoint      ] Safepoint "ParallelGCFailedAllocation", Time since last: 3915059474 ns, Reaching safepoint: 115600 ns, At safepoint: 33571764 ns, Total: 33687364 ns
[4755.291s][info ][safepoint      ] Safepoint "Cleanup", Time since last: 3000211427 ns, Reaching safepoint: 46400 ns, At safepoint: 3500 ns, Total: 49900 ns
[4757.291s][info ][safepoint      ] Safepoint "Cleanup", Time since last: 2000225544 ns, Reaching safepoint: 43500 ns, At safepoint: 4000 ns, Total: 47500 ns
[4762.291s][info ][safepoint      ] Safepoint "Cleanup", Time since last: 5000379653 ns, Reaching safepoint: 45100 ns, At safepoint: 2700 ns, Total: 47800 ns
[4781.293s][info ][safepoint      ] Safepoint "Cleanup", Time since last: 19001361100 ns, Reaching safepoint: 39500 ns, At safepoint: 2900 ns, Total: 42400 ns
[4788.293s][info ][safepoint      ] Safepoint "Cleanup", Time since last: 7000491735 ns, Reaching safepoint: 40000 ns, At safepoint: 3000 ns, Total: 43000 ns
[4808.356s][info ][gc,start       ] GC(137) Pause Young (Allocation Failure)
[4808.386s][debug][gc,phases      ] GC(137) Scavenge 29.568ms
[4808.386s][debug][gc,ref         ] GC(137) Skipped phase 1 of Reference Processing: no references
[4808.386s][debug][gc,ref         ] GC(137) ReferenceProcessor::execute queues: 1, RefProcThreadModel::Single, marks_oops_alive: false
[4808.386s][debug][gc,ref         ] GC(137) Skipped phase 3 of Reference Processing: no references
[4808.386s][debug][gc,ref         ] GC(137) ReferenceProcessor::execute queues: 1, RefProcThreadModel::Single, marks_oops_alive: false
[4808.386s][debug][gc,phases      ] GC(137) Reference Processing 0.110ms
[4808.386s][debug][gc,phases      ] GC(137)   VM Weak                        Min:  0.0, Avg:  0.0, Max:  0.0, Diff:  0.0, Sum:  0.0, Workers: 4
[4808.386s][debug][gc,phases      ] GC(137)     Dead                           Min: 0, Avg:  0.0, Max: 0, Diff: 0, Sum: 0, Workers: 4
[4808.386s][debug][gc,phases      ] GC(137)     Total                          Min: 0, Avg: 205.8, Max: 567, Diff: 567, Sum: 823, Workers: 4
[4808.386s][debug][gc,phases      ] GC(137)   ObjectSynchronizer Weak        Min:  0.0, Avg:  0.0, Max:  0.0, Diff:  0.0, Sum:  0.0, Workers: 4
[4808.386s][debug][gc,phases      ] GC(137)     Dead                           Min: 0, Avg:  0.0, Max: 0, Diff: 0, Sum: 0, Workers: 4
[4808.386s][debug][gc,phases      ] GC(137)     Total                          Min: 0, Avg: 15.0, Max: 60, Diff: 60, Sum: 60, Workers: 4
[4808.386s][debug][gc,phases      ] GC(137)   JVMTI Tag Weak OopStorage      Min:  0.0, Avg:  0.0, Max:  0.0, Diff:  0.0, Sum:  0.0, Workers: 4
[4808.386s][debug][gc,phases      ] GC(137)     Dead                           Min: 0, Avg:  0.0, Max: 0, Diff: 0, Sum: 0, Workers: 4
[4808.386s][debug][gc,phases      ] GC(137)     Total                          Min: 0, Avg:  0.0, Max: 0, Diff: 0, Sum: 0, Workers: 4
[4808.386s][debug][gc,phases      ] GC(137)   StringTable Weak               Min:  0.0, Avg:  0.1, Max:  0.1, Diff:  0.1, Sum:  0.3, Workers: 4
[4808.386s][debug][gc,phases      ] GC(137)     Dead                           Min: 0, Avg:  0.0, Max: 0, Diff: 0, Sum: 0, Workers: 4
[4808.386s][debug][gc,phases      ] GC(137)     Total                          Min: 0, Avg: 11063.5, Max: 19325, Diff: 19325, Sum: 44254, Workers: 4
[4808.386s][debug][gc,phases      ] GC(137)   ResolvedMethodTable Weak       Min:  0.0, Avg:  0.0, Max:  0.0, Diff:  0.0, Sum:  0.1, Workers: 4
[4808.386s][debug][gc,phases      ] GC(137)     Dead                           Min: 0, Avg:  0.0, Max: 0, Diff: 0, Sum: 0, Workers: 4
[4808.386s][debug][gc,phases      ] GC(137)     Total                          Min: 0, Avg: 2518.5, Max: 4315, Diff: 4315, Sum: 10074, Workers: 4
[4808.386s][debug][gc,phases      ] GC(137)   JNI Weak                       Min:  0.0, Avg:  0.0, Max:  0.0, Diff:  0.0, Sum:  0.0, Workers: 4
[4808.386s][debug][gc,phases      ] GC(137)     Dead                           Min: 0, Avg:  0.0, Max: 0, Diff: 0, Sum: 0, Workers: 4
[4808.386s][debug][gc,phases      ] GC(137)     Total                          Min: 0, Avg: 11.2, Max: 45, Diff: 45, Sum: 45, Workers: 4
[4808.386s][debug][gc,phases      ] GC(137)   StringDedup Table Weak         Min:  0.0, Avg:  0.0, Max:  0.0, Diff:  0.0, Sum:  0.0, Workers: 4
[4808.386s][debug][gc,phases      ] GC(137)     Dead                           Min: 0, Avg:  0.0, Max: 0, Diff: 0, Sum: 0, Workers: 4
[4808.386s][debug][gc,phases      ] GC(137)     Total                          Min: 0, Avg:  0.0, Max: 0, Diff: 0, Sum: 0, Workers: 4
[4808.386s][debug][gc,phases      ] GC(137)   StringDedup Requests0 Weak     Min:  0.0, Avg:  0.0, Max:  0.0, Diff:  0.0, Sum:  0.0, Workers: 4
[4808.386s][debug][gc,phases      ] GC(137)     Dead                           Min: 0, Avg:  0.0, Max: 0, Diff: 0, Sum: 0, Workers: 4
[4808.386s][debug][gc,phases      ] GC(137)     Total                          Min: 0, Avg:  0.0, Max: 0, Diff: 0, Sum: 0, Workers: 4
[4808.386s][debug][gc,phases      ] GC(137)   StringDedup Requests1 Weak     Min:  0.0, Avg:  0.0, Max:  0.0, Diff:  0.0, Sum:  0.0, Workers: 4
[4808.386s][debug][gc,phases      ] GC(137)     Dead                           Min: 0, Avg:  0.0, Max: 0, Diff: 0, Sum: 0, Workers: 4
[4808.386s][debug][gc,phases      ] GC(137)     Total                          Min: 0, Avg:  0.0, Max: 0, Diff: 0, Sum: 0, Workers: 4
[4808.386s][debug][gc,phases      ] GC(137)   Weak JFR Old Object Samples    Min:  0.0, Avg:  0.0, Max:  0.0, Diff:  0.0, Sum:  0.0, Workers: 4
[4808.386s][debug][gc,phases      ] GC(137)     Dead                           Min: 0, Avg:  0.0, Max: 0, Diff: 0, Sum: 0, Workers: 4
[4808.386s][debug][gc,phases      ] GC(137)     Total                          Min: 0, Avg:  0.0, Max: 0, Diff: 0, Sum: 0, Workers: 4
[4808.386s][debug][gc,phases      ] GC(137) Weak Processing 0.290ms
[4808.386s][debug][gc,age         ] GC(137) Desired survivor size 214433792 bytes, new threshold 15 (max threshold 15)
[4808.386s][info ][gc,heap        ] GC(137) PSYoungGen: 1806144K(1881088K)->145312K(1874944K) Eden: 1658880K(1658880K)->0K(1658880K) From: 147264K(222208K)->145312K(216064K)
[4808.386s][info ][gc,heap        ] GC(137) ParOldGen: 485674K(648192K)->485674K(648192K)
[4808.386s][info ][gc,metaspace   ] GC(137) Metaspace: 84879K(86016K)->84879K(86016K) NonClass: 72957K(73536K)->72957K(73536K) Class: 11922K(12480K)->11922K(12480K)
[4808.386s][info ][gc             ] GC(137) Pause Young (Allocation Failure) 2238M->616M(2464M) 30.090ms
[4808.386s][info ][gc,cpu         ] GC(137) User=0.12s Sys=0.00s Real=0.03s
[4808.386s][info ][safepoint      ] Safepoint "ParallelGCFailedAllocation", Time since last: 20063043636 ns, Reaching safepoint: 36500 ns, At safepoint: 30156857 ns, Total: 30193357 ns
[4815.387s][info ][safepoint      ] Safepoint "Cleanup", Time since last: 7000484957 ns, Reaching safepoint: 48800 ns, At safepoint: 3400 ns, Total: 52200 ns
[4817.387s][info ][safepoint      ] Safepoint "Cleanup", Time since last: 2000191067 ns, Reaching safepoint: 40700 ns, At safepoint: 13100 ns, Total: 53800 ns
[4821.388s][info ][safepoint      ] Safepoint "Cleanup", Time since last: 4000297514 ns, Reaching safepoint: 49600 ns, At safepoint: 3000 ns, Total: 52600 ns
[4829.388s][info ][safepoint      ] Safepoint "Cleanup", Time since last: 8000587556 ns, Reaching safepoint: 43200 ns, At safepoint: 4600 ns, Total: 47800 ns
[4837.389s][info ][safepoint      ] Safepoint "Cleanup", Time since last: 8000570242 ns, Reaching safepoint: 44500 ns, At safepoint: 6400 ns, Total: 50900 ns
[4856.390s][info ][safepoint      ] Safepoint "Cleanup", Time since last: 19001368036 ns, Reaching safepoint: 47700 ns, At safepoint: 24400 ns, Total: 72100 ns
[4867.457s][info ][gc,start       ] GC(138) Pause Young (Allocation Failure)
[4867.491s][debug][gc,phases      ] GC(138) Scavenge 34.341ms
[4867.491s][debug][gc,ref         ] GC(138) Skipped phase 1 of Reference Processing: no references
[4867.491s][debug][gc,ref         ] GC(138) ReferenceProcessor::execute queues: 1, RefProcThreadModel::Single, marks_oops_alive: false
[4867.491s][debug][gc,ref         ] GC(138) Skipped phase 3 of Reference Processing: no references
[4867.491s][debug][gc,ref         ] GC(138) ReferenceProcessor::execute queues: 1, RefProcThreadModel::Single, marks_oops_alive: false
[4867.491s][debug][gc,phases      ] GC(138) Reference Processing 0.100ms
[4867.491s][debug][gc,phases      ] GC(138)   VM Weak                        Min:  0.0, Avg:  0.0, Max:  0.0, Diff:  0.0, Sum:  0.0, Workers: 4
[4867.491s][debug][gc,phases      ] GC(138)     Dead                           Min: 0, Avg:  0.0, Max: 0, Diff: 0, Sum: 0, Workers: 4
[4867.491s][debug][gc,phases      ] GC(138)     Total                          Min: 0, Avg: 205.8, Max: 507, Diff: 507, Sum: 823, Workers: 4
[4867.491s][debug][gc,phases      ] GC(138)   ObjectSynchronizer Weak        Min:  0.0, Avg:  0.0, Max:  0.0, Diff:  0.0, Sum:  0.0, Workers: 4
[4867.491s][debug][gc,phases      ] GC(138)     Dead                           Min: 0, Avg:  0.0, Max: 0, Diff: 0, Sum: 0, Workers: 4
[4867.491s][debug][gc,phases      ] GC(138)     Total                          Min: 0, Avg: 15.0, Max: 60, Diff: 60, Sum: 60, Workers: 4
[4867.491s][debug][gc,phases      ] GC(138)   JVMTI Tag Weak OopStorage      Min:  0.0, Avg:  0.0, Max:  0.0, Diff:  0.0, Sum:  0.0, Workers: 4
[4867.491s][debug][gc,phases      ] GC(138)     Dead                           Min: 0, Avg:  0.0, Max: 0, Diff: 0, Sum: 0, Workers: 4
[4867.491s][debug][gc,phases      ] GC(138)     Total                          Min: 0, Avg:  0.0, Max: 0, Diff: 0, Sum: 0, Workers: 4
[4867.491s][debug][gc,phases      ] GC(138)   StringTable Weak               Min:  0.0, Avg:  0.1, Max:  0.1, Diff:  0.1, Sum:  0.3, Workers: 4
[4867.491s][debug][gc,phases      ] GC(138)     Dead                           Min: 0, Avg:  0.0, Max: 0, Diff: 0, Sum: 0, Workers: 4
[4867.491s][debug][gc,phases      ] GC(138)     Total                          Min: 0, Avg: 11063.5, Max: 19489, Diff: 19489, Sum: 44254, Workers: 4
[4867.491s][debug][gc,phases      ] GC(138)   ResolvedMethodTable Weak       Min:  0.0, Avg:  0.0, Max:  0.0, Diff:  0.0, Sum:  0.1, Workers: 4
[4867.491s][debug][gc,phases      ] GC(138)     Dead                           Min: 0, Avg:  0.0, Max: 0, Diff: 0, Sum: 0, Workers: 4
[4867.491s][debug][gc,phases      ] GC(138)     Total                          Min: 0, Avg: 2518.5, Max: 4189, Diff: 4189, Sum: 10074, Workers: 4
[4867.491s][debug][gc,phases      ] GC(138)   JNI Weak                       Min:  0.0, Avg:  0.0, Max:  0.0, Diff:  0.0, Sum:  0.0, Workers: 4
[4867.491s][debug][gc,phases      ] GC(138)     Dead                           Min: 0, Avg:  0.0, Max: 0, Diff: 0, Sum: 0, Workers: 4
[4867.491s][debug][gc,phases      ] GC(138)     Total                          Min: 0, Avg: 11.2, Max: 45, Diff: 45, Sum: 45, Workers: 4
[4867.491s][debug][gc,phases      ] GC(138)   StringDedup Table Weak         Min:  0.0, Avg:  0.0, Max:  0.0, Diff:  0.0, Sum:  0.0, Workers: 4
[4867.491s][debug][gc,phases      ] GC(138)     Dead                           Min: 0, Avg:  0.0, Max: 0, Diff: 0, Sum: 0, Workers: 4
[4867.491s][debug][gc,phases      ] GC(138)     Total                          Min: 0, Avg:  0.0, Max: 0, Diff: 0, Sum: 0, Workers: 4
[4867.491s][debug][gc,phases      ] GC(138)   StringDedup Requests0 Weak     Min:  0.0, Avg:  0.0, Max:  0.0, Diff:  0.0, Sum:  0.0, Workers: 4
[4867.491s][debug][gc,phases      ] GC(138)     Dead                           Min: 0, Avg:  0.0, Max: 0, Diff: 0, Sum: 0, Workers: 4
[4867.491s][debug][gc,phases      ] GC(138)     Total                          Min: 0, Avg:  0.0, Max: 0, Diff: 0, Sum: 0, Workers: 4
[4867.491s][debug][gc,phases      ] GC(138)   StringDedup Requests1 Weak     Min:  0.0, Avg:  0.0, Max:  0.0, Diff:  0.0, Sum:  0.0, Workers: 4
[4867.491s][debug][gc,phases      ] GC(138)     Dead                           Min: 0, Avg:  0.0, Max: 0, Diff: 0, Sum: 0, Workers: 4
[4867.491s][debug][gc,phases      ] GC(138)     Total                          Min: 0, Avg:  0.0, Max: 0, Diff: 0, Sum: 0, Workers: 4
[4867.491s][debug][gc,phases      ] GC(138)   Weak JFR Old Object Samples    Min:  0.0, Avg:  0.0, Max:  0.0, Diff:  0.0, Sum:  0.0, Workers: 4
[4867.491s][debug][gc,phases      ] GC(138)     Dead                           Min: 0, Avg:  0.0, Max: 0, Diff: 0, Sum: 0, Workers: 4
[4867.491s][debug][gc,phases      ] GC(138)     Total                          Min: 0, Avg:  0.0, Max: 0, Diff: 0, Sum: 0, Workers: 4
[4867.491s][debug][gc,phases      ] GC(138) Weak Processing 0.304ms
[4867.491s][debug][gc,age         ] GC(138) Desired survivor size 212336640 bytes, new threshold 15 (max threshold 15)
[4867.491s][info ][gc,heap        ] GC(138) PSYoungGen: 1804192K(1874944K)->117392K(1889792K) Eden: 1658880K(1658880K)->0K(1680384K) From: 145312K(216064K)->117392K(209408K)
[4867.491s][info ][gc,heap        ] GC(138) ParOldGen: 485674K(648192K)->515548K(648192K)
[4867.491s][info ][gc,metaspace   ] GC(138) Metaspace: 84894K(86016K)->84894K(86016K) NonClass: 72972K(73536K)->72972K(73536K) Class: 11922K(12480K)->11922K(12480K)
[4867.491s][info ][gc             ] GC(138) Pause Young (Allocation Failure) 2236M->618M(2478M) 34.871ms
[4867.491s][info ][gc,cpu         ] GC(138) User=0.13s Sys=0.00s Real=0.04s
[4867.491s][info ][safepoint      ] Safepoint "ParallelGCFailedAllocation", Time since last: 11066277758 ns, Reaching safepoint: 28300 ns, At safepoint: 34946772 ns, Total: 34975072 ns
[4891.493s][info ][safepoint      ] Safepoint "Cleanup", Time since last: 24001648887 ns, Reaching safepoint: 31300 ns, At safepoint: 26700 ns, Total: 58000 ns
[4895.494s][info ][safepoint      ] Safepoint "Cleanup", Time since last: 4000363590 ns, Reaching safepoint: 59000 ns, At safepoint: 2600 ns, Total: 61600 ns
[4901.494s][info ][safepoint      ] Safepoint "Cleanup", Time since last: 6000437431 ns, Reaching safepoint: 46200 ns, At safepoint: 2500 ns, Total: 48700 ns
[4910.495s][info ][safepoint      ] Safepoint "Cleanup", Time since last: 9000620712 ns, Reaching safepoint: 45100 ns, At safepoint: 3400 ns, Total: 48500 ns
[4918.495s][info ][safepoint      ] Safepoint "Cleanup", Time since last: 8000575778 ns, Reaching safepoint: 33000 ns, At safepoint: 2100 ns, Total: 35100 ns
[4925.496s][info ][safepoint      ] Safepoint "Cleanup", Time since last: 7000503172 ns, Reaching safepoint: 44200 ns, At safepoint: 6000 ns, Total: 50200 ns
[4927.709s][info ][gc,start       ] GC(139) Pause Young (Allocation Failure)
[4927.735s][debug][gc,phases      ] GC(139) Scavenge 25.759ms
[4927.735s][debug][gc,ref         ] GC(139) Skipped phase 1 of Reference Processing: no references
[4927.735s][debug][gc,ref         ] GC(139) ReferenceProcessor::execute queues: 1, RefProcThreadModel::Single, marks_oops_alive: false
[4927.735s][debug][gc,ref         ] GC(139) Skipped phase 3 of Reference Processing: no references
[4927.735s][debug][gc,ref         ] GC(139) ReferenceProcessor::execute queues: 1, RefProcThreadModel::Single, marks_oops_alive: false
[4927.735s][debug][gc,phases      ] GC(139) Reference Processing 0.098ms
[4927.735s][debug][gc,phases      ] GC(139)   VM Weak                        Min:  0.0, Avg:  0.0, Max:  0.0, Diff:  0.0, Sum:  0.0, Workers: 4
[4927.735s][debug][gc,phases      ] GC(139)     Dead                           Min: 0, Avg:  0.0, Max: 0, Diff: 0, Sum: 0, Workers: 4
[4927.735s][debug][gc,phases      ] GC(139)     Total                          Min: 0, Avg: 205.8, Max: 695, Diff: 695, Sum: 823, Workers: 4
[4927.735s][debug][gc,phases      ] GC(139)   ObjectSynchronizer Weak        Min:  0.0, Avg:  0.0, Max:  0.0, Diff:  0.0, Sum:  0.0, Workers: 4
[4927.735s][debug][gc,phases      ] GC(139)     Dead                           Min: 0, Avg:  0.0, Max: 0, Diff: 0, Sum: 0, Workers: 4
[4927.735s][debug][gc,phases      ] GC(139)     Total                          Min: 0, Avg: 15.0, Max: 60, Diff: 60, Sum: 60, Workers: 4
[4927.735s][debug][gc,phases      ] GC(139)   JVMTI Tag Weak OopStorage      Min:  0.0, Avg:  0.0, Max:  0.0, Diff:  0.0, Sum:  0.0, Workers: 4
[4927.735s][debug][gc,phases      ] GC(139)     Dead                           Min: 0, Avg:  0.0, Max: 0, Diff: 0, Sum: 0, Workers: 4
[4927.735s][debug][gc,phases      ] GC(139)     Total                          Min: 0, Avg:  0.0, Max: 0, Diff: 0, Sum: 0, Workers: 4
[4927.735s][debug][gc,phases      ] GC(139)   StringTable Weak               Min:  0.0, Avg:  0.1, Max:  0.1, Diff:  0.1, Sum:  0.3, Workers: 4
[4927.735s][debug][gc,phases      ] GC(139)     Dead                           Min: 0, Avg:  0.0, Max: 0, Diff: 0, Sum: 0, Workers: 4
[4927.735s][debug][gc,phases      ] GC(139)     Total                          Min: 0, Avg: 11063.5, Max: 18814, Diff: 18814, Sum: 44254, Workers: 4
[4927.735s][debug][gc,phases      ] GC(139)   ResolvedMethodTable Weak       Min:  0.0, Avg:  0.0, Max:  0.0, Diff:  0.0, Sum:  0.1, Workers: 4
[4927.735s][debug][gc,phases      ] GC(139)     Dead                           Min: 0, Avg:  0.0, Max: 0, Diff: 0, Sum: 0, Workers: 4
[4927.735s][debug][gc,phases      ] GC(139)     Total                          Min: 0, Avg: 2518.5, Max: 4222, Diff: 4222, Sum: 10074, Workers: 4
[4927.735s][debug][gc,phases      ] GC(139)   JNI Weak                       Min:  0.0, Avg:  0.0, Max:  0.0, Diff:  0.0, Sum:  0.0, Workers: 4
[4927.735s][debug][gc,phases      ] GC(139)     Dead                           Min: 0, Avg:  0.0, Max: 0, Diff: 0, Sum: 0, Workers: 4
[4927.735s][debug][gc,phases      ] GC(139)     Total                          Min: 0, Avg: 11.2, Max: 45, Diff: 45, Sum: 45, Workers: 4
[4927.735s][debug][gc,phases      ] GC(139)   StringDedup Table Weak         Min:  0.0, Avg:  0.0, Max:  0.0, Diff:  0.0, Sum:  0.0, Workers: 4
[4927.735s][debug][gc,phases      ] GC(139)     Dead                           Min: 0, Avg:  0.0, Max: 0, Diff: 0, Sum: 0, Workers: 4
[4927.735s][debug][gc,phases      ] GC(139)     Total                          Min: 0, Avg:  0.0, Max: 0, Diff: 0, Sum: 0, Workers: 4
[4927.735s][debug][gc,phases      ] GC(139)   StringDedup Requests0 Weak     Min:  0.0, Avg:  0.0, Max:  0.0, Diff:  0.0, Sum:  0.0, Workers: 4
[4927.735s][debug][gc,phases      ] GC(139)     Dead                           Min: 0, Avg:  0.0, Max: 0, Diff: 0, Sum: 0, Workers: 4
[4927.735s][debug][gc,phases      ] GC(139)     Total                          Min: 0, Avg:  0.0, Max: 0, Diff: 0, Sum: 0, Workers: 4
[4927.735s][debug][gc,phases      ] GC(139)   StringDedup Requests1 Weak     Min:  0.0, Avg:  0.0, Max:  0.0, Diff:  0.0, Sum:  0.0, Workers: 4
[4927.735s][debug][gc,phases      ] GC(139)     Dead                           Min: 0, Avg:  0.0, Max: 0, Diff: 0, Sum: 0, Workers: 4
[4927.735s][debug][gc,phases      ] GC(139)     Total                          Min: 0, Avg:  0.0, Max: 0, Diff: 0, Sum: 0, Workers: 4
[4927.735s][debug][gc,phases      ] GC(139)   Weak JFR Old Object Samples    Min:  0.0, Avg:  0.0, Max:  0.0, Diff:  0.0, Sum:  0.0, Workers: 4
[4927.735s][debug][gc,phases      ] GC(139)     Dead                           Min: 0, Avg:  0.0, Max: 0, Diff: 0, Sum: 0, Workers: 4
[4927.735s][debug][gc,phases      ] GC(139)     Total                          Min: 0, Avg:  0.0, Max: 0, Diff: 0, Sum: 0, Workers: 4
[4927.735s][debug][gc,phases      ] GC(139) Weak Processing 0.295ms
[4927.735s][debug][gc,age         ] GC(139) Desired survivor size 211288064 bytes, new threshold 15 (max threshold 15)
[4927.735s][info ][gc,heap        ] GC(139) PSYoungGen: 1797776K(1889792K)->109200K(1887744K) Eden: 1680384K(1680384K)->0K(1680384K) From: 117392K(209408K)->109200K(207360K)
[4927.735s][info ][gc,heap        ] GC(139) ParOldGen: 515548K(648192K)->524573K(648192K)
[4927.735s][info ][gc,metaspace   ] GC(139) Metaspace: 84899K(86016K)->84899K(86016K) NonClass: 72977K(73536K)->72977K(73536K) Class: 11922K(12480K)->11922K(12480K)
[4927.735s][info ][gc             ] GC(139) Pause Young (Allocation Failure) 2259M->618M(2476M) 26.267ms
[4927.735s][info ][gc,cpu         ] GC(139) User=0.10s Sys=0.01s Real=0.03s
[4927.735s][info ][safepoint      ] Safepoint "ParallelGCFailedAllocation", Time since last: 2212722623 ns, Reaching safepoint: 98400 ns, At safepoint: 26339330 ns, Total: 26437730 ns
[4929.735s][info ][safepoint      ] Safepoint "Cleanup", Time since last: 2000147292 ns, Reaching safepoint: 45500 ns, At safepoint: 5900 ns, Total: 51400 ns
[4931.735s][info ][safepoint      ] Safepoint "Cleanup", Time since last: 2000095005 ns, Reaching safepoint: 38700 ns, At safepoint: 3800 ns, Total: 42500 ns
[4938.736s][info ][safepoint      ] Safepoint "Cleanup", Time since last: 7000514608 ns, Reaching safepoint: 35501 ns, At safepoint: 6800 ns, Total: 42301 ns
[4944.737s][info ][safepoint      ] Safepoint "Cleanup", Time since last: 6000520171 ns, Reaching safepoint: 46501 ns, At safepoint: 6400 ns, Total: 52901 ns
[4956.738s][info ][safepoint      ] Safepoint "Cleanup", Time since last: 12000964775 ns, Reaching safepoint: 36701 ns, At safepoint: 3300 ns, Total: 40001 ns
[4962.738s][info ][safepoint      ] Safepoint "Cleanup", Time since last: 6000475629 ns, Reaching safepoint: 46000 ns, At safepoint: 2600 ns, Total: 48600 ns
[4963.738s][info ][safepoint      ] Safepoint "Cleanup", Time since last: 1000127856 ns, Reaching safepoint: 40000 ns, At safepoint: 4300 ns, Total: 44300 ns
[4971.739s][info ][safepoint      ] Safepoint "Cleanup", Time since last: 8000549073 ns, Reaching safepoint: 36500 ns, At safepoint: 2900 ns, Total: 39400 ns
[4979.008s][info ][gc,start       ] GC(140) Pause Young (Allocation Failure)
[4979.037s][debug][gc,phases      ] GC(140) Scavenge 28.220ms
[4979.037s][debug][gc,ref         ] GC(140) Skipped phase 1 of Reference Processing: no references
[4979.037s][debug][gc,ref         ] GC(140) ReferenceProcessor::execute queues: 1, RefProcThreadModel::Single, marks_oops_alive: false
[4979.037s][debug][gc,ref         ] GC(140) Skipped phase 3 of Reference Processing: no references
[4979.037s][debug][gc,ref         ] GC(140) ReferenceProcessor::execute queues: 1, RefProcThreadModel::Single, marks_oops_alive: false
[4979.037s][debug][gc,phases      ] GC(140) Reference Processing 0.104ms
[4979.037s][debug][gc,phases      ] GC(140)   VM Weak                        Min:  0.0, Avg:  0.0, Max:  0.0, Diff:  0.0, Sum:  0.0, Workers: 4
[4979.037s][debug][gc,phases      ] GC(140)     Dead                           Min: 0, Avg:  0.0, Max: 0, Diff: 0, Sum: 0, Workers: 4
[4979.037s][debug][gc,phases      ] GC(140)     Total                          Min: 0, Avg: 205.8, Max: 612, Diff: 612, Sum: 823, Workers: 4
[4979.037s][debug][gc,phases      ] GC(140)   ObjectSynchronizer Weak        Min:  0.0, Avg:  0.0, Max:  0.0, Diff:  0.0, Sum:  0.0, Workers: 4
[4979.037s][debug][gc,phases      ] GC(140)     Dead                           Min: 0, Avg:  0.0, Max: 0, Diff: 0, Sum: 0, Workers: 4
[4979.037s][debug][gc,phases      ] GC(140)     Total                          Min: 0, Avg: 15.0, Max: 60, Diff: 60, Sum: 60, Workers: 4
[4979.037s][debug][gc,phases      ] GC(140)   JVMTI Tag Weak OopStorage      Min:  0.0, Avg:  0.0, Max:  0.0, Diff:  0.0, Sum:  0.0, Workers: 4
[4979.037s][debug][gc,phases      ] GC(140)     Dead                           Min: 0, Avg:  0.0, Max: 0, Diff: 0, Sum: 0, Workers: 4
[4979.037s][debug][gc,phases      ] GC(140)     Total                          Min: 0, Avg:  0.0, Max: 0, Diff: 0, Sum: 0, Workers: 4
[4979.037s][debug][gc,phases      ] GC(140)   StringTable Weak               Min:  0.0, Avg:  0.1, Max:  0.1, Diff:  0.1, Sum:  0.3, Workers: 4
[4979.037s][debug][gc,phases      ] GC(140)     Dead                           Min: 0, Avg:  0.0, Max: 0, Diff: 0, Sum: 0, Workers: 4
[4979.037s][debug][gc,phases      ] GC(140)     Total                          Min: 0, Avg: 11063.8, Max: 17917, Diff: 17917, Sum: 44255, Workers: 4
[4979.037s][debug][gc,phases      ] GC(140)   ResolvedMethodTable Weak       Min:  0.0, Avg:  0.0, Max:  0.0, Diff:  0.0, Sum:  0.1, Workers: 4
[4979.037s][debug][gc,phases      ] GC(140)     Dead                           Min: 0, Avg:  0.0, Max: 0, Diff: 0, Sum: 0, Workers: 4
[4979.037s][debug][gc,phases      ] GC(140)     Total                          Min: 0, Avg: 2518.5, Max: 4286, Diff: 4286, Sum: 10074, Workers: 4
[4979.037s][debug][gc,phases      ] GC(140)   JNI Weak                       Min:  0.0, Avg:  0.0, Max:  0.0, Diff:  0.0, Sum:  0.0, Workers: 4
[4979.037s][debug][gc,phases      ] GC(140)     Dead                           Min: 0, Avg:  0.0, Max: 0, Diff: 0, Sum: 0, Workers: 4
[4979.037s][debug][gc,phases      ] GC(140)     Total                          Min: 0, Avg: 11.2, Max: 45, Diff: 45, Sum: 45, Workers: 4
[4979.037s][debug][gc,phases      ] GC(140)   StringDedup Table Weak         Min:  0.0, Avg:  0.0, Max:  0.0, Diff:  0.0, Sum:  0.0, Workers: 4
[4979.037s][debug][gc,phases      ] GC(140)     Dead                           Min: 0, Avg:  0.0, Max: 0, Diff: 0, Sum: 0, Workers: 4
[4979.037s][debug][gc,phases      ] GC(140)     Total                          Min: 0, Avg:  0.0, Max: 0, Diff: 0, Sum: 0, Workers: 4
[4979.037s][debug][gc,phases      ] GC(140)   StringDedup Requests0 Weak     Min:  0.0, Avg:  0.0, Max:  0.0, Diff:  0.0, Sum:  0.0, Workers: 4
[4979.037s][debug][gc,phases      ] GC(140)     Dead                           Min: 0, Avg:  0.0, Max: 0, Diff: 0, Sum: 0, Workers: 4
[4979.037s][debug][gc,phases      ] GC(140)     Total                          Min: 0, Avg:  0.0, Max: 0, Diff: 0, Sum: 0, Workers: 4
[4979.037s][debug][gc,phases      ] GC(140)   StringDedup Requests1 Weak     Min:  0.0, Avg:  0.0, Max:  0.0, Diff:  0.0, Sum:  0.0, Workers: 4
[4979.037s][debug][gc,phases      ] GC(140)     Dead                           Min: 0, Avg:  0.0, Max: 0, Diff: 0, Sum: 0, Workers: 4
[4979.037s][debug][gc,phases      ] GC(140)     Total                          Min: 0, Avg:  0.0, Max: 0, Diff: 0, Sum: 0, Workers: 4
[4979.037s][debug][gc,phases      ] GC(140)   Weak JFR Old Object Samples    Min:  0.0, Avg:  0.0, Max:  0.0, Diff:  0.0, Sum:  0.0, Workers: 4
[4979.037s][debug][gc,phases      ] GC(140)     Dead                           Min: 0, Avg:  0.0, Max: 0, Diff: 0, Sum: 0, Workers: 4
[4979.037s][debug][gc,phases      ] GC(140)     Total                          Min: 0, Avg:  0.0, Max: 0, Diff: 0, Sum: 0, Workers: 4
[4979.037s][debug][gc,phases      ] GC(140) Weak Processing 0.287ms
[4979.037s][debug][gc,age         ] GC(140) Desired survivor size 216006656 bytes, new threshold 15 (max threshold 15)
[4979.037s][info ][gc,heap        ] GC(140) PSYoungGen: 1789584K(1887744K)->70992K(1881600K) Eden: 1680384K(1680384K)->0K(1675264K) From: 109200K(207360K)->70992K(206336K)
[4979.037s][info ][gc,heap        ] GC(140) ParOldGen: 524573K(648192K)->561693K(648192K)
[4979.037s][info ][gc,metaspace   ] GC(140) Metaspace: 84910K(86016K)->84910K(86016K) NonClass: 72987K(73536K)->72987K(73536K) Class: 11922K(12480K)->11922K(12480K)
[4979.037s][info ][gc             ] GC(140) Pause Young (Allocation Failure) 2259M->617M(2470M) 28.726ms
[4979.037s][info ][gc,cpu         ] GC(140) User=0.11s Sys=0.00s Real=0.03s
[4979.037s][info ][safepoint      ] Safepoint "ParallelGCFailedAllocation", Time since last: 7269522490 ns, Reaching safepoint: 40200 ns, At safepoint: 28793869 ns, Total: 28834069 ns
[4980.037s][info ][safepoint      ] Safepoint "Cleanup", Time since last: 1000077279 ns, Reaching safepoint: 35200 ns, At safepoint: 3000 ns, Total: 38200 ns
[4981.037s][info ][safepoint      ] Safepoint "Cleanup", Time since last: 1000103860 ns, Reaching safepoint: 57200 ns, At safepoint: 5200 ns, Total: 62400 ns
[4986.038s][info ][safepoint      ] Safepoint "Cleanup", Time since last: 5000372294 ns, Reaching safepoint: 46800 ns, At safepoint: 2500 ns, Total: 49300 ns
[4987.038s][info ][safepoint      ] Safepoint "Cleanup", Time since last: 1000105139 ns, Reaching safepoint: 47200 ns, At safepoint: 4000 ns, Total: 51200 ns
[4991.038s][info ][safepoint      ] Safepoint "Cleanup", Time since last: 4000326096 ns, Reaching safepoint: 42100 ns, At safepoint: 3700 ns, Total: 45800 ns
[4998.039s][info ][safepoint      ] Safepoint "Cleanup", Time since last: 7000577183 ns, Reaching safepoint: 55000 ns, At safepoint: 6400 ns, Total: 61400 ns
[5009.040s][info ][safepoint      ] Safepoint "Cleanup", Time since last: 11000708729 ns, Reaching safepoint: 44800 ns, At safepoint: 3000 ns, Total: 47800 ns
[5024.095s][info ][gc,start       ] GC(141) Pause Young (Allocation Failure)
[5024.113s][debug][gc,phases      ] GC(141) Scavenge 17.267ms
[5024.113s][debug][gc,ref         ] GC(141) Skipped phase 1 of Reference Processing: no references
[5024.113s][debug][gc,ref         ] GC(141) ReferenceProcessor::execute queues: 1, RefProcThreadModel::Single, marks_oops_alive: false
[5024.113s][debug][gc,ref         ] GC(141) Skipped phase 3 of Reference Processing: no references
[5024.113s][debug][gc,ref         ] GC(141) ReferenceProcessor::execute queues: 1, RefProcThreadModel::Single, marks_oops_alive: false
[5024.113s][debug][gc,phases      ] GC(141) Reference Processing 0.096ms
[5024.113s][debug][gc,phases      ] GC(141)   VM Weak                        Min:  0.0, Avg:  0.0, Max:  0.0, Diff:  0.0, Sum:  0.0, Workers: 4
[5024.113s][debug][gc,phases      ] GC(141)     Dead                           Min: 0, Avg:  0.0, Max: 0, Diff: 0, Sum: 0, Workers: 4
[5024.113s][debug][gc,phases      ] GC(141)     Total                          Min: 0, Avg: 205.8, Max: 492, Diff: 492, Sum: 823, Workers: 4
[5024.113s][debug][gc,phases      ] GC(141)   ObjectSynchronizer Weak        Min:  0.0, Avg:  0.0, Max:  0.0, Diff:  0.0, Sum:  0.0, Workers: 4
[5024.113s][debug][gc,phases      ] GC(141)     Dead                           Min: 0, Avg:  0.0, Max: 0, Diff: 0, Sum: 0, Workers: 4
[5024.113s][debug][gc,phases      ] GC(141)     Total                          Min: 0, Avg: 15.0, Max: 60, Diff: 60, Sum: 60, Workers: 4
[5024.113s][debug][gc,phases      ] GC(141)   JVMTI Tag Weak OopStorage      Min:  0.0, Avg:  0.0, Max:  0.0, Diff:  0.0, Sum:  0.0, Workers: 4
[5024.113s][debug][gc,phases      ] GC(141)     Dead                           Min: 0, Avg:  0.0, Max: 0, Diff: 0, Sum: 0, Workers: 4
[5024.113s][debug][gc,phases      ] GC(141)     Total                          Min: 0, Avg:  0.0, Max: 0, Diff: 0, Sum: 0, Workers: 4
[5024.113s][debug][gc,phases      ] GC(141)   StringTable Weak               Min:  0.0, Avg:  0.1, Max:  0.1, Diff:  0.1, Sum:  0.3, Workers: 4
[5024.113s][debug][gc,phases      ] GC(141)     Dead                           Min: 0, Avg:  0.0, Max: 0, Diff: 0, Sum: 0, Workers: 4
[5024.113s][debug][gc,phases      ] GC(141)     Total                          Min: 0, Avg: 11064.2, Max: 19069, Diff: 19069, Sum: 44257, Workers: 4
[5024.113s][debug][gc,phases      ] GC(141)   ResolvedMethodTable Weak       Min:  0.0, Avg:  0.0, Max:  0.0, Diff:  0.0, Sum:  0.1, Workers: 4
[5024.113s][debug][gc,phases      ] GC(141)     Dead                           Min: 0, Avg:  0.0, Max: 0, Diff: 0, Sum: 0, Workers: 4
[5024.113s][debug][gc,phases      ] GC(141)     Total                          Min: 0, Avg: 2518.5, Max: 4158, Diff: 4158, Sum: 10074, Workers: 4
[5024.113s][debug][gc,phases      ] GC(141)   JNI Weak                       Min:  0.0, Avg:  0.0, Max:  0.0, Diff:  0.0, Sum:  0.0, Workers: 4
[5024.113s][debug][gc,phases      ] GC(141)     Dead                           Min: 0, Avg:  0.0, Max: 0, Diff: 0, Sum: 0, Workers: 4
[5024.113s][debug][gc,phases      ] GC(141)     Total                          Min: 0, Avg: 11.2, Max: 45, Diff: 45, Sum: 45, Workers: 4
[5024.113s][debug][gc,phases      ] GC(141)   StringDedup Table Weak         Min:  0.0, Avg:  0.0, Max:  0.0, Diff:  0.0, Sum:  0.0, Workers: 4
[5024.113s][debug][gc,phases      ] GC(141)     Dead                           Min: 0, Avg:  0.0, Max: 0, Diff: 0, Sum: 0, Workers: 4
[5024.113s][debug][gc,phases      ] GC(141)     Total                          Min: 0, Avg:  0.0, Max: 0, Diff: 0, Sum: 0, Workers: 4
[5024.113s][debug][gc,phases      ] GC(141)   StringDedup Requests0 Weak     Min:  0.0, Avg:  0.0, Max:  0.0, Diff:  0.0, Sum:  0.0, Workers: 4
[5024.113s][debug][gc,phases      ] GC(141)     Dead                           Min: 0, Avg:  0.0, Max: 0, Diff: 0, Sum: 0, Workers: 4
[5024.113s][debug][gc,phases      ] GC(141)     Total                          Min: 0, Avg:  0.0, Max: 0, Diff: 0, Sum: 0, Workers: 4
[5024.113s][debug][gc,phases      ] GC(141)   StringDedup Requests1 Weak     Min:  0.0, Avg:  0.0, Max:  0.0, Diff:  0.0, Sum:  0.0, Workers: 4
[5024.113s][debug][gc,phases      ] GC(141)     Dead                           Min: 0, Avg:  0.0, Max: 0, Diff: 0, Sum: 0, Workers: 4
[5024.113s][debug][gc,phases      ] GC(141)     Total                          Min: 0, Avg:  0.0, Max: 0, Diff: 0, Sum: 0, Workers: 4
[5024.113s][debug][gc,phases      ] GC(141)   Weak JFR Old Object Samples    Min:  0.0, Avg:  0.0, Max:  0.0, Diff:  0.0, Sum:  0.0, Workers: 4
[5024.113s][debug][gc,phases      ] GC(141)     Dead                           Min: 0, Avg:  0.0, Max: 0, Diff: 0, Sum: 0, Workers: 4
[5024.113s][debug][gc,phases      ] GC(141)     Total                          Min: 0, Avg:  0.0, Max: 0, Diff: 0, Sum: 0, Workers: 4
[5024.113s][debug][gc,phases      ] GC(141) Weak Processing 0.291ms
[5024.113s][debug][gc,age         ] GC(141) Desired survivor size 220200960 bytes, new threshold 15 (max threshold 15)
[5024.113s][info ][gc,heap        ] GC(141) PSYoungGen: 1746256K(1881600K)->60576K(1736192K) Eden: 1675264K(1675264K)->0K(1675264K) From: 70992K(206336K)->60576K(60928K)
[5024.113s][info ][gc,heap        ] GC(141) ParOldGen: 561693K(648192K)->570921K(648192K)
[5024.113s][info ][gc,metaspace   ] GC(141) Metaspace: 84914K(86016K)->84914K(86016K) NonClass: 72991K(73536K)->72991K(73536K) Class: 11922K(12480K)->11922K(12480K)
[5024.113s][info ][gc             ] GC(141) Pause Young (Allocation Failure) 2253M->616M(2328M) 17.778ms
[5024.113s][info ][gc,cpu         ] GC(141) User=0.07s Sys=0.00s Real=0.02s
[5024.113s][info ][safepoint      ] Safepoint "ParallelGCFailedAllocation", Time since last: 15055395417 ns, Reaching safepoint: 99800 ns, At safepoint: 17848644 ns, Total: 17948444 ns
[5027.113s][info ][safepoint      ] Safepoint "Cleanup", Time since last: 3000205576 ns, Reaching safepoint: 45200 ns, At safepoint: 2700 ns, Total: 47900 ns
[5035.819s][info ][safepoint      ] Safepoint "Cleanup", Time since last: 8705394509 ns, Reaching safepoint: 31200 ns, At safepoint: 6400 ns, Total: 37600 ns
[5036.819s][info ][safepoint      ] Safepoint "Cleanup", Time since last: 1000123859 ns, Reaching safepoint: 37800 ns, At safepoint: 4000 ns, Total: 41800 ns
[5037.819s][info ][safepoint      ] Safepoint "Cleanup", Time since last: 1000108472 ns, Reaching safepoint: 41400 ns, At safepoint: 3300 ns, Total: 44700 ns
[5041.820s][info ][safepoint      ] Safepoint "Cleanup", Time since last: 4000324988 ns, Reaching safepoint: 46000 ns, At safepoint: 4400 ns, Total: 50400 ns
[5050.820s][info ][safepoint      ] Safepoint "Cleanup", Time since last: 9000609706 ns, Reaching safepoint: 47500 ns, At safepoint: 2900 ns, Total: 50400 ns
[5064.810s][info ][gc,start       ] GC(142) Pause Young (Allocation Failure)
[5064.831s][debug][gc,phases      ] GC(142) Scavenge 21.484ms
[5064.831s][debug][gc,ref         ] GC(142) Skipped phase 1 of Reference Processing: no references
[5064.831s][debug][gc,ref         ] GC(142) ReferenceProcessor::execute queues: 1, RefProcThreadModel::Single, marks_oops_alive: false
[5064.831s][debug][gc,ref         ] GC(142) Skipped phase 3 of Reference Processing: no references
[5064.831s][debug][gc,ref         ] GC(142) ReferenceProcessor::execute queues: 1, RefProcThreadModel::Single, marks_oops_alive: false
[5064.831s][debug][gc,phases      ] GC(142) Reference Processing 0.098ms
[5064.832s][debug][gc,phases      ] GC(142)   VM Weak                        Min:  0.0, Avg:  0.0, Max:  0.0, Diff:  0.0, Sum:  0.0, Workers: 4
[5064.832s][debug][gc,phases      ] GC(142)     Dead                           Min: 0, Avg:  0.0, Max: 0, Diff: 0, Sum: 0, Workers: 4
[5064.832s][debug][gc,phases      ] GC(142)     Total                          Min: 0, Avg: 205.8, Max: 473, Diff: 473, Sum: 823, Workers: 4
[5064.832s][debug][gc,phases      ] GC(142)   ObjectSynchronizer Weak        Min:  0.0, Avg:  0.0, Max:  0.0, Diff:  0.0, Sum:  0.0, Workers: 4
[5064.832s][debug][gc,phases      ] GC(142)     Dead                           Min: 0, Avg:  0.2, Max: 1, Diff: 1, Sum: 1, Workers: 4
[5064.832s][debug][gc,phases      ] GC(142)     Total                          Min: 0, Avg: 15.5, Max: 62, Diff: 62, Sum: 62, Workers: 4
[5064.832s][debug][gc,phases      ] GC(142)   JVMTI Tag Weak OopStorage      Min:  0.0, Avg:  0.0, Max:  0.0, Diff:  0.0, Sum:  0.0, Workers: 4
[5064.832s][debug][gc,phases      ] GC(142)     Dead                           Min: 0, Avg:  0.0, Max: 0, Diff: 0, Sum: 0, Workers: 4
[5064.832s][debug][gc,phases      ] GC(142)     Total                          Min: 0, Avg:  0.0, Max: 0, Diff: 0, Sum: 0, Workers: 4
[5064.832s][debug][gc,phases      ] GC(142)   StringTable Weak               Min:  0.0, Avg:  0.1, Max:  0.1, Diff:  0.1, Sum:  0.3, Workers: 4
[5064.832s][debug][gc,phases      ] GC(142)     Dead                           Min: 0, Avg:  0.0, Max: 0, Diff: 0, Sum: 0, Workers: 4
[5064.832s][debug][gc,phases      ] GC(142)     Total                          Min: 0, Avg: 11069.2, Max: 19254, Diff: 19254, Sum: 44277, Workers: 4
[5064.832s][debug][gc,phases      ] GC(142)   ResolvedMethodTable Weak       Min:  0.0, Avg:  0.0, Max:  0.0, Diff:  0.0, Sum:  0.1, Workers: 4
[5064.832s][debug][gc,phases      ] GC(142)     Dead                           Min: 0, Avg:  0.0, Max: 0, Diff: 0, Sum: 0, Workers: 4
[5064.832s][debug][gc,phases      ] GC(142)     Total                          Min: 0, Avg: 2518.5, Max: 4381, Diff: 4381, Sum: 10074, Workers: 4
[5064.832s][debug][gc,phases      ] GC(142)   JNI Weak                       Min:  0.0, Avg:  0.0, Max:  0.0, Diff:  0.0, Sum:  0.0, Workers: 4
[5064.832s][debug][gc,phases      ] GC(142)     Dead                           Min: 0, Avg:  0.0, Max: 0, Diff: 0, Sum: 0, Workers: 4
[5064.832s][debug][gc,phases      ] GC(142)     Total                          Min: 0, Avg: 11.2, Max: 45, Diff: 45, Sum: 45, Workers: 4
[5064.832s][debug][gc,phases      ] GC(142)   StringDedup Table Weak         Min:  0.0, Avg:  0.0, Max:  0.0, Diff:  0.0, Sum:  0.0, Workers: 4
[5064.832s][debug][gc,phases      ] GC(142)     Dead                           Min: 0, Avg:  0.0, Max: 0, Diff: 0, Sum: 0, Workers: 4
[5064.832s][debug][gc,phases      ] GC(142)     Total                          Min: 0, Avg:  0.0, Max: 0, Diff: 0, Sum: 0, Workers: 4
[5064.832s][debug][gc,phases      ] GC(142)   StringDedup Requests0 Weak     Min:  0.0, Avg:  0.0, Max:  0.0, Diff:  0.0, Sum:  0.0, Workers: 4
[5064.832s][debug][gc,phases      ] GC(142)     Dead                           Min: 0, Avg:  0.0, Max: 0, Diff: 0, Sum: 0, Workers: 4
[5064.832s][debug][gc,phases      ] GC(142)     Total                          Min: 0, Avg:  0.0, Max: 0, Diff: 0, Sum: 0, Workers: 4
[5064.832s][debug][gc,phases      ] GC(142)   StringDedup Requests1 Weak     Min:  0.0, Avg:  0.0, Max:  0.0, Diff:  0.0, Sum:  0.0, Workers: 4
[5064.832s][debug][gc,phases      ] GC(142)     Dead                           Min: 0, Avg:  0.0, Max: 0, Diff: 0, Sum: 0, Workers: 4
[5064.832s][debug][gc,phases      ] GC(142)     Total                          Min: 0, Avg:  0.0, Max: 0, Diff: 0, Sum: 0, Workers: 4
[5064.832s][debug][gc,phases      ] GC(142)   Weak JFR Old Object Samples    Min:  0.0, Avg:  0.0, Max:  0.0, Diff:  0.0, Sum:  0.0, Workers: 4
[5064.832s][debug][gc,phases      ] GC(142)     Dead                           Min: 0, Avg:  0.0, Max: 0, Diff: 0, Sum: 0, Workers: 4
[5064.832s][debug][gc,phases      ] GC(142)     Total                          Min: 0, Avg:  0.0, Max: 0, Diff: 0, Sum: 0, Workers: 4
[5064.832s][debug][gc,phases      ] GC(142) Weak Processing 0.295ms
[5064.832s][debug][gc,age         ] GC(142) Desired survivor size 228589568 bytes, new threshold 15 (max threshold 15)
[5064.832s][info ][gc,heap        ] GC(142) PSYoungGen: 1735840K(1736192K)->22032K(1865728K) Eden: 1675264K(1675264K)->0K(1650688K) From: 60576K(60928K)->22032K(215040K)
[5064.832s][info ][gc,heap        ] GC(142) ParOldGen: 570921K(648192K)->606122K(648192K)
[5064.832s][info ][gc,metaspace   ] GC(142) Metaspace: 84982K(86080K)->84982K(86080K) NonClass: 73055K(73600K)->73055K(73600K) Class: 11927K(12480K)->11927K(12480K)
[5064.832s][info ][gc             ] GC(142) Pause Young (Allocation Failure) 2252M->613M(2455M) 22.002ms
[5064.832s][info ][gc,cpu         ] GC(142) User=0.08s Sys=0.00s Real=0.02s
[5064.832s][debug][gc,phases      ] GC(143) Pre Compact 0.009ms
[5064.832s][info ][gc,start       ] GC(143) Pause Full (Ergonomics)
[5064.832s][info ][gc,phases,start] GC(143) Marking Phase
[5064.949s][debug][gc,phases      ] GC(143) Par Mark 117.084ms
[5064.949s][debug][gc,ref         ] GC(143) ReferenceProcessor::execute queues: 4, RefProcThreadModel::Multi, marks_oops_alive: true
[5064.949s][debug][gc,ref         ] GC(143) ReferenceProcessor::execute queues: 4, RefProcThreadModel::Multi, marks_oops_alive: false
[5064.950s][debug][gc,ref         ] GC(143) Skipped phase 3 of Reference Processing: no references
[5064.950s][debug][gc,ref         ] GC(143) ReferenceProcessor::execute queues: 1, RefProcThreadModel::Single, marks_oops_alive: false
[5064.950s][debug][gc,phases      ] GC(143) Reference Processing 0.760ms
[5064.950s][debug][gc,phases      ] GC(143)   VM Weak                        Min:  0.0, Avg:  0.0, Max:  0.0, Diff:  0.0, Sum:  0.0, Workers: 4
[5064.950s][debug][gc,phases      ] GC(143)     Dead                           Min: 0, Avg:  0.8, Max: 2, Diff: 2, Sum: 3, Workers: 4
[5064.950s][debug][gc,phases      ] GC(143)     Total                          Min: 169, Avg: 205.8, Max: 240, Diff: 71, Sum: 823, Workers: 4
[5064.950s][debug][gc,phases      ] GC(143)   ObjectSynchronizer Weak        Min:  0.0, Avg:  0.0, Max:  0.0, Diff:  0.0, Sum:  0.0, Workers: 4
[5064.950s][debug][gc,phases      ] GC(143)     Dead                           Min: 0, Avg:  0.0, Max: 0, Diff: 0, Sum: 0, Workers: 4
[5064.950s][debug][gc,phases      ] GC(143)     Total                          Min: 0, Avg: 15.5, Max: 62, Diff: 62, Sum: 62, Workers: 4
[5064.950s][debug][gc,phases      ] GC(143)   JVMTI Tag Weak OopStorage      Min:  0.0, Avg:  0.0, Max:  0.0, Diff:  0.0, Sum:  0.0, Workers: 4
[5064.950s][debug][gc,phases      ] GC(143)     Dead                           Min: 0, Avg:  0.0, Max: 0, Diff: 0, Sum: 0, Workers: 4
[5064.950s][debug][gc,phases      ] GC(143)     Total                          Min: 0, Avg:  0.0, Max: 0, Diff: 0, Sum: 0, Workers: 4
[5064.950s][debug][gc,phases      ] GC(143)   StringTable Weak               Min:  0.1, Avg:  0.1, Max:  0.1, Diff:  0.0, Sum:  0.6, Workers: 4
[5064.950s][debug][gc,phases      ] GC(143)     Dead                           Min: 0, Avg:  0.2, Max: 1, Diff: 1, Sum: 1, Workers: 4
[5064.950s][debug][gc,phases      ] GC(143)     Total                          Min: 10366, Avg: 11069.2, Max: 11904, Diff: 1538, Sum: 44277, Workers: 4
[5064.950s][debug][gc,phases      ] GC(143)   ResolvedMethodTable Weak       Min:  0.0, Avg:  0.0, Max:  0.0, Diff:  0.0, Sum:  0.1, Workers: 4
[5064.950s][debug][gc,phases      ] GC(143)     Dead                           Min: 0, Avg:  1.2, Max: 3, Diff: 3, Sum: 5, Workers: 4
[5064.950s][debug][gc,phases      ] GC(143)     Total                          Min: 2366, Avg: 2518.5, Max: 2688, Diff: 322, Sum: 10074, Workers: 4
[5064.950s][debug][gc,phases      ] GC(143)   JNI Weak                       Min:  0.0, Avg:  0.0, Max:  0.0, Diff:  0.0, Sum:  0.0, Workers: 4
[5064.950s][debug][gc,phases      ] GC(143)     Dead                           Min: 0, Avg:  0.0, Max: 0, Diff: 0, Sum: 0, Workers: 4
[5064.950s][debug][gc,phases      ] GC(143)     Total                          Min: 0, Avg: 11.2, Max: 45, Diff: 45, Sum: 45, Workers: 4
[5064.950s][debug][gc,phases      ] GC(143)   StringDedup Table Weak         Min:  0.0, Avg:  0.0, Max:  0.0, Diff:  0.0, Sum:  0.0, Workers: 4
[5064.950s][debug][gc,phases      ] GC(143)     Dead                           Min: 0, Avg:  0.0, Max: 0, Diff: 0, Sum: 0, Workers: 4
[5064.950s][debug][gc,phases      ] GC(143)     Total                          Min: 0, Avg:  0.0, Max: 0, Diff: 0, Sum: 0, Workers: 4
[5064.950s][debug][gc,phases      ] GC(143)   StringDedup Requests0 Weak     Min:  0.0, Avg:  0.0, Max:  0.0, Diff:  0.0, Sum:  0.0, Workers: 4
[5064.950s][debug][gc,phases      ] GC(143)     Dead                           Min: 0, Avg:  0.0, Max: 0, Diff: 0, Sum: 0, Workers: 4
[5064.950s][debug][gc,phases      ] GC(143)     Total                          Min: 0, Avg:  0.0, Max: 0, Diff: 0, Sum: 0, Workers: 4
[5064.950s][debug][gc,phases      ] GC(143)   StringDedup Requests1 Weak     Min:  0.0, Avg:  0.0, Max:  0.0, Diff:  0.0, Sum:  0.0, Workers: 4
[5064.950s][debug][gc,phases      ] GC(143)     Dead                           Min: 0, Avg:  0.0, Max: 0, Diff: 0, Sum: 0, Workers: 4
[5064.950s][debug][gc,phases      ] GC(143)     Total                          Min: 0, Avg:  0.0, Max: 0, Diff: 0, Sum: 0, Workers: 4
[5064.950s][debug][gc,phases      ] GC(143)   Weak JFR Old Object Samples    Min:  0.0, Avg:  0.0, Max:  0.0, Diff:  0.0, Sum:  0.0, Workers: 4
[5064.950s][debug][gc,phases      ] GC(143)     Dead                           Min: 0, Avg:  0.0, Max: 0, Diff: 0, Sum: 0, Workers: 4
[5064.950s][debug][gc,phases      ] GC(143)     Total                          Min: 0, Avg:  0.0, Max: 0, Diff: 0, Sum: 0, Workers: 4
[5064.950s][debug][gc,phases      ] GC(143) Weak Processing 0.320ms
[5064.950s][debug][gc,phases      ] GC(143) ClassLoaderData 0.163ms
[5064.950s][debug][gc,phases      ] GC(143) Trigger cleanups 0.006ms
[5064.982s][debug][gc,phases      ] GC(143) Class Unloading 31.947ms
[5064.982s][info ][gc,phases      ] GC(143) Marking Phase 150.281ms
[5064.982s][info ][gc,phases,start] GC(143) Summary Phase
[5064.982s][info ][gc,phases      ] GC(143) Summary Phase 0.018ms
[5064.982s][info ][gc,phases,start] GC(143) Adjust Roots
[5064.997s][info ][gc,phases      ] GC(143) Adjust Roots 14.686ms
[5064.997s][info ][gc,phases,start] GC(143) Compaction Phase
[5065.132s][info ][gc,phases      ] GC(143) Compaction Phase 134.847ms
[5065.132s][info ][gc,phases,start] GC(143) Post Compact
[5065.133s][info ][gc,phases      ] GC(143) Post Compact 1.051ms
[5065.133s][info ][gc,heap        ] GC(143) PSYoungGen: 22032K(1865728K)->0K(1873920K) Eden: 0K(1650688K)->0K(1650688K) From: 22032K(215040K)->0K(223232K)
[5065.133s][info ][gc,heap        ] GC(143) ParOldGen: 606122K(648192K)->456224K(674816K)
[5065.133s][info ][gc,metaspace   ] GC(143) Metaspace: 84982K(86080K)->84977K(86080K) NonClass: 73055K(73600K)->73050K(73600K) Class: 11927K(12480K)->11926K(12480K)
[5065.133s][info ][gc             ] GC(143) Pause Full (Ergonomics) 613M->445M(2489M) 301.065ms
[5065.133s][info ][gc,cpu         ] GC(143) User=1.04s Sys=0.00s Real=0.30s
[5065.133s][info ][safepoint      ] Safepoint "ParallelGCFailedAllocation", Time since last: 13989309157 ns, Reaching safepoint: 113601 ns, At safepoint: 323190026 ns, Total: 323303627 ns
[5073.133s][info ][safepoint      ] Safepoint "Cleanup", Time since last: 8000572690 ns, Reaching safepoint: 41500 ns, At safepoint: 2200 ns, Total: 43700 ns
[5075.134s][info ][safepoint      ] Safepoint "Cleanup", Time since last: 2000228417 ns, Reaching safepoint: 50200 ns, At safepoint: 6500 ns, Total: 56700 ns
[5086.135s][info ][safepoint      ] Safepoint "Cleanup", Time since last: 11000795648 ns, Reaching safepoint: 43000 ns, At safepoint: 12400 ns, Total: 55400 ns
[5106.136s][info ][safepoint      ] Safepoint "Cleanup", Time since last: 20001431201 ns, Reaching safepoint: 33401 ns, At safepoint: 2900 ns, Total: 36301 ns
[5108.611s][info ][gc,start       ] GC(144) Pause Young (Allocation Failure)
[5108.616s][debug][gc,phases      ] GC(144) Scavenge 4.987ms
[5108.616s][debug][gc,ref         ] GC(144) Skipped phase 1 of Reference Processing: no references
[5108.616s][debug][gc,ref         ] GC(144) ReferenceProcessor::execute queues: 1, RefProcThreadModel::Single, marks_oops_alive: false
[5108.616s][debug][gc,ref         ] GC(144) Skipped phase 3 of Reference Processing: no references
[5108.616s][debug][gc,ref         ] GC(144) ReferenceProcessor::execute queues: 1, RefProcThreadModel::Single, marks_oops_alive: false
[5108.616s][debug][gc,phases      ] GC(144) Reference Processing 0.094ms
[5108.616s][debug][gc,phases      ] GC(144)   VM Weak                        Min:  0.0, Avg:  0.0, Max:  0.0, Diff:  0.0, Sum:  0.0, Workers: 4
[5108.616s][debug][gc,phases      ] GC(144)     Dead                           Min: 0, Avg:  0.0, Max: 0, Diff: 0, Sum: 0, Workers: 4
[5108.616s][debug][gc,phases      ] GC(144)     Total                          Min: 0, Avg: 205.0, Max: 568, Diff: 568, Sum: 820, Workers: 4
[5108.616s][debug][gc,phases      ] GC(144)   ObjectSynchronizer Weak        Min:  0.0, Avg:  0.0, Max:  0.0, Diff:  0.0, Sum:  0.0, Workers: 4
[5108.616s][debug][gc,phases      ] GC(144)     Dead                           Min: 0, Avg:  0.0, Max: 0, Diff: 0, Sum: 0, Workers: 4
[5108.616s][debug][gc,phases      ] GC(144)     Total                          Min: 0, Avg: 15.5, Max: 62, Diff: 62, Sum: 62, Workers: 4
[5108.616s][debug][gc,phases      ] GC(144)   JVMTI Tag Weak OopStorage      Min:  0.0, Avg:  0.0, Max:  0.0, Diff:  0.0, Sum:  0.0, Workers: 4
[5108.616s][debug][gc,phases      ] GC(144)     Dead                           Min: 0, Avg:  0.0, Max: 0, Diff: 0, Sum: 0, Workers: 4
[5108.616s][debug][gc,phases      ] GC(144)     Total                          Min: 0, Avg:  0.0, Max: 0, Diff: 0, Sum: 0, Workers: 4
[5108.616s][debug][gc,phases      ] GC(144)   StringTable Weak               Min:  0.1, Avg:  0.1, Max:  0.1, Diff:  0.0, Sum:  0.4, Workers: 4
[5108.616s][debug][gc,phases      ] GC(144)     Dead                           Min: 0, Avg:  0.0, Max: 0, Diff: 0, Sum: 0, Workers: 4
[5108.616s][debug][gc,phases      ] GC(144)     Total                          Min: 10808, Avg: 11069.2, Max: 11454, Diff: 646, Sum: 44277, Workers: 4
[5108.616s][debug][gc,phases      ] GC(144)   ResolvedMethodTable Weak       Min:  0.0, Avg:  0.0, Max:  0.0, Diff:  0.0, Sum:  0.1, Workers: 4
[5108.616s][debug][gc,phases      ] GC(144)     Dead                           Min: 0, Avg:  0.0, Max: 0, Diff: 0, Sum: 0, Workers: 4
[5108.616s][debug][gc,phases      ] GC(144)     Total                          Min: 2461, Avg: 2518.5, Max: 2560, Diff: 99, Sum: 10074, Workers: 4
[5108.616s][debug][gc,phases      ] GC(144)   JNI Weak                       Min:  0.0, Avg:  0.0, Max:  0.0, Diff:  0.0, Sum:  0.0, Workers: 4
[5108.616s][debug][gc,phases      ] GC(144)     Dead                           Min: 0, Avg:  0.0, Max: 0, Diff: 0, Sum: 0, Workers: 4
[5108.616s][debug][gc,phases      ] GC(144)     Total                          Min: 0, Avg: 11.2, Max: 45, Diff: 45, Sum: 45, Workers: 4
[5108.616s][debug][gc,phases      ] GC(144)   StringDedup Table Weak         Min:  0.0, Avg:  0.0, Max:  0.0, Diff:  0.0, Sum:  0.0, Workers: 4
[5108.616s][debug][gc,phases      ] GC(144)     Dead                           Min: 0, Avg:  0.0, Max: 0, Diff: 0, Sum: 0, Workers: 4
[5108.616s][debug][gc,phases      ] GC(144)     Total                          Min: 0, Avg:  0.0, Max: 0, Diff: 0, Sum: 0, Workers: 4
[5108.616s][debug][gc,phases      ] GC(144)   StringDedup Requests0 Weak     Min:  0.0, Avg:  0.0, Max:  0.0, Diff:  0.0, Sum:  0.0, Workers: 4
[5108.616s][debug][gc,phases      ] GC(144)     Dead                           Min: 0, Avg:  0.0, Max: 0, Diff: 0, Sum: 0, Workers: 4
[5108.616s][debug][gc,phases      ] GC(144)     Total                          Min: 0, Avg:  0.0, Max: 0, Diff: 0, Sum: 0, Workers: 4
[5108.616s][debug][gc,phases      ] GC(144)   StringDedup Requests1 Weak     Min:  0.0, Avg:  0.0, Max:  0.0, Diff:  0.0, Sum:  0.0, Workers: 4
[5108.616s][debug][gc,phases      ] GC(144)     Dead                           Min: 0, Avg:  0.0, Max: 0, Diff: 0, Sum: 0, Workers: 4
[5108.616s][debug][gc,phases      ] GC(144)     Total                          Min: 0, Avg:  0.0, Max: 0, Diff: 0, Sum: 0, Workers: 4
[5108.616s][debug][gc,phases      ] GC(144)   Weak JFR Old Object Samples    Min:  0.0, Avg:  0.0, Max:  0.0, Diff:  0.0, Sum:  0.0, Workers: 4
[5108.616s][debug][gc,phases      ] GC(144)     Dead                           Min: 0, Avg:  0.0, Max: 0, Diff: 0, Sum: 0, Workers: 4
[5108.616s][debug][gc,phases      ] GC(144)     Total                          Min: 0, Avg:  0.0, Max: 0, Diff: 0, Sum: 0, Workers: 4
[5108.616s][debug][gc,phases      ] GC(144) Weak Processing 0.281ms
[5108.616s][debug][gc,age         ] GC(144) Desired survivor size 236453888 bytes, new threshold 15 (max threshold 15)
[5108.616s][info ][gc,heap        ] GC(144) PSYoungGen: 1650688K(1873920K)->5264K(1858560K) Eden: 1650688K(1650688K)->0K(1635328K) From: 0K(223232K)->5264K(223232K)
[5108.616s][info ][gc,heap        ] GC(144) ParOldGen: 456224K(674816K)->456224K(674816K)
[5108.616s][info ][gc,metaspace   ] GC(144) Metaspace: 84984K(86080K)->84984K(86080K) NonClass: 73058K(73600K)->73058K(73600K) Class: 11926K(12480K)->11926K(12480K)
[5108.616s][info ][gc             ] GC(144) Pause Young (Allocation Failure) 2057M->450M(2474M) 5.448ms
[5108.617s][info ][gc,cpu         ] GC(144) User=0.02s Sys=0.00s Real=0.00s
[5108.617s][info ][safepoint      ] Safepoint "ParallelGCFailedAllocation", Time since last: 2474889131 ns, Reaching safepoint: 41900 ns, At safepoint: 5534913 ns, Total: 5576813 ns
[5114.617s][info ][safepoint      ] Safepoint "Cleanup", Time since last: 6000457670 ns, Reaching safepoint: 43200 ns, At safepoint: 7800 ns, Total: 51000 ns
[5115.617s][info ][safepoint      ] Safepoint "Cleanup", Time since last: 1000095796 ns, Reaching safepoint: 47400 ns, At safepoint: 2200 ns, Total: 49600 ns
[5119.618s][info ][safepoint      ] Safepoint "Cleanup", Time since last: 4000318324 ns, Reaching safepoint: 62400 ns, At safepoint: 6500 ns, Total: 68900 ns
[5120.618s][info ][safepoint      ] Safepoint "Cleanup", Time since last: 1000118315 ns, Reaching safepoint: 50800 ns, At safepoint: 5400 ns, Total: 56200 ns
[5122.618s][info ][safepoint      ] Safepoint "Cleanup", Time since last: 2000166930 ns, Reaching safepoint: 50000 ns, At safepoint: 2700 ns, Total: 52700 ns
[5123.618s][info ][safepoint      ] Safepoint "Cleanup", Time since last: 1000129115 ns, Reaching safepoint: 40400 ns, At safepoint: 3300 ns, Total: 43700 ns
[5124.618s][info ][safepoint      ] Safepoint "Cleanup", Time since last: 1000104914 ns, Reaching safepoint: 41401 ns, At safepoint: 3500 ns, Total: 44901 ns
[5125.618s][info ][safepoint      ] Safepoint "Cleanup", Time since last: 1000128449 ns, Reaching safepoint: 49100 ns, At safepoint: 3600 ns, Total: 52700 ns
[5129.619s][info ][safepoint      ] Safepoint "Cleanup", Time since last: 4000368242 ns, Reaching safepoint: 43500 ns, At safepoint: 3100 ns, Total: 46600 ns
[5130.619s][info ][safepoint      ] Safepoint "Cleanup", Time since last: 1000149936 ns, Reaching safepoint: 53600 ns, At safepoint: 2800 ns, Total: 56400 ns
[5132.619s][info ][safepoint      ] Safepoint "Cleanup", Time since last: 2000212071 ns, Reaching safepoint: 47600 ns, At safepoint: 2500 ns, Total: 50100 ns
[5134.620s][info ][safepoint      ] Safepoint "Cleanup", Time since last: 2000188286 ns, Reaching safepoint: 43700 ns, At safepoint: 3200 ns, Total: 46900 ns
[5136.620s][info ][safepoint      ] Safepoint "Cleanup", Time since last: 2000203686 ns, Reaching safepoint: 47000 ns, At safepoint: 3300 ns, Total: 50300 ns
[5137.620s][info ][safepoint      ] Safepoint "Cleanup", Time since last: 1000128944 ns, Reaching safepoint: 41200 ns, At safepoint: 2800 ns, Total: 44000 ns
[5138.620s][info ][safepoint      ] Safepoint "Cleanup", Time since last: 1000122043 ns, Reaching safepoint: 46500 ns, At safepoint: 4200 ns, Total: 50700 ns
[5139.620s][info ][safepoint      ] Safepoint "Cleanup", Time since last: 1000100643 ns, Reaching safepoint: 38201 ns, At safepoint: 3000 ns, Total: 41201 ns
[5141.621s][info ][safepoint      ] Safepoint "Cleanup", Time since last: 2000193808 ns, Reaching safepoint: 53300 ns, At safepoint: 3500 ns, Total: 56800 ns
[5144.621s][info ][safepoint      ] Safepoint "Cleanup", Time since last: 3000254928 ns, Reaching safepoint: 39500 ns, At safepoint: 2600 ns, Total: 42100 ns
[5152.259s][info ][gc,start       ] GC(145) Pause Young (Allocation Failure)
[5152.262s][debug][gc,phases      ] GC(145) Scavenge 2.968ms
[5152.262s][debug][gc,ref         ] GC(145) Skipped phase 1 of Reference Processing: no references
[5152.262s][debug][gc,ref         ] GC(145) ReferenceProcessor::execute queues: 1, RefProcThreadModel::Single, marks_oops_alive: false
[5152.262s][debug][gc,ref         ] GC(145) Skipped phase 3 of Reference Processing: no references
[5152.262s][debug][gc,ref         ] GC(145) ReferenceProcessor::execute queues: 1, RefProcThreadModel::Single, marks_oops_alive: false
[5152.262s][debug][gc,phases      ] GC(145) Reference Processing 0.094ms
[5152.262s][debug][gc,phases      ] GC(145)   VM Weak                        Min:  0.0, Avg:  0.0, Max:  0.0, Diff:  0.0, Sum:  0.0, Workers: 4
[5152.262s][debug][gc,phases      ] GC(145)     Dead                           Min: 0, Avg:  0.0, Max: 0, Diff: 0, Sum: 0, Workers: 4
[5152.262s][debug][gc,phases      ] GC(145)     Total                          Min: 0, Avg: 207.2, Max: 564, Diff: 564, Sum: 829, Workers: 4
[5152.262s][debug][gc,phases      ] GC(145)   ObjectSynchronizer Weak        Min:  0.0, Avg:  0.0, Max:  0.0, Diff:  0.0, Sum:  0.0, Workers: 4
[5152.262s][debug][gc,phases      ] GC(145)     Dead                           Min: 0, Avg:  0.0, Max: 0, Diff: 0, Sum: 0, Workers: 4
[5152.262s][debug][gc,phases      ] GC(145)     Total                          Min: 0, Avg: 15.5, Max: 62, Diff: 62, Sum: 62, Workers: 4
[5152.262s][debug][gc,phases      ] GC(145)   JVMTI Tag Weak OopStorage      Min:  0.0, Avg:  0.0, Max:  0.0, Diff:  0.0, Sum:  0.0, Workers: 4
[5152.262s][debug][gc,phases      ] GC(145)     Dead                           Min: 0, Avg:  0.0, Max: 0, Diff: 0, Sum: 0, Workers: 4
[5152.262s][debug][gc,phases      ] GC(145)     Total                          Min: 0, Avg:  0.0, Max: 0, Diff: 0, Sum: 0, Workers: 4
[5152.262s][debug][gc,phases      ] GC(145)   StringTable Weak               Min:  0.0, Avg:  0.1, Max:  0.1, Diff:  0.1, Sum:  0.3, Workers: 4
[5152.262s][debug][gc,phases      ] GC(145)     Dead                           Min: 0, Avg:  1.2, Max: 5, Diff: 5, Sum: 5, Workers: 4
[5152.262s][debug][gc,phases      ] GC(145)     Total                          Min: 0, Avg: 11073.0, Max: 19072, Diff: 19072, Sum: 44292, Workers: 4
[5152.262s][debug][gc,phases      ] GC(145)   ResolvedMethodTable Weak       Min:  0.0, Avg:  0.0, Max:  0.0, Diff:  0.0, Sum:  0.1, Workers: 4
[5152.262s][debug][gc,phases      ] GC(145)     Dead                           Min: 0, Avg:  0.0, Max: 0, Diff: 0, Sum: 0, Workers: 4
[5152.262s][debug][gc,phases      ] GC(145)     Total                          Min: 0, Avg: 2523.8, Max: 4338, Diff: 4338, Sum: 10095, Workers: 4
[5152.262s][debug][gc,phases      ] GC(145)   JNI Weak                       Min:  0.0, Avg:  0.0, Max:  0.0, Diff:  0.0, Sum:  0.0, Workers: 4
[5152.262s][debug][gc,phases      ] GC(145)     Dead                           Min: 0, Avg:  0.0, Max: 0, Diff: 0, Sum: 0, Workers: 4
[5152.262s][debug][gc,phases      ] GC(145)     Total                          Min: 0, Avg: 11.2, Max: 45, Diff: 45, Sum: 45, Workers: 4
[5152.262s][debug][gc,phases      ] GC(145)   StringDedup Table Weak         Min:  0.0, Avg:  0.0, Max:  0.0, Diff:  0.0, Sum:  0.0, Workers: 4
[5152.262s][debug][gc,phases      ] GC(145)     Dead                           Min: 0, Avg:  0.0, Max: 0, Diff: 0, Sum: 0, Workers: 4
[5152.262s][debug][gc,phases      ] GC(145)     Total                          Min: 0, Avg:  0.0, Max: 0, Diff: 0, Sum: 0, Workers: 4
[5152.262s][debug][gc,phases      ] GC(145)   StringDedup Requests0 Weak     Min:  0.0, Avg:  0.0, Max:  0.0, Diff:  0.0, Sum:  0.0, Workers: 4
[5152.262s][debug][gc,phases      ] GC(145)     Dead                           Min: 0, Avg:  0.0, Max: 0, Diff: 0, Sum: 0, Workers: 4
[5152.262s][debug][gc,phases      ] GC(145)     Total                          Min: 0, Avg:  0.0, Max: 0, Diff: 0, Sum: 0, Workers: 4
[5152.262s][debug][gc,phases      ] GC(145)   StringDedup Requests1 Weak     Min:  0.0, Avg:  0.0, Max:  0.0, Diff:  0.0, Sum:  0.0, Workers: 4
[5152.262s][debug][gc,phases      ] GC(145)     Dead                           Min: 0, Avg:  0.0, Max: 0, Diff: 0, Sum: 0, Workers: 4
[5152.262s][debug][gc,phases      ] GC(145)     Total                          Min: 0, Avg:  0.0, Max: 0, Diff: 0, Sum: 0, Workers: 4
[5152.262s][debug][gc,phases      ] GC(145)   Weak JFR Old Object Samples    Min:  0.0, Avg:  0.0, Max:  0.0, Diff:  0.0, Sum:  0.0, Workers: 4
[5152.262s][debug][gc,phases      ] GC(145)     Dead                           Min: 0, Avg:  0.0, Max: 0, Diff: 0, Sum: 0, Workers: 4
[5152.262s][debug][gc,phases      ] GC(145)     Total                          Min: 0, Avg:  0.0, Max: 0, Diff: 0, Sum: 0, Workers: 4
[5152.262s][debug][gc,phases      ] GC(145) Weak Processing 0.286ms
[5152.262s][debug][gc,age         ] GC(145) Desired survivor size 240123904 bytes, new threshold 15 (max threshold 15)
[5152.262s][info ][gc,heap        ] GC(145) PSYoungGen: 1640592K(1858560K)->5328K(1640960K) Eden: 1635328K(1635328K)->0K(1635328K) From: 5264K(223232K)->5328K(5632K)
[5152.262s][info ][gc,heap        ] GC(145) ParOldGen: 456224K(674816K)->456224K(674816K)
[5152.262s][info ][gc,metaspace   ] GC(145) Metaspace: 85108K(86208K)->85108K(86208K) NonClass: 73170K(73728K)->73170K(73728K) Class: 11937K(12480K)->11937K(12480K)
[5152.262s][info ][gc             ] GC(145) Pause Young (Allocation Failure) 2047M->450M(2261M) 3.449ms
[5152.262s][info ][gc,cpu         ] GC(145) User=0.01s Sys=0.00s Real=0.00s
[5152.262s][info ][safepoint      ] Safepoint "ParallelGCFailedAllocation", Time since last: 7637941077 ns, Reaching safepoint: 42701 ns, At safepoint: 3512409 ns, Total: 3555110 ns
[5155.263s][info ][safepoint      ] Safepoint "Cleanup", Time since last: 3000228883 ns, Reaching safepoint: 34300 ns, At safepoint: 2400 ns, Total: 36700 ns
[5165.263s][info ][safepoint      ] Safepoint "Cleanup", Time since last: 10000698020 ns, Reaching safepoint: 48900 ns, At safepoint: 2600 ns, Total: 51500 ns
[5170.264s][info ][safepoint      ] Safepoint "Cleanup", Time since last: 5000372796 ns, Reaching safepoint: 46800 ns, At safepoint: 5600 ns, Total: 52400 ns
[5172.264s][info ][safepoint      ] Safepoint "Cleanup", Time since last: 2000174159 ns, Reaching safepoint: 41300 ns, At safepoint: 3600 ns, Total: 44900 ns
[5173.264s][info ][safepoint      ] Safepoint "Cleanup", Time since last: 1000113772 ns, Reaching safepoint: 52601 ns, At safepoint: 5200 ns, Total: 57801 ns
[5174.264s][info ][safepoint      ] Safepoint "Cleanup", Time since last: 1000104866 ns, Reaching safepoint: 52600 ns, At safepoint: 2900 ns, Total: 55500 ns
[5186.961s][info ][gc,start       ] GC(146) Pause Young (Allocation Failure)
[5186.970s][debug][gc,phases      ] GC(146) Scavenge 9.515ms
[5186.970s][debug][gc,ref         ] GC(146) Skipped phase 1 of Reference Processing: no references
[5186.970s][debug][gc,ref         ] GC(146) ReferenceProcessor::execute queues: 1, RefProcThreadModel::Single, marks_oops_alive: false
[5186.970s][debug][gc,ref         ] GC(146) Skipped phase 3 of Reference Processing: no references
[5186.970s][debug][gc,ref         ] GC(146) ReferenceProcessor::execute queues: 1, RefProcThreadModel::Single, marks_oops_alive: false
[5186.970s][debug][gc,phases      ] GC(146) Reference Processing 0.087ms
[5186.970s][debug][gc,phases      ] GC(146)   VM Weak                        Min:  0.0, Avg:  0.0, Max:  0.0, Diff:  0.0, Sum:  0.0, Workers: 4
[5186.970s][debug][gc,phases      ] GC(146)     Dead                           Min: 0, Avg:  0.0, Max: 0, Diff: 0, Sum: 0, Workers: 4
[5186.970s][debug][gc,phases      ] GC(146)     Total                          Min: 0, Avg: 207.2, Max: 801, Diff: 801, Sum: 829, Workers: 4
[5186.971s][debug][gc,phases      ] GC(146)   ObjectSynchronizer Weak        Min:  0.0, Avg:  0.0, Max:  0.0, Diff:  0.0, Sum:  0.0, Workers: 4
[5186.971s][debug][gc,phases      ] GC(146)     Dead                           Min: 0, Avg:  0.0, Max: 0, Diff: 0, Sum: 0, Workers: 4
[5186.971s][debug][gc,phases      ] GC(146)     Total                          Min: 0, Avg: 15.5, Max: 62, Diff: 62, Sum: 62, Workers: 4
[5186.971s][debug][gc,phases      ] GC(146)   JVMTI Tag Weak OopStorage      Min:  0.0, Avg:  0.0, Max:  0.0, Diff:  0.0, Sum:  0.0, Workers: 4
[5186.971s][debug][gc,phases      ] GC(146)     Dead                           Min: 0, Avg:  0.0, Max: 0, Diff: 0, Sum: 0, Workers: 4
[5186.971s][debug][gc,phases      ] GC(146)     Total                          Min: 0, Avg:  0.0, Max: 0, Diff: 0, Sum: 0, Workers: 4
[5186.971s][debug][gc,phases      ] GC(146)   StringTable Weak               Min:  0.0, Avg:  0.1, Max:  0.1, Diff:  0.1, Sum:  0.3, Workers: 4
[5186.971s][debug][gc,phases      ] GC(146)     Dead                           Min: 0, Avg:  0.0, Max: 0, Diff: 0, Sum: 0, Workers: 4
[5186.971s][debug][gc,phases      ] GC(146)     Total                          Min: 0, Avg: 11073.0, Max: 18240, Diff: 18240, Sum: 44292, Workers: 4
[5186.971s][debug][gc,phases      ] GC(146)   ResolvedMethodTable Weak       Min:  0.0, Avg:  0.0, Max:  0.0, Diff:  0.0, Sum:  0.1, Workers: 4
[5186.971s][debug][gc,phases      ] GC(146)     Dead                           Min: 0, Avg:  0.0, Max: 0, Diff: 0, Sum: 0, Workers: 4
[5186.971s][debug][gc,phases      ] GC(146)     Total                          Min: 0, Avg: 2523.8, Max: 4338, Diff: 4338, Sum: 10095, Workers: 4
[5186.971s][debug][gc,phases      ] GC(146)   JNI Weak                       Min:  0.0, Avg:  0.0, Max:  0.0, Diff:  0.0, Sum:  0.0, Workers: 4
[5186.971s][debug][gc,phases      ] GC(146)     Dead                           Min: 0, Avg:  0.0, Max: 0, Diff: 0, Sum: 0, Workers: 4
[5186.971s][debug][gc,phases      ] GC(146)     Total                          Min: 0, Avg: 11.2, Max: 45, Diff: 45, Sum: 45, Workers: 4
[5186.971s][debug][gc,phases      ] GC(146)   StringDedup Table Weak         Min:  0.0, Avg:  0.0, Max:  0.0, Diff:  0.0, Sum:  0.0, Workers: 4
[5186.971s][debug][gc,phases      ] GC(146)     Dead                           Min: 0, Avg:  0.0, Max: 0, Diff: 0, Sum: 0, Workers: 4
[5186.971s][debug][gc,phases      ] GC(146)     Total                          Min: 0, Avg:  0.0, Max: 0, Diff: 0, Sum: 0, Workers: 4
[5186.971s][debug][gc,phases      ] GC(146)   StringDedup Requests0 Weak     Min:  0.0, Avg:  0.0, Max:  0.0, Diff:  0.0, Sum:  0.0, Workers: 4
[5186.971s][debug][gc,phases      ] GC(146)     Dead                           Min: 0, Avg:  0.0, Max: 0, Diff: 0, Sum: 0, Workers: 4
[5186.971s][debug][gc,phases      ] GC(146)     Total                          Min: 0, Avg:  0.0, Max: 0, Diff: 0, Sum: 0, Workers: 4
[5186.971s][debug][gc,phases      ] GC(146)   StringDedup Requests1 Weak     Min:  0.0, Avg:  0.0, Max:  0.0, Diff:  0.0, Sum:  0.0, Workers: 4
[5186.971s][debug][gc,phases      ] GC(146)     Dead                           Min: 0, Avg:  0.0, Max: 0, Diff: 0, Sum: 0, Workers: 4
[5186.971s][debug][gc,phases      ] GC(146)     Total                          Min: 0, Avg:  0.0, Max: 0, Diff: 0, Sum: 0, Workers: 4
[5186.971s][debug][gc,phases      ] GC(146)   Weak JFR Old Object Samples    Min:  0.0, Avg:  0.0, Max:  0.0, Diff:  0.0, Sum:  0.0, Workers: 4
[5186.971s][debug][gc,phases      ] GC(146)     Dead                           Min: 0, Avg:  0.0, Max: 0, Diff: 0, Sum: 0, Workers: 4
[5186.971s][debug][gc,phases      ] GC(146)     Total                          Min: 0, Avg:  0.0, Max: 0, Diff: 0, Sum: 0, Workers: 4
[5186.971s][debug][gc,phases      ] GC(146) Weak Processing 0.301ms
[5186.971s][debug][gc,age         ] GC(146) Desired survivor size 236978176 bytes, new threshold 15 (max threshold 15)
[5186.971s][info ][gc,heap        ] GC(146) PSYoungGen: 1640656K(1640960K)->28064K(1865728K) Eden: 1635328K(1635328K)->0K(1631232K) From: 5328K(5632K)->28064K(234496K)
[5186.971s][info ][gc,heap        ] GC(146) ParOldGen: 456224K(674816K)->456224K(674816K)
[5186.971s][info ][gc,metaspace   ] GC(146) Metaspace: 85132K(86208K)->85132K(86208K) NonClass: 73195K(73728K)->73195K(73728K) Class: 11937K(12480K)->11937K(12480K)
[5186.971s][info ][gc             ] GC(146) Pause Young (Allocation Failure) 2047M->472M(2481M) 10.028ms
[5186.971s][info ][gc,cpu         ] GC(146) User=0.03s Sys=0.00s Real=0.01s
[5186.971s][info ][safepoint      ] Safepoint "ParallelGCFailedAllocation", Time since last: 12696164081 ns, Reaching safepoint: 50000 ns, At safepoint: 10098827 ns, Total: 10148827 ns
[5188.971s][info ][safepoint      ] Safepoint "Cleanup", Time since last: 2000196798 ns, Reaching safepoint: 49300 ns, At safepoint: 8800 ns, Total: 58100 ns
[5193.971s][info ][safepoint      ] Safepoint "Cleanup", Time since last: 5000357624 ns, Reaching safepoint: 39500 ns, At safepoint: 2800 ns, Total: 42300 ns
[5195.972s][info ][safepoint      ] Safepoint "Cleanup", Time since last: 2000160830 ns, Reaching safepoint: 38200 ns, At safepoint: 2900 ns, Total: 41100 ns
[5196.972s][info ][safepoint      ] Safepoint "Cleanup", Time since last: 1000131750 ns, Reaching safepoint: 43001 ns, At safepoint: 7800 ns, Total: 50801 ns
[5206.972s][info ][safepoint      ] Safepoint "Cleanup", Time since last: 10000703142 ns, Reaching safepoint: 39800 ns, At safepoint: 2900 ns, Total: 42700 ns
[5221.974s][info ][safepoint      ] Safepoint "Cleanup", Time since last: 15001028142 ns, Reaching safepoint: 45500 ns, At safepoint: 6600 ns, Total: 52100 ns
[5223.974s][info ][safepoint      ] Safepoint "Cleanup", Time since last: 2000161133 ns, Reaching safepoint: 34800 ns, At safepoint: 16800 ns, Total: 51600 ns
[5225.974s][info ][safepoint      ] Safepoint "Cleanup", Time since last: 2000178932 ns, Reaching safepoint: 35501 ns, At safepoint: 3100 ns, Total: 38601 ns
[5226.974s][info ][safepoint      ] Safepoint "Cleanup", Time since last: 1000088166 ns, Reaching safepoint: 45800 ns, At safepoint: 3100 ns, Total: 48900 ns
[5231.455s][info ][safepoint      ] Safepoint "Cleanup", Time since last: 4480885766 ns, Reaching safepoint: 119201 ns, At safepoint: 7300 ns, Total: 126501 ns
[5232.455s][info ][safepoint      ] Safepoint "Cleanup", Time since last: 1000109936 ns, Reaching safepoint: 142700 ns, At safepoint: 4900 ns, Total: 147600 ns
[5232.527s][info ][gc,start       ] GC(147) Pause Young (Allocation Failure)
[5232.535s][debug][gc,phases      ] GC(147) Scavenge 8.285ms
[5232.535s][debug][gc,ref         ] GC(147) Skipped phase 1 of Reference Processing: no references
[5232.535s][debug][gc,ref         ] GC(147) ReferenceProcessor::execute queues: 1, RefProcThreadModel::Single, marks_oops_alive: false
[5232.535s][debug][gc,ref         ] GC(147) Skipped phase 3 of Reference Processing: no references
[5232.535s][debug][gc,ref         ] GC(147) ReferenceProcessor::execute queues: 1, RefProcThreadModel::Single, marks_oops_alive: false
[5232.535s][debug][gc,phases      ] GC(147) Reference Processing 0.097ms
[5232.536s][debug][gc,phases      ] GC(147)   VM Weak                        Min:  0.0, Avg:  0.0, Max:  0.0, Diff:  0.0, Sum:  0.0, Workers: 4
[5232.536s][debug][gc,phases      ] GC(147)     Dead                           Min: 0, Avg:  0.0, Max: 0, Diff: 0, Sum: 0, Workers: 4
[5232.536s][debug][gc,phases      ] GC(147)     Total                          Min: 0, Avg: 207.2, Max: 500, Diff: 500, Sum: 829, Workers: 4
[5232.536s][debug][gc,phases      ] GC(147)   ObjectSynchronizer Weak        Min:  0.0, Avg:  0.0, Max:  0.0, Diff:  0.0, Sum:  0.0, Workers: 4
[5232.536s][debug][gc,phases      ] GC(147)     Dead                           Min: 0, Avg:  0.0, Max: 0, Diff: 0, Sum: 0, Workers: 4
[5232.536s][debug][gc,phases      ] GC(147)     Total                          Min: 0, Avg: 15.5, Max: 62, Diff: 62, Sum: 62, Workers: 4
[5232.536s][debug][gc,phases      ] GC(147)   JVMTI Tag Weak OopStorage      Min:  0.0, Avg:  0.0, Max:  0.0, Diff:  0.0, Sum:  0.0, Workers: 4
[5232.536s][debug][gc,phases      ] GC(147)     Dead                           Min: 0, Avg:  0.0, Max: 0, Diff: 0, Sum: 0, Workers: 4
[5232.536s][debug][gc,phases      ] GC(147)     Total                          Min: 0, Avg:  0.0, Max: 0, Diff: 0, Sum: 0, Workers: 4
[5232.536s][debug][gc,phases      ] GC(147)   StringTable Weak               Min:  0.0, Avg:  0.1, Max:  0.1, Diff:  0.1, Sum:  0.3, Workers: 4
[5232.536s][debug][gc,phases      ] GC(147)     Dead                           Min: 0, Avg:  0.2, Max: 1, Diff: 1, Sum: 1, Workers: 4
[5232.536s][debug][gc,phases      ] GC(147)     Total                          Min: 0, Avg: 11073.2, Max: 19135, Diff: 19135, Sum: 44293, Workers: 4
[5232.536s][debug][gc,phases      ] GC(147)   ResolvedMethodTable Weak       Min:  0.0, Avg:  0.0, Max:  0.0, Diff:  0.0, Sum:  0.1, Workers: 4
[5232.536s][debug][gc,phases      ] GC(147)     Dead                           Min: 0, Avg:  0.0, Max: 0, Diff: 0, Sum: 0, Workers: 4
[5232.536s][debug][gc,phases      ] GC(147)     Total                          Min: 0, Avg: 2524.8, Max: 4277, Diff: 4277, Sum: 10099, Workers: 4
[5232.536s][debug][gc,phases      ] GC(147)   JNI Weak                       Min:  0.0, Avg:  0.0, Max:  0.0, Diff:  0.0, Sum:  0.0, Workers: 4
[5232.536s][debug][gc,phases      ] GC(147)     Dead                           Min: 0, Avg:  0.0, Max: 0, Diff: 0, Sum: 0, Workers: 4
[5232.536s][debug][gc,phases      ] GC(147)     Total                          Min: 0, Avg: 11.2, Max: 45, Diff: 45, Sum: 45, Workers: 4
[5232.536s][debug][gc,phases      ] GC(147)   StringDedup Table Weak         Min:  0.0, Avg:  0.0, Max:  0.0, Diff:  0.0, Sum:  0.0, Workers: 4
[5232.536s][debug][gc,phases      ] GC(147)     Dead                           Min: 0, Avg:  0.0, Max: 0, Diff: 0, Sum: 0, Workers: 4
[5232.536s][debug][gc,phases      ] GC(147)     Total                          Min: 0, Avg:  0.0, Max: 0, Diff: 0, Sum: 0, Workers: 4
[5232.536s][debug][gc,phases      ] GC(147)   StringDedup Requests0 Weak     Min:  0.0, Avg:  0.0, Max:  0.0, Diff:  0.0, Sum:  0.0, Workers: 4
[5232.536s][debug][gc,phases      ] GC(147)     Dead                           Min: 0, Avg:  0.0, Max: 0, Diff: 0, Sum: 0, Workers: 4
[5232.536s][debug][gc,phases      ] GC(147)     Total                          Min: 0, Avg:  0.0, Max: 0, Diff: 0, Sum: 0, Workers: 4
[5232.536s][debug][gc,phases      ] GC(147)   StringDedup Requests1 Weak     Min:  0.0, Avg:  0.0, Max:  0.0, Diff:  0.0, Sum:  0.0, Workers: 4
[5232.536s][debug][gc,phases      ] GC(147)     Dead                           Min: 0, Avg:  0.0, Max: 0, Diff: 0, Sum: 0, Workers: 4
[5232.536s][debug][gc,phases      ] GC(147)     Total                          Min: 0, Avg:  0.0, Max: 0, Diff: 0, Sum: 0, Workers: 4
[5232.536s][debug][gc,phases      ] GC(147)   Weak JFR Old Object Samples    Min:  0.0, Avg:  0.0, Max:  0.0, Diff:  0.0, Sum:  0.0, Workers: 4
[5232.536s][debug][gc,phases      ] GC(147)     Dead                           Min: 0, Avg:  0.0, Max: 0, Diff: 0, Sum: 0, Workers: 4
[5232.536s][debug][gc,phases      ] GC(147)     Total                          Min: 0, Avg:  0.0, Max: 0, Diff: 0, Sum: 0, Workers: 4
[5232.536s][debug][gc,phases      ] GC(147) Weak Processing 0.296ms
[5232.536s][debug][gc,age         ] GC(147) Desired survivor size 232783872 bytes, new threshold 15 (max threshold 15)
[5232.536s][info ][gc,heap        ] GC(147) PSYoungGen: 1659296K(1865728K)->27776K(1862656K) Eden: 1631232K(1631232K)->0K(1631232K) From: 28064K(234496K)->27776K(231424K)
[5232.536s][info ][gc,heap        ] GC(147) ParOldGen: 456224K(674816K)->456224K(674816K)
[5232.536s][info ][gc,metaspace   ] GC(147) Metaspace: 85174K(86272K)->85174K(86272K) NonClass: 73235K(73792K)->73235K(73792K) Class: 11939K(12480K)->11939K(12480K)
[5232.536s][info ][gc             ] GC(147) Pause Young (Allocation Failure) 2065M->472M(2478M) 8.783ms
[5232.536s][info ][gc,cpu         ] GC(147) User=0.02s Sys=0.00s Real=0.01s
[5232.536s][info ][safepoint      ] Safepoint "ParallelGCFailedAllocation", Time since last: 71546289 ns, Reaching safepoint: 27900 ns, At safepoint: 8844923 ns, Total: 8872823 ns
[5233.760s][info ][safepoint      ] Safepoint "Cleanup", Time since last: 1224132627 ns, Reaching safepoint: 118200 ns, At safepoint: 5300 ns, Total: 123500 ns
[5234.760s][info ][safepoint      ] Safepoint "Cleanup", Time since last: 1000106437 ns, Reaching safepoint: 121800 ns, At safepoint: 6900 ns, Total: 128700 ns
[5237.761s][info ][safepoint      ] Safepoint "Cleanup", Time since last: 3000263168 ns, Reaching safepoint: 123700 ns, At safepoint: 5200 ns, Total: 128900 ns
[5247.762s][info ][safepoint      ] Safepoint "Cleanup", Time since last: 10000768180 ns, Reaching safepoint: 49000 ns, At safepoint: 8000 ns, Total: 57000 ns
[5272.909s][info ][gc,start       ] GC(148) Pause Young (Allocation Failure)
[5272.916s][debug][gc,phases      ] GC(148) Scavenge 6.516ms
[5272.916s][debug][gc,ref         ] GC(148) Skipped phase 1 of Reference Processing: no references
[5272.916s][debug][gc,ref         ] GC(148) ReferenceProcessor::execute queues: 1, RefProcThreadModel::Single, marks_oops_alive: false
[5272.916s][debug][gc,ref         ] GC(148) Skipped phase 3 of Reference Processing: no references
[5272.916s][debug][gc,ref         ] GC(148) ReferenceProcessor::execute queues: 1, RefProcThreadModel::Single, marks_oops_alive: false
[5272.916s][debug][gc,phases      ] GC(148) Reference Processing 0.098ms
[5272.916s][debug][gc,phases      ] GC(148)   VM Weak                        Min:  0.0, Avg:  0.0, Max:  0.0, Diff:  0.0, Sum:  0.0, Workers: 4
[5272.916s][debug][gc,phases      ] GC(148)     Dead                           Min: 0, Avg:  0.0, Max: 0, Diff: 0, Sum: 0, Workers: 4
[5272.916s][debug][gc,phases      ] GC(148)     Total                          Min: 0, Avg: 207.2, Max: 431, Diff: 431, Sum: 829, Workers: 4
[5272.916s][debug][gc,phases      ] GC(148)   ObjectSynchronizer Weak        Min:  0.0, Avg:  0.0, Max:  0.0, Diff:  0.0, Sum:  0.0, Workers: 4
[5272.916s][debug][gc,phases      ] GC(148)     Dead                           Min: 0, Avg:  0.0, Max: 0, Diff: 0, Sum: 0, Workers: 4
[5272.916s][debug][gc,phases      ] GC(148)     Total                          Min: 0, Avg: 15.5, Max: 62, Diff: 62, Sum: 62, Workers: 4
[5272.916s][debug][gc,phases      ] GC(148)   JVMTI Tag Weak OopStorage      Min:  0.0, Avg:  0.0, Max:  0.0, Diff:  0.0, Sum:  0.0, Workers: 4
[5272.916s][debug][gc,phases      ] GC(148)     Dead                           Min: 0, Avg:  0.0, Max: 0, Diff: 0, Sum: 0, Workers: 4
[5272.916s][debug][gc,phases      ] GC(148)     Total                          Min: 0, Avg:  0.0, Max: 0, Diff: 0, Sum: 0, Workers: 4
[5272.916s][debug][gc,phases      ] GC(148)   StringTable Weak               Min:  0.0, Avg:  0.1, Max:  0.1, Diff:  0.1, Sum:  0.3, Workers: 4
[5272.916s][debug][gc,phases      ] GC(148)     Dead                           Min: 0, Avg:  0.2, Max: 1, Diff: 1, Sum: 1, Workers: 4
[5272.916s][debug][gc,phases      ] GC(148)     Total                          Min: 0, Avg: 11076.0, Max: 19199, Diff: 19199, Sum: 44304, Workers: 4
[5272.916s][debug][gc,phases      ] GC(148)   ResolvedMethodTable Weak       Min:  0.0, Avg:  0.0, Max:  0.0, Diff:  0.0, Sum:  0.1, Workers: 4
[5272.916s][debug][gc,phases      ] GC(148)     Dead                           Min: 0, Avg:  0.0, Max: 0, Diff: 0, Sum: 0, Workers: 4
[5272.916s][debug][gc,phases      ] GC(148)     Total                          Min: 0, Avg: 2525.2, Max: 4279, Diff: 4279, Sum: 10101, Workers: 4
[5272.916s][debug][gc,phases      ] GC(148)   JNI Weak                       Min:  0.0, Avg:  0.0, Max:  0.0, Diff:  0.0, Sum:  0.0, Workers: 4
[5272.916s][debug][gc,phases      ] GC(148)     Dead                           Min: 0, Avg:  0.0, Max: 0, Diff: 0, Sum: 0, Workers: 4
[5272.916s][debug][gc,phases      ] GC(148)     Total                          Min: 0, Avg: 11.2, Max: 45, Diff: 45, Sum: 45, Workers: 4
[5272.916s][debug][gc,phases      ] GC(148)   StringDedup Table Weak         Min:  0.0, Avg:  0.0, Max:  0.0, Diff:  0.0, Sum:  0.0, Workers: 4
[5272.916s][debug][gc,phases      ] GC(148)     Dead                           Min: 0, Avg:  0.0, Max: 0, Diff: 0, Sum: 0, Workers: 4
[5272.916s][debug][gc,phases      ] GC(148)     Total                          Min: 0, Avg:  0.0, Max: 0, Diff: 0, Sum: 0, Workers: 4
[5272.916s][debug][gc,phases      ] GC(148)   StringDedup Requests0 Weak     Min:  0.0, Avg:  0.0, Max:  0.0, Diff:  0.0, Sum:  0.0, Workers: 4
[5272.916s][debug][gc,phases      ] GC(148)     Dead                           Min: 0, Avg:  0.0, Max: 0, Diff: 0, Sum: 0, Workers: 4
[5272.916s][debug][gc,phases      ] GC(148)     Total                          Min: 0, Avg:  0.0, Max: 0, Diff: 0, Sum: 0, Workers: 4
[5272.916s][debug][gc,phases      ] GC(148)   StringDedup Requests1 Weak     Min:  0.0, Avg:  0.0, Max:  0.0, Diff:  0.0, Sum:  0.0, Workers: 4
[5272.916s][debug][gc,phases      ] GC(148)     Dead                           Min: 0, Avg:  0.0, Max: 0, Diff: 0, Sum: 0, Workers: 4
[5272.916s][debug][gc,phases      ] GC(148)     Total                          Min: 0, Avg:  0.0, Max: 0, Diff: 0, Sum: 0, Workers: 4
[5272.916s][debug][gc,phases      ] GC(148)   Weak JFR Old Object Samples    Min:  0.0, Avg:  0.0, Max:  0.0, Diff:  0.0, Sum:  0.0, Workers: 4
[5272.916s][debug][gc,phases      ] GC(148)     Dead                           Min: 0, Avg:  0.0, Max: 0, Diff: 0, Sum: 0, Workers: 4
[5272.916s][debug][gc,phases      ] GC(148)     Total                          Min: 0, Avg:  0.0, Max: 0, Diff: 0, Sum: 0, Workers: 4
[5272.916s][debug][gc,phases      ] GC(148) Weak Processing 0.326ms
[5272.916s][debug][gc,age         ] GC(148) Desired survivor size 228065280 bytes, new threshold 15 (max threshold 15)
[5272.916s][info ][gc,heap        ] GC(148) PSYoungGen: 1659008K(1862656K)->19664K(1874432K) Eden: 1631232K(1631232K)->0K(1647104K) From: 27776K(231424K)->19664K(227328K)
[5272.916s][info ][gc,heap        ] GC(148) ParOldGen: 456224K(674816K)->456224K(674816K)
[5272.916s][info ][gc,metaspace   ] GC(148) Metaspace: 85183K(86272K)->85183K(86272K) NonClass: 73242K(73792K)->73242K(73792K) Class: 11940K(12480K)->11940K(12480K)
[5272.916s][info ][gc             ] GC(148) Pause Young (Allocation Failure) 2065M->464M(2489M) 7.058ms
[5272.916s][info ][gc,cpu         ] GC(148) User=0.03s Sys=0.00s Real=0.01s
[5272.916s][info ][safepoint      ] Safepoint "ParallelGCFailedAllocation", Time since last: 25147602000 ns, Reaching safepoint: 44800 ns, At safepoint: 7126519 ns, Total: 7171319 ns
[5285.917s][info ][safepoint      ] Safepoint "Cleanup", Time since last: 13000935835 ns, Reaching safepoint: 35200 ns, At safepoint: 2600 ns, Total: 37800 ns
[5297.918s][info ][safepoint      ] Safepoint "Cleanup", Time since last: 12000814761 ns, Reaching safepoint: 45800 ns, At safepoint: 3000 ns, Total: 48800 ns
[5300.918s][info ][safepoint      ] Safepoint "Cleanup", Time since last: 3000231810 ns, Reaching safepoint: 48500 ns, At safepoint: 22700 ns, Total: 71200 ns
[5301.919s][info ][safepoint      ] Safepoint "Cleanup", Time since last: 1000120694 ns, Reaching safepoint: 48700 ns, At safepoint: 4000 ns, Total: 52700 ns
[5302.919s][info ][safepoint      ] Safepoint "Cleanup", Time since last: 1000098793 ns, Reaching safepoint: 37600 ns, At safepoint: 5000 ns, Total: 42600 ns
[5303.919s][info ][safepoint      ] Safepoint "Cleanup", Time since last: 1000117294 ns, Reaching safepoint: 54100 ns, At safepoint: 3000 ns, Total: 57100 ns
[5313.061s][info ][gc,start       ] GC(149) Pause Young (Allocation Failure)
[5313.067s][debug][gc,phases      ] GC(149) Scavenge 5.946ms
[5313.067s][debug][gc,ref         ] GC(149) Skipped phase 1 of Reference Processing: no references
[5313.067s][debug][gc,ref         ] GC(149) ReferenceProcessor::execute queues: 1, RefProcThreadModel::Single, marks_oops_alive: false
[5313.067s][debug][gc,ref         ] GC(149) Skipped phase 3 of Reference Processing: no references
[5313.067s][debug][gc,ref         ] GC(149) ReferenceProcessor::execute queues: 1, RefProcThreadModel::Single, marks_oops_alive: false
[5313.067s][debug][gc,phases      ] GC(149) Reference Processing 0.102ms
[5313.068s][debug][gc,phases      ] GC(149)   VM Weak                        Min:  0.0, Avg:  0.0, Max:  0.0, Diff:  0.0, Sum:  0.0, Workers: 4
[5313.068s][debug][gc,phases      ] GC(149)     Dead                           Min: 0, Avg:  0.0, Max: 0, Diff: 0, Sum: 0, Workers: 4
[5313.068s][debug][gc,phases      ] GC(149)     Total                          Min: 0, Avg: 207.2, Max: 673, Diff: 673, Sum: 829, Workers: 4
[5313.068s][debug][gc,phases      ] GC(149)   ObjectSynchronizer Weak        Min:  0.0, Avg:  0.0, Max:  0.0, Diff:  0.0, Sum:  0.0, Workers: 4
[5313.068s][debug][gc,phases      ] GC(149)     Dead                           Min: 0, Avg:  0.0, Max: 0, Diff: 0, Sum: 0, Workers: 4
[5313.068s][debug][gc,phases      ] GC(149)     Total                          Min: 0, Avg: 15.5, Max: 62, Diff: 62, Sum: 62, Workers: 4
[5313.068s][debug][gc,phases      ] GC(149)   JVMTI Tag Weak OopStorage      Min:  0.0, Avg:  0.0, Max:  0.0, Diff:  0.0, Sum:  0.0, Workers: 4
[5313.068s][debug][gc,phases      ] GC(149)     Dead                           Min: 0, Avg:  0.0, Max: 0, Diff: 0, Sum: 0, Workers: 4
[5313.068s][debug][gc,phases      ] GC(149)     Total                          Min: 0, Avg:  0.0, Max: 0, Diff: 0, Sum: 0, Workers: 4
[5313.068s][debug][gc,phases      ] GC(149)   StringTable Weak               Min:  0.0, Avg:  0.1, Max:  0.1, Diff:  0.1, Sum:  0.3, Workers: 4
[5313.068s][debug][gc,phases      ] GC(149)     Dead                           Min: 0, Avg:  0.0, Max: 0, Diff: 0, Sum: 0, Workers: 4
[5313.068s][debug][gc,phases      ] GC(149)     Total                          Min: 0, Avg: 11076.2, Max: 19281, Diff: 19281, Sum: 44305, Workers: 4
[5313.068s][debug][gc,phases      ] GC(149)   ResolvedMethodTable Weak       Min:  0.0, Avg:  0.0, Max:  0.0, Diff:  0.0, Sum:  0.1, Workers: 4
[5313.068s][debug][gc,phases      ] GC(149)     Dead                           Min: 0, Avg:  0.0, Max: 0, Diff: 0, Sum: 0, Workers: 4
[5313.068s][debug][gc,phases      ] GC(149)     Total                          Min: 0, Avg: 2525.2, Max: 4223, Diff: 4223, Sum: 10101, Workers: 4
[5313.068s][debug][gc,phases      ] GC(149)   JNI Weak                       Min:  0.0, Avg:  0.0, Max:  0.0, Diff:  0.0, Sum:  0.0, Workers: 4
[5313.068s][debug][gc,phases      ] GC(149)     Dead                           Min: 0, Avg:  0.0, Max: 0, Diff: 0, Sum: 0, Workers: 4
[5313.068s][debug][gc,phases      ] GC(149)     Total                          Min: 0, Avg: 11.2, Max: 45, Diff: 45, Sum: 45, Workers: 4
[5313.068s][debug][gc,phases      ] GC(149)   StringDedup Table Weak         Min:  0.0, Avg:  0.0, Max:  0.0, Diff:  0.0, Sum:  0.0, Workers: 4
[5313.068s][debug][gc,phases      ] GC(149)     Dead                           Min: 0, Avg:  0.0, Max: 0, Diff: 0, Sum: 0, Workers: 4
[5313.068s][debug][gc,phases      ] GC(149)     Total                          Min: 0, Avg:  0.0, Max: 0, Diff: 0, Sum: 0, Workers: 4
[5313.068s][debug][gc,phases      ] GC(149)   StringDedup Requests0 Weak     Min:  0.0, Avg:  0.0, Max:  0.0, Diff:  0.0, Sum:  0.0, Workers: 4
[5313.068s][debug][gc,phases      ] GC(149)     Dead                           Min: 0, Avg:  0.0, Max: 0, Diff: 0, Sum: 0, Workers: 4
[5313.068s][debug][gc,phases      ] GC(149)     Total                          Min: 0, Avg:  0.0, Max: 0, Diff: 0, Sum: 0, Workers: 4
[5313.068s][debug][gc,phases      ] GC(149)   StringDedup Requests1 Weak     Min:  0.0, Avg:  0.0, Max:  0.0, Diff:  0.0, Sum:  0.0, Workers: 4
[5313.068s][debug][gc,phases      ] GC(149)     Dead                           Min: 0, Avg:  0.0, Max: 0, Diff: 0, Sum: 0, Workers: 4
[5313.068s][debug][gc,phases      ] GC(149)     Total                          Min: 0, Avg:  0.0, Max: 0, Diff: 0, Sum: 0, Workers: 4
[5313.068s][debug][gc,phases      ] GC(149)   Weak JFR Old Object Samples    Min:  0.0, Avg:  0.0, Max:  0.0, Diff:  0.0, Sum:  0.0, Workers: 4
[5313.068s][debug][gc,phases      ] GC(149)     Dead                           Min: 0, Avg:  0.0, Max: 0, Diff: 0, Sum: 0, Workers: 4
[5313.068s][debug][gc,phases      ] GC(149)     Total                          Min: 0, Avg:  0.0, Max: 0, Diff: 0, Sum: 0, Workers: 4
[5313.068s][debug][gc,phases      ] GC(149) Weak Processing 0.299ms
[5313.068s][debug][gc,age         ] GC(149) Desired survivor size 222822400 bytes, new threshold 15 (max threshold 15)
[5313.068s][info ][gc,heap        ] GC(149) PSYoungGen: 1666768K(1874432K)->19456K(1869824K) Eden: 1647104K(1647104K)->0K(1647104K) From: 19664K(227328K)->19456K(222720K)
[5313.068s][info ][gc,heap        ] GC(149) ParOldGen: 456224K(674816K)->456232K(674816K)
[5313.068s][info ][gc,metaspace   ] GC(149) Metaspace: 85210K(86272K)->85210K(86272K) NonClass: 73269K(73792K)->73269K(73792K) Class: 11940K(12480K)->11940K(12480K)
[5313.068s][info ][gc             ] GC(149) Pause Young (Allocation Failure) 2073M->464M(2485M) 6.462ms
[5313.068s][info ][gc,cpu         ] GC(149) User=0.02s Sys=0.00s Real=0.00s
[5313.068s][info ][safepoint      ] Safepoint "ParallelGCFailedAllocation", Time since last: 9142251797 ns, Reaching safepoint: 29800 ns, At safepoint: 6532914 ns, Total: 6562714 ns
[5315.068s][info ][safepoint      ] Safepoint "Cleanup", Time since last: 2000142024 ns, Reaching safepoint: 39100 ns, At safepoint: 4000 ns, Total: 43100 ns
[5316.965s][info ][safepoint      ] Safepoint "Cleanup", Time since last: 1896630733 ns, Reaching safepoint: 45201 ns, At safepoint: 3600 ns, Total: 48801 ns
[5329.965s][info ][safepoint      ] Safepoint "Cleanup", Time since last: 13000855467 ns, Reaching safepoint: 34400 ns, At safepoint: 2800 ns, Total: 37200 ns
[5333.966s][info ][safepoint      ] Safepoint "Cleanup", Time since last: 4000358392 ns, Reaching safepoint: 51500 ns, At safepoint: 5000 ns, Total: 56500 ns
[5335.966s][info ][safepoint      ] Safepoint "Cleanup", Time since last: 2000170177 ns, Reaching safepoint: 51200 ns, At safepoint: 6500 ns, Total: 57700 ns
[5345.967s][info ][safepoint      ] Safepoint "Cleanup", Time since last: 10000767412 ns, Reaching safepoint: 59100 ns, At safepoint: 7900 ns, Total: 67000 ns
[5347.967s][info ][safepoint      ] Safepoint "Cleanup", Time since last: 2000177523 ns, Reaching safepoint: 43700 ns, At safepoint: 3400 ns, Total: 47100 ns
[5353.539s][info ][gc,start       ] GC(150) Pause Young (Allocation Failure)
[5353.546s][debug][gc,phases      ] GC(150) Scavenge 6.430ms
[5353.546s][debug][gc,ref         ] GC(150) Skipped phase 1 of Reference Processing: no references
[5353.546s][debug][gc,ref         ] GC(150) ReferenceProcessor::execute queues: 1, RefProcThreadModel::Single, marks_oops_alive: false
[5353.546s][debug][gc,ref         ] GC(150) Skipped phase 3 of Reference Processing: no references
[5353.546s][debug][gc,ref         ] GC(150) ReferenceProcessor::execute queues: 1, RefProcThreadModel::Single, marks_oops_alive: false
[5353.546s][debug][gc,phases      ] GC(150) Reference Processing 0.119ms
[5353.546s][debug][gc,phases      ] GC(150)   VM Weak                        Min:  0.0, Avg:  0.0, Max:  0.0, Diff:  0.0, Sum:  0.0, Workers: 4
[5353.546s][debug][gc,phases      ] GC(150)     Dead                           Min: 0, Avg:  0.0, Max: 0, Diff: 0, Sum: 0, Workers: 4
[5353.546s][debug][gc,phases      ] GC(150)     Total                          Min: 0, Avg: 207.2, Max: 801, Diff: 801, Sum: 829, Workers: 4
[5353.546s][debug][gc,phases      ] GC(150)   ObjectSynchronizer Weak        Min:  0.0, Avg:  0.0, Max:  0.0, Diff:  0.0, Sum:  0.0, Workers: 4
[5353.546s][debug][gc,phases      ] GC(150)     Dead                           Min: 0, Avg:  0.0, Max: 0, Diff: 0, Sum: 0, Workers: 4
[5353.546s][debug][gc,phases      ] GC(150)     Total                          Min: 0, Avg: 15.5, Max: 62, Diff: 62, Sum: 62, Workers: 4
[5353.546s][debug][gc,phases      ] GC(150)   JVMTI Tag Weak OopStorage      Min:  0.0, Avg:  0.0, Max:  0.0, Diff:  0.0, Sum:  0.0, Workers: 4
[5353.546s][debug][gc,phases      ] GC(150)     Dead                           Min: 0, Avg:  0.0, Max: 0, Diff: 0, Sum: 0, Workers: 4
[5353.546s][debug][gc,phases      ] GC(150)     Total                          Min: 0, Avg:  0.0, Max: 0, Diff: 0, Sum: 0, Workers: 4
[5353.546s][debug][gc,phases      ] GC(150)   StringTable Weak               Min:  0.0, Avg:  0.1, Max:  0.1, Diff:  0.1, Sum:  0.3, Workers: 4
[5353.546s][debug][gc,phases      ] GC(150)     Dead                           Min: 0, Avg:  0.0, Max: 0, Diff: 0, Sum: 0, Workers: 4
[5353.546s][debug][gc,phases      ] GC(150)     Total                          Min: 0, Avg: 11076.2, Max: 18815, Diff: 18815, Sum: 44305, Workers: 4
[5353.546s][debug][gc,phases      ] GC(150)   ResolvedMethodTable Weak       Min:  0.0, Avg:  0.0, Max:  0.0, Diff:  0.0, Sum:  0.1, Workers: 4
[5353.546s][debug][gc,phases      ] GC(150)     Dead                           Min: 0, Avg:  0.0, Max: 0, Diff: 0, Sum: 0, Workers: 4
[5353.546s][debug][gc,phases      ] GC(150)     Total                          Min: 0, Avg: 2525.2, Max: 4352, Diff: 4352, Sum: 10101, Workers: 4
[5353.546s][debug][gc,phases      ] GC(150)   JNI Weak                       Min:  0.0, Avg:  0.0, Max:  0.0, Diff:  0.0, Sum:  0.0, Workers: 4
[5353.546s][debug][gc,phases      ] GC(150)     Dead                           Min: 0, Avg:  0.0, Max: 0, Diff: 0, Sum: 0, Workers: 4
[5353.546s][debug][gc,phases      ] GC(150)     Total                          Min: 0, Avg: 11.2, Max: 45, Diff: 45, Sum: 45, Workers: 4
[5353.546s][debug][gc,phases      ] GC(150)   StringDedup Table Weak         Min:  0.0, Avg:  0.0, Max:  0.0, Diff:  0.0, Sum:  0.0, Workers: 4
[5353.546s][debug][gc,phases      ] GC(150)     Dead                           Min: 0, Avg:  0.0, Max: 0, Diff: 0, Sum: 0, Workers: 4
[5353.546s][debug][gc,phases      ] GC(150)     Total                          Min: 0, Avg:  0.0, Max: 0, Diff: 0, Sum: 0, Workers: 4
[5353.546s][debug][gc,phases      ] GC(150)   StringDedup Requests0 Weak     Min:  0.0, Avg:  0.0, Max:  0.0, Diff:  0.0, Sum:  0.0, Workers: 4
[5353.546s][debug][gc,phases      ] GC(150)     Dead                           Min: 0, Avg:  0.0, Max: 0, Diff: 0, Sum: 0, Workers: 4
[5353.546s][debug][gc,phases      ] GC(150)     Total                          Min: 0, Avg:  0.0, Max: 0, Diff: 0, Sum: 0, Workers: 4
[5353.546s][debug][gc,phases      ] GC(150)   StringDedup Requests1 Weak     Min:  0.0, Avg:  0.0, Max:  0.0, Diff:  0.0, Sum:  0.0, Workers: 4
[5353.546s][debug][gc,phases      ] GC(150)     Dead                           Min: 0, Avg:  0.0, Max: 0, Diff: 0, Sum: 0, Workers: 4
[5353.546s][debug][gc,phases      ] GC(150)     Total                          Min: 0, Avg:  0.0, Max: 0, Diff: 0, Sum: 0, Workers: 4
[5353.546s][debug][gc,phases      ] GC(150)   Weak JFR Old Object Samples    Min:  0.0, Avg:  0.0, Max:  0.0, Diff:  0.0, Sum:  0.0, Workers: 4
[5353.546s][debug][gc,phases      ] GC(150)     Dead                           Min: 0, Avg:  0.0, Max: 0, Diff: 0, Sum: 0, Workers: 4
[5353.546s][debug][gc,phases      ] GC(150)     Total                          Min: 0, Avg:  0.0, Max: 0, Diff: 0, Sum: 0, Workers: 4
[5353.546s][debug][gc,phases      ] GC(150) Weak Processing 0.290ms
[5353.546s][debug][gc,age         ] GC(150) Desired survivor size 216006656 bytes, new threshold 15 (max threshold 15)
[5353.546s][info ][gc,heap        ] GC(150) PSYoungGen: 1666560K(1869824K)->19664K(1886208K) Eden: 1647104K(1647104K)->0K(1668608K) From: 19456K(222720K)->19664K(217600K)
[5353.546s][info ][gc,heap        ] GC(150) ParOldGen: 456232K(674816K)->456232K(674816K)
[5353.546s][info ][gc,metaspace   ] GC(150) Metaspace: 85215K(86272K)->85215K(86272K) NonClass: 73275K(73792K)->73275K(73792K) Class: 11940K(12480K)->11940K(12480K)
[5353.546s][info ][gc             ] GC(150) Pause Young (Allocation Failure) 2073M->464M(2501M) 6.942ms
[5353.546s][info ][gc,cpu         ] GC(150) User=0.02s Sys=0.00s Real=0.00s
[5353.546s][info ][safepoint      ] Safepoint "ParallelGCFailedAllocation", Time since last: 5571836385 ns, Reaching safepoint: 25299 ns, At safepoint: 7008983 ns, Total: 7034282 ns
[5358.546s][info ][safepoint      ] Safepoint "Cleanup", Time since last: 5000383589 ns, Reaching safepoint: 40200 ns, At safepoint: 2400 ns, Total: 42600 ns
[5369.547s][info ][safepoint      ] Safepoint "Cleanup", Time since last: 11000816700 ns, Reaching safepoint: 48500 ns, At safepoint: 5200 ns, Total: 53700 ns
[5380.548s][info ][safepoint      ] Safepoint "Cleanup", Time since last: 11000804255 ns, Reaching safepoint: 62900 ns, At safepoint: 3800 ns, Total: 66700 ns
[5388.549s][info ][safepoint      ] Safepoint "Cleanup", Time since last: 8000632031 ns, Reaching safepoint: 33300 ns, At safepoint: 3100 ns, Total: 36400 ns
[5390.549s][info ][safepoint      ] Safepoint "Cleanup", Time since last: 2000170775 ns, Reaching safepoint: 46600 ns, At safepoint: 3200 ns, Total: 49800 ns
[5399.907s][info ][gc,start       ] GC(151) Pause Young (Allocation Failure)
[5399.913s][debug][gc,phases      ] GC(151) Scavenge 6.080ms
[5399.913s][debug][gc,ref         ] GC(151) Skipped phase 1 of Reference Processing: no references
[5399.913s][debug][gc,ref         ] GC(151) ReferenceProcessor::execute queues: 1, RefProcThreadModel::Single, marks_oops_alive: false
[5399.913s][debug][gc,ref         ] GC(151) Skipped phase 3 of Reference Processing: no references
[5399.913s][debug][gc,ref         ] GC(151) ReferenceProcessor::execute queues: 1, RefProcThreadModel::Single, marks_oops_alive: false
[5399.913s][debug][gc,phases      ] GC(151) Reference Processing 0.094ms
[5399.913s][debug][gc,phases      ] GC(151)   VM Weak                        Min:  0.0, Avg:  0.0, Max:  0.0, Diff:  0.0, Sum:  0.0, Workers: 4
[5399.913s][debug][gc,phases      ] GC(151)     Dead                           Min: 0, Avg:  0.0, Max: 0, Diff: 0, Sum: 0, Workers: 4
[5399.913s][debug][gc,phases      ] GC(151)     Total                          Min: 0, Avg: 207.2, Max: 459, Diff: 459, Sum: 829, Workers: 4
[5399.913s][debug][gc,phases      ] GC(151)   ObjectSynchronizer Weak        Min:  0.0, Avg:  0.0, Max:  0.0, Diff:  0.0, Sum:  0.0, Workers: 4
[5399.913s][debug][gc,phases      ] GC(151)     Dead                           Min: 0, Avg:  0.0, Max: 0, Diff: 0, Sum: 0, Workers: 4
[5399.913s][debug][gc,phases      ] GC(151)     Total                          Min: 0, Avg: 15.5, Max: 62, Diff: 62, Sum: 62, Workers: 4
[5399.913s][debug][gc,phases      ] GC(151)   JVMTI Tag Weak OopStorage      Min:  0.0, Avg:  0.0, Max:  0.0, Diff:  0.0, Sum:  0.0, Workers: 4
[5399.913s][debug][gc,phases      ] GC(151)     Dead                           Min: 0, Avg:  0.0, Max: 0, Diff: 0, Sum: 0, Workers: 4
[5399.913s][debug][gc,phases      ] GC(151)     Total                          Min: 0, Avg:  0.0, Max: 0, Diff: 0, Sum: 0, Workers: 4
[5399.913s][debug][gc,phases      ] GC(151)   StringTable Weak               Min:  0.1, Avg:  0.1, Max:  0.1, Diff:  0.0, Sum:  0.4, Workers: 4
[5399.913s][debug][gc,phases      ] GC(151)     Dead                           Min: 0, Avg:  0.0, Max: 0, Diff: 0, Sum: 0, Workers: 4
[5399.913s][debug][gc,phases      ] GC(151)     Total                          Min: 10944, Avg: 11076.2, Max: 11263, Diff: 319, Sum: 44305, Workers: 4
[5399.913s][debug][gc,phases      ] GC(151)   ResolvedMethodTable Weak       Min:  0.0, Avg:  0.0, Max:  0.0, Diff:  0.0, Sum:  0.1, Workers: 4
[5399.913s][debug][gc,phases      ] GC(151)     Dead                           Min: 0, Avg:  0.0, Max: 0, Diff: 0, Sum: 0, Workers: 4
[5399.913s][debug][gc,phases      ] GC(151)     Total                          Min: 2431, Avg: 2525.2, Max: 2623, Diff: 192, Sum: 10101, Workers: 4
[5399.913s][debug][gc,phases      ] GC(151)   JNI Weak                       Min:  0.0, Avg:  0.0, Max:  0.0, Diff:  0.0, Sum:  0.0, Workers: 4
[5399.913s][debug][gc,phases      ] GC(151)     Dead                           Min: 0, Avg:  0.0, Max: 0, Diff: 0, Sum: 0, Workers: 4
[5399.913s][debug][gc,phases      ] GC(151)     Total                          Min: 0, Avg: 11.2, Max: 45, Diff: 45, Sum: 45, Workers: 4
[5399.913s][debug][gc,phases      ] GC(151)   StringDedup Table Weak         Min:  0.0, Avg:  0.0, Max:  0.0, Diff:  0.0, Sum:  0.0, Workers: 4
[5399.913s][debug][gc,phases      ] GC(151)     Dead                           Min: 0, Avg:  0.0, Max: 0, Diff: 0, Sum: 0, Workers: 4
[5399.913s][debug][gc,phases      ] GC(151)     Total                          Min: 0, Avg:  0.0, Max: 0, Diff: 0, Sum: 0, Workers: 4
[5399.913s][debug][gc,phases      ] GC(151)   StringDedup Requests0 Weak     Min:  0.0, Avg:  0.0, Max:  0.0, Diff:  0.0, Sum:  0.0, Workers: 4
[5399.913s][debug][gc,phases      ] GC(151)     Dead                           Min: 0, Avg:  0.0, Max: 0, Diff: 0, Sum: 0, Workers: 4
[5399.913s][debug][gc,phases      ] GC(151)     Total                          Min: 0, Avg:  0.0, Max: 0, Diff: 0, Sum: 0, Workers: 4
[5399.913s][debug][gc,phases      ] GC(151)   StringDedup Requests1 Weak     Min:  0.0, Avg:  0.0, Max:  0.0, Diff:  0.0, Sum:  0.0, Workers: 4
[5399.913s][debug][gc,phases      ] GC(151)     Dead                           Min: 0, Avg:  0.0, Max: 0, Diff: 0, Sum: 0, Workers: 4
[5399.913s][debug][gc,phases      ] GC(151)     Total                          Min: 0, Avg:  0.0, Max: 0, Diff: 0, Sum: 0, Workers: 4
[5399.913s][debug][gc,phases      ] GC(151)   Weak JFR Old Object Samples    Min:  0.0, Avg:  0.0, Max:  0.0, Diff:  0.0, Sum:  0.0, Workers: 4
[5399.913s][debug][gc,phases      ] GC(151)     Dead                           Min: 0, Avg:  0.0, Max: 0, Diff: 0, Sum: 0, Workers: 4
[5399.913s][debug][gc,phases      ] GC(151)     Total                          Min: 0, Avg:  0.0, Max: 0, Diff: 0, Sum: 0, Workers: 4
[5399.913s][debug][gc,phases      ] GC(151) Weak Processing 0.296ms
[5399.913s][debug][gc,age         ] GC(151) Desired survivor size 209190912 bytes, new threshold 15 (max threshold 15)
[5399.913s][info ][gc,heap        ] GC(151) PSYoungGen: 1688272K(1886208K)->19600K(1879552K) Eden: 1668608K(1668608K)->0K(1668608K) From: 19664K(217600K)->19600K(210944K)
[5399.913s][info ][gc,heap        ] GC(151) ParOldGen: 456232K(674816K)->456232K(674816K)
[5399.913s][info ][gc,metaspace   ] GC(151) Metaspace: 85240K(86336K)->85240K(86336K) NonClass: 73299K(73856K)->73299K(73856K) Class: 11940K(12480K)->11940K(12480K)
[5399.913s][info ][gc             ] GC(151) Pause Young (Allocation Failure) 2094M->464M(2494M) 6.587ms
[5399.913s][info ][gc,cpu         ] GC(151) User=0.02s Sys=0.00s Real=0.01s
[5399.913s][info ][safepoint      ] Safepoint "ParallelGCFailedAllocation", Time since last: 9357546677 ns, Reaching safepoint: 32500 ns, At safepoint: 6654295 ns, Total: 6686795 ns
[5402.914s][info ][safepoint      ] Safepoint "Cleanup", Time since last: 3000233030 ns, Reaching safepoint: 58600 ns, At safepoint: 7100 ns, Total: 65700 ns
[5404.914s][info ][safepoint      ] Safepoint "Cleanup", Time since last: 2000198426 ns, Reaching safepoint: 107300 ns, At safepoint: 5000 ns, Total: 112300 ns
[5410.922s][info ][safepoint      ] Safepoint "Cleanup", Time since last: 6000414732 ns, Reaching safepoint: 7406684 ns, At safepoint: 7800 ns, Total: 7414484 ns
[5413.922s][info ][safepoint      ] Safepoint "Cleanup", Time since last: 3000225016 ns, Reaching safepoint: 45300 ns, At safepoint: 3000 ns, Total: 48300 ns
[5414.926s][info ][safepoint      ] Safepoint "Cleanup", Time since last: 1000096383 ns, Reaching safepoint: 4249195 ns, At safepoint: 7500 ns, Total: 4256695 ns
[5427.927s][info ][safepoint      ] Safepoint "Cleanup", Time since last: 13000840584 ns, Reaching safepoint: 49600 ns, At safepoint: 3300 ns, Total: 52900 ns
[5432.928s][info ][safepoint      ] Safepoint "Cleanup", Time since last: 5000397889 ns, Reaching safepoint: 82600 ns, At safepoint: 2800 ns, Total: 85400 ns
[5444.929s][info ][safepoint      ] Safepoint "Cleanup", Time since last: 12000865394 ns, Reaching safepoint: 40900 ns, At safepoint: 24800 ns, Total: 65700 ns
[5445.859s][info ][gc,start       ] GC(152) Pause Young (Allocation Failure)
[5445.865s][debug][gc,phases      ] GC(152) Scavenge 5.896ms
[5445.865s][debug][gc,ref         ] GC(152) Skipped phase 1 of Reference Processing: no references
[5445.865s][debug][gc,ref         ] GC(152) ReferenceProcessor::execute queues: 1, RefProcThreadModel::Single, marks_oops_alive: false
[5445.865s][debug][gc,ref         ] GC(152) Skipped phase 3 of Reference Processing: no references
[5445.865s][debug][gc,ref         ] GC(152) ReferenceProcessor::execute queues: 1, RefProcThreadModel::Single, marks_oops_alive: false
[5445.865s][debug][gc,phases      ] GC(152) Reference Processing 0.101ms
[5445.865s][debug][gc,phases      ] GC(152)   VM Weak                        Min:  0.0, Avg:  0.0, Max:  0.0, Diff:  0.0, Sum:  0.0, Workers: 4
[5445.865s][debug][gc,phases      ] GC(152)     Dead                           Min: 0, Avg:  0.0, Max: 0, Diff: 0, Sum: 0, Workers: 4
[5445.865s][debug][gc,phases      ] GC(152)     Total                          Min: 0, Avg: 207.2, Max: 673, Diff: 673, Sum: 829, Workers: 4
[5445.865s][debug][gc,phases      ] GC(152)   ObjectSynchronizer Weak        Min:  0.0, Avg:  0.0, Max:  0.0, Diff:  0.0, Sum:  0.0, Workers: 4
[5445.865s][debug][gc,phases      ] GC(152)     Dead                           Min: 0, Avg:  0.0, Max: 0, Diff: 0, Sum: 0, Workers: 4
[5445.865s][debug][gc,phases      ] GC(152)     Total                          Min: 0, Avg: 15.5, Max: 62, Diff: 62, Sum: 62, Workers: 4
[5445.865s][debug][gc,phases      ] GC(152)   JVMTI Tag Weak OopStorage      Min:  0.0, Avg:  0.0, Max:  0.0, Diff:  0.0, Sum:  0.0, Workers: 4
[5445.865s][debug][gc,phases      ] GC(152)     Dead                           Min: 0, Avg:  0.0, Max: 0, Diff: 0, Sum: 0, Workers: 4
[5445.865s][debug][gc,phases      ] GC(152)     Total                          Min: 0, Avg:  0.0, Max: 0, Diff: 0, Sum: 0, Workers: 4
[5445.865s][debug][gc,phases      ] GC(152)   StringTable Weak               Min:  0.1, Avg:  0.1, Max:  0.1, Diff:  0.0, Sum:  0.4, Workers: 4
[5445.865s][debug][gc,phases      ] GC(152)     Dead                           Min: 0, Avg:  0.0, Max: 0, Diff: 0, Sum: 0, Workers: 4
[5445.865s][debug][gc,phases      ] GC(152)     Total                          Min: 10816, Avg: 11076.5, Max: 11455, Diff: 639, Sum: 44306, Workers: 4
[5445.865s][debug][gc,phases      ] GC(152)   ResolvedMethodTable Weak       Min:  0.0, Avg:  0.0, Max:  0.0, Diff:  0.0, Sum:  0.1, Workers: 4
[5445.865s][debug][gc,phases      ] GC(152)     Dead                           Min: 0, Avg:  0.0, Max: 0, Diff: 0, Sum: 0, Workers: 4
[5445.865s][debug][gc,phases      ] GC(152)     Total                          Min: 2487, Avg: 2525.2, Max: 2560, Diff: 73, Sum: 10101, Workers: 4
[5445.865s][debug][gc,phases      ] GC(152)   JNI Weak                       Min:  0.0, Avg:  0.0, Max:  0.0, Diff:  0.0, Sum:  0.0, Workers: 4
[5445.865s][debug][gc,phases      ] GC(152)     Dead                           Min: 0, Avg:  0.0, Max: 0, Diff: 0, Sum: 0, Workers: 4
[5445.865s][debug][gc,phases      ] GC(152)     Total                          Min: 0, Avg: 11.2, Max: 45, Diff: 45, Sum: 45, Workers: 4
[5445.865s][debug][gc,phases      ] GC(152)   StringDedup Table Weak         Min:  0.0, Avg:  0.0, Max:  0.0, Diff:  0.0, Sum:  0.0, Workers: 4
[5445.865s][debug][gc,phases      ] GC(152)     Dead                           Min: 0, Avg:  0.0, Max: 0, Diff: 0, Sum: 0, Workers: 4
[5445.865s][debug][gc,phases      ] GC(152)     Total                          Min: 0, Avg:  0.0, Max: 0, Diff: 0, Sum: 0, Workers: 4
[5445.865s][debug][gc,phases      ] GC(152)   StringDedup Requests0 Weak     Min:  0.0, Avg:  0.0, Max:  0.0, Diff:  0.0, Sum:  0.0, Workers: 4
[5445.865s][debug][gc,phases      ] GC(152)     Dead                           Min: 0, Avg:  0.0, Max: 0, Diff: 0, Sum: 0, Workers: 4
[5445.865s][debug][gc,phases      ] GC(152)     Total                          Min: 0, Avg:  0.0, Max: 0, Diff: 0, Sum: 0, Workers: 4
[5445.865s][debug][gc,phases      ] GC(152)   StringDedup Requests1 Weak     Min:  0.0, Avg:  0.0, Max:  0.0, Diff:  0.0, Sum:  0.0, Workers: 4
[5445.865s][debug][gc,phases      ] GC(152)     Dead                           Min: 0, Avg:  0.0, Max: 0, Diff: 0, Sum: 0, Workers: 4
[5445.865s][debug][gc,phases      ] GC(152)     Total                          Min: 0, Avg:  0.0, Max: 0, Diff: 0, Sum: 0, Workers: 4
[5445.865s][debug][gc,phases      ] GC(152)   Weak JFR Old Object Samples    Min:  0.0, Avg:  0.0, Max:  0.0, Diff:  0.0, Sum:  0.0, Workers: 4
[5445.865s][debug][gc,phases      ] GC(152)     Dead                           Min: 0, Avg:  0.0, Max: 0, Diff: 0, Sum: 0, Workers: 4
[5445.865s][debug][gc,phases      ] GC(152)     Total                          Min: 0, Avg:  0.0, Max: 0, Diff: 0, Sum: 0, Workers: 4
[5445.865s][debug][gc,phases      ] GC(152) Weak Processing 0.280ms
[5445.865s][debug][gc,age         ] GC(152) Desired survivor size 201326592 bytes, new threshold 15 (max threshold 15)
[5445.865s][info ][gc,heap        ] GC(152) PSYoungGen: 1688208K(1879552K)->20080K(1900544K) Eden: 1668608K(1668608K)->0K(1696256K) From: 19600K(210944K)->20080K(204288K)
[5445.865s][info ][gc,heap        ] GC(152) ParOldGen: 456232K(674816K)->456232K(674816K)
[5445.865s][info ][gc,metaspace   ] GC(152) Metaspace: 85254K(86336K)->85254K(86336K) NonClass: 73313K(73856K)->73313K(73856K) Class: 11940K(12480K)->11940K(12480K)
[5445.865s][info ][gc             ] GC(152) Pause Young (Allocation Failure) 2094M->465M(2515M) 6.386ms
[5445.865s][info ][gc,cpu         ] GC(152) User=0.02s Sys=0.00s Real=0.00s
[5445.865s][info ][safepoint      ] Safepoint "ParallelGCFailedAllocation", Time since last: 930292101 ns, Reaching safepoint: 34499 ns, At safepoint: 6450391 ns, Total: 6484890 ns
[5453.866s][info ][safepoint      ] Safepoint "Cleanup", Time since last: 8000629976 ns, Reaching safepoint: 41500 ns, At safepoint: 3800 ns, Total: 45300 ns
[5471.867s][info ][safepoint      ] Safepoint "Cleanup", Time since last: 18001133695 ns, Reaching safepoint: 40100 ns, At safepoint: 3700 ns, Total: 43800 ns
[5472.867s][info ][safepoint      ] Safepoint "Cleanup", Time since last: 1000110374 ns, Reaching safepoint: 40800 ns, At safepoint: 2600 ns, Total: 43400 ns
[5473.868s][info ][safepoint      ] Safepoint "Cleanup", Time since last: 1000094674 ns, Reaching safepoint: 39600 ns, At safepoint: 2800 ns, Total: 42400 ns
[5474.868s][info ][safepoint      ] Safepoint "Cleanup", Time since last: 1000135874 ns, Reaching safepoint: 44300 ns, At safepoint: 3400 ns, Total: 47700 ns
[5475.868s][info ][safepoint      ] Safepoint "Cleanup", Time since last: 1000105174 ns, Reaching safepoint: 46400 ns, At safepoint: 2300 ns, Total: 48700 ns
[5476.868s][info ][safepoint      ] Safepoint "Cleanup", Time since last: 1000133274 ns, Reaching safepoint: 52100 ns, At safepoint: 3900 ns, Total: 56000 ns
[5483.869s][info ][safepoint      ] Safepoint "Cleanup", Time since last: 7000587602 ns, Reaching safepoint: 30300 ns, At safepoint: 2900 ns, Total: 33200 ns
[5484.869s][info ][safepoint      ] Safepoint "Cleanup", Time since last: 1000125239 ns, Reaching safepoint: 46700 ns, At safepoint: 6900 ns, Total: 53600 ns
[5486.869s][info ][safepoint      ] Safepoint "Cleanup", Time since last: 2000202188 ns, Reaching safepoint: 37800 ns, At safepoint: 3000 ns, Total: 40800 ns
[5487.869s][info ][safepoint      ] Safepoint "Cleanup", Time since last: 1000099844 ns, Reaching safepoint: 41300 ns, At safepoint: 5300 ns, Total: 46600 ns
[5489.212s][info ][gc,start       ] GC(153) Pause Young (Allocation Failure)
[5489.219s][debug][gc,phases      ] GC(153) Scavenge 6.542ms
[5489.219s][debug][gc,ref         ] GC(153) Skipped phase 1 of Reference Processing: no references
[5489.219s][debug][gc,ref         ] GC(153) ReferenceProcessor::execute queues: 1, RefProcThreadModel::Single, marks_oops_alive: false
[5489.219s][debug][gc,ref         ] GC(153) Skipped phase 3 of Reference Processing: no references
[5489.219s][debug][gc,ref         ] GC(153) ReferenceProcessor::execute queues: 1, RefProcThreadModel::Single, marks_oops_alive: false
[5489.219s][debug][gc,phases      ] GC(153) Reference Processing 0.103ms
[5489.219s][debug][gc,phases      ] GC(153)   VM Weak                        Min:  0.0, Avg:  0.0, Max:  0.0, Diff:  0.0, Sum:  0.0, Workers: 4
[5489.219s][debug][gc,phases      ] GC(153)     Dead                           Min: 0, Avg:  0.0, Max: 0, Diff: 0, Sum: 0, Workers: 4
[5489.219s][debug][gc,phases      ] GC(153)     Total                          Min: 0, Avg: 207.2, Max: 472, Diff: 472, Sum: 829, Workers: 4
[5489.219s][debug][gc,phases      ] GC(153)   ObjectSynchronizer Weak        Min:  0.0, Avg:  0.0, Max:  0.0, Diff:  0.0, Sum:  0.0, Workers: 4
[5489.219s][debug][gc,phases      ] GC(153)     Dead                           Min: 0, Avg:  0.0, Max: 0, Diff: 0, Sum: 0, Workers: 4
[5489.219s][debug][gc,phases      ] GC(153)     Total                          Min: 0, Avg: 15.5, Max: 62, Diff: 62, Sum: 62, Workers: 4
[5489.219s][debug][gc,phases      ] GC(153)   JVMTI Tag Weak OopStorage      Min:  0.0, Avg:  0.0, Max:  0.0, Diff:  0.0, Sum:  0.0, Workers: 4
[5489.219s][debug][gc,phases      ] GC(153)     Dead                           Min: 0, Avg:  0.0, Max: 0, Diff: 0, Sum: 0, Workers: 4
[5489.219s][debug][gc,phases      ] GC(153)     Total                          Min: 0, Avg:  0.0, Max: 0, Diff: 0, Sum: 0, Workers: 4
[5489.219s][debug][gc,phases      ] GC(153)   StringTable Weak               Min:  0.0, Avg:  0.1, Max:  0.1, Diff:  0.1, Sum:  0.3, Workers: 4
[5489.219s][debug][gc,phases      ] GC(153)     Dead                           Min: 0, Avg:  0.0, Max: 0, Diff: 0, Sum: 0, Workers: 4
[5489.219s][debug][gc,phases      ] GC(153)     Total                          Min: 0, Avg: 11076.5, Max: 18688, Diff: 18688, Sum: 44306, Workers: 4
[5489.219s][debug][gc,phases      ] GC(153)   ResolvedMethodTable Weak       Min:  0.0, Avg:  0.0, Max:  0.0, Diff:  0.0, Sum:  0.1, Workers: 4
[5489.219s][debug][gc,phases      ] GC(153)     Dead                           Min: 0, Avg:  0.0, Max: 0, Diff: 0, Sum: 0, Workers: 4
[5489.219s][debug][gc,phases      ] GC(153)     Total                          Min: 0, Avg: 2525.2, Max: 4407, Diff: 4407, Sum: 10101, Workers: 4
[5489.219s][debug][gc,phases      ] GC(153)   JNI Weak                       Min:  0.0, Avg:  0.0, Max:  0.0, Diff:  0.0, Sum:  0.0, Workers: 4
[5489.219s][debug][gc,phases      ] GC(153)     Dead                           Min: 0, Avg:  0.0, Max: 0, Diff: 0, Sum: 0, Workers: 4
[5489.219s][debug][gc,phases      ] GC(153)     Total                          Min: 0, Avg: 11.2, Max: 45, Diff: 45, Sum: 45, Workers: 4
[5489.219s][debug][gc,phases      ] GC(153)   StringDedup Table Weak         Min:  0.0, Avg:  0.0, Max:  0.0, Diff:  0.0, Sum:  0.0, Workers: 4
[5489.219s][debug][gc,phases      ] GC(153)     Dead                           Min: 0, Avg:  0.0, Max: 0, Diff: 0, Sum: 0, Workers: 4
[5489.219s][debug][gc,phases      ] GC(153)     Total                          Min: 0, Avg:  0.0, Max: 0, Diff: 0, Sum: 0, Workers: 4
[5489.219s][debug][gc,phases      ] GC(153)   StringDedup Requests0 Weak     Min:  0.0, Avg:  0.0, Max:  0.0, Diff:  0.0, Sum:  0.0, Workers: 4
[5489.219s][debug][gc,phases      ] GC(153)     Dead                           Min: 0, Avg:  0.0, Max: 0, Diff: 0, Sum: 0, Workers: 4
[5489.219s][debug][gc,phases      ] GC(153)     Total                          Min: 0, Avg:  0.0, Max: 0, Diff: 0, Sum: 0, Workers: 4
[5489.219s][debug][gc,phases      ] GC(153)   StringDedup Requests1 Weak     Min:  0.0, Avg:  0.0, Max:  0.0, Diff:  0.0, Sum:  0.0, Workers: 4
[5489.219s][debug][gc,phases      ] GC(153)     Dead                           Min: 0, Avg:  0.0, Max: 0, Diff: 0, Sum: 0, Workers: 4
[5489.219s][debug][gc,phases      ] GC(153)     Total                          Min: 0, Avg:  0.0, Max: 0, Diff: 0, Sum: 0, Workers: 4
[5489.219s][debug][gc,phases      ] GC(153)   Weak JFR Old Object Samples    Min:  0.0, Avg:  0.0, Max:  0.0, Diff:  0.0, Sum:  0.0, Workers: 4
[5489.219s][debug][gc,phases      ] GC(153)     Dead                           Min: 0, Avg:  0.0, Max: 0, Diff: 0, Sum: 0, Workers: 4
[5489.219s][debug][gc,phases      ] GC(153)     Total                          Min: 0, Avg:  0.0, Max: 0, Diff: 0, Sum: 0, Workers: 4
[5489.219s][debug][gc,phases      ] GC(153) Weak Processing 0.302ms
[5489.219s][debug][gc,age         ] GC(153) Desired survivor size 192937984 bytes, new threshold 15 (max threshold 15)
[5489.219s][info ][gc,heap        ] GC(153) PSYoungGen: 1716336K(1900544K)->19616K(1892864K) Eden: 1696256K(1696256K)->0K(1696256K) From: 20080K(204288K)->19616K(196608K)
[5489.219s][info ][gc,heap        ] GC(153) ParOldGen: 456232K(674816K)->456232K(674816K)
[5489.219s][info ][gc,metaspace   ] GC(153) Metaspace: 85257K(86336K)->85257K(86336K) NonClass: 73316K(73856K)->73316K(73856K) Class: 11940K(12480K)->11940K(12480K)
[5489.219s][info ][gc             ] GC(153) Pause Young (Allocation Failure) 2121M->464M(2507M) 7.061ms
[5489.219s][info ][gc,cpu         ] GC(153) User=0.03s Sys=0.00s Real=0.01s
[5489.219s][info ][safepoint      ] Safepoint "ParallelGCFailedAllocation", Time since last: 1342515955 ns, Reaching safepoint: 38700 ns, At safepoint: 7130498 ns, Total: 7169198 ns
[5493.219s][info ][safepoint      ] Safepoint "Cleanup", Time since last: 4000297064 ns, Reaching safepoint: 38600 ns, At safepoint: 2600 ns, Total: 41200 ns
[5501.220s][info ][safepoint      ] Safepoint "Cleanup", Time since last: 8000553557 ns, Reaching safepoint: 35800 ns, At safepoint: 3000 ns, Total: 38800 ns
[5522.222s][info ][safepoint      ] Safepoint "Cleanup", Time since last: 21001502458 ns, Reaching safepoint: 42300 ns, At safepoint: 3000 ns, Total: 45300 ns
[5533.660s][info ][gc,start       ] GC(154) Pause Young (Allocation Failure)
[5533.667s][debug][gc,phases      ] GC(154) Scavenge 6.273ms
[5533.667s][debug][gc,ref         ] GC(154) Skipped phase 1 of Reference Processing: no references
[5533.667s][debug][gc,ref         ] GC(154) ReferenceProcessor::execute queues: 1, RefProcThreadModel::Single, marks_oops_alive: false
[5533.667s][debug][gc,ref         ] GC(154) Skipped phase 3 of Reference Processing: no references
[5533.667s][debug][gc,ref         ] GC(154) ReferenceProcessor::execute queues: 1, RefProcThreadModel::Single, marks_oops_alive: false
[5533.667s][debug][gc,phases      ] GC(154) Reference Processing 0.103ms
[5533.667s][debug][gc,phases      ] GC(154)   VM Weak                        Min:  0.0, Avg:  0.0, Max:  0.0, Diff:  0.0, Sum:  0.0, Workers: 4
[5533.667s][debug][gc,phases      ] GC(154)     Dead                           Min: 0, Avg:  0.0, Max: 0, Diff: 0, Sum: 0, Workers: 4
[5533.667s][debug][gc,phases      ] GC(154)     Total                          Min: 0, Avg: 207.2, Max: 673, Diff: 673, Sum: 829, Workers: 4
[5533.667s][debug][gc,phases      ] GC(154)   ObjectSynchronizer Weak        Min:  0.0, Avg:  0.0, Max:  0.0, Diff:  0.0, Sum:  0.0, Workers: 4
[5533.667s][debug][gc,phases      ] GC(154)     Dead                           Min: 0, Avg:  0.0, Max: 0, Diff: 0, Sum: 0, Workers: 4
[5533.667s][debug][gc,phases      ] GC(154)     Total                          Min: 0, Avg: 15.5, Max: 62, Diff: 62, Sum: 62, Workers: 4
[5533.667s][debug][gc,phases      ] GC(154)   JVMTI Tag Weak OopStorage      Min:  0.0, Avg:  0.0, Max:  0.0, Diff:  0.0, Sum:  0.0, Workers: 4
[5533.667s][debug][gc,phases      ] GC(154)     Dead                           Min: 0, Avg:  0.0, Max: 0, Diff: 0, Sum: 0, Workers: 4
[5533.667s][debug][gc,phases      ] GC(154)     Total                          Min: 0, Avg:  0.0, Max: 0, Diff: 0, Sum: 0, Workers: 4
[5533.667s][debug][gc,phases      ] GC(154)   StringTable Weak               Min:  0.0, Avg:  0.1, Max:  0.1, Diff:  0.1, Sum:  0.3, Workers: 4
[5533.667s][debug][gc,phases      ] GC(154)     Dead                           Min: 0, Avg:  0.0, Max: 0, Diff: 0, Sum: 0, Workers: 4
[5533.667s][debug][gc,phases      ] GC(154)     Total                          Min: 0, Avg: 11077.0, Max: 19413, Diff: 19413, Sum: 44308, Workers: 4
[5533.667s][debug][gc,phases      ] GC(154)   ResolvedMethodTable Weak       Min:  0.0, Avg:  0.0, Max:  0.0, Diff:  0.0, Sum:  0.1, Workers: 4
[5533.667s][debug][gc,phases      ] GC(154)     Dead                           Min: 0, Avg:  0.0, Max: 0, Diff: 0, Sum: 0, Workers: 4
[5533.667s][debug][gc,phases      ] GC(154)     Total                          Min: 0, Avg: 2525.2, Max: 4408, Diff: 4408, Sum: 10101, Workers: 4
[5533.667s][debug][gc,phases      ] GC(154)   JNI Weak                       Min:  0.0, Avg:  0.0, Max:  0.0, Diff:  0.0, Sum:  0.0, Workers: 4
[5533.667s][debug][gc,phases      ] GC(154)     Dead                           Min: 0, Avg:  0.0, Max: 0, Diff: 0, Sum: 0, Workers: 4
[5533.667s][debug][gc,phases      ] GC(154)     Total                          Min: 0, Avg: 11.2, Max: 45, Diff: 45, Sum: 45, Workers: 4
[5533.667s][debug][gc,phases      ] GC(154)   StringDedup Table Weak         Min:  0.0, Avg:  0.0, Max:  0.0, Diff:  0.0, Sum:  0.0, Workers: 4
[5533.667s][debug][gc,phases      ] GC(154)     Dead                           Min: 0, Avg:  0.0, Max: 0, Diff: 0, Sum: 0, Workers: 4
[5533.667s][debug][gc,phases      ] GC(154)     Total                          Min: 0, Avg:  0.0, Max: 0, Diff: 0, Sum: 0, Workers: 4
[5533.667s][debug][gc,phases      ] GC(154)   StringDedup Requests0 Weak     Min:  0.0, Avg:  0.0, Max:  0.0, Diff:  0.0, Sum:  0.0, Workers: 4
[5533.667s][debug][gc,phases      ] GC(154)     Dead                           Min: 0, Avg:  0.0, Max: 0, Diff: 0, Sum: 0, Workers: 4
[5533.667s][debug][gc,phases      ] GC(154)     Total                          Min: 0, Avg:  0.0, Max: 0, Diff: 0, Sum: 0, Workers: 4
[5533.667s][debug][gc,phases      ] GC(154)   StringDedup Requests1 Weak     Min:  0.0, Avg:  0.0, Max:  0.0, Diff:  0.0, Sum:  0.0, Workers: 4
[5533.667s][debug][gc,phases      ] GC(154)     Dead                           Min: 0, Avg:  0.0, Max: 0, Diff: 0, Sum: 0, Workers: 4
[5533.667s][debug][gc,phases      ] GC(154)     Total                          Min: 0, Avg:  0.0, Max: 0, Diff: 0, Sum: 0, Workers: 4
[5533.667s][debug][gc,phases      ] GC(154)   Weak JFR Old Object Samples    Min:  0.0, Avg:  0.0, Max:  0.0, Diff:  0.0, Sum:  0.0, Workers: 4
[5533.667s][debug][gc,phases      ] GC(154)     Dead                           Min: 0, Avg:  0.0, Max: 0, Diff: 0, Sum: 0, Workers: 4
[5533.667s][debug][gc,phases      ] GC(154)     Total                          Min: 0, Avg:  0.0, Max: 0, Diff: 0, Sum: 0, Workers: 4
[5533.667s][debug][gc,phases      ] GC(154) Weak Processing 0.303ms
[5533.667s][debug][gc,age         ] GC(154) Desired survivor size 184549376 bytes, new threshold 15 (max threshold 15)
[5533.667s][info ][gc,heap        ] GC(154) PSYoungGen: 1715872K(1892864K)->19728K(1916928K) Eden: 1696256K(1696256K)->0K(1728512K) From: 19616K(196608K)->19728K(188416K)
[5533.667s][info ][gc,heap        ] GC(154) ParOldGen: 456232K(674816K)->456232K(674816K)
[5533.667s][info ][gc,metaspace   ] GC(154) Metaspace: 85261K(86336K)->85261K(86336K) NonClass: 73320K(73856K)->73320K(73856K) Class: 11940K(12480K)->11940K(12480K)
[5533.667s][info ][gc             ] GC(154) Pause Young (Allocation Failure) 2121M->464M(2531M) 6.809ms
[5533.667s][info ][gc,cpu         ] GC(154) User=0.03s Sys=0.00s Real=0.00s
[5533.667s][info ][safepoint      ] Safepoint "ParallelGCFailedAllocation", Time since last: 11438730576 ns, Reaching safepoint: 45200 ns, At safepoint: 6876899 ns, Total: 6922099 ns
[5534.667s][info ][safepoint      ] Safepoint "Cleanup", Time since last: 1000082584 ns, Reaching safepoint: 46900 ns, At safepoint: 6200 ns, Total: 53100 ns
[5537.668s][info ][safepoint      ] Safepoint "Cleanup", Time since last: 3000219551 ns, Reaching safepoint: 50700 ns, At safepoint: 2300 ns, Total: 53000 ns
[5541.668s][info ][safepoint      ] Safepoint "Cleanup", Time since last: 4000299154 ns, Reaching safepoint: 46500 ns, At safepoint: 3800 ns, Total: 50300 ns
[5553.669s][info ][safepoint      ] Safepoint "Cleanup", Time since last: 12000851856 ns, Reaching safepoint: 35300 ns, At safepoint: 2400 ns, Total: 37700 ns
[5560.669s][info ][safepoint      ] Safepoint "Cleanup", Time since last: 7000466933 ns, Reaching safepoint: 38900 ns, At safepoint: 3400 ns, Total: 42300 ns
[5564.670s][info ][safepoint      ] Safepoint "Cleanup", Time since last: 4000304402 ns, Reaching safepoint: 41700 ns, At safepoint: 3800 ns, Total: 45500 ns
[5574.670s][info ][safepoint      ] Safepoint "Cleanup", Time since last: 10000678079 ns, Reaching safepoint: 37600 ns, At safepoint: 2300 ns, Total: 39900 ns
[5576.859s][info ][gc,start       ] GC(155) Pause Young (Allocation Failure)
[5576.865s][debug][gc,phases      ] GC(155) Scavenge 6.076ms
[5576.865s][debug][gc,ref         ] GC(155) Skipped phase 1 of Reference Processing: no references
[5576.865s][debug][gc,ref         ] GC(155) ReferenceProcessor::execute queues: 1, RefProcThreadModel::Single, marks_oops_alive: false
[5576.865s][debug][gc,ref         ] GC(155) Skipped phase 3 of Reference Processing: no references
[5576.865s][debug][gc,ref         ] GC(155) ReferenceProcessor::execute queues: 1, RefProcThreadModel::Single, marks_oops_alive: false
[5576.865s][debug][gc,phases      ] GC(155) Reference Processing 0.101ms
[5576.865s][debug][gc,phases      ] GC(155)   VM Weak                        Min:  0.0, Avg:  0.0, Max:  0.0, Diff:  0.0, Sum:  0.0, Workers: 4
[5576.865s][debug][gc,phases      ] GC(155)     Dead                           Min: 0, Avg:  0.0, Max: 0, Diff: 0, Sum: 0, Workers: 4
[5576.865s][debug][gc,phases      ] GC(155)     Total                          Min: 0, Avg: 207.2, Max: 829, Diff: 829, Sum: 829, Workers: 4
[5576.865s][debug][gc,phases      ] GC(155)   ObjectSynchronizer Weak        Min:  0.0, Avg:  0.0, Max:  0.0, Diff:  0.0, Sum:  0.0, Workers: 4
[5576.865s][debug][gc,phases      ] GC(155)     Dead                           Min: 0, Avg:  0.0, Max: 0, Diff: 0, Sum: 0, Workers: 4
[5576.865s][debug][gc,phases      ] GC(155)     Total                          Min: 0, Avg: 15.5, Max: 62, Diff: 62, Sum: 62, Workers: 4
[5576.865s][debug][gc,phases      ] GC(155)   JVMTI Tag Weak OopStorage      Min:  0.0, Avg:  0.0, Max:  0.0, Diff:  0.0, Sum:  0.0, Workers: 4
[5576.865s][debug][gc,phases      ] GC(155)     Dead                           Min: 0, Avg:  0.0, Max: 0, Diff: 0, Sum: 0, Workers: 4
[5576.865s][debug][gc,phases      ] GC(155)     Total                          Min: 0, Avg:  0.0, Max: 0, Diff: 0, Sum: 0, Workers: 4
[5576.865s][debug][gc,phases      ] GC(155)   StringTable Weak               Min:  0.0, Avg:  0.1, Max:  0.1, Diff:  0.1, Sum:  0.3, Workers: 4
[5576.865s][debug][gc,phases      ] GC(155)     Dead                           Min: 0, Avg:  0.0, Max: 0, Diff: 0, Sum: 0, Workers: 4
[5576.865s][debug][gc,phases      ] GC(155)     Total                          Min: 0, Avg: 11077.0, Max: 19862, Diff: 19862, Sum: 44308, Workers: 4
[5576.865s][debug][gc,phases      ] GC(155)   ResolvedMethodTable Weak       Min:  0.0, Avg:  0.0, Max:  0.0, Diff:  0.0, Sum:  0.1, Workers: 4
[5576.865s][debug][gc,phases      ] GC(155)     Dead                           Min: 0, Avg:  0.0, Max: 0, Diff: 0, Sum: 0, Workers: 4
[5576.865s][debug][gc,phases      ] GC(155)     Total                          Min: 0, Avg: 2525.2, Max: 4345, Diff: 4345, Sum: 10101, Workers: 4
[5576.865s][debug][gc,phases      ] GC(155)   JNI Weak                       Min:  0.0, Avg:  0.0, Max:  0.0, Diff:  0.0, Sum:  0.0, Workers: 4
[5576.865s][debug][gc,phases      ] GC(155)     Dead                           Min: 0, Avg:  0.0, Max: 0, Diff: 0, Sum: 0, Workers: 4
[5576.865s][debug][gc,phases      ] GC(155)     Total                          Min: 0, Avg: 11.2, Max: 45, Diff: 45, Sum: 45, Workers: 4
[5576.865s][debug][gc,phases      ] GC(155)   StringDedup Table Weak         Min:  0.0, Avg:  0.0, Max:  0.0, Diff:  0.0, Sum:  0.0, Workers: 4
[5576.865s][debug][gc,phases      ] GC(155)     Dead                           Min: 0, Avg:  0.0, Max: 0, Diff: 0, Sum: 0, Workers: 4
[5576.865s][debug][gc,phases      ] GC(155)     Total                          Min: 0, Avg:  0.0, Max: 0, Diff: 0, Sum: 0, Workers: 4
[5576.865s][debug][gc,phases      ] GC(155)   StringDedup Requests0 Weak     Min:  0.0, Avg:  0.0, Max:  0.0, Diff:  0.0, Sum:  0.0, Workers: 4
[5576.865s][debug][gc,phases      ] GC(155)     Dead                           Min: 0, Avg:  0.0, Max: 0, Diff: 0, Sum: 0, Workers: 4
[5576.865s][debug][gc,phases      ] GC(155)     Total                          Min: 0, Avg:  0.0, Max: 0, Diff: 0, Sum: 0, Workers: 4
[5576.865s][debug][gc,phases      ] GC(155)   StringDedup Requests1 Weak     Min:  0.0, Avg:  0.0, Max:  0.0, Diff:  0.0, Sum:  0.0, Workers: 4
[5576.865s][debug][gc,phases      ] GC(155)     Dead                           Min: 0, Avg:  0.0, Max: 0, Diff: 0, Sum: 0, Workers: 4
[5576.865s][debug][gc,phases      ] GC(155)     Total                          Min: 0, Avg:  0.0, Max: 0, Diff: 0, Sum: 0, Workers: 4
[5576.865s][debug][gc,phases      ] GC(155)   Weak JFR Old Object Samples    Min:  0.0, Avg:  0.0, Max:  0.0, Diff:  0.0, Sum:  0.0, Workers: 4
[5576.865s][debug][gc,phases      ] GC(155)     Dead                           Min: 0, Avg:  0.0, Max: 0, Diff: 0, Sum: 0, Workers: 4
[5576.865s][debug][gc,phases      ] GC(155)     Total                          Min: 0, Avg:  0.0, Max: 0, Diff: 0, Sum: 0, Workers: 4
[5576.865s][debug][gc,phases      ] GC(155) Weak Processing 0.308ms
[5576.865s][debug][gc,age         ] GC(155) Desired survivor size 176160768 bytes, new threshold 15 (max threshold 15)
[5576.865s][info ][gc,heap        ] GC(155) PSYoungGen: 1748240K(1916928K)->19968K(1908736K) Eden: 1728512K(1728512K)->0K(1728512K) From: 19728K(188416K)->19968K(180224K)
[5576.865s][info ][gc,heap        ] GC(155) ParOldGen: 456232K(674816K)->456232K(674816K)
[5576.865s][info ][gc,metaspace   ] GC(155) Metaspace: 85265K(86336K)->85265K(86336K) NonClass: 73324K(73856K)->73324K(73856K) Class: 11940K(12480K)->11940K(12480K)
[5576.865s][info ][gc             ] GC(155) Pause Young (Allocation Failure) 2152M->465M(2523M) 6.594ms
[5576.865s][info ][gc,cpu         ] GC(155) User=0.02s Sys=0.00s Real=0.00s
[5576.865s][info ][safepoint      ] Safepoint "ParallelGCFailedAllocation", Time since last: 2188318143 ns, Reaching safepoint: 38500 ns, At safepoint: 6656704 ns, Total: 6695204 ns
[5579.866s][info ][safepoint      ] Safepoint "Cleanup", Time since last: 3000215103 ns, Reaching safepoint: 45300 ns, At safepoint: 4900 ns, Total: 50200 ns
[5582.866s][info ][safepoint      ] Safepoint "Cleanup", Time since last: 3000256748 ns, Reaching safepoint: 39500 ns, At safepoint: 6900 ns, Total: 46400 ns
[5583.866s][info ][safepoint      ] Safepoint "Cleanup", Time since last: 1000106659 ns, Reaching safepoint: 45600 ns, At safepoint: 3000 ns, Total: 48600 ns
[5595.867s][info ][safepoint      ] Safepoint "Cleanup", Time since last: 12000896871 ns, Reaching safepoint: 33500 ns, At safepoint: 2500 ns, Total: 36000 ns
[5621.869s][info ][safepoint      ] Safepoint "Cleanup", Time since last: 26001698924 ns, Reaching safepoint: 42400 ns, At safepoint: 2500 ns, Total: 44900 ns
[5624.059s][info ][gc,start       ] GC(156) Pause Young (Allocation Failure)
[5624.065s][debug][gc,phases      ] GC(156) Scavenge 6.360ms
[5624.065s][debug][gc,ref         ] GC(156) Skipped phase 1 of Reference Processing: no references
[5624.065s][debug][gc,ref         ] GC(156) ReferenceProcessor::execute queues: 1, RefProcThreadModel::Single, marks_oops_alive: false
[5624.065s][debug][gc,ref         ] GC(156) Skipped phase 3 of Reference Processing: no references
[5624.065s][debug][gc,ref         ] GC(156) ReferenceProcessor::execute queues: 1, RefProcThreadModel::Single, marks_oops_alive: false
[5624.065s][debug][gc,phases      ] GC(156) Reference Processing 0.091ms
[5624.065s][debug][gc,phases      ] GC(156)   VM Weak                        Min:  0.0, Avg:  0.0, Max:  0.0, Diff:  0.0, Sum:  0.0, Workers: 4
[5624.065s][debug][gc,phases      ] GC(156)     Dead                           Min: 0, Avg:  0.0, Max: 0, Diff: 0, Sum: 0, Workers: 4
[5624.065s][debug][gc,phases      ] GC(156)     Total                          Min: 0, Avg: 207.2, Max: 737, Diff: 737, Sum: 829, Workers: 4
[5624.065s][debug][gc,phases      ] GC(156)   ObjectSynchronizer Weak        Min:  0.0, Avg:  0.0, Max:  0.0, Diff:  0.0, Sum:  0.0, Workers: 4
[5624.066s][debug][gc,phases      ] GC(156)     Dead                           Min: 0, Avg:  0.0, Max: 0, Diff: 0, Sum: 0, Workers: 4
[5624.066s][debug][gc,phases      ] GC(156)     Total                          Min: 0, Avg: 15.5, Max: 62, Diff: 62, Sum: 62, Workers: 4
[5624.066s][debug][gc,phases      ] GC(156)   JVMTI Tag Weak OopStorage      Min:  0.0, Avg:  0.0, Max:  0.0, Diff:  0.0, Sum:  0.0, Workers: 4
[5624.066s][debug][gc,phases      ] GC(156)     Dead                           Min: 0, Avg:  0.0, Max: 0, Diff: 0, Sum: 0, Workers: 4
[5624.066s][debug][gc,phases      ] GC(156)     Total                          Min: 0, Avg:  0.0, Max: 0, Diff: 0, Sum: 0, Workers: 4
[5624.066s][debug][gc,phases      ] GC(156)   StringTable Weak               Min:  0.1, Avg:  0.1, Max:  0.1, Diff:  0.0, Sum:  0.4, Workers: 4
[5624.066s][debug][gc,phases      ] GC(156)     Dead                           Min: 0, Avg:  0.0, Max: 0, Diff: 0, Sum: 0, Workers: 4
[5624.066s][debug][gc,phases      ] GC(156)     Total                          Min: 10944, Avg: 11077.0, Max: 11263, Diff: 319, Sum: 44308, Workers: 4
[5624.066s][debug][gc,phases      ] GC(156)   ResolvedMethodTable Weak       Min:  0.0, Avg:  0.0, Max:  0.0, Diff:  0.0, Sum:  0.1, Workers: 4
[5624.066s][debug][gc,phases      ] GC(156)     Dead                           Min: 0, Avg:  0.0, Max: 0, Diff: 0, Sum: 0, Workers: 4
[5624.066s][debug][gc,phases      ] GC(156)     Total                          Min: 2431, Avg: 2525.2, Max: 2617, Diff: 186, Sum: 10101, Workers: 4
[5624.066s][debug][gc,phases      ] GC(156)   JNI Weak                       Min:  0.0, Avg:  0.0, Max:  0.0, Diff:  0.0, Sum:  0.0, Workers: 4
[5624.066s][debug][gc,phases      ] GC(156)     Dead                           Min: 0, Avg:  0.0, Max: 0, Diff: 0, Sum: 0, Workers: 4
[5624.066s][debug][gc,phases      ] GC(156)     Total                          Min: 0, Avg: 11.2, Max: 45, Diff: 45, Sum: 45, Workers: 4
[5624.066s][debug][gc,phases      ] GC(156)   StringDedup Table Weak         Min:  0.0, Avg:  0.0, Max:  0.0, Diff:  0.0, Sum:  0.0, Workers: 4
[5624.066s][debug][gc,phases      ] GC(156)     Dead                           Min: 0, Avg:  0.0, Max: 0, Diff: 0, Sum: 0, Workers: 4
[5624.066s][debug][gc,phases      ] GC(156)     Total                          Min: 0, Avg:  0.0, Max: 0, Diff: 0, Sum: 0, Workers: 4
[5624.066s][debug][gc,phases      ] GC(156)   StringDedup Requests0 Weak     Min:  0.0, Avg:  0.0, Max:  0.0, Diff:  0.0, Sum:  0.0, Workers: 4
[5624.066s][debug][gc,phases      ] GC(156)     Dead                           Min: 0, Avg:  0.0, Max: 0, Diff: 0, Sum: 0, Workers: 4
[5624.066s][debug][gc,phases      ] GC(156)     Total                          Min: 0, Avg:  0.0, Max: 0, Diff: 0, Sum: 0, Workers: 4
[5624.066s][debug][gc,phases      ] GC(156)   StringDedup Requests1 Weak     Min:  0.0, Avg:  0.0, Max:  0.0, Diff:  0.0, Sum:  0.0, Workers: 4
[5624.066s][debug][gc,phases      ] GC(156)     Dead                           Min: 0, Avg:  0.0, Max: 0, Diff: 0, Sum: 0, Workers: 4
[5624.066s][debug][gc,phases      ] GC(156)     Total                          Min: 0, Avg:  0.0, Max: 0, Diff: 0, Sum: 0, Workers: 4
[5624.066s][debug][gc,phases      ] GC(156)   Weak JFR Old Object Samples    Min:  0.0, Avg:  0.0, Max:  0.0, Diff:  0.0, Sum:  0.0, Workers: 4
[5624.066s][debug][gc,phases      ] GC(156)     Dead                           Min: 0, Avg:  0.0, Max: 0, Diff: 0, Sum: 0, Workers: 4
[5624.066s][debug][gc,phases      ] GC(156)     Total                          Min: 0, Avg:  0.0, Max: 0, Diff: 0, Sum: 0, Workers: 4
[5624.066s][debug][gc,phases      ] GC(156) Weak Processing 0.275ms
[5624.066s][debug][gc,age         ] GC(156) Desired survivor size 167772160 bytes, new threshold 15 (max threshold 15)
[5624.066s][info ][gc,heap        ] GC(156) PSYoungGen: 1748480K(1908736K)->20144K(1933312K) Eden: 1728512K(1728512K)->0K(1761280K) From: 19968K(180224K)->20144K(172032K)
[5624.066s][info ][gc,heap        ] GC(156) ParOldGen: 456232K(674816K)->456232K(674816K)
[5624.066s][info ][gc,metaspace   ] GC(156) Metaspace: 85270K(86336K)->85270K(86336K) NonClass: 73329K(73856K)->73329K(73856K) Class: 11940K(12480K)->11940K(12480K)
[5624.066s][info ][gc             ] GC(156) Pause Young (Allocation Failure) 2153M->465M(2547M) 6.888ms
[5624.066s][info ][gc,cpu         ] GC(156) User=0.03s Sys=0.00s Real=0.00s
[5624.066s][info ][safepoint      ] Safepoint "ParallelGCFailedAllocation", Time since last: 2189877752 ns, Reaching safepoint: 45000 ns, At safepoint: 6955804 ns, Total: 7000804 ns
[5630.066s][info ][safepoint      ] Safepoint "Cleanup", Time since last: 6000429998 ns, Reaching safepoint: 53000 ns, At safepoint: 3800 ns, Total: 56800 ns
[5634.066s][info ][safepoint      ] Safepoint "Cleanup", Time since last: 4000265839 ns, Reaching safepoint: 38300 ns, At safepoint: 3000 ns, Total: 41300 ns
[5653.068s][info ][safepoint      ] Safepoint "Cleanup", Time since last: 19001265396 ns, Reaching safepoint: 35600 ns, At safepoint: 5700 ns, Total: 41300 ns
[5655.068s][info ][safepoint      ] Safepoint "Cleanup", Time since last: 2000146007 ns, Reaching safepoint: 37000 ns, At safepoint: 2200 ns, Total: 39200 ns
[5657.068s][info ][safepoint      ] Safepoint "Cleanup", Time since last: 2000191884 ns, Reaching safepoint: 51000 ns, At safepoint: 3200 ns, Total: 54200 ns
[5658.068s][info ][safepoint      ] Safepoint "Cleanup", Time since last: 1000105692 ns, Reaching safepoint: 37900 ns, At safepoint: 3100 ns, Total: 41000 ns
[5666.069s][info ][safepoint      ] Safepoint "Cleanup", Time since last: 8000565869 ns, Reaching safepoint: 33000 ns, At safepoint: 2300 ns, Total: 35300 ns
[5668.069s][info ][safepoint      ] Safepoint "Cleanup", Time since last: 2000157139 ns, Reaching safepoint: 37000 ns, At safepoint: 2800 ns, Total: 39800 ns
[5670.856s][info ][gc,start       ] GC(157) Pause Young (Allocation Failure)
[5670.863s][debug][gc,phases      ] GC(157) Scavenge 6.219ms
[5670.863s][debug][gc,ref         ] GC(157) Skipped phase 1 of Reference Processing: no references
[5670.863s][debug][gc,ref         ] GC(157) ReferenceProcessor::execute queues: 1, RefProcThreadModel::Single, marks_oops_alive: false
[5670.863s][debug][gc,ref         ] GC(157) Skipped phase 3 of Reference Processing: no references
[5670.863s][debug][gc,ref         ] GC(157) ReferenceProcessor::execute queues: 1, RefProcThreadModel::Single, marks_oops_alive: false
[5670.863s][debug][gc,phases      ] GC(157) Reference Processing 0.099ms
[5670.863s][debug][gc,phases      ] GC(157)   VM Weak                        Min:  0.0, Avg:  0.0, Max:  0.0, Diff:  0.0, Sum:  0.0, Workers: 4
[5670.863s][debug][gc,phases      ] GC(157)     Dead                           Min: 0, Avg:  0.0, Max: 0, Diff: 0, Sum: 0, Workers: 4
[5670.863s][debug][gc,phases      ] GC(157)     Total                          Min: 28, Avg: 207.2, Max: 504, Diff: 476, Sum: 829, Workers: 4
[5670.863s][debug][gc,phases      ] GC(157)   ObjectSynchronizer Weak        Min:  0.0, Avg:  0.0, Max:  0.0, Diff:  0.0, Sum:  0.0, Workers: 4
[5670.863s][debug][gc,phases      ] GC(157)     Dead                           Min: 0, Avg:  0.0, Max: 0, Diff: 0, Sum: 0, Workers: 4
[5670.863s][debug][gc,phases      ] GC(157)     Total                          Min: 0, Avg: 15.5, Max: 62, Diff: 62, Sum: 62, Workers: 4
[5670.863s][debug][gc,phases      ] GC(157)   JVMTI Tag Weak OopStorage      Min:  0.0, Avg:  0.0, Max:  0.0, Diff:  0.0, Sum:  0.0, Workers: 4
[5670.863s][debug][gc,phases      ] GC(157)     Dead                           Min: 0, Avg:  0.0, Max: 0, Diff: 0, Sum: 0, Workers: 4
[5670.863s][debug][gc,phases      ] GC(157)     Total                          Min: 0, Avg:  0.0, Max: 0, Diff: 0, Sum: 0, Workers: 4
[5670.863s][debug][gc,phases      ] GC(157)   StringTable Weak               Min:  0.1, Avg:  0.1, Max:  0.1, Diff:  0.0, Sum:  0.4, Workers: 4
[5670.863s][debug][gc,phases      ] GC(157)     Dead                           Min: 0, Avg:  0.0, Max: 0, Diff: 0, Sum: 0, Workers: 4
[5670.863s][debug][gc,phases      ] GC(157)     Total                          Min: 10879, Avg: 11077.0, Max: 11222, Diff: 343, Sum: 44308, Workers: 4
[5670.863s][debug][gc,phases      ] GC(157)   ResolvedMethodTable Weak       Min:  0.0, Avg:  0.0, Max:  0.0, Diff:  0.0, Sum:  0.1, Workers: 4
[5670.863s][debug][gc,phases      ] GC(157)     Dead                           Min: 0, Avg:  0.0, Max: 0, Diff: 0, Sum: 0, Workers: 4
[5670.863s][debug][gc,phases      ] GC(157)     Total                          Min: 2429, Avg: 2525.2, Max: 2624, Diff: 195, Sum: 10101, Workers: 4
[5670.863s][debug][gc,phases      ] GC(157)   JNI Weak                       Min:  0.0, Avg:  0.0, Max:  0.0, Diff:  0.0, Sum:  0.0, Workers: 4
[5670.863s][debug][gc,phases      ] GC(157)     Dead                           Min: 0, Avg:  0.0, Max: 0, Diff: 0, Sum: 0, Workers: 4
[5670.863s][debug][gc,phases      ] GC(157)     Total                          Min: 0, Avg: 11.2, Max: 45, Diff: 45, Sum: 45, Workers: 4
[5670.863s][debug][gc,phases      ] GC(157)   StringDedup Table Weak         Min:  0.0, Avg:  0.0, Max:  0.0, Diff:  0.0, Sum:  0.0, Workers: 4
[5670.863s][debug][gc,phases      ] GC(157)     Dead                           Min: 0, Avg:  0.0, Max: 0, Diff: 0, Sum: 0, Workers: 4
[5670.863s][debug][gc,phases      ] GC(157)     Total                          Min: 0, Avg:  0.0, Max: 0, Diff: 0, Sum: 0, Workers: 4
[5670.863s][debug][gc,phases      ] GC(157)   StringDedup Requests0 Weak     Min:  0.0, Avg:  0.0, Max:  0.0, Diff:  0.0, Sum:  0.0, Workers: 4
[5670.863s][debug][gc,phases      ] GC(157)     Dead                           Min: 0, Avg:  0.0, Max: 0, Diff: 0, Sum: 0, Workers: 4
[5670.863s][debug][gc,phases      ] GC(157)     Total                          Min: 0, Avg:  0.0, Max: 0, Diff: 0, Sum: 0, Workers: 4
[5670.863s][debug][gc,phases      ] GC(157)   StringDedup Requests1 Weak     Min:  0.0, Avg:  0.0, Max:  0.0, Diff:  0.0, Sum:  0.0, Workers: 4
[5670.863s][debug][gc,phases      ] GC(157)     Dead                           Min: 0, Avg:  0.0, Max: 0, Diff: 0, Sum: 0, Workers: 4
[5670.863s][debug][gc,phases      ] GC(157)     Total                          Min: 0, Avg:  0.0, Max: 0, Diff: 0, Sum: 0, Workers: 4
[5670.863s][debug][gc,phases      ] GC(157)   Weak JFR Old Object Samples    Min:  0.0, Avg:  0.0, Max:  0.0, Diff:  0.0, Sum:  0.0, Workers: 4
[5670.863s][debug][gc,phases      ] GC(157)     Dead                           Min: 0, Avg:  0.0, Max: 0, Diff: 0, Sum: 0, Workers: 4
[5670.863s][debug][gc,phases      ] GC(157)     Total                          Min: 0, Avg:  0.0, Max: 0, Diff: 0, Sum: 0, Workers: 4
[5670.863s][debug][gc,phases      ] GC(157) Weak Processing 0.273ms
[5670.863s][debug][gc,age         ] GC(157) Desired survivor size 159907840 bytes, new threshold 15 (max threshold 15)
[5670.863s][info ][gc,heap        ] GC(157) PSYoungGen: 1781424K(1933312K)->19584K(1925120K) Eden: 1761280K(1761280K)->0K(1761280K) From: 20144K(172032K)->19584K(163840K)
[5670.863s][info ][gc,heap        ] GC(157) ParOldGen: 456232K(674816K)->456232K(674816K)
[5670.863s][info ][gc,metaspace   ] GC(157) Metaspace: 85281K(86336K)->85281K(86336K) NonClass: 73341K(73856K)->73341K(73856K) Class: 11940K(12480K)->11940K(12480K)
[5670.863s][info ][gc             ] GC(157) Pause Young (Allocation Failure) 2185M->464M(2539M) 6.703ms
[5670.863s][info ][gc,cpu         ] GC(157) User=0.02s Sys=0.00s Real=0.01s
[5670.863s][info ][safepoint      ] Safepoint "ParallelGCFailedAllocation", Time since last: 2787186939 ns, Reaching safepoint: 40800 ns, At safepoint: 6765506 ns, Total: 6806306 ns
[5672.863s][info ][safepoint      ] Safepoint "Cleanup", Time since last: 2000148035 ns, Reaching safepoint: 32700 ns, At safepoint: 3300 ns, Total: 36000 ns
[5676.864s][info ][safepoint      ] Safepoint "Cleanup", Time since last: 4000338668 ns, Reaching safepoint: 44601 ns, At safepoint: 2400 ns, Total: 47001 ns
[5685.864s][info ][safepoint      ] Safepoint "Cleanup", Time since last: 9000653078 ns, Reaching safepoint: 36400 ns, At safepoint: 3100 ns, Total: 39500 ns
[5686.865s][info ][safepoint      ] Safepoint "Cleanup", Time since last: 1000104703 ns, Reaching safepoint: 45600 ns, At safepoint: 3000 ns, Total: 48600 ns
[5689.865s][info ][safepoint      ] Safepoint "Cleanup", Time since last: 3000254508 ns, Reaching safepoint: 75500 ns, At safepoint: 7400 ns, Total: 82900 ns
[5693.865s][info ][safepoint      ] Safepoint "Cleanup", Time since last: 4000311888 ns, Reaching safepoint: 49900 ns, At safepoint: 2700 ns, Total: 52600 ns
[5695.865s][info ][safepoint      ] Safepoint "Cleanup", Time since last: 2000142820 ns, Reaching safepoint: 48400 ns, At safepoint: 2400 ns, Total: 50800 ns
[5697.866s][info ][safepoint      ] Safepoint "Cleanup", Time since last: 2000190419 ns, Reaching safepoint: 46400 ns, At safepoint: 2800 ns, Total: 49200 ns
[5699.866s][info ][safepoint      ] Safepoint "Cleanup", Time since last: 2000171620 ns, Reaching safepoint: 35100 ns, At safepoint: 5200 ns, Total: 40300 ns
[5714.867s][info ][safepoint      ] Safepoint "Cleanup", Time since last: 15000979171 ns, Reaching safepoint: 41400 ns, At safepoint: 2900 ns, Total: 44300 ns
[5719.747s][info ][gc,start       ] GC(158) Pause Young (Allocation Failure)
[5719.754s][debug][gc,phases      ] GC(158) Scavenge 6.991ms
[5719.755s][debug][gc,ref         ] GC(158) Skipped phase 1 of Reference Processing: no references
[5719.755s][debug][gc,ref         ] GC(158) ReferenceProcessor::execute queues: 1, RefProcThreadModel::Single, marks_oops_alive: false
[5719.755s][debug][gc,ref         ] GC(158) Skipped phase 3 of Reference Processing: no references
[5719.755s][debug][gc,ref         ] GC(158) ReferenceProcessor::execute queues: 1, RefProcThreadModel::Single, marks_oops_alive: false
[5719.755s][debug][gc,phases      ] GC(158) Reference Processing 0.101ms
[5719.755s][debug][gc,phases      ] GC(158)   VM Weak                        Min:  0.0, Avg:  0.0, Max:  0.0, Diff:  0.0, Sum:  0.0, Workers: 4
[5719.755s][debug][gc,phases      ] GC(158)     Dead                           Min: 0, Avg:  0.0, Max: 0, Diff: 0, Sum: 0, Workers: 4
[5719.755s][debug][gc,phases      ] GC(158)     Total                          Min: 0, Avg: 207.2, Max: 596, Diff: 596, Sum: 829, Workers: 4
[5719.755s][debug][gc,phases      ] GC(158)   ObjectSynchronizer Weak        Min:  0.0, Avg:  0.0, Max:  0.0, Diff:  0.0, Sum:  0.0, Workers: 4
[5719.755s][debug][gc,phases      ] GC(158)     Dead                           Min: 0, Avg:  0.0, Max: 0, Diff: 0, Sum: 0, Workers: 4
[5719.755s][debug][gc,phases      ] GC(158)     Total                          Min: 0, Avg: 15.5, Max: 62, Diff: 62, Sum: 62, Workers: 4
[5719.755s][debug][gc,phases      ] GC(158)   JVMTI Tag Weak OopStorage      Min:  0.0, Avg:  0.0, Max:  0.0, Diff:  0.0, Sum:  0.0, Workers: 4
[5719.755s][debug][gc,phases      ] GC(158)     Dead                           Min: 0, Avg:  0.0, Max: 0, Diff: 0, Sum: 0, Workers: 4
[5719.755s][debug][gc,phases      ] GC(158)     Total                          Min: 0, Avg:  0.0, Max: 0, Diff: 0, Sum: 0, Workers: 4
[5719.755s][debug][gc,phases      ] GC(158)   StringTable Weak               Min:  0.0, Avg:  0.1, Max:  0.1, Diff:  0.1, Sum:  0.3, Workers: 4
[5719.755s][debug][gc,phases      ] GC(158)     Dead                           Min: 0, Avg:  0.0, Max: 0, Diff: 0, Sum: 0, Workers: 4
[5719.755s][debug][gc,phases      ] GC(158)     Total                          Min: 0, Avg: 11077.0, Max: 18645, Diff: 18645, Sum: 44308, Workers: 4
[5719.755s][debug][gc,phases      ] GC(158)   ResolvedMethodTable Weak       Min:  0.0, Avg:  0.0, Max:  0.0, Diff:  0.0, Sum:  0.1, Workers: 4
[5719.755s][debug][gc,phases      ] GC(158)     Dead                           Min: 0, Avg:  0.0, Max: 0, Diff: 0, Sum: 0, Workers: 4
[5719.755s][debug][gc,phases      ] GC(158)     Total                          Min: 0, Avg: 2525.2, Max: 4287, Diff: 4287, Sum: 10101, Workers: 4
[5719.755s][debug][gc,phases      ] GC(158)   JNI Weak                       Min:  0.0, Avg:  0.0, Max:  0.0, Diff:  0.0, Sum:  0.0, Workers: 4
[5719.755s][debug][gc,phases      ] GC(158)     Dead                           Min: 0, Avg:  0.0, Max: 0, Diff: 0, Sum: 0, Workers: 4
[5719.755s][debug][gc,phases      ] GC(158)     Total                          Min: 0, Avg: 11.2, Max: 45, Diff: 45, Sum: 45, Workers: 4
[5719.755s][debug][gc,phases      ] GC(158)   StringDedup Table Weak         Min:  0.0, Avg:  0.0, Max:  0.0, Diff:  0.0, Sum:  0.0, Workers: 4
[5719.755s][debug][gc,phases      ] GC(158)     Dead                           Min: 0, Avg:  0.0, Max: 0, Diff: 0, Sum: 0, Workers: 4
[5719.755s][debug][gc,phases      ] GC(158)     Total                          Min: 0, Avg:  0.0, Max: 0, Diff: 0, Sum: 0, Workers: 4
[5719.755s][debug][gc,phases      ] GC(158)   StringDedup Requests0 Weak     Min:  0.0, Avg:  0.0, Max:  0.0, Diff:  0.0, Sum:  0.0, Workers: 4
[5719.755s][debug][gc,phases      ] GC(158)     Dead                           Min: 0, Avg:  0.0, Max: 0, Diff: 0, Sum: 0, Workers: 4
[5719.755s][debug][gc,phases      ] GC(158)     Total                          Min: 0, Avg:  0.0, Max: 0, Diff: 0, Sum: 0, Workers: 4
[5719.755s][debug][gc,phases      ] GC(158)   StringDedup Requests1 Weak     Min:  0.0, Avg:  0.0, Max:  0.0, Diff:  0.0, Sum:  0.0, Workers: 4
[5719.755s][debug][gc,phases      ] GC(158)     Dead                           Min: 0, Avg:  0.0, Max: 0, Diff: 0, Sum: 0, Workers: 4
[5719.755s][debug][gc,phases      ] GC(158)     Total                          Min: 0, Avg:  0.0, Max: 0, Diff: 0, Sum: 0, Workers: 4
[5719.755s][debug][gc,phases      ] GC(158)   Weak JFR Old Object Samples    Min:  0.0, Avg:  0.0, Max:  0.0, Diff:  0.0, Sum:  0.0, Workers: 4
[5719.755s][debug][gc,phases      ] GC(158)     Dead                           Min: 0, Avg:  0.0, Max: 0, Diff: 0, Sum: 0, Workers: 4
[5719.755s][debug][gc,phases      ] GC(158)     Total                          Min: 0, Avg:  0.0, Max: 0, Diff: 0, Sum: 0, Workers: 4
[5719.755s][debug][gc,phases      ] GC(158) Weak Processing 0.300ms
[5719.755s][debug][gc,age         ] GC(158) Desired survivor size 151519232 bytes, new threshold 15 (max threshold 15)
[5719.755s][info ][gc,heap        ] GC(158) PSYoungGen: 1780864K(1925120K)->20429K(1949184K) Eden: 1761280K(1761280K)->0K(1793024K) From: 19584K(163840K)->20429K(156160K)
[5719.755s][info ][gc,heap        ] GC(158) ParOldGen: 456232K(674816K)->456232K(674816K)
[5719.755s][info ][gc,metaspace   ] GC(158) Metaspace: 85284K(86336K)->85284K(86336K) NonClass: 73343K(73856K)->73343K(73856K) Class: 11940K(12480K)->11940K(12480K)
[5719.755s][info ][gc             ] GC(158) Pause Young (Allocation Failure) 2184M->465M(2562M) 7.492ms
[5719.755s][info ][gc,cpu         ] GC(158) User=0.02s Sys=0.00s Real=0.01s
[5719.755s][info ][safepoint      ] Safepoint "ParallelGCFailedAllocation", Time since last: 4880383074 ns, Reaching safepoint: 108800 ns, At safepoint: 7557211 ns, Total: 7666011 ns
[5740.757s][info ][safepoint      ] Safepoint "Cleanup", Time since last: 21001497087 ns, Reaching safepoint: 118700 ns, At safepoint: 8000 ns, Total: 126700 ns
[5741.757s][info ][safepoint      ] Safepoint "Cleanup", Time since last: 1000127701 ns, Reaching safepoint: 113400 ns, At safepoint: 6900 ns, Total: 120300 ns
[5742.757s][info ][safepoint      ] Safepoint "Cleanup", Time since last: 1000116710 ns, Reaching safepoint: 115500 ns, At safepoint: 6200 ns, Total: 121700 ns
[5755.758s][info ][safepoint      ] Safepoint "Cleanup", Time since last: 13000966161 ns, Reaching safepoint: 116900 ns, At safepoint: 26800 ns, Total: 143700 ns
[5757.759s][info ][safepoint      ] Safepoint "Cleanup", Time since last: 2000180260 ns, Reaching safepoint: 109200 ns, At safepoint: 6300 ns, Total: 115500 ns
[5759.759s][info ][safepoint      ] Safepoint "Cleanup", Time since last: 2000188761 ns, Reaching safepoint: 118500 ns, At safepoint: 5400 ns, Total: 123900 ns
[5766.611s][info ][gc,start       ] GC(159) Pause Young (Allocation Failure)
[5766.617s][debug][gc,phases      ] GC(159) Scavenge 6.202ms
[5766.617s][debug][gc,ref         ] GC(159) Skipped phase 1 of Reference Processing: no references
[5766.617s][debug][gc,ref         ] GC(159) ReferenceProcessor::execute queues: 1, RefProcThreadModel::Single, marks_oops_alive: false
[5766.617s][debug][gc,ref         ] GC(159) Skipped phase 3 of Reference Processing: no references
[5766.617s][debug][gc,ref         ] GC(159) ReferenceProcessor::execute queues: 1, RefProcThreadModel::Single, marks_oops_alive: false
[5766.617s][debug][gc,phases      ] GC(159) Reference Processing 0.101ms
[5766.617s][debug][gc,phases      ] GC(159)   VM Weak                        Min:  0.0, Avg:  0.0, Max:  0.0, Diff:  0.0, Sum:  0.0, Workers: 4
[5766.617s][debug][gc,phases      ] GC(159)     Dead                           Min: 0, Avg:  0.0, Max: 0, Diff: 0, Sum: 0, Workers: 4
[5766.617s][debug][gc,phases      ] GC(159)     Total                          Min: 0, Avg: 207.2, Max: 673, Diff: 673, Sum: 829, Workers: 4
[5766.617s][debug][gc,phases      ] GC(159)   ObjectSynchronizer Weak        Min:  0.0, Avg:  0.0, Max:  0.0, Diff:  0.0, Sum:  0.0, Workers: 4
[5766.617s][debug][gc,phases      ] GC(159)     Dead                           Min: 0, Avg:  0.0, Max: 0, Diff: 0, Sum: 0, Workers: 4
[5766.617s][debug][gc,phases      ] GC(159)     Total                          Min: 0, Avg: 15.5, Max: 62, Diff: 62, Sum: 62, Workers: 4
[5766.617s][debug][gc,phases      ] GC(159)   JVMTI Tag Weak OopStorage      Min:  0.0, Avg:  0.0, Max:  0.0, Diff:  0.0, Sum:  0.0, Workers: 4
[5766.617s][debug][gc,phases      ] GC(159)     Dead                           Min: 0, Avg:  0.0, Max: 0, Diff: 0, Sum: 0, Workers: 4
[5766.617s][debug][gc,phases      ] GC(159)     Total                          Min: 0, Avg:  0.0, Max: 0, Diff: 0, Sum: 0, Workers: 4
[5766.617s][debug][gc,phases      ] GC(159)   StringTable Weak               Min:  0.0, Avg:  0.1, Max:  0.1, Diff:  0.1, Sum:  0.3, Workers: 4
[5766.617s][debug][gc,phases      ] GC(159)     Dead                           Min: 0, Avg:  0.0, Max: 0, Diff: 0, Sum: 0, Workers: 4
[5766.617s][debug][gc,phases      ] GC(159)     Total                          Min: 0, Avg: 11077.0, Max: 19221, Diff: 19221, Sum: 44308, Workers: 4
[5766.617s][debug][gc,phases      ] GC(159)   ResolvedMethodTable Weak       Min:  0.0, Avg:  0.0, Max:  0.0, Diff:  0.0, Sum:  0.1, Workers: 4
[5766.617s][debug][gc,phases      ] GC(159)     Dead                           Min: 0, Avg:  0.0, Max: 0, Diff: 0, Sum: 0, Workers: 4
[5766.617s][debug][gc,phases      ] GC(159)     Total                          Min: 0, Avg: 2525.2, Max: 4223, Diff: 4223, Sum: 10101, Workers: 4
[5766.617s][debug][gc,phases      ] GC(159)   JNI Weak                       Min:  0.0, Avg:  0.0, Max:  0.0, Diff:  0.0, Sum:  0.0, Workers: 4
[5766.617s][debug][gc,phases      ] GC(159)     Dead                           Min: 0, Avg:  0.0, Max: 0, Diff: 0, Sum: 0, Workers: 4
[5766.617s][debug][gc,phases      ] GC(159)     Total                          Min: 0, Avg: 11.2, Max: 45, Diff: 45, Sum: 45, Workers: 4
[5766.617s][debug][gc,phases      ] GC(159)   StringDedup Table Weak         Min:  0.0, Avg:  0.0, Max:  0.0, Diff:  0.0, Sum:  0.0, Workers: 4
[5766.617s][debug][gc,phases      ] GC(159)     Dead                           Min: 0, Avg:  0.0, Max: 0, Diff: 0, Sum: 0, Workers: 4
[5766.617s][debug][gc,phases      ] GC(159)     Total                          Min: 0, Avg:  0.0, Max: 0, Diff: 0, Sum: 0, Workers: 4
[5766.617s][debug][gc,phases      ] GC(159)   StringDedup Requests0 Weak     Min:  0.0, Avg:  0.0, Max:  0.0, Diff:  0.0, Sum:  0.0, Workers: 4
[5766.617s][debug][gc,phases      ] GC(159)     Dead                           Min: 0, Avg:  0.0, Max: 0, Diff: 0, Sum: 0, Workers: 4
[5766.617s][debug][gc,phases      ] GC(159)     Total                          Min: 0, Avg:  0.0, Max: 0, Diff: 0, Sum: 0, Workers: 4
[5766.617s][debug][gc,phases      ] GC(159)   StringDedup Requests1 Weak     Min:  0.0, Avg:  0.0, Max:  0.0, Diff:  0.0, Sum:  0.0, Workers: 4
[5766.617s][debug][gc,phases      ] GC(159)     Dead                           Min: 0, Avg:  0.0, Max: 0, Diff: 0, Sum: 0, Workers: 4
[5766.617s][debug][gc,phases      ] GC(159)     Total                          Min: 0, Avg:  0.0, Max: 0, Diff: 0, Sum: 0, Workers: 4
[5766.617s][debug][gc,phases      ] GC(159)   Weak JFR Old Object Samples    Min:  0.0, Avg:  0.0, Max:  0.0, Diff:  0.0, Sum:  0.0, Workers: 4
[5766.617s][debug][gc,phases      ] GC(159)     Dead                           Min: 0, Avg:  0.0, Max: 0, Diff: 0, Sum: 0, Workers: 4
[5766.617s][debug][gc,phases      ] GC(159)     Total                          Min: 0, Avg:  0.0, Max: 0, Diff: 0, Sum: 0, Workers: 4
[5766.617s][debug][gc,phases      ] GC(159) Weak Processing 0.295ms
[5766.617s][debug][gc,age         ] GC(159) Desired survivor size 144179200 bytes, new threshold 15 (max threshold 15)
[5766.617s][info ][gc,heap        ] GC(159) PSYoungGen: 1813453K(1949184K)->19344K(1940992K) Eden: 1793024K(1793024K)->0K(1793024K) From: 20429K(156160K)->19344K(147968K)
[5766.617s][info ][gc,heap        ] GC(159) ParOldGen: 456232K(674816K)->456556K(674816K)
[5766.617s][info ][gc,metaspace   ] GC(159) Metaspace: 85289K(86336K)->85289K(86336K) NonClass: 73348K(73856K)->73348K(73856K) Class: 11940K(12480K)->11940K(12480K)
[5766.617s][info ][gc             ] GC(159) Pause Young (Allocation Failure) 2216M->464M(2554M) 6.713ms
[5766.617s][info ][gc,cpu         ] GC(159) User=0.02s Sys=0.01s Real=0.00s
[5766.617s][info ][safepoint      ] Safepoint "ParallelGCFailedAllocation", Time since last: 6851724431 ns, Reaching safepoint: 31500 ns, At safepoint: 6782910 ns, Total: 6814410 ns
[5768.618s][info ][safepoint      ] Safepoint "Cleanup", Time since last: 2000170869 ns, Reaching safepoint: 50900 ns, At safepoint: 3000 ns, Total: 53900 ns
[5769.618s][info ][safepoint      ] Safepoint "Cleanup", Time since last: 1000113035 ns, Reaching safepoint: 55800 ns, At safepoint: 8300 ns, Total: 64100 ns
[5780.619s][info ][safepoint      ] Safepoint "Cleanup", Time since last: 11000760292 ns, Reaching safepoint: 41100 ns, At safepoint: 2700 ns, Total: 43800 ns
[5783.619s][info ][safepoint      ] Safepoint "Cleanup", Time since last: 3000242941 ns, Reaching safepoint: 41300 ns, At safepoint: 26800 ns, Total: 68100 ns
[5793.620s][info ][safepoint      ] Safepoint "Cleanup", Time since last: 10000685107 ns, Reaching safepoint: 42400 ns, At safepoint: 3200 ns, Total: 45600 ns
[5798.620s][info ][safepoint      ] Safepoint "Cleanup", Time since last: 5000328044 ns, Reaching safepoint: 50500 ns, At safepoint: 2900 ns, Total: 53400 ns
[5810.308s][info ][gc,start       ] GC(160) Pause Young (Allocation Failure)
[5810.314s][debug][gc,phases      ] GC(160) Scavenge 6.371ms
[5810.314s][debug][gc,ref         ] GC(160) Skipped phase 1 of Reference Processing: no references
[5810.314s][debug][gc,ref         ] GC(160) ReferenceProcessor::execute queues: 1, RefProcThreadModel::Single, marks_oops_alive: false
[5810.314s][debug][gc,ref         ] GC(160) Skipped phase 3 of Reference Processing: no references
[5810.314s][debug][gc,ref         ] GC(160) ReferenceProcessor::execute queues: 1, RefProcThreadModel::Single, marks_oops_alive: false
[5810.314s][debug][gc,phases      ] GC(160) Reference Processing 0.123ms
[5810.314s][debug][gc,phases      ] GC(160)   VM Weak                        Min:  0.0, Avg:  0.0, Max:  0.0, Diff:  0.0, Sum:  0.0, Workers: 4
[5810.314s][debug][gc,phases      ] GC(160)     Dead                           Min: 0, Avg:  0.0, Max: 0, Diff: 0, Sum: 0, Workers: 4
[5810.314s][debug][gc,phases      ] GC(160)     Total                          Min: 0, Avg: 207.2, Max: 573, Diff: 573, Sum: 829, Workers: 4
[5810.314s][debug][gc,phases      ] GC(160)   ObjectSynchronizer Weak        Min:  0.0, Avg:  0.0, Max:  0.0, Diff:  0.0, Sum:  0.0, Workers: 4
[5810.314s][debug][gc,phases      ] GC(160)     Dead                           Min: 0, Avg:  0.0, Max: 0, Diff: 0, Sum: 0, Workers: 4
[5810.314s][debug][gc,phases      ] GC(160)     Total                          Min: 0, Avg: 15.5, Max: 62, Diff: 62, Sum: 62, Workers: 4
[5810.314s][debug][gc,phases      ] GC(160)   JVMTI Tag Weak OopStorage      Min:  0.0, Avg:  0.0, Max:  0.0, Diff:  0.0, Sum:  0.0, Workers: 4
[5810.314s][debug][gc,phases      ] GC(160)     Dead                           Min: 0, Avg:  0.0, Max: 0, Diff: 0, Sum: 0, Workers: 4
[5810.314s][debug][gc,phases      ] GC(160)     Total                          Min: 0, Avg:  0.0, Max: 0, Diff: 0, Sum: 0, Workers: 4
[5810.314s][debug][gc,phases      ] GC(160)   StringTable Weak               Min:  0.1, Avg:  0.1, Max:  0.1, Diff:  0.0, Sum:  0.4, Workers: 4
[5810.314s][debug][gc,phases      ] GC(160)     Dead                           Min: 0, Avg:  0.0, Max: 0, Diff: 0, Sum: 0, Workers: 4
[5810.314s][debug][gc,phases      ] GC(160)     Total                          Min: 9856, Avg: 11077.0, Max: 11648, Diff: 1792, Sum: 44308, Workers: 4
[5810.314s][debug][gc,phases      ] GC(160)   ResolvedMethodTable Weak       Min:  0.0, Avg:  0.0, Max:  0.0, Diff:  0.0, Sum:  0.1, Workers: 4
[5810.314s][debug][gc,phases      ] GC(160)     Dead                           Min: 0, Avg:  0.0, Max: 0, Diff: 0, Sum: 0, Workers: 4
[5810.314s][debug][gc,phases      ] GC(160)     Total                          Min: 2422, Avg: 2525.2, Max: 2624, Diff: 202, Sum: 10101, Workers: 4
[5810.315s][debug][gc,phases      ] GC(160)   JNI Weak                       Min:  0.0, Avg:  0.0, Max:  0.0, Diff:  0.0, Sum:  0.0, Workers: 4
[5810.315s][debug][gc,phases      ] GC(160)     Dead                           Min: 0, Avg:  0.0, Max: 0, Diff: 0, Sum: 0, Workers: 4
[5810.315s][debug][gc,phases      ] GC(160)     Total                          Min: 0, Avg: 11.2, Max: 45, Diff: 45, Sum: 45, Workers: 4
[5810.315s][debug][gc,phases      ] GC(160)   StringDedup Table Weak         Min:  0.0, Avg:  0.0, Max:  0.0, Diff:  0.0, Sum:  0.0, Workers: 4
[5810.315s][debug][gc,phases      ] GC(160)     Dead                           Min: 0, Avg:  0.0, Max: 0, Diff: 0, Sum: 0, Workers: 4
[5810.315s][debug][gc,phases      ] GC(160)     Total                          Min: 0, Avg:  0.0, Max: 0, Diff: 0, Sum: 0, Workers: 4
[5810.315s][debug][gc,phases      ] GC(160)   StringDedup Requests0 Weak     Min:  0.0, Avg:  0.0, Max:  0.0, Diff:  0.0, Sum:  0.0, Workers: 4
[5810.315s][debug][gc,phases      ] GC(160)     Dead                           Min: 0, Avg:  0.0, Max: 0, Diff: 0, Sum: 0, Workers: 4
[5810.315s][debug][gc,phases      ] GC(160)     Total                          Min: 0, Avg:  0.0, Max: 0, Diff: 0, Sum: 0, Workers: 4
[5810.315s][debug][gc,phases      ] GC(160)   StringDedup Requests1 Weak     Min:  0.0, Avg:  0.0, Max:  0.0, Diff:  0.0, Sum:  0.0, Workers: 4
[5810.315s][debug][gc,phases      ] GC(160)     Dead                           Min: 0, Avg:  0.0, Max: 0, Diff: 0, Sum: 0, Workers: 4
[5810.315s][debug][gc,phases      ] GC(160)     Total                          Min: 0, Avg:  0.0, Max: 0, Diff: 0, Sum: 0, Workers: 4
[5810.315s][debug][gc,phases      ] GC(160)   Weak JFR Old Object Samples    Min:  0.0, Avg:  0.0, Max:  0.0, Diff:  0.0, Sum:  0.0, Workers: 4
[5810.315s][debug][gc,phases      ] GC(160)     Dead                           Min: 0, Avg:  0.0, Max: 0, Diff: 0, Sum: 0, Workers: 4
[5810.315s][debug][gc,phases      ] GC(160)     Total                          Min: 0, Avg:  0.0, Max: 0, Diff: 0, Sum: 0, Workers: 4
[5810.315s][debug][gc,phases      ] GC(160) Weak Processing 0.281ms
[5810.315s][debug][gc,age         ] GC(160) Desired survivor size 136314880 bytes, new threshold 15 (max threshold 15)
[5810.315s][info ][gc,heap        ] GC(160) PSYoungGen: 1812368K(1940992K)->19248K(1964032K) Eden: 1793024K(1793024K)->0K(1823232K) From: 19344K(147968K)->19248K(140800K)
[5810.315s][info ][gc,heap        ] GC(160) ParOldGen: 456556K(674816K)->456636K(674816K)
[5810.315s][info ][gc,metaspace   ] GC(160) Metaspace: 85294K(86336K)->85294K(86336K) NonClass: 73353K(73856K)->73353K(73856K) Class: 11940K(12480K)->11940K(12480K)
[5810.315s][info ][gc             ] GC(160) Pause Young (Allocation Failure) 2215M->464M(2577M) 6.886ms
[5810.315s][info ][gc,cpu         ] GC(160) User=0.03s Sys=0.00s Real=0.01s
[5810.315s][info ][safepoint      ] Safepoint "ParallelGCFailedAllocation", Time since last: 11687579635 ns, Reaching safepoint: 105700 ns, At safepoint: 6952313 ns, Total: 7058013 ns
[5813.315s][info ][safepoint      ] Safepoint "Cleanup", Time since last: 3000251601 ns, Reaching safepoint: 41300 ns, At safepoint: 3300 ns, Total: 44600 ns
[5841.317s][info ][safepoint      ] Safepoint "Cleanup", Time since last: 28001907858 ns, Reaching safepoint: 44400 ns, At safepoint: 3000 ns, Total: 47400 ns
[5863.112s][info ][gc,start       ] GC(161) Pause Young (Allocation Failure)
[5863.119s][debug][gc,phases      ] GC(161) Scavenge 6.601ms
[5863.119s][debug][gc,ref         ] GC(161) Skipped phase 1 of Reference Processing: no references
[5863.119s][debug][gc,ref         ] GC(161) ReferenceProcessor::execute queues: 1, RefProcThreadModel::Single, marks_oops_alive: false
[5863.119s][debug][gc,ref         ] GC(161) Skipped phase 3 of Reference Processing: no references
[5863.119s][debug][gc,ref         ] GC(161) ReferenceProcessor::execute queues: 1, RefProcThreadModel::Single, marks_oops_alive: false
[5863.119s][debug][gc,phases      ] GC(161) Reference Processing 0.097ms
[5863.119s][debug][gc,phases      ] GC(161)   VM Weak                        Min:  0.0, Avg:  0.0, Max:  0.0, Diff:  0.0, Sum:  0.0, Workers: 4
[5863.119s][debug][gc,phases      ] GC(161)     Dead                           Min: 0, Avg:  0.0, Max: 0, Diff: 0, Sum: 0, Workers: 4
[5863.119s][debug][gc,phases      ] GC(161)     Total                          Min: 0, Avg: 207.2, Max: 568, Diff: 568, Sum: 829, Workers: 4
[5863.119s][debug][gc,phases      ] GC(161)   ObjectSynchronizer Weak        Min:  0.0, Avg:  0.0, Max:  0.0, Diff:  0.0, Sum:  0.0, Workers: 4
[5863.119s][debug][gc,phases      ] GC(161)     Dead                           Min: 0, Avg:  0.0, Max: 0, Diff: 0, Sum: 0, Workers: 4
[5863.119s][debug][gc,phases      ] GC(161)     Total                          Min: 0, Avg: 15.5, Max: 62, Diff: 62, Sum: 62, Workers: 4
[5863.119s][debug][gc,phases      ] GC(161)   JVMTI Tag Weak OopStorage      Min:  0.0, Avg:  0.0, Max:  0.0, Diff:  0.0, Sum:  0.0, Workers: 4
[5863.119s][debug][gc,phases      ] GC(161)     Dead                           Min: 0, Avg:  0.0, Max: 0, Diff: 0, Sum: 0, Workers: 4
[5863.119s][debug][gc,phases      ] GC(161)     Total                          Min: 0, Avg:  0.0, Max: 0, Diff: 0, Sum: 0, Workers: 4
[5863.119s][debug][gc,phases      ] GC(161)   StringTable Weak               Min:  0.0, Avg:  0.1, Max:  0.1, Diff:  0.1, Sum:  0.3, Workers: 4
[5863.119s][debug][gc,phases      ] GC(161)     Dead                           Min: 0, Avg:  0.0, Max: 0, Diff: 0, Sum: 0, Workers: 4
[5863.119s][debug][gc,phases      ] GC(161)     Total                          Min: 0, Avg: 11077.0, Max: 18133, Diff: 18133, Sum: 44308, Workers: 4
[5863.119s][debug][gc,phases      ] GC(161)   ResolvedMethodTable Weak       Min:  0.0, Avg:  0.0, Max:  0.0, Diff:  0.0, Sum:  0.1, Workers: 4
[5863.119s][debug][gc,phases      ] GC(161)     Dead                           Min: 0, Avg:  0.0, Max: 0, Diff: 0, Sum: 0, Workers: 4
[5863.119s][debug][gc,phases      ] GC(161)     Total                          Min: 0, Avg: 2525.2, Max: 4223, Diff: 4223, Sum: 10101, Workers: 4
[5863.119s][debug][gc,phases      ] GC(161)   JNI Weak                       Min:  0.0, Avg:  0.0, Max:  0.0, Diff:  0.0, Sum:  0.0, Workers: 4
[5863.119s][debug][gc,phases      ] GC(161)     Dead                           Min: 0, Avg:  0.0, Max: 0, Diff: 0, Sum: 0, Workers: 4
[5863.119s][debug][gc,phases      ] GC(161)     Total                          Min: 0, Avg: 11.2, Max: 45, Diff: 45, Sum: 45, Workers: 4
[5863.119s][debug][gc,phases      ] GC(161)   StringDedup Table Weak         Min:  0.0, Avg:  0.0, Max:  0.0, Diff:  0.0, Sum:  0.0, Workers: 4
[5863.119s][debug][gc,phases      ] GC(161)     Dead                           Min: 0, Avg:  0.0, Max: 0, Diff: 0, Sum: 0, Workers: 4
[5863.119s][debug][gc,phases      ] GC(161)     Total                          Min: 0, Avg:  0.0, Max: 0, Diff: 0, Sum: 0, Workers: 4
[5863.119s][debug][gc,phases      ] GC(161)   StringDedup Requests0 Weak     Min:  0.0, Avg:  0.0, Max:  0.0, Diff:  0.0, Sum:  0.0, Workers: 4
[5863.119s][debug][gc,phases      ] GC(161)     Dead                           Min: 0, Avg:  0.0, Max: 0, Diff: 0, Sum: 0, Workers: 4
[5863.119s][debug][gc,phases      ] GC(161)     Total                          Min: 0, Avg:  0.0, Max: 0, Diff: 0, Sum: 0, Workers: 4
[5863.119s][debug][gc,phases      ] GC(161)   StringDedup Requests1 Weak     Min:  0.0, Avg:  0.0, Max:  0.0, Diff:  0.0, Sum:  0.0, Workers: 4
[5863.119s][debug][gc,phases      ] GC(161)     Dead                           Min: 0, Avg:  0.0, Max: 0, Diff: 0, Sum: 0, Workers: 4
[5863.119s][debug][gc,phases      ] GC(161)     Total                          Min: 0, Avg:  0.0, Max: 0, Diff: 0, Sum: 0, Workers: 4
[5863.119s][debug][gc,phases      ] GC(161)   Weak JFR Old Object Samples    Min:  0.0, Avg:  0.0, Max:  0.0, Diff:  0.0, Sum:  0.0, Workers: 4
[5863.119s][debug][gc,phases      ] GC(161)     Dead                           Min: 0, Avg:  0.0, Max: 0, Diff: 0, Sum: 0, Workers: 4
[5863.119s][debug][gc,phases      ] GC(161)     Total                          Min: 0, Avg:  0.0, Max: 0, Diff: 0, Sum: 0, Workers: 4
[5863.119s][debug][gc,phases      ] GC(161) Weak Processing 0.285ms
[5863.119s][debug][gc,age         ] GC(161) Desired survivor size 131596288 bytes, new threshold 15 (max threshold 15)
[5863.119s][info ][gc,heap        ] GC(161) PSYoungGen: 1842480K(1964032K)->5904K(1956352K) Eden: 1823232K(1823232K)->0K(1823232K) From: 19248K(140800K)->5904K(133120K)
[5863.119s][info ][gc,heap        ] GC(161) ParOldGen: 456636K(674816K)->470916K(674816K)
[5863.119s][info ][gc,metaspace   ] GC(161) Metaspace: 85297K(86336K)->85297K(86336K) NonClass: 73356K(73856K)->73356K(73856K) Class: 11940K(12480K)->11940K(12480K)
[5863.119s][info ][gc             ] GC(161) Pause Young (Allocation Failure) 2245M->465M(2569M) 7.088ms
[5863.119s][info ][gc,cpu         ] GC(161) User=0.02s Sys=0.00s Real=0.01s
[5863.119s][info ][safepoint      ] Safepoint "ParallelGCFailedAllocation", Time since last: 21795156649 ns, Reaching safepoint: 33200 ns, At safepoint: 7150213 ns, Total: 7183413 ns
[5865.119s][info ][safepoint      ] Safepoint "Cleanup", Time since last: 2000164200 ns, Reaching safepoint: 74100 ns, At safepoint: 2200 ns, Total: 76300 ns
[5866.120s][info ][safepoint      ] Safepoint "Cleanup", Time since last: 1000104301 ns, Reaching safepoint: 59900 ns, At safepoint: 2400 ns, Total: 62300 ns
[5871.120s][info ][safepoint      ] Safepoint "Cleanup", Time since last: 5000432262 ns, Reaching safepoint: 45100 ns, At safepoint: 4700 ns, Total: 49800 ns
[5876.121s][info ][safepoint      ] Safepoint "Cleanup", Time since last: 5000441758 ns, Reaching safepoint: 56700 ns, At safepoint: 8300 ns, Total: 65000 ns
[5880.121s][info ][safepoint      ] Safepoint "Cleanup", Time since last: 4000387632 ns, Reaching safepoint: 42800 ns, At safepoint: 2300 ns, Total: 45100 ns
[5881.121s][info ][safepoint      ] Safepoint "Cleanup", Time since last: 1000098156 ns, Reaching safepoint: 46400 ns, At safepoint: 6900 ns, Total: 53300 ns
[5882.121s][info ][safepoint      ] Safepoint "Cleanup", Time since last: 1000109457 ns, Reaching safepoint: 52600 ns, At safepoint: 5100 ns, Total: 57700 ns
[5885.122s][info ][safepoint      ] Safepoint "Cleanup", Time since last: 3000298569 ns, Reaching safepoint: 30100 ns, At safepoint: 3000 ns, Total: 33100 ns
[5900.123s][info ][safepoint      ] Safepoint "Cleanup", Time since last: 15000961138 ns, Reaching safepoint: 39800 ns, At safepoint: 3100 ns, Total: 42900 ns
[5903.123s][info ][safepoint      ] Safepoint "Cleanup", Time since last: 3000198260 ns, Reaching safepoint: 42600 ns, At safepoint: 7800 ns, Total: 50400 ns
[5912.610s][info ][gc,start       ] GC(162) Pause Young (Allocation Failure)
[5912.615s][debug][gc,phases      ] GC(162) Scavenge 5.107ms
[5912.615s][debug][gc,ref         ] GC(162) Skipped phase 1 of Reference Processing: no references
[5912.615s][debug][gc,ref         ] GC(162) ReferenceProcessor::execute queues: 1, RefProcThreadModel::Single, marks_oops_alive: false
[5912.615s][debug][gc,ref         ] GC(162) Skipped phase 3 of Reference Processing: no references
[5912.615s][debug][gc,ref         ] GC(162) ReferenceProcessor::execute queues: 1, RefProcThreadModel::Single, marks_oops_alive: false
[5912.615s][debug][gc,phases      ] GC(162) Reference Processing 0.097ms
[5912.615s][debug][gc,phases      ] GC(162)   VM Weak                        Min:  0.0, Avg:  0.0, Max:  0.0, Diff:  0.0, Sum:  0.0, Workers: 4
[5912.615s][debug][gc,phases      ] GC(162)     Dead                           Min: 0, Avg:  0.0, Max: 0, Diff: 0, Sum: 0, Workers: 4
[5912.615s][debug][gc,phases      ] GC(162)     Total                          Min: 0, Avg: 207.2, Max: 459, Diff: 459, Sum: 829, Workers: 4
[5912.615s][debug][gc,phases      ] GC(162)   ObjectSynchronizer Weak        Min:  0.0, Avg:  0.0, Max:  0.0, Diff:  0.0, Sum:  0.0, Workers: 4
[5912.615s][debug][gc,phases      ] GC(162)     Dead                           Min: 0, Avg:  0.0, Max: 0, Diff: 0, Sum: 0, Workers: 4
[5912.615s][debug][gc,phases      ] GC(162)     Total                          Min: 0, Avg: 15.5, Max: 62, Diff: 62, Sum: 62, Workers: 4
[5912.615s][debug][gc,phases      ] GC(162)   JVMTI Tag Weak OopStorage      Min:  0.0, Avg:  0.0, Max:  0.0, Diff:  0.0, Sum:  0.0, Workers: 4
[5912.615s][debug][gc,phases      ] GC(162)     Dead                           Min: 0, Avg:  0.0, Max: 0, Diff: 0, Sum: 0, Workers: 4
[5912.615s][debug][gc,phases      ] GC(162)     Total                          Min: 0, Avg:  0.0, Max: 0, Diff: 0, Sum: 0, Workers: 4
[5912.615s][debug][gc,phases      ] GC(162)   StringTable Weak               Min:  0.0, Avg:  0.1, Max:  0.1, Diff:  0.1, Sum:  0.3, Workers: 4
[5912.615s][debug][gc,phases      ] GC(162)     Dead                           Min: 0, Avg:  0.0, Max: 0, Diff: 0, Sum: 0, Workers: 4
[5912.615s][debug][gc,phases      ] GC(162)     Total                          Min: 0, Avg: 11077.5, Max: 18775, Diff: 18775, Sum: 44310, Workers: 4
[5912.616s][debug][gc,phases      ] GC(162)   ResolvedMethodTable Weak       Min:  0.0, Avg:  0.0, Max:  0.0, Diff:  0.0, Sum:  0.1, Workers: 4
[5912.616s][debug][gc,phases      ] GC(162)     Dead                           Min: 0, Avg:  0.0, Max: 0, Diff: 0, Sum: 0, Workers: 4
[5912.616s][debug][gc,phases      ] GC(162)     Total                          Min: 0, Avg: 2525.2, Max: 4288, Diff: 4288, Sum: 10101, Workers: 4
[5912.616s][debug][gc,phases      ] GC(162)   JNI Weak                       Min:  0.0, Avg:  0.0, Max:  0.0, Diff:  0.0, Sum:  0.0, Workers: 4
[5912.616s][debug][gc,phases      ] GC(162)     Dead                           Min: 0, Avg:  0.0, Max: 0, Diff: 0, Sum: 0, Workers: 4
[5912.616s][debug][gc,phases      ] GC(162)     Total                          Min: 0, Avg: 11.2, Max: 45, Diff: 45, Sum: 45, Workers: 4
[5912.616s][debug][gc,phases      ] GC(162)   StringDedup Table Weak         Min:  0.0, Avg:  0.0, Max:  0.0, Diff:  0.0, Sum:  0.0, Workers: 4
[5912.616s][debug][gc,phases      ] GC(162)     Dead                           Min: 0, Avg:  0.0, Max: 0, Diff: 0, Sum: 0, Workers: 4
[5912.616s][debug][gc,phases      ] GC(162)     Total                          Min: 0, Avg:  0.0, Max: 0, Diff: 0, Sum: 0, Workers: 4
[5912.616s][debug][gc,phases      ] GC(162)   StringDedup Requests0 Weak     Min:  0.0, Avg:  0.0, Max:  0.0, Diff:  0.0, Sum:  0.0, Workers: 4
[5912.616s][debug][gc,phases      ] GC(162)     Dead                           Min: 0, Avg:  0.0, Max: 0, Diff: 0, Sum: 0, Workers: 4
[5912.616s][debug][gc,phases      ] GC(162)     Total                          Min: 0, Avg:  0.0, Max: 0, Diff: 0, Sum: 0, Workers: 4
[5912.616s][debug][gc,phases      ] GC(162)   StringDedup Requests1 Weak     Min:  0.0, Avg:  0.0, Max:  0.0, Diff:  0.0, Sum:  0.0, Workers: 4
[5912.616s][debug][gc,phases      ] GC(162)     Dead                           Min: 0, Avg:  0.0, Max: 0, Diff: 0, Sum: 0, Workers: 4
[5912.616s][debug][gc,phases      ] GC(162)     Total                          Min: 0, Avg:  0.0, Max: 0, Diff: 0, Sum: 0, Workers: 4
[5912.616s][debug][gc,phases      ] GC(162)   Weak JFR Old Object Samples    Min:  0.0, Avg:  0.0, Max:  0.0, Diff:  0.0, Sum:  0.0, Workers: 4
[5912.616s][debug][gc,phases      ] GC(162)     Dead                           Min: 0, Avg:  0.0, Max: 0, Diff: 0, Sum: 0, Workers: 4
[5912.616s][debug][gc,phases      ] GC(162)     Total                          Min: 0, Avg:  0.0, Max: 0, Diff: 0, Sum: 0, Workers: 4
[5912.616s][debug][gc,phases      ] GC(162) Weak Processing 0.287ms
[5912.616s][debug][gc,age         ] GC(162) Desired survivor size 126353408 bytes, new threshold 15 (max threshold 15)
[5912.616s][info ][gc,heap        ] GC(162) PSYoungGen: 1829136K(1956352K)->5696K(1973760K) Eden: 1823232K(1823232K)->0K(1845248K) From: 5904K(133120K)->5696K(128512K)
[5912.616s][info ][gc,heap        ] GC(162) ParOldGen: 470916K(674816K)->470988K(674816K)
[5912.616s][info ][gc,metaspace   ] GC(162) Metaspace: 85302K(86336K)->85302K(86336K) NonClass: 73361K(73856K)->73361K(73856K) Class: 11941K(12480K)->11941K(12480K)
[5912.616s][info ][gc             ] GC(162) Pause Young (Allocation Failure) 2246M->465M(2586M) 5.587ms
[5912.616s][info ][gc,cpu         ] GC(162) User=0.01s Sys=0.01s Real=0.00s
[5912.616s][info ][safepoint      ] Safepoint "ParallelGCFailedAllocation", Time since last: 9487006325 ns, Reaching safepoint: 33000 ns, At safepoint: 5645912 ns, Total: 5678912 ns
[5928.617s][info ][safepoint      ] Safepoint "Cleanup", Time since last: 16001150351 ns, Reaching safepoint: 44400 ns, At safepoint: 33700 ns, Total: 78100 ns
[5935.617s][info ][safepoint      ] Safepoint "Cleanup", Time since last: 7000542269 ns, Reaching safepoint: 39701 ns, At safepoint: 3900 ns, Total: 43601 ns
[5951.618s][info ][safepoint      ] Safepoint "Cleanup", Time since last: 16000972157 ns, Reaching safepoint: 45000 ns, At safepoint: 2800 ns, Total: 47800 ns
[5953.619s][info ][safepoint      ] Safepoint "Cleanup", Time since last: 2000169594 ns, Reaching safepoint: 41100 ns, At safepoint: 2300 ns, Total: 43400 ns
[5954.619s][info ][safepoint      ] Safepoint "Cleanup", Time since last: 1000130947 ns, Reaching safepoint: 47100 ns, At safepoint: 7500 ns, Total: 54600 ns
[5955.619s][info ][safepoint      ] Safepoint "Cleanup", Time since last: 1000136486 ns, Reaching safepoint: 43800 ns, At safepoint: 2900 ns, Total: 46700 ns
[5964.206s][info ][gc,start       ] GC(163) Pause Young (Allocation Failure)
[5964.211s][debug][gc,phases      ] GC(163) Scavenge 5.009ms
[5964.211s][debug][gc,ref         ] GC(163) Skipped phase 1 of Reference Processing: no references
[5964.211s][debug][gc,ref         ] GC(163) ReferenceProcessor::execute queues: 1, RefProcThreadModel::Single, marks_oops_alive: false
[5964.211s][debug][gc,ref         ] GC(163) Skipped phase 3 of Reference Processing: no references
[5964.211s][debug][gc,ref         ] GC(163) ReferenceProcessor::execute queues: 1, RefProcThreadModel::Single, marks_oops_alive: false
[5964.211s][debug][gc,phases      ] GC(163) Reference Processing 0.100ms
[5964.211s][debug][gc,phases      ] GC(163)   VM Weak                        Min:  0.0, Avg:  0.0, Max:  0.0, Diff:  0.0, Sum:  0.0, Workers: 4
[5964.211s][debug][gc,phases      ] GC(163)     Dead                           Min: 0, Avg:  0.0, Max: 0, Diff: 0, Sum: 0, Workers: 4
[5964.211s][debug][gc,phases      ] GC(163)     Total                          Min: 0, Avg: 207.2, Max: 637, Diff: 637, Sum: 829, Workers: 4
[5964.211s][debug][gc,phases      ] GC(163)   ObjectSynchronizer Weak        Min:  0.0, Avg:  0.0, Max:  0.0, Diff:  0.0, Sum:  0.0, Workers: 4
[5964.211s][debug][gc,phases      ] GC(163)     Dead                           Min: 0, Avg:  0.0, Max: 0, Diff: 0, Sum: 0, Workers: 4
[5964.211s][debug][gc,phases      ] GC(163)     Total                          Min: 0, Avg: 15.5, Max: 62, Diff: 62, Sum: 62, Workers: 4
[5964.211s][debug][gc,phases      ] GC(163)   JVMTI Tag Weak OopStorage      Min:  0.0, Avg:  0.0, Max:  0.0, Diff:  0.0, Sum:  0.0, Workers: 4
[5964.211s][debug][gc,phases      ] GC(163)     Dead                           Min: 0, Avg:  0.0, Max: 0, Diff: 0, Sum: 0, Workers: 4
[5964.211s][debug][gc,phases      ] GC(163)     Total                          Min: 0, Avg:  0.0, Max: 0, Diff: 0, Sum: 0, Workers: 4
[5964.211s][debug][gc,phases      ] GC(163)   StringTable Weak               Min:  0.0, Avg:  0.1, Max:  0.1, Diff:  0.1, Sum:  0.3, Workers: 4
[5964.211s][debug][gc,phases      ] GC(163)     Dead                           Min: 0, Avg:  0.0, Max: 0, Diff: 0, Sum: 0, Workers: 4
[5964.211s][debug][gc,phases      ] GC(163)     Total                          Min: 0, Avg: 11077.5, Max: 17663, Diff: 17663, Sum: 44310, Workers: 4
[5964.211s][debug][gc,phases      ] GC(163)   ResolvedMethodTable Weak       Min:  0.0, Avg:  0.0, Max:  0.0, Diff:  0.0, Sum:  0.1, Workers: 4
[5964.211s][debug][gc,phases      ] GC(163)     Dead                           Min: 0, Avg:  0.0, Max: 0, Diff: 0, Sum: 0, Workers: 4
[5964.211s][debug][gc,phases      ] GC(163)     Total                          Min: 0, Avg: 2525.2, Max: 4279, Diff: 4279, Sum: 10101, Workers: 4
[5964.211s][debug][gc,phases      ] GC(163)   JNI Weak                       Min:  0.0, Avg:  0.0, Max:  0.0, Diff:  0.0, Sum:  0.0, Workers: 4
[5964.211s][debug][gc,phases      ] GC(163)     Dead                           Min: 0, Avg:  0.0, Max: 0, Diff: 0, Sum: 0, Workers: 4
[5964.211s][debug][gc,phases      ] GC(163)     Total                          Min: 0, Avg: 11.2, Max: 45, Diff: 45, Sum: 45, Workers: 4
[5964.211s][debug][gc,phases      ] GC(163)   StringDedup Table Weak         Min:  0.0, Avg:  0.0, Max:  0.0, Diff:  0.0, Sum:  0.0, Workers: 4
[5964.211s][debug][gc,phases      ] GC(163)     Dead                           Min: 0, Avg:  0.0, Max: 0, Diff: 0, Sum: 0, Workers: 4
[5964.211s][debug][gc,phases      ] GC(163)     Total                          Min: 0, Avg:  0.0, Max: 0, Diff: 0, Sum: 0, Workers: 4
[5964.211s][debug][gc,phases      ] GC(163)   StringDedup Requests0 Weak     Min:  0.0, Avg:  0.0, Max:  0.0, Diff:  0.0, Sum:  0.0, Workers: 4
[5964.211s][debug][gc,phases      ] GC(163)     Dead                           Min: 0, Avg:  0.0, Max: 0, Diff: 0, Sum: 0, Workers: 4
[5964.211s][debug][gc,phases      ] GC(163)     Total                          Min: 0, Avg:  0.0, Max: 0, Diff: 0, Sum: 0, Workers: 4
[5964.211s][debug][gc,phases      ] GC(163)   StringDedup Requests1 Weak     Min:  0.0, Avg:  0.0, Max:  0.0, Diff:  0.0, Sum:  0.0, Workers: 4
[5964.211s][debug][gc,phases      ] GC(163)     Dead                           Min: 0, Avg:  0.0, Max: 0, Diff: 0, Sum: 0, Workers: 4
[5964.211s][debug][gc,phases      ] GC(163)     Total                          Min: 0, Avg:  0.0, Max: 0, Diff: 0, Sum: 0, Workers: 4
[5964.211s][debug][gc,phases      ] GC(163)   Weak JFR Old Object Samples    Min:  0.0, Avg:  0.0, Max:  0.0, Diff:  0.0, Sum:  0.0, Workers: 4
[5964.211s][debug][gc,phases      ] GC(163)     Dead                           Min: 0, Avg:  0.0, Max: 0, Diff: 0, Sum: 0, Workers: 4
[5964.211s][debug][gc,phases      ] GC(163)     Total                          Min: 0, Avg:  0.0, Max: 0, Diff: 0, Sum: 0, Workers: 4
[5964.211s][debug][gc,phases      ] GC(163) Weak Processing 0.291ms
[5964.211s][debug][gc,age         ] GC(163) Desired survivor size 121110528 bytes, new threshold 15 (max threshold 15)
[5964.211s][info ][gc,heap        ] GC(163) PSYoungGen: 1850944K(1973760K)->5920K(1968640K) Eden: 1845248K(1845248K)->0K(1845248K) From: 5696K(128512K)->5920K(123392K)
[5964.211s][info ][gc,heap        ] GC(163) ParOldGen: 470988K(674816K)->471036K(674816K)
[5964.211s][info ][gc,metaspace   ] GC(163) Metaspace: 85305K(86400K)->85305K(86400K) NonClass: 73363K(73920K)->73363K(73920K) Class: 11941K(12480K)->11941K(12480K)
[5964.211s][info ][gc             ] GC(163) Pause Young (Allocation Failure) 2267M->465M(2581M) 5.515ms
[5964.211s][info ][gc,cpu         ] GC(163) User=0.01s Sys=0.01s Real=0.01s
[5964.211s][info ][safepoint      ] Safepoint "ParallelGCFailedAllocation", Time since last: 8586689501 ns, Reaching safepoint: 25600 ns, At safepoint: 5578313 ns, Total: 5603913 ns
[5967.212s][info ][safepoint      ] Safepoint "Cleanup", Time since last: 3000258821 ns, Reaching safepoint: 111100 ns, At safepoint: 6500 ns, Total: 117600 ns
[5976.212s][info ][safepoint      ] Safepoint "Cleanup", Time since last: 9000694665 ns, Reaching safepoint: 45600 ns, At safepoint: 2900 ns, Total: 48500 ns
[5977.213s][info ][safepoint      ] Safepoint "Cleanup", Time since last: 1000107577 ns, Reaching safepoint: 53900 ns, At safepoint: 3700 ns, Total: 57600 ns
[5978.213s][info ][safepoint      ] Safepoint "Cleanup", Time since last: 1000122677 ns, Reaching safepoint: 149001 ns, At safepoint: 5300 ns, Total: 154301 ns
[5979.213s][info ][safepoint      ] Safepoint "Cleanup", Time since last: 1000106277 ns, Reaching safepoint: 44300 ns, At safepoint: 7100 ns, Total: 51400 ns
[5981.213s][info ][safepoint      ] Safepoint "Cleanup", Time since last: 2000174455 ns, Reaching safepoint: 33300 ns, At safepoint: 2900 ns, Total: 36200 ns
[5988.214s][info ][safepoint      ] Safepoint "Cleanup", Time since last: 7000588786 ns, Reaching safepoint: 40401 ns, At safepoint: 3800 ns, Total: 44201 ns
[6000.215s][info ][safepoint      ] Safepoint "Cleanup", Time since last: 12000880029 ns, Reaching safepoint: 50700 ns, At safepoint: 4800 ns, Total: 55500 ns
[6010.658s][info ][gc,start       ] GC(164) Pause Young (Allocation Failure)
[6010.662s][debug][gc,phases      ] GC(164) Scavenge 4.053ms
[6010.662s][debug][gc,ref         ] GC(164) Skipped phase 1 of Reference Processing: no references
[6010.662s][debug][gc,ref         ] GC(164) ReferenceProcessor::execute queues: 1, RefProcThreadModel::Single, marks_oops_alive: false
[6010.662s][debug][gc,ref         ] GC(164) Skipped phase 3 of Reference Processing: no references
[6010.662s][debug][gc,ref         ] GC(164) ReferenceProcessor::execute queues: 1, RefProcThreadModel::Single, marks_oops_alive: false
[6010.662s][debug][gc,phases      ] GC(164) Reference Processing 0.099ms
[6010.662s][debug][gc,phases      ] GC(164)   VM Weak                        Min:  0.0, Avg:  0.0, Max:  0.0, Diff:  0.0, Sum:  0.0, Workers: 4
[6010.662s][debug][gc,phases      ] GC(164)     Dead                           Min: 0, Avg:  0.0, Max: 0, Diff: 0, Sum: 0, Workers: 4
[6010.662s][debug][gc,phases      ] GC(164)     Total                          Min: 0, Avg: 207.2, Max: 673, Diff: 673, Sum: 829, Workers: 4
[6010.662s][debug][gc,phases      ] GC(164)   ObjectSynchronizer Weak        Min:  0.0, Avg:  0.0, Max:  0.0, Diff:  0.0, Sum:  0.0, Workers: 4
[6010.662s][debug][gc,phases      ] GC(164)     Dead                           Min: 0, Avg:  0.0, Max: 0, Diff: 0, Sum: 0, Workers: 4
[6010.662s][debug][gc,phases      ] GC(164)     Total                          Min: 0, Avg: 15.5, Max: 62, Diff: 62, Sum: 62, Workers: 4
[6010.662s][debug][gc,phases      ] GC(164)   JVMTI Tag Weak OopStorage      Min:  0.0, Avg:  0.0, Max:  0.0, Diff:  0.0, Sum:  0.0, Workers: 4
[6010.662s][debug][gc,phases      ] GC(164)     Dead                           Min: 0, Avg:  0.0, Max: 0, Diff: 0, Sum: 0, Workers: 4
[6010.662s][debug][gc,phases      ] GC(164)     Total                          Min: 0, Avg:  0.0, Max: 0, Diff: 0, Sum: 0, Workers: 4
[6010.662s][debug][gc,phases      ] GC(164)   StringTable Weak               Min:  0.0, Avg:  0.1, Max:  0.1, Diff:  0.1, Sum:  0.3, Workers: 4
[6010.662s][debug][gc,phases      ] GC(164)     Dead                           Min: 0, Avg:  0.0, Max: 0, Diff: 0, Sum: 0, Workers: 4
[6010.662s][debug][gc,phases      ] GC(164)     Total                          Min: 0, Avg: 11077.5, Max: 18238, Diff: 18238, Sum: 44310, Workers: 4
[6010.662s][debug][gc,phases      ] GC(164)   ResolvedMethodTable Weak       Min:  0.0, Avg:  0.0, Max:  0.0, Diff:  0.0, Sum:  0.1, Workers: 4
[6010.662s][debug][gc,phases      ] GC(164)     Dead                           Min: 0, Avg:  0.0, Max: 0, Diff: 0, Sum: 0, Workers: 4
[6010.662s][debug][gc,phases      ] GC(164)     Total                          Min: 0, Avg: 2525.2, Max: 4221, Diff: 4221, Sum: 10101, Workers: 4
[6010.662s][debug][gc,phases      ] GC(164)   JNI Weak                       Min:  0.0, Avg:  0.0, Max:  0.0, Diff:  0.0, Sum:  0.0, Workers: 4
[6010.662s][debug][gc,phases      ] GC(164)     Dead                           Min: 0, Avg:  0.0, Max: 0, Diff: 0, Sum: 0, Workers: 4
[6010.662s][debug][gc,phases      ] GC(164)     Total                          Min: 0, Avg: 11.2, Max: 45, Diff: 45, Sum: 45, Workers: 4
[6010.662s][debug][gc,phases      ] GC(164)   StringDedup Table Weak         Min:  0.0, Avg:  0.0, Max:  0.0, Diff:  0.0, Sum:  0.0, Workers: 4
[6010.662s][debug][gc,phases      ] GC(164)     Dead                           Min: 0, Avg:  0.0, Max: 0, Diff: 0, Sum: 0, Workers: 4
[6010.662s][debug][gc,phases      ] GC(164)     Total                          Min: 0, Avg:  0.0, Max: 0, Diff: 0, Sum: 0, Workers: 4
[6010.662s][debug][gc,phases      ] GC(164)   StringDedup Requests0 Weak     Min:  0.0, Avg:  0.0, Max:  0.0, Diff:  0.0, Sum:  0.0, Workers: 4
[6010.662s][debug][gc,phases      ] GC(164)     Dead                           Min: 0, Avg:  0.0, Max: 0, Diff: 0, Sum: 0, Workers: 4
[6010.662s][debug][gc,phases      ] GC(164)     Total                          Min: 0, Avg:  0.0, Max: 0, Diff: 0, Sum: 0, Workers: 4
[6010.662s][debug][gc,phases      ] GC(164)   StringDedup Requests1 Weak     Min:  0.0, Avg:  0.0, Max:  0.0, Diff:  0.0, Sum:  0.0, Workers: 4
[6010.662s][debug][gc,phases      ] GC(164)     Dead                           Min: 0, Avg:  0.0, Max: 0, Diff: 0, Sum: 0, Workers: 4
[6010.662s][debug][gc,phases      ] GC(164)     Total                          Min: 0, Avg:  0.0, Max: 0, Diff: 0, Sum: 0, Workers: 4
[6010.662s][debug][gc,phases      ] GC(164)   Weak JFR Old Object Samples    Min:  0.0, Avg:  0.0, Max:  0.0, Diff:  0.0, Sum:  0.0, Workers: 4
[6010.662s][debug][gc,phases      ] GC(164)     Dead                           Min: 0, Avg:  0.0, Max: 0, Diff: 0, Sum: 0, Workers: 4
[6010.662s][debug][gc,phases      ] GC(164)     Total                          Min: 0, Avg:  0.0, Max: 0, Diff: 0, Sum: 0, Workers: 4
[6010.662s][debug][gc,phases      ] GC(164) Weak Processing 0.289ms
[6010.662s][debug][gc,age         ] GC(164) Desired survivor size 115343360 bytes, new threshold 15 (max threshold 15)
[6010.662s][info ][gc,heap        ] GC(164) PSYoungGen: 1851168K(1968640K)->6272K(1984512K) Eden: 1845248K(1845248K)->0K(1866240K) From: 5920K(123392K)->6272K(118272K)
[6010.662s][info ][gc,heap        ] GC(164) ParOldGen: 471036K(674816K)->471092K(674816K)
[6010.662s][info ][gc,metaspace   ] GC(164) Metaspace: 85308K(86400K)->85308K(86400K) NonClass: 73367K(73920K)->73367K(73920K) Class: 11941K(12480K)->11941K(12480K)
[6010.662s][info ][gc             ] GC(164) Pause Young (Allocation Failure) 2267M->466M(2597M) 4.549ms
[6010.662s][info ][gc,cpu         ] GC(164) User=0.01s Sys=0.01s Real=0.01s
[6010.662s][info ][safepoint      ] Safepoint "ParallelGCFailedAllocation", Time since last: 10442538988 ns, Reaching safepoint: 101800 ns, At safepoint: 4615611 ns, Total: 4717411 ns
[6011.662s][info ][safepoint      ] Safepoint "Cleanup", Time since last: 1000082445 ns, Reaching safepoint: 50700 ns, At safepoint: 8100 ns, Total: 58800 ns
[6014.663s][info ][safepoint      ] Safepoint "Cleanup", Time since last: 3000237506 ns, Reaching safepoint: 40600 ns, At safepoint: 2600 ns, Total: 43200 ns
[6038.664s][info ][safepoint      ] Safepoint "Cleanup", Time since last: 24001597353 ns, Reaching safepoint: 33900 ns, At safepoint: 3300 ns, Total: 37200 ns
[6069.162s][info ][gc,start       ] GC(165) Pause Young (Allocation Failure)
[6069.168s][debug][gc,phases      ] GC(165) Scavenge 5.858ms
[6069.168s][debug][gc,ref         ] GC(165) Skipped phase 1 of Reference Processing: no references
[6069.168s][debug][gc,ref         ] GC(165) ReferenceProcessor::execute queues: 1, RefProcThreadModel::Single, marks_oops_alive: false
[6069.168s][debug][gc,ref         ] GC(165) Skipped phase 3 of Reference Processing: no references
[6069.168s][debug][gc,ref         ] GC(165) ReferenceProcessor::execute queues: 1, RefProcThreadModel::Single, marks_oops_alive: false
[6069.168s][debug][gc,phases      ] GC(165) Reference Processing 0.098ms
[6069.168s][debug][gc,phases      ] GC(165)   VM Weak                        Min:  0.0, Avg:  0.0, Max:  0.0, Diff:  0.0, Sum:  0.0, Workers: 4
[6069.168s][debug][gc,phases      ] GC(165)     Dead                           Min: 0, Avg:  0.0, Max: 0, Diff: 0, Sum: 0, Workers: 4
[6069.168s][debug][gc,phases      ] GC(165)     Total                          Min: 0, Avg: 207.2, Max: 532, Diff: 532, Sum: 829, Workers: 4
[6069.168s][debug][gc,phases      ] GC(165)   ObjectSynchronizer Weak        Min:  0.0, Avg:  0.0, Max:  0.0, Diff:  0.0, Sum:  0.0, Workers: 4
[6069.168s][debug][gc,phases      ] GC(165)     Dead                           Min: 0, Avg:  0.0, Max: 0, Diff: 0, Sum: 0, Workers: 4
[6069.168s][debug][gc,phases      ] GC(165)     Total                          Min: 0, Avg: 15.5, Max: 62, Diff: 62, Sum: 62, Workers: 4
[6069.168s][debug][gc,phases      ] GC(165)   JVMTI Tag Weak OopStorage      Min:  0.0, Avg:  0.0, Max:  0.0, Diff:  0.0, Sum:  0.0, Workers: 4
[6069.168s][debug][gc,phases      ] GC(165)     Dead                           Min: 0, Avg:  0.0, Max: 0, Diff: 0, Sum: 0, Workers: 4
[6069.168s][debug][gc,phases      ] GC(165)     Total                          Min: 0, Avg:  0.0, Max: 0, Diff: 0, Sum: 0, Workers: 4
[6069.168s][debug][gc,phases      ] GC(165)   StringTable Weak               Min:  0.0, Avg:  0.1, Max:  0.1, Diff:  0.1, Sum:  0.3, Workers: 4
[6069.168s][debug][gc,phases      ] GC(165)     Dead                           Min: 0, Avg:  0.0, Max: 0, Diff: 0, Sum: 0, Workers: 4
[6069.168s][debug][gc,phases      ] GC(165)     Total                          Min: 0, Avg: 11079.0, Max: 19100, Diff: 19100, Sum: 44316, Workers: 4
[6069.168s][debug][gc,phases      ] GC(165)   ResolvedMethodTable Weak       Min:  0.0, Avg:  0.0, Max:  0.0, Diff:  0.0, Sum:  0.1, Workers: 4
[6069.168s][debug][gc,phases      ] GC(165)     Dead                           Min: 0, Avg:  0.0, Max: 0, Diff: 0, Sum: 0, Workers: 4
[6069.168s][debug][gc,phases      ] GC(165)     Total                          Min: 0, Avg: 2525.2, Max: 4287, Diff: 4287, Sum: 10101, Workers: 4
[6069.168s][debug][gc,phases      ] GC(165)   JNI Weak                       Min:  0.0, Avg:  0.0, Max:  0.0, Diff:  0.0, Sum:  0.0, Workers: 4
[6069.168s][debug][gc,phases      ] GC(165)     Dead                           Min: 0, Avg:  0.0, Max: 0, Diff: 0, Sum: 0, Workers: 4
[6069.168s][debug][gc,phases      ] GC(165)     Total                          Min: 0, Avg: 11.2, Max: 45, Diff: 45, Sum: 45, Workers: 4
[6069.168s][debug][gc,phases      ] GC(165)   StringDedup Table Weak         Min:  0.0, Avg:  0.0, Max:  0.0, Diff:  0.0, Sum:  0.0, Workers: 4
[6069.168s][debug][gc,phases      ] GC(165)     Dead                           Min: 0, Avg:  0.0, Max: 0, Diff: 0, Sum: 0, Workers: 4
[6069.168s][debug][gc,phases      ] GC(165)     Total                          Min: 0, Avg:  0.0, Max: 0, Diff: 0, Sum: 0, Workers: 4
[6069.168s][debug][gc,phases      ] GC(165)   StringDedup Requests0 Weak     Min:  0.0, Avg:  0.0, Max:  0.0, Diff:  0.0, Sum:  0.0, Workers: 4
[6069.168s][debug][gc,phases      ] GC(165)     Dead                           Min: 0, Avg:  0.0, Max: 0, Diff: 0, Sum: 0, Workers: 4
[6069.168s][debug][gc,phases      ] GC(165)     Total                          Min: 0, Avg:  0.0, Max: 0, Diff: 0, Sum: 0, Workers: 4
[6069.168s][debug][gc,phases      ] GC(165)   StringDedup Requests1 Weak     Min:  0.0, Avg:  0.0, Max:  0.0, Diff:  0.0, Sum:  0.0, Workers: 4
[6069.168s][debug][gc,phases      ] GC(165)     Dead                           Min: 0, Avg:  0.0, Max: 0, Diff: 0, Sum: 0, Workers: 4
[6069.168s][debug][gc,phases      ] GC(165)     Total                          Min: 0, Avg:  0.0, Max: 0, Diff: 0, Sum: 0, Workers: 4
[6069.168s][debug][gc,phases      ] GC(165)   Weak JFR Old Object Samples    Min:  0.0, Avg:  0.0, Max:  0.0, Diff:  0.0, Sum:  0.0, Workers: 4
[6069.168s][debug][gc,phases      ] GC(165)     Dead                           Min: 0, Avg:  0.0, Max: 0, Diff: 0, Sum: 0, Workers: 4
[6069.168s][debug][gc,phases      ] GC(165)     Total                          Min: 0, Avg:  0.0, Max: 0, Diff: 0, Sum: 0, Workers: 4
[6069.168s][debug][gc,phases      ] GC(165) Weak Processing 0.295ms
[6069.168s][debug][gc,age         ] GC(165) Desired survivor size 109576192 bytes, new threshold 15 (max threshold 15)
[6069.168s][info ][gc,heap        ] GC(165) PSYoungGen: 1872512K(1984512K)->6448K(1978880K) Eden: 1866240K(1866240K)->0K(1866240K) From: 6272K(118272K)->6448K(112640K)
[6069.168s][info ][gc,heap        ] GC(165) ParOldGen: 471092K(674816K)->471196K(674816K)
[6069.168s][info ][gc,metaspace   ] GC(165) Metaspace: 85311K(86400K)->85311K(86400K) NonClass: 73369K(73920K)->73369K(73920K) Class: 11941K(12480K)->11941K(12480K)
[6069.168s][info ][gc             ] GC(165) Pause Young (Allocation Failure) 2288M->466M(2591M) 6.366ms
[6069.168s][info ][gc,cpu         ] GC(165) User=0.02s Sys=0.00s Real=0.00s
[6069.168s][info ][safepoint      ] Safepoint "ParallelGCFailedAllocation", Time since last: 30497595748 ns, Reaching safepoint: 27500 ns, At safepoint: 6431515 ns, Total: 6459015 ns
[6070.168s][info ][safepoint      ] Safepoint "Cleanup", Time since last: 1000082238 ns, Reaching safepoint: 63800 ns, At safepoint: 5800 ns, Total: 69600 ns
[6075.169s][info ][safepoint      ] Safepoint "Cleanup", Time since last: 5000390890 ns, Reaching safepoint: 47901 ns, At safepoint: 2800 ns, Total: 50701 ns
[6086.170s][info ][safepoint      ] Safepoint "Cleanup", Time since last: 11000822088 ns, Reaching safepoint: 54100 ns, At safepoint: 6100 ns, Total: 60200 ns
[6111.172s][info ][safepoint      ] Safepoint "Cleanup", Time since last: 25001803481 ns, Reaching safepoint: 43801 ns, At safepoint: 4500 ns, Total: 48301 ns
[6130.173s][info ][safepoint      ] Safepoint "Cleanup", Time since last: 19001393057 ns, Reaching safepoint: 36600 ns, At safepoint: 5200 ns, Total: 41800 ns
[6136.174s][info ][safepoint      ] Safepoint "Cleanup", Time since last: 6000537838 ns, Reaching safepoint: 45200 ns, At safepoint: 3800 ns, Total: 49000 ns
[6189.925s][info ][gc,heap,exit   ] Heap
[6189.925s][info ][gc,heap,exit   ]  PSYoungGen      total 1978880K, used 344218K [0x0000000780000000, 0x0000000800000000, 0x0000000800000000)
[6189.925s][info ][gc,heap,exit   ]   eden space 1866240K, 18% used [0x0000000780000000,0x00000007949da9d0,0x00000007f1e80000)
[6189.925s][info ][gc,heap,exit   ]   from space 112640K, 5% used [0x00000007f1e80000,0x00000007f24cc198,0x00000007f8c80000)
[6189.925s][info ][gc,heap,exit   ]   to   space 107008K, 0% used [0x00000007f9780000,0x00000007f9780000,0x0000000800000000)
[6189.925s][info ][gc,heap,exit   ]  ParOldGen       total 674816K, used 471196K [0x0000000740000000, 0x0000000769300000, 0x0000000780000000)
[6189.925s][info ][gc,heap,exit   ]   object space 674816K, 69% used [0x0000000740000000,0x000000075cc27310,0x0000000769300000)
[6189.925s][info ][gc,heap,exit   ]  Metaspace       used 85419K, committed 86528K, reserved 1179648K
[6189.925s][info ][gc,heap,exit   ]   class space    used 11953K, committed 12480K, reserved 1048576K
