[0.003s][info][gc] Using Parallel
[0.004s][info][gc,init] Version: 17.0.7+7-LTS (release)
[0.004s][info][gc,init] CPUs: 4 total, 4 available
[0.004s][info][gc,init] Memory: 15991M
[0.004s][info][gc,init] Large Page Support: Disabled
[0.004s][info][gc,init] NUMA Support: Disabled
[0.004s][info][gc,init] Compressed Oops: Enabled (Zero based)
[0.004s][info][gc,init] Alignments: Space 512K, Generation 512K, Heap 2M
[0.004s][info][gc,init] Heap Min Capacity: 2054M
[0.004s][info][gc,init] Heap Initial Capacity: 2054M
[0.004s][info][gc,init] Heap Max Capacity: 3G
[0.004s][info][gc,init] Pre-touch: Disabled
[0.004s][info][gc,init] Parallel Workers: 4
[0.004s][info][gc,metaspace] CDS archive(s) mapped at: [0x0000000800000000-0x0000000800be1000-0x0000000800be1000), size 12455936, SharedBaseAddress: 0x0000000800000000, ArchiveRelocationMode: 0.
[0.004s][info][gc,metaspace] Compressed class space mapped at: 0x0000000801000000-0x0000000841000000, reserved size: 1073741824
[0.004s][info][gc,metaspace] Narrow klass base: 0x0000000800000000, Narrow klass shift: 0, Narrow klass range: 0x100000000
[0.766s][info][safepoint   ] Safepoint "ICBufferFull", Time since last: 755749945 ns, Reaching safepoint: 137001 ns, At safepoint: 2100 ns, Total: 139101 ns
[1.077s][info][safepoint   ] Safepoint "ICBufferFull", Time since last: 310831546 ns, Reaching safepoint: 303702 ns, At safepoint: 8600 ns, Total: 312302 ns
[1.552s][info][safepoint   ] Safepoint "ICBufferFull", Time since last: 475003137 ns, Reaching safepoint: 154301 ns, At safepoint: 5400 ns, Total: 159701 ns
[1.667s][info][gc,start    ] GC(0) Pause Young (Metadata GC Threshold)
[1.680s][debug][gc,phases   ] GC(0) Scavenge 12.532ms
[1.680s][debug][gc,ref      ] GC(0) Skipped phase 1 of Reference Processing: no references
[1.680s][debug][gc,ref      ] GC(0) ReferenceProcessor::execute queues: 4, RefProcThreadModel::Multi, marks_oops_alive: false
[1.680s][debug][gc,ref      ] GC(0) Skipped phase 3 of Reference Processing: no references
[1.680s][debug][gc,ref      ] GC(0) ReferenceProcessor::execute queues: 1, RefProcThreadModel::Single, marks_oops_alive: false
[1.680s][debug][gc,phases   ] GC(0) Reference Processing 0.329ms
[1.681s][debug][gc,phases   ] GC(0)   VM Weak                        Min:  0.0, Avg:  0.0, Max:  0.0, Diff:  0.0, Sum:  0.0, Workers: 4
[1.681s][debug][gc,phases   ] GC(0)     Dead                           Min: 0, Avg:  0.0, Max: 0, Diff: 0, Sum: 0, Workers: 4
[1.681s][debug][gc,phases   ] GC(0)     Total                          Min: 0, Avg: 57.8, Max: 128, Diff: 128, Sum: 231, Workers: 4
[1.681s][debug][gc,phases   ] GC(0)   ObjectSynchronizer Weak        Min:  0.0, Avg:  0.0, Max:  0.0, Diff:  0.0, Sum:  0.0, Workers: 4
[1.681s][debug][gc,phases   ] GC(0)     Dead                           Min: 0, Avg:  0.5, Max: 2, Diff: 2, Sum: 2, Workers: 4
[1.681s][debug][gc,phases   ] GC(0)     Total                          Min: 0, Avg:  1.8, Max: 7, Diff: 7, Sum: 7, Workers: 4
[1.681s][debug][gc,phases   ] GC(0)   JVMTI Tag Weak OopStorage      Min:  0.0, Avg:  0.0, Max:  0.0, Diff:  0.0, Sum:  0.0, Workers: 4
[1.681s][debug][gc,phases   ] GC(0)     Dead                           Min: 0, Avg:  0.0, Max: 0, Diff: 0, Sum: 0, Workers: 4
[1.681s][debug][gc,phases   ] GC(0)     Total                          Min: 0, Avg:  0.0, Max: 0, Diff: 0, Sum: 0, Workers: 4
[1.681s][debug][gc,phases   ] GC(0)   StringTable Weak               Min:  0.0, Avg:  0.1, Max:  0.1, Diff:  0.1, Sum:  0.4, Workers: 4
[1.681s][debug][gc,phases   ] GC(0)     Dead                           Min: 0, Avg:  6.5, Max: 18, Diff: 18, Sum: 26, Workers: 4
[1.681s][debug][gc,phases   ] GC(0)     Total                          Min: 0, Avg: 3298.8, Max: 4800, Diff: 4800, Sum: 13195, Workers: 4
[1.681s][debug][gc,phases   ] GC(0)   ResolvedMethodTable Weak       Min:  0.0, Avg:  0.0, Max:  0.0, Diff:  0.0, Sum:  0.0, Workers: 4
[1.681s][debug][gc,phases   ] GC(0)     Dead                           Min: 0, Avg: 18.5, Max: 28, Diff: 28, Sum: 74, Workers: 4
[1.681s][debug][gc,phases   ] GC(0)     Total                          Min: 0, Avg: 317.2, Max: 448, Diff: 448, Sum: 1269, Workers: 4
[1.681s][debug][gc,phases   ] GC(0)   JNI Weak                       Min:  0.0, Avg:  0.0, Max:  0.0, Diff:  0.0, Sum:  0.0, Workers: 4
[1.681s][debug][gc,phases   ] GC(0)     Dead                           Min: 0, Avg:  0.0, Max: 0, Diff: 0, Sum: 0, Workers: 4
[1.681s][debug][gc,phases   ] GC(0)     Total                          Min: 0, Avg: 11.2, Max: 45, Diff: 45, Sum: 45, Workers: 4
[1.681s][debug][gc,phases   ] GC(0)   StringDedup Table Weak         Min:  0.0, Avg:  0.0, Max:  0.0, Diff:  0.0, Sum:  0.0, Workers: 4
[1.681s][debug][gc,phases   ] GC(0)     Dead                           Min: 0, Avg:  0.0, Max: 0, Diff: 0, Sum: 0, Workers: 4
[1.681s][debug][gc,phases   ] GC(0)     Total                          Min: 0, Avg:  0.0, Max: 0, Diff: 0, Sum: 0, Workers: 4
[1.681s][debug][gc,phases   ] GC(0)   StringDedup Requests0 Weak     Min:  0.0, Avg:  0.0, Max:  0.0, Diff:  0.0, Sum:  0.0, Workers: 4
[1.681s][debug][gc,phases   ] GC(0)     Dead                           Min: 0, Avg:  0.0, Max: 0, Diff: 0, Sum: 0, Workers: 4
[1.681s][debug][gc,phases   ] GC(0)     Total                          Min: 0, Avg:  0.0, Max: 0, Diff: 0, Sum: 0, Workers: 4
[1.681s][debug][gc,phases   ] GC(0)   StringDedup Requests1 Weak     Min:  0.0, Avg:  0.0, Max:  0.0, Diff:  0.0, Sum:  0.0, Workers: 4
[1.681s][debug][gc,phases   ] GC(0)     Dead                           Min: 0, Avg:  0.0, Max: 0, Diff: 0, Sum: 0, Workers: 4
[1.681s][debug][gc,phases   ] GC(0)     Total                          Min: 0, Avg:  0.0, Max: 0, Diff: 0, Sum: 0, Workers: 4
[1.681s][debug][gc,phases   ] GC(0)   Weak JFR Old Object Samples    Min:  0.0, Avg:  0.0, Max:  0.0, Diff:  0.0, Sum:  0.0, Workers: 4
[1.681s][debug][gc,phases   ] GC(0)     Dead                           Min: 0, Avg:  0.0, Max: 0, Diff: 0, Sum: 0, Workers: 4
[1.681s][debug][gc,phases   ] GC(0)     Total                          Min: 0, Avg:  0.0, Max: 0, Diff: 0, Sum: 0, Workers: 4
[1.681s][debug][gc,phases   ] GC(0) Weak Processing 0.377ms
[1.681s][debug][gc,age      ] GC(0) Desired survivor size 536870912 bytes, new threshold 7 (max threshold 15)
[1.681s][info ][gc,heap     ] GC(0) PSYoungGen: 230698K(1572864K)->31548K(1572864K) Eden: 230698K(1048576K)->0K(1048576K) From: 0K(524288K)->31548K(524288K)
[1.681s][info ][gc,heap     ] GC(0) ParOldGen: 0K(6144K)->96K(6144K)
[1.681s][info ][gc,metaspace] GC(0) Metaspace: 21199K(21504K)->21199K(21504K) NonClass: 18721K(18880K)->18721K(18880K) Class: 2478K(2624K)->2478K(2624K)
[1.681s][info ][gc          ] GC(0) Pause Young (Metadata GC Threshold) 225M->30M(1542M) 13.574ms
[1.681s][info ][gc,cpu      ] GC(0) User=0.02s Sys=0.04s Real=0.01s
[1.681s][debug][gc,phases   ] GC(1) Pre Compact 0.016ms
[1.681s][info ][gc,start    ] GC(1) Pause Full (Metadata GC Threshold)
[1.681s][info ][gc,phases,start] GC(1) Marking Phase
[1.693s][debug][gc,phases      ] GC(1) Par Mark 11.524ms
[1.693s][debug][gc,ref         ] GC(1) Skipped phase 1 of Reference Processing: no references
[1.693s][debug][gc,ref         ] GC(1) ReferenceProcessor::execute queues: 2, RefProcThreadModel::Multi, marks_oops_alive: false
[1.693s][debug][gc,ref         ] GC(1) Skipped phase 3 of Reference Processing: no references
[1.693s][debug][gc,ref         ] GC(1) ReferenceProcessor::execute queues: 1, RefProcThreadModel::Single, marks_oops_alive: false
[1.693s][debug][gc,phases      ] GC(1) Reference Processing 0.101ms
[1.693s][debug][gc,phases      ] GC(1)   VM Weak                        Min:  0.0, Avg:  0.0, Max:  0.0, Diff:  0.0, Sum:  0.0, Workers: 4
[1.693s][debug][gc,phases      ] GC(1)     Dead                           Min: 0, Avg:  0.0, Max: 0, Diff: 0, Sum: 0, Workers: 4
[1.693s][debug][gc,phases      ] GC(1)     Total                          Min: 0, Avg: 57.8, Max: 231, Diff: 231, Sum: 231, Workers: 4
[1.693s][debug][gc,phases      ] GC(1)   ObjectSynchronizer Weak        Min:  0.0, Avg:  0.0, Max:  0.0, Diff:  0.0, Sum:  0.0, Workers: 4
[1.693s][debug][gc,phases      ] GC(1)     Dead                           Min: 0, Avg:  0.0, Max: 0, Diff: 0, Sum: 0, Workers: 4
[1.693s][debug][gc,phases      ] GC(1)     Total                          Min: 0, Avg:  1.8, Max: 7, Diff: 7, Sum: 7, Workers: 4
[1.693s][debug][gc,phases      ] GC(1)   JVMTI Tag Weak OopStorage      Min:  0.0, Avg:  0.0, Max:  0.0, Diff:  0.0, Sum:  0.0, Workers: 4
[1.693s][debug][gc,phases      ] GC(1)     Dead                           Min: 0, Avg:  0.0, Max: 0, Diff: 0, Sum: 0, Workers: 4
[1.693s][debug][gc,phases      ] GC(1)     Total                          Min: 0, Avg:  0.0, Max: 0, Diff: 0, Sum: 0, Workers: 4
[1.693s][debug][gc,phases      ] GC(1)   StringTable Weak               Min:  0.0, Avg:  0.0, Max:  0.1, Diff:  0.1, Sum:  0.2, Workers: 4
[1.693s][debug][gc,phases      ] GC(1)     Dead                           Min: 0, Avg:  0.0, Max: 0, Diff: 0, Sum: 0, Workers: 4
[1.693s][debug][gc,phases      ] GC(1)     Total                          Min: 0, Avg: 3298.8, Max: 4491, Diff: 4491, Sum: 13195, Workers: 4
[1.693s][debug][gc,phases      ] GC(1)   ResolvedMethodTable Weak       Min:  0.0, Avg:  0.0, Max:  0.0, Diff:  0.0, Sum:  0.0, Workers: 4
[1.693s][debug][gc,phases      ] GC(1)     Dead                           Min: 0, Avg:  0.0, Max: 0, Diff: 0, Sum: 0, Workers: 4
[1.693s][debug][gc,phases      ] GC(1)     Total                          Min: 0, Avg: 317.2, Max: 448, Diff: 448, Sum: 1269, Workers: 4
[1.693s][debug][gc,phases      ] GC(1)   JNI Weak                       Min:  0.0, Avg:  0.0, Max:  0.0, Diff:  0.0, Sum:  0.0, Workers: 4
[1.693s][debug][gc,phases      ] GC(1)     Dead                           Min: 0, Avg:  0.0, Max: 0, Diff: 0, Sum: 0, Workers: 4
[1.693s][debug][gc,phases      ] GC(1)     Total                          Min: 0, Avg: 11.2, Max: 45, Diff: 45, Sum: 45, Workers: 4
[1.693s][debug][gc,phases      ] GC(1)   StringDedup Table Weak         Min:  0.0, Avg:  0.0, Max:  0.0, Diff:  0.0, Sum:  0.0, Workers: 4
[1.693s][debug][gc,phases      ] GC(1)     Dead                           Min: 0, Avg:  0.0, Max: 0, Diff: 0, Sum: 0, Workers: 4
[1.693s][debug][gc,phases      ] GC(1)     Total                          Min: 0, Avg:  0.0, Max: 0, Diff: 0, Sum: 0, Workers: 4
[1.693s][debug][gc,phases      ] GC(1)   StringDedup Requests0 Weak     Min:  0.0, Avg:  0.0, Max:  0.0, Diff:  0.0, Sum:  0.0, Workers: 4
[1.693s][debug][gc,phases      ] GC(1)     Dead                           Min: 0, Avg:  0.0, Max: 0, Diff: 0, Sum: 0, Workers: 4
[1.693s][debug][gc,phases      ] GC(1)     Total                          Min: 0, Avg:  0.0, Max: 0, Diff: 0, Sum: 0, Workers: 4
[1.693s][debug][gc,phases      ] GC(1)   StringDedup Requests1 Weak     Min:  0.0, Avg:  0.0, Max:  0.0, Diff:  0.0, Sum:  0.0, Workers: 4
[1.693s][debug][gc,phases      ] GC(1)     Dead                           Min: 0, Avg:  0.0, Max: 0, Diff: 0, Sum: 0, Workers: 4
[1.693s][debug][gc,phases      ] GC(1)     Total                          Min: 0, Avg:  0.0, Max: 0, Diff: 0, Sum: 0, Workers: 4
[1.693s][debug][gc,phases      ] GC(1)   Weak JFR Old Object Samples    Min:  0.0, Avg:  0.0, Max:  0.0, Diff:  0.0, Sum:  0.0, Workers: 4
[1.693s][debug][gc,phases      ] GC(1)     Dead                           Min: 0, Avg:  0.0, Max: 0, Diff: 0, Sum: 0, Workers: 4
[1.693s][debug][gc,phases      ] GC(1)     Total                          Min: 0, Avg:  0.0, Max: 0, Diff: 0, Sum: 0, Workers: 4
[1.693s][debug][gc,phases      ] GC(1) Weak Processing 0.217ms
[1.693s][debug][gc,phases      ] GC(1) ClassLoaderData 0.029ms
[1.693s][debug][gc,phases      ] GC(1) Trigger cleanups 0.000ms
[1.696s][debug][gc,phases      ] GC(1) Class Unloading 3.172ms
[1.696s][info ][gc,phases      ] GC(1) Marking Phase 15.118ms
[1.696s][info ][gc,phases,start] GC(1) Summary Phase
[1.696s][info ][gc,phases      ] GC(1) Summary Phase 0.009ms
[1.696s][info ][gc,phases,start] GC(1) Adjust Roots
[1.700s][info ][gc,phases      ] GC(1) Adjust Roots 3.515ms
[1.700s][info ][gc,phases,start] GC(1) Compaction Phase
[1.718s][info ][gc,phases      ] GC(1) Compaction Phase 18.462ms
[1.718s][info ][gc,phases,start] GC(1) Post Compact
[1.719s][info ][gc,phases      ] GC(1) Post Compact 1.136ms
[1.719s][info ][gc,heap        ] GC(1) PSYoungGen: 31548K(1572864K)->25790K(1572864K) Eden: 0K(1048576K)->0K(1048576K) From: 31548K(524288K)->25790K(524288K)
[1.719s][info ][gc,heap        ] GC(1) ParOldGen: 96K(6144K)->5693K(6144K)
[1.719s][info ][gc,metaspace   ] GC(1) Metaspace: 21199K(21504K)->21199K(21504K) NonClass: 18721K(18880K)->18721K(18880K) Class: 2478K(2624K)->2478K(2624K)
[1.719s][info ][gc             ] GC(1) Pause Full (Metadata GC Threshold) 30M->30M(1542M) 38.375ms
[1.719s][info ][gc,cpu         ] GC(1) User=0.08s Sys=0.00s Real=0.04s
[1.719s][info ][safepoint      ] Safepoint "CollectForMetadataAllocation", Time since last: 115034505 ns, Reaching safepoint: 64900 ns, At safepoint: 52075410 ns, Total: 52140310 ns
[1.849s][info ][safepoint      ] Safepoint "ICBufferFull", Time since last: 129021815 ns, Reaching safepoint: 199201 ns, At safepoint: 2500 ns, Total: 201701 ns
[1.958s][info ][safepoint      ] Safepoint "ICBufferFull", Time since last: 109645963 ns, Reaching safepoint: 147701 ns, At safepoint: 2700 ns, Total: 150401 ns
[2.124s][info ][safepoint      ] Safepoint "ICBufferFull", Time since last: 165864405 ns, Reaching safepoint: 191701 ns, At safepoint: 6800 ns, Total: 198501 ns
[2.292s][info ][safepoint      ] Safepoint "ICBufferFull", Time since last: 167103815 ns, Reaching safepoint: 174301 ns, At safepoint: 7900 ns, Total: 182201 ns
[3.113s][info ][safepoint      ] Safepoint "ICBufferFull", Time since last: 821546362 ns, Reaching safepoint: 175302 ns, At safepoint: 10100 ns, Total: 185402 ns
[3.233s][info ][safepoint      ] Safepoint "ICBufferFull", Time since last: 119556340 ns, Reaching safepoint: 188902 ns, At safepoint: 2700 ns, Total: 191602 ns
[3.455s][info ][safepoint      ] Safepoint "ICBufferFull", Time since last: 221287040 ns, Reaching safepoint: 163302 ns, At safepoint: 3200 ns, Total: 166502 ns
[3.717s][info ][safepoint      ] Safepoint "ICBufferFull", Time since last: 262390864 ns, Reaching safepoint: 151901 ns, At safepoint: 8800 ns, Total: 160701 ns
[3.972s][info ][safepoint      ] Safepoint "ICBufferFull", Time since last: 254451101 ns, Reaching safepoint: 195902 ns, At safepoint: 5100 ns, Total: 201002 ns
[4.128s][info ][gc,start       ] GC(2) Pause Young (Metadata GC Threshold)
[4.187s][debug][gc,phases      ] GC(2) Scavenge 59.105ms
[4.187s][debug][gc,ref         ] GC(2) Skipped phase 1 of Reference Processing: no references
[4.187s][debug][gc,ref         ] GC(2) ReferenceProcessor::execute queues: 4, RefProcThreadModel::Multi, marks_oops_alive: false
[4.187s][debug][gc,ref         ] GC(2) Skipped phase 3 of Reference Processing: no references
[4.187s][debug][gc,ref         ] GC(2) ReferenceProcessor::execute queues: 2, RefProcThreadModel::Multi, marks_oops_alive: false
[4.187s][debug][gc,phases      ] GC(2) Reference Processing 0.542ms
[4.188s][debug][gc,phases      ] GC(2)   VM Weak                        Min:  0.0, Avg:  0.0, Max:  0.0, Diff:  0.0, Sum:  0.0, Workers: 4
[4.188s][debug][gc,phases      ] GC(2)     Dead                           Min: 0, Avg:  0.0, Max: 0, Diff: 0, Sum: 0, Workers: 4
[4.188s][debug][gc,phases      ] GC(2)     Total                          Min: 0, Avg: 91.5, Max: 256, Diff: 256, Sum: 366, Workers: 4
[4.188s][debug][gc,phases      ] GC(2)   ObjectSynchronizer Weak        Min:  0.0, Avg:  0.0, Max:  0.0, Diff:  0.0, Sum:  0.0, Workers: 4
[4.188s][debug][gc,phases      ] GC(2)     Dead                           Min: 0, Avg:  0.0, Max: 0, Diff: 0, Sum: 0, Workers: 4
[4.188s][debug][gc,phases      ] GC(2)     Total                          Min: 0, Avg:  1.8, Max: 7, Diff: 7, Sum: 7, Workers: 4
[4.188s][debug][gc,phases      ] GC(2)   JVMTI Tag Weak OopStorage      Min:  0.0, Avg:  0.0, Max:  0.0, Diff:  0.0, Sum:  0.0, Workers: 4
[4.188s][debug][gc,phases      ] GC(2)     Dead                           Min: 0, Avg:  0.0, Max: 0, Diff: 0, Sum: 0, Workers: 4
[4.188s][debug][gc,phases      ] GC(2)     Total                          Min: 0, Avg:  0.0, Max: 0, Diff: 0, Sum: 0, Workers: 4
[4.188s][debug][gc,phases      ] GC(2)   StringTable Weak               Min:  0.0, Avg:  0.2, Max:  0.2, Diff:  0.2, Sum:  0.7, Workers: 4
[4.188s][debug][gc,phases      ] GC(2)     Dead                           Min: 0, Avg:  2.2, Max: 4, Diff: 4, Sum: 9, Workers: 4
[4.188s][debug][gc,phases      ] GC(2)     Total                          Min: 0, Avg: 6559.5, Max: 9024, Diff: 9024, Sum: 26238, Workers: 4
[4.188s][debug][gc,phases      ] GC(2)   ResolvedMethodTable Weak       Min:  0.0, Avg:  0.0, Max:  0.0, Diff:  0.0, Sum:  0.1, Workers: 4
[4.188s][debug][gc,phases      ] GC(2)     Dead                           Min: 0, Avg: 14.2, Max: 41, Diff: 41, Sum: 57, Workers: 4
[4.188s][debug][gc,phases      ] GC(2)     Total                          Min: 0, Avg: 611.5, Max: 896, Diff: 896, Sum: 2446, Workers: 4
[4.188s][debug][gc,phases      ] GC(2)   JNI Weak                       Min:  0.0, Avg:  0.0, Max:  0.0, Diff:  0.0, Sum:  0.0, Workers: 4
[4.188s][debug][gc,phases      ] GC(2)     Dead                           Min: 0, Avg:  0.0, Max: 0, Diff: 0, Sum: 0, Workers: 4
[4.188s][debug][gc,phases      ] GC(2)     Total                          Min: 0, Avg: 11.8, Max: 47, Diff: 47, Sum: 47, Workers: 4
[4.188s][debug][gc,phases      ] GC(2)   StringDedup Table Weak         Min:  0.0, Avg:  0.0, Max:  0.0, Diff:  0.0, Sum:  0.0, Workers: 4
[4.188s][debug][gc,phases      ] GC(2)     Dead                           Min: 0, Avg:  0.0, Max: 0, Diff: 0, Sum: 0, Workers: 4
[4.188s][debug][gc,phases      ] GC(2)     Total                          Min: 0, Avg:  0.0, Max: 0, Diff: 0, Sum: 0, Workers: 4
[4.188s][debug][gc,phases      ] GC(2)   StringDedup Requests0 Weak     Min:  0.0, Avg:  0.0, Max:  0.0, Diff:  0.0, Sum:  0.0, Workers: 4
[4.188s][debug][gc,phases      ] GC(2)     Dead                           Min: 0, Avg:  0.0, Max: 0, Diff: 0, Sum: 0, Workers: 4
[4.188s][debug][gc,phases      ] GC(2)     Total                          Min: 0, Avg:  0.0, Max: 0, Diff: 0, Sum: 0, Workers: 4
[4.188s][debug][gc,phases      ] GC(2)   StringDedup Requests1 Weak     Min:  0.0, Avg:  0.0, Max:  0.0, Diff:  0.0, Sum:  0.0, Workers: 4
[4.188s][debug][gc,phases      ] GC(2)     Dead                           Min: 0, Avg:  0.0, Max: 0, Diff: 0, Sum: 0, Workers: 4
[4.188s][debug][gc,phases      ] GC(2)     Total                          Min: 0, Avg:  0.0, Max: 0, Diff: 0, Sum: 0, Workers: 4
[4.188s][debug][gc,phases      ] GC(2)   Weak JFR Old Object Samples    Min:  0.0, Avg:  0.0, Max:  0.0, Diff:  0.0, Sum:  0.0, Workers: 4
[4.188s][debug][gc,phases      ] GC(2)     Dead                           Min: 0, Avg:  0.0, Max: 0, Diff: 0, Sum: 0, Workers: 4
[4.188s][debug][gc,phases      ] GC(2)     Total                          Min: 0, Avg:  0.0, Max: 0, Diff: 0, Sum: 0, Workers: 4
[4.188s][debug][gc,phases      ] GC(2) Weak Processing 0.521ms
[4.188s][debug][gc,age         ] GC(2) Desired survivor size 536870912 bytes, new threshold 7 (max threshold 15)
[4.188s][info ][gc,heap        ] GC(2) PSYoungGen: 571054K(1572864K)->83872K(1572864K) Eden: 545264K(1048576K)->0K(1048576K) From: 25790K(524288K)->83872K(524288K)
[4.188s][info ][gc,heap        ] GC(2) ParOldGen: 5693K(6144K)->5709K(6144K)
[4.188s][info ][gc,metaspace   ] GC(2) Metaspace: 35349K(35840K)->35349K(35840K) NonClass: 30777K(31040K)->30777K(31040K) Class: 4572K(4800K)->4572K(4800K)
[4.188s][info ][gc             ] GC(2) Pause Young (Metadata GC Threshold) 563M->87M(1542M) 60.313ms
[4.188s][info ][gc,cpu         ] GC(2) User=0.16s Sys=0.05s Real=0.06s
[4.188s][debug][gc,phases      ] GC(3) Pre Compact 0.012ms
[4.188s][info ][gc,start       ] GC(3) Pause Full (Metadata GC Threshold)
[4.188s][info ][gc,phases,start] GC(3) Marking Phase
[4.220s][debug][gc,phases      ] GC(3) Par Mark 32.083ms
[4.220s][debug][gc,ref         ] GC(3) Skipped phase 1 of Reference Processing: no references
[4.220s][debug][gc,ref         ] GC(3) ReferenceProcessor::execute queues: 3, RefProcThreadModel::Multi, marks_oops_alive: false
[4.221s][debug][gc,ref         ] GC(3) Skipped phase 3 of Reference Processing: no references
[4.221s][debug][gc,ref         ] GC(3) ReferenceProcessor::execute queues: 1, RefProcThreadModel::Single, marks_oops_alive: false
[4.221s][debug][gc,phases      ] GC(3) Reference Processing 0.432ms
[4.221s][debug][gc,phases      ] GC(3)   VM Weak                        Min:  0.0, Avg:  0.0, Max:  0.0, Diff:  0.0, Sum:  0.0, Workers: 4
[4.221s][debug][gc,phases      ] GC(3)     Dead                           Min: 0, Avg:  0.0, Max: 0, Diff: 0, Sum: 0, Workers: 4
[4.221s][debug][gc,phases      ] GC(3)     Total                          Min: 0, Avg: 91.5, Max: 256, Diff: 256, Sum: 366, Workers: 4
[4.221s][debug][gc,phases      ] GC(3)   ObjectSynchronizer Weak        Min:  0.0, Avg:  0.0, Max:  0.0, Diff:  0.0, Sum:  0.0, Workers: 4
[4.221s][debug][gc,phases      ] GC(3)     Dead                           Min: 0, Avg:  0.0, Max: 0, Diff: 0, Sum: 0, Workers: 4
[4.221s][debug][gc,phases      ] GC(3)     Total                          Min: 0, Avg:  1.8, Max: 7, Diff: 7, Sum: 7, Workers: 4
[4.221s][debug][gc,phases      ] GC(3)   JVMTI Tag Weak OopStorage      Min:  0.0, Avg:  0.0, Max:  0.0, Diff:  0.0, Sum:  0.0, Workers: 4
[4.221s][debug][gc,phases      ] GC(3)     Dead                           Min: 0, Avg:  0.0, Max: 0, Diff: 0, Sum: 0, Workers: 4
[4.221s][debug][gc,phases      ] GC(3)     Total                          Min: 0, Avg:  0.0, Max: 0, Diff: 0, Sum: 0, Workers: 4
[4.221s][debug][gc,phases      ] GC(3)   StringTable Weak               Min:  0.1, Avg:  0.1, Max:  0.1, Diff:  0.0, Sum:  0.4, Workers: 4
[4.221s][debug][gc,phases      ] GC(3)     Dead                           Min: 0, Avg:  0.0, Max: 0, Diff: 0, Sum: 0, Workers: 4
[4.221s][debug][gc,phases      ] GC(3)     Total                          Min: 5120, Avg: 6559.5, Max: 7360, Diff: 2240, Sum: 26238, Workers: 4
[4.221s][debug][gc,phases      ] GC(3)   ResolvedMethodTable Weak       Min:  0.0, Avg:  0.0, Max:  0.0, Diff:  0.0, Sum:  0.0, Workers: 4
[4.221s][debug][gc,phases      ] GC(3)     Dead                           Min: 0, Avg:  0.0, Max: 0, Diff: 0, Sum: 0, Workers: 4
[4.221s][debug][gc,phases      ] GC(3)     Total                          Min: 512, Avg: 611.5, Max: 654, Diff: 142, Sum: 2446, Workers: 4
[4.221s][debug][gc,phases      ] GC(3)   JNI Weak                       Min:  0.0, Avg:  0.0, Max:  0.0, Diff:  0.0, Sum:  0.0, Workers: 4
[4.221s][debug][gc,phases      ] GC(3)     Dead                           Min: 0, Avg:  0.0, Max: 0, Diff: 0, Sum: 0, Workers: 4
[4.221s][debug][gc,phases      ] GC(3)     Total                          Min: 0, Avg: 11.8, Max: 47, Diff: 47, Sum: 47, Workers: 4
[4.221s][debug][gc,phases      ] GC(3)   StringDedup Table Weak         Min:  0.0, Avg:  0.0, Max:  0.0, Diff:  0.0, Sum:  0.0, Workers: 4
[4.221s][debug][gc,phases      ] GC(3)     Dead                           Min: 0, Avg:  0.0, Max: 0, Diff: 0, Sum: 0, Workers: 4
[4.221s][debug][gc,phases      ] GC(3)     Total                          Min: 0, Avg:  0.0, Max: 0, Diff: 0, Sum: 0, Workers: 4
[4.221s][debug][gc,phases      ] GC(3)   StringDedup Requests0 Weak     Min:  0.0, Avg:  0.0, Max:  0.0, Diff:  0.0, Sum:  0.0, Workers: 4
[4.221s][debug][gc,phases      ] GC(3)     Dead                           Min: 0, Avg:  0.0, Max: 0, Diff: 0, Sum: 0, Workers: 4
[4.221s][debug][gc,phases      ] GC(3)     Total                          Min: 0, Avg:  0.0, Max: 0, Diff: 0, Sum: 0, Workers: 4
[4.221s][debug][gc,phases      ] GC(3)   StringDedup Requests1 Weak     Min:  0.0, Avg:  0.0, Max:  0.0, Diff:  0.0, Sum:  0.0, Workers: 4
[4.221s][debug][gc,phases      ] GC(3)     Dead                           Min: 0, Avg:  0.0, Max: 0, Diff: 0, Sum: 0, Workers: 4
[4.221s][debug][gc,phases      ] GC(3)     Total                          Min: 0, Avg:  0.0, Max: 0, Diff: 0, Sum: 0, Workers: 4
[4.221s][debug][gc,phases      ] GC(3)   Weak JFR Old Object Samples    Min:  0.0, Avg:  0.0, Max:  0.0, Diff:  0.0, Sum:  0.0, Workers: 4
[4.221s][debug][gc,phases      ] GC(3)     Dead                           Min: 0, Avg:  0.0, Max: 0, Diff: 0, Sum: 0, Workers: 4
[4.221s][debug][gc,phases      ] GC(3)     Total                          Min: 0, Avg:  0.0, Max: 0, Diff: 0, Sum: 0, Workers: 4
[4.221s][debug][gc,phases      ] GC(3) Weak Processing 0.247ms
[4.221s][debug][gc,phases      ] GC(3) ClassLoaderData 0.044ms
[4.221s][debug][gc,phases      ] GC(3) Trigger cleanups 0.000ms
[4.227s][debug][gc,phases      ] GC(3) Class Unloading 5.833ms
[4.227s][info ][gc,phases      ] GC(3) Marking Phase 38.713ms
[4.227s][info ][gc,phases,start] GC(3) Summary Phase
[4.227s][info ][gc,phases      ] GC(3) Summary Phase 0.006ms
[4.227s][info ][gc,phases,start] GC(3) Adjust Roots
[4.233s][info ][gc,phases      ] GC(3) Adjust Roots 6.455ms
[4.233s][info ][gc,phases,start] GC(3) Compaction Phase
[4.578s][info ][gc,phases      ] GC(3) Compaction Phase 344.878ms
[4.578s][info ][gc,phases,start] GC(3) Post Compact
[4.579s][info ][gc,phases      ] GC(3) Post Compact 1.125ms
[4.579s][info ][gc,heap        ] GC(3) PSYoungGen: 83872K(1572864K)->83140K(1572864K) Eden: 0K(1048576K)->0K(1048576K) From: 83872K(524288K)->83140K(524288K)
[4.579s][info ][gc,heap        ] GC(3) ParOldGen: 5709K(6144K)->6111K(6144K)
[4.579s][info ][gc,metaspace   ] GC(3) Metaspace: 35349K(35840K)->35349K(35840K) NonClass: 30777K(31040K)->30777K(31040K) Class: 4572K(4800K)->4572K(4800K)
[4.579s][info ][gc             ] GC(3) Pause Full (Metadata GC Threshold) 87M->87M(1542M) 391.310ms
[4.579s][info ][gc,cpu         ] GC(3) User=0.84s Sys=0.00s Real=0.39s
[4.579s][info ][safepoint      ] Safepoint "CollectForMetadataAllocation", Time since last: 155459623 ns, Reaching safepoint: 234902 ns, At safepoint: 451791953 ns, Total: 452026855 ns
[4.768s][info ][safepoint      ] Safepoint "ICBufferFull", Time since last: 188227381 ns, Reaching safepoint: 228302 ns, At safepoint: 5700 ns, Total: 234002 ns
[5.492s][info ][safepoint      ] Safepoint "ICBufferFull", Time since last: 724254397 ns, Reaching safepoint: 188801 ns, At safepoint: 2600 ns, Total: 191401 ns
[5.770s][info ][safepoint      ] Safepoint "ICBufferFull", Time since last: 277766285 ns, Reaching safepoint: 181902 ns, At safepoint: 1600 ns, Total: 183502 ns
[5.866s][info ][safepoint      ] Safepoint "ICBufferFull", Time since last: 95528451 ns, Reaching safepoint: 235602 ns, At safepoint: 13000 ns, Total: 248602 ns
[5.990s][info ][safepoint      ] Safepoint "ICBufferFull", Time since last: 124004275 ns, Reaching safepoint: 202602 ns, At safepoint: 3700 ns, Total: 206302 ns
[5.990s][info ][safepoint      ] Safepoint "ICBufferFull", Time since last: 82501 ns, Reaching safepoint: 105201 ns, At safepoint: 5700 ns, Total: 110901 ns
[6.086s][info ][safepoint      ] Safepoint "ICBufferFull", Time since last: 95438650 ns, Reaching safepoint: 267602 ns, At safepoint: 3500 ns, Total: 271102 ns
[6.248s][info ][safepoint      ] Safepoint "ICBufferFull", Time since last: 161318569 ns, Reaching safepoint: 166402 ns, At safepoint: 4900 ns, Total: 171302 ns
[6.416s][info ][safepoint      ] Safepoint "ICBufferFull", Time since last: 168163023 ns, Reaching safepoint: 130801 ns, At safepoint: 2700 ns, Total: 133501 ns
[6.655s][info ][safepoint      ] Safepoint "ICBufferFull", Time since last: 239001380 ns, Reaching safepoint: 449303 ns, At safepoint: 9900 ns, Total: 459203 ns
[6.659s][info ][safepoint      ] Safepoint "CollectForMetadataAllocation", Time since last: 3451427 ns, Reaching safepoint: 113701 ns, At safepoint: 24100 ns, Total: 137801 ns
[6.659s][debug][gc,phases      ] GC(4) Pre Compact 0.016ms
[6.659s][info ][gc,start       ] GC(4) Pause Full (Ergonomics)
[6.659s][info ][gc,phases,start] GC(4) Marking Phase
[6.722s][debug][gc,phases      ] GC(4) Par Mark 62.825ms
[6.722s][debug][gc,ref         ] GC(4) Skipped phase 1 of Reference Processing: no references
[6.723s][debug][gc,ref         ] GC(4) ReferenceProcessor::execute queues: 4, RefProcThreadModel::Multi, marks_oops_alive: false
[6.723s][debug][gc,ref         ] GC(4) Skipped phase 3 of Reference Processing: no references
[6.723s][debug][gc,ref         ] GC(4) ReferenceProcessor::execute queues: 4, RefProcThreadModel::Multi, marks_oops_alive: false
[6.724s][debug][gc,phases      ] GC(4) Reference Processing 1.417ms
[6.724s][debug][gc,phases      ] GC(4)   VM Weak                        Min:  0.0, Avg:  0.0, Max:  0.0, Diff:  0.0, Sum:  0.0, Workers: 4
[6.724s][debug][gc,phases      ] GC(4)     Dead                           Min: 0, Avg:  0.0, Max: 0, Diff: 0, Sum: 0, Workers: 4
[6.724s][debug][gc,phases      ] GC(4)     Total                          Min: 34, Avg: 136.5, Max: 256, Diff: 222, Sum: 546, Workers: 4
[6.724s][debug][gc,phases      ] GC(4)   ObjectSynchronizer Weak        Min:  0.0, Avg:  0.0, Max:  0.0, Diff:  0.0, Sum:  0.0, Workers: 4
[6.724s][debug][gc,phases      ] GC(4)     Dead                           Min: 0, Avg:  2.0, Max: 8, Diff: 8, Sum: 8, Workers: 4
[6.724s][debug][gc,phases      ] GC(4)     Total                          Min: 0, Avg:  7.2, Max: 29, Diff: 29, Sum: 29, Workers: 4
[6.724s][debug][gc,phases      ] GC(4)   JVMTI Tag Weak OopStorage      Min:  0.0, Avg:  0.0, Max:  0.0, Diff:  0.0, Sum:  0.0, Workers: 4
[6.724s][debug][gc,phases      ] GC(4)     Dead                           Min: 0, Avg:  0.0, Max: 0, Diff: 0, Sum: 0, Workers: 4
[6.724s][debug][gc,phases      ] GC(4)     Total                          Min: 0, Avg:  0.0, Max: 0, Diff: 0, Sum: 0, Workers: 4
[6.724s][debug][gc,phases      ] GC(4)   StringTable Weak               Min:  0.1, Avg:  0.1, Max:  0.1, Diff:  0.0, Sum:  0.5, Workers: 4
[6.724s][debug][gc,phases      ] GC(4)     Dead                           Min: 2, Avg:  4.8, Max: 10, Diff: 8, Sum: 19, Workers: 4
[6.724s][debug][gc,phases      ] GC(4)     Total                          Min: 8331, Avg: 9170.8, Max: 9664, Diff: 1333, Sum: 36683, Workers: 4
[6.724s][debug][gc,phases      ] GC(4)   ResolvedMethodTable Weak       Min:  0.0, Avg:  0.0, Max:  0.0, Diff:  0.0, Sum:  0.1, Workers: 4
[6.724s][debug][gc,phases      ] GC(4)     Dead                           Min: 26, Avg: 49.0, Max: 85, Diff: 59, Sum: 196, Workers: 4
[6.724s][debug][gc,phases      ] GC(4)     Total                          Min: 1536, Avg: 1581.8, Max: 1664, Diff: 128, Sum: 6327, Workers: 4
[6.724s][debug][gc,phases      ] GC(4)   JNI Weak                       Min:  0.0, Avg:  0.0, Max:  0.0, Diff:  0.0, Sum:  0.0, Workers: 4
[6.724s][debug][gc,phases      ] GC(4)     Dead                           Min: 0, Avg:  0.0, Max: 0, Diff: 0, Sum: 0, Workers: 4
[6.724s][debug][gc,phases      ] GC(4)     Total                          Min: 0, Avg: 16.8, Max: 46, Diff: 46, Sum: 67, Workers: 4
[6.724s][debug][gc,phases      ] GC(4)   StringDedup Table Weak         Min:  0.0, Avg:  0.0, Max:  0.0, Diff:  0.0, Sum:  0.0, Workers: 4
[6.724s][debug][gc,phases      ] GC(4)     Dead                           Min: 0, Avg:  0.0, Max: 0, Diff: 0, Sum: 0, Workers: 4
[6.724s][debug][gc,phases      ] GC(4)     Total                          Min: 0, Avg:  0.0, Max: 0, Diff: 0, Sum: 0, Workers: 4
[6.724s][debug][gc,phases      ] GC(4)   StringDedup Requests0 Weak     Min:  0.0, Avg:  0.0, Max:  0.0, Diff:  0.0, Sum:  0.0, Workers: 4
[6.724s][debug][gc,phases      ] GC(4)     Dead                           Min: 0, Avg:  0.0, Max: 0, Diff: 0, Sum: 0, Workers: 4
[6.724s][debug][gc,phases      ] GC(4)     Total                          Min: 0, Avg:  0.0, Max: 0, Diff: 0, Sum: 0, Workers: 4
[6.724s][debug][gc,phases      ] GC(4)   StringDedup Requests1 Weak     Min:  0.0, Avg:  0.0, Max:  0.0, Diff:  0.0, Sum:  0.0, Workers: 4
[6.724s][debug][gc,phases      ] GC(4)     Dead                           Min: 0, Avg:  0.0, Max: 0, Diff: 0, Sum: 0, Workers: 4
[6.724s][debug][gc,phases      ] GC(4)     Total                          Min: 0, Avg:  0.0, Max: 0, Diff: 0, Sum: 0, Workers: 4
[6.724s][debug][gc,phases      ] GC(4)   Weak JFR Old Object Samples    Min:  0.0, Avg:  0.0, Max:  0.0, Diff:  0.0, Sum:  0.0, Workers: 4
[6.724s][debug][gc,phases      ] GC(4)     Dead                           Min: 0, Avg:  0.0, Max: 0, Diff: 0, Sum: 0, Workers: 4
[6.724s][debug][gc,phases      ] GC(4)     Total                          Min: 0, Avg:  0.0, Max: 0, Diff: 0, Sum: 0, Workers: 4
[6.724s][debug][gc,phases      ] GC(4) Weak Processing 0.298ms
[6.724s][debug][gc,phases      ] GC(4) ClassLoaderData 0.064ms
[6.724s][debug][gc,phases      ] GC(4) Trigger cleanups 0.000ms
[6.731s][debug][gc,phases      ] GC(4) Class Unloading 6.700ms
[6.731s][info ][gc,phases      ] GC(4) Marking Phase 71.378ms
[6.731s][info ][gc,phases,start] GC(4) Summary Phase
[6.731s][info ][gc,phases      ] GC(4) Summary Phase 0.013ms
[6.731s][info ][gc,phases,start] GC(4) Adjust Roots
[6.739s][info ][gc,phases      ] GC(4) Adjust Roots 8.569ms
[6.739s][info ][gc,phases,start] GC(4) Compaction Phase
[6.868s][info ][gc,phases      ] GC(4) Compaction Phase 129.215ms
[6.868s][info ][gc,phases,start] GC(4) Post Compact
[6.873s][info ][gc,phases      ] GC(4) Post Compact 4.708ms
[6.873s][info ][gc,heap        ] GC(4) PSYoungGen: 596266K(1572864K)->114077K(1572864K) Eden: 513126K(1048576K)->114077K(1048576K) From: 83140K(524288K)->0K(524288K)
[6.873s][info ][gc,heap        ] GC(4) ParOldGen: 6111K(6144K)->6123K(18432K)
[6.873s][info ][gc,metaspace   ] GC(4) Metaspace: 59100K(59840K)->59100K(59840K) NonClass: 50269K(50688K)->50269K(50688K) Class: 8831K(9152K)->8831K(9152K)
[6.873s][info ][gc             ] GC(4) Pause Full (Ergonomics) 588M->117M(1554M) 214.068ms
[6.873s][info ][gc,cpu         ] GC(4) User=0.68s Sys=0.02s Real=0.21s
[6.874s][info ][safepoint      ] Safepoint "ParallelGCSystemGC", Time since last: 72301 ns, Reaching safepoint: 90601 ns, At safepoint: 214703088 ns, Total: 214793689 ns
[7.124s][info ][safepoint      ] Safepoint "ICBufferFull", Time since last: 249558564 ns, Reaching safepoint: 174901 ns, At safepoint: 7200 ns, Total: 182101 ns
[7.730s][info ][safepoint      ] Safepoint "ICBufferFull", Time since last: 605968466 ns, Reaching safepoint: 257703 ns, At safepoint: 5900 ns, Total: 263603 ns
[7.934s][info ][safepoint      ] Safepoint "ICBufferFull", Time since last: 204072305 ns, Reaching safepoint: 206501 ns, At safepoint: 5700 ns, Total: 212201 ns
[8.140s][info ][safepoint      ] Safepoint "ICBufferFull", Time since last: 205460617 ns, Reaching safepoint: 175901 ns, At safepoint: 9700 ns, Total: 185601 ns
[9.144s][info ][safepoint      ] Safepoint "Cleanup", Time since last: 1002286584 ns, Reaching safepoint: 1910415 ns, At safepoint: 16000 ns, Total: 1926415 ns
[10.146s][info ][safepoint      ] Safepoint "Cleanup", Time since last: 1001505576 ns, Reaching safepoint: 119801 ns, At safepoint: 13500 ns, Total: 133301 ns
[11.110s][info ][safepoint      ] Safepoint "ICBufferFull", Time since last: 963950668 ns, Reaching safepoint: 287302 ns, At safepoint: 11600 ns, Total: 298902 ns
[11.368s][info ][gc,start       ] GC(5) Pause Young (Allocation Failure)
[11.631s][debug][gc,phases      ] GC(5) Scavenge 263.180ms
[11.631s][debug][gc,ref         ] GC(5) Skipped phase 1 of Reference Processing: no references
[11.631s][debug][gc,ref         ] GC(5) ReferenceProcessor::execute queues: 2, RefProcThreadModel::Multi, marks_oops_alive: false
[11.631s][debug][gc,ref         ] GC(5) Skipped phase 3 of Reference Processing: no references
[11.631s][debug][gc,ref         ] GC(5) ReferenceProcessor::execute queues: 1, RefProcThreadModel::Single, marks_oops_alive: false
[11.632s][debug][gc,phases      ] GC(5) Reference Processing 0.297ms
[11.632s][debug][gc,phases      ] GC(5)   VM Weak                        Min:  0.0, Avg:  0.0, Max:  0.0, Diff:  0.0, Sum:  0.0, Workers: 4
[11.632s][debug][gc,phases      ] GC(5)     Dead                           Min: 0, Avg:  0.0, Max: 0, Diff: 0, Sum: 0, Workers: 4
[11.632s][debug][gc,phases      ] GC(5)     Total                          Min: 0, Avg: 154.0, Max: 384, Diff: 384, Sum: 616, Workers: 4
[11.632s][debug][gc,phases      ] GC(5)   ObjectSynchronizer Weak        Min:  0.0, Avg:  0.0, Max:  0.0, Diff:  0.0, Sum:  0.0, Workers: 4
[11.632s][debug][gc,phases      ] GC(5)     Dead                           Min: 0, Avg:  0.2, Max: 1, Diff: 1, Sum: 1, Workers: 4
[11.632s][debug][gc,phases      ] GC(5)     Total                          Min: 0, Avg:  8.2, Max: 33, Diff: 33, Sum: 33, Workers: 4
[11.632s][debug][gc,phases      ] GC(5)   JVMTI Tag Weak OopStorage      Min:  0.0, Avg:  0.0, Max:  0.0, Diff:  0.0, Sum:  0.0, Workers: 4
[11.632s][debug][gc,phases      ] GC(5)     Dead                           Min: 0, Avg:  0.0, Max: 0, Diff: 0, Sum: 0, Workers: 4
[11.632s][debug][gc,phases      ] GC(5)     Total                          Min: 0, Avg:  0.0, Max: 0, Diff: 0, Sum: 0, Workers: 4
[11.632s][debug][gc,phases      ] GC(5)   StringTable Weak               Min:  0.0, Avg:  0.4, Max:  0.6, Diff:  0.6, Sum:  1.5, Workers: 4
[11.632s][debug][gc,phases      ] GC(5)     Dead                           Min: 0, Avg:  3.0, Max: 7, Diff: 7, Sum: 12, Workers: 4
[11.632s][debug][gc,phases      ] GC(5)     Total                          Min: 0, Avg: 9803.0, Max: 14848, Diff: 14848, Sum: 39212, Workers: 4
[11.632s][debug][gc,phases      ] GC(5)   ResolvedMethodTable Weak       Min:  0.0, Avg:  0.1, Max:  0.1, Diff:  0.1, Sum:  0.3, Workers: 4
[11.632s][debug][gc,phases      ] GC(5)     Dead                           Min: 0, Avg: 55.0, Max: 161, Diff: 161, Sum: 220, Workers: 4
[11.632s][debug][gc,phases      ] GC(5)     Total                          Min: 0, Avg: 1755.8, Max: 3695, Diff: 3695, Sum: 7023, Workers: 4
[11.632s][debug][gc,phases      ] GC(5)   JNI Weak                       Min:  0.0, Avg:  0.0, Max:  0.0, Diff:  0.0, Sum:  0.0, Workers: 4
[11.632s][debug][gc,phases      ] GC(5)     Dead                           Min: 0, Avg:  0.0, Max: 0, Diff: 0, Sum: 0, Workers: 4
[11.632s][debug][gc,phases      ] GC(5)     Total                          Min: 0, Avg: 15.8, Max: 63, Diff: 63, Sum: 63, Workers: 4
[11.632s][debug][gc,phases      ] GC(5)   StringDedup Table Weak         Min:  0.0, Avg:  0.0, Max:  0.0, Diff:  0.0, Sum:  0.0, Workers: 4
[11.632s][debug][gc,phases      ] GC(5)     Dead                           Min: 0, Avg:  0.0, Max: 0, Diff: 0, Sum: 0, Workers: 4
[11.632s][debug][gc,phases      ] GC(5)     Total                          Min: 0, Avg:  0.0, Max: 0, Diff: 0, Sum: 0, Workers: 4
[11.632s][debug][gc,phases      ] GC(5)   StringDedup Requests0 Weak     Min:  0.0, Avg:  0.0, Max:  0.0, Diff:  0.0, Sum:  0.0, Workers: 4
[11.632s][debug][gc,phases      ] GC(5)     Dead                           Min: 0, Avg:  0.0, Max: 0, Diff: 0, Sum: 0, Workers: 4
[11.632s][debug][gc,phases      ] GC(5)     Total                          Min: 0, Avg:  0.0, Max: 0, Diff: 0, Sum: 0, Workers: 4
[11.632s][debug][gc,phases      ] GC(5)   StringDedup Requests1 Weak     Min:  0.0, Avg:  0.0, Max:  0.0, Diff:  0.0, Sum:  0.0, Workers: 4
[11.632s][debug][gc,phases      ] GC(5)     Dead                           Min: 0, Avg:  0.0, Max: 0, Diff: 0, Sum: 0, Workers: 4
[11.632s][debug][gc,phases      ] GC(5)     Total                          Min: 0, Avg:  0.0, Max: 0, Diff: 0, Sum: 0, Workers: 4
[11.632s][debug][gc,phases      ] GC(5)   Weak JFR Old Object Samples    Min:  0.0, Avg:  0.0, Max:  0.0, Diff:  0.0, Sum:  0.0, Workers: 4
[11.632s][debug][gc,phases      ] GC(5)     Dead                           Min: 0, Avg:  0.0, Max: 0, Diff: 0, Sum: 0, Workers: 4
[11.632s][debug][gc,phases      ] GC(5)     Total                          Min: 0, Avg:  0.0, Max: 0, Diff: 0, Sum: 0, Workers: 4
[11.632s][debug][gc,phases      ] GC(5) Weak Processing 0.802ms
[11.632s][debug][gc,age         ] GC(5) Desired survivor size 536870912 bytes, new threshold 7 (max threshold 15)
[11.632s][info ][gc,heap        ] GC(5) PSYoungGen: 1048576K(1572864K)->458785K(1572864K) Eden: 1048576K(1048576K)->0K(1048576K) From: 0K(524288K)->458785K(524288K)
[11.632s][info ][gc,heap        ] GC(5) ParOldGen: 6123K(18432K)->6168K(18432K)
[11.632s][info ][gc,metaspace   ] GC(5) Metaspace: 67067K(67840K)->67067K(67840K) NonClass: 57203K(57600K)->57203K(57600K) Class: 9864K(10240K)->9864K(10240K)
[11.632s][info ][gc             ] GC(5) Pause Young (Allocation Failure) 1029M->454M(1554M) 264.418ms
[11.632s][info ][gc,cpu         ] GC(5) User=0.79s Sys=0.12s Real=0.26s
[11.632s][info ][safepoint      ] Safepoint "ParallelGCFailedAllocation", Time since last: 258043473 ns, Reaching safepoint: 42600 ns, At safepoint: 264494122 ns, Total: 264536722 ns
[12.273s][info ][safepoint      ] Safepoint "ICBufferFull", Time since last: 640399595 ns, Reaching safepoint: 160701 ns, At safepoint: 7900 ns, Total: 168601 ns
[12.706s][info ][safepoint      ] Safepoint "ICBufferFull", Time since last: 432382305 ns, Reaching safepoint: 164802 ns, At safepoint: 4300 ns, Total: 169102 ns
[12.731s][info ][safepoint      ] Safepoint "ICBufferFull", Time since last: 25144692 ns, Reaching safepoint: 222502 ns, At safepoint: 6900 ns, Total: 229402 ns
[13.195s][info ][safepoint      ] Safepoint "ICBufferFull", Time since last: 464251448 ns, Reaching safepoint: 157102 ns, At safepoint: 6800 ns, Total: 163902 ns
[13.872s][info ][gc,start       ] GC(6) Pause Young (Allocation Failure)
[14.174s][debug][gc,phases      ] GC(6) Scavenge 302.048ms
[14.174s][debug][gc,ref         ] GC(6) Skipped phase 1 of Reference Processing: no references
[14.174s][debug][gc,ref         ] GC(6) ReferenceProcessor::execute queues: 1, RefProcThreadModel::Single, marks_oops_alive: false
[14.174s][debug][gc,ref         ] GC(6) Skipped phase 3 of Reference Processing: no references
[14.174s][debug][gc,ref         ] GC(6) ReferenceProcessor::execute queues: 1, RefProcThreadModel::Single, marks_oops_alive: false
[14.174s][debug][gc,phases      ] GC(6) Reference Processing 0.188ms
[14.174s][debug][gc,phases      ] GC(6)   VM Weak                        Min:  0.0, Avg:  0.0, Max:  0.0, Diff:  0.0, Sum:  0.0, Workers: 4
[14.174s][debug][gc,phases      ] GC(6)     Dead                           Min: 0, Avg:  0.0, Max: 0, Diff: 0, Sum: 0, Workers: 4
[14.174s][debug][gc,phases      ] GC(6)     Total                          Min: 0, Avg: 159.8, Max: 320, Diff: 320, Sum: 639, Workers: 4
[14.174s][debug][gc,phases      ] GC(6)   ObjectSynchronizer Weak        Min:  0.0, Avg:  0.0, Max:  0.0, Diff:  0.0, Sum:  0.0, Workers: 4
[14.174s][debug][gc,phases      ] GC(6)     Dead                           Min: 0, Avg:  0.0, Max: 0, Diff: 0, Sum: 0, Workers: 4
[14.174s][debug][gc,phases      ] GC(6)     Total                          Min: 0, Avg:  8.2, Max: 33, Diff: 33, Sum: 33, Workers: 4
[14.174s][debug][gc,phases      ] GC(6)   JVMTI Tag Weak OopStorage      Min:  0.0, Avg:  0.0, Max:  0.0, Diff:  0.0, Sum:  0.0, Workers: 4
[14.174s][debug][gc,phases      ] GC(6)     Dead                           Min: 0, Avg:  0.0, Max: 0, Diff: 0, Sum: 0, Workers: 4
[14.174s][debug][gc,phases      ] GC(6)     Total                          Min: 0, Avg:  0.0, Max: 0, Diff: 0, Sum: 0, Workers: 4
[14.174s][debug][gc,phases      ] GC(6)   StringTable Weak               Min:  0.3, Avg:  0.3, Max:  0.3, Diff:  0.0, Sum:  1.1, Workers: 4
[14.174s][debug][gc,phases      ] GC(6)     Dead                           Min: 0, Avg:  1.5, Max: 5, Diff: 5, Sum: 6, Workers: 4
[14.174s][debug][gc,phases      ] GC(6)     Total                          Min: 9536, Avg: 9914.0, Max: 10560, Diff: 1024, Sum: 39656, Workers: 4
[14.174s][debug][gc,phases      ] GC(6)   ResolvedMethodTable Weak       Min:  0.1, Avg:  0.1, Max:  0.1, Diff:  0.0, Sum:  0.2, Workers: 4
[14.174s][debug][gc,phases      ] GC(6)     Dead                           Min: 0, Avg: 12.2, Max: 29, Diff: 29, Sum: 49, Workers: 4
[14.174s][debug][gc,phases      ] GC(6)     Total                          Min: 1664, Avg: 1813.8, Max: 2007, Diff: 343, Sum: 7255, Workers: 4
[14.174s][debug][gc,phases      ] GC(6)   JNI Weak                       Min:  0.0, Avg:  0.0, Max:  0.0, Diff:  0.0, Sum:  0.0, Workers: 4
[14.174s][debug][gc,phases      ] GC(6)     Dead                           Min: 0, Avg:  0.0, Max: 0, Diff: 0, Sum: 0, Workers: 4
[14.174s][debug][gc,phases      ] GC(6)     Total                          Min: 0, Avg: 13.2, Max: 45, Diff: 45, Sum: 53, Workers: 4
[14.174s][debug][gc,phases      ] GC(6)   StringDedup Table Weak         Min:  0.0, Avg:  0.0, Max:  0.0, Diff:  0.0, Sum:  0.0, Workers: 4
[14.174s][debug][gc,phases      ] GC(6)     Dead                           Min: 0, Avg:  0.0, Max: 0, Diff: 0, Sum: 0, Workers: 4
[14.174s][debug][gc,phases      ] GC(6)     Total                          Min: 0, Avg:  0.0, Max: 0, Diff: 0, Sum: 0, Workers: 4
[14.174s][debug][gc,phases      ] GC(6)   StringDedup Requests0 Weak     Min:  0.0, Avg:  0.0, Max:  0.0, Diff:  0.0, Sum:  0.0, Workers: 4
[14.174s][debug][gc,phases      ] GC(6)     Dead                           Min: 0, Avg:  0.0, Max: 0, Diff: 0, Sum: 0, Workers: 4
[14.174s][debug][gc,phases      ] GC(6)     Total                          Min: 0, Avg:  0.0, Max: 0, Diff: 0, Sum: 0, Workers: 4
[14.174s][debug][gc,phases      ] GC(6)   StringDedup Requests1 Weak     Min:  0.0, Avg:  0.0, Max:  0.0, Diff:  0.0, Sum:  0.0, Workers: 4
[14.174s][debug][gc,phases      ] GC(6)     Dead                           Min: 0, Avg:  0.0, Max: 0, Diff: 0, Sum: 0, Workers: 4
[14.174s][debug][gc,phases      ] GC(6)     Total                          Min: 0, Avg:  0.0, Max: 0, Diff: 0, Sum: 0, Workers: 4
[14.174s][debug][gc,phases      ] GC(6)   Weak JFR Old Object Samples    Min:  0.0, Avg:  0.0, Max:  0.0, Diff:  0.0, Sum:  0.0, Workers: 4
[14.174s][debug][gc,phases      ] GC(6)     Dead                           Min: 0, Avg:  0.0, Max: 0, Diff: 0, Sum: 0, Workers: 4
[14.174s][debug][gc,phases      ] GC(6)     Total                          Min: 0, Avg:  0.0, Max: 0, Diff: 0, Sum: 0, Workers: 4
[14.174s][debug][gc,phases      ] GC(6) Weak Processing 0.492ms
[14.174s][debug][gc,age         ] GC(6) Desired survivor size 536870912 bytes, new threshold 7 (max threshold 15)
[14.174s][info ][gc,heap        ] GC(6) PSYoungGen: 1507361K(1572864K)->524264K(1572864K) Eden: 1048576K(1048576K)->0K(1048576K) From: 458785K(524288K)->524264K(524288K)
[14.174s][info ][gc,heap        ] GC(6) ParOldGen: 6168K(18432K)->26009K(26112K)
[14.174s][info ][gc,metaspace   ] GC(6) Metaspace: 68631K(69440K)->68631K(69440K) NonClass: 58599K(59008K)->58599K(59008K) Class: 10032K(10432K)->10032K(10432K)
[14.174s][info ][gc             ] GC(6) Pause Young (Allocation Failure) 1478M->537M(1561M) 302.853ms
[14.174s][info ][gc,cpu         ] GC(6) User=0.86s Sys=0.18s Real=0.30s
[14.174s][debug][gc,phases      ] GC(7) Pre Compact 0.008ms
[14.174s][info ][gc,start       ] GC(7) Pause Full (Ergonomics)
[14.174s][info ][gc,phases,start] GC(7) Marking Phase
[14.400s][debug][gc,phases      ] GC(7) Par Mark 225.317ms
[14.400s][debug][gc,ref         ] GC(7) Skipped phase 1 of Reference Processing: no references
[14.400s][debug][gc,ref         ] GC(7) ReferenceProcessor::execute queues: 4, RefProcThreadModel::Multi, marks_oops_alive: false
[14.400s][debug][gc,ref         ] GC(7) Skipped phase 3 of Reference Processing: no references
[14.400s][debug][gc,ref         ] GC(7) ReferenceProcessor::execute queues: 1, RefProcThreadModel::Single, marks_oops_alive: false
[14.400s][debug][gc,phases      ] GC(7) Reference Processing 0.366ms
[14.400s][debug][gc,phases      ] GC(7)   VM Weak                        Min:  0.0, Avg:  0.0, Max:  0.0, Diff:  0.0, Sum:  0.0, Workers: 4
[14.400s][debug][gc,phases      ] GC(7)     Dead                           Min: 0, Avg:  0.2, Max: 1, Diff: 1, Sum: 1, Workers: 4
[14.401s][debug][gc,phases      ] GC(7)     Total                          Min: 127, Avg: 159.8, Max: 192, Diff: 65, Sum: 639, Workers: 4
[14.401s][debug][gc,phases      ] GC(7)   ObjectSynchronizer Weak        Min:  0.0, Avg:  0.0, Max:  0.0, Diff:  0.0, Sum:  0.0, Workers: 4
[14.401s][debug][gc,phases      ] GC(7)     Dead                           Min: 0, Avg:  0.0, Max: 0, Diff: 0, Sum: 0, Workers: 4
[14.401s][debug][gc,phases      ] GC(7)     Total                          Min: 0, Avg:  8.2, Max: 33, Diff: 33, Sum: 33, Workers: 4
[14.401s][debug][gc,phases      ] GC(7)   JVMTI Tag Weak OopStorage      Min:  0.0, Avg:  0.0, Max:  0.0, Diff:  0.0, Sum:  0.0, Workers: 4
[14.401s][debug][gc,phases      ] GC(7)     Dead                           Min: 0, Avg:  0.0, Max: 0, Diff: 0, Sum: 0, Workers: 4
[14.401s][debug][gc,phases      ] GC(7)     Total                          Min: 0, Avg:  0.0, Max: 0, Diff: 0, Sum: 0, Workers: 4
[14.401s][debug][gc,phases      ] GC(7)   StringTable Weak               Min:  0.1, Avg:  0.2, Max:  0.2, Diff:  0.0, Sum:  0.6, Workers: 4
[14.401s][debug][gc,phases      ] GC(7)     Dead                           Min: 0, Avg:  0.0, Max: 0, Diff: 0, Sum: 0, Workers: 4
[14.401s][debug][gc,phases      ] GC(7)     Total                          Min: 8000, Avg: 9914.0, Max: 10792, Diff: 2792, Sum: 39656, Workers: 4
[14.401s][debug][gc,phases      ] GC(7)   ResolvedMethodTable Weak       Min:  0.0, Avg:  0.0, Max:  0.0, Diff:  0.0, Sum:  0.1, Workers: 4
[14.401s][debug][gc,phases      ] GC(7)     Dead                           Min: 0, Avg:  0.5, Max: 1, Diff: 1, Sum: 2, Workers: 4
[14.401s][debug][gc,phases      ] GC(7)     Total                          Min: 1728, Avg: 1813.8, Max: 1879, Diff: 151, Sum: 7255, Workers: 4
[14.401s][debug][gc,phases      ] GC(7)   JNI Weak                       Min:  0.0, Avg:  0.0, Max:  0.0, Diff:  0.0, Sum:  0.0, Workers: 4
[14.401s][debug][gc,phases      ] GC(7)     Dead                           Min: 0, Avg:  0.0, Max: 0, Diff: 0, Sum: 0, Workers: 4
[14.401s][debug][gc,phases      ] GC(7)     Total                          Min: 0, Avg: 13.2, Max: 45, Diff: 45, Sum: 53, Workers: 4
[14.401s][debug][gc,phases      ] GC(7)   StringDedup Table Weak         Min:  0.0, Avg:  0.0, Max:  0.0, Diff:  0.0, Sum:  0.0, Workers: 4
[14.401s][debug][gc,phases      ] GC(7)     Dead                           Min: 0, Avg:  0.0, Max: 0, Diff: 0, Sum: 0, Workers: 4
[14.401s][debug][gc,phases      ] GC(7)     Total                          Min: 0, Avg:  0.0, Max: 0, Diff: 0, Sum: 0, Workers: 4
[14.401s][debug][gc,phases      ] GC(7)   StringDedup Requests0 Weak     Min:  0.0, Avg:  0.0, Max:  0.0, Diff:  0.0, Sum:  0.0, Workers: 4
[14.401s][debug][gc,phases      ] GC(7)     Dead                           Min: 0, Avg:  0.0, Max: 0, Diff: 0, Sum: 0, Workers: 4
[14.401s][debug][gc,phases      ] GC(7)     Total                          Min: 0, Avg:  0.0, Max: 0, Diff: 0, Sum: 0, Workers: 4
[14.401s][debug][gc,phases      ] GC(7)   StringDedup Requests1 Weak     Min:  0.0, Avg:  0.0, Max:  0.0, Diff:  0.0, Sum:  0.0, Workers: 4
[14.401s][debug][gc,phases      ] GC(7)     Dead                           Min: 0, Avg:  0.0, Max: 0, Diff: 0, Sum: 0, Workers: 4
[14.401s][debug][gc,phases      ] GC(7)     Total                          Min: 0, Avg:  0.0, Max: 0, Diff: 0, Sum: 0, Workers: 4
[14.401s][debug][gc,phases      ] GC(7)   Weak JFR Old Object Samples    Min:  0.0, Avg:  0.0, Max:  0.0, Diff:  0.0, Sum:  0.0, Workers: 4
[14.401s][debug][gc,phases      ] GC(7)     Dead                           Min: 0, Avg:  0.0, Max: 0, Diff: 0, Sum: 0, Workers: 4
[14.401s][debug][gc,phases      ] GC(7)     Total                          Min: 0, Avg:  0.0, Max: 0, Diff: 0, Sum: 0, Workers: 4
[14.401s][debug][gc,phases      ] GC(7) Weak Processing 0.345ms
[14.401s][debug][gc,phases      ] GC(7) ClassLoaderData 0.168ms
[14.401s][debug][gc,phases      ] GC(7) Trigger cleanups 0.005ms
[14.417s][debug][gc,phases      ] GC(7) Class Unloading 16.455ms
[14.417s][info ][gc,phases      ] GC(7) Marking Phase 242.660ms
[14.417s][info ][gc,phases,start] GC(7) Summary Phase
[14.417s][info ][gc,phases      ] GC(7) Summary Phase 0.012ms
[14.417s][info ][gc,phases,start] GC(7) Adjust Roots
[14.430s][info ][gc,phases      ] GC(7) Adjust Roots 12.774ms
[14.430s][info ][gc,phases,start] GC(7) Compaction Phase
[16.115s][info ][gc,phases      ] GC(7) Compaction Phase 1685.157ms
[16.115s][info ][gc,phases,start] GC(7) Post Compact
[16.118s][info ][gc,phases      ] GC(7) Post Compact 2.567ms
[16.118s][info ][gc,heap        ] GC(7) PSYoungGen: 524264K(1572864K)->521605K(1572864K) Eden: 0K(1048576K)->0K(1048576K) From: 524264K(524288K)->521605K(524288K)
[16.118s][info ][gc,heap        ] GC(7) ParOldGen: 26009K(26112K)->25121K(62464K)
[16.118s][info ][gc,metaspace   ] GC(7) Metaspace: 68631K(69440K)->68630K(69440K) NonClass: 58599K(59008K)->58598K(59008K) Class: 10032K(10432K)->10032K(10432K)
[16.118s][info ][gc             ] GC(7) Pause Full (Ergonomics) 537M->533M(1597M) 1943.425ms
[16.118s][info ][gc,cpu         ] GC(7) User=4.88s Sys=0.06s Real=1.94s
[16.120s][info ][safepoint      ] Safepoint "ParallelGCFailedAllocation", Time since last: 676005667 ns, Reaching safepoint: 217602 ns, At safepoint: 2248752589 ns, Total: 2248970191 ns
[16.817s][info ][safepoint      ] Safepoint "ICBufferFull", Time since last: 696384223 ns, Reaching safepoint: 233102 ns, At safepoint: 9800 ns, Total: 242902 ns
[17.213s][info ][safepoint      ] Safepoint "ICBufferFull", Time since last: 396063042 ns, Reaching safepoint: 256902 ns, At safepoint: 8200 ns, Total: 265102 ns
[17.483s][info ][safepoint      ] Safepoint "ICBufferFull", Time since last: 269719306 ns, Reaching safepoint: 251702 ns, At safepoint: 11900 ns, Total: 263602 ns
[17.617s][info ][safepoint      ] Safepoint "ICBufferFull", Time since last: 133866743 ns, Reaching safepoint: 156101 ns, At safepoint: 2700 ns, Total: 158801 ns
[17.786s][info ][safepoint      ] Safepoint "ICBufferFull", Time since last: 168753916 ns, Reaching safepoint: 182901 ns, At safepoint: 9800 ns, Total: 192701 ns
[18.268s][info ][safepoint      ] Safepoint "ICBufferFull", Time since last: 481388852 ns, Reaching safepoint: 182002 ns, At safepoint: 10800 ns, Total: 192802 ns
[18.815s][info ][safepoint      ] Safepoint "ICBufferFull", Time since last: 547232265 ns, Reaching safepoint: 271902 ns, At safepoint: 7100 ns, Total: 279002 ns
[19.816s][info ][safepoint      ] Safepoint "Cleanup", Time since last: 1000105595 ns, Reaching safepoint: 177801 ns, At safepoint: 5800 ns, Total: 183601 ns
[20.763s][info ][safepoint      ] Safepoint "ICBufferFull", Time since last: 947206983 ns, Reaching safepoint: 193001 ns, At safepoint: 5400 ns, Total: 198401 ns
[21.763s][info ][safepoint      ] Safepoint "Cleanup", Time since last: 1000097295 ns, Reaching safepoint: 177701 ns, At safepoint: 5300 ns, Total: 183001 ns
[22.447s][info ][gc,start       ] GC(8) Pause Young (Allocation Failure)
[22.525s][debug][gc,phases      ] GC(8) Scavenge 78.287ms
[22.526s][debug][gc,ref         ] GC(8) Skipped phase 1 of Reference Processing: no references
[22.526s][debug][gc,ref         ] GC(8) ReferenceProcessor::execute queues: 4, RefProcThreadModel::Multi, marks_oops_alive: false
[22.526s][debug][gc,ref         ] GC(8) ReferenceProcessor::execute queues: 4, RefProcThreadModel::Multi, marks_oops_alive: true
[22.526s][debug][gc,ref         ] GC(8) ReferenceProcessor::execute queues: 1, RefProcThreadModel::Single, marks_oops_alive: false
[22.526s][debug][gc,phases      ] GC(8) Reference Processing 0.565ms
[22.526s][debug][gc,phases      ] GC(8)   VM Weak                        Min:  0.0, Avg:  0.0, Max:  0.0, Diff:  0.0, Sum:  0.0, Workers: 4
[22.526s][debug][gc,phases      ] GC(8)     Dead                           Min: 0, Avg:  0.0, Max: 0, Diff: 0, Sum: 0, Workers: 4
[22.526s][debug][gc,phases      ] GC(8)     Total                          Min: 64, Avg: 164.2, Max: 209, Diff: 145, Sum: 657, Workers: 4
[22.526s][debug][gc,phases      ] GC(8)   ObjectSynchronizer Weak        Min:  0.0, Avg:  0.0, Max:  0.0, Diff:  0.0, Sum:  0.0, Workers: 4
[22.526s][debug][gc,phases      ] GC(8)     Dead                           Min: 0, Avg:  0.0, Max: 0, Diff: 0, Sum: 0, Workers: 4
[22.526s][debug][gc,phases      ] GC(8)     Total                          Min: 0, Avg:  8.8, Max: 35, Diff: 35, Sum: 35, Workers: 4
[22.526s][debug][gc,phases      ] GC(8)   JVMTI Tag Weak OopStorage      Min:  0.0, Avg:  0.0, Max:  0.0, Diff:  0.0, Sum:  0.0, Workers: 4
[22.526s][debug][gc,phases      ] GC(8)     Dead                           Min: 0, Avg:  0.0, Max: 0, Diff: 0, Sum: 0, Workers: 4
[22.526s][debug][gc,phases      ] GC(8)     Total                          Min: 0, Avg:  0.0, Max: 0, Diff: 0, Sum: 0, Workers: 4
[22.526s][debug][gc,phases      ] GC(8)   StringTable Weak               Min:  0.3, Avg:  0.3, Max:  0.3, Diff:  0.0, Sum:  1.1, Workers: 4
[22.526s][debug][gc,phases      ] GC(8)     Dead                           Min: 0, Avg:  2.0, Max: 5, Diff: 5, Sum: 8, Workers: 4
[22.526s][debug][gc,phases      ] GC(8)     Total                          Min: 9984, Avg: 10264.2, Max: 10432, Diff: 448, Sum: 41057, Workers: 4
[22.527s][debug][gc,phases      ] GC(8)   ResolvedMethodTable Weak       Min:  0.1, Avg:  0.1, Max:  0.1, Diff:  0.0, Sum:  0.2, Workers: 4
[22.527s][debug][gc,phases      ] GC(8)     Dead                           Min: 27, Avg: 38.2, Max: 51, Diff: 24, Sum: 153, Workers: 4
[22.527s][debug][gc,phases      ] GC(8)     Total                          Min: 1855, Avg: 1989.2, Max: 2112, Diff: 257, Sum: 7957, Workers: 4
[22.527s][debug][gc,phases      ] GC(8)   JNI Weak                       Min:  0.0, Avg:  0.0, Max:  0.0, Diff:  0.0, Sum:  0.0, Workers: 4
[22.527s][debug][gc,phases      ] GC(8)     Dead                           Min: 0, Avg:  0.0, Max: 0, Diff: 0, Sum: 0, Workers: 4
[22.527s][debug][gc,phases      ] GC(8)     Total                          Min: 0, Avg: 11.2, Max: 45, Diff: 45, Sum: 45, Workers: 4
[22.527s][debug][gc,phases      ] GC(8)   StringDedup Table Weak         Min:  0.0, Avg:  0.0, Max:  0.0, Diff:  0.0, Sum:  0.0, Workers: 4
[22.527s][debug][gc,phases      ] GC(8)     Dead                           Min: 0, Avg:  0.0, Max: 0, Diff: 0, Sum: 0, Workers: 4
[22.527s][debug][gc,phases      ] GC(8)     Total                          Min: 0, Avg:  0.0, Max: 0, Diff: 0, Sum: 0, Workers: 4
[22.527s][debug][gc,phases      ] GC(8)   StringDedup Requests0 Weak     Min:  0.0, Avg:  0.0, Max:  0.0, Diff:  0.0, Sum:  0.0, Workers: 4
[22.527s][debug][gc,phases      ] GC(8)     Dead                           Min: 0, Avg:  0.0, Max: 0, Diff: 0, Sum: 0, Workers: 4
[22.527s][debug][gc,phases      ] GC(8)     Total                          Min: 0, Avg:  0.0, Max: 0, Diff: 0, Sum: 0, Workers: 4
[22.527s][debug][gc,phases      ] GC(8)   StringDedup Requests1 Weak     Min:  0.0, Avg:  0.0, Max:  0.0, Diff:  0.0, Sum:  0.0, Workers: 4
[22.527s][debug][gc,phases      ] GC(8)     Dead                           Min: 0, Avg:  0.0, Max: 0, Diff: 0, Sum: 0, Workers: 4
[22.527s][debug][gc,phases      ] GC(8)     Total                          Min: 0, Avg:  0.0, Max: 0, Diff: 0, Sum: 0, Workers: 4
[22.527s][debug][gc,phases      ] GC(8)   Weak JFR Old Object Samples    Min:  0.0, Avg:  0.0, Max:  0.0, Diff:  0.0, Sum:  0.0, Workers: 4
[22.527s][debug][gc,phases      ] GC(8)     Dead                           Min: 0, Avg:  0.0, Max: 0, Diff: 0, Sum: 0, Workers: 4
[22.527s][debug][gc,phases      ] GC(8)     Total                          Min: 0, Avg:  0.0, Max: 0, Diff: 0, Sum: 0, Workers: 4
[22.527s][debug][gc,phases      ] GC(8) Weak Processing 0.498ms
[22.527s][debug][gc,age         ] GC(8) Desired survivor size 536870912 bytes, new threshold 6 (max threshold 15)
[22.527s][info ][gc,heap        ] GC(8) PSYoungGen: 1570181K(1572864K)->231046K(1572864K) Eden: 1048576K(1048576K)->0K(1048576K) From: 521605K(524288K)->231046K(524288K)
[22.527s][info ][gc,heap        ] GC(8) ParOldGen: 25121K(62464K)->25129K(62464K)
[22.527s][info ][gc,metaspace   ] GC(8) Metaspace: 73749K(74560K)->73749K(74560K) NonClass: 62997K(63424K)->62997K(63424K) Class: 10751K(11136K)->10751K(11136K)
[22.527s][info ][gc             ] GC(8) Pause Young (Allocation Failure) 1557M->250M(1597M) 79.484ms
[22.527s][info ][gc,cpu         ] GC(8) User=0.27s Sys=0.01s Real=0.08s
[22.527s][info ][safepoint      ] Safepoint "ParallelGCFailedAllocation", Time since last: 683540828 ns, Reaching safepoint: 303602 ns, At safepoint: 79559620 ns, Total: 79863222 ns
[22.649s][info ][safepoint      ] Safepoint "ICBufferFull", Time since last: 121861950 ns, Reaching safepoint: 279002 ns, At safepoint: 14300 ns, Total: 293302 ns
[23.421s][info ][safepoint      ] Safepoint "ICBufferFull", Time since last: 772320920 ns, Reaching safepoint: 246702 ns, At safepoint: 6800 ns, Total: 253502 ns
[23.925s][info ][safepoint      ] Safepoint "ICBufferFull", Time since last: 503087821 ns, Reaching safepoint: 283702 ns, At safepoint: 9100 ns, Total: 292802 ns
[24.076s][info ][safepoint      ] Safepoint "ICBufferFull", Time since last: 151058378 ns, Reaching safepoint: 196901 ns, At safepoint: 3600 ns, Total: 200501 ns
[24.195s][info ][safepoint      ] Safepoint "ICBufferFull", Time since last: 118866927 ns, Reaching safepoint: 203301 ns, At safepoint: 2500 ns, Total: 205801 ns
[24.344s][info ][safepoint      ] Safepoint "ICBufferFull", Time since last: 148474957 ns, Reaching safepoint: 180802 ns, At safepoint: 4500 ns, Total: 185302 ns
[24.567s][info ][safepoint      ] Safepoint "ICBufferFull", Time since last: 223019538 ns, Reaching safepoint: 177101 ns, At safepoint: 7200 ns, Total: 184301 ns
[24.735s][info ][gc,start       ] GC(9) Pause Young (Allocation Failure)
[24.842s][debug][gc,phases      ] GC(9) Scavenge 107.156ms
[24.842s][debug][gc,ref         ] GC(9) Skipped phase 1 of Reference Processing: no references
[24.843s][debug][gc,ref         ] GC(9) ReferenceProcessor::execute queues: 4, RefProcThreadModel::Multi, marks_oops_alive: false
[24.843s][debug][gc,ref         ] GC(9) Skipped phase 3 of Reference Processing: no references
[24.843s][debug][gc,ref         ] GC(9) ReferenceProcessor::execute queues: 1, RefProcThreadModel::Single, marks_oops_alive: false
[24.843s][debug][gc,phases      ] GC(9) Reference Processing 0.652ms
[24.844s][debug][gc,phases      ] GC(9)   VM Weak                        Min:  0.0, Avg:  0.0, Max:  0.0, Diff:  0.0, Sum:  0.0, Workers: 4
[24.844s][debug][gc,phases      ] GC(9)     Dead                           Min: 0, Avg:  0.0, Max: 0, Diff: 0, Sum: 0, Workers: 4
[24.844s][debug][gc,phases      ] GC(9)     Total                          Min: 0, Avg: 191.8, Max: 384, Diff: 384, Sum: 767, Workers: 4
[24.844s][debug][gc,phases      ] GC(9)   ObjectSynchronizer Weak        Min:  0.0, Avg:  0.0, Max:  0.0, Diff:  0.0, Sum:  0.0, Workers: 4
[24.844s][debug][gc,phases      ] GC(9)     Dead                           Min: 0, Avg:  0.2, Max: 1, Diff: 1, Sum: 1, Workers: 4
[24.844s][debug][gc,phases      ] GC(9)     Total                          Min: 0, Avg:  9.8, Max: 39, Diff: 39, Sum: 39, Workers: 4
[24.844s][debug][gc,phases      ] GC(9)   JVMTI Tag Weak OopStorage      Min:  0.0, Avg:  0.0, Max:  0.0, Diff:  0.0, Sum:  0.0, Workers: 4
[24.844s][debug][gc,phases      ] GC(9)     Dead                           Min: 0, Avg:  0.0, Max: 0, Diff: 0, Sum: 0, Workers: 4
[24.844s][debug][gc,phases      ] GC(9)     Total                          Min: 0, Avg:  0.0, Max: 0, Diff: 0, Sum: 0, Workers: 4
[24.844s][debug][gc,phases      ] GC(9)   StringTable Weak               Min:  0.0, Avg:  0.3, Max:  0.4, Diff:  0.4, Sum:  1.1, Workers: 4
[24.844s][debug][gc,phases      ] GC(9)     Dead                           Min: 0, Avg:  2.5, Max: 5, Diff: 5, Sum: 10, Workers: 4
[24.844s][debug][gc,phases      ] GC(9)     Total                          Min: 0, Avg: 10473.8, Max: 14848, Diff: 14848, Sum: 41895, Workers: 4
[24.844s][debug][gc,phases      ] GC(9)   ResolvedMethodTable Weak       Min:  0.0, Avg:  0.1, Max:  0.1, Diff:  0.1, Sum:  0.3, Workers: 4
[24.844s][debug][gc,phases      ] GC(9)     Dead                           Min: 0, Avg: 23.5, Max: 50, Diff: 50, Sum: 94, Workers: 4
[24.844s][debug][gc,phases      ] GC(9)     Total                          Min: 0, Avg: 2189.5, Max: 3062, Diff: 3062, Sum: 8758, Workers: 4
[24.844s][debug][gc,phases      ] GC(9)   JNI Weak                       Min:  0.0, Avg:  0.0, Max:  0.0, Diff:  0.0, Sum:  0.0, Workers: 4
[24.844s][debug][gc,phases      ] GC(9)     Dead                           Min: 0, Avg:  0.0, Max: 0, Diff: 0, Sum: 0, Workers: 4
[24.844s][debug][gc,phases      ] GC(9)     Total                          Min: 0, Avg: 27.8, Max: 58, Diff: 58, Sum: 111, Workers: 4
[24.844s][debug][gc,phases      ] GC(9)   StringDedup Table Weak         Min:  0.0, Avg:  0.0, Max:  0.0, Diff:  0.0, Sum:  0.0, Workers: 4
[24.844s][debug][gc,phases      ] GC(9)     Dead                           Min: 0, Avg:  0.0, Max: 0, Diff: 0, Sum: 0, Workers: 4
[24.844s][debug][gc,phases      ] GC(9)     Total                          Min: 0, Avg:  0.0, Max: 0, Diff: 0, Sum: 0, Workers: 4
[24.844s][debug][gc,phases      ] GC(9)   StringDedup Requests0 Weak     Min:  0.0, Avg:  0.0, Max:  0.0, Diff:  0.0, Sum:  0.0, Workers: 4
[24.844s][debug][gc,phases      ] GC(9)     Dead                           Min: 0, Avg:  0.0, Max: 0, Diff: 0, Sum: 0, Workers: 4
[24.844s][debug][gc,phases      ] GC(9)     Total                          Min: 0, Avg:  0.0, Max: 0, Diff: 0, Sum: 0, Workers: 4
[24.844s][debug][gc,phases      ] GC(9)   StringDedup Requests1 Weak     Min:  0.0, Avg:  0.0, Max:  0.0, Diff:  0.0, Sum:  0.0, Workers: 4
[24.844s][debug][gc,phases      ] GC(9)     Dead                           Min: 0, Avg:  0.0, Max: 0, Diff: 0, Sum: 0, Workers: 4
[24.844s][debug][gc,phases      ] GC(9)     Total                          Min: 0, Avg:  0.0, Max: 0, Diff: 0, Sum: 0, Workers: 4
[24.844s][debug][gc,phases      ] GC(9)   Weak JFR Old Object Samples    Min:  0.0, Avg:  0.0, Max:  0.0, Diff:  0.0, Sum:  0.0, Workers: 4
[24.844s][debug][gc,phases      ] GC(9)     Dead                           Min: 0, Avg:  0.0, Max: 0, Diff: 0, Sum: 0, Workers: 4
[24.844s][debug][gc,phases      ] GC(9)     Total                          Min: 0, Avg:  0.0, Max: 0, Diff: 0, Sum: 0, Workers: 4
[24.844s][debug][gc,phases      ] GC(9) Weak Processing 0.660ms
[24.844s][debug][gc,age         ] GC(9) Desired survivor size 536870912 bytes, new threshold 5 (max threshold 15)
[24.844s][info ][gc,heap        ] GC(9) PSYoungGen: 1279622K(1572864K)->310406K(1572864K) Eden: 1048576K(1048576K)->0K(1048576K) From: 231046K(524288K)->310406K(524288K)
[24.844s][info ][gc,heap        ] GC(9) ParOldGen: 25129K(62464K)->25145K(62464K)
[24.844s][info ][gc,metaspace   ] GC(9) Metaspace: 76825K(77824K)->76825K(77824K) NonClass: 65592K(66112K)->65592K(66112K) Class: 11232K(11712K)->11232K(11712K)
[24.844s][info ][gc             ] GC(9) Pause Young (Allocation Failure) 1274M->327M(1597M) 108.598ms
[24.844s][info ][gc,cpu         ] GC(9) User=0.34s Sys=0.00s Real=0.11s
[24.844s][info ][safepoint      ] Safepoint "ParallelGCFailedAllocation", Time since last: 167827408 ns, Reaching safepoint: 249402 ns, At safepoint: 108670047 ns, Total: 108919449 ns
[25.116s][info ][safepoint      ] Safepoint "ICBufferFull", Time since last: 272148021 ns, Reaching safepoint: 171102 ns, At safepoint: 2300 ns, Total: 173402 ns
[25.343s][info ][safepoint      ] Safepoint "ICBufferFull", Time since last: 226610501 ns, Reaching safepoint: 282002 ns, At safepoint: 7800 ns, Total: 289802 ns
[25.511s][info ][safepoint      ] Safepoint "ICBufferFull", Time since last: 167867888 ns, Reaching safepoint: 166701 ns, At safepoint: 5900 ns, Total: 172601 ns
[25.765s][info ][safepoint      ] Safepoint "ICBufferFull", Time since last: 254096498 ns, Reaching safepoint: 167701 ns, At safepoint: 7500 ns, Total: 175201 ns
[26.116s][info ][safepoint      ] Safepoint "ICBufferFull", Time since last: 350518480 ns, Reaching safepoint: 170801 ns, At safepoint: 3300 ns, Total: 174101 ns
[26.537s][info ][safepoint      ] Safepoint "ICBufferFull", Time since last: 420539475 ns, Reaching safepoint: 217102 ns, At safepoint: 9000 ns, Total: 226102 ns
[27.094s][info ][safepoint      ] Safepoint "ICBufferFull", Time since last: 556935140 ns, Reaching safepoint: 184401 ns, At safepoint: 4900 ns, Total: 189301 ns
[27.776s][info ][safepoint      ] Safepoint "ICBufferFull", Time since last: 682440128 ns, Reaching safepoint: 210401 ns, At safepoint: 4500 ns, Total: 214901 ns
[28.273s][info ][safepoint      ] Safepoint "ICBufferFull", Time since last: 496428113 ns, Reaching safepoint: 278401 ns, At safepoint: 9501 ns, Total: 287902 ns
[28.663s][info ][gc,start       ] GC(10) Pause Young (Allocation Failure)
[28.801s][debug][gc,phases      ] GC(10) Scavenge 137.351ms
[28.801s][debug][gc,ref         ] GC(10) Skipped phase 1 of Reference Processing: no references
[28.801s][debug][gc,ref         ] GC(10) ReferenceProcessor::execute queues: 3, RefProcThreadModel::Multi, marks_oops_alive: false
[28.801s][debug][gc,ref         ] GC(10) ReferenceProcessor::execute queues: 4, RefProcThreadModel::Multi, marks_oops_alive: true
[28.801s][debug][gc,ref         ] GC(10) ReferenceProcessor::execute queues: 1, RefProcThreadModel::Single, marks_oops_alive: false
[28.801s][debug][gc,phases      ] GC(10) Reference Processing 0.432ms
[28.802s][debug][gc,phases      ] GC(10)   VM Weak                        Min:  0.0, Avg:  0.0, Max:  0.0, Diff:  0.0, Sum:  0.0, Workers: 4
[28.802s][debug][gc,phases      ] GC(10)     Dead                           Min: 0, Avg:  0.0, Max: 0, Diff: 0, Sum: 0, Workers: 4
[28.802s][debug][gc,phases      ] GC(10)     Total                          Min: 0, Avg: 205.2, Max: 512, Diff: 512, Sum: 821, Workers: 4
[28.802s][debug][gc,phases      ] GC(10)   ObjectSynchronizer Weak        Min:  0.0, Avg:  0.0, Max:  0.0, Diff:  0.0, Sum:  0.0, Workers: 4
[28.802s][debug][gc,phases      ] GC(10)     Dead                           Min: 0, Avg:  0.0, Max: 0, Diff: 0, Sum: 0, Workers: 4
[28.802s][debug][gc,phases      ] GC(10)     Total                          Min: 0, Avg: 10.2, Max: 41, Diff: 41, Sum: 41, Workers: 4
[28.802s][debug][gc,phases      ] GC(10)   JVMTI Tag Weak OopStorage      Min:  0.0, Avg:  0.0, Max:  0.0, Diff:  0.0, Sum:  0.0, Workers: 4
[28.802s][debug][gc,phases      ] GC(10)     Dead                           Min: 0, Avg:  0.0, Max: 0, Diff: 0, Sum: 0, Workers: 4
[28.802s][debug][gc,phases      ] GC(10)     Total                          Min: 0, Avg:  0.0, Max: 0, Diff: 0, Sum: 0, Workers: 4
[28.802s][debug][gc,phases      ] GC(10)   StringTable Weak               Min:  0.3, Avg:  0.3, Max:  0.3, Diff:  0.0, Sum:  1.2, Workers: 4
[28.802s][debug][gc,phases      ] GC(10)     Dead                           Min: 0, Avg:  0.8, Max: 3, Diff: 3, Sum: 3, Workers: 4
[28.802s][debug][gc,phases      ] GC(10)     Total                          Min: 10112, Avg: 10534.0, Max: 11160, Diff: 1048, Sum: 42136, Workers: 4
[28.802s][debug][gc,phases      ] GC(10)   ResolvedMethodTable Weak       Min:  0.1, Avg:  0.1, Max:  0.1, Diff:  0.0, Sum:  0.3, Workers: 4
[28.802s][debug][gc,phases      ] GC(10)     Dead                           Min: 0, Avg:  4.0, Max: 16, Diff: 16, Sum: 16, Workers: 4
[28.802s][debug][gc,phases      ] GC(10)     Total                          Min: 1856, Avg: 2183.5, Max: 2368, Diff: 512, Sum: 8734, Workers: 4
[28.802s][debug][gc,phases      ] GC(10)   JNI Weak                       Min:  0.0, Avg:  0.0, Max:  0.0, Diff:  0.0, Sum:  0.0, Workers: 4
[28.802s][debug][gc,phases      ] GC(10)     Dead                           Min: 0, Avg:  0.0, Max: 0, Diff: 0, Sum: 0, Workers: 4
[28.802s][debug][gc,phases      ] GC(10)     Total                          Min: 0, Avg: 18.2, Max: 72, Diff: 72, Sum: 73, Workers: 4
[28.802s][debug][gc,phases      ] GC(10)   StringDedup Table Weak         Min:  0.0, Avg:  0.0, Max:  0.0, Diff:  0.0, Sum:  0.0, Workers: 4
[28.802s][debug][gc,phases      ] GC(10)     Dead                           Min: 0, Avg:  0.0, Max: 0, Diff: 0, Sum: 0, Workers: 4
[28.802s][debug][gc,phases      ] GC(10)     Total                          Min: 0, Avg:  0.0, Max: 0, Diff: 0, Sum: 0, Workers: 4
[28.802s][debug][gc,phases      ] GC(10)   StringDedup Requests0 Weak     Min:  0.0, Avg:  0.0, Max:  0.0, Diff:  0.0, Sum:  0.0, Workers: 4
[28.802s][debug][gc,phases      ] GC(10)     Dead                           Min: 0, Avg:  0.0, Max: 0, Diff: 0, Sum: 0, Workers: 4
[28.802s][debug][gc,phases      ] GC(10)     Total                          Min: 0, Avg:  0.0, Max: 0, Diff: 0, Sum: 0, Workers: 4
[28.802s][debug][gc,phases      ] GC(10)   StringDedup Requests1 Weak     Min:  0.0, Avg:  0.0, Max:  0.0, Diff:  0.0, Sum:  0.0, Workers: 4
[28.802s][debug][gc,phases      ] GC(10)     Dead                           Min: 0, Avg:  0.0, Max: 0, Diff: 0, Sum: 0, Workers: 4
[28.802s][debug][gc,phases      ] GC(10)     Total                          Min: 0, Avg:  0.0, Max: 0, Diff: 0, Sum: 0, Workers: 4
[28.802s][debug][gc,phases      ] GC(10)   Weak JFR Old Object Samples    Min:  0.0, Avg:  0.0, Max:  0.0, Diff:  0.0, Sum:  0.0, Workers: 4
[28.802s][debug][gc,phases      ] GC(10)     Dead                           Min: 0, Avg:  0.0, Max: 0, Diff: 0, Sum: 0, Workers: 4
[28.802s][debug][gc,phases      ] GC(10)     Total                          Min: 0, Avg:  0.0, Max: 0, Diff: 0, Sum: 0, Workers: 4
[28.802s][debug][gc,phases      ] GC(10) Weak Processing 0.513ms
[28.802s][debug][gc,age         ] GC(10) Desired survivor size 536870912 bytes, new threshold 4 (max threshold 15)
[28.802s][info ][gc,heap        ] GC(10) PSYoungGen: 1358982K(1572864K)->277695K(1572864K) Eden: 1048576K(1048576K)->0K(1048576K) From: 310406K(524288K)->277695K(524288K)
[28.802s][info ][gc,heap        ] GC(10) ParOldGen: 25145K(62464K)->105888K(105984K)
[28.802s][info ][gc,metaspace   ] GC(10) Metaspace: 78215K(79232K)->78215K(79232K) NonClass: 66866K(67392K)->66866K(67392K) Class: 11349K(11840K)->11349K(11840K)
[28.802s][info ][gc             ] GC(10) Pause Young (Allocation Failure) 1351M->374M(1639M) 138.449ms
[28.802s][info ][gc,cpu         ] GC(10) User=0.41s Sys=0.04s Real=0.14s
[28.802s][debug][gc,phases      ] GC(11) Pre Compact 0.009ms
[28.802s][info ][gc,start       ] GC(11) Pause Full (Ergonomics)
[28.802s][info ][gc,phases,start] GC(11) Marking Phase
[28.915s][debug][gc,phases      ] GC(11) Par Mark 113.175ms
[28.915s][debug][gc,ref         ] GC(11) Skipped phase 1 of Reference Processing: no references
[28.915s][debug][gc,ref         ] GC(11) ReferenceProcessor::execute queues: 4, RefProcThreadModel::Multi, marks_oops_alive: false
[28.916s][debug][gc,ref         ] GC(11) Skipped phase 3 of Reference Processing: no references
[28.916s][debug][gc,ref         ] GC(11) ReferenceProcessor::execute queues: 1, RefProcThreadModel::Single, marks_oops_alive: false
[28.916s][debug][gc,phases      ] GC(11) Reference Processing 0.512ms
[28.916s][debug][gc,phases      ] GC(11)   VM Weak                        Min:  0.0, Avg:  0.0, Max:  0.0, Diff:  0.0, Sum:  0.0, Workers: 4
[28.916s][debug][gc,phases      ] GC(11)     Dead                           Min: 0, Avg:  0.0, Max: 0, Diff: 0, Sum: 0, Workers: 4
[28.916s][debug][gc,phases      ] GC(11)     Total                          Min: 128, Avg: 205.2, Max: 320, Diff: 192, Sum: 821, Workers: 4
[28.916s][debug][gc,phases      ] GC(11)   ObjectSynchronizer Weak        Min:  0.0, Avg:  0.0, Max:  0.0, Diff:  0.0, Sum:  0.0, Workers: 4
[28.916s][debug][gc,phases      ] GC(11)     Dead                           Min: 0, Avg:  0.0, Max: 0, Diff: 0, Sum: 0, Workers: 4
[28.916s][debug][gc,phases      ] GC(11)     Total                          Min: 0, Avg: 10.2, Max: 41, Diff: 41, Sum: 41, Workers: 4
[28.916s][debug][gc,phases      ] GC(11)   JVMTI Tag Weak OopStorage      Min:  0.0, Avg:  0.0, Max:  0.0, Diff:  0.0, Sum:  0.0, Workers: 4
[28.916s][debug][gc,phases      ] GC(11)     Dead                           Min: 0, Avg:  0.0, Max: 0, Diff: 0, Sum: 0, Workers: 4
[28.916s][debug][gc,phases      ] GC(11)     Total                          Min: 0, Avg:  0.0, Max: 0, Diff: 0, Sum: 0, Workers: 4
[28.916s][debug][gc,phases      ] GC(11)   StringTable Weak               Min:  0.2, Avg:  0.2, Max:  0.2, Diff:  0.0, Sum:  0.6, Workers: 4
[28.916s][debug][gc,phases      ] GC(11)     Dead                           Min: 0, Avg:  0.0, Max: 0, Diff: 0, Sum: 0, Workers: 4
[28.916s][debug][gc,phases      ] GC(11)     Total                          Min: 10304, Avg: 10534.0, Max: 11008, Diff: 704, Sum: 42136, Workers: 4
[28.916s][debug][gc,phases      ] GC(11)   ResolvedMethodTable Weak       Min:  0.0, Avg:  0.0, Max:  0.0, Diff:  0.0, Sum:  0.1, Workers: 4
[28.916s][debug][gc,phases      ] GC(11)     Dead                           Min: 0, Avg:  0.0, Max: 0, Diff: 0, Sum: 0, Workers: 4
[28.916s][debug][gc,phases      ] GC(11)     Total                          Min: 2163, Avg: 2183.5, Max: 2228, Diff: 65, Sum: 8734, Workers: 4
[28.916s][debug][gc,phases      ] GC(11)   JNI Weak                       Min:  0.0, Avg:  0.0, Max:  0.0, Diff:  0.0, Sum:  0.0, Workers: 4
[28.916s][debug][gc,phases      ] GC(11)     Dead                           Min: 0, Avg:  0.0, Max: 0, Diff: 0, Sum: 0, Workers: 4
[28.916s][debug][gc,phases      ] GC(11)     Total                          Min: 0, Avg: 18.2, Max: 46, Diff: 46, Sum: 73, Workers: 4
[28.916s][debug][gc,phases      ] GC(11)   StringDedup Table Weak         Min:  0.0, Avg:  0.0, Max:  0.0, Diff:  0.0, Sum:  0.0, Workers: 4
[28.916s][debug][gc,phases      ] GC(11)     Dead                           Min: 0, Avg:  0.0, Max: 0, Diff: 0, Sum: 0, Workers: 4
[28.916s][debug][gc,phases      ] GC(11)     Total                          Min: 0, Avg:  0.0, Max: 0, Diff: 0, Sum: 0, Workers: 4
[28.916s][debug][gc,phases      ] GC(11)   StringDedup Requests0 Weak     Min:  0.0, Avg:  0.0, Max:  0.0, Diff:  0.0, Sum:  0.0, Workers: 4
[28.916s][debug][gc,phases      ] GC(11)     Dead                           Min: 0, Avg:  0.0, Max: 0, Diff: 0, Sum: 0, Workers: 4
[28.916s][debug][gc,phases      ] GC(11)     Total                          Min: 0, Avg:  0.0, Max: 0, Diff: 0, Sum: 0, Workers: 4
[28.916s][debug][gc,phases      ] GC(11)   StringDedup Requests1 Weak     Min:  0.0, Avg:  0.0, Max:  0.0, Diff:  0.0, Sum:  0.0, Workers: 4
[28.916s][debug][gc,phases      ] GC(11)     Dead                           Min: 0, Avg:  0.0, Max: 0, Diff: 0, Sum: 0, Workers: 4
[28.916s][debug][gc,phases      ] GC(11)     Total                          Min: 0, Avg:  0.0, Max: 0, Diff: 0, Sum: 0, Workers: 4
[28.916s][debug][gc,phases      ] GC(11)   Weak JFR Old Object Samples    Min:  0.0, Avg:  0.0, Max:  0.0, Diff:  0.0, Sum:  0.0, Workers: 4
[28.916s][debug][gc,phases      ] GC(11)     Dead                           Min: 0, Avg:  0.0, Max: 0, Diff: 0, Sum: 0, Workers: 4
[28.916s][debug][gc,phases      ] GC(11)     Total                          Min: 0, Avg:  0.0, Max: 0, Diff: 0, Sum: 0, Workers: 4
[28.916s][debug][gc,phases      ] GC(11) Weak Processing 0.380ms
[28.916s][debug][gc,phases      ] GC(11) ClassLoaderData 0.114ms
[28.916s][debug][gc,phases      ] GC(11) Trigger cleanups 0.000ms
[28.931s][debug][gc,phases      ] GC(11) Class Unloading 14.834ms
[28.931s][info ][gc,phases      ] GC(11) Marking Phase 129.119ms
[28.931s][info ][gc,phases,start] GC(11) Summary Phase
[28.931s][info ][gc,phases      ] GC(11) Summary Phase 0.014ms
[28.931s][info ][gc,phases,start] GC(11) Adjust Roots
[28.950s][info ][gc,phases      ] GC(11) Adjust Roots 18.839ms
[28.950s][info ][gc,phases,start] GC(11) Compaction Phase
[29.502s][info ][gc,phases      ] GC(11) Compaction Phase 552.086ms
[29.502s][info ][gc,phases,start] GC(11) Post Compact
[29.504s][info ][gc,phases      ] GC(11) Post Compact 2.415ms
[29.505s][info ][gc,heap        ] GC(11) PSYoungGen: 277695K(1572864K)->273420K(1572864K) Eden: 0K(1048576K)->0K(1048576K) From: 277695K(524288K)->273420K(524288K)
[29.505s][info ][gc,heap        ] GC(11) ParOldGen: 105888K(105984K)->105982K(188416K)
[29.505s][info ][gc,metaspace   ] GC(11) Metaspace: 78215K(79232K)->78215K(79232K) NonClass: 66866K(67392K)->66866K(67392K) Class: 11349K(11840K)->11349K(11840K)
[29.505s][info ][gc             ] GC(11) Pause Full (Ergonomics) 374M->370M(1720M) 702.749ms
[29.505s][info ][gc,cpu         ] GC(11) User=2.08s Sys=0.02s Real=0.70s
[29.505s][info ][safepoint      ] Safepoint "ParallelGCFailedAllocation", Time since last: 389925558 ns, Reaching safepoint: 206902 ns, At safepoint: 841835355 ns, Total: 842042257 ns
[30.087s][info ][safepoint      ] Safepoint "ICBufferFull", Time since last: 581717916 ns, Reaching safepoint: 182501 ns, At safepoint: 5200 ns, Total: 187701 ns
[30.726s][info ][safepoint      ] Safepoint "ICBufferFull", Time since last: 638748037 ns, Reaching safepoint: 294902 ns, At safepoint: 6200 ns, Total: 301102 ns
[31.727s][info ][safepoint      ] Safepoint "Cleanup", Time since last: 1000164580 ns, Reaching safepoint: 245202 ns, At safepoint: 9000 ns, Total: 254202 ns
[31.772s][info ][gc,start       ] GC(12) Pause Young (Allocation Failure)
[31.886s][debug][gc,phases      ] GC(12) Scavenge 114.031ms
[31.886s][debug][gc,ref         ] GC(12) Skipped phase 1 of Reference Processing: no references
[31.886s][debug][gc,ref         ] GC(12) ReferenceProcessor::execute queues: 2, RefProcThreadModel::Multi, marks_oops_alive: false
[31.887s][debug][gc,ref         ] GC(12) Skipped phase 3 of Reference Processing: no references
[31.887s][debug][gc,ref         ] GC(12) ReferenceProcessor::execute queues: 1, RefProcThreadModel::Single, marks_oops_alive: false
[31.887s][debug][gc,phases      ] GC(12) Reference Processing 0.309ms
[31.887s][debug][gc,phases      ] GC(12)   VM Weak                        Min:  0.0, Avg:  0.0, Max:  0.0, Diff:  0.0, Sum:  0.0, Workers: 4
[31.887s][debug][gc,phases      ] GC(12)     Dead                           Min: 0, Avg:  0.0, Max: 0, Diff: 0, Sum: 0, Workers: 4
[31.887s][debug][gc,phases      ] GC(12)     Total                          Min: 0, Avg: 207.2, Max: 384, Diff: 384, Sum: 829, Workers: 4
[31.887s][debug][gc,phases      ] GC(12)   ObjectSynchronizer Weak        Min:  0.0, Avg:  0.0, Max:  0.0, Diff:  0.0, Sum:  0.0, Workers: 4
[31.887s][debug][gc,phases      ] GC(12)     Dead                           Min: 0, Avg:  0.0, Max: 0, Diff: 0, Sum: 0, Workers: 4
[31.887s][debug][gc,phases      ] GC(12)     Total                          Min: 0, Avg: 10.2, Max: 41, Diff: 41, Sum: 41, Workers: 4
[31.887s][debug][gc,phases      ] GC(12)   JVMTI Tag Weak OopStorage      Min:  0.0, Avg:  0.0, Max:  0.0, Diff:  0.0, Sum:  0.0, Workers: 4
[31.887s][debug][gc,phases      ] GC(12)     Dead                           Min: 0, Avg:  0.0, Max: 0, Diff: 0, Sum: 0, Workers: 4
[31.887s][debug][gc,phases      ] GC(12)     Total                          Min: 0, Avg:  0.0, Max: 0, Diff: 0, Sum: 0, Workers: 4
[31.887s][debug][gc,phases      ] GC(12)   StringTable Weak               Min:  0.0, Avg:  0.2, Max:  0.2, Diff:  0.2, Sum:  0.7, Workers: 4
[31.887s][debug][gc,phases      ] GC(12)     Dead                           Min: 0, Avg:  0.2, Max: 1, Diff: 1, Sum: 1, Workers: 4
[31.887s][debug][gc,phases      ] GC(12)     Total                          Min: 0, Avg: 10571.5, Max: 14528, Diff: 14528, Sum: 42286, Workers: 4
[31.887s][debug][gc,phases      ] GC(12)   ResolvedMethodTable Weak       Min:  0.0, Avg:  0.1, Max:  0.1, Diff:  0.1, Sum:  0.2, Workers: 4
[31.887s][debug][gc,phases      ] GC(12)     Dead                           Min: 0, Avg:  0.0, Max: 0, Diff: 0, Sum: 0, Workers: 4
[31.887s][debug][gc,phases      ] GC(12)     Total                          Min: 0, Avg: 2193.8, Max: 3264, Diff: 3264, Sum: 8775, Workers: 4
[31.887s][debug][gc,phases      ] GC(12)   JNI Weak                       Min:  0.0, Avg:  0.0, Max:  0.0, Diff:  0.0, Sum:  0.0, Workers: 4
[31.887s][debug][gc,phases      ] GC(12)     Dead                           Min: 0, Avg:  0.0, Max: 0, Diff: 0, Sum: 0, Workers: 4
[31.887s][debug][gc,phases      ] GC(12)     Total                          Min: 0, Avg: 14.5, Max: 46, Diff: 46, Sum: 58, Workers: 4
[31.887s][debug][gc,phases      ] GC(12)   StringDedup Table Weak         Min:  0.0, Avg:  0.0, Max:  0.0, Diff:  0.0, Sum:  0.0, Workers: 4
[31.887s][debug][gc,phases      ] GC(12)     Dead                           Min: 0, Avg:  0.0, Max: 0, Diff: 0, Sum: 0, Workers: 4
[31.887s][debug][gc,phases      ] GC(12)     Total                          Min: 0, Avg:  0.0, Max: 0, Diff: 0, Sum: 0, Workers: 4
[31.887s][debug][gc,phases      ] GC(12)   StringDedup Requests0 Weak     Min:  0.0, Avg:  0.0, Max:  0.0, Diff:  0.0, Sum:  0.0, Workers: 4
[31.887s][debug][gc,phases      ] GC(12)     Dead                           Min: 0, Avg:  0.0, Max: 0, Diff: 0, Sum: 0, Workers: 4
[31.887s][debug][gc,phases      ] GC(12)     Total                          Min: 0, Avg:  0.0, Max: 0, Diff: 0, Sum: 0, Workers: 4
[31.887s][debug][gc,phases      ] GC(12)   StringDedup Requests1 Weak     Min:  0.0, Avg:  0.0, Max:  0.0, Diff:  0.0, Sum:  0.0, Workers: 4
[31.887s][debug][gc,phases      ] GC(12)     Dead                           Min: 0, Avg:  0.0, Max: 0, Diff: 0, Sum: 0, Workers: 4
[31.887s][debug][gc,phases      ] GC(12)     Total                          Min: 0, Avg:  0.0, Max: 0, Diff: 0, Sum: 0, Workers: 4
[31.887s][debug][gc,phases      ] GC(12)   Weak JFR Old Object Samples    Min:  0.0, Avg:  0.0, Max:  0.0, Diff:  0.0, Sum:  0.0, Workers: 4
[31.887s][debug][gc,phases      ] GC(12)     Dead                           Min: 0, Avg:  0.0, Max: 0, Diff: 0, Sum: 0, Workers: 4
[31.887s][debug][gc,phases      ] GC(12)     Total                          Min: 0, Avg:  0.0, Max: 0, Diff: 0, Sum: 0, Workers: 4
[31.887s][debug][gc,phases      ] GC(12) Weak Processing 0.498ms
[31.887s][debug][gc,age         ] GC(12) Desired survivor size 536870912 bytes, new threshold 3 (max threshold 15)
[31.887s][info ][gc,heap        ] GC(12) PSYoungGen: 1321996K(1572864K)->219254K(1572864K) Eden: 1048576K(1048576K)->0K(1048576K) From: 273420K(524288K)->219254K(524288K)
[31.887s][info ][gc,heap        ] GC(12) ParOldGen: 105982K(188416K)->227532K(227840K)
[31.887s][info ][gc,metaspace   ] GC(12) Metaspace: 78483K(79552K)->78483K(79552K) NonClass: 67111K(67648K)->67111K(67648K) Class: 11371K(11904K)->11371K(11904K)
[31.887s][info ][gc             ] GC(12) Pause Young (Allocation Failure) 1394M->436M(1758M) 114.977ms
[31.887s][info ][gc,cpu         ] GC(12) User=0.37s Sys=0.03s Real=0.12s
[31.887s][debug][gc,phases      ] GC(13) Pre Compact 0.009ms
[31.887s][info ][gc,start       ] GC(13) Pause Full (Ergonomics)
[31.887s][info ][gc,phases,start] GC(13) Marking Phase
[32.010s][debug][gc,phases      ] GC(13) Par Mark 122.414ms
[32.010s][debug][gc,ref         ] GC(13) Skipped phase 1 of Reference Processing: no references
[32.010s][debug][gc,ref         ] GC(13) ReferenceProcessor::execute queues: 4, RefProcThreadModel::Multi, marks_oops_alive: false
[32.010s][debug][gc,ref         ] GC(13) Skipped phase 3 of Reference Processing: no references
[32.010s][debug][gc,ref         ] GC(13) ReferenceProcessor::execute queues: 1, RefProcThreadModel::Single, marks_oops_alive: false
[32.010s][debug][gc,phases      ] GC(13) Reference Processing 0.724ms
[32.011s][debug][gc,phases      ] GC(13)   VM Weak                        Min:  0.0, Avg:  0.0, Max:  0.0, Diff:  0.0, Sum:  0.0, Workers: 4
[32.011s][debug][gc,phases      ] GC(13)     Dead                           Min: 0, Avg:  0.0, Max: 0, Diff: 0, Sum: 0, Workers: 4
[32.011s][debug][gc,phases      ] GC(13)     Total                          Min: 0, Avg: 207.2, Max: 448, Diff: 448, Sum: 829, Workers: 4
[32.011s][debug][gc,phases      ] GC(13)   ObjectSynchronizer Weak        Min:  0.0, Avg:  0.0, Max:  0.0, Diff:  0.0, Sum:  0.0, Workers: 4
[32.011s][debug][gc,phases      ] GC(13)     Dead                           Min: 0, Avg:  0.0, Max: 0, Diff: 0, Sum: 0, Workers: 4
[32.011s][debug][gc,phases      ] GC(13)     Total                          Min: 0, Avg: 10.2, Max: 41, Diff: 41, Sum: 41, Workers: 4
[32.011s][debug][gc,phases      ] GC(13)   JVMTI Tag Weak OopStorage      Min:  0.0, Avg:  0.0, Max:  0.0, Diff:  0.0, Sum:  0.0, Workers: 4
[32.011s][debug][gc,phases      ] GC(13)     Dead                           Min: 0, Avg:  0.0, Max: 0, Diff: 0, Sum: 0, Workers: 4
[32.011s][debug][gc,phases      ] GC(13)     Total                          Min: 0, Avg:  0.0, Max: 0, Diff: 0, Sum: 0, Workers: 4
[32.011s][debug][gc,phases      ] GC(13)   StringTable Weak               Min:  0.1, Avg:  0.1, Max:  0.1, Diff:  0.0, Sum:  0.6, Workers: 4
[32.011s][debug][gc,phases      ] GC(13)     Dead                           Min: 0, Avg:  0.0, Max: 0, Diff: 0, Sum: 0, Workers: 4
[32.011s][debug][gc,phases      ] GC(13)     Total                          Min: 10240, Avg: 10571.5, Max: 11072, Diff: 832, Sum: 42286, Workers: 4
[32.011s][debug][gc,phases      ] GC(13)   ResolvedMethodTable Weak       Min:  0.0, Avg:  0.0, Max:  0.0, Diff:  0.0, Sum:  0.1, Workers: 4
[32.011s][debug][gc,phases      ] GC(13)     Dead                           Min: 0, Avg:  0.0, Max: 0, Diff: 0, Sum: 0, Workers: 4
[32.011s][debug][gc,phases      ] GC(13)     Total                          Min: 2048, Avg: 2193.8, Max: 2368, Diff: 320, Sum: 8775, Workers: 4
[32.011s][debug][gc,phases      ] GC(13)   JNI Weak                       Min:  0.0, Avg:  0.0, Max:  0.0, Diff:  0.0, Sum:  0.0, Workers: 4
[32.011s][debug][gc,phases      ] GC(13)     Dead                           Min: 0, Avg:  0.0, Max: 0, Diff: 0, Sum: 0, Workers: 4
[32.011s][debug][gc,phases      ] GC(13)     Total                          Min: 0, Avg: 14.5, Max: 46, Diff: 46, Sum: 58, Workers: 4
[32.011s][debug][gc,phases      ] GC(13)   StringDedup Table Weak         Min:  0.0, Avg:  0.0, Max:  0.0, Diff:  0.0, Sum:  0.0, Workers: 4
[32.011s][debug][gc,phases      ] GC(13)     Dead                           Min: 0, Avg:  0.0, Max: 0, Diff: 0, Sum: 0, Workers: 4
[32.011s][debug][gc,phases      ] GC(13)     Total                          Min: 0, Avg:  0.0, Max: 0, Diff: 0, Sum: 0, Workers: 4
[32.011s][debug][gc,phases      ] GC(13)   StringDedup Requests0 Weak     Min:  0.0, Avg:  0.0, Max:  0.0, Diff:  0.0, Sum:  0.0, Workers: 4
[32.011s][debug][gc,phases      ] GC(13)     Dead                           Min: 0, Avg:  0.0, Max: 0, Diff: 0, Sum: 0, Workers: 4
[32.011s][debug][gc,phases      ] GC(13)     Total                          Min: 0, Avg:  0.0, Max: 0, Diff: 0, Sum: 0, Workers: 4
[32.011s][debug][gc,phases      ] GC(13)   StringDedup Requests1 Weak     Min:  0.0, Avg:  0.0, Max:  0.0, Diff:  0.0, Sum:  0.0, Workers: 4
[32.011s][debug][gc,phases      ] GC(13)     Dead                           Min: 0, Avg:  0.0, Max: 0, Diff: 0, Sum: 0, Workers: 4
[32.011s][debug][gc,phases      ] GC(13)     Total                          Min: 0, Avg:  0.0, Max: 0, Diff: 0, Sum: 0, Workers: 4
[32.011s][debug][gc,phases      ] GC(13)   Weak JFR Old Object Samples    Min:  0.0, Avg:  0.0, Max:  0.0, Diff:  0.0, Sum:  0.0, Workers: 4
[32.011s][debug][gc,phases      ] GC(13)     Dead                           Min: 0, Avg:  0.0, Max: 0, Diff: 0, Sum: 0, Workers: 4
[32.011s][debug][gc,phases      ] GC(13)     Total                          Min: 0, Avg:  0.0, Max: 0, Diff: 0, Sum: 0, Workers: 4
[32.011s][debug][gc,phases      ] GC(13) Weak Processing 0.336ms
[32.011s][debug][gc,phases      ] GC(13) ClassLoaderData 0.102ms
[32.011s][debug][gc,phases      ] GC(13) Trigger cleanups 0.000ms
[32.025s][debug][gc,phases      ] GC(13) Class Unloading 13.806ms
[32.025s][info ][gc,phases      ] GC(13) Marking Phase 137.460ms
[32.025s][info ][gc,phases,start] GC(13) Summary Phase
[32.025s][info ][gc,phases      ] GC(13) Summary Phase 0.010ms
[32.025s][info ][gc,phases,start] GC(13) Adjust Roots
[32.038s][info ][gc,phases      ] GC(13) Adjust Roots 12.918ms
[32.038s][info ][gc,phases,start] GC(13) Compaction Phase
[32.273s][info ][gc,phases      ] GC(13) Compaction Phase 235.482ms
[32.273s][info ][gc,phases,start] GC(13) Post Compact
[32.275s][info ][gc,phases      ] GC(13) Post Compact 1.392ms
[32.275s][info ][gc,heap        ] GC(13) PSYoungGen: 219254K(1572864K)->206313K(1572864K) Eden: 0K(1048576K)->0K(1048576K) From: 219254K(524288K)->206313K(524288K)
[32.275s][info ][gc,heap        ] GC(13) ParOldGen: 227532K(227840K)->227654K(367104K)
[32.275s][info ][gc,metaspace   ] GC(13) Metaspace: 78483K(79552K)->78483K(79552K) NonClass: 67111K(67648K)->67111K(67648K) Class: 11371K(11904K)->11371K(11904K)
[32.275s][info ][gc             ] GC(13) Pause Full (Ergonomics) 436M->423M(1894M) 387.601ms
[32.275s][info ][gc,cpu         ] GC(13) User=1.30s Sys=0.00s Real=0.38s
[32.275s][info ][safepoint      ] Safepoint "ParallelGCFailedAllocation", Time since last: 45399757 ns, Reaching safepoint: 124201 ns, At safepoint: 502762061 ns, Total: 502886262 ns
[33.053s][info ][safepoint      ] Safepoint "ICBufferFull", Time since last: 777629927 ns, Reaching safepoint: 184501 ns, At safepoint: 4900 ns, Total: 189401 ns
[33.837s][info ][safepoint      ] Safepoint "ICBufferFull", Time since last: 783820376 ns, Reaching safepoint: 258098 ns, At safepoint: 6399 ns, Total: 264497 ns
[34.266s][info ][gc,start       ] GC(14) Pause Young (Allocation Failure)
[34.377s][debug][gc,phases      ] GC(14) Scavenge 111.106ms
[34.377s][debug][gc,ref         ] GC(14) Skipped phase 1 of Reference Processing: no references
[34.377s][debug][gc,ref         ] GC(14) ReferenceProcessor::execute queues: 1, RefProcThreadModel::Single, marks_oops_alive: false
[34.377s][debug][gc,ref         ] GC(14) Skipped phase 3 of Reference Processing: no references
[34.377s][debug][gc,ref         ] GC(14) ReferenceProcessor::execute queues: 1, RefProcThreadModel::Single, marks_oops_alive: false
[34.377s][debug][gc,phases      ] GC(14) Reference Processing 0.111ms
[34.377s][debug][gc,phases      ] GC(14)   VM Weak                        Min:  0.0, Avg:  0.0, Max:  0.0, Diff:  0.0, Sum:  0.0, Workers: 4
[34.377s][debug][gc,phases      ] GC(14)     Dead                           Min: 0, Avg:  0.0, Max: 0, Diff: 0, Sum: 0, Workers: 4
[34.377s][debug][gc,phases      ] GC(14)     Total                          Min: 0, Avg: 208.2, Max: 769, Diff: 769, Sum: 833, Workers: 4
[34.377s][debug][gc,phases      ] GC(14)   ObjectSynchronizer Weak        Min:  0.0, Avg:  0.0, Max:  0.0, Diff:  0.0, Sum:  0.0, Workers: 4
[34.377s][debug][gc,phases      ] GC(14)     Dead                           Min: 0, Avg:  0.0, Max: 0, Diff: 0, Sum: 0, Workers: 4
[34.377s][debug][gc,phases      ] GC(14)     Total                          Min: 0, Avg: 10.2, Max: 41, Diff: 41, Sum: 41, Workers: 4
[34.377s][debug][gc,phases      ] GC(14)   JVMTI Tag Weak OopStorage      Min:  0.0, Avg:  0.0, Max:  0.0, Diff:  0.0, Sum:  0.0, Workers: 4
[34.377s][debug][gc,phases      ] GC(14)     Dead                           Min: 0, Avg:  0.0, Max: 0, Diff: 0, Sum: 0, Workers: 4
[34.377s][debug][gc,phases      ] GC(14)     Total                          Min: 0, Avg:  0.0, Max: 0, Diff: 0, Sum: 0, Workers: 4
[34.377s][debug][gc,phases      ] GC(14)   StringTable Weak               Min:  0.0, Avg:  0.1, Max:  0.1, Diff:  0.1, Sum:  0.4, Workers: 4
[34.377s][debug][gc,phases      ] GC(14)     Dead                           Min: 0, Avg:  0.5, Max: 2, Diff: 2, Sum: 2, Workers: 4
[34.377s][debug][gc,phases      ] GC(14)     Total                          Min: 0, Avg: 10577.5, Max: 19014, Diff: 19014, Sum: 42310, Workers: 4
[34.377s][debug][gc,phases      ] GC(14)   ResolvedMethodTable Weak       Min:  0.0, Avg:  0.0, Max:  0.0, Diff:  0.0, Sum:  0.1, Workers: 4
[34.377s][debug][gc,phases      ] GC(14)     Dead                           Min: 0, Avg:  0.0, Max: 0, Diff: 0, Sum: 0, Workers: 4
[34.377s][debug][gc,phases      ] GC(14)     Total                          Min: 0, Avg: 2199.2, Max: 3712, Diff: 3712, Sum: 8797, Workers: 4
[34.377s][debug][gc,phases      ] GC(14)   JNI Weak                       Min:  0.0, Avg:  0.0, Max:  0.0, Diff:  0.0, Sum:  0.0, Workers: 4
[34.377s][debug][gc,phases      ] GC(14)     Dead                           Min: 0, Avg:  0.0, Max: 0, Diff: 0, Sum: 0, Workers: 4
[34.377s][debug][gc,phases      ] GC(14)     Total                          Min: 0, Avg: 13.5, Max: 45, Diff: 45, Sum: 54, Workers: 4
[34.377s][debug][gc,phases      ] GC(14)   StringDedup Table Weak         Min:  0.0, Avg:  0.0, Max:  0.0, Diff:  0.0, Sum:  0.0, Workers: 4
[34.377s][debug][gc,phases      ] GC(14)     Dead                           Min: 0, Avg:  0.0, Max: 0, Diff: 0, Sum: 0, Workers: 4
[34.377s][debug][gc,phases      ] GC(14)     Total                          Min: 0, Avg:  0.0, Max: 0, Diff: 0, Sum: 0, Workers: 4
[34.377s][debug][gc,phases      ] GC(14)   StringDedup Requests0 Weak     Min:  0.0, Avg:  0.0, Max:  0.0, Diff:  0.0, Sum:  0.0, Workers: 4
[34.377s][debug][gc,phases      ] GC(14)     Dead                           Min: 0, Avg:  0.0, Max: 0, Diff: 0, Sum: 0, Workers: 4
[34.377s][debug][gc,phases      ] GC(14)     Total                          Min: 0, Avg:  0.0, Max: 0, Diff: 0, Sum: 0, Workers: 4
[34.377s][debug][gc,phases      ] GC(14)   StringDedup Requests1 Weak     Min:  0.0, Avg:  0.0, Max:  0.0, Diff:  0.0, Sum:  0.0, Workers: 4
[34.377s][debug][gc,phases      ] GC(14)     Dead                           Min: 0, Avg:  0.0, Max: 0, Diff: 0, Sum: 0, Workers: 4
[34.377s][debug][gc,phases      ] GC(14)     Total                          Min: 0, Avg:  0.0, Max: 0, Diff: 0, Sum: 0, Workers: 4
[34.377s][debug][gc,phases      ] GC(14)   Weak JFR Old Object Samples    Min:  0.0, Avg:  0.0, Max:  0.0, Diff:  0.0, Sum:  0.0, Workers: 4
[34.377s][debug][gc,phases      ] GC(14)     Dead                           Min: 0, Avg:  0.0, Max: 0, Diff: 0, Sum: 0, Workers: 4
[34.377s][debug][gc,phases      ] GC(14)     Total                          Min: 0, Avg:  0.0, Max: 0, Diff: 0, Sum: 0, Workers: 4
[34.377s][debug][gc,phases      ] GC(14) Weak Processing 0.325ms
[34.377s][debug][gc,age         ] GC(14) Desired survivor size 536346624 bytes, new threshold 4 (max threshold 15)
[34.377s][info ][gc,heap        ] GC(14) PSYoungGen: 1254889K(1572864K)->137729K(1573376K) Eden: 1048576K(1048576K)->0K(1049088K) From: 206313K(524288K)->137729K(524288K)
[34.377s][info ][gc,heap        ] GC(14) ParOldGen: 227654K(367104K)->333828K(367104K)
[34.377s][info ][gc,metaspace   ] GC(14) Metaspace: 78636K(79680K)->78636K(79680K) NonClass: 67255K(67776K)->67255K(67776K) Class: 11381K(11904K)->11381K(11904K)
[34.377s][info ][gc             ] GC(14) Pause Young (Allocation Failure) 1447M->460M(1895M) 111.652ms
[34.377s][info ][gc,cpu         ] GC(14) User=0.36s Sys=0.04s Real=0.11s
[34.377s][debug][gc,phases      ] GC(15) Pre Compact 0.009ms
[34.377s][info ][gc,start       ] GC(15) Pause Full (Ergonomics)
[34.377s][info ][gc,phases,start] GC(15) Marking Phase
[34.509s][debug][gc,phases      ] GC(15) Par Mark 131.823ms
[34.509s][debug][gc,ref         ] GC(15) Skipped phase 1 of Reference Processing: no references
[34.510s][debug][gc,ref         ] GC(15) ReferenceProcessor::execute queues: 4, RefProcThreadModel::Multi, marks_oops_alive: false
[34.510s][debug][gc,ref         ] GC(15) ReferenceProcessor::execute queues: 4, RefProcThreadModel::Multi, marks_oops_alive: true
[34.510s][debug][gc,ref         ] GC(15) ReferenceProcessor::execute queues: 1, RefProcThreadModel::Single, marks_oops_alive: false
[34.510s][debug][gc,phases      ] GC(15) Reference Processing 0.888ms
[34.510s][debug][gc,phases      ] GC(15)   VM Weak                        Min:  0.0, Avg:  0.0, Max:  0.0, Diff:  0.0, Sum:  0.0, Workers: 4
[34.510s][debug][gc,phases      ] GC(15)     Dead                           Min: 0, Avg:  0.0, Max: 0, Diff: 0, Sum: 0, Workers: 4
[34.510s][debug][gc,phases      ] GC(15)     Total                          Min: 0, Avg: 208.2, Max: 577, Diff: 577, Sum: 833, Workers: 4
[34.511s][debug][gc,phases      ] GC(15)   ObjectSynchronizer Weak        Min:  0.0, Avg:  0.0, Max:  0.0, Diff:  0.0, Sum:  0.0, Workers: 4
[34.511s][debug][gc,phases      ] GC(15)     Dead                           Min: 0, Avg:  0.0, Max: 0, Diff: 0, Sum: 0, Workers: 4
[34.511s][debug][gc,phases      ] GC(15)     Total                          Min: 0, Avg: 10.2, Max: 41, Diff: 41, Sum: 41, Workers: 4
[34.511s][debug][gc,phases      ] GC(15)   JVMTI Tag Weak OopStorage      Min:  0.0, Avg:  0.0, Max:  0.0, Diff:  0.0, Sum:  0.0, Workers: 4
[34.511s][debug][gc,phases      ] GC(15)     Dead                           Min: 0, Avg:  0.0, Max: 0, Diff: 0, Sum: 0, Workers: 4
[34.511s][debug][gc,phases      ] GC(15)     Total                          Min: 0, Avg:  0.0, Max: 0, Diff: 0, Sum: 0, Workers: 4
[34.511s][debug][gc,phases      ] GC(15)   StringTable Weak               Min:  0.0, Avg:  0.1, Max:  0.2, Diff:  0.2, Sum:  0.5, Workers: 4
[34.511s][debug][gc,phases      ] GC(15)     Dead                           Min: 0, Avg:  0.0, Max: 0, Diff: 0, Sum: 0, Workers: 4
[34.511s][debug][gc,phases      ] GC(15)     Total                          Min: 0, Avg: 10577.5, Max: 15814, Diff: 15814, Sum: 42310, Workers: 4
[34.511s][debug][gc,phases      ] GC(15)   ResolvedMethodTable Weak       Min:  0.0, Avg:  0.0, Max:  0.0, Diff:  0.0, Sum:  0.1, Workers: 4
[34.511s][debug][gc,phases      ] GC(15)     Dead                           Min: 0, Avg:  0.0, Max: 0, Diff: 0, Sum: 0, Workers: 4
[34.511s][debug][gc,phases      ] GC(15)     Total                          Min: 0, Avg: 2199.2, Max: 2973, Diff: 2973, Sum: 8797, Workers: 4
[34.511s][debug][gc,phases      ] GC(15)   JNI Weak                       Min:  0.0, Avg:  0.0, Max:  0.0, Diff:  0.0, Sum:  0.0, Workers: 4
[34.511s][debug][gc,phases      ] GC(15)     Dead                           Min: 0, Avg:  0.0, Max: 0, Diff: 0, Sum: 0, Workers: 4
[34.511s][debug][gc,phases      ] GC(15)     Total                          Min: 0, Avg: 13.5, Max: 45, Diff: 45, Sum: 54, Workers: 4
[34.511s][debug][gc,phases      ] GC(15)   StringDedup Table Weak         Min:  0.0, Avg:  0.0, Max:  0.0, Diff:  0.0, Sum:  0.0, Workers: 4
[34.511s][debug][gc,phases      ] GC(15)     Dead                           Min: 0, Avg:  0.0, Max: 0, Diff: 0, Sum: 0, Workers: 4
[34.511s][debug][gc,phases      ] GC(15)     Total                          Min: 0, Avg:  0.0, Max: 0, Diff: 0, Sum: 0, Workers: 4
[34.511s][debug][gc,phases      ] GC(15)   StringDedup Requests0 Weak     Min:  0.0, Avg:  0.0, Max:  0.0, Diff:  0.0, Sum:  0.0, Workers: 4
[34.511s][debug][gc,phases      ] GC(15)     Dead                           Min: 0, Avg:  0.0, Max: 0, Diff: 0, Sum: 0, Workers: 4
[34.511s][debug][gc,phases      ] GC(15)     Total                          Min: 0, Avg:  0.0, Max: 0, Diff: 0, Sum: 0, Workers: 4
[34.511s][debug][gc,phases      ] GC(15)   StringDedup Requests1 Weak     Min:  0.0, Avg:  0.0, Max:  0.0, Diff:  0.0, Sum:  0.0, Workers: 4
[34.511s][debug][gc,phases      ] GC(15)     Dead                           Min: 0, Avg:  0.0, Max: 0, Diff: 0, Sum: 0, Workers: 4
[34.511s][debug][gc,phases      ] GC(15)     Total                          Min: 0, Avg:  0.0, Max: 0, Diff: 0, Sum: 0, Workers: 4
[34.511s][debug][gc,phases      ] GC(15)   Weak JFR Old Object Samples    Min:  0.0, Avg:  0.0, Max:  0.0, Diff:  0.0, Sum:  0.0, Workers: 4
[34.511s][debug][gc,phases      ] GC(15)     Dead                           Min: 0, Avg:  0.0, Max: 0, Diff: 0, Sum: 0, Workers: 4
[34.511s][debug][gc,phases      ] GC(15)     Total                          Min: 0, Avg:  0.0, Max: 0, Diff: 0, Sum: 0, Workers: 4
[34.511s][debug][gc,phases      ] GC(15) Weak Processing 0.372ms
[34.511s][debug][gc,phases      ] GC(15) ClassLoaderData 0.101ms
[34.511s][debug][gc,phases      ] GC(15) Trigger cleanups 0.000ms
[34.525s][debug][gc,phases      ] GC(15) Class Unloading 14.852ms
[34.525s][info ][gc,phases      ] GC(15) Marking Phase 148.122ms
[34.525s][info ][gc,phases,start] GC(15) Summary Phase
[34.526s][info ][gc,phases      ] GC(15) Summary Phase 0.010ms
[34.526s][info ][gc,phases,start] GC(15) Adjust Roots
[34.536s][info ][gc,phases      ] GC(15) Adjust Roots 10.937ms
[34.536s][info ][gc,phases,start] GC(15) Compaction Phase
[34.712s][info ][gc,phases      ] GC(15) Compaction Phase 175.528ms
[34.712s][info ][gc,phases,start] GC(15) Post Compact
[34.713s][info ][gc,phases      ] GC(15) Post Compact 1.298ms
[34.714s][info ][gc,heap        ] GC(15) PSYoungGen: 137729K(1573376K)->93847K(1573376K) Eden: 0K(1049088K)->0K(1049088K) From: 137729K(524288K)->93847K(524288K)
[34.714s][info ][gc,heap        ] GC(15) ParOldGen: 333828K(367104K)->366686K(544768K)
[34.714s][info ][gc,metaspace   ] GC(15) Metaspace: 78636K(79680K)->78636K(79680K) NonClass: 67255K(67776K)->67255K(67776K) Class: 11381K(11904K)->11381K(11904K)
[34.714s][info ][gc             ] GC(15) Pause Full (Ergonomics) 460M->449M(2068M) 336.268ms
[34.714s][info ][gc,cpu         ] GC(15) User=1.07s Sys=0.02s Real=0.34s
[34.714s][info ][safepoint      ] Safepoint "ParallelGCFailedAllocation", Time since last: 428755443 ns, Reaching safepoint: 144699 ns, At safepoint: 448377505 ns, Total: 448522204 ns
[35.714s][info ][safepoint      ] Safepoint "Cleanup", Time since last: 1000102264 ns, Reaching safepoint: 200702 ns, At safepoint: 10200 ns, Total: 210902 ns
[36.959s][info ][safepoint      ] Safepoint "Cleanup", Time since last: 1244640287 ns, Reaching safepoint: 255502 ns, At safepoint: 7000 ns, Total: 262502 ns
[38.070s][info ][safepoint      ] Safepoint "Cleanup", Time since last: 1110661033 ns, Reaching safepoint: 118901 ns, At safepoint: 2400 ns, Total: 121301 ns
[39.070s][info ][safepoint      ] Safepoint "Cleanup", Time since last: 1000097665 ns, Reaching safepoint: 80800 ns, At safepoint: 4800 ns, Total: 85600 ns
[40.070s][info ][safepoint      ] Safepoint "Cleanup", Time since last: 1000113065 ns, Reaching safepoint: 76200 ns, At safepoint: 2900 ns, Total: 79100 ns
[41.071s][info ][safepoint      ] Safepoint "Cleanup", Time since last: 1000099965 ns, Reaching safepoint: 94200 ns, At safepoint: 7700 ns, Total: 101900 ns
[42.071s][info ][safepoint      ] Safepoint "Cleanup", Time since last: 1000125654 ns, Reaching safepoint: 60401 ns, At safepoint: 2200 ns, Total: 62601 ns
[43.071s][info ][safepoint      ] Safepoint "Cleanup", Time since last: 1000100158 ns, Reaching safepoint: 108200 ns, At safepoint: 5801 ns, Total: 114001 ns
[44.071s][info ][safepoint      ] Safepoint "Cleanup", Time since last: 1000115958 ns, Reaching safepoint: 76500 ns, At safepoint: 5600 ns, Total: 82100 ns
[45.071s][info ][safepoint      ] Safepoint "Cleanup", Time since last: 1000117059 ns, Reaching safepoint: 60900 ns, At safepoint: 3000 ns, Total: 63900 ns
[46.072s][info ][safepoint      ] Safepoint "Cleanup", Time since last: 1000098146 ns, Reaching safepoint: 62900 ns, At safepoint: 2600 ns, Total: 65500 ns
[47.072s][info ][safepoint      ] Safepoint "Cleanup", Time since last: 1000100354 ns, Reaching safepoint: 54201 ns, At safepoint: 3700 ns, Total: 57901 ns
[48.072s][info ][safepoint      ] Safepoint "Cleanup", Time since last: 1000118054 ns, Reaching safepoint: 118601 ns, At safepoint: 2100 ns, Total: 120701 ns
[49.112s][info ][safepoint      ] Safepoint "Cleanup", Time since last: 1040018960 ns, Reaching safepoint: 202301 ns, At safepoint: 5900 ns, Total: 208201 ns
[50.112s][info ][safepoint      ] Safepoint "Cleanup", Time since last: 1000131752 ns, Reaching safepoint: 138701 ns, At safepoint: 12600 ns, Total: 151301 ns
[51.113s][info ][safepoint      ] Safepoint "Cleanup", Time since last: 1000125949 ns, Reaching safepoint: 50800 ns, At safepoint: 2300 ns, Total: 53100 ns
[52.113s][info ][safepoint      ] Safepoint "Cleanup", Time since last: 1000114049 ns, Reaching safepoint: 141000 ns, At safepoint: 5801 ns, Total: 146801 ns
[53.113s][info ][safepoint      ] Safepoint "Cleanup", Time since last: 1000118149 ns, Reaching safepoint: 124801 ns, At safepoint: 5200 ns, Total: 130001 ns
[54.113s][info ][safepoint      ] Safepoint "Cleanup", Time since last: 1000111863 ns, Reaching safepoint: 53400 ns, At safepoint: 5701 ns, Total: 59101 ns
[55.114s][info ][safepoint      ] Safepoint "Cleanup", Time since last: 1000115063 ns, Reaching safepoint: 154901 ns, At safepoint: 11400 ns, Total: 166301 ns
[56.114s][info ][safepoint      ] Safepoint "Cleanup", Time since last: 1000148464 ns, Reaching safepoint: 59700 ns, At safepoint: 2600 ns, Total: 62300 ns
[57.114s][info ][safepoint      ] Safepoint "Cleanup", Time since last: 1000106863 ns, Reaching safepoint: 77701 ns, At safepoint: 5600 ns, Total: 83301 ns
[58.114s][info ][safepoint      ] Safepoint "Cleanup", Time since last: 1000106354 ns, Reaching safepoint: 68500 ns, At safepoint: 5500 ns, Total: 74000 ns
[59.114s][info ][safepoint      ] Safepoint "Cleanup", Time since last: 1000099493 ns, Reaching safepoint: 64000 ns, At safepoint: 6800 ns, Total: 70800 ns
[60.115s][info ][safepoint      ] Safepoint "Cleanup", Time since last: 1000116393 ns, Reaching safepoint: 73900 ns, At safepoint: 5600 ns, Total: 79500 ns
[60.362s][info ][gc,start       ] GC(16) Pause Young (Allocation Failure)
[60.419s][debug][gc,phases      ] GC(16) Scavenge 57.511ms
[60.419s][debug][gc,ref         ] GC(16) Skipped phase 1 of Reference Processing: no references
[60.419s][debug][gc,ref         ] GC(16) ReferenceProcessor::execute queues: 1, RefProcThreadModel::Single, marks_oops_alive: false
[60.419s][debug][gc,ref         ] GC(16) Skipped phase 3 of Reference Processing: no references
[60.419s][debug][gc,ref         ] GC(16) ReferenceProcessor::execute queues: 1, RefProcThreadModel::Single, marks_oops_alive: false
[60.419s][debug][gc,phases      ] GC(16) Reference Processing 0.152ms
[60.420s][debug][gc,phases      ] GC(16)   VM Weak                        Min:  0.0, Avg:  0.0, Max:  0.0, Diff:  0.0, Sum:  0.0, Workers: 4
[60.420s][debug][gc,phases      ] GC(16)     Dead                           Min: 0, Avg:  0.0, Max: 0, Diff: 0, Sum: 0, Workers: 4
[60.420s][debug][gc,phases      ] GC(16)     Total                          Min: 0, Avg: 208.5, Max: 322, Diff: 322, Sum: 834, Workers: 4
[60.420s][debug][gc,phases      ] GC(16)   ObjectSynchronizer Weak        Min:  0.0, Avg:  0.0, Max:  0.0, Diff:  0.0, Sum:  0.0, Workers: 4
[60.420s][debug][gc,phases      ] GC(16)     Dead                           Min: 0, Avg:  0.0, Max: 0, Diff: 0, Sum: 0, Workers: 4
[60.420s][debug][gc,phases      ] GC(16)     Total                          Min: 0, Avg: 10.2, Max: 41, Diff: 41, Sum: 41, Workers: 4
[60.420s][debug][gc,phases      ] GC(16)   JVMTI Tag Weak OopStorage      Min:  0.0, Avg:  0.0, Max:  0.0, Diff:  0.0, Sum:  0.0, Workers: 4
[60.420s][debug][gc,phases      ] GC(16)     Dead                           Min: 0, Avg:  0.0, Max: 0, Diff: 0, Sum: 0, Workers: 4
[60.420s][debug][gc,phases      ] GC(16)     Total                          Min: 0, Avg:  0.0, Max: 0, Diff: 0, Sum: 0, Workers: 4
[60.420s][debug][gc,phases      ] GC(16)   StringTable Weak               Min:  0.0, Avg:  0.2, Max:  0.2, Diff:  0.2, Sum:  0.6, Workers: 4
[60.420s][debug][gc,phases      ] GC(16)     Dead                           Min: 0, Avg:  0.0, Max: 0, Diff: 0, Sum: 0, Workers: 4
[60.420s][debug][gc,phases      ] GC(16)     Total                          Min: 0, Avg: 10665.8, Max: 16128, Diff: 16128, Sum: 42663, Workers: 4
[60.420s][debug][gc,phases      ] GC(16)   ResolvedMethodTable Weak       Min:  0.0, Avg:  0.0, Max:  0.0, Diff:  0.0, Sum:  0.1, Workers: 4
[60.420s][debug][gc,phases      ] GC(16)     Dead                           Min: 0, Avg:  0.0, Max: 0, Diff: 0, Sum: 0, Workers: 4
[60.420s][debug][gc,phases      ] GC(16)     Total                          Min: 0, Avg: 2201.5, Max: 3622, Diff: 3622, Sum: 8806, Workers: 4
[60.420s][debug][gc,phases      ] GC(16)   JNI Weak                       Min:  0.0, Avg:  0.0, Max:  0.0, Diff:  0.0, Sum:  0.0, Workers: 4
[60.420s][debug][gc,phases      ] GC(16)     Dead                           Min: 0, Avg:  0.0, Max: 0, Diff: 0, Sum: 0, Workers: 4
[60.420s][debug][gc,phases      ] GC(16)     Total                          Min: 0, Avg: 11.2, Max: 45, Diff: 45, Sum: 45, Workers: 4
[60.420s][debug][gc,phases      ] GC(16)   StringDedup Table Weak         Min:  0.0, Avg:  0.0, Max:  0.0, Diff:  0.0, Sum:  0.0, Workers: 4
[60.420s][debug][gc,phases      ] GC(16)     Dead                           Min: 0, Avg:  0.0, Max: 0, Diff: 0, Sum: 0, Workers: 4
[60.420s][debug][gc,phases      ] GC(16)     Total                          Min: 0, Avg:  0.0, Max: 0, Diff: 0, Sum: 0, Workers: 4
[60.420s][debug][gc,phases      ] GC(16)   StringDedup Requests0 Weak     Min:  0.0, Avg:  0.0, Max:  0.0, Diff:  0.0, Sum:  0.0, Workers: 4
[60.420s][debug][gc,phases      ] GC(16)     Dead                           Min: 0, Avg:  0.0, Max: 0, Diff: 0, Sum: 0, Workers: 4
[60.420s][debug][gc,phases      ] GC(16)     Total                          Min: 0, Avg:  0.0, Max: 0, Diff: 0, Sum: 0, Workers: 4
[60.420s][debug][gc,phases      ] GC(16)   StringDedup Requests1 Weak     Min:  0.0, Avg:  0.0, Max:  0.0, Diff:  0.0, Sum:  0.0, Workers: 4
[60.420s][debug][gc,phases      ] GC(16)     Dead                           Min: 0, Avg:  0.0, Max: 0, Diff: 0, Sum: 0, Workers: 4
[60.420s][debug][gc,phases      ] GC(16)     Total                          Min: 0, Avg:  0.0, Max: 0, Diff: 0, Sum: 0, Workers: 4
[60.420s][debug][gc,phases      ] GC(16)   Weak JFR Old Object Samples    Min:  0.0, Avg:  0.0, Max:  0.0, Diff:  0.0, Sum:  0.0, Workers: 4
[60.420s][debug][gc,phases      ] GC(16)     Dead                           Min: 0, Avg:  0.0, Max: 0, Diff: 0, Sum: 0, Workers: 4
[60.420s][debug][gc,phases      ] GC(16)     Total                          Min: 0, Avg:  0.0, Max: 0, Diff: 0, Sum: 0, Workers: 4
[60.420s][debug][gc,phases      ] GC(16) Weak Processing 0.456ms
[60.420s][debug][gc,age         ] GC(16) Desired survivor size 536346624 bytes, new threshold 5 (max threshold 15)
[60.420s][info ][gc,heap        ] GC(16) PSYoungGen: 1142935K(1573376K)->95936K(1572864K) Eden: 1049088K(1049088K)->0K(1049088K) From: 93847K(524288K)->95936K(523776K)
[60.420s][info ][gc,heap        ] GC(16) ParOldGen: 366686K(544768K)->366694K(544768K)
[60.420s][info ][gc,metaspace   ] GC(16) Metaspace: 78973K(80064K)->78973K(80064K) NonClass: 67586K(68160K)->67586K(68160K) Class: 11386K(11904K)->11386K(11904K)
[60.420s][info ][gc             ] GC(16) Pause Young (Allocation Failure) 1474M->451M(2068M) 58.263ms
[60.420s][info ][gc,cpu         ] GC(16) User=0.19s Sys=0.00s Real=0.06s
[60.420s][info ][safepoint      ] Safepoint "ParallelGCFailedAllocation", Time since last: 246983327 ns, Reaching safepoint: 56800 ns, At safepoint: 58333208 ns, Total: 58390008 ns
[61.420s][info ][safepoint      ] Safepoint "Cleanup", Time since last: 1000083392 ns, Reaching safepoint: 67901 ns, At safepoint: 5200 ns, Total: 73101 ns
[62.420s][info ][safepoint      ] Safepoint "Cleanup", Time since last: 1000102592 ns, Reaching safepoint: 46900 ns, At safepoint: 2600 ns, Total: 49500 ns
[63.420s][info ][safepoint      ] Safepoint "Cleanup", Time since last: 1000100493 ns, Reaching safepoint: 59300 ns, At safepoint: 4300 ns, Total: 63600 ns
[64.421s][info ][safepoint      ] Safepoint "Cleanup", Time since last: 1000111092 ns, Reaching safepoint: 57801 ns, At safepoint: 3400 ns, Total: 61201 ns
[65.421s][info ][safepoint      ] Safepoint "Cleanup", Time since last: 1000129900 ns, Reaching safepoint: 131701 ns, At safepoint: 5100 ns, Total: 136801 ns
[66.421s][info ][safepoint      ] Safepoint "Cleanup", Time since last: 1000088954 ns, Reaching safepoint: 50900 ns, At safepoint: 8000 ns, Total: 58900 ns
[67.421s][info ][safepoint      ] Safepoint "Cleanup", Time since last: 1000092554 ns, Reaching safepoint: 63101 ns, At safepoint: 5200 ns, Total: 68301 ns
[68.421s][info ][safepoint      ] Safepoint "Cleanup", Time since last: 1000095153 ns, Reaching safepoint: 43601 ns, At safepoint: 2600 ns, Total: 46201 ns
[69.421s][info ][safepoint      ] Safepoint "Cleanup", Time since last: 1000063953 ns, Reaching safepoint: 56800 ns, At safepoint: 3000 ns, Total: 59800 ns
[70.763s][info ][safepoint      ] Safepoint "Cleanup", Time since last: 1341106759 ns, Reaching safepoint: 184702 ns, At safepoint: 5000 ns, Total: 189702 ns
[72.190s][info ][safepoint      ] Safepoint "Cleanup", Time since last: 1427440967 ns, Reaching safepoint: 139201 ns, At safepoint: 6500 ns, Total: 145701 ns
[73.190s][info ][safepoint      ] Safepoint "Cleanup", Time since last: 1000109554 ns, Reaching safepoint: 54200 ns, At safepoint: 2900 ns, Total: 57100 ns
[74.191s][info ][safepoint      ] Safepoint "Cleanup", Time since last: 1000088831 ns, Reaching safepoint: 47600 ns, At safepoint: 3300 ns, Total: 50900 ns
[75.191s][info ][safepoint      ] Safepoint "Cleanup", Time since last: 1000110140 ns, Reaching safepoint: 55200 ns, At safepoint: 3001 ns, Total: 58201 ns
[76.191s][info ][safepoint      ] Safepoint "Cleanup", Time since last: 1000100539 ns, Reaching safepoint: 54900 ns, At safepoint: 5401 ns, Total: 60301 ns
[77.191s][info ][safepoint      ] Safepoint "Cleanup", Time since last: 1000108639 ns, Reaching safepoint: 52301 ns, At safepoint: 12800 ns, Total: 65101 ns
[78.191s][info ][safepoint      ] Safepoint "Cleanup", Time since last: 1000111839 ns, Reaching safepoint: 60501 ns, At safepoint: 3700 ns, Total: 64201 ns
[79.191s][info ][safepoint      ] Safepoint "Cleanup", Time since last: 1000120839 ns, Reaching safepoint: 53901 ns, At safepoint: 3200 ns, Total: 57101 ns
[80.192s][info ][safepoint      ] Safepoint "Cleanup", Time since last: 1000105740 ns, Reaching safepoint: 48200 ns, At safepoint: 4700 ns, Total: 52900 ns
[81.192s][info ][safepoint      ] Safepoint "Cleanup", Time since last: 1000110540 ns, Reaching safepoint: 45800 ns, At safepoint: 5400 ns, Total: 51200 ns
[82.192s][info ][safepoint      ] Safepoint "Cleanup", Time since last: 1000119236 ns, Reaching safepoint: 46201 ns, At safepoint: 5000 ns, Total: 51201 ns
[83.192s][info ][safepoint      ] Safepoint "Cleanup", Time since last: 1000105136 ns, Reaching safepoint: 45600 ns, At safepoint: 5400 ns, Total: 51000 ns
[84.192s][info ][safepoint      ] Safepoint "Cleanup", Time since last: 1000114236 ns, Reaching safepoint: 53200 ns, At safepoint: 2600 ns, Total: 55800 ns
[85.192s][info ][safepoint      ] Safepoint "Cleanup", Time since last: 1000117736 ns, Reaching safepoint: 56301 ns, At safepoint: 2900 ns, Total: 59201 ns
[86.193s][info ][safepoint      ] Safepoint "Cleanup", Time since last: 1000110335 ns, Reaching safepoint: 48701 ns, At safepoint: 5500 ns, Total: 54201 ns
[87.193s][info ][safepoint      ] Safepoint "Cleanup", Time since last: 1000104936 ns, Reaching safepoint: 55300 ns, At safepoint: 7100 ns, Total: 62400 ns
[88.193s][info ][safepoint      ] Safepoint "Cleanup", Time since last: 1000110736 ns, Reaching safepoint: 45900 ns, At safepoint: 2800 ns, Total: 48700 ns
[90.193s][info ][safepoint      ] Safepoint "Cleanup", Time since last: 2000172488 ns, Reaching safepoint: 83801 ns, At safepoint: 10200 ns, Total: 94001 ns
[91.193s][info ][safepoint      ] Safepoint "Cleanup", Time since last: 1000112454 ns, Reaching safepoint: 67201 ns, At safepoint: 6000 ns, Total: 73201 ns
[91.567s][info ][gc,start       ] GC(17) Pause Young (Allocation Failure)
[91.595s][debug][gc,phases      ] GC(17) Scavenge 27.825ms
[91.595s][debug][gc,ref         ] GC(17) Skipped phase 1 of Reference Processing: no references
[91.595s][debug][gc,ref         ] GC(17) ReferenceProcessor::execute queues: 1, RefProcThreadModel::Single, marks_oops_alive: false
[91.595s][debug][gc,ref         ] GC(17) Skipped phase 3 of Reference Processing: no references
[91.595s][debug][gc,ref         ] GC(17) ReferenceProcessor::execute queues: 1, RefProcThreadModel::Single, marks_oops_alive: false
[91.595s][debug][gc,phases      ] GC(17) Reference Processing 0.153ms
[91.595s][debug][gc,phases      ] GC(17)   VM Weak                        Min:  0.0, Avg:  0.0, Max:  0.0, Diff:  0.0, Sum:  0.0, Workers: 4
[91.595s][debug][gc,phases      ] GC(17)     Dead                           Min: 0, Avg:  0.0, Max: 0, Diff: 0, Sum: 0, Workers: 4
[91.595s][debug][gc,phases      ] GC(17)     Total                          Min: 0, Avg: 208.5, Max: 514, Diff: 514, Sum: 834, Workers: 4
[91.595s][debug][gc,phases      ] GC(17)   ObjectSynchronizer Weak        Min:  0.0, Avg:  0.0, Max:  0.0, Diff:  0.0, Sum:  0.0, Workers: 4
[91.595s][debug][gc,phases      ] GC(17)     Dead                           Min: 0, Avg:  0.0, Max: 0, Diff: 0, Sum: 0, Workers: 4
[91.595s][debug][gc,phases      ] GC(17)     Total                          Min: 0, Avg: 10.2, Max: 41, Diff: 41, Sum: 41, Workers: 4
[91.595s][debug][gc,phases      ] GC(17)   JVMTI Tag Weak OopStorage      Min:  0.0, Avg:  0.0, Max:  0.0, Diff:  0.0, Sum:  0.0, Workers: 4
[91.595s][debug][gc,phases      ] GC(17)     Dead                           Min: 0, Avg:  0.0, Max: 0, Diff: 0, Sum: 0, Workers: 4
[91.595s][debug][gc,phases      ] GC(17)     Total                          Min: 0, Avg:  0.0, Max: 0, Diff: 0, Sum: 0, Workers: 4
[91.595s][debug][gc,phases      ] GC(17)   StringTable Weak               Min:  0.0, Avg:  0.1, Max:  0.1, Diff:  0.1, Sum:  0.4, Workers: 4
[91.595s][debug][gc,phases      ] GC(17)     Dead                           Min: 0, Avg:  0.2, Max: 1, Diff: 1, Sum: 1, Workers: 4
[91.595s][debug][gc,phases      ] GC(17)     Total                          Min: 0, Avg: 10681.8, Max: 15360, Diff: 15360, Sum: 42727, Workers: 4
[91.595s][debug][gc,phases      ] GC(17)   ResolvedMethodTable Weak       Min:  0.0, Avg:  0.0, Max:  0.0, Diff:  0.0, Sum:  0.1, Workers: 4
[91.595s][debug][gc,phases      ] GC(17)     Dead                           Min: 0, Avg:  0.0, Max: 0, Diff: 0, Sum: 0, Workers: 4
[91.595s][debug][gc,phases      ] GC(17)     Total                          Min: 0, Avg: 2204.0, Max: 3456, Diff: 3456, Sum: 8816, Workers: 4
[91.595s][debug][gc,phases      ] GC(17)   JNI Weak                       Min:  0.0, Avg:  0.0, Max:  0.0, Diff:  0.0, Sum:  0.0, Workers: 4
[91.595s][debug][gc,phases      ] GC(17)     Dead                           Min: 0, Avg:  0.0, Max: 0, Diff: 0, Sum: 0, Workers: 4
[91.595s][debug][gc,phases      ] GC(17)     Total                          Min: 0, Avg: 11.2, Max: 45, Diff: 45, Sum: 45, Workers: 4
[91.595s][debug][gc,phases      ] GC(17)   StringDedup Table Weak         Min:  0.0, Avg:  0.0, Max:  0.0, Diff:  0.0, Sum:  0.0, Workers: 4
[91.595s][debug][gc,phases      ] GC(17)     Dead                           Min: 0, Avg:  0.0, Max: 0, Diff: 0, Sum: 0, Workers: 4
[91.595s][debug][gc,phases      ] GC(17)     Total                          Min: 0, Avg:  0.0, Max: 0, Diff: 0, Sum: 0, Workers: 4
[91.595s][debug][gc,phases      ] GC(17)   StringDedup Requests0 Weak     Min:  0.0, Avg:  0.0, Max:  0.0, Diff:  0.0, Sum:  0.0, Workers: 4
[91.595s][debug][gc,phases      ] GC(17)     Dead                           Min: 0, Avg:  0.0, Max: 0, Diff: 0, Sum: 0, Workers: 4
[91.596s][debug][gc,phases      ] GC(17)     Total                          Min: 0, Avg:  0.0, Max: 0, Diff: 0, Sum: 0, Workers: 4
[91.596s][debug][gc,phases      ] GC(17)   StringDedup Requests1 Weak     Min:  0.0, Avg:  0.0, Max:  0.0, Diff:  0.0, Sum:  0.0, Workers: 4
[91.596s][debug][gc,phases      ] GC(17)     Dead                           Min: 0, Avg:  0.0, Max: 0, Diff: 0, Sum: 0, Workers: 4
[91.596s][debug][gc,phases      ] GC(17)     Total                          Min: 0, Avg:  0.0, Max: 0, Diff: 0, Sum: 0, Workers: 4
[91.596s][debug][gc,phases      ] GC(17)   Weak JFR Old Object Samples    Min:  0.0, Avg:  0.0, Max:  0.0, Diff:  0.0, Sum:  0.0, Workers: 4
[91.596s][debug][gc,phases      ] GC(17)     Dead                           Min: 0, Avg:  0.0, Max: 0, Diff: 0, Sum: 0, Workers: 4
[91.596s][debug][gc,phases      ] GC(17)     Total                          Min: 0, Avg:  0.0, Max: 0, Diff: 0, Sum: 0, Workers: 4
[91.596s][debug][gc,phases      ] GC(17) Weak Processing 0.443ms
[91.596s][debug][gc,age         ] GC(17) Desired survivor size 532152320 bytes, new threshold 6 (max threshold 15)
[91.596s][info ][gc,heap        ] GC(17) PSYoungGen: 1145024K(1572864K)->96656K(1577472K) Eden: 1049088K(1049088K)->0K(1053696K) From: 95936K(523776K)->96656K(523776K)
[91.596s][info ][gc,heap        ] GC(17) ParOldGen: 366694K(544768K)->366702K(544768K)
[91.596s][info ][gc,metaspace   ] GC(17) Metaspace: 79127K(80192K)->79127K(80192K) NonClass: 67733K(68288K)->67733K(68288K) Class: 11393K(11904K)->11393K(11904K)
[91.596s][info ][gc             ] GC(17) Pause Young (Allocation Failure) 1476M->452M(2072M) 28.593ms
[91.596s][info ][gc,cpu         ] GC(17) User=0.10s Sys=0.00s Real=0.02s
[91.596s][info ][safepoint      ] Safepoint "ParallelGCFailedAllocation", Time since last: 373575072 ns, Reaching safepoint: 42700 ns, At safepoint: 28690706 ns, Total: 28733406 ns
[92.596s][info ][safepoint      ] Safepoint "Cleanup", Time since last: 1000102054 ns, Reaching safepoint: 59900 ns, At safepoint: 3000 ns, Total: 62900 ns
[93.596s][info ][safepoint      ] Safepoint "Cleanup", Time since last: 1000085555 ns, Reaching safepoint: 50200 ns, At safepoint: 7000 ns, Total: 57200 ns
[94.596s][info ][safepoint      ] Safepoint "Cleanup", Time since last: 1000132354 ns, Reaching safepoint: 83901 ns, At safepoint: 3200 ns, Total: 87101 ns
[95.597s][info ][safepoint      ] Safepoint "Cleanup", Time since last: 1000121854 ns, Reaching safepoint: 169402 ns, At safepoint: 7100 ns, Total: 176502 ns
[96.597s][info ][safepoint      ] Safepoint "Cleanup", Time since last: 1000097054 ns, Reaching safepoint: 66100 ns, At safepoint: 3000 ns, Total: 69100 ns
[97.597s][info ][safepoint      ] Safepoint "Cleanup", Time since last: 1000107229 ns, Reaching safepoint: 64301 ns, At safepoint: 3000 ns, Total: 67301 ns
[99.020s][info ][safepoint      ] Safepoint "Cleanup", Time since last: 1423166271 ns, Reaching safepoint: 214802 ns, At safepoint: 7700 ns, Total: 222502 ns
[100.020s][info ][safepoint      ] Safepoint "Cleanup", Time since last: 1000110531 ns, Reaching safepoint: 56400 ns, At safepoint: 4601 ns, Total: 61001 ns
[101.021s][info ][safepoint      ] Safepoint "Cleanup", Time since last: 1000103431 ns, Reaching safepoint: 42800 ns, At safepoint: 3600 ns, Total: 46400 ns
[102.021s][info ][safepoint      ] Safepoint "Cleanup", Time since last: 1000107801 ns, Reaching safepoint: 138001 ns, At safepoint: 5900 ns, Total: 143901 ns
[103.021s][info ][safepoint      ] Safepoint "Cleanup", Time since last: 1000124511 ns, Reaching safepoint: 85000 ns, At safepoint: 5400 ns, Total: 90400 ns
[104.021s][info ][safepoint      ] Safepoint "Cleanup", Time since last: 1000107911 ns, Reaching safepoint: 99701 ns, At safepoint: 9000 ns, Total: 108701 ns
[105.021s][info ][safepoint      ] Safepoint "Cleanup", Time since last: 1000095410 ns, Reaching safepoint: 70601 ns, At safepoint: 3700 ns, Total: 74301 ns
[106.022s][info ][safepoint      ] Safepoint "Cleanup", Time since last: 1000066067 ns, Reaching safepoint: 58101 ns, At safepoint: 4900 ns, Total: 63001 ns
[107.022s][info ][safepoint      ] Safepoint "Cleanup", Time since last: 1000106405 ns, Reaching safepoint: 86401 ns, At safepoint: 5600 ns, Total: 92001 ns
[108.022s][info ][safepoint      ] Safepoint "Cleanup", Time since last: 1000110006 ns, Reaching safepoint: 152701 ns, At safepoint: 11600 ns, Total: 164301 ns
[109.022s][info ][safepoint      ] Safepoint "Cleanup", Time since last: 1000080805 ns, Reaching safepoint: 81201 ns, At safepoint: 2900 ns, Total: 84101 ns
[110.022s][info ][safepoint      ] Safepoint "Cleanup", Time since last: 1000105906 ns, Reaching safepoint: 57700 ns, At safepoint: 2800 ns, Total: 60500 ns
[111.023s][info ][safepoint      ] Safepoint "Cleanup", Time since last: 1000114906 ns, Reaching safepoint: 66400 ns, At safepoint: 4700 ns, Total: 71100 ns
[112.023s][info ][safepoint      ] Safepoint "Cleanup", Time since last: 1000120206 ns, Reaching safepoint: 65001 ns, At safepoint: 3200 ns, Total: 68201 ns
[113.023s][info ][safepoint      ] Safepoint "Cleanup", Time since last: 1000122005 ns, Reaching safepoint: 63701 ns, At safepoint: 4400 ns, Total: 68101 ns
[114.023s][info ][safepoint      ] Safepoint "Cleanup", Time since last: 1000117509 ns, Reaching safepoint: 55801 ns, At safepoint: 2600 ns, Total: 58401 ns
[115.023s][info ][safepoint      ] Safepoint "Cleanup", Time since last: 1000113643 ns, Reaching safepoint: 56701 ns, At safepoint: 3100 ns, Total: 59801 ns
[117.007s][info ][safepoint      ] Safepoint "Cleanup", Time since last: 1983910165 ns, Reaching safepoint: 161302 ns, At safepoint: 5300 ns, Total: 166602 ns
[118.008s][info ][safepoint      ] Safepoint "Cleanup", Time since last: 1000098443 ns, Reaching safepoint: 123501 ns, At safepoint: 5600 ns, Total: 129101 ns
[118.106s][info ][gc,start       ] GC(18) Pause Young (Allocation Failure)
[118.131s][debug][gc,phases      ] GC(18) Scavenge 24.831ms
[118.131s][debug][gc,ref         ] GC(18) Skipped phase 1 of Reference Processing: no references
[118.131s][debug][gc,ref         ] GC(18) ReferenceProcessor::execute queues: 1, RefProcThreadModel::Single, marks_oops_alive: false
[118.131s][debug][gc,ref         ] GC(18) Skipped phase 3 of Reference Processing: no references
[118.131s][debug][gc,ref         ] GC(18) ReferenceProcessor::execute queues: 1, RefProcThreadModel::Single, marks_oops_alive: false
[118.131s][debug][gc,phases      ] GC(18) Reference Processing 0.117ms
[118.132s][debug][gc,phases      ] GC(18)   VM Weak                        Min:  0.0, Avg:  0.0, Max:  0.0, Diff:  0.0, Sum:  0.0, Workers: 4
[118.132s][debug][gc,phases      ] GC(18)     Dead                           Min: 0, Avg:  0.0, Max: 0, Diff: 0, Sum: 0, Workers: 4
[118.132s][debug][gc,phases      ] GC(18)     Total                          Min: 0, Avg: 209.5, Max: 576, Diff: 576, Sum: 838, Workers: 4
[118.132s][debug][gc,phases      ] GC(18)   ObjectSynchronizer Weak        Min:  0.0, Avg:  0.0, Max:  0.0, Diff:  0.0, Sum:  0.0, Workers: 4
[118.132s][debug][gc,phases      ] GC(18)     Dead                           Min: 0, Avg:  0.0, Max: 0, Diff: 0, Sum: 0, Workers: 4
[118.132s][debug][gc,phases      ] GC(18)     Total                          Min: 0, Avg: 10.5, Max: 42, Diff: 42, Sum: 42, Workers: 4
[118.132s][debug][gc,phases      ] GC(18)   JVMTI Tag Weak OopStorage      Min:  0.0, Avg:  0.0, Max:  0.0, Diff:  0.0, Sum:  0.0, Workers: 4
[118.132s][debug][gc,phases      ] GC(18)     Dead                           Min: 0, Avg:  0.0, Max: 0, Diff: 0, Sum: 0, Workers: 4
[118.132s][debug][gc,phases      ] GC(18)     Total                          Min: 0, Avg:  0.0, Max: 0, Diff: 0, Sum: 0, Workers: 4
[118.132s][debug][gc,phases      ] GC(18)   StringTable Weak               Min:  0.0, Avg:  0.1, Max:  0.2, Diff:  0.2, Sum:  0.4, Workers: 4
[118.132s][debug][gc,phases      ] GC(18)     Dead                           Min: 0, Avg:  0.2, Max: 1, Diff: 1, Sum: 1, Workers: 4
[118.132s][debug][gc,phases      ] GC(18)     Total                          Min: 0, Avg: 10722.5, Max: 21952, Diff: 21952, Sum: 42890, Workers: 4
[118.132s][debug][gc,phases      ] GC(18)   ResolvedMethodTable Weak       Min:  0.0, Avg:  0.0, Max:  0.1, Diff:  0.1, Sum:  0.1, Workers: 4
[118.132s][debug][gc,phases      ] GC(18)     Dead                           Min: 0, Avg:  0.2, Max: 1, Diff: 1, Sum: 1, Workers: 4
[118.132s][debug][gc,phases      ] GC(18)     Total                          Min: 0, Avg: 2223.2, Max: 4992, Diff: 4992, Sum: 8893, Workers: 4
[118.132s][debug][gc,phases      ] GC(18)   JNI Weak                       Min:  0.0, Avg:  0.0, Max:  0.0, Diff:  0.0, Sum:  0.0, Workers: 4
[118.132s][debug][gc,phases      ] GC(18)     Dead                           Min: 0, Avg:  0.0, Max: 0, Diff: 0, Sum: 0, Workers: 4
[118.132s][debug][gc,phases      ] GC(18)     Total                          Min: 0, Avg: 11.2, Max: 45, Diff: 45, Sum: 45, Workers: 4
[118.132s][debug][gc,phases      ] GC(18)   StringDedup Table Weak         Min:  0.0, Avg:  0.0, Max:  0.0, Diff:  0.0, Sum:  0.0, Workers: 4
[118.132s][debug][gc,phases      ] GC(18)     Dead                           Min: 0, Avg:  0.0, Max: 0, Diff: 0, Sum: 0, Workers: 4
[118.132s][debug][gc,phases      ] GC(18)     Total                          Min: 0, Avg:  0.0, Max: 0, Diff: 0, Sum: 0, Workers: 4
[118.132s][debug][gc,phases      ] GC(18)   StringDedup Requests0 Weak     Min:  0.0, Avg:  0.0, Max:  0.0, Diff:  0.0, Sum:  0.0, Workers: 4
[118.132s][debug][gc,phases      ] GC(18)     Dead                           Min: 0, Avg:  0.0, Max: 0, Diff: 0, Sum: 0, Workers: 4
[118.132s][debug][gc,phases      ] GC(18)     Total                          Min: 0, Avg:  0.0, Max: 0, Diff: 0, Sum: 0, Workers: 4
[118.132s][debug][gc,phases      ] GC(18)   StringDedup Requests1 Weak     Min:  0.0, Avg:  0.0, Max:  0.0, Diff:  0.0, Sum:  0.0, Workers: 4
[118.132s][debug][gc,phases      ] GC(18)     Dead                           Min: 0, Avg:  0.0, Max: 0, Diff: 0, Sum: 0, Workers: 4
[118.132s][debug][gc,phases      ] GC(18)     Total                          Min: 0, Avg:  0.0, Max: 0, Diff: 0, Sum: 0, Workers: 4
[118.132s][debug][gc,phases      ] GC(18)   Weak JFR Old Object Samples    Min:  0.0, Avg:  0.0, Max:  0.0, Diff:  0.0, Sum:  0.0, Workers: 4
[118.132s][debug][gc,phases      ] GC(18)     Dead                           Min: 0, Avg:  0.0, Max: 0, Diff: 0, Sum: 0, Workers: 4
[118.132s][debug][gc,phases      ] GC(18)     Total                          Min: 0, Avg:  0.0, Max: 0, Diff: 0, Sum: 0, Workers: 4
[118.132s][debug][gc,phases      ] GC(18) Weak Processing 0.444ms
[118.132s][debug][gc,age         ] GC(18) Desired survivor size 523763712 bytes, new threshold 7 (max threshold 15)
[118.132s][info ][gc,heap        ] GC(18) PSYoungGen: 1150352K(1577472K)->97744K(1573376K) Eden: 1053696K(1053696K)->0K(1053696K) From: 96656K(523776K)->97744K(519680K)
[118.132s][info ][gc,heap        ] GC(18) ParOldGen: 366702K(544768K)->366710K(544768K)
[118.132s][info ][gc,metaspace   ] GC(18) Metaspace: 79679K(80768K)->79679K(80768K) NonClass: 68227K(68800K)->68227K(68800K) Class: 11452K(11968K)->11452K(11968K)
[118.132s][info ][gc             ] GC(18) Pause Young (Allocation Failure) 1481M->453M(2068M) 25.515ms
[118.132s][info ][gc,cpu         ] GC(18) User=0.09s Sys=0.00s Real=0.02s
[118.132s][info ][safepoint      ] Safepoint "ParallelGCFailedAllocation", Time since last: 98551634 ns, Reaching safepoint: 29400 ns, At safepoint: 25595690 ns, Total: 25625090 ns
[119.158s][info ][safepoint      ] Safepoint "Cleanup", Time since last: 1025957436 ns, Reaching safepoint: 128701 ns, At safepoint: 9300 ns, Total: 138001 ns
[120.289s][info ][safepoint      ] Safepoint "Cleanup", Time since last: 1131035319 ns, Reaching safepoint: 73100 ns, At safepoint: 3800 ns, Total: 76900 ns
[121.289s][info ][safepoint      ] Safepoint "Cleanup", Time since last: 1000136244 ns, Reaching safepoint: 73900 ns, At safepoint: 3000 ns, Total: 76900 ns
[122.289s][info ][safepoint      ] Safepoint "Cleanup", Time since last: 1000124762 ns, Reaching safepoint: 95201 ns, At safepoint: 8400 ns, Total: 103601 ns
[123.290s][info ][safepoint      ] Safepoint "Cleanup", Time since last: 1000131453 ns, Reaching safepoint: 92501 ns, At safepoint: 3500 ns, Total: 96001 ns
[124.290s][info ][safepoint      ] Safepoint "Cleanup", Time since last: 1000139553 ns, Reaching safepoint: 52300 ns, At safepoint: 3100 ns, Total: 55400 ns
[125.290s][info ][safepoint      ] Safepoint "Cleanup", Time since last: 1000123453 ns, Reaching safepoint: 57100 ns, At safepoint: 4300 ns, Total: 61400 ns
[126.290s][info ][safepoint      ] Safepoint "Cleanup", Time since last: 1000134953 ns, Reaching safepoint: 56500 ns, At safepoint: 3100 ns, Total: 59600 ns
[128.290s][info ][safepoint      ] Safepoint "Cleanup", Time since last: 2000185405 ns, Reaching safepoint: 55601 ns, At safepoint: 3600 ns, Total: 59201 ns
[129.291s][info ][safepoint      ] Safepoint "Cleanup", Time since last: 1000131953 ns, Reaching safepoint: 77600 ns, At safepoint: 8100 ns, Total: 85700 ns
[130.291s][info ][safepoint      ] Safepoint "Cleanup", Time since last: 1000131471 ns, Reaching safepoint: 147701 ns, At safepoint: 4300 ns, Total: 152001 ns
[131.291s][info ][safepoint      ] Safepoint "Cleanup", Time since last: 1000135772 ns, Reaching safepoint: 72000 ns, At safepoint: 2600 ns, Total: 74600 ns
[132.291s][info ][safepoint      ] Safepoint "Cleanup", Time since last: 1000110472 ns, Reaching safepoint: 53100 ns, At safepoint: 4300 ns, Total: 57400 ns
[133.291s][info ][safepoint      ] Safepoint "Cleanup", Time since last: 1000111772 ns, Reaching safepoint: 54600 ns, At safepoint: 5201 ns, Total: 59801 ns
[134.292s][info ][safepoint      ] Safepoint "Cleanup", Time since last: 1000137571 ns, Reaching safepoint: 55901 ns, At safepoint: 4800 ns, Total: 60701 ns
[135.292s][info ][safepoint      ] Safepoint "Cleanup", Time since last: 1000116671 ns, Reaching safepoint: 60701 ns, At safepoint: 7100 ns, Total: 67801 ns
[136.292s][info ][safepoint      ] Safepoint "Cleanup", Time since last: 1000127272 ns, Reaching safepoint: 54800 ns, At safepoint: 13700 ns, Total: 68500 ns
[137.292s][info ][safepoint      ] Safepoint "Cleanup", Time since last: 1000113772 ns, Reaching safepoint: 63300 ns, At safepoint: 3000 ns, Total: 66300 ns
[138.292s][info ][safepoint      ] Safepoint "Cleanup", Time since last: 1000123414 ns, Reaching safepoint: 57000 ns, At safepoint: 10000 ns, Total: 67000 ns
[139.293s][info ][safepoint      ] Safepoint "Cleanup", Time since last: 1000114529 ns, Reaching safepoint: 76801 ns, At safepoint: 3900 ns, Total: 80701 ns
[140.293s][info ][safepoint      ] Safepoint "Cleanup", Time since last: 1000112628 ns, Reaching safepoint: 52601 ns, At safepoint: 2800 ns, Total: 55401 ns
[141.293s][info ][safepoint      ] Safepoint "Cleanup", Time since last: 1000105428 ns, Reaching safepoint: 51001 ns, At safepoint: 2800 ns, Total: 53801 ns
[145.293s][info ][safepoint      ] Safepoint "Cleanup", Time since last: 4000309613 ns, Reaching safepoint: 55600 ns, At safepoint: 2800 ns, Total: 58400 ns
[146.293s][info ][safepoint      ] Safepoint "Cleanup", Time since last: 1000108099 ns, Reaching safepoint: 49501 ns, At safepoint: 2700 ns, Total: 52201 ns
[147.294s][info ][safepoint      ] Safepoint "Cleanup", Time since last: 1000098783 ns, Reaching safepoint: 66500 ns, At safepoint: 5901 ns, Total: 72401 ns
[147.756s][info ][gc,start       ] GC(19) Pause Young (Allocation Failure)
[147.782s][debug][gc,phases      ] GC(19) Scavenge 25.515ms
[147.782s][debug][gc,ref         ] GC(19) Skipped phase 1 of Reference Processing: no references
[147.782s][debug][gc,ref         ] GC(19) ReferenceProcessor::execute queues: 1, RefProcThreadModel::Single, marks_oops_alive: false
[147.782s][debug][gc,ref         ] GC(19) Skipped phase 3 of Reference Processing: no references
[147.782s][debug][gc,ref         ] GC(19) ReferenceProcessor::execute queues: 1, RefProcThreadModel::Single, marks_oops_alive: false
[147.782s][debug][gc,phases      ] GC(19) Reference Processing 0.168ms
[147.782s][debug][gc,phases      ] GC(19)   VM Weak                        Min:  0.0, Avg:  0.0, Max:  0.0, Diff:  0.0, Sum:  0.0, Workers: 4
[147.782s][debug][gc,phases      ] GC(19)     Dead                           Min: 0, Avg:  0.0, Max: 0, Diff: 0, Sum: 0, Workers: 4
[147.782s][debug][gc,phases      ] GC(19)     Total                          Min: 0, Avg: 210.8, Max: 448, Diff: 448, Sum: 843, Workers: 4
[147.782s][debug][gc,phases      ] GC(19)   ObjectSynchronizer Weak        Min:  0.0, Avg:  0.0, Max:  0.0, Diff:  0.0, Sum:  0.0, Workers: 4
[147.782s][debug][gc,phases      ] GC(19)     Dead                           Min: 0, Avg:  0.0, Max: 0, Diff: 0, Sum: 0, Workers: 4
[147.782s][debug][gc,phases      ] GC(19)     Total                          Min: 0, Avg: 10.5, Max: 42, Diff: 42, Sum: 42, Workers: 4
[147.782s][debug][gc,phases      ] GC(19)   JVMTI Tag Weak OopStorage      Min:  0.0, Avg:  0.0, Max:  0.0, Diff:  0.0, Sum:  0.0, Workers: 4
[147.782s][debug][gc,phases      ] GC(19)     Dead                           Min: 0, Avg:  0.0, Max: 0, Diff: 0, Sum: 0, Workers: 4
[147.782s][debug][gc,phases      ] GC(19)     Total                          Min: 0, Avg:  0.0, Max: 0, Diff: 0, Sum: 0, Workers: 4
[147.782s][debug][gc,phases      ] GC(19)   StringTable Weak               Min:  0.0, Avg:  0.1, Max:  0.1, Diff:  0.1, Sum:  0.4, Workers: 4
[147.782s][debug][gc,phases      ] GC(19)     Dead                           Min: 0, Avg:  0.2, Max: 1, Diff: 1, Sum: 1, Workers: 4
[147.782s][debug][gc,phases      ] GC(19)     Total                          Min: 0, Avg: 10735.8, Max: 14463, Diff: 14463, Sum: 42943, Workers: 4
[147.782s][debug][gc,phases      ] GC(19)   ResolvedMethodTable Weak       Min:  0.0, Avg:  0.0, Max:  0.0, Diff:  0.0, Sum:  0.1, Workers: 4
[147.782s][debug][gc,phases      ] GC(19)     Dead                           Min: 0, Avg:  0.0, Max: 0, Diff: 0, Sum: 0, Workers: 4
[147.782s][debug][gc,phases      ] GC(19)     Total                          Min: 0, Avg: 2227.8, Max: 3200, Diff: 3200, Sum: 8911, Workers: 4
[147.782s][debug][gc,phases      ] GC(19)   JNI Weak                       Min:  0.0, Avg:  0.0, Max:  0.0, Diff:  0.0, Sum:  0.0, Workers: 4
[147.782s][debug][gc,phases      ] GC(19)     Dead                           Min: 0, Avg:  0.0, Max: 0, Diff: 0, Sum: 0, Workers: 4
[147.782s][debug][gc,phases      ] GC(19)     Total                          Min: 0, Avg: 11.2, Max: 45, Diff: 45, Sum: 45, Workers: 4
[147.782s][debug][gc,phases      ] GC(19)   StringDedup Table Weak         Min:  0.0, Avg:  0.0, Max:  0.0, Diff:  0.0, Sum:  0.0, Workers: 4
[147.782s][debug][gc,phases      ] GC(19)     Dead                           Min: 0, Avg:  0.0, Max: 0, Diff: 0, Sum: 0, Workers: 4
[147.782s][debug][gc,phases      ] GC(19)     Total                          Min: 0, Avg:  0.0, Max: 0, Diff: 0, Sum: 0, Workers: 4
[147.782s][debug][gc,phases      ] GC(19)   StringDedup Requests0 Weak     Min:  0.0, Avg:  0.0, Max:  0.0, Diff:  0.0, Sum:  0.0, Workers: 4
[147.782s][debug][gc,phases      ] GC(19)     Dead                           Min: 0, Avg:  0.0, Max: 0, Diff: 0, Sum: 0, Workers: 4
[147.782s][debug][gc,phases      ] GC(19)     Total                          Min: 0, Avg:  0.0, Max: 0, Diff: 0, Sum: 0, Workers: 4
[147.782s][debug][gc,phases      ] GC(19)   StringDedup Requests1 Weak     Min:  0.0, Avg:  0.0, Max:  0.0, Diff:  0.0, Sum:  0.0, Workers: 4
[147.782s][debug][gc,phases      ] GC(19)     Dead                           Min: 0, Avg:  0.0, Max: 0, Diff: 0, Sum: 0, Workers: 4
[147.782s][debug][gc,phases      ] GC(19)     Total                          Min: 0, Avg:  0.0, Max: 0, Diff: 0, Sum: 0, Workers: 4
[147.782s][debug][gc,phases      ] GC(19)   Weak JFR Old Object Samples    Min:  0.0, Avg:  0.0, Max:  0.0, Diff:  0.0, Sum:  0.0, Workers: 4
[147.782s][debug][gc,phases      ] GC(19)     Dead                           Min: 0, Avg:  0.0, Max: 0, Diff: 0, Sum: 0, Workers: 4
[147.782s][debug][gc,phases      ] GC(19)     Total                          Min: 0, Avg:  0.0, Max: 0, Diff: 0, Sum: 0, Workers: 4
[147.782s][debug][gc,phases      ] GC(19) Weak Processing 0.393ms
[147.782s][debug][gc,age         ] GC(19) Desired survivor size 512753664 bytes, new threshold 8 (max threshold 15)
[147.782s][info ][gc,heap        ] GC(19) PSYoungGen: 1151440K(1573376K)->98384K(1596416K) Eden: 1053696K(1053696K)->0K(1084928K) From: 97744K(519680K)->98384K(511488K)
[147.782s][info ][gc,heap        ] GC(19) ParOldGen: 366710K(544768K)->366710K(544768K)
[147.782s][info ][gc,metaspace   ] GC(19) Metaspace: 79843K(80896K)->79843K(80896K) NonClass: 68379K(68928K)->68379K(68928K) Class: 11464K(11968K)->11464K(11968K)
[147.782s][info ][gc             ] GC(19) Pause Young (Allocation Failure) 1482M->454M(2091M) 26.219ms
[147.782s][info ][gc,cpu         ] GC(19) User=0.09s Sys=0.00s Real=0.03s
[147.782s][info ][safepoint      ] Safepoint "ParallelGCFailedAllocation", Time since last: 462413467 ns, Reaching safepoint: 119601 ns, At safepoint: 26296291 ns, Total: 26415892 ns
[148.783s][info ][safepoint      ] Safepoint "Cleanup", Time since last: 1000094684 ns, Reaching safepoint: 54900 ns, At safepoint: 5800 ns, Total: 60700 ns
[149.783s][info ][safepoint      ] Safepoint "Cleanup", Time since last: 1000115484 ns, Reaching safepoint: 49900 ns, At safepoint: 3200 ns, Total: 53100 ns
[150.783s][info ][safepoint      ] Safepoint "Cleanup", Time since last: 1000108783 ns, Reaching safepoint: 68801 ns, At safepoint: 6000 ns, Total: 74801 ns
[151.783s][info ][safepoint      ] Safepoint "Cleanup", Time since last: 1000105883 ns, Reaching safepoint: 62601 ns, At safepoint: 2700 ns, Total: 65301 ns
[152.783s][info ][safepoint      ] Safepoint "Cleanup", Time since last: 1000113183 ns, Reaching safepoint: 42800 ns, At safepoint: 3300 ns, Total: 46100 ns
[153.784s][info ][safepoint      ] Safepoint "Cleanup", Time since last: 1000124266 ns, Reaching safepoint: 68001 ns, At safepoint: 3500 ns, Total: 71501 ns
[154.784s][info ][safepoint      ] Safepoint "Cleanup", Time since last: 1000111819 ns, Reaching safepoint: 57100 ns, At safepoint: 2900 ns, Total: 60000 ns
[155.784s][info ][safepoint      ] Safepoint "Cleanup", Time since last: 1000122019 ns, Reaching safepoint: 57500 ns, At safepoint: 3000 ns, Total: 60500 ns
[156.784s][info ][safepoint      ] Safepoint "Cleanup", Time since last: 1000128819 ns, Reaching safepoint: 48201 ns, At safepoint: 4200 ns, Total: 52401 ns
[157.784s][info ][safepoint      ] Safepoint "Cleanup", Time since last: 1000113619 ns, Reaching safepoint: 54500 ns, At safepoint: 3800 ns, Total: 58300 ns
[159.784s][info ][safepoint      ] Safepoint "Cleanup", Time since last: 2000211538 ns, Reaching safepoint: 55000 ns, At safepoint: 2900 ns, Total: 57900 ns
[160.785s][info ][safepoint      ] Safepoint "Cleanup", Time since last: 1000120445 ns, Reaching safepoint: 42500 ns, At safepoint: 2900 ns, Total: 45400 ns
[161.785s][info ][safepoint      ] Safepoint "Cleanup", Time since last: 1000114502 ns, Reaching safepoint: 55000 ns, At safepoint: 3400 ns, Total: 58400 ns
[163.270s][info ][safepoint      ] Safepoint "Cleanup", Time since last: 1485030346 ns, Reaching safepoint: 42300 ns, At safepoint: 8900 ns, Total: 51200 ns
[164.270s][info ][safepoint      ] Safepoint "Cleanup", Time since last: 1000138205 ns, Reaching safepoint: 62801 ns, At safepoint: 4600 ns, Total: 67401 ns
[165.270s][info ][safepoint      ] Safepoint "Cleanup", Time since last: 1000099704 ns, Reaching safepoint: 40900 ns, At safepoint: 6600 ns, Total: 47500 ns
[166.270s][info ][safepoint      ] Safepoint "Cleanup", Time since last: 1000101705 ns, Reaching safepoint: 49400 ns, At safepoint: 3300 ns, Total: 52700 ns
[167.271s][info ][safepoint      ] Safepoint "Cleanup", Time since last: 1000117405 ns, Reaching safepoint: 58800 ns, At safepoint: 3000 ns, Total: 61800 ns
[170.271s][info ][safepoint      ] Safepoint "Cleanup", Time since last: 3000245914 ns, Reaching safepoint: 43700 ns, At safepoint: 2700 ns, Total: 46400 ns
[171.271s][info ][safepoint      ] Safepoint "Cleanup", Time since last: 1000111205 ns, Reaching safepoint: 44001 ns, At safepoint: 3000 ns, Total: 47001 ns
[174.271s][info ][safepoint      ] Safepoint "Cleanup", Time since last: 3000230315 ns, Reaching safepoint: 41501 ns, At safepoint: 2700 ns, Total: 44201 ns
[175.272s][info ][safepoint      ] Safepoint "Cleanup", Time since last: 1000132205 ns, Reaching safepoint: 56101 ns, At safepoint: 2900 ns, Total: 59001 ns
[176.272s][info ][safepoint      ] Safepoint "Cleanup", Time since last: 1000109605 ns, Reaching safepoint: 55201 ns, At safepoint: 3100 ns, Total: 58301 ns
[177.272s][info ][safepoint      ] Safepoint "Cleanup", Time since last: 1000128305 ns, Reaching safepoint: 61001 ns, At safepoint: 5700 ns, Total: 66701 ns
[178.256s][info ][gc,start       ] GC(20) Pause Young (Allocation Failure)
[178.281s][debug][gc,phases      ] GC(20) Scavenge 24.280ms
[178.281s][debug][gc,ref         ] GC(20) Skipped phase 1 of Reference Processing: no references
[178.281s][debug][gc,ref         ] GC(20) ReferenceProcessor::execute queues: 1, RefProcThreadModel::Single, marks_oops_alive: false
[178.281s][debug][gc,ref         ] GC(20) Skipped phase 3 of Reference Processing: no references
[178.281s][debug][gc,ref         ] GC(20) ReferenceProcessor::execute queues: 1, RefProcThreadModel::Single, marks_oops_alive: false
[178.281s][debug][gc,phases      ] GC(20) Reference Processing 0.109ms
[178.281s][debug][gc,phases      ] GC(20)   VM Weak                        Min:  0.0, Avg:  0.0, Max:  0.0, Diff:  0.0, Sum:  0.0, Workers: 4
[178.281s][debug][gc,phases      ] GC(20)     Dead                           Min: 0, Avg:  0.0, Max: 0, Diff: 0, Sum: 0, Workers: 4
[178.281s][debug][gc,phases      ] GC(20)     Total                          Min: 0, Avg: 210.8, Max: 512, Diff: 512, Sum: 843, Workers: 4
[178.281s][debug][gc,phases      ] GC(20)   ObjectSynchronizer Weak        Min:  0.0, Avg:  0.0, Max:  0.0, Diff:  0.0, Sum:  0.0, Workers: 4
[178.281s][debug][gc,phases      ] GC(20)     Dead                           Min: 0, Avg:  0.0, Max: 0, Diff: 0, Sum: 0, Workers: 4
[178.281s][debug][gc,phases      ] GC(20)     Total                          Min: 0, Avg: 10.5, Max: 42, Diff: 42, Sum: 42, Workers: 4
[178.281s][debug][gc,phases      ] GC(20)   JVMTI Tag Weak OopStorage      Min:  0.0, Avg:  0.0, Max:  0.0, Diff:  0.0, Sum:  0.0, Workers: 4
[178.281s][debug][gc,phases      ] GC(20)     Dead                           Min: 0, Avg:  0.0, Max: 0, Diff: 0, Sum: 0, Workers: 4
[178.281s][debug][gc,phases      ] GC(20)     Total                          Min: 0, Avg:  0.0, Max: 0, Diff: 0, Sum: 0, Workers: 4
[178.281s][debug][gc,phases      ] GC(20)   StringTable Weak               Min:  0.0, Avg:  0.1, Max:  0.2, Diff:  0.2, Sum:  0.3, Workers: 4
[178.281s][debug][gc,phases      ] GC(20)     Dead                           Min: 0, Avg:  0.0, Max: 0, Diff: 0, Sum: 0, Workers: 4
[178.281s][debug][gc,phases      ] GC(20)     Total                          Min: 0, Avg: 10745.2, Max: 25792, Diff: 25792, Sum: 42981, Workers: 4
[178.281s][debug][gc,phases      ] GC(20)   ResolvedMethodTable Weak       Min:  0.0, Avg:  0.0, Max:  0.0, Diff:  0.0, Sum:  0.1, Workers: 4
[178.281s][debug][gc,phases      ] GC(20)     Dead                           Min: 0, Avg:  0.0, Max: 0, Diff: 0, Sum: 0, Workers: 4
[178.281s][debug][gc,phases      ] GC(20)     Total                          Min: 0, Avg: 2227.8, Max: 5135, Diff: 5135, Sum: 8911, Workers: 4
[178.281s][debug][gc,phases      ] GC(20)   JNI Weak                       Min:  0.0, Avg:  0.0, Max:  0.0, Diff:  0.0, Sum:  0.0, Workers: 4
[178.281s][debug][gc,phases      ] GC(20)     Dead                           Min: 0, Avg:  0.0, Max: 0, Diff: 0, Sum: 0, Workers: 4
[178.281s][debug][gc,phases      ] GC(20)     Total                          Min: 0, Avg: 11.2, Max: 45, Diff: 45, Sum: 45, Workers: 4
[178.281s][debug][gc,phases      ] GC(20)   StringDedup Table Weak         Min:  0.0, Avg:  0.0, Max:  0.0, Diff:  0.0, Sum:  0.0, Workers: 4
[178.281s][debug][gc,phases      ] GC(20)     Dead                           Min: 0, Avg:  0.0, Max: 0, Diff: 0, Sum: 0, Workers: 4
[178.281s][debug][gc,phases      ] GC(20)     Total                          Min: 0, Avg:  0.0, Max: 0, Diff: 0, Sum: 0, Workers: 4
[178.281s][debug][gc,phases      ] GC(20)   StringDedup Requests0 Weak     Min:  0.0, Avg:  0.0, Max:  0.0, Diff:  0.0, Sum:  0.0, Workers: 4
[178.281s][debug][gc,phases      ] GC(20)     Dead                           Min: 0, Avg:  0.0, Max: 0, Diff: 0, Sum: 0, Workers: 4
[178.281s][debug][gc,phases      ] GC(20)     Total                          Min: 0, Avg:  0.0, Max: 0, Diff: 0, Sum: 0, Workers: 4
[178.281s][debug][gc,phases      ] GC(20)   StringDedup Requests1 Weak     Min:  0.0, Avg:  0.0, Max:  0.0, Diff:  0.0, Sum:  0.0, Workers: 4
[178.281s][debug][gc,phases      ] GC(20)     Dead                           Min: 0, Avg:  0.0, Max: 0, Diff: 0, Sum: 0, Workers: 4
[178.281s][debug][gc,phases      ] GC(20)     Total                          Min: 0, Avg:  0.0, Max: 0, Diff: 0, Sum: 0, Workers: 4
[178.281s][debug][gc,phases      ] GC(20)   Weak JFR Old Object Samples    Min:  0.0, Avg:  0.0, Max:  0.0, Diff:  0.0, Sum:  0.0, Workers: 4
[178.281s][debug][gc,phases      ] GC(20)     Dead                           Min: 0, Avg:  0.0, Max: 0, Diff: 0, Sum: 0, Workers: 4
[178.281s][debug][gc,phases      ] GC(20)     Total                          Min: 0, Avg:  0.0, Max: 0, Diff: 0, Sum: 0, Workers: 4
[178.281s][debug][gc,phases      ] GC(20) Weak Processing 0.425ms
[178.281s][debug][gc,age         ] GC(20) Desired survivor size 500170752 bytes, new threshold 9 (max threshold 15)
[178.281s][info ][gc,heap        ] GC(20) PSYoungGen: 1183312K(1596416K)->98304K(1585664K) Eden: 1084928K(1084928K)->0K(1084928K) From: 98384K(511488K)->98304K(500736K)
[178.281s][info ][gc,heap        ] GC(20) ParOldGen: 366710K(544768K)->366718K(544768K)
[178.281s][info ][gc,metaspace   ] GC(20) Metaspace: 79932K(81024K)->79932K(81024K) NonClass: 68467K(69056K)->68467K(69056K) Class: 11464K(11968K)->11464K(11968K)
[178.281s][info ][gc             ] GC(20) Pause Young (Allocation Failure) 1513M->454M(2080M) 24.956ms
[178.281s][info ][gc,cpu         ] GC(20) User=0.09s Sys=0.00s Real=0.03s
[178.281s][info ][safepoint      ] Safepoint "ParallelGCFailedAllocation", Time since last: 984275720 ns, Reaching safepoint: 62701 ns, At safepoint: 25049684 ns, Total: 25112385 ns
[182.282s][info ][safepoint      ] Safepoint "Cleanup", Time since last: 4000292662 ns, Reaching safepoint: 74400 ns, At safepoint: 5200 ns, Total: 79600 ns
[183.282s][info ][safepoint      ] Safepoint "Cleanup", Time since last: 1000122041 ns, Reaching safepoint: 66701 ns, At safepoint: 2500 ns, Total: 69201 ns
[184.282s][info ][safepoint      ] Safepoint "Cleanup", Time since last: 1000128641 ns, Reaching safepoint: 54000 ns, At safepoint: 2800 ns, Total: 56800 ns
[185.282s][info ][safepoint      ] Safepoint "Cleanup", Time since last: 1000077041 ns, Reaching safepoint: 59500 ns, At safepoint: 3100 ns, Total: 62600 ns
[186.282s][info ][safepoint      ] Safepoint "Cleanup", Time since last: 1000115410 ns, Reaching safepoint: 58500 ns, At safepoint: 2900 ns, Total: 61400 ns
[187.283s][info ][safepoint      ] Safepoint "Cleanup", Time since last: 1000109106 ns, Reaching safepoint: 59400 ns, At safepoint: 2800 ns, Total: 62200 ns
[188.283s][info ][safepoint      ] Safepoint "Cleanup", Time since last: 1000117706 ns, Reaching safepoint: 51901 ns, At safepoint: 4500 ns, Total: 56401 ns
[189.283s][info ][safepoint      ] Safepoint "Cleanup", Time since last: 1000119806 ns, Reaching safepoint: 62900 ns, At safepoint: 3000 ns, Total: 65900 ns
[190.283s][info ][safepoint      ] Safepoint "Cleanup", Time since last: 1000102706 ns, Reaching safepoint: 77900 ns, At safepoint: 5500 ns, Total: 83400 ns
[191.283s][info ][safepoint      ] Safepoint "Cleanup", Time since last: 1000116206 ns, Reaching safepoint: 51401 ns, At safepoint: 2800 ns, Total: 54201 ns
[192.283s][info ][safepoint      ] Safepoint "Cleanup", Time since last: 1000113705 ns, Reaching safepoint: 62701 ns, At safepoint: 5300 ns, Total: 68001 ns
[193.284s][info ][safepoint      ] Safepoint "Cleanup", Time since last: 1000134706 ns, Reaching safepoint: 66000 ns, At safepoint: 5400 ns, Total: 71400 ns
[194.284s][info ][safepoint      ] Safepoint "Cleanup", Time since last: 1000080737 ns, Reaching safepoint: 46901 ns, At safepoint: 4500 ns, Total: 51401 ns
[195.284s][info ][safepoint      ] Safepoint "Cleanup", Time since last: 1000086180 ns, Reaching safepoint: 88200 ns, At safepoint: 2901 ns, Total: 91101 ns
[196.284s][info ][safepoint      ] Safepoint "Cleanup", Time since last: 1000120680 ns, Reaching safepoint: 74801 ns, At safepoint: 6700 ns, Total: 81501 ns
[198.284s][info ][safepoint      ] Safepoint "Cleanup", Time since last: 2000224761 ns, Reaching safepoint: 47400 ns, At safepoint: 4200 ns, Total: 51600 ns
[199.285s][info ][safepoint      ] Safepoint "Cleanup", Time since last: 1000114980 ns, Reaching safepoint: 50701 ns, At safepoint: 2600 ns, Total: 53301 ns
[200.285s][info ][safepoint      ] Safepoint "Cleanup", Time since last: 1000107680 ns, Reaching safepoint: 50601 ns, At safepoint: 2700 ns, Total: 53301 ns
[201.285s][info ][safepoint      ] Safepoint "Cleanup", Time since last: 1000116680 ns, Reaching safepoint: 51300 ns, At safepoint: 4501 ns, Total: 55801 ns
[202.113s][info ][gc,start       ] GC(21) Pause Young (Allocation Failure)
[202.141s][debug][gc,phases      ] GC(21) Scavenge 28.239ms
[202.141s][debug][gc,ref         ] GC(21) Skipped phase 1 of Reference Processing: no references
[202.141s][debug][gc,ref         ] GC(21) ReferenceProcessor::execute queues: 1, RefProcThreadModel::Single, marks_oops_alive: false
[202.141s][debug][gc,ref         ] GC(21) Skipped phase 3 of Reference Processing: no references
[202.141s][debug][gc,ref         ] GC(21) ReferenceProcessor::execute queues: 1, RefProcThreadModel::Single, marks_oops_alive: false
[202.141s][debug][gc,phases      ] GC(21) Reference Processing 0.155ms
[202.141s][debug][gc,phases      ] GC(21)   VM Weak                        Min:  0.0, Avg:  0.0, Max:  0.0, Diff:  0.0, Sum:  0.0, Workers: 4
[202.141s][debug][gc,phases      ] GC(21)     Dead                           Min: 0, Avg:  0.0, Max: 0, Diff: 0, Sum: 0, Workers: 4
[202.141s][debug][gc,phases      ] GC(21)     Total                          Min: 0, Avg: 210.8, Max: 587, Diff: 587, Sum: 843, Workers: 4
[202.141s][debug][gc,phases      ] GC(21)   ObjectSynchronizer Weak        Min:  0.0, Avg:  0.0, Max:  0.0, Diff:  0.0, Sum:  0.0, Workers: 4
[202.141s][debug][gc,phases      ] GC(21)     Dead                           Min: 0, Avg:  0.0, Max: 0, Diff: 0, Sum: 0, Workers: 4
[202.141s][debug][gc,phases      ] GC(21)     Total                          Min: 0, Avg: 10.5, Max: 42, Diff: 42, Sum: 42, Workers: 4
[202.141s][debug][gc,phases      ] GC(21)   JVMTI Tag Weak OopStorage      Min:  0.0, Avg:  0.0, Max:  0.0, Diff:  0.0, Sum:  0.0, Workers: 4
[202.141s][debug][gc,phases      ] GC(21)     Dead                           Min: 0, Avg:  0.0, Max: 0, Diff: 0, Sum: 0, Workers: 4
[202.141s][debug][gc,phases      ] GC(21)     Total                          Min: 0, Avg:  0.0, Max: 0, Diff: 0, Sum: 0, Workers: 4
[202.141s][debug][gc,phases      ] GC(21)   StringTable Weak               Min:  0.0, Avg:  0.1, Max:  0.2, Diff:  0.2, Sum:  0.4, Workers: 4
[202.141s][debug][gc,phases      ] GC(21)     Dead                           Min: 0, Avg:  0.2, Max: 1, Diff: 1, Sum: 1, Workers: 4
[202.141s][debug][gc,phases      ] GC(21)     Total                          Min: 0, Avg: 10751.8, Max: 21760, Diff: 21760, Sum: 43007, Workers: 4
[202.141s][debug][gc,phases      ] GC(21)   ResolvedMethodTable Weak       Min:  0.0, Avg:  0.0, Max:  0.0, Diff:  0.0, Sum:  0.1, Workers: 4
[202.141s][debug][gc,phases      ] GC(21)     Dead                           Min: 0, Avg:  0.0, Max: 0, Diff: 0, Sum: 0, Workers: 4
[202.141s][debug][gc,phases      ] GC(21)     Total                          Min: 0, Avg: 2229.5, Max: 4543, Diff: 4543, Sum: 8918, Workers: 4
[202.141s][debug][gc,phases      ] GC(21)   JNI Weak                       Min:  0.0, Avg:  0.0, Max:  0.0, Diff:  0.0, Sum:  0.0, Workers: 4
[202.141s][debug][gc,phases      ] GC(21)     Dead                           Min: 0, Avg:  0.0, Max: 0, Diff: 0, Sum: 0, Workers: 4
[202.141s][debug][gc,phases      ] GC(21)     Total                          Min: 0, Avg: 11.2, Max: 45, Diff: 45, Sum: 45, Workers: 4
[202.141s][debug][gc,phases      ] GC(21)   StringDedup Table Weak         Min:  0.0, Avg:  0.0, Max:  0.0, Diff:  0.0, Sum:  0.0, Workers: 4
[202.141s][debug][gc,phases      ] GC(21)     Dead                           Min: 0, Avg:  0.0, Max: 0, Diff: 0, Sum: 0, Workers: 4
[202.141s][debug][gc,phases      ] GC(21)     Total                          Min: 0, Avg:  0.0, Max: 0, Diff: 0, Sum: 0, Workers: 4
[202.141s][debug][gc,phases      ] GC(21)   StringDedup Requests0 Weak     Min:  0.0, Avg:  0.0, Max:  0.0, Diff:  0.0, Sum:  0.0, Workers: 4
[202.141s][debug][gc,phases      ] GC(21)     Dead                           Min: 0, Avg:  0.0, Max: 0, Diff: 0, Sum: 0, Workers: 4
[202.141s][debug][gc,phases      ] GC(21)     Total                          Min: 0, Avg:  0.0, Max: 0, Diff: 0, Sum: 0, Workers: 4
[202.141s][debug][gc,phases      ] GC(21)   StringDedup Requests1 Weak     Min:  0.0, Avg:  0.0, Max:  0.0, Diff:  0.0, Sum:  0.0, Workers: 4
[202.141s][debug][gc,phases      ] GC(21)     Dead                           Min: 0, Avg:  0.0, Max: 0, Diff: 0, Sum: 0, Workers: 4
[202.141s][debug][gc,phases      ] GC(21)     Total                          Min: 0, Avg:  0.0, Max: 0, Diff: 0, Sum: 0, Workers: 4
[202.141s][debug][gc,phases      ] GC(21)   Weak JFR Old Object Samples    Min:  0.0, Avg:  0.0, Max:  0.0, Diff:  0.0, Sum:  0.0, Workers: 4
[202.141s][debug][gc,phases      ] GC(21)     Dead                           Min: 0, Avg:  0.0, Max: 0, Diff: 0, Sum: 0, Workers: 4
[202.141s][debug][gc,phases      ] GC(21)     Total                          Min: 0, Avg:  0.0, Max: 0, Diff: 0, Sum: 0, Workers: 4
[202.142s][debug][gc,phases      ] GC(21) Weak Processing 0.509ms
[202.142s][debug][gc,age         ] GC(21) Desired survivor size 484966400 bytes, new threshold 10 (max threshold 15)
[202.142s][info ][gc,heap        ] GC(21) PSYoungGen: 1183232K(1585664K)->102142K(1623552K) Eden: 1084928K(1084928K)->0K(1135104K) From: 98304K(500736K)->102142K(488448K)
[202.142s][info ][gc,heap        ] GC(21) ParOldGen: 366718K(544768K)->366726K(544768K)
[202.142s][info ][gc,metaspace   ] GC(21) Metaspace: 80054K(81088K)->80054K(81088K) NonClass: 68579K(69120K)->68579K(69120K) Class: 11474K(11968K)->11474K(11968K)
[202.142s][info ][gc             ] GC(21) Pause Young (Allocation Failure) 1513M->457M(2117M) 29.060ms
[202.142s][info ][gc,cpu         ] GC(21) User=0.10s Sys=0.00s Real=0.03s
[202.142s][info ][safepoint      ] Safepoint "ParallelGCFailedAllocation", Time since last: 827469211 ns, Reaching safepoint: 106201 ns, At safepoint: 29144214 ns, Total: 29250415 ns
[203.142s][info ][safepoint      ] Safepoint "Cleanup", Time since last: 1000093436 ns, Reaching safepoint: 69301 ns, At safepoint: 3200 ns, Total: 72501 ns
[204.142s][info ][safepoint      ] Safepoint "Cleanup", Time since last: 1000125536 ns, Reaching safepoint: 76801 ns, At safepoint: 3000 ns, Total: 79801 ns
[205.142s][info ][safepoint      ] Safepoint "Cleanup", Time since last: 1000114236 ns, Reaching safepoint: 46500 ns, At safepoint: 5600 ns, Total: 52100 ns
[206.142s][info ][safepoint      ] Safepoint "Cleanup", Time since last: 1000116237 ns, Reaching safepoint: 51400 ns, At safepoint: 5700 ns, Total: 57100 ns
[207.143s][info ][safepoint      ] Safepoint "Cleanup", Time since last: 1000126537 ns, Reaching safepoint: 46000 ns, At safepoint: 2900 ns, Total: 48900 ns
[208.143s][info ][safepoint      ] Safepoint "Cleanup", Time since last: 1000118536 ns, Reaching safepoint: 81301 ns, At safepoint: 5200 ns, Total: 86501 ns
[209.143s][info ][safepoint      ] Safepoint "Cleanup", Time since last: 1000123736 ns, Reaching safepoint: 48301 ns, At safepoint: 10600 ns, Total: 58901 ns
[210.143s][info ][safepoint      ] Safepoint "Cleanup", Time since last: 1000113882 ns, Reaching safepoint: 53200 ns, At safepoint: 3100 ns, Total: 56300 ns
[211.669s][info ][safepoint      ] Safepoint "Cleanup", Time since last: 1525958807 ns, Reaching safepoint: 115501 ns, At safepoint: 7200 ns, Total: 122701 ns
[212.669s][info ][safepoint      ] Safepoint "Cleanup", Time since last: 1000108473 ns, Reaching safepoint: 60701 ns, At safepoint: 5100 ns, Total: 65801 ns
[214.612s][info ][safepoint      ] Safepoint "Cleanup", Time since last: 1942775505 ns, Reaching safepoint: 183101 ns, At safepoint: 4800 ns, Total: 187901 ns
[216.187s][info ][safepoint      ] Safepoint "Cleanup", Time since last: 1574179978 ns, Reaching safepoint: 116601 ns, At safepoint: 3900 ns, Total: 120501 ns
[217.187s][info ][safepoint      ] Safepoint "Cleanup", Time since last: 1000128273 ns, Reaching safepoint: 71900 ns, At safepoint: 7000 ns, Total: 78900 ns
[218.187s][info ][safepoint      ] Safepoint "Cleanup", Time since last: 1000112945 ns, Reaching safepoint: 47900 ns, At safepoint: 7300 ns, Total: 55200 ns
[219.187s][info ][safepoint      ] Safepoint "Cleanup", Time since last: 1000117174 ns, Reaching safepoint: 79301 ns, At safepoint: 3100 ns, Total: 82401 ns
[220.187s][info ][safepoint      ] Safepoint "Cleanup", Time since last: 1000119974 ns, Reaching safepoint: 78301 ns, At safepoint: 27800 ns, Total: 106101 ns
[222.188s][info ][safepoint      ] Safepoint "Cleanup", Time since last: 2000202348 ns, Reaching safepoint: 75701 ns, At safepoint: 4100 ns, Total: 79801 ns
[223.188s][info ][safepoint      ] Safepoint "Cleanup", Time since last: 1000120274 ns, Reaching safepoint: 49101 ns, At safepoint: 3300 ns, Total: 52401 ns
[224.188s][info ][safepoint      ] Safepoint "Cleanup", Time since last: 1000113574 ns, Reaching safepoint: 51400 ns, At safepoint: 3000 ns, Total: 54400 ns
[225.188s][info ][safepoint      ] Safepoint "Cleanup", Time since last: 1000130575 ns, Reaching safepoint: 63800 ns, At safepoint: 3200 ns, Total: 67000 ns
[226.188s][info ][safepoint      ] Safepoint "Cleanup", Time since last: 1000133442 ns, Reaching safepoint: 71700 ns, At safepoint: 3500 ns, Total: 75200 ns
[227.189s][info ][safepoint      ] Safepoint "Cleanup", Time since last: 1000124462 ns, Reaching safepoint: 44600 ns, At safepoint: 9701 ns, Total: 54301 ns
[228.189s][info ][safepoint      ] Safepoint "Cleanup", Time since last: 1000155262 ns, Reaching safepoint: 47500 ns, At safepoint: 9700 ns, Total: 57200 ns
[229.189s][info ][safepoint      ] Safepoint "Cleanup", Time since last: 1000125362 ns, Reaching safepoint: 44001 ns, At safepoint: 2700 ns, Total: 46701 ns
[230.189s][info ][safepoint      ] Safepoint "Cleanup", Time since last: 1000111062 ns, Reaching safepoint: 41500 ns, At safepoint: 2000 ns, Total: 43500 ns
[232.506s][info ][gc,start       ] GC(22) Pause Young (Allocation Failure)
[232.533s][debug][gc,phases      ] GC(22) Scavenge 26.759ms
[232.533s][debug][gc,ref         ] GC(22) Skipped phase 1 of Reference Processing: no references
[232.533s][debug][gc,ref         ] GC(22) ReferenceProcessor::execute queues: 1, RefProcThreadModel::Single, marks_oops_alive: false
[232.533s][debug][gc,ref         ] GC(22) Skipped phase 3 of Reference Processing: no references
[232.533s][debug][gc,ref         ] GC(22) ReferenceProcessor::execute queues: 1, RefProcThreadModel::Single, marks_oops_alive: false
[232.533s][debug][gc,phases      ] GC(22) Reference Processing 0.134ms
[232.533s][debug][gc,phases      ] GC(22)   VM Weak                        Min:  0.0, Avg:  0.0, Max:  0.0, Diff:  0.0, Sum:  0.0, Workers: 4
[232.533s][debug][gc,phases      ] GC(22)     Dead                           Min: 0, Avg:  0.0, Max: 0, Diff: 0, Sum: 0, Workers: 4
[232.533s][debug][gc,phases      ] GC(22)     Total                          Min: 0, Avg: 216.8, Max: 512, Diff: 512, Sum: 867, Workers: 4
[232.533s][debug][gc,phases      ] GC(22)   ObjectSynchronizer Weak        Min:  0.0, Avg:  0.0, Max:  0.0, Diff:  0.0, Sum:  0.0, Workers: 4
[232.533s][debug][gc,phases      ] GC(22)     Dead                           Min: 0, Avg:  0.0, Max: 0, Diff: 0, Sum: 0, Workers: 4
[232.533s][debug][gc,phases      ] GC(22)     Total                          Min: 0, Avg: 10.5, Max: 42, Diff: 42, Sum: 42, Workers: 4
[232.533s][debug][gc,phases      ] GC(22)   JVMTI Tag Weak OopStorage      Min:  0.0, Avg:  0.0, Max:  0.0, Diff:  0.0, Sum:  0.0, Workers: 4
[232.533s][debug][gc,phases      ] GC(22)     Dead                           Min: 0, Avg:  0.0, Max: 0, Diff: 0, Sum: 0, Workers: 4
[232.533s][debug][gc,phases      ] GC(22)     Total                          Min: 0, Avg:  0.0, Max: 0, Diff: 0, Sum: 0, Workers: 4
[232.533s][debug][gc,phases      ] GC(22)   StringTable Weak               Min:  0.0, Avg:  0.1, Max:  0.2, Diff:  0.2, Sum:  0.4, Workers: 4
[232.533s][debug][gc,phases      ] GC(22)     Dead                           Min: 0, Avg:  0.5, Max: 2, Diff: 2, Sum: 2, Workers: 4
[232.533s][debug][gc,phases      ] GC(22)     Total                          Min: 0, Avg: 10776.2, Max: 26273, Diff: 26273, Sum: 43105, Workers: 4
[232.533s][debug][gc,phases      ] GC(22)   ResolvedMethodTable Weak       Min:  0.0, Avg:  0.0, Max:  0.0, Diff:  0.0, Sum:  0.1, Workers: 4
[232.533s][debug][gc,phases      ] GC(22)     Dead                           Min: 0, Avg:  0.0, Max: 0, Diff: 0, Sum: 0, Workers: 4
[232.533s][debug][gc,phases      ] GC(22)     Total                          Min: 0, Avg: 2267.0, Max: 5248, Diff: 5248, Sum: 9068, Workers: 4
[232.533s][debug][gc,phases      ] GC(22)   JNI Weak                       Min:  0.0, Avg:  0.0, Max:  0.0, Diff:  0.0, Sum:  0.0, Workers: 4
[232.533s][debug][gc,phases      ] GC(22)     Dead                           Min: 0, Avg:  0.0, Max: 0, Diff: 0, Sum: 0, Workers: 4
[232.533s][debug][gc,phases      ] GC(22)     Total                          Min: 0, Avg: 11.2, Max: 45, Diff: 45, Sum: 45, Workers: 4
[232.533s][debug][gc,phases      ] GC(22)   StringDedup Table Weak         Min:  0.0, Avg:  0.0, Max:  0.0, Diff:  0.0, Sum:  0.0, Workers: 4
[232.533s][debug][gc,phases      ] GC(22)     Dead                           Min: 0, Avg:  0.0, Max: 0, Diff: 0, Sum: 0, Workers: 4
[232.533s][debug][gc,phases      ] GC(22)     Total                          Min: 0, Avg:  0.0, Max: 0, Diff: 0, Sum: 0, Workers: 4
[232.533s][debug][gc,phases      ] GC(22)   StringDedup Requests0 Weak     Min:  0.0, Avg:  0.0, Max:  0.0, Diff:  0.0, Sum:  0.0, Workers: 4
[232.533s][debug][gc,phases      ] GC(22)     Dead                           Min: 0, Avg:  0.0, Max: 0, Diff: 0, Sum: 0, Workers: 4
[232.533s][debug][gc,phases      ] GC(22)     Total                          Min: 0, Avg:  0.0, Max: 0, Diff: 0, Sum: 0, Workers: 4
[232.533s][debug][gc,phases      ] GC(22)   StringDedup Requests1 Weak     Min:  0.0, Avg:  0.0, Max:  0.0, Diff:  0.0, Sum:  0.0, Workers: 4
[232.533s][debug][gc,phases      ] GC(22)     Dead                           Min: 0, Avg:  0.0, Max: 0, Diff: 0, Sum: 0, Workers: 4
[232.533s][debug][gc,phases      ] GC(22)     Total                          Min: 0, Avg:  0.0, Max: 0, Diff: 0, Sum: 0, Workers: 4
[232.533s][debug][gc,phases      ] GC(22)   Weak JFR Old Object Samples    Min:  0.0, Avg:  0.0, Max:  0.0, Diff:  0.0, Sum:  0.0, Workers: 4
[232.533s][debug][gc,phases      ] GC(22)     Dead                           Min: 0, Avg:  0.0, Max: 0, Diff: 0, Sum: 0, Workers: 4
[232.533s][debug][gc,phases      ] GC(22)     Total                          Min: 0, Avg:  0.0, Max: 0, Diff: 0, Sum: 0, Workers: 4
[232.533s][debug][gc,phases      ] GC(22) Weak Processing 0.409ms
[232.533s][debug][gc,age         ] GC(22) Desired survivor size 468713472 bytes, new threshold 11 (max threshold 15)
[232.533s][info ][gc,heap        ] GC(22) PSYoungGen: 1237246K(1623552K)->102577K(1608704K) Eden: 1135104K(1135104K)->0K(1135104K) From: 102142K(488448K)->102577K(473600K)
[232.533s][info ][gc,heap        ] GC(22) ParOldGen: 366726K(544768K)->366726K(544768K)
[232.533s][info ][gc,metaspace   ] GC(22) Metaspace: 80396K(81472K)->80396K(81472K) NonClass: 68856K(69440K)->68856K(69440K) Class: 11539K(12032K)->11539K(12032K)
[232.533s][info ][gc             ] GC(22) Pause Young (Allocation Failure) 1566M->458M(2103M) 27.446ms
[232.533s][info ][gc,cpu         ] GC(22) User=0.09s Sys=0.00s Real=0.03s
[232.533s][info ][safepoint      ] Safepoint "ParallelGCFailedAllocation", Time since last: 2316501384 ns, Reaching safepoint: 40500 ns, At safepoint: 27516105 ns, Total: 27556605 ns
[233.533s][info ][safepoint      ] Safepoint "Cleanup", Time since last: 1000112882 ns, Reaching safepoint: 63700 ns, At safepoint: 3900 ns, Total: 67600 ns
[234.534s][info ][safepoint      ] Safepoint "Cleanup", Time since last: 1000116264 ns, Reaching safepoint: 56400 ns, At safepoint: 2900 ns, Total: 59300 ns
[235.534s][info ][safepoint      ] Safepoint "Cleanup", Time since last: 1000106463 ns, Reaching safepoint: 54701 ns, At safepoint: 2700 ns, Total: 57401 ns
[236.534s][info ][safepoint      ] Safepoint "Cleanup", Time since last: 1000117863 ns, Reaching safepoint: 47100 ns, At safepoint: 2900 ns, Total: 50000 ns
[237.534s][info ][safepoint      ] Safepoint "Cleanup", Time since last: 1000099563 ns, Reaching safepoint: 52101 ns, At safepoint: 3400 ns, Total: 55501 ns
[239.534s][info ][safepoint      ] Safepoint "Cleanup", Time since last: 2000205226 ns, Reaching safepoint: 53700 ns, At safepoint: 2600 ns, Total: 56300 ns
[240.534s][info ][safepoint      ] Safepoint "Cleanup", Time since last: 1000103563 ns, Reaching safepoint: 44501 ns, At safepoint: 2300 ns, Total: 46801 ns
[241.535s][info ][safepoint      ] Safepoint "Cleanup", Time since last: 1000101454 ns, Reaching safepoint: 43900 ns, At safepoint: 3100 ns, Total: 47000 ns
[242.535s][info ][safepoint      ] Safepoint "Cleanup", Time since last: 1000107360 ns, Reaching safepoint: 39300 ns, At safepoint: 3500 ns, Total: 42800 ns
[243.535s][info ][safepoint      ] Safepoint "Cleanup", Time since last: 1000124260 ns, Reaching safepoint: 51300 ns, At safepoint: 3100 ns, Total: 54400 ns
[245.535s][info ][safepoint      ] Safepoint "Cleanup", Time since last: 2000194419 ns, Reaching safepoint: 44200 ns, At safepoint: 4100 ns, Total: 48300 ns
[246.535s][info ][safepoint      ] Safepoint "Cleanup", Time since last: 1000122122 ns, Reaching safepoint: 111901 ns, At safepoint: 5700 ns, Total: 117601 ns
[247.536s][info ][safepoint      ] Safepoint "Cleanup", Time since last: 1000109117 ns, Reaching safepoint: 134001 ns, At safepoint: 6400 ns, Total: 140401 ns
[249.536s][info ][safepoint      ] Safepoint "Cleanup", Time since last: 2000181246 ns, Reaching safepoint: 171501 ns, At safepoint: 10800 ns, Total: 182301 ns
[250.536s][info ][safepoint      ] Safepoint "Cleanup", Time since last: 1000119644 ns, Reaching safepoint: 101201 ns, At safepoint: 7000 ns, Total: 108201 ns
[251.536s][info ][safepoint      ] Safepoint "Cleanup", Time since last: 1000120744 ns, Reaching safepoint: 92900 ns, At safepoint: 3900 ns, Total: 96800 ns
[252.537s][info ][safepoint      ] Safepoint "Cleanup", Time since last: 1000121744 ns, Reaching safepoint: 52501 ns, At safepoint: 3000 ns, Total: 55501 ns
[253.537s][info ][safepoint      ] Safepoint "Cleanup", Time since last: 1000118844 ns, Reaching safepoint: 84800 ns, At safepoint: 4100 ns, Total: 88900 ns
[254.157s][info ][gc,start       ] GC(23) Pause Young (Allocation Failure)
[254.186s][debug][gc,phases      ] GC(23) Scavenge 29.095ms
[254.186s][debug][gc,ref         ] GC(23) Skipped phase 1 of Reference Processing: no references
[254.186s][debug][gc,ref         ] GC(23) ReferenceProcessor::execute queues: 1, RefProcThreadModel::Single, marks_oops_alive: false
[254.186s][debug][gc,ref         ] GC(23) Skipped phase 3 of Reference Processing: no references
[254.186s][debug][gc,ref         ] GC(23) ReferenceProcessor::execute queues: 1, RefProcThreadModel::Single, marks_oops_alive: false
[254.186s][debug][gc,phases      ] GC(23) Reference Processing 0.126ms
[254.186s][debug][gc,phases      ] GC(23)   VM Weak                        Min:  0.0, Avg:  0.0, Max:  0.0, Diff:  0.0, Sum:  0.0, Workers: 4
[254.186s][debug][gc,phases      ] GC(23)     Dead                           Min: 0, Avg:  0.0, Max: 0, Diff: 0, Sum: 0, Workers: 4
[254.186s][debug][gc,phases      ] GC(23)     Total                          Min: 0, Avg: 216.8, Max: 419, Diff: 419, Sum: 867, Workers: 4
[254.186s][debug][gc,phases      ] GC(23)   ObjectSynchronizer Weak        Min:  0.0, Avg:  0.0, Max:  0.0, Diff:  0.0, Sum:  0.0, Workers: 4
[254.186s][debug][gc,phases      ] GC(23)     Dead                           Min: 0, Avg:  0.0, Max: 0, Diff: 0, Sum: 0, Workers: 4
[254.186s][debug][gc,phases      ] GC(23)     Total                          Min: 0, Avg: 10.5, Max: 42, Diff: 42, Sum: 42, Workers: 4
[254.186s][debug][gc,phases      ] GC(23)   JVMTI Tag Weak OopStorage      Min:  0.0, Avg:  0.0, Max:  0.0, Diff:  0.0, Sum:  0.0, Workers: 4
[254.186s][debug][gc,phases      ] GC(23)     Dead                           Min: 0, Avg:  0.0, Max: 0, Diff: 0, Sum: 0, Workers: 4
[254.186s][debug][gc,phases      ] GC(23)     Total                          Min: 0, Avg:  0.0, Max: 0, Diff: 0, Sum: 0, Workers: 4
[254.186s][debug][gc,phases      ] GC(23)   StringTable Weak               Min:  0.0, Avg:  0.1, Max:  0.1, Diff:  0.1, Sum:  0.4, Workers: 4
[254.186s][debug][gc,phases      ] GC(23)     Dead                           Min: 0, Avg:  0.2, Max: 1, Diff: 1, Sum: 1, Workers: 4
[254.186s][debug][gc,phases      ] GC(23)     Total                          Min: 0, Avg: 10782.5, Max: 15227, Diff: 15227, Sum: 43130, Workers: 4
[254.186s][debug][gc,phases      ] GC(23)   ResolvedMethodTable Weak       Min:  0.0, Avg:  0.0, Max:  0.0, Diff:  0.0, Sum:  0.1, Workers: 4
[254.186s][debug][gc,phases      ] GC(23)     Dead                           Min: 0, Avg:  0.0, Max: 0, Diff: 0, Sum: 0, Workers: 4
[254.186s][debug][gc,phases      ] GC(23)     Total                          Min: 0, Avg: 2270.0, Max: 3320, Diff: 3320, Sum: 9080, Workers: 4
[254.186s][debug][gc,phases      ] GC(23)   JNI Weak                       Min:  0.0, Avg:  0.0, Max:  0.0, Diff:  0.0, Sum:  0.0, Workers: 4
[254.186s][debug][gc,phases      ] GC(23)     Dead                           Min: 0, Avg:  0.0, Max: 0, Diff: 0, Sum: 0, Workers: 4
[254.186s][debug][gc,phases      ] GC(23)     Total                          Min: 0, Avg: 11.2, Max: 45, Diff: 45, Sum: 45, Workers: 4
[254.186s][debug][gc,phases      ] GC(23)   StringDedup Table Weak         Min:  0.0, Avg:  0.0, Max:  0.0, Diff:  0.0, Sum:  0.0, Workers: 4
[254.186s][debug][gc,phases      ] GC(23)     Dead                           Min: 0, Avg:  0.0, Max: 0, Diff: 0, Sum: 0, Workers: 4
[254.187s][debug][gc,phases      ] GC(23)     Total                          Min: 0, Avg:  0.0, Max: 0, Diff: 0, Sum: 0, Workers: 4
[254.187s][debug][gc,phases      ] GC(23)   StringDedup Requests0 Weak     Min:  0.0, Avg:  0.0, Max:  0.0, Diff:  0.0, Sum:  0.0, Workers: 4
[254.187s][debug][gc,phases      ] GC(23)     Dead                           Min: 0, Avg:  0.0, Max: 0, Diff: 0, Sum: 0, Workers: 4
[254.187s][debug][gc,phases      ] GC(23)     Total                          Min: 0, Avg:  0.0, Max: 0, Diff: 0, Sum: 0, Workers: 4
[254.187s][debug][gc,phases      ] GC(23)   StringDedup Requests1 Weak     Min:  0.0, Avg:  0.0, Max:  0.0, Diff:  0.0, Sum:  0.0, Workers: 4
[254.187s][debug][gc,phases      ] GC(23)     Dead                           Min: 0, Avg:  0.0, Max: 0, Diff: 0, Sum: 0, Workers: 4
[254.187s][debug][gc,phases      ] GC(23)     Total                          Min: 0, Avg:  0.0, Max: 0, Diff: 0, Sum: 0, Workers: 4
[254.187s][debug][gc,phases      ] GC(23)   Weak JFR Old Object Samples    Min:  0.0, Avg:  0.0, Max:  0.0, Diff:  0.0, Sum:  0.0, Workers: 4
[254.187s][debug][gc,phases      ] GC(23)     Dead                           Min: 0, Avg:  0.0, Max: 0, Diff: 0, Sum: 0, Workers: 4
[254.187s][debug][gc,phases      ] GC(23)     Total                          Min: 0, Avg:  0.0, Max: 0, Diff: 0, Sum: 0, Workers: 4
[254.187s][debug][gc,phases      ] GC(23) Weak Processing 0.328ms
[254.187s][debug][gc,age         ] GC(23) Desired survivor size 451936256 bytes, new threshold 12 (max threshold 15)
[254.187s][info ][gc,heap        ] GC(23) PSYoungGen: 1237681K(1608704K)->104017K(1655808K) Eden: 1135104K(1135104K)->0K(1198080K) From: 102577K(473600K)->104017K(457728K)
[254.187s][info ][gc,heap        ] GC(23) ParOldGen: 366726K(544768K)->366734K(544768K)
[254.187s][info ][gc,metaspace   ] GC(23) Metaspace: 80518K(81600K)->80518K(81600K) NonClass: 68970K(69504K)->68970K(69504K) Class: 11548K(12096K)->11548K(12096K)
[254.187s][info ][gc             ] GC(23) Pause Young (Allocation Failure) 1566M->459M(2149M) 29.679ms
[254.187s][info ][gc,cpu         ] GC(23) User=0.10s Sys=0.00s Real=0.04s
[254.187s][info ][safepoint      ] Safepoint "ParallelGCFailedAllocation", Time since last: 619873276 ns, Reaching safepoint: 148301 ns, At safepoint: 29747325 ns, Total: 29895626 ns
[255.187s][info ][safepoint      ] Safepoint "Cleanup", Time since last: 1000078643 ns, Reaching safepoint: 74801 ns, At safepoint: 8300 ns, Total: 83101 ns
[256.187s][info ][safepoint      ] Safepoint "Cleanup", Time since last: 1000120844 ns, Reaching safepoint: 61100 ns, At safepoint: 2900 ns, Total: 64000 ns
[257.860s][info ][safepoint      ] Safepoint "Cleanup", Time since last: 1673191924 ns, Reaching safepoint: 202502 ns, At safepoint: 10300 ns, Total: 212802 ns
[258.861s][info ][safepoint      ] Safepoint "Cleanup", Time since last: 1000124950 ns, Reaching safepoint: 157302 ns, At safepoint: 5300 ns, Total: 162602 ns
[259.861s][info ][safepoint      ] Safepoint "Cleanup", Time since last: 1000110150 ns, Reaching safepoint: 139501 ns, At safepoint: 5900 ns, Total: 145401 ns
[260.861s][info ][safepoint      ] Safepoint "Cleanup", Time since last: 1000111551 ns, Reaching safepoint: 114001 ns, At safepoint: 6000 ns, Total: 120001 ns
[261.861s][info ][safepoint      ] Safepoint "Cleanup", Time since last: 1000114150 ns, Reaching safepoint: 44600 ns, At safepoint: 2600 ns, Total: 47200 ns
[262.861s][info ][safepoint      ] Safepoint "Cleanup", Time since last: 1000086551 ns, Reaching safepoint: 81100 ns, At safepoint: 5500 ns, Total: 86600 ns
[263.862s][info ][safepoint      ] Safepoint "Cleanup", Time since last: 1000123251 ns, Reaching safepoint: 143301 ns, At safepoint: 9200 ns, Total: 152501 ns
[264.862s][info ][safepoint      ] Safepoint "Cleanup", Time since last: 1000105951 ns, Reaching safepoint: 52800 ns, At safepoint: 3000 ns, Total: 55800 ns
[265.862s][info ][safepoint      ] Safepoint "Cleanup", Time since last: 1000158731 ns, Reaching safepoint: 84100 ns, At safepoint: 8800 ns, Total: 92900 ns
[266.862s][info ][safepoint      ] Safepoint "Cleanup", Time since last: 1000104300 ns, Reaching safepoint: 47800 ns, At safepoint: 7700 ns, Total: 55500 ns
[267.862s][info ][safepoint      ] Safepoint "Cleanup", Time since last: 1000101800 ns, Reaching safepoint: 44800 ns, At safepoint: 2300 ns, Total: 47100 ns
[268.863s][info ][safepoint      ] Safepoint "Cleanup", Time since last: 1000107100 ns, Reaching safepoint: 41000 ns, At safepoint: 3901 ns, Total: 44901 ns
[269.863s][info ][safepoint      ] Safepoint "Cleanup", Time since last: 1000066099 ns, Reaching safepoint: 49000 ns, At safepoint: 2900 ns, Total: 51900 ns
[270.863s][info ][safepoint      ] Safepoint "Cleanup", Time since last: 1000090200 ns, Reaching safepoint: 85301 ns, At safepoint: 3100 ns, Total: 88401 ns
[271.863s][info ][safepoint      ] Safepoint "Cleanup", Time since last: 1000106799 ns, Reaching safepoint: 36401 ns, At safepoint: 2700 ns, Total: 39101 ns
[273.724s][info ][gc,start       ] GC(24) Pause Young (Allocation Failure)
[273.767s][debug][gc,phases      ] GC(24) Scavenge 42.588ms
[273.767s][debug][gc,ref         ] GC(24) Skipped phase 1 of Reference Processing: no references
[273.767s][debug][gc,ref         ] GC(24) ReferenceProcessor::execute queues: 1, RefProcThreadModel::Single, marks_oops_alive: false
[273.767s][debug][gc,ref         ] GC(24) Skipped phase 3 of Reference Processing: no references
[273.767s][debug][gc,ref         ] GC(24) ReferenceProcessor::execute queues: 1, RefProcThreadModel::Single, marks_oops_alive: false
[273.767s][debug][gc,phases      ] GC(24) Reference Processing 0.193ms
[273.767s][debug][gc,phases      ] GC(24)   VM Weak                        Min:  0.0, Avg:  0.0, Max:  0.0, Diff:  0.0, Sum:  0.0, Workers: 4
[273.767s][debug][gc,phases      ] GC(24)     Dead                           Min: 0, Avg:  0.0, Max: 0, Diff: 0, Sum: 0, Workers: 4
[273.767s][debug][gc,phases      ] GC(24)     Total                          Min: 0, Avg: 217.2, Max: 640, Diff: 640, Sum: 869, Workers: 4
[273.768s][debug][gc,phases      ] GC(24)   ObjectSynchronizer Weak        Min:  0.0, Avg:  0.0, Max:  0.0, Diff:  0.0, Sum:  0.0, Workers: 4
[273.768s][debug][gc,phases      ] GC(24)     Dead                           Min: 0, Avg:  0.0, Max: 0, Diff: 0, Sum: 0, Workers: 4
[273.768s][debug][gc,phases      ] GC(24)     Total                          Min: 0, Avg: 10.5, Max: 42, Diff: 42, Sum: 42, Workers: 4
[273.768s][debug][gc,phases      ] GC(24)   JVMTI Tag Weak OopStorage      Min:  0.0, Avg:  0.0, Max:  0.0, Diff:  0.0, Sum:  0.0, Workers: 4
[273.768s][debug][gc,phases      ] GC(24)     Dead                           Min: 0, Avg:  0.0, Max: 0, Diff: 0, Sum: 0, Workers: 4
[273.768s][debug][gc,phases      ] GC(24)     Total                          Min: 0, Avg:  0.0, Max: 0, Diff: 0, Sum: 0, Workers: 4
[273.768s][debug][gc,phases      ] GC(24)   StringTable Weak               Min:  0.0, Avg:  0.1, Max:  0.2, Diff:  0.2, Sum:  0.5, Workers: 4
[273.768s][debug][gc,phases      ] GC(24)     Dead                           Min: 0, Avg:  0.2, Max: 1, Diff: 1, Sum: 1, Workers: 4
[273.768s][debug][gc,phases      ] GC(24)     Total                          Min: 0, Avg: 10793.2, Max: 17472, Diff: 17472, Sum: 43173, Workers: 4
[273.768s][debug][gc,phases      ] GC(24)   ResolvedMethodTable Weak       Min:  0.0, Avg:  0.0, Max:  0.0, Diff:  0.0, Sum:  0.1, Workers: 4
[273.768s][debug][gc,phases      ] GC(24)     Dead                           Min: 0, Avg:  0.0, Max: 0, Diff: 0, Sum: 0, Workers: 4
[273.768s][debug][gc,phases      ] GC(24)     Total                          Min: 0, Avg: 2279.2, Max: 3712, Diff: 3712, Sum: 9117, Workers: 4
[273.768s][debug][gc,phases      ] GC(24)   JNI Weak                       Min:  0.0, Avg:  0.0, Max:  0.0, Diff:  0.0, Sum:  0.0, Workers: 4
[273.768s][debug][gc,phases      ] GC(24)     Dead                           Min: 0, Avg:  0.0, Max: 0, Diff: 0, Sum: 0, Workers: 4
[273.768s][debug][gc,phases      ] GC(24)     Total                          Min: 0, Avg: 11.2, Max: 45, Diff: 45, Sum: 45, Workers: 4
[273.768s][debug][gc,phases      ] GC(24)   StringDedup Table Weak         Min:  0.0, Avg:  0.0, Max:  0.0, Diff:  0.0, Sum:  0.0, Workers: 4
[273.768s][debug][gc,phases      ] GC(24)     Dead                           Min: 0, Avg:  0.0, Max: 0, Diff: 0, Sum: 0, Workers: 4
[273.768s][debug][gc,phases      ] GC(24)     Total                          Min: 0, Avg:  0.0, Max: 0, Diff: 0, Sum: 0, Workers: 4
[273.768s][debug][gc,phases      ] GC(24)   StringDedup Requests0 Weak     Min:  0.0, Avg:  0.0, Max:  0.0, Diff:  0.0, Sum:  0.0, Workers: 4
[273.768s][debug][gc,phases      ] GC(24)     Dead                           Min: 0, Avg:  0.0, Max: 0, Diff: 0, Sum: 0, Workers: 4
[273.768s][debug][gc,phases      ] GC(24)     Total                          Min: 0, Avg:  0.0, Max: 0, Diff: 0, Sum: 0, Workers: 4
[273.768s][debug][gc,phases      ] GC(24)   StringDedup Requests1 Weak     Min:  0.0, Avg:  0.0, Max:  0.0, Diff:  0.0, Sum:  0.0, Workers: 4
[273.768s][debug][gc,phases      ] GC(24)     Dead                           Min: 0, Avg:  0.0, Max: 0, Diff: 0, Sum: 0, Workers: 4
[273.768s][debug][gc,phases      ] GC(24)     Total                          Min: 0, Avg:  0.0, Max: 0, Diff: 0, Sum: 0, Workers: 4
[273.768s][debug][gc,phases      ] GC(24)   Weak JFR Old Object Samples    Min:  0.0, Avg:  0.0, Max:  0.0, Diff:  0.0, Sum:  0.0, Workers: 4
[273.768s][debug][gc,phases      ] GC(24)     Dead                           Min: 0, Avg:  0.0, Max: 0, Diff: 0, Sum: 0, Workers: 4
[273.768s][debug][gc,phases      ] GC(24)     Total                          Min: 0, Avg:  0.0, Max: 0, Diff: 0, Sum: 0, Workers: 4
[273.768s][debug][gc,phases      ] GC(24) Weak Processing 0.364ms
[273.768s][debug][gc,age         ] GC(24) Desired survivor size 426770432 bytes, new threshold 13 (max threshold 15)
[273.768s][info ][gc,heap        ] GC(24) PSYoungGen: 1302097K(1655808K)->149457K(1639424K) Eden: 1198079K(1198080K)->0K(1198080K) From: 104017K(457728K)->149457K(441344K)
[273.768s][info ][gc,heap        ] GC(24) ParOldGen: 366734K(544768K)->366742K(544768K)
[273.768s][info ][gc,metaspace   ] GC(24) Metaspace: 80747K(81792K)->80747K(81792K) NonClass: 69168K(69696K)->69168K(69696K) Class: 11579K(12096K)->11579K(12096K)
[273.768s][info ][gc             ] GC(24) Pause Young (Allocation Failure) 1629M->504M(2133M) 43.314ms
[273.768s][info ][gc,cpu         ] GC(24) User=0.15s Sys=0.00s Real=0.05s
[273.768s][info ][safepoint      ] Safepoint "ParallelGCFailedAllocation", Time since last: 1861104353 ns, Reaching safepoint: 138501 ns, At safepoint: 43394859 ns, Total: 43533360 ns
[274.768s][info ][safepoint      ] Safepoint "Cleanup", Time since last: 1000068678 ns, Reaching safepoint: 72400 ns, At safepoint: 3300 ns, Total: 75700 ns
[275.768s][info ][safepoint      ] Safepoint "Cleanup", Time since last: 1000107878 ns, Reaching safepoint: 60400 ns, At safepoint: 6600 ns, Total: 67000 ns
[276.768s][info ][safepoint      ] Safepoint "Cleanup", Time since last: 1000104178 ns, Reaching safepoint: 47900 ns, At safepoint: 4500 ns, Total: 52400 ns
[277.768s][info ][safepoint      ] Safepoint "Cleanup", Time since last: 1000109678 ns, Reaching safepoint: 60400 ns, At safepoint: 6100 ns, Total: 66500 ns
[278.769s][info ][safepoint      ] Safepoint "Cleanup", Time since last: 1000114878 ns, Reaching safepoint: 168901 ns, At safepoint: 8400 ns, Total: 177301 ns
[279.769s][info ][safepoint      ] Safepoint "Cleanup", Time since last: 1000106126 ns, Reaching safepoint: 111501 ns, At safepoint: 3100 ns, Total: 114601 ns
[281.351s][info ][safepoint      ] Safepoint "Cleanup", Time since last: 1581900999 ns, Reaching safepoint: 108300 ns, At safepoint: 5200 ns, Total: 113500 ns
[282.351s][info ][safepoint      ] Safepoint "Cleanup", Time since last: 1000112533 ns, Reaching safepoint: 55101 ns, At safepoint: 3500 ns, Total: 58601 ns
[283.969s][info ][safepoint      ] Safepoint "Cleanup", Time since last: 1618104290 ns, Reaching safepoint: 82401 ns, At safepoint: 7300 ns, Total: 89701 ns
[284.969s][info ][safepoint      ] Safepoint "Cleanup", Time since last: 1000074034 ns, Reaching safepoint: 57200 ns, At safepoint: 5800 ns, Total: 63000 ns
[285.526s][info ][safepoint      ] Safepoint "ParallelGCFailedAllocation", Time since last: 556314892 ns, Reaching safepoint: 38600 ns, At safepoint: 7900 ns, Total: 46500 ns
[285.526s][info ][gc,start       ] GC(25) Pause Young (GCLocker Initiated GC)
[285.586s][debug][gc,phases      ] GC(25) Scavenge 60.465ms
[285.586s][debug][gc,ref         ] GC(25) Skipped phase 1 of Reference Processing: no references
[285.587s][debug][gc,ref         ] GC(25) ReferenceProcessor::execute queues: 1, RefProcThreadModel::Single, marks_oops_alive: false
[285.587s][debug][gc,ref         ] GC(25) Skipped phase 3 of Reference Processing: no references
[285.587s][debug][gc,ref         ] GC(25) ReferenceProcessor::execute queues: 1, RefProcThreadModel::Single, marks_oops_alive: false
[285.587s][debug][gc,phases      ] GC(25) Reference Processing 0.129ms
[285.587s][debug][gc,phases      ] GC(25)   VM Weak                        Min:  0.0, Avg:  0.0, Max:  0.0, Diff:  0.0, Sum:  0.0, Workers: 4
[285.587s][debug][gc,phases      ] GC(25)     Dead                           Min: 0, Avg:  0.0, Max: 0, Diff: 0, Sum: 0, Workers: 4
[285.587s][debug][gc,phases      ] GC(25)     Total                          Min: 0, Avg: 221.5, Max: 886, Diff: 886, Sum: 886, Workers: 4
[285.587s][debug][gc,phases      ] GC(25)   ObjectSynchronizer Weak        Min:  0.0, Avg:  0.0, Max:  0.0, Diff:  0.0, Sum:  0.0, Workers: 4
[285.587s][debug][gc,phases      ] GC(25)     Dead                           Min: 0, Avg:  0.0, Max: 0, Diff: 0, Sum: 0, Workers: 4
[285.587s][debug][gc,phases      ] GC(25)     Total                          Min: 0, Avg: 10.5, Max: 42, Diff: 42, Sum: 42, Workers: 4
[285.587s][debug][gc,phases      ] GC(25)   JVMTI Tag Weak OopStorage      Min:  0.0, Avg:  0.0, Max:  0.0, Diff:  0.0, Sum:  0.0, Workers: 4
[285.587s][debug][gc,phases      ] GC(25)     Dead                           Min: 0, Avg:  0.0, Max: 0, Diff: 0, Sum: 0, Workers: 4
[285.587s][debug][gc,phases      ] GC(25)     Total                          Min: 0, Avg:  0.0, Max: 0, Diff: 0, Sum: 0, Workers: 4
[285.587s][debug][gc,phases      ] GC(25)   StringTable Weak               Min:  0.0, Avg:  0.1, Max:  0.3, Diff:  0.3, Sum:  0.3, Workers: 4
[285.587s][debug][gc,phases      ] GC(25)     Dead                           Min: 0, Avg:  0.8, Max: 3, Diff: 3, Sum: 3, Workers: 4
[285.587s][debug][gc,phases      ] GC(25)     Total                          Min: 0, Avg: 10799.2, Max: 43197, Diff: 43197, Sum: 43197, Workers: 4
[285.587s][debug][gc,phases      ] GC(25)   ResolvedMethodTable Weak       Min:  0.0, Avg:  0.0, Max:  0.1, Diff:  0.1, Sum:  0.1, Workers: 4
[285.587s][debug][gc,phases      ] GC(25)     Dead                           Min: 0, Avg:  0.0, Max: 0, Diff: 0, Sum: 0, Workers: 4
[285.587s][debug][gc,phases      ] GC(25)     Total                          Min: 0, Avg: 2296.8, Max: 9187, Diff: 9187, Sum: 9187, Workers: 4
[285.587s][debug][gc,phases      ] GC(25)   JNI Weak                       Min:  0.0, Avg:  0.0, Max:  0.0, Diff:  0.0, Sum:  0.0, Workers: 4
[285.587s][debug][gc,phases      ] GC(25)     Dead                           Min: 0, Avg:  0.0, Max: 0, Diff: 0, Sum: 0, Workers: 4
[285.587s][debug][gc,phases      ] GC(25)     Total                          Min: 0, Avg: 11.5, Max: 46, Diff: 46, Sum: 46, Workers: 4
[285.587s][debug][gc,phases      ] GC(25)   StringDedup Table Weak         Min:  0.0, Avg:  0.0, Max:  0.0, Diff:  0.0, Sum:  0.0, Workers: 4
[285.587s][debug][gc,phases      ] GC(25)     Dead                           Min: 0, Avg:  0.0, Max: 0, Diff: 0, Sum: 0, Workers: 4
[285.587s][debug][gc,phases      ] GC(25)     Total                          Min: 0, Avg:  0.0, Max: 0, Diff: 0, Sum: 0, Workers: 4
[285.587s][debug][gc,phases      ] GC(25)   StringDedup Requests0 Weak     Min:  0.0, Avg:  0.0, Max:  0.0, Diff:  0.0, Sum:  0.0, Workers: 4
[285.587s][debug][gc,phases      ] GC(25)     Dead                           Min: 0, Avg:  0.0, Max: 0, Diff: 0, Sum: 0, Workers: 4
[285.587s][debug][gc,phases      ] GC(25)     Total                          Min: 0, Avg:  0.0, Max: 0, Diff: 0, Sum: 0, Workers: 4
[285.587s][debug][gc,phases      ] GC(25)   StringDedup Requests1 Weak     Min:  0.0, Avg:  0.0, Max:  0.0, Diff:  0.0, Sum:  0.0, Workers: 4
[285.587s][debug][gc,phases      ] GC(25)     Dead                           Min: 0, Avg:  0.0, Max: 0, Diff: 0, Sum: 0, Workers: 4
[285.587s][debug][gc,phases      ] GC(25)     Total                          Min: 0, Avg:  0.0, Max: 0, Diff: 0, Sum: 0, Workers: 4
[285.587s][debug][gc,phases      ] GC(25)   Weak JFR Old Object Samples    Min:  0.0, Avg:  0.0, Max:  0.0, Diff:  0.0, Sum:  0.0, Workers: 4
[285.587s][debug][gc,phases      ] GC(25)     Dead                           Min: 0, Avg:  0.0, Max: 0, Diff: 0, Sum: 0, Workers: 4
[285.587s][debug][gc,phases      ] GC(25)     Total                          Min: 0, Avg:  0.0, Max: 0, Diff: 0, Sum: 0, Workers: 4
[285.587s][debug][gc,phases      ] GC(25) Weak Processing 0.502ms
[285.587s][debug][gc,age         ] GC(25) Desired survivor size 402653184 bytes, new threshold 14 (max threshold 15)
[285.587s][info ][gc,heap        ] GC(25) PSYoungGen: 1347537K(1639424K)->154187K(1703936K) Eden: 1198080K(1198080K)->0K(1287168K) From: 149457K(441344K)->154187K(416768K)
[285.587s][info ][gc,heap        ] GC(25) ParOldGen: 366748K(544768K)->366756K(544768K)
[285.587s][info ][gc,metaspace   ] GC(25) Metaspace: 80955K(82048K)->80955K(82048K) NonClass: 69347K(69888K)->69347K(69888K) Class: 11608K(12160K)->11608K(12160K)
[285.587s][info ][gc             ] GC(25) Pause Young (GCLocker Initiated GC) 1674M->508M(2196M) 61.213ms
[285.587s][info ][gc,cpu         ] GC(25) User=0.21s Sys=0.00s Real=0.07s
[285.587s][info ][safepoint      ] Safepoint "ParallelGCSystemGC", Time since last: 141801 ns, Reaching safepoint: 20500 ns, At safepoint: 61281762 ns, Total: 61302262 ns
[286.587s][info ][safepoint      ] Safepoint "Cleanup", Time since last: 1000096534 ns, Reaching safepoint: 81501 ns, At safepoint: 3200 ns, Total: 84701 ns
[288.588s][info ][safepoint      ] Safepoint "Cleanup", Time since last: 2000191068 ns, Reaching safepoint: 63801 ns, At safepoint: 3700 ns, Total: 67501 ns
[289.588s][info ][safepoint      ] Safepoint "Cleanup", Time since last: 1000123527 ns, Reaching safepoint: 67500 ns, At safepoint: 6800 ns, Total: 74300 ns
[291.588s][info ][safepoint      ] Safepoint "Cleanup", Time since last: 2000168311 ns, Reaching safepoint: 131401 ns, At safepoint: 7800 ns, Total: 139201 ns
[292.588s][info ][safepoint      ] Safepoint "Cleanup", Time since last: 1000098056 ns, Reaching safepoint: 63400 ns, At safepoint: 3700 ns, Total: 67100 ns
[293.589s][info ][safepoint      ] Safepoint "Cleanup", Time since last: 1000114856 ns, Reaching safepoint: 124801 ns, At safepoint: 8300 ns, Total: 133101 ns
[294.589s][info ][safepoint      ] Safepoint "Cleanup", Time since last: 1000121055 ns, Reaching safepoint: 154502 ns, At safepoint: 3700 ns, Total: 158202 ns
[295.589s][info ][safepoint      ] Safepoint "Cleanup", Time since last: 1000115455 ns, Reaching safepoint: 88001 ns, At safepoint: 6900 ns, Total: 94901 ns
[296.832s][info ][safepoint      ] Safepoint "Cleanup", Time since last: 1242833065 ns, Reaching safepoint: 110401 ns, At safepoint: 5500 ns, Total: 115901 ns
[297.832s][info ][safepoint      ] Safepoint "Cleanup", Time since last: 1000107181 ns, Reaching safepoint: 44800 ns, At safepoint: 3500 ns, Total: 48300 ns
[298.832s][info ][safepoint      ] Safepoint "Cleanup", Time since last: 1000109529 ns, Reaching safepoint: 37801 ns, At safepoint: 7900 ns, Total: 45701 ns
[299.832s][info ][safepoint      ] Safepoint "Cleanup", Time since last: 1000097129 ns, Reaching safepoint: 58700 ns, At safepoint: 2900 ns, Total: 61600 ns
[301.627s][info ][safepoint      ] Safepoint "Cleanup", Time since last: 1793973806 ns, Reaching safepoint: 100201 ns, At safepoint: 2800 ns, Total: 103001 ns
[302.627s][info ][safepoint      ] Safepoint "Cleanup", Time since last: 1000114429 ns, Reaching safepoint: 86601 ns, At safepoint: 5000 ns, Total: 91601 ns
[303.627s][info ][safepoint      ] Safepoint "Cleanup", Time since last: 1000108829 ns, Reaching safepoint: 60201 ns, At safepoint: 3200 ns, Total: 63401 ns
[304.627s][info ][safepoint      ] Safepoint "Cleanup", Time since last: 1000078629 ns, Reaching safepoint: 77800 ns, At safepoint: 3400 ns, Total: 81200 ns
[305.627s][info ][safepoint      ] Safepoint "Cleanup", Time since last: 1000111631 ns, Reaching safepoint: 150002 ns, At safepoint: 5200 ns, Total: 155202 ns
[306.628s][info ][safepoint      ] Safepoint "Cleanup", Time since last: 1000134142 ns, Reaching safepoint: 59201 ns, At safepoint: 8100 ns, Total: 67301 ns
[307.628s][info ][safepoint      ] Safepoint "Cleanup", Time since last: 1000124842 ns, Reaching safepoint: 48700 ns, At safepoint: 5100 ns, Total: 53800 ns
[308.329s][info ][safepoint      ] Safepoint "ParallelGCFailedAllocation", Time since last: 700664484 ns, Reaching safepoint: 130601 ns, At safepoint: 16001 ns, Total: 146602 ns
[308.329s][info ][gc,start       ] GC(26) Pause Young (GCLocker Initiated GC)
[308.368s][debug][gc,phases      ] GC(26) Scavenge 38.127ms
[308.368s][debug][gc,ref         ] GC(26) Skipped phase 1 of Reference Processing: no references
[308.368s][debug][gc,ref         ] GC(26) ReferenceProcessor::execute queues: 1, RefProcThreadModel::Single, marks_oops_alive: false
[308.368s][debug][gc,ref         ] GC(26) Skipped phase 3 of Reference Processing: no references
[308.368s][debug][gc,ref         ] GC(26) ReferenceProcessor::execute queues: 1, RefProcThreadModel::Single, marks_oops_alive: false
[308.368s][debug][gc,phases      ] GC(26) Reference Processing 0.150ms
[308.368s][debug][gc,phases      ] GC(26)   VM Weak                        Min:  0.0, Avg:  0.0, Max:  0.0, Diff:  0.0, Sum:  0.0, Workers: 4
[308.368s][debug][gc,phases      ] GC(26)     Dead                           Min: 0, Avg:  0.0, Max: 0, Diff: 0, Sum: 0, Workers: 4
[308.368s][debug][gc,phases      ] GC(26)     Total                          Min: 0, Avg: 222.0, Max: 760, Diff: 760, Sum: 888, Workers: 4
[308.368s][debug][gc,phases      ] GC(26)   ObjectSynchronizer Weak        Min:  0.0, Avg:  0.0, Max:  0.0, Diff:  0.0, Sum:  0.0, Workers: 4
[308.368s][debug][gc,phases      ] GC(26)     Dead                           Min: 0, Avg:  0.0, Max: 0, Diff: 0, Sum: 0, Workers: 4
[308.368s][debug][gc,phases      ] GC(26)     Total                          Min: 0, Avg: 10.5, Max: 42, Diff: 42, Sum: 42, Workers: 4
[308.368s][debug][gc,phases      ] GC(26)   JVMTI Tag Weak OopStorage      Min:  0.0, Avg:  0.0, Max:  0.0, Diff:  0.0, Sum:  0.0, Workers: 4
[308.368s][debug][gc,phases      ] GC(26)     Dead                           Min: 0, Avg:  0.0, Max: 0, Diff: 0, Sum: 0, Workers: 4
[308.368s][debug][gc,phases      ] GC(26)     Total                          Min: 0, Avg:  0.0, Max: 0, Diff: 0, Sum: 0, Workers: 4
[308.368s][debug][gc,phases      ] GC(26)   StringTable Weak               Min:  0.0, Avg:  0.1, Max:  0.1, Diff:  0.1, Sum:  0.4, Workers: 4
[308.368s][debug][gc,phases      ] GC(26)     Dead                           Min: 0, Avg:  0.5, Max: 2, Diff: 2, Sum: 2, Workers: 4
[308.368s][debug][gc,phases      ] GC(26)     Total                          Min: 0, Avg: 10815.0, Max: 16830, Diff: 16830, Sum: 43260, Workers: 4
[308.368s][debug][gc,phases      ] GC(26)   ResolvedMethodTable Weak       Min:  0.0, Avg:  0.0, Max:  0.0, Diff:  0.0, Sum:  0.1, Workers: 4
[308.368s][debug][gc,phases      ] GC(26)     Dead                           Min: 0, Avg:  0.0, Max: 0, Diff: 0, Sum: 0, Workers: 4
[308.368s][debug][gc,phases      ] GC(26)     Total                          Min: 0, Avg: 2306.2, Max: 3529, Diff: 3529, Sum: 9225, Workers: 4
[308.368s][debug][gc,phases      ] GC(26)   JNI Weak                       Min:  0.0, Avg:  0.0, Max:  0.0, Diff:  0.0, Sum:  0.0, Workers: 4
[308.368s][debug][gc,phases      ] GC(26)     Dead                           Min: 0, Avg:  0.0, Max: 0, Diff: 0, Sum: 0, Workers: 4
[308.368s][debug][gc,phases      ] GC(26)     Total                          Min: 0, Avg: 11.5, Max: 46, Diff: 46, Sum: 46, Workers: 4
[308.368s][debug][gc,phases      ] GC(26)   StringDedup Table Weak         Min:  0.0, Avg:  0.0, Max:  0.0, Diff:  0.0, Sum:  0.0, Workers: 4
[308.368s][debug][gc,phases      ] GC(26)     Dead                           Min: 0, Avg:  0.0, Max: 0, Diff: 0, Sum: 0, Workers: 4
[308.368s][debug][gc,phases      ] GC(26)     Total                          Min: 0, Avg:  0.0, Max: 0, Diff: 0, Sum: 0, Workers: 4
[308.368s][debug][gc,phases      ] GC(26)   StringDedup Requests0 Weak     Min:  0.0, Avg:  0.0, Max:  0.0, Diff:  0.0, Sum:  0.0, Workers: 4
[308.368s][debug][gc,phases      ] GC(26)     Dead                           Min: 0, Avg:  0.0, Max: 0, Diff: 0, Sum: 0, Workers: 4
[308.368s][debug][gc,phases      ] GC(26)     Total                          Min: 0, Avg:  0.0, Max: 0, Diff: 0, Sum: 0, Workers: 4
[308.368s][debug][gc,phases      ] GC(26)   StringDedup Requests1 Weak     Min:  0.0, Avg:  0.0, Max:  0.0, Diff:  0.0, Sum:  0.0, Workers: 4
[308.368s][debug][gc,phases      ] GC(26)     Dead                           Min: 0, Avg:  0.0, Max: 0, Diff: 0, Sum: 0, Workers: 4
[308.368s][debug][gc,phases      ] GC(26)     Total                          Min: 0, Avg:  0.0, Max: 0, Diff: 0, Sum: 0, Workers: 4
[308.368s][debug][gc,phases      ] GC(26)   Weak JFR Old Object Samples    Min:  0.0, Avg:  0.0, Max:  0.0, Diff:  0.0, Sum:  0.0, Workers: 4
[308.368s][debug][gc,phases      ] GC(26)     Dead                           Min: 0, Avg:  0.0, Max: 0, Diff: 0, Sum: 0, Workers: 4
[308.368s][debug][gc,phases      ] GC(26)     Total                          Min: 0, Avg:  0.0, Max: 0, Diff: 0, Sum: 0, Workers: 4
[308.368s][debug][gc,phases      ] GC(26) Weak Processing 0.322ms
[308.368s][debug][gc,age         ] GC(26) Desired survivor size 381157376 bytes, new threshold 15 (max threshold 15)
[308.368s][info ][gc,heap        ] GC(26) PSYoungGen: 1441355K(1703936K)->153903K(1680384K) Eden: 1287168K(1287168K)->0K(1287168K) From: 154187K(416768K)->153903K(393216K)
[308.368s][info ][gc,heap        ] GC(26) ParOldGen: 366858K(544768K)->366858K(544768K)
[308.368s][info ][gc,metaspace   ] GC(26) Metaspace: 81079K(82176K)->81079K(82176K) NonClass: 69454K(70016K)->69454K(70016K) Class: 11625K(12160K)->11625K(12160K)
[308.368s][info ][gc             ] GC(26) Pause Young (GCLocker Initiated GC) 1765M->508M(2173M) 38.707ms
[308.368s][info ][gc,cpu         ] GC(26) User=0.13s Sys=0.00s Real=0.04s
[308.368s][info ][safepoint      ] Safepoint "ParallelGCSystemGC", Time since last: 844606 ns, Reaching safepoint: 64100 ns, At safepoint: 38778193 ns, Total: 38842293 ns
[309.368s][info ][safepoint      ] Safepoint "Cleanup", Time since last: 1000090242 ns, Reaching safepoint: 69601 ns, At safepoint: 3600 ns, Total: 73201 ns
[310.369s][info ][safepoint      ] Safepoint "Cleanup", Time since last: 1000109942 ns, Reaching safepoint: 49000 ns, At safepoint: 8600 ns, Total: 57600 ns
[311.369s][info ][safepoint      ] Safepoint "Cleanup", Time since last: 1000098543 ns, Reaching safepoint: 55900 ns, At safepoint: 2600 ns, Total: 58500 ns
[312.369s][info ][safepoint      ] Safepoint "Cleanup", Time since last: 1000103642 ns, Reaching safepoint: 45301 ns, At safepoint: 3700 ns, Total: 49001 ns
[313.369s][info ][safepoint      ] Safepoint "Cleanup", Time since last: 1000110642 ns, Reaching safepoint: 157201 ns, At safepoint: 9000 ns, Total: 166201 ns
[314.369s][info ][safepoint      ] Safepoint "Cleanup", Time since last: 1000108877 ns, Reaching safepoint: 68000 ns, At safepoint: 2700 ns, Total: 70700 ns
[315.370s][info ][safepoint      ] Safepoint "Cleanup", Time since last: 1000109563 ns, Reaching safepoint: 74300 ns, At safepoint: 5000 ns, Total: 79300 ns
[316.370s][info ][safepoint      ] Safepoint "Cleanup", Time since last: 1000118163 ns, Reaching safepoint: 135701 ns, At safepoint: 6100 ns, Total: 141801 ns
[317.418s][info ][safepoint      ] Safepoint "Cleanup", Time since last: 1048509158 ns, Reaching safepoint: 194801 ns, At safepoint: 4900 ns, Total: 199701 ns
[318.565s][info ][gc,start       ] GC(27) Pause Young (Allocation Failure)
[318.618s][debug][gc,phases      ] GC(27) Scavenge 52.698ms
[318.618s][debug][gc,ref         ] GC(27) Skipped phase 1 of Reference Processing: no references
[318.618s][debug][gc,ref         ] GC(27) ReferenceProcessor::execute queues: 1, RefProcThreadModel::Single, marks_oops_alive: false
[318.618s][debug][gc,ref         ] GC(27) Skipped phase 3 of Reference Processing: no references
[318.618s][debug][gc,ref         ] GC(27) ReferenceProcessor::execute queues: 1, RefProcThreadModel::Single, marks_oops_alive: false
[318.618s][debug][gc,phases      ] GC(27) Reference Processing 0.147ms
[318.618s][debug][gc,phases      ] GC(27)   VM Weak                        Min:  0.0, Avg:  0.0, Max:  0.0, Diff:  0.0, Sum:  0.0, Workers: 4
[318.618s][debug][gc,phases      ] GC(27)     Dead                           Min: 0, Avg:  0.0, Max: 0, Diff: 0, Sum: 0, Workers: 4
[318.618s][debug][gc,phases      ] GC(27)     Total                          Min: 0, Avg: 223.2, Max: 893, Diff: 893, Sum: 893, Workers: 4
[318.618s][debug][gc,phases      ] GC(27)   ObjectSynchronizer Weak        Min:  0.0, Avg:  0.0, Max:  0.0, Diff:  0.0, Sum:  0.0, Workers: 4
[318.618s][debug][gc,phases      ] GC(27)     Dead                           Min: 0, Avg:  2.2, Max: 9, Diff: 9, Sum: 9, Workers: 4
[318.618s][debug][gc,phases      ] GC(27)     Total                          Min: 0, Avg: 12.8, Max: 51, Diff: 51, Sum: 51, Workers: 4
[318.618s][debug][gc,phases      ] GC(27)   JVMTI Tag Weak OopStorage      Min:  0.0, Avg:  0.0, Max:  0.0, Diff:  0.0, Sum:  0.0, Workers: 4
[318.618s][debug][gc,phases      ] GC(27)     Dead                           Min: 0, Avg:  0.0, Max: 0, Diff: 0, Sum: 0, Workers: 4
[318.618s][debug][gc,phases      ] GC(27)     Total                          Min: 0, Avg:  0.0, Max: 0, Diff: 0, Sum: 0, Workers: 4
[318.618s][debug][gc,phases      ] GC(27)   StringTable Weak               Min:  0.0, Avg:  0.1, Max:  0.2, Diff:  0.2, Sum:  0.5, Workers: 4
[318.618s][debug][gc,phases      ] GC(27)     Dead                           Min: 0, Avg:  0.5, Max: 1, Diff: 1, Sum: 2, Workers: 4
[318.618s][debug][gc,phases      ] GC(27)     Total                          Min: 0, Avg: 10831.5, Max: 18880, Diff: 18880, Sum: 43326, Workers: 4
[318.618s][debug][gc,phases      ] GC(27)   ResolvedMethodTable Weak       Min:  0.0, Avg:  0.0, Max:  0.0, Diff:  0.0, Sum:  0.1, Workers: 4
[318.618s][debug][gc,phases      ] GC(27)     Dead                           Min: 0, Avg:  0.0, Max: 0, Diff: 0, Sum: 0, Workers: 4
[318.618s][debug][gc,phases      ] GC(27)     Total                          Min: 0, Avg: 2323.0, Max: 4096, Diff: 4096, Sum: 9292, Workers: 4
[318.618s][debug][gc,phases      ] GC(27)   JNI Weak                       Min:  0.0, Avg:  0.0, Max:  0.0, Diff:  0.0, Sum:  0.0, Workers: 4
[318.618s][debug][gc,phases      ] GC(27)     Dead                           Min: 0, Avg:  0.0, Max: 0, Diff: 0, Sum: 0, Workers: 4
[318.618s][debug][gc,phases      ] GC(27)     Total                          Min: 0, Avg: 12.5, Max: 50, Diff: 50, Sum: 50, Workers: 4
[318.618s][debug][gc,phases      ] GC(27)   StringDedup Table Weak         Min:  0.0, Avg:  0.0, Max:  0.0, Diff:  0.0, Sum:  0.0, Workers: 4
[318.618s][debug][gc,phases      ] GC(27)     Dead                           Min: 0, Avg:  0.0, Max: 0, Diff: 0, Sum: 0, Workers: 4
[318.618s][debug][gc,phases      ] GC(27)     Total                          Min: 0, Avg:  0.0, Max: 0, Diff: 0, Sum: 0, Workers: 4
[318.618s][debug][gc,phases      ] GC(27)   StringDedup Requests0 Weak     Min:  0.0, Avg:  0.0, Max:  0.0, Diff:  0.0, Sum:  0.0, Workers: 4
[318.618s][debug][gc,phases      ] GC(27)     Dead                           Min: 0, Avg:  0.0, Max: 0, Diff: 0, Sum: 0, Workers: 4
[318.618s][debug][gc,phases      ] GC(27)     Total                          Min: 0, Avg:  0.0, Max: 0, Diff: 0, Sum: 0, Workers: 4
[318.618s][debug][gc,phases      ] GC(27)   StringDedup Requests1 Weak     Min:  0.0, Avg:  0.0, Max:  0.0, Diff:  0.0, Sum:  0.0, Workers: 4
[318.618s][debug][gc,phases      ] GC(27)     Dead                           Min: 0, Avg:  0.0, Max: 0, Diff: 0, Sum: 0, Workers: 4
[318.618s][debug][gc,phases      ] GC(27)     Total                          Min: 0, Avg:  0.0, Max: 0, Diff: 0, Sum: 0, Workers: 4
[318.618s][debug][gc,phases      ] GC(27)   Weak JFR Old Object Samples    Min:  0.0, Avg:  0.0, Max:  0.0, Diff:  0.0, Sum:  0.0, Workers: 4
[318.618s][debug][gc,phases      ] GC(27)     Dead                           Min: 0, Avg:  0.0, Max: 0, Diff: 0, Sum: 0, Workers: 4
[318.618s][debug][gc,phases      ] GC(27)     Total                          Min: 0, Avg:  0.0, Max: 0, Diff: 0, Sum: 0, Workers: 4
[318.618s][debug][gc,phases      ] GC(27) Weak Processing 0.372ms
[318.618s][debug][gc,age         ] GC(27) Desired survivor size 374865920 bytes, new threshold 15 (max threshold 15)
[318.618s][info ][gc,heap        ] GC(27) PSYoungGen: 1441071K(1680384K)->202651K(1731072K) Eden: 1287168K(1287168K)->0K(1358848K) From: 153903K(393216K)->202651K(372224K)
[318.618s][info ][gc,heap        ] GC(27) ParOldGen: 366860K(544768K)->366868K(544768K)
[318.618s][info ][gc,metaspace   ] GC(27) Metaspace: 81320K(82432K)->81320K(82432K) NonClass: 69669K(70272K)->69669K(70272K) Class: 11650K(12160K)->11650K(12160K)
[318.618s][info ][gc             ] GC(27) Pause Young (Allocation Failure) 1765M->556M(2222M) 53.334ms
[318.618s][info ][gc,cpu         ] GC(27) User=0.18s Sys=0.00s Real=0.06s
[318.618s][info ][safepoint      ] Safepoint "ParallelGCFailedAllocation", Time since last: 1146184955 ns, Reaching safepoint: 177701 ns, At safepoint: 53406736 ns, Total: 53584437 ns
[319.618s][info ][safepoint      ] Safepoint "Cleanup", Time since last: 1000094763 ns, Reaching safepoint: 72500 ns, At safepoint: 4800 ns, Total: 77300 ns
[320.619s][info ][safepoint      ] Safepoint "Cleanup", Time since last: 1000098752 ns, Reaching safepoint: 53600 ns, At safepoint: 2400 ns, Total: 56000 ns
[322.619s][info ][safepoint      ] Safepoint "Cleanup", Time since last: 2000183039 ns, Reaching safepoint: 51900 ns, At safepoint: 5300 ns, Total: 57200 ns
[323.619s][info ][safepoint      ] Safepoint "Cleanup", Time since last: 1000113472 ns, Reaching safepoint: 41101 ns, At safepoint: 4700 ns, Total: 45801 ns
[324.619s][info ][safepoint      ] Safepoint "Cleanup", Time since last: 1000101472 ns, Reaching safepoint: 41100 ns, At safepoint: 5100 ns, Total: 46200 ns
[325.619s][info ][safepoint      ] Safepoint "Cleanup", Time since last: 1000109873 ns, Reaching safepoint: 61600 ns, At safepoint: 2700 ns, Total: 64300 ns
[326.619s][info ][safepoint      ] Safepoint "Cleanup", Time since last: 1000109073 ns, Reaching safepoint: 44400 ns, At safepoint: 4300 ns, Total: 48700 ns
[327.620s][info ][safepoint      ] Safepoint "Cleanup", Time since last: 1000116773 ns, Reaching safepoint: 45600 ns, At safepoint: 3800 ns, Total: 49400 ns
[328.620s][info ][safepoint      ] Safepoint "Cleanup", Time since last: 1000107372 ns, Reaching safepoint: 57801 ns, At safepoint: 5000 ns, Total: 62801 ns
[330.620s][info ][safepoint      ] Safepoint "Cleanup", Time since last: 2000176256 ns, Reaching safepoint: 64001 ns, At safepoint: 4500 ns, Total: 68501 ns
[331.620s][info ][safepoint      ] Safepoint "Cleanup", Time since last: 1000104483 ns, Reaching safepoint: 41100 ns, At safepoint: 2500 ns, Total: 43600 ns
[332.620s][info ][safepoint      ] Safepoint "Cleanup", Time since last: 1000091584 ns, Reaching safepoint: 51200 ns, At safepoint: 2500 ns, Total: 53700 ns
[333.621s][info ][safepoint      ] Safepoint "Cleanup", Time since last: 1000186784 ns, Reaching safepoint: 68501 ns, At safepoint: 4900 ns, Total: 73401 ns
[334.621s][info ][safepoint      ] Safepoint "Cleanup", Time since last: 1000106183 ns, Reaching safepoint: 85301 ns, At safepoint: 6800 ns, Total: 92101 ns
[335.621s][info ][safepoint      ] Safepoint "Cleanup", Time since last: 1000110683 ns, Reaching safepoint: 69501 ns, At safepoint: 2400 ns, Total: 71901 ns
[337.621s][info ][safepoint      ] Safepoint "Cleanup", Time since last: 2000181377 ns, Reaching safepoint: 97800 ns, At safepoint: 6801 ns, Total: 104601 ns
[338.622s][info ][safepoint      ] Safepoint "Cleanup", Time since last: 1000139399 ns, Reaching safepoint: 130801 ns, At safepoint: 8000 ns, Total: 138801 ns
[339.622s][info ][safepoint      ] Safepoint "Cleanup", Time since last: 1000106099 ns, Reaching safepoint: 49300 ns, At safepoint: 10500 ns, Total: 59800 ns
[341.622s][info ][safepoint      ] Safepoint "Cleanup", Time since last: 2000178798 ns, Reaching safepoint: 44601 ns, At safepoint: 3000 ns, Total: 47601 ns
[342.622s][info ][safepoint      ] Safepoint "Cleanup", Time since last: 1000131799 ns, Reaching safepoint: 60200 ns, At safepoint: 2600 ns, Total: 62800 ns
[345.622s][info ][safepoint      ] Safepoint "Cleanup", Time since last: 3000242487 ns, Reaching safepoint: 60801 ns, At safepoint: 3700 ns, Total: 64501 ns
[346.623s][info ][safepoint      ] Safepoint "Cleanup", Time since last: 1000121283 ns, Reaching safepoint: 52500 ns, At safepoint: 3400 ns, Total: 55900 ns
[347.221s][info ][gc,start       ] GC(28) Pause Young (Allocation Failure)
[347.271s][debug][gc,phases      ] GC(28) Scavenge 50.108ms
[347.271s][debug][gc,ref         ] GC(28) Skipped phase 1 of Reference Processing: no references
[347.271s][debug][gc,ref         ] GC(28) ReferenceProcessor::execute queues: 1, RefProcThreadModel::Single, marks_oops_alive: false
[347.272s][debug][gc,ref         ] GC(28) Skipped phase 3 of Reference Processing: no references
[347.272s][debug][gc,ref         ] GC(28) ReferenceProcessor::execute queues: 1, RefProcThreadModel::Single, marks_oops_alive: false
[347.272s][debug][gc,phases      ] GC(28) Reference Processing 0.151ms
[347.272s][debug][gc,phases      ] GC(28)   VM Weak                        Min:  0.0, Avg:  0.0, Max:  0.0, Diff:  0.0, Sum:  0.0, Workers: 4
[347.272s][debug][gc,phases      ] GC(28)     Dead                           Min: 0, Avg:  0.0, Max: 0, Diff: 0, Sum: 0, Workers: 4
[347.272s][debug][gc,phases      ] GC(28)     Total                          Min: 0, Avg: 224.5, Max: 704, Diff: 704, Sum: 898, Workers: 4
[347.272s][debug][gc,phases      ] GC(28)   ObjectSynchronizer Weak        Min:  0.0, Avg:  0.0, Max:  0.0, Diff:  0.0, Sum:  0.0, Workers: 4
[347.272s][debug][gc,phases      ] GC(28)     Dead                           Min: 0, Avg:  0.0, Max: 0, Diff: 0, Sum: 0, Workers: 4
[347.272s][debug][gc,phases      ] GC(28)     Total                          Min: 0, Avg: 12.8, Max: 51, Diff: 51, Sum: 51, Workers: 4
[347.272s][debug][gc,phases      ] GC(28)   JVMTI Tag Weak OopStorage      Min:  0.0, Avg:  0.0, Max:  0.0, Diff:  0.0, Sum:  0.0, Workers: 4
[347.272s][debug][gc,phases      ] GC(28)     Dead                           Min: 0, Avg:  0.0, Max: 0, Diff: 0, Sum: 0, Workers: 4
[347.272s][debug][gc,phases      ] GC(28)     Total                          Min: 0, Avg:  0.0, Max: 0, Diff: 0, Sum: 0, Workers: 4
[347.272s][debug][gc,phases      ] GC(28)   StringTable Weak               Min:  0.0, Avg:  0.1, Max:  0.1, Diff:  0.1, Sum:  0.4, Workers: 4
[347.272s][debug][gc,phases      ] GC(28)     Dead                           Min: 0, Avg:  0.5, Max: 2, Diff: 2, Sum: 2, Workers: 4
[347.272s][debug][gc,phases      ] GC(28)     Total                          Min: 0, Avg: 10834.5, Max: 17931, Diff: 17931, Sum: 43338, Workers: 4
[347.272s][debug][gc,phases      ] GC(28)   ResolvedMethodTable Weak       Min:  0.0, Avg:  0.0, Max:  0.0, Diff:  0.0, Sum:  0.1, Workers: 4
[347.272s][debug][gc,phases      ] GC(28)     Dead                           Min: 0, Avg:  0.0, Max: 0, Diff: 0, Sum: 0, Workers: 4
[347.272s][debug][gc,phases      ] GC(28)     Total                          Min: 0, Avg: 2329.2, Max: 3584, Diff: 3584, Sum: 9317, Workers: 4
[347.272s][debug][gc,phases      ] GC(28)   JNI Weak                       Min:  0.0, Avg:  0.0, Max:  0.0, Diff:  0.0, Sum:  0.0, Workers: 4
[347.272s][debug][gc,phases      ] GC(28)     Dead                           Min: 0, Avg:  0.0, Max: 0, Diff: 0, Sum: 0, Workers: 4
[347.272s][debug][gc,phases      ] GC(28)     Total                          Min: 0, Avg: 11.2, Max: 45, Diff: 45, Sum: 45, Workers: 4
[347.272s][debug][gc,phases      ] GC(28)   StringDedup Table Weak         Min:  0.0, Avg:  0.0, Max:  0.0, Diff:  0.0, Sum:  0.0, Workers: 4
[347.272s][debug][gc,phases      ] GC(28)     Dead                           Min: 0, Avg:  0.0, Max: 0, Diff: 0, Sum: 0, Workers: 4
[347.272s][debug][gc,phases      ] GC(28)     Total                          Min: 0, Avg:  0.0, Max: 0, Diff: 0, Sum: 0, Workers: 4
[347.272s][debug][gc,phases      ] GC(28)   StringDedup Requests0 Weak     Min:  0.0, Avg:  0.0, Max:  0.0, Diff:  0.0, Sum:  0.0, Workers: 4
[347.272s][debug][gc,phases      ] GC(28)     Dead                           Min: 0, Avg:  0.0, Max: 0, Diff: 0, Sum: 0, Workers: 4
[347.272s][debug][gc,phases      ] GC(28)     Total                          Min: 0, Avg:  0.0, Max: 0, Diff: 0, Sum: 0, Workers: 4
[347.272s][debug][gc,phases      ] GC(28)   StringDedup Requests1 Weak     Min:  0.0, Avg:  0.0, Max:  0.0, Diff:  0.0, Sum:  0.0, Workers: 4
[347.272s][debug][gc,phases      ] GC(28)     Dead                           Min: 0, Avg:  0.0, Max: 0, Diff: 0, Sum: 0, Workers: 4
[347.272s][debug][gc,phases      ] GC(28)     Total                          Min: 0, Avg:  0.0, Max: 0, Diff: 0, Sum: 0, Workers: 4
[347.272s][debug][gc,phases      ] GC(28)   Weak JFR Old Object Samples    Min:  0.0, Avg:  0.0, Max:  0.0, Diff:  0.0, Sum:  0.0, Workers: 4
[347.272s][debug][gc,phases      ] GC(28)     Dead                           Min: 0, Avg:  0.0, Max: 0, Diff: 0, Sum: 0, Workers: 4
[347.272s][debug][gc,phases      ] GC(28)     Total                          Min: 0, Avg:  0.0, Max: 0, Diff: 0, Sum: 0, Workers: 4
[347.272s][debug][gc,phases      ] GC(28) Weak Processing 0.330ms
[347.272s][debug][gc,age         ] GC(28) Desired survivor size 364380160 bytes, new threshold 15 (max threshold 15)
[347.272s][info ][gc,heap        ] GC(28) PSYoungGen: 1561499K(1731072K)->192561K(1724928K) Eden: 1358848K(1358848K)->0K(1358848K) From: 202651K(372224K)->192561K(366080K)
[347.272s][info ][gc,heap        ] GC(28) ParOldGen: 366868K(544768K)->377668K(544768K)
[347.272s][info ][gc,metaspace   ] GC(28) Metaspace: 81430K(82560K)->81430K(82560K) NonClass: 69771K(70336K)->69771K(70336K) Class: 11659K(12224K)->11659K(12224K)
[347.272s][info ][gc             ] GC(28) Pause Young (Allocation Failure) 1883M->556M(2216M) 50.719ms
[347.272s][info ][gc,cpu         ] GC(28) User=0.16s Sys=0.00s Real=0.05s
[347.272s][info ][safepoint      ] Safepoint "ParallelGCFailedAllocation", Time since last: 598447938 ns, Reaching safepoint: 108101 ns, At safepoint: 50798385 ns, Total: 50906486 ns
[348.272s][info ][safepoint      ] Safepoint "Cleanup", Time since last: 1000084783 ns, Reaching safepoint: 57300 ns, At safepoint: 5500 ns, Total: 62800 ns
[350.272s][info ][safepoint      ] Safepoint "Cleanup", Time since last: 2000147466 ns, Reaching safepoint: 93101 ns, At safepoint: 5200 ns, Total: 98301 ns
[351.273s][info ][safepoint      ] Safepoint "Cleanup", Time since last: 1000115683 ns, Reaching safepoint: 65401 ns, At safepoint: 5300 ns, Total: 70701 ns
[352.273s][info ][safepoint      ] Safepoint "Cleanup", Time since last: 1000088883 ns, Reaching safepoint: 93401 ns, At safepoint: 6300 ns, Total: 99701 ns
[353.273s][info ][safepoint      ] Safepoint "Cleanup", Time since last: 1000133283 ns, Reaching safepoint: 50400 ns, At safepoint: 4300 ns, Total: 54700 ns
[354.559s][info ][safepoint      ] Safepoint "Cleanup", Time since last: 1286012449 ns, Reaching safepoint: 147202 ns, At safepoint: 5300 ns, Total: 152502 ns
[355.559s][info ][safepoint      ] Safepoint "Cleanup", Time since last: 1000110080 ns, Reaching safepoint: 121701 ns, At safepoint: 6900 ns, Total: 128601 ns
[356.560s][info ][safepoint      ] Safepoint "Cleanup", Time since last: 1000104880 ns, Reaching safepoint: 116100 ns, At safepoint: 8301 ns, Total: 124401 ns
[357.560s][info ][safepoint      ] Safepoint "Cleanup", Time since last: 1000121080 ns, Reaching safepoint: 119001 ns, At safepoint: 7200 ns, Total: 126201 ns
[358.560s][info ][safepoint      ] Safepoint "Cleanup", Time since last: 1000110080 ns, Reaching safepoint: 111900 ns, At safepoint: 6301 ns, Total: 118201 ns
[359.560s][info ][safepoint      ] Safepoint "Cleanup", Time since last: 1000075279 ns, Reaching safepoint: 42401 ns, At safepoint: 2900 ns, Total: 45301 ns
[360.560s][info ][safepoint      ] Safepoint "Cleanup", Time since last: 1000087479 ns, Reaching safepoint: 44501 ns, At safepoint: 3500 ns, Total: 48001 ns
[361.561s][info ][safepoint      ] Safepoint "Cleanup", Time since last: 1000109679 ns, Reaching safepoint: 124801 ns, At safepoint: 7400 ns, Total: 132201 ns
[362.561s][info ][safepoint      ] Safepoint "Cleanup", Time since last: 1000113313 ns, Reaching safepoint: 53200 ns, At safepoint: 4300 ns, Total: 57500 ns
[364.561s][info ][safepoint      ] Safepoint "Cleanup", Time since last: 2000195725 ns, Reaching safepoint: 110400 ns, At safepoint: 9701 ns, Total: 120101 ns
[365.715s][info ][gc,start       ] GC(29) Pause Young (Allocation Failure)
[365.774s][debug][gc,phases      ] GC(29) Scavenge 58.881ms
[365.774s][debug][gc,ref         ] GC(29) Skipped phase 1 of Reference Processing: no references
[365.774s][debug][gc,ref         ] GC(29) ReferenceProcessor::execute queues: 1, RefProcThreadModel::Single, marks_oops_alive: false
[365.774s][debug][gc,ref         ] GC(29) Skipped phase 3 of Reference Processing: no references
[365.774s][debug][gc,ref         ] GC(29) ReferenceProcessor::execute queues: 1, RefProcThreadModel::Single, marks_oops_alive: false
[365.774s][debug][gc,phases      ] GC(29) Reference Processing 0.151ms
[365.774s][debug][gc,phases      ] GC(29)   VM Weak                        Min:  0.0, Avg:  0.0, Max:  0.0, Diff:  0.0, Sum:  0.0, Workers: 4
[365.774s][debug][gc,phases      ] GC(29)     Dead                           Min: 0, Avg:  0.0, Max: 0, Diff: 0, Sum: 0, Workers: 4
[365.774s][debug][gc,phases      ] GC(29)     Total                          Min: 0, Avg: 224.5, Max: 448, Diff: 448, Sum: 898, Workers: 4
[365.774s][debug][gc,phases      ] GC(29)   ObjectSynchronizer Weak        Min:  0.0, Avg:  0.0, Max:  0.0, Diff:  0.0, Sum:  0.0, Workers: 4
[365.774s][debug][gc,phases      ] GC(29)     Dead                           Min: 0, Avg:  0.0, Max: 0, Diff: 0, Sum: 0, Workers: 4
[365.774s][debug][gc,phases      ] GC(29)     Total                          Min: 0, Avg: 12.8, Max: 51, Diff: 51, Sum: 51, Workers: 4
[365.774s][debug][gc,phases      ] GC(29)   JVMTI Tag Weak OopStorage      Min:  0.0, Avg:  0.0, Max:  0.0, Diff:  0.0, Sum:  0.0, Workers: 4
[365.774s][debug][gc,phases      ] GC(29)     Dead                           Min: 0, Avg:  0.0, Max: 0, Diff: 0, Sum: 0, Workers: 4
[365.774s][debug][gc,phases      ] GC(29)     Total                          Min: 0, Avg:  0.0, Max: 0, Diff: 0, Sum: 0, Workers: 4
[365.774s][debug][gc,phases      ] GC(29)   StringTable Weak               Min:  0.0, Avg:  0.1, Max:  0.1, Diff:  0.1, Sum:  0.4, Workers: 4
[365.774s][debug][gc,phases      ] GC(29)     Dead                           Min: 0, Avg:  0.0, Max: 0, Diff: 0, Sum: 0, Workers: 4
[365.774s][debug][gc,phases      ] GC(29)     Total                          Min: 0, Avg: 10837.5, Max: 18175, Diff: 18175, Sum: 43350, Workers: 4
[365.774s][debug][gc,phases      ] GC(29)   ResolvedMethodTable Weak       Min:  0.0, Avg:  0.0, Max:  0.0, Diff:  0.0, Sum:  0.1, Workers: 4
[365.774s][debug][gc,phases      ] GC(29)     Dead                           Min: 0, Avg:  0.0, Max: 0, Diff: 0, Sum: 0, Workers: 4
[365.774s][debug][gc,phases      ] GC(29)     Total                          Min: 0, Avg: 2329.2, Max: 4032, Diff: 4032, Sum: 9317, Workers: 4
[365.774s][debug][gc,phases      ] GC(29)   JNI Weak                       Min:  0.0, Avg:  0.0, Max:  0.0, Diff:  0.0, Sum:  0.0, Workers: 4
[365.774s][debug][gc,phases      ] GC(29)     Dead                           Min: 0, Avg:  0.0, Max: 0, Diff: 0, Sum: 0, Workers: 4
[365.774s][debug][gc,phases      ] GC(29)     Total                          Min: 0, Avg: 11.2, Max: 45, Diff: 45, Sum: 45, Workers: 4
[365.774s][debug][gc,phases      ] GC(29)   StringDedup Table Weak         Min:  0.0, Avg:  0.0, Max:  0.0, Diff:  0.0, Sum:  0.0, Workers: 4
[365.774s][debug][gc,phases      ] GC(29)     Dead                           Min: 0, Avg:  0.0, Max: 0, Diff: 0, Sum: 0, Workers: 4
[365.774s][debug][gc,phases      ] GC(29)     Total                          Min: 0, Avg:  0.0, Max: 0, Diff: 0, Sum: 0, Workers: 4
[365.774s][debug][gc,phases      ] GC(29)   StringDedup Requests0 Weak     Min:  0.0, Avg:  0.0, Max:  0.0, Diff:  0.0, Sum:  0.0, Workers: 4
[365.774s][debug][gc,phases      ] GC(29)     Dead                           Min: 0, Avg:  0.0, Max: 0, Diff: 0, Sum: 0, Workers: 4
[365.774s][debug][gc,phases      ] GC(29)     Total                          Min: 0, Avg:  0.0, Max: 0, Diff: 0, Sum: 0, Workers: 4
[365.774s][debug][gc,phases      ] GC(29)   StringDedup Requests1 Weak     Min:  0.0, Avg:  0.0, Max:  0.0, Diff:  0.0, Sum:  0.0, Workers: 4
[365.774s][debug][gc,phases      ] GC(29)     Dead                           Min: 0, Avg:  0.0, Max: 0, Diff: 0, Sum: 0, Workers: 4
[365.774s][debug][gc,phases      ] GC(29)     Total                          Min: 0, Avg:  0.0, Max: 0, Diff: 0, Sum: 0, Workers: 4
[365.774s][debug][gc,phases      ] GC(29)   Weak JFR Old Object Samples    Min:  0.0, Avg:  0.0, Max:  0.0, Diff:  0.0, Sum:  0.0, Workers: 4
[365.774s][debug][gc,phases      ] GC(29)     Dead                           Min: 0, Avg:  0.0, Max: 0, Diff: 0, Sum: 0, Workers: 4
[365.774s][debug][gc,phases      ] GC(29)     Total                          Min: 0, Avg:  0.0, Max: 0, Diff: 0, Sum: 0, Workers: 4
[365.774s][debug][gc,phases      ] GC(29) Weak Processing 0.348ms
[365.774s][debug][gc,age         ] GC(29) Desired survivor size 350748672 bytes, new threshold 15 (max threshold 15)
[365.774s][info ][gc,heap        ] GC(29) PSYoungGen: 1551409K(1724928K)->184619K(1754624K) Eden: 1358848K(1358848K)->0K(1398784K) From: 192561K(366080K)->184619K(355840K)
[365.774s][info ][gc,heap        ] GC(29) ParOldGen: 377668K(544768K)->421824K(544768K)
[365.774s][info ][gc,metaspace   ] GC(29) Metaspace: 81487K(82624K)->81487K(82624K) NonClass: 69827K(70400K)->69827K(70400K) Class: 11660K(12224K)->11660K(12224K)
[365.774s][info ][gc             ] GC(29) Pause Young (Allocation Failure) 1883M->592M(2245M) 59.492ms
[365.774s][info ][gc,cpu         ] GC(29) User=0.17s Sys=0.05s Real=0.06s
[365.774s][info ][safepoint      ] Safepoint "ParallelGCFailedAllocation", Time since last: 1153534080 ns, Reaching safepoint: 45600 ns, At safepoint: 59562653 ns, Total: 59608253 ns
[369.774s][info ][safepoint      ] Safepoint "Cleanup", Time since last: 4000287189 ns, Reaching safepoint: 45100 ns, At safepoint: 2400 ns, Total: 47500 ns
[370.775s][info ][safepoint      ] Safepoint "Cleanup", Time since last: 1000112603 ns, Reaching safepoint: 51700 ns, At safepoint: 5500 ns, Total: 57200 ns
[371.775s][info ][safepoint      ] Safepoint "Cleanup", Time since last: 1000114703 ns, Reaching safepoint: 57800 ns, At safepoint: 2700 ns, Total: 60500 ns
[372.775s][info ][safepoint      ] Safepoint "Cleanup", Time since last: 1000103202 ns, Reaching safepoint: 45001 ns, At safepoint: 3000 ns, Total: 48001 ns
[373.775s][info ][safepoint      ] Safepoint "Cleanup", Time since last: 1000116302 ns, Reaching safepoint: 48600 ns, At safepoint: 2500 ns, Total: 51100 ns
[374.775s][info ][safepoint      ] Safepoint "Cleanup", Time since last: 1000115403 ns, Reaching safepoint: 37700 ns, At safepoint: 3000 ns, Total: 40700 ns
[375.775s][info ][safepoint      ] Safepoint "Cleanup", Time since last: 1000090402 ns, Reaching safepoint: 46401 ns, At safepoint: 2300 ns, Total: 48701 ns
[377.776s][info ][safepoint      ] Safepoint "Cleanup", Time since last: 2000180196 ns, Reaching safepoint: 52100 ns, At safepoint: 4600 ns, Total: 56700 ns
[379.776s][info ][safepoint      ] Safepoint "Cleanup", Time since last: 2000181824 ns, Reaching safepoint: 56301 ns, At safepoint: 5900 ns, Total: 62201 ns
[381.776s][info ][safepoint      ] Safepoint "Cleanup", Time since last: 2000161924 ns, Reaching safepoint: 57100 ns, At safepoint: 2900 ns, Total: 60000 ns
[382.776s][info ][safepoint      ] Safepoint "Cleanup", Time since last: 1000121763 ns, Reaching safepoint: 57500 ns, At safepoint: 3300 ns, Total: 60800 ns
[383.777s][info ][safepoint      ] Safepoint "Cleanup", Time since last: 1000117062 ns, Reaching safepoint: 71601 ns, At safepoint: 30000 ns, Total: 101601 ns
[384.777s][info ][safepoint      ] Safepoint "Cleanup", Time since last: 1000116662 ns, Reaching safepoint: 44301 ns, At safepoint: 6900 ns, Total: 51201 ns
[385.777s][info ][safepoint      ] Safepoint "Cleanup", Time since last: 1000117136 ns, Reaching safepoint: 81201 ns, At safepoint: 5700 ns, Total: 86901 ns
[386.777s][info ][safepoint      ] Safepoint "Cleanup", Time since last: 1000111333 ns, Reaching safepoint: 51600 ns, At safepoint: 3100 ns, Total: 54700 ns
[388.777s][info ][safepoint      ] Safepoint "Cleanup", Time since last: 2000190266 ns, Reaching safepoint: 53500 ns, At safepoint: 3000 ns, Total: 56500 ns
[389.778s][info ][safepoint      ] Safepoint "Cleanup", Time since last: 1000122434 ns, Reaching safepoint: 47300 ns, At safepoint: 4400 ns, Total: 51700 ns
[390.778s][info ][safepoint      ] Safepoint "Cleanup", Time since last: 1000115933 ns, Reaching safepoint: 54200 ns, At safepoint: 3000 ns, Total: 57200 ns
[391.778s][info ][safepoint      ] Safepoint "Cleanup", Time since last: 1000112234 ns, Reaching safepoint: 48300 ns, At safepoint: 4400 ns, Total: 52700 ns
[392.778s][info ][safepoint      ] Safepoint "Cleanup", Time since last: 1000133733 ns, Reaching safepoint: 39101 ns, At safepoint: 2700 ns, Total: 41801 ns
[393.778s][info ][safepoint      ] Safepoint "Cleanup", Time since last: 1000113195 ns, Reaching safepoint: 46500 ns, At safepoint: 2500 ns, Total: 49000 ns
[394.778s][info ][safepoint      ] Safepoint "Cleanup", Time since last: 1000100348 ns, Reaching safepoint: 51301 ns, At safepoint: 3800 ns, Total: 55101 ns
[395.957s][info ][gc,start       ] GC(30) Pause Young (Allocation Failure)
[396.009s][debug][gc,phases      ] GC(30) Scavenge 51.514ms
[396.009s][debug][gc,ref         ] GC(30) Skipped phase 1 of Reference Processing: no references
[396.009s][debug][gc,ref         ] GC(30) ReferenceProcessor::execute queues: 1, RefProcThreadModel::Single, marks_oops_alive: false
[396.009s][debug][gc,ref         ] GC(30) Skipped phase 3 of Reference Processing: no references
[396.009s][debug][gc,ref         ] GC(30) ReferenceProcessor::execute queues: 1, RefProcThreadModel::Single, marks_oops_alive: false
[396.009s][debug][gc,phases      ] GC(30) Reference Processing 0.148ms
[396.009s][debug][gc,phases      ] GC(30)   VM Weak                        Min:  0.0, Avg:  0.0, Max:  0.0, Diff:  0.0, Sum:  0.0, Workers: 4
[396.009s][debug][gc,phases      ] GC(30)     Dead                           Min: 0, Avg:  0.0, Max: 0, Diff: 0, Sum: 0, Workers: 4
[396.009s][debug][gc,phases      ] GC(30)     Total                          Min: 0, Avg: 226.8, Max: 512, Diff: 512, Sum: 907, Workers: 4
[396.009s][debug][gc,phases      ] GC(30)   ObjectSynchronizer Weak        Min:  0.0, Avg:  0.0, Max:  0.0, Diff:  0.0, Sum:  0.0, Workers: 4
[396.009s][debug][gc,phases      ] GC(30)     Dead                           Min: 0, Avg:  0.0, Max: 0, Diff: 0, Sum: 0, Workers: 4
[396.009s][debug][gc,phases      ] GC(30)     Total                          Min: 0, Avg: 12.8, Max: 51, Diff: 51, Sum: 51, Workers: 4
[396.009s][debug][gc,phases      ] GC(30)   JVMTI Tag Weak OopStorage      Min:  0.0, Avg:  0.0, Max:  0.0, Diff:  0.0, Sum:  0.0, Workers: 4
[396.009s][debug][gc,phases      ] GC(30)     Dead                           Min: 0, Avg:  0.0, Max: 0, Diff: 0, Sum: 0, Workers: 4
[396.009s][debug][gc,phases      ] GC(30)     Total                          Min: 0, Avg:  0.0, Max: 0, Diff: 0, Sum: 0, Workers: 4
[396.009s][debug][gc,phases      ] GC(30)   StringTable Weak               Min:  0.0, Avg:  0.1, Max:  0.1, Diff:  0.1, Sum:  0.4, Workers: 4
[396.009s][debug][gc,phases      ] GC(30)     Dead                           Min: 0, Avg:  0.0, Max: 0, Diff: 0, Sum: 0, Workers: 4
[396.009s][debug][gc,phases      ] GC(30)     Total                          Min: 0, Avg: 10845.0, Max: 18816, Diff: 18816, Sum: 43380, Workers: 4
[396.009s][debug][gc,phases      ] GC(30)   ResolvedMethodTable Weak       Min:  0.0, Avg:  0.0, Max:  0.0, Diff:  0.0, Sum:  0.1, Workers: 4
[396.009s][debug][gc,phases      ] GC(30)     Dead                           Min: 0, Avg:  0.0, Max: 0, Diff: 0, Sum: 0, Workers: 4
[396.009s][debug][gc,phases      ] GC(30)     Total                          Min: 0, Avg: 2338.8, Max: 3904, Diff: 3904, Sum: 9355, Workers: 4
[396.009s][debug][gc,phases      ] GC(30)   JNI Weak                       Min:  0.0, Avg:  0.0, Max:  0.0, Diff:  0.0, Sum:  0.0, Workers: 4
[396.009s][debug][gc,phases      ] GC(30)     Dead                           Min: 0, Avg:  0.0, Max: 0, Diff: 0, Sum: 0, Workers: 4
[396.009s][debug][gc,phases      ] GC(30)     Total                          Min: 0, Avg: 11.2, Max: 45, Diff: 45, Sum: 45, Workers: 4
[396.009s][debug][gc,phases      ] GC(30)   StringDedup Table Weak         Min:  0.0, Avg:  0.0, Max:  0.0, Diff:  0.0, Sum:  0.0, Workers: 4
[396.009s][debug][gc,phases      ] GC(30)     Dead                           Min: 0, Avg:  0.0, Max: 0, Diff: 0, Sum: 0, Workers: 4
[396.009s][debug][gc,phases      ] GC(30)     Total                          Min: 0, Avg:  0.0, Max: 0, Diff: 0, Sum: 0, Workers: 4
[396.009s][debug][gc,phases      ] GC(30)   StringDedup Requests0 Weak     Min:  0.0, Avg:  0.0, Max:  0.0, Diff:  0.0, Sum:  0.0, Workers: 4
[396.009s][debug][gc,phases      ] GC(30)     Dead                           Min: 0, Avg:  0.0, Max: 0, Diff: 0, Sum: 0, Workers: 4
[396.009s][debug][gc,phases      ] GC(30)     Total                          Min: 0, Avg:  0.0, Max: 0, Diff: 0, Sum: 0, Workers: 4
[396.009s][debug][gc,phases      ] GC(30)   StringDedup Requests1 Weak     Min:  0.0, Avg:  0.0, Max:  0.0, Diff:  0.0, Sum:  0.0, Workers: 4
[396.009s][debug][gc,phases      ] GC(30)     Dead                           Min: 0, Avg:  0.0, Max: 0, Diff: 0, Sum: 0, Workers: 4
[396.009s][debug][gc,phases      ] GC(30)     Total                          Min: 0, Avg:  0.0, Max: 0, Diff: 0, Sum: 0, Workers: 4
[396.009s][debug][gc,phases      ] GC(30)   Weak JFR Old Object Samples    Min:  0.0, Avg:  0.0, Max:  0.0, Diff:  0.0, Sum:  0.0, Workers: 4
[396.009s][debug][gc,phases      ] GC(30)     Dead                           Min: 0, Avg:  0.0, Max: 0, Diff: 0, Sum: 0, Workers: 4
[396.009s][debug][gc,phases      ] GC(30)     Total                          Min: 0, Avg:  0.0, Max: 0, Diff: 0, Sum: 0, Workers: 4
[396.009s][debug][gc,phases      ] GC(30) Weak Processing 0.342ms
[396.009s][debug][gc,age         ] GC(30) Desired survivor size 333971456 bytes, new threshold 15 (max threshold 15)
[396.009s][info ][gc,heap        ] GC(30) PSYoungGen: 1583403K(1754624K)->166779K(1741312K) Eden: 1398784K(1398784K)->0K(1398784K) From: 184619K(355840K)->166779K(342528K)
[396.009s][info ][gc,heap        ] GC(30) ParOldGen: 421824K(544768K)->461197K(544768K)
[396.009s][info ][gc,metaspace   ] GC(30) Metaspace: 81587K(82688K)->81587K(82688K) NonClass: 69914K(70464K)->69914K(70464K) Class: 11672K(12224K)->11672K(12224K)
[396.009s][info ][gc             ] GC(30) Pause Young (Allocation Failure) 1958M->613M(2232M) 52.144ms
[396.009s][info ][gc,cpu         ] GC(30) User=0.17s Sys=0.01s Real=0.06s
[396.009s][info ][safepoint      ] Safepoint "ParallelGCFailedAllocation", Time since last: 1178607866 ns, Reaching safepoint: 104101 ns, At safepoint: 52217215 ns, Total: 52321316 ns
[397.009s][info ][safepoint      ] Safepoint "Cleanup", Time since last: 1000091048 ns, Reaching safepoint: 121701 ns, At safepoint: 5200 ns, Total: 126901 ns
[398.010s][info ][safepoint      ] Safepoint "Cleanup", Time since last: 1000099548 ns, Reaching safepoint: 116601 ns, At safepoint: 7600 ns, Total: 124201 ns
[399.010s][info ][safepoint      ] Safepoint "Cleanup", Time since last: 1000121948 ns, Reaching safepoint: 133901 ns, At safepoint: 8800 ns, Total: 142701 ns
[400.010s][info ][safepoint      ] Safepoint "Cleanup", Time since last: 1000113848 ns, Reaching safepoint: 41701 ns, At safepoint: 4700 ns, Total: 46401 ns
[401.010s][info ][safepoint      ] Safepoint "Cleanup", Time since last: 1000102948 ns, Reaching safepoint: 62400 ns, At safepoint: 2700 ns, Total: 65100 ns
[403.011s][info ][safepoint      ] Safepoint "Cleanup", Time since last: 2000172050 ns, Reaching safepoint: 80200 ns, At safepoint: 5200 ns, Total: 85400 ns
[404.011s][info ][safepoint      ] Safepoint "Cleanup", Time since last: 1000103034 ns, Reaching safepoint: 63601 ns, At safepoint: 5100 ns, Total: 68701 ns
[405.011s][info ][safepoint      ] Safepoint "Cleanup", Time since last: 1000108734 ns, Reaching safepoint: 55800 ns, At safepoint: 4300 ns, Total: 60100 ns
[406.011s][info ][safepoint      ] Safepoint "Cleanup", Time since last: 1000127235 ns, Reaching safepoint: 120101 ns, At safepoint: 11500 ns, Total: 131601 ns
[407.011s][info ][safepoint      ] Safepoint "Cleanup", Time since last: 1000115434 ns, Reaching safepoint: 73500 ns, At safepoint: 4301 ns, Total: 77801 ns
[408.012s][info ][safepoint      ] Safepoint "Cleanup", Time since last: 1000126534 ns, Reaching safepoint: 101001 ns, At safepoint: 6500 ns, Total: 107501 ns
[409.012s][info ][safepoint      ] Safepoint "Cleanup", Time since last: 1000096634 ns, Reaching safepoint: 112200 ns, At safepoint: 10901 ns, Total: 123101 ns
[410.012s][info ][safepoint      ] Safepoint "Cleanup", Time since last: 1000111575 ns, Reaching safepoint: 43600 ns, At safepoint: 4700 ns, Total: 48300 ns
[412.012s][info ][safepoint      ] Safepoint "Cleanup", Time since last: 2000182767 ns, Reaching safepoint: 117901 ns, At safepoint: 4600 ns, Total: 122501 ns
[413.012s][info ][safepoint      ] Safepoint "Cleanup", Time since last: 1000060933 ns, Reaching safepoint: 34100 ns, At safepoint: 2500 ns, Total: 36600 ns
[414.013s][info ][safepoint      ] Safepoint "Cleanup", Time since last: 1000097334 ns, Reaching safepoint: 48700 ns, At safepoint: 3100 ns, Total: 51800 ns
[415.013s][info ][safepoint      ] Safepoint "Cleanup", Time since last: 1000108834 ns, Reaching safepoint: 50600 ns, At safepoint: 2400 ns, Total: 53000 ns
[415.108s][info ][gc,start       ] GC(31) Pause Young (Allocation Failure)
[415.156s][debug][gc,phases      ] GC(31) Scavenge 47.924ms
[415.157s][debug][gc,ref         ] GC(31) Skipped phase 1 of Reference Processing: no references
[415.157s][debug][gc,ref         ] GC(31) ReferenceProcessor::execute queues: 1, RefProcThreadModel::Single, marks_oops_alive: false
[415.157s][debug][gc,ref         ] GC(31) Skipped phase 3 of Reference Processing: no references
[415.157s][debug][gc,ref         ] GC(31) ReferenceProcessor::execute queues: 1, RefProcThreadModel::Single, marks_oops_alive: false
[415.157s][debug][gc,phases      ] GC(31) Reference Processing 0.140ms
[415.157s][debug][gc,phases      ] GC(31)   VM Weak                        Min:  0.0, Avg:  0.0, Max:  0.0, Diff:  0.0, Sum:  0.0, Workers: 4
[415.157s][debug][gc,phases      ] GC(31)     Dead                           Min: 0, Avg:  0.0, Max: 0, Diff: 0, Sum: 0, Workers: 4
[415.157s][debug][gc,phases      ] GC(31)     Total                          Min: 0, Avg: 226.8, Max: 843, Diff: 843, Sum: 907, Workers: 4
[415.157s][debug][gc,phases      ] GC(31)   ObjectSynchronizer Weak        Min:  0.0, Avg:  0.0, Max:  0.0, Diff:  0.0, Sum:  0.0, Workers: 4
[415.157s][debug][gc,phases      ] GC(31)     Dead                           Min: 0, Avg:  0.0, Max: 0, Diff: 0, Sum: 0, Workers: 4
[415.157s][debug][gc,phases      ] GC(31)     Total                          Min: 0, Avg: 12.8, Max: 51, Diff: 51, Sum: 51, Workers: 4
[415.157s][debug][gc,phases      ] GC(31)   JVMTI Tag Weak OopStorage      Min:  0.0, Avg:  0.0, Max:  0.0, Diff:  0.0, Sum:  0.0, Workers: 4
[415.157s][debug][gc,phases      ] GC(31)     Dead                           Min: 0, Avg:  0.0, Max: 0, Diff: 0, Sum: 0, Workers: 4
[415.157s][debug][gc,phases      ] GC(31)     Total                          Min: 0, Avg:  0.0, Max: 0, Diff: 0, Sum: 0, Workers: 4
[415.157s][debug][gc,phases      ] GC(31)   StringTable Weak               Min:  0.0, Avg:  0.1, Max:  0.1, Diff:  0.1, Sum:  0.4, Workers: 4
[415.157s][debug][gc,phases      ] GC(31)     Dead                           Min: 0, Avg:  0.0, Max: 0, Diff: 0, Sum: 0, Workers: 4
[415.157s][debug][gc,phases      ] GC(31)     Total                          Min: 0, Avg: 10849.0, Max: 16960, Diff: 16960, Sum: 43396, Workers: 4
[415.157s][debug][gc,phases      ] GC(31)   ResolvedMethodTable Weak       Min:  0.0, Avg:  0.0, Max:  0.0, Diff:  0.0, Sum:  0.1, Workers: 4
[415.157s][debug][gc,phases      ] GC(31)     Dead                           Min: 0, Avg:  0.0, Max: 0, Diff: 0, Sum: 0, Workers: 4
[415.157s][debug][gc,phases      ] GC(31)     Total                          Min: 0, Avg: 2341.0, Max: 3840, Diff: 3840, Sum: 9364, Workers: 4
[415.157s][debug][gc,phases      ] GC(31)   JNI Weak                       Min:  0.0, Avg:  0.0, Max:  0.0, Diff:  0.0, Sum:  0.0, Workers: 4
[415.157s][debug][gc,phases      ] GC(31)     Dead                           Min: 0, Avg:  0.0, Max: 0, Diff: 0, Sum: 0, Workers: 4
[415.157s][debug][gc,phases      ] GC(31)     Total                          Min: 0, Avg: 11.2, Max: 45, Diff: 45, Sum: 45, Workers: 4
[415.157s][debug][gc,phases      ] GC(31)   StringDedup Table Weak         Min:  0.0, Avg:  0.0, Max:  0.0, Diff:  0.0, Sum:  0.0, Workers: 4
[415.157s][debug][gc,phases      ] GC(31)     Dead                           Min: 0, Avg:  0.0, Max: 0, Diff: 0, Sum: 0, Workers: 4
[415.157s][debug][gc,phases      ] GC(31)     Total                          Min: 0, Avg:  0.0, Max: 0, Diff: 0, Sum: 0, Workers: 4
[415.157s][debug][gc,phases      ] GC(31)   StringDedup Requests0 Weak     Min:  0.0, Avg:  0.0, Max:  0.0, Diff:  0.0, Sum:  0.0, Workers: 4
[415.157s][debug][gc,phases      ] GC(31)     Dead                           Min: 0, Avg:  0.0, Max: 0, Diff: 0, Sum: 0, Workers: 4
[415.157s][debug][gc,phases      ] GC(31)     Total                          Min: 0, Avg:  0.0, Max: 0, Diff: 0, Sum: 0, Workers: 4
[415.157s][debug][gc,phases      ] GC(31)   StringDedup Requests1 Weak     Min:  0.0, Avg:  0.0, Max:  0.0, Diff:  0.0, Sum:  0.0, Workers: 4
[415.157s][debug][gc,phases      ] GC(31)     Dead                           Min: 0, Avg:  0.0, Max: 0, Diff: 0, Sum: 0, Workers: 4
[415.157s][debug][gc,phases      ] GC(31)     Total                          Min: 0, Avg:  0.0, Max: 0, Diff: 0, Sum: 0, Workers: 4
[415.157s][debug][gc,phases      ] GC(31)   Weak JFR Old Object Samples    Min:  0.0, Avg:  0.0, Max:  0.0, Diff:  0.0, Sum:  0.0, Workers: 4
[415.157s][debug][gc,phases      ] GC(31)     Dead                           Min: 0, Avg:  0.0, Max: 0, Diff: 0, Sum: 0, Workers: 4
[415.157s][debug][gc,phases      ] GC(31)     Total                          Min: 0, Avg:  0.0, Max: 0, Diff: 0, Sum: 0, Workers: 4
[415.157s][debug][gc,phases      ] GC(31) Weak Processing 0.338ms
[415.157s][debug][gc,age         ] GC(31) Desired survivor size 324534272 bytes, new threshold 15 (max threshold 15)
[415.157s][info ][gc,heap        ] GC(31) PSYoungGen: 1565563K(1741312K)->187595K(1780224K) Eden: 1398784K(1398784K)->0K(1454080K) From: 166779K(342528K)->187595K(326144K)
[415.157s][info ][gc,heap        ] GC(31) ParOldGen: 461197K(544768K)->461602K(544768K)
[415.157s][info ][gc,metaspace   ] GC(31) Metaspace: 81649K(82752K)->81649K(82752K) NonClass: 69972K(70528K)->69972K(70528K) Class: 11677K(12224K)->11677K(12224K)
[415.157s][info ][gc             ] GC(31) Pause Young (Allocation Failure) 1979M->633M(2270M) 48.535ms
[415.157s][info ][gc,cpu         ] GC(31) User=0.16s Sys=0.00s Real=0.04s
[415.157s][info ][safepoint      ] Safepoint "ParallelGCFailedAllocation", Time since last: 95730241 ns, Reaching safepoint: 46400 ns, At safepoint: 48604176 ns, Total: 48650576 ns
[416.157s][info ][safepoint      ] Safepoint "Cleanup", Time since last: 1000079133 ns, Reaching safepoint: 125501 ns, At safepoint: 6500 ns, Total: 132001 ns
[417.158s][info ][safepoint      ] Safepoint "Cleanup", Time since last: 1000128934 ns, Reaching safepoint: 129401 ns, At safepoint: 10300 ns, Total: 139701 ns
[418.660s][info ][safepoint      ] Safepoint "Cleanup", Time since last: 1502001047 ns, Reaching safepoint: 180902 ns, At safepoint: 7200 ns, Total: 188102 ns
[419.660s][info ][safepoint      ] Safepoint "Cleanup", Time since last: 1000123353 ns, Reaching safepoint: 143701 ns, At safepoint: 7600 ns, Total: 151301 ns
[420.660s][info ][safepoint      ] Safepoint "Cleanup", Time since last: 1000112253 ns, Reaching safepoint: 182902 ns, At safepoint: 7100 ns, Total: 190002 ns
[421.661s][info ][safepoint      ] Safepoint "Cleanup", Time since last: 1000140777 ns, Reaching safepoint: 115101 ns, At safepoint: 9500 ns, Total: 124601 ns
[422.661s][info ][safepoint      ] Safepoint "Cleanup", Time since last: 1000120481 ns, Reaching safepoint: 149001 ns, At safepoint: 5300 ns, Total: 154301 ns
[423.661s][info ][safepoint      ] Safepoint "Cleanup", Time since last: 1000120681 ns, Reaching safepoint: 123701 ns, At safepoint: 8100 ns, Total: 131801 ns
[424.661s][info ][safepoint      ] Safepoint "Cleanup", Time since last: 1000172682 ns, Reaching safepoint: 143001 ns, At safepoint: 29000 ns, Total: 172001 ns
[425.662s][info ][safepoint      ] Safepoint "Cleanup", Time since last: 1000105883 ns, Reaching safepoint: 45900 ns, At safepoint: 8700 ns, Total: 54600 ns
[426.662s][info ][safepoint      ] Safepoint "Cleanup", Time since last: 1000108720 ns, Reaching safepoint: 51300 ns, At safepoint: 2700 ns, Total: 54000 ns
[427.662s][info ][safepoint      ] Safepoint "Cleanup", Time since last: 1000105420 ns, Reaching safepoint: 37400 ns, At safepoint: 2300 ns, Total: 39700 ns
[428.662s][info ][safepoint      ] Safepoint "Cleanup", Time since last: 1000130320 ns, Reaching safepoint: 46600 ns, At safepoint: 2500 ns, Total: 49100 ns
[429.662s][info ][safepoint      ] Safepoint "Cleanup", Time since last: 1000105719 ns, Reaching safepoint: 63201 ns, At safepoint: 7700 ns, Total: 70901 ns
[430.662s][info ][safepoint      ] Safepoint "Cleanup", Time since last: 1000110120 ns, Reaching safepoint: 51800 ns, At safepoint: 2500 ns, Total: 54300 ns
[431.663s][info ][safepoint      ] Safepoint "Cleanup", Time since last: 1000120420 ns, Reaching safepoint: 62300 ns, At safepoint: 5400 ns, Total: 67700 ns
[432.663s][info ][safepoint      ] Safepoint "Cleanup", Time since last: 1000132120 ns, Reaching safepoint: 44700 ns, At safepoint: 3100 ns, Total: 47800 ns
[433.663s][info ][safepoint      ] Safepoint "Cleanup", Time since last: 1000108025 ns, Reaching safepoint: 49600 ns, At safepoint: 2800 ns, Total: 52400 ns
[435.663s][info ][safepoint      ] Safepoint "Cleanup", Time since last: 2000153970 ns, Reaching safepoint: 46400 ns, At safepoint: 24201 ns, Total: 70601 ns
[436.663s][info ][safepoint      ] Safepoint "Cleanup", Time since last: 1000087234 ns, Reaching safepoint: 62001 ns, At safepoint: 2100 ns, Total: 64101 ns
[437.663s][info ][safepoint      ] Safepoint "Cleanup", Time since last: 1000059534 ns, Reaching safepoint: 49301 ns, At safepoint: 7500 ns, Total: 56801 ns
[438.664s][info ][safepoint      ] Safepoint "Cleanup", Time since last: 1000113435 ns, Reaching safepoint: 69800 ns, At safepoint: 5201 ns, Total: 75001 ns
[439.664s][info ][safepoint      ] Safepoint "Cleanup", Time since last: 1000109935 ns, Reaching safepoint: 38500 ns, At safepoint: 2600 ns, Total: 41100 ns
[440.664s][info ][safepoint      ] Safepoint "Cleanup", Time since last: 1000106235 ns, Reaching safepoint: 47900 ns, At safepoint: 2300 ns, Total: 50200 ns
[442.664s][info ][safepoint      ] Safepoint "Cleanup", Time since last: 2000180600 ns, Reaching safepoint: 73900 ns, At safepoint: 5900 ns, Total: 79800 ns
[443.664s][info ][safepoint      ] Safepoint "Cleanup", Time since last: 1000114568 ns, Reaching safepoint: 42600 ns, At safepoint: 3200 ns, Total: 45800 ns
[444.665s][info ][safepoint      ] Safepoint "Cleanup", Time since last: 1000107068 ns, Reaching safepoint: 45100 ns, At safepoint: 2500 ns, Total: 47600 ns
[447.665s][info ][safepoint      ] Safepoint "Cleanup", Time since last: 3000274402 ns, Reaching safepoint: 49101 ns, At safepoint: 3200 ns, Total: 52301 ns
[448.665s][info ][safepoint      ] Safepoint "Cleanup", Time since last: 1000086267 ns, Reaching safepoint: 49900 ns, At safepoint: 3100 ns, Total: 53000 ns
[449.665s][info ][safepoint      ] Safepoint "Cleanup", Time since last: 1000107368 ns, Reaching safepoint: 43300 ns, At safepoint: 3600 ns, Total: 46900 ns
[450.665s][info ][safepoint      ] Safepoint "Cleanup", Time since last: 1000108154 ns, Reaching safepoint: 113801 ns, At safepoint: 6600 ns, Total: 120401 ns
[450.705s][info ][gc,start       ] GC(32) Pause Young (Allocation Failure)
[450.763s][debug][gc,phases      ] GC(32) Scavenge 57.898ms
[450.763s][debug][gc,ref         ] GC(32) Skipped phase 1 of Reference Processing: no references
[450.763s][debug][gc,ref         ] GC(32) ReferenceProcessor::execute queues: 1, RefProcThreadModel::Single, marks_oops_alive: false
[450.763s][debug][gc,ref         ] GC(32) Skipped phase 3 of Reference Processing: no references
[450.763s][debug][gc,ref         ] GC(32) ReferenceProcessor::execute queues: 1, RefProcThreadModel::Single, marks_oops_alive: false
[450.763s][debug][gc,phases      ] GC(32) Reference Processing 0.145ms
[450.763s][debug][gc,phases      ] GC(32)   VM Weak                        Min:  0.0, Avg:  0.0, Max:  0.0, Diff:  0.0, Sum:  0.0, Workers: 4
[450.763s][debug][gc,phases      ] GC(32)     Dead                           Min: 0, Avg:  0.0, Max: 0, Diff: 0, Sum: 0, Workers: 4
[450.763s][debug][gc,phases      ] GC(32)     Total                          Min: 64, Avg: 226.8, Max: 459, Diff: 395, Sum: 907, Workers: 4
[450.763s][debug][gc,phases      ] GC(32)   ObjectSynchronizer Weak        Min:  0.0, Avg:  0.0, Max:  0.0, Diff:  0.0, Sum:  0.0, Workers: 4
[450.763s][debug][gc,phases      ] GC(32)     Dead                           Min: 0, Avg:  0.0, Max: 0, Diff: 0, Sum: 0, Workers: 4
[450.763s][debug][gc,phases      ] GC(32)     Total                          Min: 0, Avg: 12.8, Max: 51, Diff: 51, Sum: 51, Workers: 4
[450.763s][debug][gc,phases      ] GC(32)   JVMTI Tag Weak OopStorage      Min:  0.0, Avg:  0.0, Max:  0.0, Diff:  0.0, Sum:  0.0, Workers: 4
[450.763s][debug][gc,phases      ] GC(32)     Dead                           Min: 0, Avg:  0.0, Max: 0, Diff: 0, Sum: 0, Workers: 4
[450.763s][debug][gc,phases      ] GC(32)     Total                          Min: 0, Avg:  0.0, Max: 0, Diff: 0, Sum: 0, Workers: 4
[450.763s][debug][gc,phases      ] GC(32)   StringTable Weak               Min:  0.1, Avg:  0.1, Max:  0.1, Diff:  0.0, Sum:  0.4, Workers: 4
[450.763s][debug][gc,phases      ] GC(32)     Dead                           Min: 0, Avg:  0.2, Max: 1, Diff: 1, Sum: 1, Workers: 4
[450.763s][debug][gc,phases      ] GC(32)     Total                          Min: 10304, Avg: 10867.2, Max: 11264, Diff: 960, Sum: 43469, Workers: 4
[450.763s][debug][gc,phases      ] GC(32)   ResolvedMethodTable Weak       Min:  0.0, Avg:  0.0, Max:  0.0, Diff:  0.0, Sum:  0.1, Workers: 4
[450.763s][debug][gc,phases      ] GC(32)     Dead                           Min: 0, Avg:  0.0, Max: 0, Diff: 0, Sum: 0, Workers: 4
[450.763s][debug][gc,phases      ] GC(32)     Total                          Min: 2176, Avg: 2350.5, Max: 2560, Diff: 384, Sum: 9402, Workers: 4
[450.763s][debug][gc,phases      ] GC(32)   JNI Weak                       Min:  0.0, Avg:  0.0, Max:  0.0, Diff:  0.0, Sum:  0.0, Workers: 4
[450.763s][debug][gc,phases      ] GC(32)     Dead                           Min: 0, Avg:  0.0, Max: 0, Diff: 0, Sum: 0, Workers: 4
[450.763s][debug][gc,phases      ] GC(32)     Total                          Min: 0, Avg: 11.2, Max: 45, Diff: 45, Sum: 45, Workers: 4
[450.763s][debug][gc,phases      ] GC(32)   StringDedup Table Weak         Min:  0.0, Avg:  0.0, Max:  0.0, Diff:  0.0, Sum:  0.0, Workers: 4
[450.763s][debug][gc,phases      ] GC(32)     Dead                           Min: 0, Avg:  0.0, Max: 0, Diff: 0, Sum: 0, Workers: 4
[450.763s][debug][gc,phases      ] GC(32)     Total                          Min: 0, Avg:  0.0, Max: 0, Diff: 0, Sum: 0, Workers: 4
[450.763s][debug][gc,phases      ] GC(32)   StringDedup Requests0 Weak     Min:  0.0, Avg:  0.0, Max:  0.0, Diff:  0.0, Sum:  0.0, Workers: 4
[450.763s][debug][gc,phases      ] GC(32)     Dead                           Min: 0, Avg:  0.0, Max: 0, Diff: 0, Sum: 0, Workers: 4
[450.763s][debug][gc,phases      ] GC(32)     Total                          Min: 0, Avg:  0.0, Max: 0, Diff: 0, Sum: 0, Workers: 4
[450.763s][debug][gc,phases      ] GC(32)   StringDedup Requests1 Weak     Min:  0.0, Avg:  0.0, Max:  0.0, Diff:  0.0, Sum:  0.0, Workers: 4
[450.763s][debug][gc,phases      ] GC(32)     Dead                           Min: 0, Avg:  0.0, Max: 0, Diff: 0, Sum: 0, Workers: 4
[450.763s][debug][gc,phases      ] GC(32)     Total                          Min: 0, Avg:  0.0, Max: 0, Diff: 0, Sum: 0, Workers: 4
[450.763s][debug][gc,phases      ] GC(32)   Weak JFR Old Object Samples    Min:  0.0, Avg:  0.0, Max:  0.0, Diff:  0.0, Sum:  0.0, Workers: 4
[450.763s][debug][gc,phases      ] GC(32)     Dead                           Min: 0, Avg:  0.0, Max: 0, Diff: 0, Sum: 0, Workers: 4
[450.763s][debug][gc,phases      ] GC(32)     Total                          Min: 0, Avg:  0.0, Max: 0, Diff: 0, Sum: 0, Workers: 4
[450.763s][debug][gc,phases      ] GC(32) Weak Processing 0.313ms
[450.763s][debug][gc,age         ] GC(32) Desired survivor size 334495744 bytes, new threshold 15 (max threshold 15)
[450.763s][info ][gc,heap        ] GC(32) PSYoungGen: 1641675K(1780224K)->236987K(1691136K) Eden: 1454080K(1454080K)->0K(1454080K) From: 187595K(326144K)->236987K(237056K)
[450.763s][info ][gc,heap        ] GC(32) ParOldGen: 461602K(544768K)->461930K(544768K)
[450.763s][info ][gc,metaspace   ] GC(32) Metaspace: 81725K(82816K)->81725K(82816K) NonClass: 70032K(70592K)->70032K(70592K) Class: 11692K(12224K)->11692K(12224K)
[450.763s][info ][gc             ] GC(32) Pause Young (Allocation Failure) 2053M->682M(2183M) 58.502ms
[450.763s][info ][gc,cpu         ] GC(32) User=0.21s Sys=0.00s Real=0.06s
[450.763s][info ][safepoint      ] Safepoint "ParallelGCFailedAllocation", Time since last: 39175904 ns, Reaching safepoint: 64400 ns, At safepoint: 58576255 ns, Total: 58640655 ns
[451.763s][info ][safepoint      ] Safepoint "Cleanup", Time since last: 1000085054 ns, Reaching safepoint: 42200 ns, At safepoint: 2400 ns, Total: 44600 ns
[452.763s][info ][safepoint      ] Safepoint "Cleanup", Time since last: 1000074154 ns, Reaching safepoint: 55501 ns, At safepoint: 5800 ns, Total: 61301 ns
[456.764s][info ][safepoint      ] Safepoint "Cleanup", Time since last: 4000347817 ns, Reaching safepoint: 55300 ns, At safepoint: 3000 ns, Total: 58300 ns
[458.764s][info ][safepoint      ] Safepoint "Cleanup", Time since last: 2000187457 ns, Reaching safepoint: 53900 ns, At safepoint: 4300 ns, Total: 58200 ns
[461.764s][info ][safepoint      ] Safepoint "Cleanup", Time since last: 3000202157 ns, Reaching safepoint: 36300 ns, At safepoint: 4200 ns, Total: 40500 ns
[462.765s][info ][safepoint      ] Safepoint "Cleanup", Time since last: 1000102186 ns, Reaching safepoint: 49700 ns, At safepoint: 6300 ns, Total: 56000 ns
[464.765s][info ][safepoint      ] Safepoint "Cleanup", Time since last: 2000163271 ns, Reaching safepoint: 43201 ns, At safepoint: 2600 ns, Total: 45801 ns
[466.765s][info ][safepoint      ] Safepoint "Cleanup", Time since last: 2000165028 ns, Reaching safepoint: 108501 ns, At safepoint: 7700 ns, Total: 116201 ns
[468.765s][info ][safepoint      ] Safepoint "Cleanup", Time since last: 2000175917 ns, Reaching safepoint: 48700 ns, At safepoint: 2900 ns, Total: 51600 ns
[469.765s][info ][safepoint      ] Safepoint "Cleanup", Time since last: 1000114359 ns, Reaching safepoint: 45400 ns, At safepoint: 4800 ns, Total: 50200 ns
[470.766s][info ][safepoint      ] Safepoint "Cleanup", Time since last: 1000101558 ns, Reaching safepoint: 44401 ns, At safepoint: 3000 ns, Total: 47401 ns
[474.766s][info ][safepoint      ] Safepoint "Cleanup", Time since last: 4000274772 ns, Reaching safepoint: 46300 ns, At safepoint: 4200 ns, Total: 50500 ns
[476.766s][info ][safepoint      ] Safepoint "Cleanup", Time since last: 2000166087 ns, Reaching safepoint: 47401 ns, At safepoint: 3200 ns, Total: 50601 ns
[483.767s][info ][safepoint      ] Safepoint "Cleanup", Time since last: 7000556415 ns, Reaching safepoint: 45600 ns, At safepoint: 2200 ns, Total: 47800 ns
[484.160s][info ][gc,start       ] GC(33) Pause Young (Allocation Failure)
[484.210s][debug][gc,phases      ] GC(33) Scavenge 50.114ms
[484.210s][debug][gc,ref         ] GC(33) Skipped phase 1 of Reference Processing: no references
[484.210s][debug][gc,ref         ] GC(33) ReferenceProcessor::execute queues: 1, RefProcThreadModel::Single, marks_oops_alive: false
[484.210s][debug][gc,ref         ] GC(33) Skipped phase 3 of Reference Processing: no references
[484.210s][debug][gc,ref         ] GC(33) ReferenceProcessor::execute queues: 1, RefProcThreadModel::Single, marks_oops_alive: false
[484.210s][debug][gc,phases      ] GC(33) Reference Processing 0.149ms
[484.210s][debug][gc,phases      ] GC(33)   VM Weak                        Min:  0.0, Avg:  0.0, Max:  0.0, Diff:  0.0, Sum:  0.0, Workers: 4
[484.210s][debug][gc,phases      ] GC(33)     Dead                           Min: 0, Avg:  0.0, Max: 0, Diff: 0, Sum: 0, Workers: 4
[484.210s][debug][gc,phases      ] GC(33)     Total                          Min: 0, Avg: 226.8, Max: 523, Diff: 523, Sum: 907, Workers: 4
[484.210s][debug][gc,phases      ] GC(33)   ObjectSynchronizer Weak        Min:  0.0, Avg:  0.0, Max:  0.0, Diff:  0.0, Sum:  0.0, Workers: 4
[484.210s][debug][gc,phases      ] GC(33)     Dead                           Min: 0, Avg:  0.0, Max: 0, Diff: 0, Sum: 0, Workers: 4
[484.210s][debug][gc,phases      ] GC(33)     Total                          Min: 0, Avg: 12.8, Max: 51, Diff: 51, Sum: 51, Workers: 4
[484.210s][debug][gc,phases      ] GC(33)   JVMTI Tag Weak OopStorage      Min:  0.0, Avg:  0.0, Max:  0.0, Diff:  0.0, Sum:  0.0, Workers: 4
[484.210s][debug][gc,phases      ] GC(33)     Dead                           Min: 0, Avg:  0.0, Max: 0, Diff: 0, Sum: 0, Workers: 4
[484.210s][debug][gc,phases      ] GC(33)     Total                          Min: 0, Avg:  0.0, Max: 0, Diff: 0, Sum: 0, Workers: 4
[484.210s][debug][gc,phases      ] GC(33)   StringTable Weak               Min:  0.0, Avg:  0.1, Max:  0.1, Diff:  0.1, Sum:  0.4, Workers: 4
[484.210s][debug][gc,phases      ] GC(33)     Dead                           Min: 0, Avg:  0.2, Max: 1, Diff: 1, Sum: 1, Workers: 4
[484.210s][debug][gc,phases      ] GC(33)     Total                          Min: 0, Avg: 10870.0, Max: 17088, Diff: 17088, Sum: 43480, Workers: 4
[484.210s][debug][gc,phases      ] GC(33)   ResolvedMethodTable Weak       Min:  0.0, Avg:  0.0, Max:  0.0, Diff:  0.0, Sum:  0.1, Workers: 4
[484.210s][debug][gc,phases      ] GC(33)     Dead                           Min: 0, Avg:  0.0, Max: 0, Diff: 0, Sum: 0, Workers: 4
[484.210s][debug][gc,phases      ] GC(33)     Total                          Min: 0, Avg: 2350.8, Max: 4032, Diff: 4032, Sum: 9403, Workers: 4
[484.210s][debug][gc,phases      ] GC(33)   JNI Weak                       Min:  0.0, Avg:  0.0, Max:  0.0, Diff:  0.0, Sum:  0.0, Workers: 4
[484.210s][debug][gc,phases      ] GC(33)     Dead                           Min: 0, Avg:  0.0, Max: 0, Diff: 0, Sum: 0, Workers: 4
[484.210s][debug][gc,phases      ] GC(33)     Total                          Min: 0, Avg: 11.2, Max: 45, Diff: 45, Sum: 45, Workers: 4
[484.210s][debug][gc,phases      ] GC(33)   StringDedup Table Weak         Min:  0.0, Avg:  0.0, Max:  0.0, Diff:  0.0, Sum:  0.0, Workers: 4
[484.210s][debug][gc,phases      ] GC(33)     Dead                           Min: 0, Avg:  0.0, Max: 0, Diff: 0, Sum: 0, Workers: 4
[484.210s][debug][gc,phases      ] GC(33)     Total                          Min: 0, Avg:  0.0, Max: 0, Diff: 0, Sum: 0, Workers: 4
[484.210s][debug][gc,phases      ] GC(33)   StringDedup Requests0 Weak     Min:  0.0, Avg:  0.0, Max:  0.0, Diff:  0.0, Sum:  0.0, Workers: 4
[484.210s][debug][gc,phases      ] GC(33)     Dead                           Min: 0, Avg:  0.0, Max: 0, Diff: 0, Sum: 0, Workers: 4
[484.210s][debug][gc,phases      ] GC(33)     Total                          Min: 0, Avg:  0.0, Max: 0, Diff: 0, Sum: 0, Workers: 4
[484.210s][debug][gc,phases      ] GC(33)   StringDedup Requests1 Weak     Min:  0.0, Avg:  0.0, Max:  0.0, Diff:  0.0, Sum:  0.0, Workers: 4
[484.210s][debug][gc,phases      ] GC(33)     Dead                           Min: 0, Avg:  0.0, Max: 0, Diff: 0, Sum: 0, Workers: 4
[484.210s][debug][gc,phases      ] GC(33)     Total                          Min: 0, Avg:  0.0, Max: 0, Diff: 0, Sum: 0, Workers: 4
[484.210s][debug][gc,phases      ] GC(33)   Weak JFR Old Object Samples    Min:  0.0, Avg:  0.0, Max:  0.0, Diff:  0.0, Sum:  0.0, Workers: 4
[484.210s][debug][gc,phases      ] GC(33)     Dead                           Min: 0, Avg:  0.0, Max: 0, Diff: 0, Sum: 0, Workers: 4
[484.210s][debug][gc,phases      ] GC(33)     Total                          Min: 0, Avg:  0.0, Max: 0, Diff: 0, Sum: 0, Workers: 4
[484.210s][debug][gc,phases      ] GC(33) Weak Processing 0.337ms
[484.210s][debug][gc,age         ] GC(33) Desired survivor size 329252864 bytes, new threshold 15 (max threshold 15)
[484.210s][info ][gc,heap        ] GC(33) PSYoungGen: 1691067K(1691136K)->205515K(1775616K) Eden: 1454080K(1454080K)->0K(1448960K) From: 236987K(237056K)->205515K(326656K)
[484.210s][info ][gc,heap        ] GC(33) ParOldGen: 461930K(544768K)->462450K(544768K)
[484.210s][info ][gc,metaspace   ] GC(33) Metaspace: 81755K(82880K)->81755K(82880K) NonClass: 70061K(70656K)->70061K(70656K) Class: 11694K(12224K)->11694K(12224K)
[484.211s][info ][gc             ] GC(33) Pause Young (Allocation Failure) 2102M->652M(2266M) 50.771ms
[484.211s][info ][gc,cpu         ] GC(33) User=0.17s Sys=0.00s Real=0.05s
[484.211s][info ][safepoint      ] Safepoint "ParallelGCFailedAllocation", Time since last: 392944555 ns, Reaching safepoint: 39200 ns, At safepoint: 50888096 ns, Total: 50927296 ns
[486.211s][info ][safepoint      ] Safepoint "Cleanup", Time since last: 2000158749 ns, Reaching safepoint: 106301 ns, At safepoint: 6300 ns, Total: 112601 ns
[487.664s][info ][safepoint      ] Safepoint "Cleanup", Time since last: 1453538700 ns, Reaching safepoint: 58900 ns, At safepoint: 2700 ns, Total: 61600 ns
[489.665s][info ][safepoint      ] Safepoint "Cleanup", Time since last: 2000170150 ns, Reaching safepoint: 44800 ns, At safepoint: 2700 ns, Total: 47500 ns
[497.665s][info ][safepoint      ] Safepoint "Cleanup", Time since last: 8000521437 ns, Reaching safepoint: 42700 ns, At safepoint: 6200 ns, Total: 48900 ns
[498.665s][info ][safepoint      ] Safepoint "Cleanup", Time since last: 1000095727 ns, Reaching safepoint: 45801 ns, At safepoint: 3900 ns, Total: 49701 ns
[502.666s][info ][safepoint      ] Safepoint "Cleanup", Time since last: 4000297409 ns, Reaching safepoint: 38100 ns, At safepoint: 2900 ns, Total: 41000 ns
[503.666s][info ][safepoint      ] Safepoint "Cleanup", Time since last: 1000103628 ns, Reaching safepoint: 92300 ns, At safepoint: 4000 ns, Total: 96300 ns
[504.666s][info ][safepoint      ] Safepoint "Cleanup", Time since last: 1000093428 ns, Reaching safepoint: 71300 ns, At safepoint: 2600 ns, Total: 73900 ns
[505.666s][info ][safepoint      ] Safepoint "Cleanup", Time since last: 1000108528 ns, Reaching safepoint: 67400 ns, At safepoint: 7101 ns, Total: 74501 ns
[509.667s][info ][safepoint      ] Safepoint "Cleanup", Time since last: 4000307226 ns, Reaching safepoint: 60300 ns, At safepoint: 6300 ns, Total: 66600 ns
[511.667s][info ][safepoint      ] Safepoint "Cleanup", Time since last: 2000180763 ns, Reaching safepoint: 52100 ns, At safepoint: 33501 ns, Total: 85601 ns
[514.667s][info ][safepoint      ] Safepoint "Cleanup", Time since last: 3000238229 ns, Reaching safepoint: 47600 ns, At safepoint: 2900 ns, Total: 50500 ns
[517.008s][info ][safepoint      ] Safepoint "ParallelGCFailedAllocation", Time since last: 2341008918 ns, Reaching safepoint: 41300 ns, At safepoint: 10100 ns, Total: 51400 ns
[517.008s][info ][gc,start       ] GC(34) Pause Young (GCLocker Initiated GC)
[517.055s][debug][gc,phases      ] GC(34) Scavenge 46.803ms
[517.055s][debug][gc,ref         ] GC(34) Skipped phase 1 of Reference Processing: no references
[517.055s][debug][gc,ref         ] GC(34) ReferenceProcessor::execute queues: 1, RefProcThreadModel::Single, marks_oops_alive: false
[517.055s][debug][gc,ref         ] GC(34) Skipped phase 3 of Reference Processing: no references
[517.055s][debug][gc,ref         ] GC(34) ReferenceProcessor::execute queues: 1, RefProcThreadModel::Single, marks_oops_alive: false
[517.055s][debug][gc,phases      ] GC(34) Reference Processing 0.139ms
[517.056s][debug][gc,phases      ] GC(34)   VM Weak                        Min:  0.0, Avg:  0.0, Max:  0.0, Diff:  0.0, Sum:  0.0, Workers: 4
[517.056s][debug][gc,phases      ] GC(34)     Dead                           Min: 0, Avg:  0.0, Max: 0, Diff: 0, Sum: 0, Workers: 4
[517.056s][debug][gc,phases      ] GC(34)     Total                          Min: 0, Avg: 226.8, Max: 512, Diff: 512, Sum: 907, Workers: 4
[517.056s][debug][gc,phases      ] GC(34)   ObjectSynchronizer Weak        Min:  0.0, Avg:  0.0, Max:  0.0, Diff:  0.0, Sum:  0.0, Workers: 4
[517.056s][debug][gc,phases      ] GC(34)     Dead                           Min: 0, Avg:  0.0, Max: 0, Diff: 0, Sum: 0, Workers: 4
[517.056s][debug][gc,phases      ] GC(34)     Total                          Min: 0, Avg: 12.8, Max: 51, Diff: 51, Sum: 51, Workers: 4
[517.056s][debug][gc,phases      ] GC(34)   JVMTI Tag Weak OopStorage      Min:  0.0, Avg:  0.0, Max:  0.0, Diff:  0.0, Sum:  0.0, Workers: 4
[517.056s][debug][gc,phases      ] GC(34)     Dead                           Min: 0, Avg:  0.0, Max: 0, Diff: 0, Sum: 0, Workers: 4
[517.056s][debug][gc,phases      ] GC(34)     Total                          Min: 0, Avg:  0.0, Max: 0, Diff: 0, Sum: 0, Workers: 4
[517.056s][debug][gc,phases      ] GC(34)   StringTable Weak               Min:  0.0, Avg:  0.1, Max:  0.1, Diff:  0.1, Sum:  0.4, Workers: 4
[517.056s][debug][gc,phases      ] GC(34)     Dead                           Min: 0, Avg:  0.5, Max: 2, Diff: 2, Sum: 2, Workers: 4
[517.056s][debug][gc,phases      ] GC(34)     Total                          Min: 0, Avg: 10872.8, Max: 17699, Diff: 17699, Sum: 43491, Workers: 4
[517.056s][debug][gc,phases      ] GC(34)   ResolvedMethodTable Weak       Min:  0.0, Avg:  0.0, Max:  0.0, Diff:  0.0, Sum:  0.1, Workers: 4
[517.056s][debug][gc,phases      ] GC(34)     Dead                           Min: 0, Avg:  0.0, Max: 0, Diff: 0, Sum: 0, Workers: 4
[517.056s][debug][gc,phases      ] GC(34)     Total                          Min: 0, Avg: 2352.2, Max: 3904, Diff: 3904, Sum: 9409, Workers: 4
[517.056s][debug][gc,phases      ] GC(34)   JNI Weak                       Min:  0.0, Avg:  0.0, Max:  0.0, Diff:  0.0, Sum:  0.0, Workers: 4
[517.056s][debug][gc,phases      ] GC(34)     Dead                           Min: 0, Avg:  0.0, Max: 0, Diff: 0, Sum: 0, Workers: 4
[517.056s][debug][gc,phases      ] GC(34)     Total                          Min: 0, Avg: 11.2, Max: 45, Diff: 45, Sum: 45, Workers: 4
[517.056s][debug][gc,phases      ] GC(34)   StringDedup Table Weak         Min:  0.0, Avg:  0.0, Max:  0.0, Diff:  0.0, Sum:  0.0, Workers: 4
[517.056s][debug][gc,phases      ] GC(34)     Dead                           Min: 0, Avg:  0.0, Max: 0, Diff: 0, Sum: 0, Workers: 4
[517.056s][debug][gc,phases      ] GC(34)     Total                          Min: 0, Avg:  0.0, Max: 0, Diff: 0, Sum: 0, Workers: 4
[517.056s][debug][gc,phases      ] GC(34)   StringDedup Requests0 Weak     Min:  0.0, Avg:  0.0, Max:  0.0, Diff:  0.0, Sum:  0.0, Workers: 4
[517.056s][debug][gc,phases      ] GC(34)     Dead                           Min: 0, Avg:  0.0, Max: 0, Diff: 0, Sum: 0, Workers: 4
[517.056s][debug][gc,phases      ] GC(34)     Total                          Min: 0, Avg:  0.0, Max: 0, Diff: 0, Sum: 0, Workers: 4
[517.056s][debug][gc,phases      ] GC(34)   StringDedup Requests1 Weak     Min:  0.0, Avg:  0.0, Max:  0.0, Diff:  0.0, Sum:  0.0, Workers: 4
[517.056s][debug][gc,phases      ] GC(34)     Dead                           Min: 0, Avg:  0.0, Max: 0, Diff: 0, Sum: 0, Workers: 4
[517.056s][debug][gc,phases      ] GC(34)     Total                          Min: 0, Avg:  0.0, Max: 0, Diff: 0, Sum: 0, Workers: 4
[517.056s][debug][gc,phases      ] GC(34)   Weak JFR Old Object Samples    Min:  0.0, Avg:  0.0, Max:  0.0, Diff:  0.0, Sum:  0.0, Workers: 4
[517.056s][debug][gc,phases      ] GC(34)     Dead                           Min: 0, Avg:  0.0, Max: 0, Diff: 0, Sum: 0, Workers: 4
[517.056s][debug][gc,phases      ] GC(34)     Total                          Min: 0, Avg:  0.0, Max: 0, Diff: 0, Sum: 0, Workers: 4
[517.056s][debug][gc,phases      ] GC(34) Weak Processing 0.349ms
[517.056s][debug][gc,age         ] GC(34) Desired survivor size 324534272 bytes, new threshold 15 (max threshold 15)
[517.056s][info ][gc,heap        ] GC(34) PSYoungGen: 1654475K(1775616K)->205931K(1770496K) Eden: 1448960K(1448960K)->0K(1448960K) From: 205515K(326656K)->205931K(321536K)
[517.056s][info ][gc,heap        ] GC(34) ParOldGen: 462490K(544768K)->462803K(544768K)
[517.056s][info ][gc,metaspace   ] GC(34) Metaspace: 81772K(82880K)->81772K(82880K) NonClass: 70075K(70656K)->70075K(70656K) Class: 11696K(12224K)->11696K(12224K)
[517.056s][info ][gc             ] GC(34) Pause Young (GCLocker Initiated GC) 2067M->653M(2261M) 47.393ms
[517.056s][info ][gc,cpu         ] GC(34) User=0.16s Sys=0.00s Real=0.04s
[517.056s][info ][safepoint      ] Safepoint "ParallelGCSystemGC", Time since last: 143601 ns, Reaching safepoint: 24000 ns, At safepoint: 47459974 ns, Total: 47483974 ns
[518.056s][info ][safepoint      ] Safepoint "Cleanup", Time since last: 1000089968 ns, Reaching safepoint: 108801 ns, At safepoint: 4200 ns, Total: 113001 ns
[521.056s][info ][safepoint      ] Safepoint "Cleanup", Time since last: 3000245803 ns, Reaching safepoint: 120501 ns, At safepoint: 7501 ns, Total: 128002 ns
[522.057s][info ][safepoint      ] Safepoint "Cleanup", Time since last: 1000123640 ns, Reaching safepoint: 85801 ns, At safepoint: 11000 ns, Total: 96801 ns
[524.057s][info ][safepoint      ] Safepoint "Cleanup", Time since last: 2000201083 ns, Reaching safepoint: 110601 ns, At safepoint: 4900 ns, Total: 115501 ns
[526.057s][info ][safepoint      ] Safepoint "Cleanup", Time since last: 2000180483 ns, Reaching safepoint: 127001 ns, At safepoint: 6200 ns, Total: 133201 ns
[530.058s][info ][safepoint      ] Safepoint "Cleanup", Time since last: 4000322369 ns, Reaching safepoint: 119301 ns, At safepoint: 6900 ns, Total: 126201 ns
[532.058s][info ][safepoint      ] Safepoint "Cleanup", Time since last: 2000189699 ns, Reaching safepoint: 67600 ns, At safepoint: 6901 ns, Total: 74501 ns
[535.058s][info ][safepoint      ] Safepoint "Cleanup", Time since last: 3000263298 ns, Reaching safepoint: 118101 ns, At safepoint: 5700 ns, Total: 123801 ns
[540.059s][info ][safepoint      ] Safepoint "Cleanup", Time since last: 5000446151 ns, Reaching safepoint: 124601 ns, At safepoint: 6201 ns, Total: 130802 ns
[541.059s][info ][safepoint      ] Safepoint "Cleanup", Time since last: 1000121222 ns, Reaching safepoint: 124101 ns, At safepoint: 8000 ns, Total: 132101 ns
[542.059s][info ][safepoint      ] Safepoint "Cleanup", Time since last: 1000126622 ns, Reaching safepoint: 116801 ns, At safepoint: 5900 ns, Total: 122701 ns
[544.060s][info ][safepoint      ] Safepoint "Cleanup", Time since last: 2000182345 ns, Reaching safepoint: 118801 ns, At safepoint: 5000 ns, Total: 123801 ns
[548.060s][info ][safepoint      ] Safepoint "Cleanup", Time since last: 4000328680 ns, Reaching safepoint: 40801 ns, At safepoint: 2600 ns, Total: 43401 ns
[549.060s][info ][safepoint      ] Safepoint "Cleanup", Time since last: 1000118676 ns, Reaching safepoint: 115601 ns, At safepoint: 5100 ns, Total: 120701 ns
[550.061s][info ][safepoint      ] Safepoint "Cleanup", Time since last: 1000114077 ns, Reaching safepoint: 111500 ns, At safepoint: 6601 ns, Total: 118101 ns
[551.807s][info ][gc,start       ] GC(35) Pause Young (Allocation Failure)
[551.852s][debug][gc,phases      ] GC(35) Scavenge 44.496ms
[551.852s][debug][gc,ref         ] GC(35) Skipped phase 1 of Reference Processing: no references
[551.852s][debug][gc,ref         ] GC(35) ReferenceProcessor::execute queues: 1, RefProcThreadModel::Single, marks_oops_alive: false
[551.852s][debug][gc,ref         ] GC(35) Skipped phase 3 of Reference Processing: no references
[551.852s][debug][gc,ref         ] GC(35) ReferenceProcessor::execute queues: 1, RefProcThreadModel::Single, marks_oops_alive: false
[551.852s][debug][gc,phases      ] GC(35) Reference Processing 0.128ms
[551.852s][debug][gc,phases      ] GC(35)   VM Weak                        Min:  0.0, Avg:  0.0, Max:  0.0, Diff:  0.0, Sum:  0.0, Workers: 4
[551.852s][debug][gc,phases      ] GC(35)     Dead                           Min: 0, Avg:  0.0, Max: 0, Diff: 0, Sum: 0, Workers: 4
[551.852s][debug][gc,phases      ] GC(35)     Total                          Min: 128, Avg: 226.8, Max: 331, Diff: 203, Sum: 907, Workers: 4
[551.852s][debug][gc,phases      ] GC(35)   ObjectSynchronizer Weak        Min:  0.0, Avg:  0.0, Max:  0.0, Diff:  0.0, Sum:  0.0, Workers: 4
[551.852s][debug][gc,phases      ] GC(35)     Dead                           Min: 0, Avg:  0.0, Max: 0, Diff: 0, Sum: 0, Workers: 4
[551.852s][debug][gc,phases      ] GC(35)     Total                          Min: 0, Avg: 12.8, Max: 51, Diff: 51, Sum: 51, Workers: 4
[551.852s][debug][gc,phases      ] GC(35)   JVMTI Tag Weak OopStorage      Min:  0.0, Avg:  0.0, Max:  0.0, Diff:  0.0, Sum:  0.0, Workers: 4
[551.852s][debug][gc,phases      ] GC(35)     Dead                           Min: 0, Avg:  0.0, Max: 0, Diff: 0, Sum: 0, Workers: 4
[551.852s][debug][gc,phases      ] GC(35)     Total                          Min: 0, Avg:  0.0, Max: 0, Diff: 0, Sum: 0, Workers: 4
[551.852s][debug][gc,phases      ] GC(35)   StringTable Weak               Min:  0.1, Avg:  0.1, Max:  0.1, Diff:  0.0, Sum:  0.4, Workers: 4
[551.852s][debug][gc,phases      ] GC(35)     Dead                           Min: 0, Avg:  0.0, Max: 0, Diff: 0, Sum: 0, Workers: 4
[551.852s][debug][gc,phases      ] GC(35)     Total                          Min: 9472, Avg: 10873.0, Max: 11519, Diff: 2047, Sum: 43492, Workers: 4
[551.852s][debug][gc,phases      ] GC(35)   ResolvedMethodTable Weak       Min:  0.0, Avg:  0.0, Max:  0.0, Diff:  0.0, Sum:  0.1, Workers: 4
[551.852s][debug][gc,phases      ] GC(35)     Dead                           Min: 0, Avg:  0.0, Max: 0, Diff: 0, Sum: 0, Workers: 4
[551.852s][debug][gc,phases      ] GC(35)     Total                          Min: 2176, Avg: 2352.2, Max: 2560, Diff: 384, Sum: 9409, Workers: 4
[551.852s][debug][gc,phases      ] GC(35)   JNI Weak                       Min:  0.0, Avg:  0.0, Max:  0.0, Diff:  0.0, Sum:  0.0, Workers: 4
[551.852s][debug][gc,phases      ] GC(35)     Dead                           Min: 0, Avg:  0.0, Max: 0, Diff: 0, Sum: 0, Workers: 4
[551.852s][debug][gc,phases      ] GC(35)     Total                          Min: 0, Avg: 11.2, Max: 45, Diff: 45, Sum: 45, Workers: 4
[551.852s][debug][gc,phases      ] GC(35)   StringDedup Table Weak         Min:  0.0, Avg:  0.0, Max:  0.0, Diff:  0.0, Sum:  0.0, Workers: 4
[551.852s][debug][gc,phases      ] GC(35)     Dead                           Min: 0, Avg:  0.0, Max: 0, Diff: 0, Sum: 0, Workers: 4
[551.852s][debug][gc,phases      ] GC(35)     Total                          Min: 0, Avg:  0.0, Max: 0, Diff: 0, Sum: 0, Workers: 4
[551.852s][debug][gc,phases      ] GC(35)   StringDedup Requests0 Weak     Min:  0.0, Avg:  0.0, Max:  0.0, Diff:  0.0, Sum:  0.0, Workers: 4
[551.852s][debug][gc,phases      ] GC(35)     Dead                           Min: 0, Avg:  0.0, Max: 0, Diff: 0, Sum: 0, Workers: 4
[551.852s][debug][gc,phases      ] GC(35)     Total                          Min: 0, Avg:  0.0, Max: 0, Diff: 0, Sum: 0, Workers: 4
[551.852s][debug][gc,phases      ] GC(35)   StringDedup Requests1 Weak     Min:  0.0, Avg:  0.0, Max:  0.0, Diff:  0.0, Sum:  0.0, Workers: 4
[551.852s][debug][gc,phases      ] GC(35)     Dead                           Min: 0, Avg:  0.0, Max: 0, Diff: 0, Sum: 0, Workers: 4
[551.852s][debug][gc,phases      ] GC(35)     Total                          Min: 0, Avg:  0.0, Max: 0, Diff: 0, Sum: 0, Workers: 4
[551.852s][debug][gc,phases      ] GC(35)   Weak JFR Old Object Samples    Min:  0.0, Avg:  0.0, Max:  0.0, Diff:  0.0, Sum:  0.0, Workers: 4
[551.852s][debug][gc,phases      ] GC(35)     Dead                           Min: 0, Avg:  0.0, Max: 0, Diff: 0, Sum: 0, Workers: 4
[551.852s][debug][gc,phases      ] GC(35)     Total                          Min: 0, Avg:  0.0, Max: 0, Diff: 0, Sum: 0, Workers: 4
[551.852s][debug][gc,phases      ] GC(35) Weak Processing 0.296ms
[551.852s][debug][gc,age         ] GC(35) Desired survivor size 311427072 bytes, new threshold 15 (max threshold 15)
[551.852s][info ][gc,heap        ] GC(35) PSYoungGen: 1654891K(1770496K)->181131K(1793024K) Eden: 1448960K(1448960K)->0K(1476096K) From: 205931K(321536K)->181131K(316928K)
[551.852s][info ][gc,heap        ] GC(35) ParOldGen: 462804K(544768K)->462868K(544768K)
[551.852s][info ][gc,metaspace   ] GC(35) Metaspace: 81797K(82880K)->81797K(82880K) NonClass: 70100K(70656K)->70100K(70656K) Class: 11696K(12224K)->11696K(12224K)
[551.852s][info ][gc             ] GC(35) Pause Young (Allocation Failure) 2068M->628M(2283M) 45.048ms
[551.852s][info ][gc,cpu         ] GC(35) User=0.16s Sys=0.00s Real=0.04s
[551.852s][info ][safepoint      ] Safepoint "ParallelGCFailedAllocation", Time since last: 1746583180 ns, Reaching safepoint: 26400 ns, At safepoint: 45122851 ns, Total: 45149251 ns
[552.852s][info ][safepoint      ] Safepoint "Cleanup", Time since last: 1000082076 ns, Reaching safepoint: 48301 ns, At safepoint: 11900 ns, Total: 60201 ns
[553.853s][info ][safepoint      ] Safepoint "Cleanup", Time since last: 1000136389 ns, Reaching safepoint: 42100 ns, At safepoint: 3400 ns, Total: 45500 ns
[555.853s][info ][safepoint      ] Safepoint "Cleanup", Time since last: 2000176942 ns, Reaching safepoint: 51900 ns, At safepoint: 3200 ns, Total: 55100 ns
[558.853s][info ][safepoint      ] Safepoint "Cleanup", Time since last: 3000251712 ns, Reaching safepoint: 72301 ns, At safepoint: 10300 ns, Total: 82601 ns
[559.853s][info ][safepoint      ] Safepoint "Cleanup", Time since last: 1000129771 ns, Reaching safepoint: 75100 ns, At safepoint: 3000 ns, Total: 78100 ns
[561.854s][info ][safepoint      ] Safepoint "Cleanup", Time since last: 2000176533 ns, Reaching safepoint: 49700 ns, At safepoint: 8300 ns, Total: 58000 ns
[562.854s][info ][safepoint      ] Safepoint "Cleanup", Time since last: 1000125000 ns, Reaching safepoint: 43200 ns, At safepoint: 3700 ns, Total: 46900 ns
[564.854s][info ][safepoint      ] Safepoint "Cleanup", Time since last: 2000177499 ns, Reaching safepoint: 120201 ns, At safepoint: 4700 ns, Total: 124901 ns
[567.855s][info ][safepoint      ] Safepoint "Cleanup", Time since last: 3000258498 ns, Reaching safepoint: 123001 ns, At safepoint: 7300 ns, Total: 130301 ns
[571.855s][info ][safepoint      ] Safepoint "Cleanup", Time since last: 4000354189 ns, Reaching safepoint: 117401 ns, At safepoint: 5100 ns, Total: 122501 ns
[573.855s][info ][safepoint      ] Safepoint "Cleanup", Time since last: 2000198891 ns, Reaching safepoint: 134701 ns, At safepoint: 14100 ns, Total: 148801 ns
[574.527s][info ][gc,start       ] GC(36) Pause Young (Allocation Failure)
[574.577s][debug][gc,phases      ] GC(36) Scavenge 49.813ms
[574.577s][debug][gc,ref         ] GC(36) Skipped phase 1 of Reference Processing: no references
[574.577s][debug][gc,ref         ] GC(36) ReferenceProcessor::execute queues: 1, RefProcThreadModel::Single, marks_oops_alive: false
[574.577s][debug][gc,ref         ] GC(36) Skipped phase 3 of Reference Processing: no references
[574.577s][debug][gc,ref         ] GC(36) ReferenceProcessor::execute queues: 1, RefProcThreadModel::Single, marks_oops_alive: false
[574.577s][debug][gc,phases      ] GC(36) Reference Processing 0.131ms
[574.577s][debug][gc,phases      ] GC(36)   VM Weak                        Min:  0.0, Avg:  0.0, Max:  0.0, Diff:  0.0, Sum:  0.0, Workers: 4
[574.577s][debug][gc,phases      ] GC(36)     Dead                           Min: 0, Avg:  0.0, Max: 0, Diff: 0, Sum: 0, Workers: 4
[574.577s][debug][gc,phases      ] GC(36)     Total                          Min: 0, Avg: 226.8, Max: 459, Diff: 459, Sum: 907, Workers: 4
[574.577s][debug][gc,phases      ] GC(36)   ObjectSynchronizer Weak        Min:  0.0, Avg:  0.0, Max:  0.0, Diff:  0.0, Sum:  0.0, Workers: 4
[574.577s][debug][gc,phases      ] GC(36)     Dead                           Min: 0, Avg:  0.0, Max: 0, Diff: 0, Sum: 0, Workers: 4
[574.577s][debug][gc,phases      ] GC(36)     Total                          Min: 0, Avg: 12.8, Max: 51, Diff: 51, Sum: 51, Workers: 4
[574.577s][debug][gc,phases      ] GC(36)   JVMTI Tag Weak OopStorage      Min:  0.0, Avg:  0.0, Max:  0.0, Diff:  0.0, Sum:  0.0, Workers: 4
[574.577s][debug][gc,phases      ] GC(36)     Dead                           Min: 0, Avg:  0.0, Max: 0, Diff: 0, Sum: 0, Workers: 4
[574.577s][debug][gc,phases      ] GC(36)     Total                          Min: 0, Avg:  0.0, Max: 0, Diff: 0, Sum: 0, Workers: 4
[574.577s][debug][gc,phases      ] GC(36)   StringTable Weak               Min:  0.0, Avg:  0.1, Max:  0.1, Diff:  0.1, Sum:  0.4, Workers: 4
[574.577s][debug][gc,phases      ] GC(36)     Dead                           Min: 0, Avg:  0.0, Max: 0, Diff: 0, Sum: 0, Workers: 4
[574.577s][debug][gc,phases      ] GC(36)     Total                          Min: 0, Avg: 10873.2, Max: 19263, Diff: 19263, Sum: 43493, Workers: 4
[574.577s][debug][gc,phases      ] GC(36)   ResolvedMethodTable Weak       Min:  0.0, Avg:  0.0, Max:  0.0, Diff:  0.0, Sum:  0.1, Workers: 4
[574.577s][debug][gc,phases      ] GC(36)     Dead                           Min: 0, Avg:  0.0, Max: 0, Diff: 0, Sum: 0, Workers: 4
[574.577s][debug][gc,phases      ] GC(36)     Total                          Min: 0, Avg: 2352.5, Max: 3522, Diff: 3522, Sum: 9410, Workers: 4
[574.577s][debug][gc,phases      ] GC(36)   JNI Weak                       Min:  0.0, Avg:  0.0, Max:  0.0, Diff:  0.0, Sum:  0.0, Workers: 4
[574.577s][debug][gc,phases      ] GC(36)     Dead                           Min: 0, Avg:  0.0, Max: 0, Diff: 0, Sum: 0, Workers: 4
[574.577s][debug][gc,phases      ] GC(36)     Total                          Min: 0, Avg: 11.2, Max: 45, Diff: 45, Sum: 45, Workers: 4
[574.577s][debug][gc,phases      ] GC(36)   StringDedup Table Weak         Min:  0.0, Avg:  0.0, Max:  0.0, Diff:  0.0, Sum:  0.0, Workers: 4
[574.577s][debug][gc,phases      ] GC(36)     Dead                           Min: 0, Avg:  0.0, Max: 0, Diff: 0, Sum: 0, Workers: 4
[574.577s][debug][gc,phases      ] GC(36)     Total                          Min: 0, Avg:  0.0, Max: 0, Diff: 0, Sum: 0, Workers: 4
[574.577s][debug][gc,phases      ] GC(36)   StringDedup Requests0 Weak     Min:  0.0, Avg:  0.0, Max:  0.0, Diff:  0.0, Sum:  0.0, Workers: 4
[574.577s][debug][gc,phases      ] GC(36)     Dead                           Min: 0, Avg:  0.0, Max: 0, Diff: 0, Sum: 0, Workers: 4
[574.577s][debug][gc,phases      ] GC(36)     Total                          Min: 0, Avg:  0.0, Max: 0, Diff: 0, Sum: 0, Workers: 4
[574.577s][debug][gc,phases      ] GC(36)   StringDedup Requests1 Weak     Min:  0.0, Avg:  0.0, Max:  0.0, Diff:  0.0, Sum:  0.0, Workers: 4
[574.577s][debug][gc,phases      ] GC(36)     Dead                           Min: 0, Avg:  0.0, Max: 0, Diff: 0, Sum: 0, Workers: 4
[574.577s][debug][gc,phases      ] GC(36)     Total                          Min: 0, Avg:  0.0, Max: 0, Diff: 0, Sum: 0, Workers: 4
[574.577s][debug][gc,phases      ] GC(36)   Weak JFR Old Object Samples    Min:  0.0, Avg:  0.0, Max:  0.0, Diff:  0.0, Sum:  0.0, Workers: 4
[574.577s][debug][gc,phases      ] GC(36)     Dead                           Min: 0, Avg:  0.0, Max: 0, Diff: 0, Sum: 0, Workers: 4
[574.577s][debug][gc,phases      ] GC(36)     Total                          Min: 0, Avg:  0.0, Max: 0, Diff: 0, Sum: 0, Workers: 4
[574.577s][debug][gc,phases      ] GC(36) Weak Processing 0.322ms
[574.577s][debug][gc,age         ] GC(36) Desired survivor size 306708480 bytes, new threshold 15 (max threshold 15)
[574.577s][info ][gc,heap        ] GC(36) PSYoungGen: 1657227K(1793024K)->204442K(1780224K) Eden: 1476096K(1476096K)->0K(1476096K) From: 181131K(316928K)->204442K(304128K)
[574.577s][info ][gc,heap        ] GC(36) ParOldGen: 462868K(544768K)->466237K(544768K)
[574.577s][info ][gc,metaspace   ] GC(36) Metaspace: 81814K(83008K)->81814K(83008K) NonClass: 70117K(70784K)->70117K(70784K) Class: 11697K(12224K)->11697K(12224K)
[574.577s][info ][gc             ] GC(36) Pause Young (Allocation Failure) 2070M->654M(2270M) 50.387ms
[574.577s][info ][gc,cpu         ] GC(36) User=0.17s Sys=0.00s Real=0.04s
[574.577s][info ][safepoint      ] Safepoint "ParallelGCFailedAllocation", Time since last: 671182132 ns, Reaching safepoint: 112301 ns, At safepoint: 50469494 ns, Total: 50581795 ns
[575.577s][info ][safepoint      ] Safepoint "Cleanup", Time since last: 1000097295 ns, Reaching safepoint: 76301 ns, At safepoint: 3300 ns, Total: 79601 ns
[576.578s][info ][safepoint      ] Safepoint "Cleanup", Time since last: 1000121395 ns, Reaching safepoint: 67401 ns, At safepoint: 4000 ns, Total: 71401 ns
[577.578s][info ][safepoint      ] Safepoint "Cleanup", Time since last: 1000134496 ns, Reaching safepoint: 55900 ns, At safepoint: 4200 ns, Total: 60100 ns
[578.578s][info ][safepoint      ] Safepoint "Cleanup", Time since last: 1000097082 ns, Reaching safepoint: 42301 ns, At safepoint: 4400 ns, Total: 46701 ns
[580.578s][info ][safepoint      ] Safepoint "Cleanup", Time since last: 2000181897 ns, Reaching safepoint: 49001 ns, At safepoint: 3300 ns, Total: 52301 ns
[581.578s][info ][safepoint      ] Safepoint "Cleanup", Time since last: 1000110299 ns, Reaching safepoint: 52500 ns, At safepoint: 3800 ns, Total: 56300 ns
[585.579s][info ][safepoint      ] Safepoint "Cleanup", Time since last: 4000318896 ns, Reaching safepoint: 51100 ns, At safepoint: 5000 ns, Total: 56100 ns
[586.579s][info ][safepoint      ] Safepoint "Cleanup", Time since last: 1000129207 ns, Reaching safepoint: 49400 ns, At safepoint: 3500 ns, Total: 52900 ns
[595.580s][info ][safepoint      ] Safepoint "Cleanup", Time since last: 9000672807 ns, Reaching safepoint: 45000 ns, At safepoint: 2500 ns, Total: 47500 ns
[597.580s][info ][safepoint      ] Safepoint "Cleanup", Time since last: 2000191708 ns, Reaching safepoint: 42601 ns, At safepoint: 2400 ns, Total: 45001 ns
[598.580s][info ][safepoint      ] Safepoint "Cleanup", Time since last: 1000115154 ns, Reaching safepoint: 55800 ns, At safepoint: 6301 ns, Total: 62101 ns
[599.580s][info ][safepoint      ] Safepoint "Cleanup", Time since last: 1000110754 ns, Reaching safepoint: 48800 ns, At safepoint: 3000 ns, Total: 51800 ns
[600.415s][info ][gc,start       ] GC(37) Pause Young (Allocation Failure)
[600.461s][debug][gc,phases      ] GC(37) Scavenge 45.797ms
[600.461s][debug][gc,ref         ] GC(37) Skipped phase 1 of Reference Processing: no references
[600.461s][debug][gc,ref         ] GC(37) ReferenceProcessor::execute queues: 1, RefProcThreadModel::Single, marks_oops_alive: false
[600.461s][debug][gc,ref         ] GC(37) Skipped phase 3 of Reference Processing: no references
[600.461s][debug][gc,ref         ] GC(37) ReferenceProcessor::execute queues: 1, RefProcThreadModel::Single, marks_oops_alive: false
[600.461s][debug][gc,phases      ] GC(37) Reference Processing 0.143ms
[600.462s][debug][gc,phases      ] GC(37)   VM Weak                        Min:  0.0, Avg:  0.0, Max:  0.0, Diff:  0.0, Sum:  0.0, Workers: 4
[600.462s][debug][gc,phases      ] GC(37)     Dead                           Min: 0, Avg:  0.0, Max: 0, Diff: 0, Sum: 0, Workers: 4
[600.462s][debug][gc,phases      ] GC(37)     Total                          Min: 0, Avg: 226.8, Max: 907, Diff: 907, Sum: 907, Workers: 4
[600.462s][debug][gc,phases      ] GC(37)   ObjectSynchronizer Weak        Min:  0.0, Avg:  0.0, Max:  0.0, Diff:  0.0, Sum:  0.0, Workers: 4
[600.462s][debug][gc,phases      ] GC(37)     Dead                           Min: 0, Avg:  0.0, Max: 0, Diff: 0, Sum: 0, Workers: 4
[600.462s][debug][gc,phases      ] GC(37)     Total                          Min: 0, Avg: 12.8, Max: 51, Diff: 51, Sum: 51, Workers: 4
[600.462s][debug][gc,phases      ] GC(37)   JVMTI Tag Weak OopStorage      Min:  0.0, Avg:  0.0, Max:  0.0, Diff:  0.0, Sum:  0.0, Workers: 4
[600.462s][debug][gc,phases      ] GC(37)     Dead                           Min: 0, Avg:  0.0, Max: 0, Diff: 0, Sum: 0, Workers: 4
[600.462s][debug][gc,phases      ] GC(37)     Total                          Min: 0, Avg:  0.0, Max: 0, Diff: 0, Sum: 0, Workers: 4
[600.462s][debug][gc,phases      ] GC(37)   StringTable Weak               Min:  0.0, Avg:  0.1, Max:  0.1, Diff:  0.1, Sum:  0.4, Workers: 4
[600.462s][debug][gc,phases      ] GC(37)     Dead                           Min: 0, Avg:  0.0, Max: 0, Diff: 0, Sum: 0, Workers: 4
[600.462s][debug][gc,phases      ] GC(37)     Total                          Min: 0, Avg: 10873.2, Max: 18302, Diff: 18302, Sum: 43493, Workers: 4
[600.462s][debug][gc,phases      ] GC(37)   ResolvedMethodTable Weak       Min:  0.0, Avg:  0.0, Max:  0.0, Diff:  0.0, Sum:  0.1, Workers: 4
[600.462s][debug][gc,phases      ] GC(37)     Dead                           Min: 0, Avg:  0.0, Max: 0, Diff: 0, Sum: 0, Workers: 4
[600.462s][debug][gc,phases      ] GC(37)     Total                          Min: 0, Avg: 2352.5, Max: 4096, Diff: 4096, Sum: 9410, Workers: 4
[600.462s][debug][gc,phases      ] GC(37)   JNI Weak                       Min:  0.0, Avg:  0.0, Max:  0.0, Diff:  0.0, Sum:  0.0, Workers: 4
[600.462s][debug][gc,phases      ] GC(37)     Dead                           Min: 0, Avg:  0.0, Max: 0, Diff: 0, Sum: 0, Workers: 4
[600.462s][debug][gc,phases      ] GC(37)     Total                          Min: 0, Avg: 11.2, Max: 45, Diff: 45, Sum: 45, Workers: 4
[600.462s][debug][gc,phases      ] GC(37)   StringDedup Table Weak         Min:  0.0, Avg:  0.0, Max:  0.0, Diff:  0.0, Sum:  0.0, Workers: 4
[600.462s][debug][gc,phases      ] GC(37)     Dead                           Min: 0, Avg:  0.0, Max: 0, Diff: 0, Sum: 0, Workers: 4
[600.462s][debug][gc,phases      ] GC(37)     Total                          Min: 0, Avg:  0.0, Max: 0, Diff: 0, Sum: 0, Workers: 4
[600.462s][debug][gc,phases      ] GC(37)   StringDedup Requests0 Weak     Min:  0.0, Avg:  0.0, Max:  0.0, Diff:  0.0, Sum:  0.0, Workers: 4
[600.462s][debug][gc,phases      ] GC(37)     Dead                           Min: 0, Avg:  0.0, Max: 0, Diff: 0, Sum: 0, Workers: 4
[600.462s][debug][gc,phases      ] GC(37)     Total                          Min: 0, Avg:  0.0, Max: 0, Diff: 0, Sum: 0, Workers: 4
[600.462s][debug][gc,phases      ] GC(37)   StringDedup Requests1 Weak     Min:  0.0, Avg:  0.0, Max:  0.0, Diff:  0.0, Sum:  0.0, Workers: 4
[600.462s][debug][gc,phases      ] GC(37)     Dead                           Min: 0, Avg:  0.0, Max: 0, Diff: 0, Sum: 0, Workers: 4
[600.462s][debug][gc,phases      ] GC(37)     Total                          Min: 0, Avg:  0.0, Max: 0, Diff: 0, Sum: 0, Workers: 4
[600.462s][debug][gc,phases      ] GC(37)   Weak JFR Old Object Samples    Min:  0.0, Avg:  0.0, Max:  0.0, Diff:  0.0, Sum:  0.0, Workers: 4
[600.462s][debug][gc,phases      ] GC(37)     Dead                           Min: 0, Avg:  0.0, Max: 0, Diff: 0, Sum: 0, Workers: 4
[600.462s][debug][gc,phases      ] GC(37)     Total                          Min: 0, Avg:  0.0, Max: 0, Diff: 0, Sum: 0, Workers: 4
[600.462s][debug][gc,phases      ] GC(37) Weak Processing 0.338ms
[600.462s][debug][gc,age         ] GC(37) Desired survivor size 297271296 bytes, new threshold 15 (max threshold 15)
[600.462s][info ][gc,heap        ] GC(37) PSYoungGen: 1680538K(1780224K)->173555K(1806848K) Eden: 1476096K(1476096K)->0K(1507328K) From: 204442K(304128K)->173555K(299520K)
[600.462s][info ][gc,heap        ] GC(37) ParOldGen: 466237K(544768K)->466413K(544768K)
[600.462s][info ][gc,metaspace   ] GC(37) Metaspace: 81829K(83008K)->81829K(83008K) NonClass: 70132K(70784K)->70132K(70784K) Class: 11697K(12224K)->11697K(12224K)
[600.462s][info ][gc             ] GC(37) Pause Young (Allocation Failure) 2096M->624M(2296M) 46.402ms
[600.462s][info ][gc,cpu         ] GC(37) User=0.16s Sys=0.00s Real=0.05s
[600.462s][info ][safepoint      ] Safepoint "ParallelGCFailedAllocation", Time since last: 835207259 ns, Reaching safepoint: 93001 ns, At safepoint: 46476765 ns, Total: 46569766 ns
[602.462s][info ][safepoint      ] Safepoint "Cleanup", Time since last: 2000127777 ns, Reaching safepoint: 39900 ns, At safepoint: 4200 ns, Total: 44100 ns
[605.462s][info ][safepoint      ] Safepoint "Cleanup", Time since last: 3000235528 ns, Reaching safepoint: 70800 ns, At safepoint: 6301 ns, Total: 77101 ns
[606.463s][info ][safepoint      ] Safepoint "Cleanup", Time since last: 1000105209 ns, Reaching safepoint: 40100 ns, At safepoint: 3500 ns, Total: 43600 ns
[608.463s][info ][safepoint      ] Safepoint "Cleanup", Time since last: 2000173319 ns, Reaching safepoint: 46501 ns, At safepoint: 2400 ns, Total: 48901 ns
[609.463s][info ][safepoint      ] Safepoint "Cleanup", Time since last: 1000104109 ns, Reaching safepoint: 52101 ns, At safepoint: 4600 ns, Total: 56701 ns
[611.463s][info ][safepoint      ] Safepoint "Cleanup", Time since last: 2000165633 ns, Reaching safepoint: 46300 ns, At safepoint: 3000 ns, Total: 49300 ns
[613.463s][info ][safepoint      ] Safepoint "Cleanup", Time since last: 2000178055 ns, Reaching safepoint: 63700 ns, At safepoint: 5900 ns, Total: 69600 ns
[615.464s][info ][safepoint      ] Safepoint "Cleanup", Time since last: 2000177254 ns, Reaching safepoint: 51501 ns, At safepoint: 4600 ns, Total: 56101 ns
[616.464s][info ][safepoint      ] Safepoint "Cleanup", Time since last: 1000110177 ns, Reaching safepoint: 57600 ns, At safepoint: 2300 ns, Total: 59900 ns
[617.464s][info ][safepoint      ] Safepoint "Cleanup", Time since last: 1000103378 ns, Reaching safepoint: 73700 ns, At safepoint: 2100 ns, Total: 75800 ns
[618.464s][info ][safepoint      ] Safepoint "Cleanup", Time since last: 1000108148 ns, Reaching safepoint: 52701 ns, At safepoint: 2300 ns, Total: 55001 ns
[620.464s][info ][safepoint      ] Safepoint "Cleanup", Time since last: 2000134037 ns, Reaching safepoint: 43401 ns, At safepoint: 2600 ns, Total: 46001 ns
[622.465s][info ][safepoint      ] Safepoint "Cleanup", Time since last: 2000178338 ns, Reaching safepoint: 119201 ns, At safepoint: 7800 ns, Total: 127001 ns
[623.465s][info ][safepoint      ] Safepoint "Cleanup", Time since last: 1000103311 ns, Reaching safepoint: 41500 ns, At safepoint: 2500 ns, Total: 44000 ns
[630.465s][info ][safepoint      ] Safepoint "Cleanup", Time since last: 7000484297 ns, Reaching safepoint: 39600 ns, At safepoint: 2600 ns, Total: 42200 ns
[632.122s][info ][gc,start       ] GC(38) Pause Young (Allocation Failure)
[632.169s][debug][gc,phases      ] GC(38) Scavenge 46.914ms
[632.169s][debug][gc,ref         ] GC(38) Skipped phase 1 of Reference Processing: no references
[632.169s][debug][gc,ref         ] GC(38) ReferenceProcessor::execute queues: 1, RefProcThreadModel::Single, marks_oops_alive: false
[632.169s][debug][gc,ref         ] GC(38) Skipped phase 3 of Reference Processing: no references
[632.169s][debug][gc,ref         ] GC(38) ReferenceProcessor::execute queues: 1, RefProcThreadModel::Single, marks_oops_alive: false
[632.170s][debug][gc,phases      ] GC(38) Reference Processing 0.177ms
[632.170s][debug][gc,phases      ] GC(38)   VM Weak                        Min:  0.0, Avg:  0.0, Max:  0.0, Diff:  0.0, Sum:  0.0, Workers: 4
[632.170s][debug][gc,phases      ] GC(38)     Dead                           Min: 0, Avg:  0.0, Max: 0, Diff: 0, Sum: 0, Workers: 4
[632.170s][debug][gc,phases      ] GC(38)     Total                          Min: 0, Avg: 226.8, Max: 779, Diff: 779, Sum: 907, Workers: 4
[632.170s][debug][gc,phases      ] GC(38)   ObjectSynchronizer Weak        Min:  0.0, Avg:  0.0, Max:  0.0, Diff:  0.0, Sum:  0.0, Workers: 4
[632.170s][debug][gc,phases      ] GC(38)     Dead                           Min: 0, Avg:  0.0, Max: 0, Diff: 0, Sum: 0, Workers: 4
[632.170s][debug][gc,phases      ] GC(38)     Total                          Min: 0, Avg: 12.8, Max: 51, Diff: 51, Sum: 51, Workers: 4
[632.170s][debug][gc,phases      ] GC(38)   JVMTI Tag Weak OopStorage      Min:  0.0, Avg:  0.0, Max:  0.0, Diff:  0.0, Sum:  0.0, Workers: 4
[632.170s][debug][gc,phases      ] GC(38)     Dead                           Min: 0, Avg:  0.0, Max: 0, Diff: 0, Sum: 0, Workers: 4
[632.170s][debug][gc,phases      ] GC(38)     Total                          Min: 0, Avg:  0.0, Max: 0, Diff: 0, Sum: 0, Workers: 4
[632.170s][debug][gc,phases      ] GC(38)   StringTable Weak               Min:  0.0, Avg:  0.1, Max:  0.1, Diff:  0.1, Sum:  0.4, Workers: 4
[632.170s][debug][gc,phases      ] GC(38)     Dead                           Min: 0, Avg:  0.0, Max: 0, Diff: 0, Sum: 0, Workers: 4
[632.170s][debug][gc,phases      ] GC(38)     Total                          Min: 0, Avg: 10878.5, Max: 16826, Diff: 16826, Sum: 43514, Workers: 4
[632.170s][debug][gc,phases      ] GC(38)   ResolvedMethodTable Weak       Min:  0.0, Avg:  0.0, Max:  0.0, Diff:  0.0, Sum:  0.1, Workers: 4
[632.170s][debug][gc,phases      ] GC(38)     Dead                           Min: 0, Avg:  0.0, Max: 0, Diff: 0, Sum: 0, Workers: 4
[632.170s][debug][gc,phases      ] GC(38)     Total                          Min: 0, Avg: 2353.2, Max: 3392, Diff: 3392, Sum: 9413, Workers: 4
[632.170s][debug][gc,phases      ] GC(38)   JNI Weak                       Min:  0.0, Avg:  0.0, Max:  0.0, Diff:  0.0, Sum:  0.0, Workers: 4
[632.170s][debug][gc,phases      ] GC(38)     Dead                           Min: 0, Avg:  0.0, Max: 0, Diff: 0, Sum: 0, Workers: 4
[632.170s][debug][gc,phases      ] GC(38)     Total                          Min: 0, Avg: 11.2, Max: 45, Diff: 45, Sum: 45, Workers: 4
[632.170s][debug][gc,phases      ] GC(38)   StringDedup Table Weak         Min:  0.0, Avg:  0.0, Max:  0.0, Diff:  0.0, Sum:  0.0, Workers: 4
[632.170s][debug][gc,phases      ] GC(38)     Dead                           Min: 0, Avg:  0.0, Max: 0, Diff: 0, Sum: 0, Workers: 4
[632.170s][debug][gc,phases      ] GC(38)     Total                          Min: 0, Avg:  0.0, Max: 0, Diff: 0, Sum: 0, Workers: 4
[632.170s][debug][gc,phases      ] GC(38)   StringDedup Requests0 Weak     Min:  0.0, Avg:  0.0, Max:  0.0, Diff:  0.0, Sum:  0.0, Workers: 4
[632.170s][debug][gc,phases      ] GC(38)     Dead                           Min: 0, Avg:  0.0, Max: 0, Diff: 0, Sum: 0, Workers: 4
[632.170s][debug][gc,phases      ] GC(38)     Total                          Min: 0, Avg:  0.0, Max: 0, Diff: 0, Sum: 0, Workers: 4
[632.170s][debug][gc,phases      ] GC(38)   StringDedup Requests1 Weak     Min:  0.0, Avg:  0.0, Max:  0.0, Diff:  0.0, Sum:  0.0, Workers: 4
[632.170s][debug][gc,phases      ] GC(38)     Dead                           Min: 0, Avg:  0.0, Max: 0, Diff: 0, Sum: 0, Workers: 4
[632.170s][debug][gc,phases      ] GC(38)     Total                          Min: 0, Avg:  0.0, Max: 0, Diff: 0, Sum: 0, Workers: 4
[632.170s][debug][gc,phases      ] GC(38)   Weak JFR Old Object Samples    Min:  0.0, Avg:  0.0, Max:  0.0, Diff:  0.0, Sum:  0.0, Workers: 4
[632.170s][debug][gc,phases      ] GC(38)     Dead                           Min: 0, Avg:  0.0, Max: 0, Diff: 0, Sum: 0, Workers: 4
[632.170s][debug][gc,phases      ] GC(38)     Total                          Min: 0, Avg:  0.0, Max: 0, Diff: 0, Sum: 0, Workers: 4
[632.170s][debug][gc,phases      ] GC(38) Weak Processing 0.352ms
[632.170s][debug][gc,age         ] GC(38) Desired survivor size 287309824 bytes, new threshold 15 (max threshold 15)
[632.170s][info ][gc,heap        ] GC(38) PSYoungGen: 1680883K(1806848K)->179194K(1797632K) Eden: 1507328K(1507328K)->0K(1507328K) From: 173555K(299520K)->179194K(290304K)
[632.170s][info ][gc,heap        ] GC(38) ParOldGen: 466413K(544768K)->466869K(544768K)
[632.170s][info ][gc,metaspace   ] GC(38) Metaspace: 81863K(83008K)->81863K(83008K) NonClass: 70165K(70784K)->70165K(70784K) Class: 11698K(12224K)->11698K(12224K)
[632.170s][info ][gc             ] GC(38) Pause Young (Allocation Failure) 2096M->630M(2287M) 47.570ms
[632.170s][info ][gc,cpu         ] GC(38) User=0.14s Sys=0.01s Real=0.05s
[632.170s][info ][safepoint      ] Safepoint "ParallelGCFailedAllocation", Time since last: 1656934349 ns, Reaching safepoint: 104001 ns, At safepoint: 47669573 ns, Total: 47773574 ns
[633.170s][info ][safepoint      ] Safepoint "Cleanup", Time since last: 1000088116 ns, Reaching safepoint: 45300 ns, At safepoint: 4700 ns, Total: 50000 ns
[636.170s][info ][safepoint      ] Safepoint "Cleanup", Time since last: 3000240043 ns, Reaching safepoint: 52301 ns, At safepoint: 2900 ns, Total: 55201 ns
[641.127s][info ][safepoint      ] Safepoint "Cleanup", Time since last: 4956862356 ns, Reaching safepoint: 78800 ns, At safepoint: 9000 ns, Total: 87800 ns
[642.128s][info ][safepoint      ] Safepoint "Cleanup", Time since last: 1000137010 ns, Reaching safepoint: 43700 ns, At safepoint: 3200 ns, Total: 46900 ns
[643.128s][info ][safepoint      ] Safepoint "Cleanup", Time since last: 1000110244 ns, Reaching safepoint: 47001 ns, At safepoint: 4700 ns, Total: 51701 ns
[644.128s][info ][safepoint      ] Safepoint "Cleanup", Time since last: 1000117044 ns, Reaching safepoint: 56000 ns, At safepoint: 9600 ns, Total: 65600 ns
[646.128s][info ][safepoint      ] Safepoint "Cleanup", Time since last: 2000146988 ns, Reaching safepoint: 49500 ns, At safepoint: 2800 ns, Total: 52300 ns
[649.115s][info ][safepoint      ] Safepoint "Cleanup", Time since last: 2986746326 ns, Reaching safepoint: 50701 ns, At safepoint: 11800 ns, Total: 62501 ns
[650.115s][info ][safepoint      ] Safepoint "Cleanup", Time since last: 1000094566 ns, Reaching safepoint: 40200 ns, At safepoint: 2400 ns, Total: 42600 ns
[652.115s][info ][safepoint      ] Safepoint "Cleanup", Time since last: 2000146133 ns, Reaching safepoint: 37801 ns, At safepoint: 3600 ns, Total: 41401 ns
[658.116s][info ][safepoint      ] Safepoint "Cleanup", Time since last: 6000447080 ns, Reaching safepoint: 107501 ns, At safepoint: 11700 ns, Total: 119201 ns
[659.116s][info ][safepoint      ] Safepoint "Cleanup", Time since last: 1000101855 ns, Reaching safepoint: 51800 ns, At safepoint: 5600 ns, Total: 57400 ns
[660.116s][info ][safepoint      ] Safepoint "Cleanup", Time since last: 1000102955 ns, Reaching safepoint: 36701 ns, At safepoint: 34600 ns, Total: 71301 ns
[665.759s][info ][gc,start       ] GC(39) Pause Young (Allocation Failure)
[665.803s][debug][gc,phases      ] GC(39) Scavenge 43.943ms
[665.803s][debug][gc,ref         ] GC(39) Skipped phase 1 of Reference Processing: no references
[665.803s][debug][gc,ref         ] GC(39) ReferenceProcessor::execute queues: 1, RefProcThreadModel::Single, marks_oops_alive: false
[665.803s][debug][gc,ref         ] GC(39) Skipped phase 3 of Reference Processing: no references
[665.803s][debug][gc,ref         ] GC(39) ReferenceProcessor::execute queues: 1, RefProcThreadModel::Single, marks_oops_alive: false
[665.803s][debug][gc,phases      ] GC(39) Reference Processing 0.125ms
[665.803s][debug][gc,phases      ] GC(39)   VM Weak                        Min:  0.0, Avg:  0.0, Max:  0.0, Diff:  0.0, Sum:  0.0, Workers: 4
[665.803s][debug][gc,phases      ] GC(39)     Dead                           Min: 0, Avg:  0.0, Max: 0, Diff: 0, Sum: 0, Workers: 4
[665.803s][debug][gc,phases      ] GC(39)     Total                          Min: 0, Avg: 226.8, Max: 459, Diff: 459, Sum: 907, Workers: 4
[665.803s][debug][gc,phases      ] GC(39)   ObjectSynchronizer Weak        Min:  0.0, Avg:  0.0, Max:  0.0, Diff:  0.0, Sum:  0.0, Workers: 4
[665.803s][debug][gc,phases      ] GC(39)     Dead                           Min: 0, Avg:  0.0, Max: 0, Diff: 0, Sum: 0, Workers: 4
[665.803s][debug][gc,phases      ] GC(39)     Total                          Min: 0, Avg: 12.8, Max: 51, Diff: 51, Sum: 51, Workers: 4
[665.803s][debug][gc,phases      ] GC(39)   JVMTI Tag Weak OopStorage      Min:  0.0, Avg:  0.0, Max:  0.0, Diff:  0.0, Sum:  0.0, Workers: 4
[665.803s][debug][gc,phases      ] GC(39)     Dead                           Min: 0, Avg:  0.0, Max: 0, Diff: 0, Sum: 0, Workers: 4
[665.803s][debug][gc,phases      ] GC(39)     Total                          Min: 0, Avg:  0.0, Max: 0, Diff: 0, Sum: 0, Workers: 4
[665.803s][debug][gc,phases      ] GC(39)   StringTable Weak               Min:  0.0, Avg:  0.1, Max:  0.1, Diff:  0.1, Sum:  0.4, Workers: 4
[665.803s][debug][gc,phases      ] GC(39)     Dead                           Min: 0, Avg:  0.0, Max: 0, Diff: 0, Sum: 0, Workers: 4
[665.803s][debug][gc,phases      ] GC(39)     Total                          Min: 0, Avg: 10882.8, Max: 18891, Diff: 18891, Sum: 43531, Workers: 4
[665.803s][debug][gc,phases      ] GC(39)   ResolvedMethodTable Weak       Min:  0.0, Avg:  0.0, Max:  0.0, Diff:  0.0, Sum:  0.1, Workers: 4
[665.803s][debug][gc,phases      ] GC(39)     Dead                           Min: 0, Avg:  0.0, Max: 0, Diff: 0, Sum: 0, Workers: 4
[665.803s][debug][gc,phases      ] GC(39)     Total                          Min: 0, Avg: 2353.2, Max: 3904, Diff: 3904, Sum: 9413, Workers: 4
[665.803s][debug][gc,phases      ] GC(39)   JNI Weak                       Min:  0.0, Avg:  0.0, Max:  0.0, Diff:  0.0, Sum:  0.0, Workers: 4
[665.803s][debug][gc,phases      ] GC(39)     Dead                           Min: 0, Avg:  0.0, Max: 0, Diff: 0, Sum: 0, Workers: 4
[665.803s][debug][gc,phases      ] GC(39)     Total                          Min: 0, Avg: 11.2, Max: 45, Diff: 45, Sum: 45, Workers: 4
[665.803s][debug][gc,phases      ] GC(39)   StringDedup Table Weak         Min:  0.0, Avg:  0.0, Max:  0.0, Diff:  0.0, Sum:  0.0, Workers: 4
[665.803s][debug][gc,phases      ] GC(39)     Dead                           Min: 0, Avg:  0.0, Max: 0, Diff: 0, Sum: 0, Workers: 4
[665.803s][debug][gc,phases      ] GC(39)     Total                          Min: 0, Avg:  0.0, Max: 0, Diff: 0, Sum: 0, Workers: 4
[665.803s][debug][gc,phases      ] GC(39)   StringDedup Requests0 Weak     Min:  0.0, Avg:  0.0, Max:  0.0, Diff:  0.0, Sum:  0.0, Workers: 4
[665.803s][debug][gc,phases      ] GC(39)     Dead                           Min: 0, Avg:  0.0, Max: 0, Diff: 0, Sum: 0, Workers: 4
[665.803s][debug][gc,phases      ] GC(39)     Total                          Min: 0, Avg:  0.0, Max: 0, Diff: 0, Sum: 0, Workers: 4
[665.803s][debug][gc,phases      ] GC(39)   StringDedup Requests1 Weak     Min:  0.0, Avg:  0.0, Max:  0.0, Diff:  0.0, Sum:  0.0, Workers: 4
[665.803s][debug][gc,phases      ] GC(39)     Dead                           Min: 0, Avg:  0.0, Max: 0, Diff: 0, Sum: 0, Workers: 4
[665.803s][debug][gc,phases      ] GC(39)     Total                          Min: 0, Avg:  0.0, Max: 0, Diff: 0, Sum: 0, Workers: 4
[665.803s][debug][gc,phases      ] GC(39)   Weak JFR Old Object Samples    Min:  0.0, Avg:  0.0, Max:  0.0, Diff:  0.0, Sum:  0.0, Workers: 4
[665.803s][debug][gc,phases      ] GC(39)     Dead                           Min: 0, Avg:  0.0, Max: 0, Diff: 0, Sum: 0, Workers: 4
[665.803s][debug][gc,phases      ] GC(39)     Total                          Min: 0, Avg:  0.0, Max: 0, Diff: 0, Sum: 0, Workers: 4
[665.803s][debug][gc,phases      ] GC(39) Weak Processing 0.329ms
[665.803s][debug][gc,age         ] GC(39) Desired survivor size 279969792 bytes, new threshold 15 (max threshold 15)
[665.803s][info ][gc,heap        ] GC(39) PSYoungGen: 1686522K(1797632K)->171146K(1823744K) Eden: 1507328K(1507328K)->0K(1543168K) From: 179194K(290304K)->171146K(280576K)
[665.803s][info ][gc,heap        ] GC(39) ParOldGen: 466869K(544768K)->468785K(544768K)
[665.803s][info ][gc,metaspace   ] GC(39) Metaspace: 81867K(83008K)->81867K(83008K) NonClass: 70168K(70784K)->70168K(70784K) Class: 11698K(12224K)->11698K(12224K)
[665.803s][info ][gc             ] GC(39) Pause Young (Allocation Failure) 2102M->624M(2313M) 44.525ms
[665.803s][info ][gc,cpu         ] GC(39) User=0.16s Sys=0.00s Real=0.04s
[665.803s][info ][safepoint      ] Safepoint "ParallelGCFailedAllocation", Time since last: 5642365716 ns, Reaching safepoint: 32501 ns, At safepoint: 44594750 ns, Total: 44627251 ns
[666.803s][info ][safepoint      ] Safepoint "Cleanup", Time since last: 1000079831 ns, Reaching safepoint: 62601 ns, At safepoint: 3100 ns, Total: 65701 ns
[671.804s][info ][safepoint      ] Safepoint "Cleanup", Time since last: 5000384355 ns, Reaching safepoint: 58100 ns, At safepoint: 2900 ns, Total: 61000 ns
[674.804s][info ][safepoint      ] Safepoint "Cleanup", Time since last: 3000223838 ns, Reaching safepoint: 53401 ns, At safepoint: 3300 ns, Total: 56701 ns
[675.804s][info ][safepoint      ] Safepoint "Cleanup", Time since last: 1000110578 ns, Reaching safepoint: 113400 ns, At safepoint: 7101 ns, Total: 120501 ns
[678.102s][info ][safepoint      ] Safepoint "Cleanup", Time since last: 2297570097 ns, Reaching safepoint: 45901 ns, At safepoint: 2900 ns, Total: 48801 ns
[679.102s][info ][safepoint      ] Safepoint "Cleanup", Time since last: 1000116177 ns, Reaching safepoint: 87201 ns, At safepoint: 3800 ns, Total: 91001 ns
[683.102s][info ][safepoint      ] Safepoint "Cleanup", Time since last: 4000288679 ns, Reaching safepoint: 43501 ns, At safepoint: 4200 ns, Total: 47701 ns
[684.103s][info ][safepoint      ] Safepoint "Cleanup", Time since last: 1000129754 ns, Reaching safepoint: 65500 ns, At safepoint: 3600 ns, Total: 69100 ns
[687.103s][info ][safepoint      ] Safepoint "Cleanup", Time since last: 3000188360 ns, Reaching safepoint: 71301 ns, At safepoint: 2900 ns, Total: 74201 ns
[689.103s][info ][safepoint      ] Safepoint "Cleanup", Time since last: 2000140407 ns, Reaching safepoint: 47200 ns, At safepoint: 2100 ns, Total: 49300 ns
[690.103s][info ][safepoint      ] Safepoint "Cleanup", Time since last: 1000098476 ns, Reaching safepoint: 55400 ns, At safepoint: 3400 ns, Total: 58800 ns
[691.103s][info ][safepoint      ] Safepoint "Cleanup", Time since last: 1000107640 ns, Reaching safepoint: 42300 ns, At safepoint: 2600 ns, Total: 44900 ns
[695.104s][info ][safepoint      ] Safepoint "Cleanup", Time since last: 4000258056 ns, Reaching safepoint: 67701 ns, At safepoint: 5700 ns, Total: 73401 ns
[696.104s][info ][safepoint      ] Safepoint "Cleanup", Time since last: 1000090739 ns, Reaching safepoint: 42201 ns, At safepoint: 2600 ns, Total: 44801 ns
[697.104s][info ][safepoint      ] Safepoint "Cleanup", Time since last: 1000073139 ns, Reaching safepoint: 53800 ns, At safepoint: 2400 ns, Total: 56200 ns
[698.104s][info ][safepoint      ] Safepoint "Cleanup", Time since last: 1000111157 ns, Reaching safepoint: 110701 ns, At safepoint: 4900 ns, Total: 115601 ns
[699.224s][info ][safepoint      ] Safepoint "Cleanup", Time since last: 1119816967 ns, Reaching safepoint: 110001 ns, At safepoint: 5400 ns, Total: 115401 ns
[700.224s][info ][safepoint      ] Safepoint "Cleanup", Time since last: 1000109508 ns, Reaching safepoint: 54800 ns, At safepoint: 2500 ns, Total: 57300 ns
[701.209s][info ][gc,start       ] GC(40) Pause Young (Allocation Failure)
[701.249s][debug][gc,phases      ] GC(40) Scavenge 39.780ms
[701.249s][debug][gc,ref         ] GC(40) Skipped phase 1 of Reference Processing: no references
[701.249s][debug][gc,ref         ] GC(40) ReferenceProcessor::execute queues: 1, RefProcThreadModel::Single, marks_oops_alive: false
[701.249s][debug][gc,ref         ] GC(40) Skipped phase 3 of Reference Processing: no references
[701.249s][debug][gc,ref         ] GC(40) ReferenceProcessor::execute queues: 1, RefProcThreadModel::Single, marks_oops_alive: false
[701.249s][debug][gc,phases      ] GC(40) Reference Processing 0.118ms
[701.250s][debug][gc,phases      ] GC(40)   VM Weak                        Min:  0.0, Avg:  0.0, Max:  0.0, Diff:  0.0, Sum:  0.0, Workers: 4
[701.250s][debug][gc,phases      ] GC(40)     Dead                           Min: 0, Avg:  0.0, Max: 0, Diff: 0, Sum: 0, Workers: 4
[701.250s][debug][gc,phases      ] GC(40)     Total                          Min: 0, Avg: 228.0, Max: 720, Diff: 720, Sum: 912, Workers: 4
[701.250s][debug][gc,phases      ] GC(40)   ObjectSynchronizer Weak        Min:  0.0, Avg:  0.0, Max:  0.0, Diff:  0.0, Sum:  0.0, Workers: 4
[701.250s][debug][gc,phases      ] GC(40)     Dead                           Min: 0, Avg:  0.0, Max: 0, Diff: 0, Sum: 0, Workers: 4
[701.250s][debug][gc,phases      ] GC(40)     Total                          Min: 0, Avg: 12.8, Max: 51, Diff: 51, Sum: 51, Workers: 4
[701.250s][debug][gc,phases      ] GC(40)   JVMTI Tag Weak OopStorage      Min:  0.0, Avg:  0.0, Max:  0.0, Diff:  0.0, Sum:  0.0, Workers: 4
[701.250s][debug][gc,phases      ] GC(40)     Dead                           Min: 0, Avg:  0.0, Max: 0, Diff: 0, Sum: 0, Workers: 4
[701.250s][debug][gc,phases      ] GC(40)     Total                          Min: 0, Avg:  0.0, Max: 0, Diff: 0, Sum: 0, Workers: 4
[701.250s][debug][gc,phases      ] GC(40)   StringTable Weak               Min:  0.0, Avg:  0.1, Max:  0.2, Diff:  0.2, Sum:  0.3, Workers: 4
[701.250s][debug][gc,phases      ] GC(40)     Dead                           Min: 0, Avg:  0.2, Max: 1, Diff: 1, Sum: 1, Workers: 4
[701.250s][debug][gc,phases      ] GC(40)     Total                          Min: 0, Avg: 10905.2, Max: 26816, Diff: 26816, Sum: 43621, Workers: 4
[701.250s][debug][gc,phases      ] GC(40)   ResolvedMethodTable Weak       Min:  0.0, Avg:  0.0, Max:  0.0, Diff:  0.0, Sum:  0.1, Workers: 4
[701.250s][debug][gc,phases      ] GC(40)     Dead                           Min: 0, Avg:  5.8, Max: 20, Diff: 20, Sum: 23, Workers: 4
[701.250s][debug][gc,phases      ] GC(40)     Total                          Min: 0, Avg: 2369.0, Max: 5567, Diff: 5567, Sum: 9476, Workers: 4
[701.250s][debug][gc,phases      ] GC(40)   JNI Weak                       Min:  0.0, Avg:  0.0, Max:  0.0, Diff:  0.0, Sum:  0.0, Workers: 4
[701.250s][debug][gc,phases      ] GC(40)     Dead                           Min: 0, Avg:  0.0, Max: 0, Diff: 0, Sum: 0, Workers: 4
[701.250s][debug][gc,phases      ] GC(40)     Total                          Min: 0, Avg: 11.2, Max: 45, Diff: 45, Sum: 45, Workers: 4
[701.250s][debug][gc,phases      ] GC(40)   StringDedup Table Weak         Min:  0.0, Avg:  0.0, Max:  0.0, Diff:  0.0, Sum:  0.0, Workers: 4
[701.250s][debug][gc,phases      ] GC(40)     Dead                           Min: 0, Avg:  0.0, Max: 0, Diff: 0, Sum: 0, Workers: 4
[701.250s][debug][gc,phases      ] GC(40)     Total                          Min: 0, Avg:  0.0, Max: 0, Diff: 0, Sum: 0, Workers: 4
[701.250s][debug][gc,phases      ] GC(40)   StringDedup Requests0 Weak     Min:  0.0, Avg:  0.0, Max:  0.0, Diff:  0.0, Sum:  0.0, Workers: 4
[701.250s][debug][gc,phases      ] GC(40)     Dead                           Min: 0, Avg:  0.0, Max: 0, Diff: 0, Sum: 0, Workers: 4
[701.250s][debug][gc,phases      ] GC(40)     Total                          Min: 0, Avg:  0.0, Max: 0, Diff: 0, Sum: 0, Workers: 4
[701.250s][debug][gc,phases      ] GC(40)   StringDedup Requests1 Weak     Min:  0.0, Avg:  0.0, Max:  0.0, Diff:  0.0, Sum:  0.0, Workers: 4
[701.250s][debug][gc,phases      ] GC(40)     Dead                           Min: 0, Avg:  0.0, Max: 0, Diff: 0, Sum: 0, Workers: 4
[701.250s][debug][gc,phases      ] GC(40)     Total                          Min: 0, Avg:  0.0, Max: 0, Diff: 0, Sum: 0, Workers: 4
[701.250s][debug][gc,phases      ] GC(40)   Weak JFR Old Object Samples    Min:  0.0, Avg:  0.0, Max:  0.0, Diff:  0.0, Sum:  0.0, Workers: 4
[701.250s][debug][gc,phases      ] GC(40)     Dead                           Min: 0, Avg:  0.0, Max: 0, Diff: 0, Sum: 0, Workers: 4
[701.250s][debug][gc,phases      ] GC(40)     Total                          Min: 0, Avg:  0.0, Max: 0, Diff: 0, Sum: 0, Workers: 4
[701.250s][debug][gc,phases      ] GC(40) Weak Processing 0.379ms
[701.250s][debug][gc,age         ] GC(40) Desired survivor size 273678336 bytes, new threshold 15 (max threshold 15)
[701.250s][info ][gc,heap        ] GC(40) PSYoungGen: 1714314K(1823744K)->164800K(1816576K) Eden: 1543168K(1543168K)->0K(1543168K) From: 171146K(280576K)->164800K(273408K)
[701.250s][info ][gc,heap        ] GC(40) ParOldGen: 468785K(544768K)->471120K(544768K)
[701.250s][info ][gc,metaspace   ] GC(40) Metaspace: 82182K(83328K)->82182K(83328K) NonClass: 70445K(71040K)->70445K(71040K) Class: 11736K(12288K)->11736K(12288K)
[701.250s][info ][gc             ] GC(40) Pause Young (Allocation Failure) 2131M->621M(2306M) 40.406ms
[701.250s][info ][gc,cpu         ] GC(40) User=0.14s Sys=0.00s Real=0.04s
[701.250s][info ][safepoint      ] Safepoint "ParallelGCFailedAllocation", Time since last: 985069788 ns, Reaching safepoint: 68100 ns, At safepoint: 40483524 ns, Total: 40551624 ns
[702.250s][info ][safepoint      ] Safepoint "Cleanup", Time since last: 1000095308 ns, Reaching safepoint: 36001 ns, At safepoint: 2800 ns, Total: 38801 ns
[703.250s][info ][safepoint      ] Safepoint "Cleanup", Time since last: 1000105108 ns, Reaching safepoint: 97600 ns, At safepoint: 5000 ns, Total: 102600 ns
[704.250s][info ][safepoint      ] Safepoint "Cleanup", Time since last: 1000119609 ns, Reaching safepoint: 51500 ns, At safepoint: 3400 ns, Total: 54900 ns
[705.251s][info ][safepoint      ] Safepoint "Cleanup", Time since last: 1000062808 ns, Reaching safepoint: 45900 ns, At safepoint: 2600 ns, Total: 48500 ns
[706.251s][info ][safepoint      ] Safepoint "Cleanup", Time since last: 1000108446 ns, Reaching safepoint: 66101 ns, At safepoint: 2300 ns, Total: 68401 ns
[708.118s][info ][safepoint      ] Safepoint "Cleanup", Time since last: 1867538660 ns, Reaching safepoint: 76501 ns, At safepoint: 7300 ns, Total: 83801 ns
[709.118s][info ][safepoint      ] Safepoint "Cleanup", Time since last: 1000106251 ns, Reaching safepoint: 53001 ns, At safepoint: 2400 ns, Total: 55401 ns
[710.119s][info ][safepoint      ] Safepoint "Cleanup", Time since last: 1000103351 ns, Reaching safepoint: 102701 ns, At safepoint: 7800 ns, Total: 110501 ns
[711.119s][info ][safepoint      ] Safepoint "Cleanup", Time since last: 1000104751 ns, Reaching safepoint: 105301 ns, At safepoint: 2100 ns, Total: 107401 ns
[712.119s][info ][safepoint      ] Safepoint "Cleanup", Time since last: 1000090451 ns, Reaching safepoint: 94700 ns, At safepoint: 6700 ns, Total: 101400 ns
[713.119s][info ][safepoint      ] Safepoint "Cleanup", Time since last: 1000125952 ns, Reaching safepoint: 97401 ns, At safepoint: 4100 ns, Total: 101501 ns
[714.120s][info ][safepoint      ] Safepoint "Cleanup", Time since last: 1000164772 ns, Reaching safepoint: 127501 ns, At safepoint: 5200 ns, Total: 132701 ns
[715.120s][info ][safepoint      ] Safepoint "Cleanup", Time since last: 1000117533 ns, Reaching safepoint: 65901 ns, At safepoint: 5000 ns, Total: 70901 ns
[716.120s][info ][safepoint      ] Safepoint "Cleanup", Time since last: 1000114933 ns, Reaching safepoint: 54400 ns, At safepoint: 2400 ns, Total: 56800 ns
[717.120s][info ][safepoint      ] Safepoint "Cleanup", Time since last: 1000108233 ns, Reaching safepoint: 46701 ns, At safepoint: 2200 ns, Total: 48901 ns
[718.120s][info ][safepoint      ] Safepoint "Cleanup", Time since last: 1000103733 ns, Reaching safepoint: 40700 ns, At safepoint: 2900 ns, Total: 43600 ns
[719.120s][info ][safepoint      ] Safepoint "Cleanup", Time since last: 1000109233 ns, Reaching safepoint: 58200 ns, At safepoint: 5200 ns, Total: 63400 ns
[720.121s][info ][safepoint      ] Safepoint "Cleanup", Time since last: 1000107533 ns, Reaching safepoint: 39101 ns, At safepoint: 2800 ns, Total: 41901 ns
[721.121s][info ][safepoint      ] Safepoint "Cleanup", Time since last: 1000129633 ns, Reaching safepoint: 43100 ns, At safepoint: 2500 ns, Total: 45600 ns
[722.121s][info ][safepoint      ] Safepoint "Cleanup", Time since last: 1000107556 ns, Reaching safepoint: 119801 ns, At safepoint: 8500 ns, Total: 128301 ns
[723.121s][info ][safepoint      ] Safepoint "Cleanup", Time since last: 1000096924 ns, Reaching safepoint: 63000 ns, At safepoint: 10400 ns, Total: 73400 ns
[724.121s][info ][safepoint      ] Safepoint "Cleanup", Time since last: 1000070024 ns, Reaching safepoint: 63800 ns, At safepoint: 2200 ns, Total: 66000 ns
[725.121s][info ][safepoint      ] Safepoint "Cleanup", Time since last: 1000110624 ns, Reaching safepoint: 52701 ns, At safepoint: 2300 ns, Total: 55001 ns
[725.811s][info ][gc,start       ] GC(41) Pause Young (Allocation Failure)
[725.850s][debug][gc,phases      ] GC(41) Scavenge 39.496ms
[725.850s][debug][gc,ref         ] GC(41) Skipped phase 1 of Reference Processing: no references
[725.850s][debug][gc,ref         ] GC(41) ReferenceProcessor::execute queues: 1, RefProcThreadModel::Single, marks_oops_alive: false
[725.850s][debug][gc,ref         ] GC(41) Skipped phase 3 of Reference Processing: no references
[725.850s][debug][gc,ref         ] GC(41) ReferenceProcessor::execute queues: 1, RefProcThreadModel::Single, marks_oops_alive: false
[725.850s][debug][gc,phases      ] GC(41) Reference Processing 0.118ms
[725.850s][debug][gc,phases      ] GC(41)   VM Weak                        Min:  0.0, Avg:  0.0, Max:  0.0, Diff:  0.0, Sum:  0.0, Workers: 4
[725.850s][debug][gc,phases      ] GC(41)     Dead                           Min: 0, Avg:  0.0, Max: 0, Diff: 0, Sum: 0, Workers: 4
[725.850s][debug][gc,phases      ] GC(41)     Total                          Min: 0, Avg: 228.0, Max: 832, Diff: 832, Sum: 912, Workers: 4
[725.851s][debug][gc,phases      ] GC(41)   ObjectSynchronizer Weak        Min:  0.0, Avg:  0.0, Max:  0.0, Diff:  0.0, Sum:  0.0, Workers: 4
[725.851s][debug][gc,phases      ] GC(41)     Dead                           Min: 0, Avg:  0.0, Max: 0, Diff: 0, Sum: 0, Workers: 4
[725.851s][debug][gc,phases      ] GC(41)     Total                          Min: 0, Avg: 12.8, Max: 51, Diff: 51, Sum: 51, Workers: 4
[725.851s][debug][gc,phases      ] GC(41)   JVMTI Tag Weak OopStorage      Min:  0.0, Avg:  0.0, Max:  0.0, Diff:  0.0, Sum:  0.0, Workers: 4
[725.851s][debug][gc,phases      ] GC(41)     Dead                           Min: 0, Avg:  0.0, Max: 0, Diff: 0, Sum: 0, Workers: 4
[725.851s][debug][gc,phases      ] GC(41)     Total                          Min: 0, Avg:  0.0, Max: 0, Diff: 0, Sum: 0, Workers: 4
[725.851s][debug][gc,phases      ] GC(41)   StringTable Weak               Min:  0.0, Avg:  0.1, Max:  0.1, Diff:  0.1, Sum:  0.4, Workers: 4
[725.851s][debug][gc,phases      ] GC(41)     Dead                           Min: 0, Avg:  0.2, Max: 1, Diff: 1, Sum: 1, Workers: 4
[725.851s][debug][gc,phases      ] GC(41)     Total                          Min: 0, Avg: 10908.8, Max: 18431, Diff: 18431, Sum: 43635, Workers: 4
[725.851s][debug][gc,phases      ] GC(41)   ResolvedMethodTable Weak       Min:  0.0, Avg:  0.0, Max:  0.0, Diff:  0.0, Sum:  0.1, Workers: 4
[725.851s][debug][gc,phases      ] GC(41)     Dead                           Min: 0, Avg:  0.0, Max: 0, Diff: 0, Sum: 0, Workers: 4
[725.851s][debug][gc,phases      ] GC(41)     Total                          Min: 0, Avg: 2371.0, Max: 4108, Diff: 4108, Sum: 9484, Workers: 4
[725.851s][debug][gc,phases      ] GC(41)   JNI Weak                       Min:  0.0, Avg:  0.0, Max:  0.0, Diff:  0.0, Sum:  0.0, Workers: 4
[725.851s][debug][gc,phases      ] GC(41)     Dead                           Min: 0, Avg:  0.0, Max: 0, Diff: 0, Sum: 0, Workers: 4
[725.851s][debug][gc,phases      ] GC(41)     Total                          Min: 0, Avg: 11.2, Max: 45, Diff: 45, Sum: 45, Workers: 4
[725.851s][debug][gc,phases      ] GC(41)   StringDedup Table Weak         Min:  0.0, Avg:  0.0, Max:  0.0, Diff:  0.0, Sum:  0.0, Workers: 4
[725.851s][debug][gc,phases      ] GC(41)     Dead                           Min: 0, Avg:  0.0, Max: 0, Diff: 0, Sum: 0, Workers: 4
[725.851s][debug][gc,phases      ] GC(41)     Total                          Min: 0, Avg:  0.0, Max: 0, Diff: 0, Sum: 0, Workers: 4
[725.851s][debug][gc,phases      ] GC(41)   StringDedup Requests0 Weak     Min:  0.0, Avg:  0.0, Max:  0.0, Diff:  0.0, Sum:  0.0, Workers: 4
[725.851s][debug][gc,phases      ] GC(41)     Dead                           Min: 0, Avg:  0.0, Max: 0, Diff: 0, Sum: 0, Workers: 4
[725.851s][debug][gc,phases      ] GC(41)     Total                          Min: 0, Avg:  0.0, Max: 0, Diff: 0, Sum: 0, Workers: 4
[725.851s][debug][gc,phases      ] GC(41)   StringDedup Requests1 Weak     Min:  0.0, Avg:  0.0, Max:  0.0, Diff:  0.0, Sum:  0.0, Workers: 4
[725.851s][debug][gc,phases      ] GC(41)     Dead                           Min: 0, Avg:  0.0, Max: 0, Diff: 0, Sum: 0, Workers: 4
[725.851s][debug][gc,phases      ] GC(41)     Total                          Min: 0, Avg:  0.0, Max: 0, Diff: 0, Sum: 0, Workers: 4
[725.851s][debug][gc,phases      ] GC(41)   Weak JFR Old Object Samples    Min:  0.0, Avg:  0.0, Max:  0.0, Diff:  0.0, Sum:  0.0, Workers: 4
[725.851s][debug][gc,phases      ] GC(41)     Dead                           Min: 0, Avg:  0.0, Max: 0, Diff: 0, Sum: 0, Workers: 4
[725.851s][debug][gc,phases      ] GC(41)     Total                          Min: 0, Avg:  0.0, Max: 0, Diff: 0, Sum: 0, Workers: 4
[725.851s][debug][gc,phases      ] GC(41) Weak Processing 0.338ms
[725.851s][debug][gc,age         ] GC(41) Desired survivor size 270008320 bytes, new threshold 15 (max threshold 15)
[725.851s][info ][gc,heap        ] GC(41) PSYoungGen: 1707968K(1816576K)->150064K(1833472K) Eden: 1543168K(1543168K)->0K(1566208K) From: 164800K(273408K)->150064K(267264K)
[725.851s][info ][gc,heap        ] GC(41) ParOldGen: 471120K(544768K)->471483K(544768K)
[725.851s][info ][gc,metaspace   ] GC(41) Metaspace: 82318K(83456K)->82318K(83456K) NonClass: 70576K(71168K)->70576K(71168K) Class: 11741K(12288K)->11741K(12288K)
[725.851s][info ][gc             ] GC(41) Pause Young (Allocation Failure) 2128M->606M(2322M) 40.076ms
[725.851s][info ][gc,cpu         ] GC(41) User=0.13s Sys=0.00s Real=0.04s
[725.851s][info ][safepoint      ] Safepoint "ParallelGCFailedAllocation", Time since last: 689006828 ns, Reaching safepoint: 48200 ns, At safepoint: 40154222 ns, Total: 40202422 ns
[726.851s][info ][safepoint      ] Safepoint "Cleanup", Time since last: 1000082524 ns, Reaching safepoint: 65800 ns, At safepoint: 3001 ns, Total: 68801 ns
[727.851s][info ][safepoint      ] Safepoint "Cleanup", Time since last: 1000102623 ns, Reaching safepoint: 49301 ns, At safepoint: 2400 ns, Total: 51701 ns
[728.851s][info ][safepoint      ] Safepoint "Cleanup", Time since last: 1000112224 ns, Reaching safepoint: 84000 ns, At safepoint: 6500 ns, Total: 90500 ns
[729.851s][info ][safepoint      ] Safepoint "Cleanup", Time since last: 1000156425 ns, Reaching safepoint: 58600 ns, At safepoint: 3300 ns, Total: 61900 ns
[730.852s][info ][safepoint      ] Safepoint "Cleanup", Time since last: 1000104502 ns, Reaching safepoint: 50300 ns, At safepoint: 3700 ns, Total: 54000 ns
[731.852s][info ][safepoint      ] Safepoint "Cleanup", Time since last: 1000107799 ns, Reaching safepoint: 92500 ns, At safepoint: 4200 ns, Total: 96700 ns
[732.852s][info ][safepoint      ] Safepoint "Cleanup", Time since last: 1000107499 ns, Reaching safepoint: 55700 ns, At safepoint: 3600 ns, Total: 59300 ns
[733.852s][info ][safepoint      ] Safepoint "Cleanup", Time since last: 1000105599 ns, Reaching safepoint: 55600 ns, At safepoint: 2100 ns, Total: 57700 ns
[734.852s][info ][safepoint      ] Safepoint "Cleanup", Time since last: 1000109799 ns, Reaching safepoint: 52200 ns, At safepoint: 2600 ns, Total: 54800 ns
[735.852s][info ][safepoint      ] Safepoint "Cleanup", Time since last: 1000068098 ns, Reaching safepoint: 57501 ns, At safepoint: 2600 ns, Total: 60101 ns
[736.853s][info ][safepoint      ] Safepoint "Cleanup", Time since last: 1000110798 ns, Reaching safepoint: 38001 ns, At safepoint: 5200 ns, Total: 43201 ns
[737.853s][info ][safepoint      ] Safepoint "Cleanup", Time since last: 1000105998 ns, Reaching safepoint: 29100 ns, At safepoint: 3700 ns, Total: 32800 ns
[738.853s][info ][safepoint      ] Safepoint "Cleanup", Time since last: 1000076148 ns, Reaching safepoint: 65701 ns, At safepoint: 3600 ns, Total: 69301 ns
[739.853s][info ][safepoint      ] Safepoint "Cleanup", Time since last: 1000076350 ns, Reaching safepoint: 120301 ns, At safepoint: 5300 ns, Total: 125601 ns
[741.132s][info ][safepoint      ] Safepoint "Cleanup", Time since last: 1278469062 ns, Reaching safepoint: 170102 ns, At safepoint: 6600 ns, Total: 176702 ns
[742.132s][info ][safepoint      ] Safepoint "Cleanup", Time since last: 1000138350 ns, Reaching safepoint: 47900 ns, At safepoint: 6000 ns, Total: 53900 ns
[744.132s][info ][safepoint      ] Safepoint "Cleanup", Time since last: 2000194600 ns, Reaching safepoint: 117401 ns, At safepoint: 7000 ns, Total: 124401 ns
[747.133s][info ][safepoint      ] Safepoint "Cleanup", Time since last: 3000259069 ns, Reaching safepoint: 60600 ns, At safepoint: 6900 ns, Total: 67500 ns
[748.133s][info ][safepoint      ] Safepoint "Cleanup", Time since last: 1000118286 ns, Reaching safepoint: 52600 ns, At safepoint: 3200 ns, Total: 55800 ns
[755.116s][info ][safepoint      ] Safepoint "Cleanup", Time since last: 6983341368 ns, Reaching safepoint: 63100 ns, At safepoint: 7100 ns, Total: 70200 ns
[756.116s][info ][safepoint      ] Safepoint "Cleanup", Time since last: 1000112974 ns, Reaching safepoint: 41900 ns, At safepoint: 4300 ns, Total: 46200 ns
[757.116s][info ][safepoint      ] Safepoint "Cleanup", Time since last: 1000113974 ns, Reaching safepoint: 37100 ns, At safepoint: 4700 ns, Total: 41800 ns
[757.809s][info ][gc,start       ] GC(42) Pause Young (Allocation Failure)
[757.844s][debug][gc,phases      ] GC(42) Scavenge 34.875ms
[757.844s][debug][gc,ref         ] GC(42) Skipped phase 1 of Reference Processing: no references
[757.844s][debug][gc,ref         ] GC(42) ReferenceProcessor::execute queues: 1, RefProcThreadModel::Single, marks_oops_alive: false
[757.844s][debug][gc,ref         ] GC(42) Skipped phase 3 of Reference Processing: no references
[757.844s][debug][gc,ref         ] GC(42) ReferenceProcessor::execute queues: 1, RefProcThreadModel::Single, marks_oops_alive: false
[757.844s][debug][gc,phases      ] GC(42) Reference Processing 0.159ms
[757.845s][debug][gc,phases      ] GC(42)   VM Weak                        Min:  0.0, Avg:  0.0, Max:  0.0, Diff:  0.0, Sum:  0.0, Workers: 4
[757.845s][debug][gc,phases      ] GC(42)     Dead                           Min: 0, Avg:  0.0, Max: 0, Diff: 0, Sum: 0, Workers: 4
[757.845s][debug][gc,phases      ] GC(42)     Total                          Min: 0, Avg: 228.0, Max: 512, Diff: 512, Sum: 912, Workers: 4
[757.845s][debug][gc,phases      ] GC(42)   ObjectSynchronizer Weak        Min:  0.0, Avg:  0.0, Max:  0.0, Diff:  0.0, Sum:  0.0, Workers: 4
[757.845s][debug][gc,phases      ] GC(42)     Dead                           Min: 0, Avg:  0.0, Max: 0, Diff: 0, Sum: 0, Workers: 4
[757.845s][debug][gc,phases      ] GC(42)     Total                          Min: 0, Avg: 12.8, Max: 51, Diff: 51, Sum: 51, Workers: 4
[757.845s][debug][gc,phases      ] GC(42)   JVMTI Tag Weak OopStorage      Min:  0.0, Avg:  0.0, Max:  0.0, Diff:  0.0, Sum:  0.0, Workers: 4
[757.845s][debug][gc,phases      ] GC(42)     Dead                           Min: 0, Avg:  0.0, Max: 0, Diff: 0, Sum: 0, Workers: 4
[757.845s][debug][gc,phases      ] GC(42)     Total                          Min: 0, Avg:  0.0, Max: 0, Diff: 0, Sum: 0, Workers: 4
[757.845s][debug][gc,phases      ] GC(42)   StringTable Weak               Min:  0.0, Avg:  0.1, Max:  0.2, Diff:  0.2, Sum:  0.4, Workers: 4
[757.845s][debug][gc,phases      ] GC(42)     Dead                           Min: 0, Avg:  0.0, Max: 0, Diff: 0, Sum: 0, Workers: 4
[757.845s][debug][gc,phases      ] GC(42)     Total                          Min: 0, Avg: 10919.2, Max: 22016, Diff: 22016, Sum: 43677, Workers: 4
[757.845s][debug][gc,phases      ] GC(42)   ResolvedMethodTable Weak       Min:  0.0, Avg:  0.0, Max:  0.0, Diff:  0.0, Sum:  0.1, Workers: 4
[757.845s][debug][gc,phases      ] GC(42)     Dead                           Min: 0, Avg:  0.0, Max: 0, Diff: 0, Sum: 0, Workers: 4
[757.845s][debug][gc,phases      ] GC(42)     Total                          Min: 0, Avg: 2371.0, Max: 4799, Diff: 4799, Sum: 9484, Workers: 4
[757.845s][debug][gc,phases      ] GC(42)   JNI Weak                       Min:  0.0, Avg:  0.0, Max:  0.0, Diff:  0.0, Sum:  0.0, Workers: 4
[757.845s][debug][gc,phases      ] GC(42)     Dead                           Min: 0, Avg:  0.0, Max: 0, Diff: 0, Sum: 0, Workers: 4
[757.845s][debug][gc,phases      ] GC(42)     Total                          Min: 0, Avg: 11.2, Max: 45, Diff: 45, Sum: 45, Workers: 4
[757.845s][debug][gc,phases      ] GC(42)   StringDedup Table Weak         Min:  0.0, Avg:  0.0, Max:  0.0, Diff:  0.0, Sum:  0.0, Workers: 4
[757.845s][debug][gc,phases      ] GC(42)     Dead                           Min: 0, Avg:  0.0, Max: 0, Diff: 0, Sum: 0, Workers: 4
[757.845s][debug][gc,phases      ] GC(42)     Total                          Min: 0, Avg:  0.0, Max: 0, Diff: 0, Sum: 0, Workers: 4
[757.845s][debug][gc,phases      ] GC(42)   StringDedup Requests0 Weak     Min:  0.0, Avg:  0.0, Max:  0.0, Diff:  0.0, Sum:  0.0, Workers: 4
[757.845s][debug][gc,phases      ] GC(42)     Dead                           Min: 0, Avg:  0.0, Max: 0, Diff: 0, Sum: 0, Workers: 4
[757.845s][debug][gc,phases      ] GC(42)     Total                          Min: 0, Avg:  0.0, Max: 0, Diff: 0, Sum: 0, Workers: 4
[757.845s][debug][gc,phases      ] GC(42)   StringDedup Requests1 Weak     Min:  0.0, Avg:  0.0, Max:  0.0, Diff:  0.0, Sum:  0.0, Workers: 4
[757.845s][debug][gc,phases      ] GC(42)     Dead                           Min: 0, Avg:  0.0, Max: 0, Diff: 0, Sum: 0, Workers: 4
[757.845s][debug][gc,phases      ] GC(42)     Total                          Min: 0, Avg:  0.0, Max: 0, Diff: 0, Sum: 0, Workers: 4
[757.845s][debug][gc,phases      ] GC(42)   Weak JFR Old Object Samples    Min:  0.0, Avg:  0.0, Max:  0.0, Diff:  0.0, Sum:  0.0, Workers: 4
[757.845s][debug][gc,phases      ] GC(42)     Dead                           Min: 0, Avg:  0.0, Max: 0, Diff: 0, Sum: 0, Workers: 4
[757.845s][debug][gc,phases      ] GC(42)     Total                          Min: 0, Avg:  0.0, Max: 0, Diff: 0, Sum: 0, Workers: 4
[757.845s][debug][gc,phases      ] GC(42) Weak Processing 0.523ms
[757.845s][debug][gc,age         ] GC(42) Desired survivor size 267386880 bytes, new threshold 15 (max threshold 15)
[757.845s][info ][gc,heap        ] GC(42) PSYoungGen: 1716272K(1833472K)->144448K(1829888K) Eden: 1566208K(1566208K)->0K(1566208K) From: 150064K(267264K)->144448K(263680K)
[757.845s][info ][gc,heap        ] GC(42) ParOldGen: 471483K(544768K)->471659K(544768K)
[757.845s][info ][gc,metaspace   ] GC(42) Metaspace: 82421K(83584K)->82421K(83584K) NonClass: 70678K(71296K)->70678K(71296K) Class: 11743K(12288K)->11743K(12288K)
[757.845s][info ][gc             ] GC(42) Pause Young (Allocation Failure) 2136M->601M(2319M) 35.707ms
[757.845s][info ][gc,cpu         ] GC(42) User=0.12s Sys=0.00s Real=0.03s
[757.845s][info ][safepoint      ] Safepoint "ParallelGCFailedAllocation", Time since last: 692695123 ns, Reaching safepoint: 37200 ns, At safepoint: 35798986 ns, Total: 35836186 ns
[758.845s][info ][safepoint      ] Safepoint "Cleanup", Time since last: 1000087073 ns, Reaching safepoint: 46901 ns, At safepoint: 2700 ns, Total: 49601 ns
[759.845s][info ][safepoint      ] Safepoint "Cleanup", Time since last: 1000102673 ns, Reaching safepoint: 45501 ns, At safepoint: 3900 ns, Total: 49401 ns
[763.846s][info ][safepoint      ] Safepoint "Cleanup", Time since last: 4000292648 ns, Reaching safepoint: 37501 ns, At safepoint: 2800 ns, Total: 40301 ns
[768.846s][info ][safepoint      ] Safepoint "Cleanup", Time since last: 5000384993 ns, Reaching safepoint: 55500 ns, At safepoint: 2200 ns, Total: 57700 ns
[772.846s][info ][safepoint      ] Safepoint "Cleanup", Time since last: 4000274683 ns, Reaching safepoint: 50100 ns, At safepoint: 3000 ns, Total: 53100 ns
[773.847s][info ][safepoint      ] Safepoint "Cleanup", Time since last: 1000116895 ns, Reaching safepoint: 47500 ns, At safepoint: 2800 ns, Total: 50300 ns
[776.847s][info ][safepoint      ] Safepoint "Cleanup", Time since last: 3000277384 ns, Reaching safepoint: 48101 ns, At safepoint: 2400 ns, Total: 50501 ns
[779.847s][info ][safepoint      ] Safepoint "Cleanup", Time since last: 3000168884 ns, Reaching safepoint: 62701 ns, At safepoint: 3000 ns, Total: 65701 ns
[780.847s][info ][safepoint      ] Safepoint "Cleanup", Time since last: 1000126095 ns, Reaching safepoint: 58201 ns, At safepoint: 2700 ns, Total: 60901 ns
[781.847s][info ][safepoint      ] Safepoint "Cleanup", Time since last: 1000124796 ns, Reaching safepoint: 48700 ns, At safepoint: 5000 ns, Total: 53700 ns
[782.848s][info ][safepoint      ] Safepoint "Cleanup", Time since last: 1000107895 ns, Reaching safepoint: 59401 ns, At safepoint: 3000 ns, Total: 62401 ns
[783.848s][info ][safepoint      ] Safepoint "Cleanup", Time since last: 1000113595 ns, Reaching safepoint: 49701 ns, At safepoint: 2400 ns, Total: 52101 ns
[784.848s][info ][safepoint      ] Safepoint "Cleanup", Time since last: 1000108795 ns, Reaching safepoint: 49801 ns, At safepoint: 2600 ns, Total: 52401 ns
[786.848s][info ][safepoint      ] Safepoint "Cleanup", Time since last: 2000166861 ns, Reaching safepoint: 59301 ns, At safepoint: 2600 ns, Total: 61901 ns
[787.848s][info ][safepoint      ] Safepoint "Cleanup", Time since last: 1000118264 ns, Reaching safepoint: 48600 ns, At safepoint: 2800 ns, Total: 51400 ns
[788.848s][info ][safepoint      ] Safepoint "Cleanup", Time since last: 1000108064 ns, Reaching safepoint: 47101 ns, At safepoint: 3200 ns, Total: 50301 ns
[789.849s][info ][safepoint      ] Safepoint "Cleanup", Time since last: 1000105464 ns, Reaching safepoint: 55400 ns, At safepoint: 11500 ns, Total: 66900 ns
[790.849s][info ][safepoint      ] Safepoint "Cleanup", Time since last: 1000111664 ns, Reaching safepoint: 50901 ns, At safepoint: 4900 ns, Total: 55801 ns
[791.849s][info ][safepoint      ] Safepoint "Cleanup", Time since last: 1000108464 ns, Reaching safepoint: 38800 ns, At safepoint: 3500 ns, Total: 42300 ns
[792.849s][info ][safepoint      ] Safepoint "Cleanup", Time since last: 1000136764 ns, Reaching safepoint: 48001 ns, At safepoint: 3200 ns, Total: 51201 ns
[796.850s][info ][safepoint      ] Safepoint "Cleanup", Time since last: 4000304816 ns, Reaching safepoint: 51201 ns, At safepoint: 2100 ns, Total: 53301 ns
[797.850s][info ][safepoint      ] Safepoint "Cleanup", Time since last: 1000129719 ns, Reaching safepoint: 68501 ns, At safepoint: 2800 ns, Total: 71301 ns
[798.850s][info ][safepoint      ] Safepoint "Cleanup", Time since last: 1000106219 ns, Reaching safepoint: 72001 ns, At safepoint: 2500 ns, Total: 74501 ns
[799.850s][info ][safepoint      ] Safepoint "Cleanup", Time since last: 1000136220 ns, Reaching safepoint: 58900 ns, At safepoint: 5500 ns, Total: 64400 ns
[800.850s][info ][safepoint      ] Safepoint "Cleanup", Time since last: 1000106620 ns, Reaching safepoint: 51100 ns, At safepoint: 3700 ns, Total: 54800 ns
[801.611s][info ][gc,start       ] GC(43) Pause Young (Allocation Failure)
[801.646s][debug][gc,phases      ] GC(43) Scavenge 34.708ms
[801.646s][debug][gc,ref         ] GC(43) Skipped phase 1 of Reference Processing: no references
[801.646s][debug][gc,ref         ] GC(43) ReferenceProcessor::execute queues: 1, RefProcThreadModel::Single, marks_oops_alive: false
[801.646s][debug][gc,ref         ] GC(43) ReferenceProcessor::execute queues: 4, RefProcThreadModel::Multi, marks_oops_alive: true
[801.646s][debug][gc,ref         ] GC(43) ReferenceProcessor::execute queues: 1, RefProcThreadModel::Single, marks_oops_alive: false
[801.646s][debug][gc,phases      ] GC(43) Reference Processing 0.478ms
[801.647s][debug][gc,phases      ] GC(43)   VM Weak                        Min:  0.0, Avg:  0.0, Max:  0.0, Diff:  0.0, Sum:  0.0, Workers: 4
[801.647s][debug][gc,phases      ] GC(43)     Dead                           Min: 0, Avg:  0.0, Max: 0, Diff: 0, Sum: 0, Workers: 4
[801.647s][debug][gc,phases      ] GC(43)     Total                          Min: 0, Avg: 228.0, Max: 640, Diff: 640, Sum: 912, Workers: 4
[801.647s][debug][gc,phases      ] GC(43)   ObjectSynchronizer Weak        Min:  0.0, Avg:  0.0, Max:  0.0, Diff:  0.0, Sum:  0.0, Workers: 4
[801.647s][debug][gc,phases      ] GC(43)     Dead                           Min: 0, Avg:  0.0, Max: 0, Diff: 0, Sum: 0, Workers: 4
[801.647s][debug][gc,phases      ] GC(43)     Total                          Min: 0, Avg: 12.8, Max: 51, Diff: 51, Sum: 51, Workers: 4
[801.647s][debug][gc,phases      ] GC(43)   JVMTI Tag Weak OopStorage      Min:  0.0, Avg:  0.0, Max:  0.0, Diff:  0.0, Sum:  0.0, Workers: 4
[801.647s][debug][gc,phases      ] GC(43)     Dead                           Min: 0, Avg:  0.0, Max: 0, Diff: 0, Sum: 0, Workers: 4
[801.647s][debug][gc,phases      ] GC(43)     Total                          Min: 0, Avg:  0.0, Max: 0, Diff: 0, Sum: 0, Workers: 4
[801.647s][debug][gc,phases      ] GC(43)   StringTable Weak               Min:  0.0, Avg:  0.1, Max:  0.2, Diff:  0.1, Sum:  0.5, Workers: 4
[801.647s][debug][gc,phases      ] GC(43)     Dead                           Min: 0, Avg:  0.2, Max: 1, Diff: 1, Sum: 1, Workers: 4
[801.647s][debug][gc,phases      ] GC(43)     Total                          Min: 6139, Avg: 10926.8, Max: 14720, Diff: 8581, Sum: 43707, Workers: 4
[801.647s][debug][gc,phases      ] GC(43)   ResolvedMethodTable Weak       Min:  0.0, Avg:  0.0, Max:  0.0, Diff:  0.0, Sum:  0.1, Workers: 4
[801.647s][debug][gc,phases      ] GC(43)     Dead                           Min: 0, Avg:  0.2, Max: 1, Diff: 1, Sum: 1, Workers: 4
[801.647s][debug][gc,phases      ] GC(43)     Total                          Min: 0, Avg: 2381.2, Max: 3959, Diff: 3959, Sum: 9525, Workers: 4
[801.647s][debug][gc,phases      ] GC(43)   JNI Weak                       Min:  0.0, Avg:  0.0, Max:  0.0, Diff:  0.0, Sum:  0.0, Workers: 4
[801.647s][debug][gc,phases      ] GC(43)     Dead                           Min: 0, Avg:  0.0, Max: 0, Diff: 0, Sum: 0, Workers: 4
[801.647s][debug][gc,phases      ] GC(43)     Total                          Min: 0, Avg: 11.2, Max: 45, Diff: 45, Sum: 45, Workers: 4
[801.647s][debug][gc,phases      ] GC(43)   StringDedup Table Weak         Min:  0.0, Avg:  0.0, Max:  0.0, Diff:  0.0, Sum:  0.0, Workers: 4
[801.647s][debug][gc,phases      ] GC(43)     Dead                           Min: 0, Avg:  0.0, Max: 0, Diff: 0, Sum: 0, Workers: 4
[801.647s][debug][gc,phases      ] GC(43)     Total                          Min: 0, Avg:  0.0, Max: 0, Diff: 0, Sum: 0, Workers: 4
[801.647s][debug][gc,phases      ] GC(43)   StringDedup Requests0 Weak     Min:  0.0, Avg:  0.0, Max:  0.0, Diff:  0.0, Sum:  0.0, Workers: 4
[801.647s][debug][gc,phases      ] GC(43)     Dead                           Min: 0, Avg:  0.0, Max: 0, Diff: 0, Sum: 0, Workers: 4
[801.647s][debug][gc,phases      ] GC(43)     Total                          Min: 0, Avg:  0.0, Max: 0, Diff: 0, Sum: 0, Workers: 4
[801.647s][debug][gc,phases      ] GC(43)   StringDedup Requests1 Weak     Min:  0.0, Avg:  0.0, Max:  0.0, Diff:  0.0, Sum:  0.0, Workers: 4
[801.647s][debug][gc,phases      ] GC(43)     Dead                           Min: 0, Avg:  0.0, Max: 0, Diff: 0, Sum: 0, Workers: 4
[801.647s][debug][gc,phases      ] GC(43)     Total                          Min: 0, Avg:  0.0, Max: 0, Diff: 0, Sum: 0, Workers: 4
[801.647s][debug][gc,phases      ] GC(43)   Weak JFR Old Object Samples    Min:  0.0, Avg:  0.0, Max:  0.0, Diff:  0.0, Sum:  0.0, Workers: 4
[801.647s][debug][gc,phases      ] GC(43)     Dead                           Min: 0, Avg:  0.0, Max: 0, Diff: 0, Sum: 0, Workers: 4
[801.647s][debug][gc,phases      ] GC(43)     Total                          Min: 0, Avg:  0.0, Max: 0, Diff: 0, Sum: 0, Workers: 4
[801.647s][debug][gc,phases      ] GC(43) Weak Processing 0.334ms
[801.647s][debug][gc,age         ] GC(43) Desired survivor size 264765440 bytes, new threshold 15 (max threshold 15)
[801.647s][info ][gc,heap        ] GC(43) PSYoungGen: 1710656K(1829888K)->137808K(1838592K) Eden: 1566208K(1566208K)->0K(1577472K) From: 144448K(263680K)->137808K(261120K)
[801.647s][info ][gc,heap        ] GC(43) ParOldGen: 471659K(544768K)->471811K(544768K)
[801.647s][info ][gc,metaspace   ] GC(43) Metaspace: 82526K(83648K)->82526K(83648K) NonClass: 70760K(71360K)->70760K(71360K) Class: 11765K(12288K)->11765K(12288K)
[801.647s][info ][gc             ] GC(43) Pause Young (Allocation Failure) 2131M->595M(2327M) 35.648ms
[801.647s][info ][gc,cpu         ] GC(43) User=0.12s Sys=0.00s Real=0.04s
[801.647s][info ][safepoint      ] Safepoint "ParallelGCFailedAllocation", Time since last: 760696124 ns, Reaching safepoint: 45200 ns, At safepoint: 35712783 ns, Total: 35757983 ns
[802.647s][info ][safepoint      ] Safepoint "Cleanup", Time since last: 1000081906 ns, Reaching safepoint: 40900 ns, At safepoint: 2900 ns, Total: 43800 ns
[803.647s][info ][safepoint      ] Safepoint "Cleanup", Time since last: 1000114601 ns, Reaching safepoint: 63301 ns, At safepoint: 8100 ns, Total: 71401 ns
[804.647s][info ][safepoint      ] Safepoint "Cleanup", Time since last: 1000121301 ns, Reaching safepoint: 64400 ns, At safepoint: 4800 ns, Total: 69200 ns
[806.648s][info ][safepoint      ] Safepoint "Cleanup", Time since last: 2000181702 ns, Reaching safepoint: 113901 ns, At safepoint: 8000 ns, Total: 121901 ns
[807.682s][info ][safepoint      ] Safepoint "ICBufferFull", Time since last: 1033959068 ns, Reaching safepoint: 261102 ns, At safepoint: 8800 ns, Total: 269902 ns
[808.538s][info ][safepoint      ] Safepoint "ICBufferFull", Time since last: 856225765 ns, Reaching safepoint: 262102 ns, At safepoint: 5600 ns, Total: 267702 ns
[809.246s][info ][gc,start       ] GC(44) Pause Young (Allocation Failure)
[809.291s][debug][gc,phases      ] GC(44) Scavenge 45.207ms
[809.291s][debug][gc,ref         ] GC(44) Skipped phase 1 of Reference Processing: no references
[809.291s][debug][gc,ref         ] GC(44) ReferenceProcessor::execute queues: 1, RefProcThreadModel::Single, marks_oops_alive: false
[809.291s][debug][gc,ref         ] GC(44) Skipped phase 3 of Reference Processing: no references
[809.291s][debug][gc,ref         ] GC(44) ReferenceProcessor::execute queues: 1, RefProcThreadModel::Single, marks_oops_alive: false
[809.291s][debug][gc,phases      ] GC(44) Reference Processing 0.133ms
[809.292s][debug][gc,phases      ] GC(44)   VM Weak                        Min:  0.0, Avg:  0.0, Max:  0.0, Diff:  0.0, Sum:  0.0, Workers: 4
[809.292s][debug][gc,phases      ] GC(44)     Dead                           Min: 0, Avg:  0.0, Max: 0, Diff: 0, Sum: 0, Workers: 4
[809.292s][debug][gc,phases      ] GC(44)     Total                          Min: 0, Avg: 233.2, Max: 448, Diff: 448, Sum: 933, Workers: 4
[809.292s][debug][gc,phases      ] GC(44)   ObjectSynchronizer Weak        Min:  0.0, Avg:  0.0, Max:  0.0, Diff:  0.0, Sum:  0.0, Workers: 4
[809.292s][debug][gc,phases      ] GC(44)     Dead                           Min: 0, Avg:  0.0, Max: 0, Diff: 0, Sum: 0, Workers: 4
[809.292s][debug][gc,phases      ] GC(44)     Total                          Min: 0, Avg: 13.2, Max: 53, Diff: 53, Sum: 53, Workers: 4
[809.292s][debug][gc,phases      ] GC(44)   JVMTI Tag Weak OopStorage      Min:  0.0, Avg:  0.0, Max:  0.0, Diff:  0.0, Sum:  0.0, Workers: 4
[809.292s][debug][gc,phases      ] GC(44)     Dead                           Min: 0, Avg:  0.0, Max: 0, Diff: 0, Sum: 0, Workers: 4
[809.292s][debug][gc,phases      ] GC(44)     Total                          Min: 0, Avg:  0.0, Max: 0, Diff: 0, Sum: 0, Workers: 4
[809.292s][debug][gc,phases      ] GC(44)   StringTable Weak               Min:  0.0, Avg:  0.1, Max:  0.1, Diff:  0.1, Sum:  0.4, Workers: 4
[809.292s][debug][gc,phases      ] GC(44)     Dead                           Min: 0, Avg:  0.8, Max: 1, Diff: 1, Sum: 3, Workers: 4
[809.292s][debug][gc,phases      ] GC(44)     Total                          Min: 0, Avg: 10948.8, Max: 14803, Diff: 14803, Sum: 43795, Workers: 4
[809.292s][debug][gc,phases      ] GC(44)   ResolvedMethodTable Weak       Min:  0.0, Avg:  0.0, Max:  0.0, Diff:  0.0, Sum:  0.1, Workers: 4
[809.292s][debug][gc,phases      ] GC(44)     Dead                           Min: 0, Avg:  0.0, Max: 0, Diff: 0, Sum: 0, Workers: 4
[809.292s][debug][gc,phases      ] GC(44)     Total                          Min: 0, Avg: 2429.2, Max: 3510, Diff: 3510, Sum: 9717, Workers: 4
[809.292s][debug][gc,phases      ] GC(44)   JNI Weak                       Min:  0.0, Avg:  0.0, Max:  0.0, Diff:  0.0, Sum:  0.0, Workers: 4
[809.292s][debug][gc,phases      ] GC(44)     Dead                           Min: 0, Avg:  0.0, Max: 0, Diff: 0, Sum: 0, Workers: 4
[809.292s][debug][gc,phases      ] GC(44)     Total                          Min: 0, Avg: 14.2, Max: 57, Diff: 57, Sum: 57, Workers: 4
[809.292s][debug][gc,phases      ] GC(44)   StringDedup Table Weak         Min:  0.0, Avg:  0.0, Max:  0.0, Diff:  0.0, Sum:  0.0, Workers: 4
[809.292s][debug][gc,phases      ] GC(44)     Dead                           Min: 0, Avg:  0.0, Max: 0, Diff: 0, Sum: 0, Workers: 4
[809.292s][debug][gc,phases      ] GC(44)     Total                          Min: 0, Avg:  0.0, Max: 0, Diff: 0, Sum: 0, Workers: 4
[809.292s][debug][gc,phases      ] GC(44)   StringDedup Requests0 Weak     Min:  0.0, Avg:  0.0, Max:  0.0, Diff:  0.0, Sum:  0.0, Workers: 4
[809.292s][debug][gc,phases      ] GC(44)     Dead                           Min: 0, Avg:  0.0, Max: 0, Diff: 0, Sum: 0, Workers: 4
[809.292s][debug][gc,phases      ] GC(44)     Total                          Min: 0, Avg:  0.0, Max: 0, Diff: 0, Sum: 0, Workers: 4
[809.292s][debug][gc,phases      ] GC(44)   StringDedup Requests1 Weak     Min:  0.0, Avg:  0.0, Max:  0.0, Diff:  0.0, Sum:  0.0, Workers: 4
[809.292s][debug][gc,phases      ] GC(44)     Dead                           Min: 0, Avg:  0.0, Max: 0, Diff: 0, Sum: 0, Workers: 4
[809.292s][debug][gc,phases      ] GC(44)     Total                          Min: 0, Avg:  0.0, Max: 0, Diff: 0, Sum: 0, Workers: 4
[809.292s][debug][gc,phases      ] GC(44)   Weak JFR Old Object Samples    Min:  0.0, Avg:  0.0, Max:  0.0, Diff:  0.0, Sum:  0.0, Workers: 4
[809.292s][debug][gc,phases      ] GC(44)     Dead                           Min: 0, Avg:  0.0, Max: 0, Diff: 0, Sum: 0, Workers: 4
[809.292s][debug][gc,phases      ] GC(44)     Total                          Min: 0, Avg:  0.0, Max: 0, Diff: 0, Sum: 0, Workers: 4
[809.292s][debug][gc,phases      ] GC(44) Weak Processing 0.331ms
[809.292s][debug][gc,age         ] GC(44) Desired survivor size 257949696 bytes, new threshold 15 (max threshold 15)
[809.292s][info ][gc,heap        ] GC(44) PSYoungGen: 1715280K(1838592K)->158001K(1836032K) Eden: 1577472K(1577472K)->0K(1577472K) From: 137808K(261120K)->158001K(258560K)
[809.292s][info ][gc,heap        ] GC(44) ParOldGen: 471811K(544768K)->472041K(544768K)
[809.292s][info ][gc,metaspace   ] GC(44) Metaspace: 82983K(84160K)->82983K(84160K) NonClass: 71130K(71744K)->71130K(71744K) Class: 11852K(12416K)->11852K(12416K)
[809.292s][info ][gc             ] GC(44) Pause Young (Allocation Failure) 2135M->615M(2325M) 45.794ms
[809.292s][info ][gc,cpu         ] GC(44) User=0.16s Sys=0.00s Real=0.04s
[809.292s][info ][safepoint      ] Safepoint "ParallelGCFailedAllocation", Time since last: 707515689 ns, Reaching safepoint: 182702 ns, At safepoint: 45875162 ns, Total: 46057864 ns
[810.292s][info ][safepoint      ] Safepoint "Cleanup", Time since last: 1000086801 ns, Reaching safepoint: 90301 ns, At safepoint: 5200 ns, Total: 95501 ns
[811.292s][info ][safepoint      ] Safepoint "Cleanup", Time since last: 1000121402 ns, Reaching safepoint: 80601 ns, At safepoint: 7400 ns, Total: 88001 ns
[812.292s][info ][safepoint      ] Safepoint "Cleanup", Time since last: 1000110703 ns, Reaching safepoint: 75900 ns, At safepoint: 2600 ns, Total: 78500 ns
[813.293s][info ][safepoint      ] Safepoint "Cleanup", Time since last: 1000096102 ns, Reaching safepoint: 62701 ns, At safepoint: 3300 ns, Total: 66001 ns
[814.293s][info ][safepoint      ] Safepoint "Cleanup", Time since last: 1000138503 ns, Reaching safepoint: 69500 ns, At safepoint: 14600 ns, Total: 84100 ns
[815.293s][info ][safepoint      ] Safepoint "Cleanup", Time since last: 1000120903 ns, Reaching safepoint: 61800 ns, At safepoint: 7200 ns, Total: 69000 ns
[816.293s][info ][safepoint      ] Safepoint "Cleanup", Time since last: 1000121303 ns, Reaching safepoint: 44900 ns, At safepoint: 2700 ns, Total: 47600 ns
[817.293s][info ][safepoint      ] Safepoint "Cleanup", Time since last: 1000124403 ns, Reaching safepoint: 59300 ns, At safepoint: 2900 ns, Total: 62200 ns
[818.294s][info ][safepoint      ] Safepoint "Cleanup", Time since last: 1000116402 ns, Reaching safepoint: 49600 ns, At safepoint: 5200 ns, Total: 54800 ns
[819.294s][info ][safepoint      ] Safepoint "Cleanup", Time since last: 1000114500 ns, Reaching safepoint: 39700 ns, At safepoint: 2500 ns, Total: 42200 ns
[820.294s][info ][safepoint      ] Safepoint "Cleanup", Time since last: 1000115199 ns, Reaching safepoint: 44301 ns, At safepoint: 3100 ns, Total: 47401 ns
[821.294s][info ][safepoint      ] Safepoint "Cleanup", Time since last: 1000124999 ns, Reaching safepoint: 49401 ns, At safepoint: 3200 ns, Total: 52601 ns
[822.294s][info ][safepoint      ] Safepoint "Cleanup", Time since last: 1000104299 ns, Reaching safepoint: 52701 ns, At safepoint: 3600 ns, Total: 56301 ns
[824.294s][info ][safepoint      ] Safepoint "Cleanup", Time since last: 2000144898 ns, Reaching safepoint: 49400 ns, At safepoint: 5300 ns, Total: 54700 ns
[825.295s][info ][safepoint      ] Safepoint "Cleanup", Time since last: 1000111600 ns, Reaching safepoint: 50600 ns, At safepoint: 2500 ns, Total: 53100 ns
[826.295s][info ][safepoint      ] Safepoint "Cleanup", Time since last: 1000103096 ns, Reaching safepoint: 59400 ns, At safepoint: 2700 ns, Total: 62100 ns
[827.295s][info ][safepoint      ] Safepoint "Cleanup", Time since last: 1000117887 ns, Reaching safepoint: 48001 ns, At safepoint: 2700 ns, Total: 50701 ns
[828.295s][info ][safepoint      ] Safepoint "Cleanup", Time since last: 1000099087 ns, Reaching safepoint: 58000 ns, At safepoint: 5100 ns, Total: 63100 ns
[829.295s][info ][safepoint      ] Safepoint "Cleanup", Time since last: 1000113787 ns, Reaching safepoint: 80101 ns, At safepoint: 5500 ns, Total: 85601 ns
[830.295s][info ][safepoint      ] Safepoint "Cleanup", Time since last: 1000093787 ns, Reaching safepoint: 73101 ns, At safepoint: 3100 ns, Total: 76201 ns
[831.296s][info ][safepoint      ] Safepoint "Cleanup", Time since last: 1000113787 ns, Reaching safepoint: 57600 ns, At safepoint: 3200 ns, Total: 60800 ns
[832.712s][info ][safepoint      ] Safepoint "Cleanup", Time since last: 1416324270 ns, Reaching safepoint: 219901 ns, At safepoint: 6101 ns, Total: 226002 ns
[833.712s][info ][safepoint      ] Safepoint "Cleanup", Time since last: 1000124587 ns, Reaching safepoint: 131801 ns, At safepoint: 5800 ns, Total: 137601 ns
[834.713s][info ][safepoint      ] Safepoint "Cleanup", Time since last: 1000135812 ns, Reaching safepoint: 69200 ns, At safepoint: 2400 ns, Total: 71600 ns
[835.713s][info ][safepoint      ] Safepoint "Cleanup", Time since last: 1000130121 ns, Reaching safepoint: 173101 ns, At safepoint: 6100 ns, Total: 179201 ns
[836.713s][info ][safepoint      ] Safepoint "Cleanup", Time since last: 1000122620 ns, Reaching safepoint: 114801 ns, At safepoint: 7400 ns, Total: 122201 ns
[837.713s][info ][safepoint      ] Safepoint "Cleanup", Time since last: 1000102121 ns, Reaching safepoint: 61300 ns, At safepoint: 3000 ns, Total: 64300 ns
[838.011s][info ][gc,start       ] GC(45) Pause Young (Allocation Failure)
[838.047s][debug][gc,phases      ] GC(45) Scavenge 35.869ms
[838.047s][debug][gc,ref         ] GC(45) Skipped phase 1 of Reference Processing: no references
[838.048s][debug][gc,ref         ] GC(45) ReferenceProcessor::execute queues: 1, RefProcThreadModel::Single, marks_oops_alive: false
[838.048s][debug][gc,ref         ] GC(45) Skipped phase 3 of Reference Processing: no references
[838.048s][debug][gc,ref         ] GC(45) ReferenceProcessor::execute queues: 1, RefProcThreadModel::Single, marks_oops_alive: false
[838.048s][debug][gc,phases      ] GC(45) Reference Processing 0.142ms
[838.048s][debug][gc,phases      ] GC(45)   VM Weak                        Min:  0.0, Avg:  0.0, Max:  0.0, Diff:  0.0, Sum:  0.0, Workers: 4
[838.048s][debug][gc,phases      ] GC(45)     Dead                           Min: 0, Avg:  0.0, Max: 0, Diff: 0, Sum: 0, Workers: 4
[838.048s][debug][gc,phases      ] GC(45)     Total                          Min: 0, Avg: 234.5, Max: 640, Diff: 640, Sum: 938, Workers: 4
[838.048s][debug][gc,phases      ] GC(45)   ObjectSynchronizer Weak        Min:  0.0, Avg:  0.0, Max:  0.0, Diff:  0.0, Sum:  0.0, Workers: 4
[838.048s][debug][gc,phases      ] GC(45)     Dead                           Min: 0, Avg:  0.0, Max: 0, Diff: 0, Sum: 0, Workers: 4
[838.048s][debug][gc,phases      ] GC(45)     Total                          Min: 0, Avg: 13.2, Max: 53, Diff: 53, Sum: 53, Workers: 4
[838.048s][debug][gc,phases      ] GC(45)   JVMTI Tag Weak OopStorage      Min:  0.0, Avg:  0.0, Max:  0.0, Diff:  0.0, Sum:  0.0, Workers: 4
[838.048s][debug][gc,phases      ] GC(45)     Dead                           Min: 0, Avg:  0.0, Max: 0, Diff: 0, Sum: 0, Workers: 4
[838.048s][debug][gc,phases      ] GC(45)     Total                          Min: 0, Avg:  0.0, Max: 0, Diff: 0, Sum: 0, Workers: 4
[838.048s][debug][gc,phases      ] GC(45)   StringTable Weak               Min:  0.1, Avg:  0.1, Max:  0.1, Diff:  0.0, Sum:  0.4, Workers: 4
[838.048s][debug][gc,phases      ] GC(45)     Dead                           Min: 0, Avg:  0.2, Max: 1, Diff: 1, Sum: 1, Workers: 4
[838.048s][debug][gc,phases      ] GC(45)     Total                          Min: 9920, Avg: 10959.8, Max: 11520, Diff: 1600, Sum: 43839, Workers: 4
[838.048s][debug][gc,phases      ] GC(45)   ResolvedMethodTable Weak       Min:  0.0, Avg:  0.0, Max:  0.0, Diff:  0.0, Sum:  0.1, Workers: 4
[838.048s][debug][gc,phases      ] GC(45)     Dead                           Min: 0, Avg:  0.0, Max: 0, Diff: 0, Sum: 0, Workers: 4
[838.048s][debug][gc,phases      ] GC(45)     Total                          Min: 2295, Avg: 2445.8, Max: 2688, Diff: 393, Sum: 9783, Workers: 4
[838.048s][debug][gc,phases      ] GC(45)   JNI Weak                       Min:  0.0, Avg:  0.0, Max:  0.0, Diff:  0.0, Sum:  0.0, Workers: 4
[838.048s][debug][gc,phases      ] GC(45)     Dead                           Min: 0, Avg:  0.0, Max: 0, Diff: 0, Sum: 0, Workers: 4
[838.048s][debug][gc,phases      ] GC(45)     Total                          Min: 0, Avg: 11.2, Max: 45, Diff: 45, Sum: 45, Workers: 4
[838.048s][debug][gc,phases      ] GC(45)   StringDedup Table Weak         Min:  0.0, Avg:  0.0, Max:  0.0, Diff:  0.0, Sum:  0.0, Workers: 4
[838.048s][debug][gc,phases      ] GC(45)     Dead                           Min: 0, Avg:  0.0, Max: 0, Diff: 0, Sum: 0, Workers: 4
[838.048s][debug][gc,phases      ] GC(45)     Total                          Min: 0, Avg:  0.0, Max: 0, Diff: 0, Sum: 0, Workers: 4
[838.048s][debug][gc,phases      ] GC(45)   StringDedup Requests0 Weak     Min:  0.0, Avg:  0.0, Max:  0.0, Diff:  0.0, Sum:  0.0, Workers: 4
[838.048s][debug][gc,phases      ] GC(45)     Dead                           Min: 0, Avg:  0.0, Max: 0, Diff: 0, Sum: 0, Workers: 4
[838.048s][debug][gc,phases      ] GC(45)     Total                          Min: 0, Avg:  0.0, Max: 0, Diff: 0, Sum: 0, Workers: 4
[838.048s][debug][gc,phases      ] GC(45)   StringDedup Requests1 Weak     Min:  0.0, Avg:  0.0, Max:  0.0, Diff:  0.0, Sum:  0.0, Workers: 4
[838.048s][debug][gc,phases      ] GC(45)     Dead                           Min: 0, Avg:  0.0, Max: 0, Diff: 0, Sum: 0, Workers: 4
[838.048s][debug][gc,phases      ] GC(45)     Total                          Min: 0, Avg:  0.0, Max: 0, Diff: 0, Sum: 0, Workers: 4
[838.048s][debug][gc,phases      ] GC(45)   Weak JFR Old Object Samples    Min:  0.0, Avg:  0.0, Max:  0.0, Diff:  0.0, Sum:  0.0, Workers: 4
[838.048s][debug][gc,phases      ] GC(45)     Dead                           Min: 0, Avg:  0.0, Max: 0, Diff: 0, Sum: 0, Workers: 4
[838.048s][debug][gc,phases      ] GC(45)     Total                          Min: 0, Avg:  0.0, Max: 0, Diff: 0, Sum: 0, Workers: 4
[838.048s][debug][gc,phases      ] GC(45) Weak Processing 0.330ms
[838.048s][debug][gc,age         ] GC(45) Desired survivor size 251133952 bytes, new threshold 15 (max threshold 15)
[838.048s][info ][gc,heap        ] GC(45) PSYoungGen: 1735473K(1836032K)->159483K(1851904K) Eden: 1577472K(1577472K)->0K(1600000K) From: 158001K(258560K)->159483K(251904K)
[838.048s][info ][gc,heap        ] GC(45) ParOldGen: 472041K(544768K)->472461K(544768K)
[838.048s][info ][gc,metaspace   ] GC(45) Metaspace: 83173K(84288K)->83173K(84288K) NonClass: 71299K(71872K)->71299K(71872K) Class: 11874K(12416K)->11874K(12416K)
[838.048s][info ][gc             ] GC(45) Pause Young (Allocation Failure) 2155M->617M(2340M) 36.481ms
[838.048s][info ][gc,cpu         ] GC(45) User=0.12s Sys=0.00s Real=0.04s
[838.048s][info ][safepoint      ] Safepoint "ParallelGCFailedAllocation", Time since last: 298098061 ns, Reaching safepoint: 45200 ns, At safepoint: 36552990 ns, Total: 36598190 ns
[839.048s][info ][safepoint      ] Safepoint "Cleanup", Time since last: 1000081020 ns, Reaching safepoint: 56100 ns, At safepoint: 5200 ns, Total: 61300 ns
[840.048s][info ][safepoint      ] Safepoint "Cleanup", Time since last: 1000109820 ns, Reaching safepoint: 62701 ns, At safepoint: 2700 ns, Total: 65401 ns
[842.049s][info ][safepoint      ] Safepoint "Cleanup", Time since last: 2000178839 ns, Reaching safepoint: 69300 ns, At safepoint: 3400 ns, Total: 72700 ns
[843.049s][info ][safepoint      ] Safepoint "Cleanup", Time since last: 1000092603 ns, Reaching safepoint: 60200 ns, At safepoint: 3300 ns, Total: 63500 ns
[844.049s][info ][safepoint      ] Safepoint "Cleanup", Time since last: 1000118703 ns, Reaching safepoint: 55300 ns, At safepoint: 5900 ns, Total: 61200 ns
[845.049s][info ][safepoint      ] Safepoint "Cleanup", Time since last: 1000105903 ns, Reaching safepoint: 47600 ns, At safepoint: 4400 ns, Total: 52000 ns
[846.049s][info ][safepoint      ] Safepoint "Cleanup", Time since last: 1000101503 ns, Reaching safepoint: 62800 ns, At safepoint: 3800 ns, Total: 66600 ns
[847.049s][info ][safepoint      ] Safepoint "Cleanup", Time since last: 1000106303 ns, Reaching safepoint: 44200 ns, At safepoint: 2500 ns, Total: 46700 ns
[848.050s][info ][safepoint      ] Safepoint "Cleanup", Time since last: 1000111602 ns, Reaching safepoint: 63001 ns, At safepoint: 3100 ns, Total: 66101 ns
[849.050s][info ][safepoint      ] Safepoint "Cleanup", Time since last: 1000107902 ns, Reaching safepoint: 62901 ns, At safepoint: 4200 ns, Total: 67101 ns
[850.050s][info ][safepoint      ] Safepoint "Cleanup", Time since last: 1000119503 ns, Reaching safepoint: 66600 ns, At safepoint: 2900 ns, Total: 69500 ns
[851.050s][info ][safepoint      ] Safepoint "Cleanup", Time since last: 1000117508 ns, Reaching safepoint: 51100 ns, At safepoint: 3200 ns, Total: 54300 ns
[854.050s][info ][safepoint      ] Safepoint "Cleanup", Time since last: 3000274821 ns, Reaching safepoint: 62000 ns, At safepoint: 2700 ns, Total: 64700 ns
[855.051s][info ][safepoint      ] Safepoint "Cleanup", Time since last: 1000116707 ns, Reaching safepoint: 50901 ns, At safepoint: 11800 ns, Total: 62701 ns
[857.051s][info ][safepoint      ] Safepoint "Cleanup", Time since last: 2000186214 ns, Reaching safepoint: 41700 ns, At safepoint: 2800 ns, Total: 44500 ns
[858.051s][info ][safepoint      ] Safepoint "Cleanup", Time since last: 1000108507 ns, Reaching safepoint: 51801 ns, At safepoint: 2900 ns, Total: 54701 ns
[859.051s][info ][safepoint      ] Safepoint "Cleanup", Time since last: 1000108611 ns, Reaching safepoint: 62900 ns, At safepoint: 5900 ns, Total: 68800 ns
[860.051s][info ][safepoint      ] Safepoint "Cleanup", Time since last: 1000084111 ns, Reaching safepoint: 45900 ns, At safepoint: 2800 ns, Total: 48700 ns
[863.052s][info ][safepoint      ] Safepoint "Cleanup", Time since last: 3000203732 ns, Reaching safepoint: 62001 ns, At safepoint: 8400 ns, Total: 70401 ns
[864.052s][info ][safepoint      ] Safepoint "Cleanup", Time since last: 1000127611 ns, Reaching safepoint: 47100 ns, At safepoint: 3100 ns, Total: 50200 ns
[865.052s][info ][safepoint      ] Safepoint "Cleanup", Time since last: 1000108711 ns, Reaching safepoint: 85001 ns, At safepoint: 3300 ns, Total: 88301 ns
[866.052s][info ][safepoint      ] Safepoint "Cleanup", Time since last: 1000112910 ns, Reaching safepoint: 60700 ns, At safepoint: 7300 ns, Total: 68000 ns
[867.052s][info ][safepoint      ] Safepoint "Cleanup", Time since last: 1000123290 ns, Reaching safepoint: 44400 ns, At safepoint: 4601 ns, Total: 49001 ns
[869.053s][info ][safepoint      ] Safepoint "Cleanup", Time since last: 2000181679 ns, Reaching safepoint: 54400 ns, At safepoint: 6000 ns, Total: 60400 ns
[870.053s][info ][safepoint      ] Safepoint "Cleanup", Time since last: 1000118490 ns, Reaching safepoint: 46600 ns, At safepoint: 40201 ns, Total: 86801 ns
[871.053s][info ][safepoint      ] Safepoint "Cleanup", Time since last: 1000065789 ns, Reaching safepoint: 42200 ns, At safepoint: 3200 ns, Total: 45400 ns
[873.053s][info ][safepoint      ] Safepoint "Cleanup", Time since last: 2000171080 ns, Reaching safepoint: 66900 ns, At safepoint: 2700 ns, Total: 69600 ns
[874.053s][info ][safepoint      ] Safepoint "Cleanup", Time since last: 1000103392 ns, Reaching safepoint: 45101 ns, At safepoint: 5100 ns, Total: 50201 ns
[875.053s][info ][safepoint      ] Safepoint "Cleanup", Time since last: 1000116238 ns, Reaching safepoint: 44701 ns, At safepoint: 3100 ns, Total: 47801 ns
[876.054s][info ][safepoint      ] Safepoint "Cleanup", Time since last: 1000073138 ns, Reaching safepoint: 44001 ns, At safepoint: 2700 ns, Total: 46701 ns
[877.054s][info ][safepoint      ] Safepoint "Cleanup", Time since last: 1000117138 ns, Reaching safepoint: 47201 ns, At safepoint: 2900 ns, Total: 50101 ns
[878.054s][info ][safepoint      ] Safepoint "Cleanup", Time since last: 1000108639 ns, Reaching safepoint: 46000 ns, At safepoint: 7300 ns, Total: 53300 ns
[879.054s][info ][safepoint      ] Safepoint "Cleanup", Time since last: 1000130339 ns, Reaching safepoint: 110401 ns, At safepoint: 5800 ns, Total: 116201 ns
[880.054s][info ][safepoint      ] Safepoint "Cleanup", Time since last: 1000114839 ns, Reaching safepoint: 112000 ns, At safepoint: 6501 ns, Total: 118501 ns
[881.055s][info ][safepoint      ] Safepoint "Cleanup", Time since last: 1000117438 ns, Reaching safepoint: 120001 ns, At safepoint: 8200 ns, Total: 128201 ns
[883.908s][info ][gc,start       ] GC(46) Pause Young (Allocation Failure)
[883.938s][debug][gc,phases      ] GC(46) Scavenge 30.355ms
[883.938s][debug][gc,ref         ] GC(46) Skipped phase 1 of Reference Processing: no references
[883.938s][debug][gc,ref         ] GC(46) ReferenceProcessor::execute queues: 1, RefProcThreadModel::Single, marks_oops_alive: false
[883.938s][debug][gc,ref         ] GC(46) Skipped phase 3 of Reference Processing: no references
[883.938s][debug][gc,ref         ] GC(46) ReferenceProcessor::execute queues: 1, RefProcThreadModel::Single, marks_oops_alive: false
[883.938s][debug][gc,phases      ] GC(46) Reference Processing 0.144ms
[883.938s][debug][gc,phases      ] GC(46)   VM Weak                        Min:  0.0, Avg:  0.0, Max:  0.0, Diff:  0.0, Sum:  0.0, Workers: 4
[883.938s][debug][gc,phases      ] GC(46)     Dead                           Min: 0, Avg:  0.0, Max: 0, Diff: 0, Sum: 0, Workers: 4
[883.938s][debug][gc,phases      ] GC(46)     Total                          Min: 0, Avg: 234.8, Max: 640, Diff: 640, Sum: 939, Workers: 4
[883.938s][debug][gc,phases      ] GC(46)   ObjectSynchronizer Weak        Min:  0.0, Avg:  0.0, Max:  0.0, Diff:  0.0, Sum:  0.0, Workers: 4
[883.938s][debug][gc,phases      ] GC(46)     Dead                           Min: 0, Avg:  0.0, Max: 0, Diff: 0, Sum: 0, Workers: 4
[883.938s][debug][gc,phases      ] GC(46)     Total                          Min: 0, Avg: 13.2, Max: 53, Diff: 53, Sum: 53, Workers: 4
[883.938s][debug][gc,phases      ] GC(46)   JVMTI Tag Weak OopStorage      Min:  0.0, Avg:  0.0, Max:  0.0, Diff:  0.0, Sum:  0.0, Workers: 4
[883.938s][debug][gc,phases      ] GC(46)     Dead                           Min: 0, Avg:  0.0, Max: 0, Diff: 0, Sum: 0, Workers: 4
[883.938s][debug][gc,phases      ] GC(46)     Total                          Min: 0, Avg:  0.0, Max: 0, Diff: 0, Sum: 0, Workers: 4
[883.938s][debug][gc,phases      ] GC(46)   StringTable Weak               Min:  0.0, Avg:  0.1, Max:  0.2, Diff:  0.2, Sum:  0.3, Workers: 4
[883.938s][debug][gc,phases      ] GC(46)     Dead                           Min: 0, Avg:  0.0, Max: 0, Diff: 0, Sum: 0, Workers: 4
[883.938s][debug][gc,phases      ] GC(46)     Total                          Min: 0, Avg: 10961.0, Max: 26564, Diff: 26564, Sum: 43844, Workers: 4
[883.938s][debug][gc,phases      ] GC(46)   ResolvedMethodTable Weak       Min:  0.0, Avg:  0.0, Max:  0.1, Diff:  0.1, Sum:  0.1, Workers: 4
[883.939s][debug][gc,phases      ] GC(46)     Dead                           Min: 0, Avg:  0.0, Max: 0, Diff: 0, Sum: 0, Workers: 4
[883.939s][debug][gc,phases      ] GC(46)     Total                          Min: 0, Avg: 2447.5, Max: 5376, Diff: 5376, Sum: 9790, Workers: 4
[883.939s][debug][gc,phases      ] GC(46)   JNI Weak                       Min:  0.0, Avg:  0.0, Max:  0.0, Diff:  0.0, Sum:  0.0, Workers: 4
[883.939s][debug][gc,phases      ] GC(46)     Dead                           Min: 0, Avg:  0.0, Max: 0, Diff: 0, Sum: 0, Workers: 4
[883.939s][debug][gc,phases      ] GC(46)     Total                          Min: 0, Avg: 11.2, Max: 45, Diff: 45, Sum: 45, Workers: 4
[883.939s][debug][gc,phases      ] GC(46)   StringDedup Table Weak         Min:  0.0, Avg:  0.0, Max:  0.0, Diff:  0.0, Sum:  0.0, Workers: 4
[883.939s][debug][gc,phases      ] GC(46)     Dead                           Min: 0, Avg:  0.0, Max: 0, Diff: 0, Sum: 0, Workers: 4
[883.939s][debug][gc,phases      ] GC(46)     Total                          Min: 0, Avg:  0.0, Max: 0, Diff: 0, Sum: 0, Workers: 4
[883.939s][debug][gc,phases      ] GC(46)   StringDedup Requests0 Weak     Min:  0.0, Avg:  0.0, Max:  0.0, Diff:  0.0, Sum:  0.0, Workers: 4
[883.939s][debug][gc,phases      ] GC(46)     Dead                           Min: 0, Avg:  0.0, Max: 0, Diff: 0, Sum: 0, Workers: 4
[883.939s][debug][gc,phases      ] GC(46)     Total                          Min: 0, Avg:  0.0, Max: 0, Diff: 0, Sum: 0, Workers: 4
[883.939s][debug][gc,phases      ] GC(46)   StringDedup Requests1 Weak     Min:  0.0, Avg:  0.0, Max:  0.0, Diff:  0.0, Sum:  0.0, Workers: 4
[883.939s][debug][gc,phases      ] GC(46)     Dead                           Min: 0, Avg:  0.0, Max: 0, Diff: 0, Sum: 0, Workers: 4
[883.939s][debug][gc,phases      ] GC(46)     Total                          Min: 0, Avg:  0.0, Max: 0, Diff: 0, Sum: 0, Workers: 4
[883.939s][debug][gc,phases      ] GC(46)   Weak JFR Old Object Samples    Min:  0.0, Avg:  0.0, Max:  0.0, Diff:  0.0, Sum:  0.0, Workers: 4
[883.939s][debug][gc,phases      ] GC(46)     Dead                           Min: 0, Avg:  0.0, Max: 0, Diff: 0, Sum: 0, Workers: 4
[883.939s][debug][gc,phases      ] GC(46)     Total                          Min: 0, Avg:  0.0, Max: 0, Diff: 0, Sum: 0, Workers: 4
[883.939s][debug][gc,phases      ] GC(46) Weak Processing 0.428ms
[883.939s][debug][gc,age         ] GC(46) Desired survivor size 245891072 bytes, new threshold 15 (max threshold 15)
[883.939s][info ][gc,heap        ] GC(46) PSYoungGen: 1759483K(1851904K)->154875K(1845248K) Eden: 1600000K(1600000K)->0K(1600000K) From: 159483K(251904K)->154875K(245248K)
[883.939s][info ][gc,heap        ] GC(46) ParOldGen: 472461K(544768K)->472501K(544768K)
[883.939s][info ][gc,metaspace   ] GC(46) Metaspace: 83247K(84416K)->83247K(84416K) NonClass: 71370K(72000K)->71370K(72000K) Class: 11876K(12416K)->11876K(12416K)
[883.939s][info ][gc             ] GC(46) Pause Young (Allocation Failure) 2179M->612M(2334M) 31.074ms
[883.939s][info ][gc,cpu         ] GC(46) User=0.11s Sys=0.00s Real=0.03s
[883.939s][info ][safepoint      ] Safepoint "ParallelGCFailedAllocation", Time since last: 2852777254 ns, Reaching safepoint: 100701 ns, At safepoint: 31151146 ns, Total: 31251847 ns
[884.942s][info ][safepoint      ] Safepoint "Cleanup", Time since last: 1003324116 ns, Reaching safepoint: 111001 ns, At safepoint: 12500 ns, Total: 123501 ns
[892.943s][info ][safepoint      ] Safepoint "Cleanup", Time since last: 8000561759 ns, Reaching safepoint: 90500 ns, At safepoint: 10201 ns, Total: 100701 ns
[894.943s][info ][safepoint      ] Safepoint "Cleanup", Time since last: 2000212105 ns, Reaching safepoint: 48901 ns, At safepoint: 2900 ns, Total: 51801 ns
[895.943s][info ][safepoint      ] Safepoint "Cleanup", Time since last: 1000106802 ns, Reaching safepoint: 44601 ns, At safepoint: 3900 ns, Total: 48501 ns
[899.944s][info ][safepoint      ] Safepoint "Cleanup", Time since last: 4000281403 ns, Reaching safepoint: 43600 ns, At safepoint: 9400 ns, Total: 53000 ns
[901.944s][info ][safepoint      ] Safepoint "Cleanup", Time since last: 2000188199 ns, Reaching safepoint: 52100 ns, At safepoint: 3000 ns, Total: 55100 ns
[902.944s][info ][safepoint      ] Safepoint "Cleanup", Time since last: 1000108499 ns, Reaching safepoint: 43701 ns, At safepoint: 4800 ns, Total: 48501 ns
[903.944s][info ][safepoint      ] Safepoint "Cleanup", Time since last: 1000108299 ns, Reaching safepoint: 51100 ns, At safepoint: 3300 ns, Total: 54400 ns
[904.944s][info ][safepoint      ] Safepoint "Cleanup", Time since last: 1000112700 ns, Reaching safepoint: 55800 ns, At safepoint: 2700 ns, Total: 58500 ns
[907.945s][info ][safepoint      ] Safepoint "Cleanup", Time since last: 3000220300 ns, Reaching safepoint: 60101 ns, At safepoint: 5500 ns, Total: 65601 ns
[909.945s][info ][safepoint      ] Safepoint "Cleanup", Time since last: 2000196402 ns, Reaching safepoint: 58100 ns, At safepoint: 3900 ns, Total: 62000 ns
[910.945s][info ][safepoint      ] Safepoint "Cleanup", Time since last: 1000114001 ns, Reaching safepoint: 49800 ns, At safepoint: 3500 ns, Total: 53300 ns
[911.945s][info ][safepoint      ] Safepoint "Cleanup", Time since last: 1000111601 ns, Reaching safepoint: 69801 ns, At safepoint: 5300 ns, Total: 75101 ns
[912.945s][info ][safepoint      ] Safepoint "Cleanup", Time since last: 1000110001 ns, Reaching safepoint: 49700 ns, At safepoint: 5300 ns, Total: 55000 ns
[913.946s][info ][safepoint      ] Safepoint "Cleanup", Time since last: 1000127502 ns, Reaching safepoint: 195301 ns, At safepoint: 9600 ns, Total: 204901 ns
[914.946s][info ][safepoint      ] Safepoint "Cleanup", Time since last: 1000163461 ns, Reaching safepoint: 58001 ns, At safepoint: 7300 ns, Total: 65301 ns
[915.946s][info ][safepoint      ] Safepoint "Cleanup", Time since last: 1000124967 ns, Reaching safepoint: 57201 ns, At safepoint: 3200 ns, Total: 60401 ns
[916.946s][info ][safepoint      ] Safepoint "Cleanup", Time since last: 1000115767 ns, Reaching safepoint: 73300 ns, At safepoint: 3101 ns, Total: 76401 ns
[917.946s][info ][safepoint      ] Safepoint "Cleanup", Time since last: 1000118367 ns, Reaching safepoint: 77400 ns, At safepoint: 2500 ns, Total: 79900 ns
[920.947s][info ][safepoint      ] Safepoint "Cleanup", Time since last: 3000262801 ns, Reaching safepoint: 54801 ns, At safepoint: 2900 ns, Total: 57701 ns
[922.947s][info ][safepoint      ] Safepoint "Cleanup", Time since last: 2000177282 ns, Reaching safepoint: 49401 ns, At safepoint: 2400 ns, Total: 51801 ns
[923.947s][info ][safepoint      ] Safepoint "Cleanup", Time since last: 1000116309 ns, Reaching safepoint: 54301 ns, At safepoint: 3800 ns, Total: 58101 ns
[924.947s][info ][safepoint      ] Safepoint "Cleanup", Time since last: 1000135310 ns, Reaching safepoint: 46600 ns, At safepoint: 2500 ns, Total: 49100 ns
[928.809s][info ][gc,start       ] GC(47) Pause Young (Allocation Failure)
[928.845s][debug][gc,phases      ] GC(47) Scavenge 35.826ms
[928.845s][debug][gc,ref         ] GC(47) Skipped phase 1 of Reference Processing: no references
[928.845s][debug][gc,ref         ] GC(47) ReferenceProcessor::execute queues: 1, RefProcThreadModel::Single, marks_oops_alive: false
[928.845s][debug][gc,ref         ] GC(47) Skipped phase 3 of Reference Processing: no references
[928.845s][debug][gc,ref         ] GC(47) ReferenceProcessor::execute queues: 1, RefProcThreadModel::Single, marks_oops_alive: false
[928.845s][debug][gc,phases      ] GC(47) Reference Processing 0.205ms
[928.846s][debug][gc,phases      ] GC(47)   VM Weak                        Min:  0.0, Avg:  0.0, Max:  0.0, Diff:  0.0, Sum:  0.0, Workers: 4
[928.846s][debug][gc,phases      ] GC(47)     Dead                           Min: 0, Avg:  0.0, Max: 0, Diff: 0, Sum: 0, Workers: 4
[928.846s][debug][gc,phases      ] GC(47)     Total                          Min: 0, Avg: 234.8, Max: 576, Diff: 576, Sum: 939, Workers: 4
[928.846s][debug][gc,phases      ] GC(47)   ObjectSynchronizer Weak        Min:  0.0, Avg:  0.0, Max:  0.0, Diff:  0.0, Sum:  0.0, Workers: 4
[928.846s][debug][gc,phases      ] GC(47)     Dead                           Min: 0, Avg:  0.0, Max: 0, Diff: 0, Sum: 0, Workers: 4
[928.846s][debug][gc,phases      ] GC(47)     Total                          Min: 0, Avg: 13.2, Max: 53, Diff: 53, Sum: 53, Workers: 4
[928.846s][debug][gc,phases      ] GC(47)   JVMTI Tag Weak OopStorage      Min:  0.0, Avg:  0.0, Max:  0.0, Diff:  0.0, Sum:  0.0, Workers: 4
[928.846s][debug][gc,phases      ] GC(47)     Dead                           Min: 0, Avg:  0.0, Max: 0, Diff: 0, Sum: 0, Workers: 4
[928.846s][debug][gc,phases      ] GC(47)     Total                          Min: 0, Avg:  0.0, Max: 0, Diff: 0, Sum: 0, Workers: 4
[928.846s][debug][gc,phases      ] GC(47)   StringTable Weak               Min:  0.0, Avg:  0.1, Max:  0.2, Diff:  0.2, Sum:  0.5, Workers: 4
[928.846s][debug][gc,phases      ] GC(47)     Dead                           Min: 0, Avg:  0.0, Max: 0, Diff: 0, Sum: 0, Workers: 4
[928.846s][debug][gc,phases      ] GC(47)     Total                          Min: 0, Avg: 10975.2, Max: 22272, Diff: 22272, Sum: 43901, Workers: 4
[928.846s][debug][gc,phases      ] GC(47)   ResolvedMethodTable Weak       Min:  0.0, Avg:  0.0, Max:  0.1, Diff:  0.1, Sum:  0.1, Workers: 4
[928.846s][debug][gc,phases      ] GC(47)     Dead                           Min: 0, Avg:  0.0, Max: 0, Diff: 0, Sum: 0, Workers: 4
[928.846s][debug][gc,phases      ] GC(47)     Total                          Min: 0, Avg: 2448.2, Max: 5056, Diff: 5056, Sum: 9793, Workers: 4
[928.846s][debug][gc,phases      ] GC(47)   JNI Weak                       Min:  0.0, Avg:  0.0, Max:  0.0, Diff:  0.0, Sum:  0.0, Workers: 4
[928.846s][debug][gc,phases      ] GC(47)     Dead                           Min: 0, Avg:  0.0, Max: 0, Diff: 0, Sum: 0, Workers: 4
[928.846s][debug][gc,phases      ] GC(47)     Total                          Min: 0, Avg: 11.2, Max: 45, Diff: 45, Sum: 45, Workers: 4
[928.846s][debug][gc,phases      ] GC(47)   StringDedup Table Weak         Min:  0.0, Avg:  0.0, Max:  0.0, Diff:  0.0, Sum:  0.0, Workers: 4
[928.846s][debug][gc,phases      ] GC(47)     Dead                           Min: 0, Avg:  0.0, Max: 0, Diff: 0, Sum: 0, Workers: 4
[928.846s][debug][gc,phases      ] GC(47)     Total                          Min: 0, Avg:  0.0, Max: 0, Diff: 0, Sum: 0, Workers: 4
[928.846s][debug][gc,phases      ] GC(47)   StringDedup Requests0 Weak     Min:  0.0, Avg:  0.0, Max:  0.0, Diff:  0.0, Sum:  0.0, Workers: 4
[928.846s][debug][gc,phases      ] GC(47)     Dead                           Min: 0, Avg:  0.0, Max: 0, Diff: 0, Sum: 0, Workers: 4
[928.846s][debug][gc,phases      ] GC(47)     Total                          Min: 0, Avg:  0.0, Max: 0, Diff: 0, Sum: 0, Workers: 4
[928.846s][debug][gc,phases      ] GC(47)   StringDedup Requests1 Weak     Min:  0.0, Avg:  0.0, Max:  0.0, Diff:  0.0, Sum:  0.0, Workers: 4
[928.846s][debug][gc,phases      ] GC(47)     Dead                           Min: 0, Avg:  0.0, Max: 0, Diff: 0, Sum: 0, Workers: 4
[928.846s][debug][gc,phases      ] GC(47)     Total                          Min: 0, Avg:  0.0, Max: 0, Diff: 0, Sum: 0, Workers: 4
[928.846s][debug][gc,phases      ] GC(47)   Weak JFR Old Object Samples    Min:  0.0, Avg:  0.0, Max:  0.0, Diff:  0.0, Sum:  0.0, Workers: 4
[928.846s][debug][gc,phases      ] GC(47)     Dead                           Min: 0, Avg:  0.0, Max: 0, Diff: 0, Sum: 0, Workers: 4
[928.846s][debug][gc,phases      ] GC(47)     Total                          Min: 0, Avg:  0.0, Max: 0, Diff: 0, Sum: 0, Workers: 4
[928.846s][debug][gc,phases      ] GC(47) Weak Processing 0.585ms
[928.846s][debug][gc,age         ] GC(47) Desired survivor size 239075328 bytes, new threshold 15 (max threshold 15)
[928.846s][info ][gc,heap        ] GC(47) PSYoungGen: 1754875K(1845248K)->164346K(1863680K) Eden: 1600000K(1600000K)->0K(1623552K) From: 154875K(245248K)->164346K(240128K)
[928.846s][info ][gc,heap        ] GC(47) ParOldGen: 472501K(544768K)->472549K(544768K)
[928.846s][info ][gc,metaspace   ] GC(47) Metaspace: 83291K(84416K)->83291K(84416K) NonClass: 71413K(72000K)->71413K(72000K) Class: 11877K(12416K)->11877K(12416K)
[928.846s][info ][gc             ] GC(47) Pause Young (Allocation Failure) 2175M->621M(2352M) 36.801ms
[928.846s][info ][gc,cpu         ] GC(47) User=0.13s Sys=0.00s Real=0.03s
[928.846s][info ][safepoint      ] Safepoint "ParallelGCFailedAllocation", Time since last: 3861576140 ns, Reaching safepoint: 44801 ns, At safepoint: 36895591 ns, Total: 36940392 ns
[930.846s][info ][safepoint      ] Safepoint "Cleanup", Time since last: 2000166211 ns, Reaching safepoint: 44300 ns, At safepoint: 2600 ns, Total: 46900 ns
[931.846s][info ][safepoint      ] Safepoint "Cleanup", Time since last: 1000107099 ns, Reaching safepoint: 45801 ns, At safepoint: 34200 ns, Total: 80001 ns
[932.846s][info ][safepoint      ] Safepoint "Cleanup", Time since last: 1000109199 ns, Reaching safepoint: 49400 ns, At safepoint: 4900 ns, Total: 54300 ns
[933.847s][info ][safepoint      ] Safepoint "Cleanup", Time since last: 1000104799 ns, Reaching safepoint: 49700 ns, At safepoint: 3301 ns, Total: 53001 ns
[934.847s][info ][safepoint      ] Safepoint "Cleanup", Time since last: 1000121499 ns, Reaching safepoint: 55900 ns, At safepoint: 4200 ns, Total: 60100 ns
[938.847s][info ][safepoint      ] Safepoint "Cleanup", Time since last: 4000317595 ns, Reaching safepoint: 59401 ns, At safepoint: 2900 ns, Total: 62301 ns
[941.325s][info ][safepoint      ] Safepoint "Cleanup", Time since last: 2477814870 ns, Reaching safepoint: 210102 ns, At safepoint: 10000 ns, Total: 220102 ns
[942.573s][info ][safepoint      ] Safepoint "Cleanup", Time since last: 1247272952 ns, Reaching safepoint: 67700 ns, At safepoint: 3500 ns, Total: 71200 ns
[943.573s][info ][safepoint      ] Safepoint "Cleanup", Time since last: 1000112300 ns, Reaching safepoint: 40200 ns, At safepoint: 3300 ns, Total: 43500 ns
[946.573s][info ][safepoint      ] Safepoint "Cleanup", Time since last: 3000191394 ns, Reaching safepoint: 49201 ns, At safepoint: 3500 ns, Total: 52701 ns
[947.573s][info ][safepoint      ] Safepoint "Cleanup", Time since last: 1000104594 ns, Reaching safepoint: 134601 ns, At safepoint: 12201 ns, Total: 146802 ns
[948.510s][info ][gc,start       ] GC(48) Pause Young (Allocation Failure)
[948.557s][debug][gc,phases      ] GC(48) Scavenge 46.391ms
[948.557s][debug][gc,ref         ] GC(48) Skipped phase 1 of Reference Processing: no references
[948.557s][debug][gc,ref         ] GC(48) ReferenceProcessor::execute queues: 1, RefProcThreadModel::Single, marks_oops_alive: false
[948.557s][debug][gc,ref         ] GC(48) Skipped phase 3 of Reference Processing: no references
[948.557s][debug][gc,ref         ] GC(48) ReferenceProcessor::execute queues: 1, RefProcThreadModel::Single, marks_oops_alive: false
[948.557s][debug][gc,phases      ] GC(48) Reference Processing 0.149ms
[948.557s][debug][gc,phases      ] GC(48)   VM Weak                        Min:  0.0, Avg:  0.0, Max:  0.0, Diff:  0.0, Sum:  0.0, Workers: 4
[948.557s][debug][gc,phases      ] GC(48)     Dead                           Min: 0, Avg:  0.0, Max: 0, Diff: 0, Sum: 0, Workers: 4
[948.557s][debug][gc,phases      ] GC(48)     Total                          Min: 128, Avg: 234.8, Max: 448, Diff: 320, Sum: 939, Workers: 4
[948.557s][debug][gc,phases      ] GC(48)   ObjectSynchronizer Weak        Min:  0.0, Avg:  0.0, Max:  0.0, Diff:  0.0, Sum:  0.0, Workers: 4
[948.557s][debug][gc,phases      ] GC(48)     Dead                           Min: 0, Avg:  0.0, Max: 0, Diff: 0, Sum: 0, Workers: 4
[948.557s][debug][gc,phases      ] GC(48)     Total                          Min: 0, Avg: 13.2, Max: 53, Diff: 53, Sum: 53, Workers: 4
[948.557s][debug][gc,phases      ] GC(48)   JVMTI Tag Weak OopStorage      Min:  0.0, Avg:  0.0, Max:  0.0, Diff:  0.0, Sum:  0.0, Workers: 4
[948.557s][debug][gc,phases      ] GC(48)     Dead                           Min: 0, Avg:  0.0, Max: 0, Diff: 0, Sum: 0, Workers: 4
[948.557s][debug][gc,phases      ] GC(48)     Total                          Min: 0, Avg:  0.0, Max: 0, Diff: 0, Sum: 0, Workers: 4
[948.557s][debug][gc,phases      ] GC(48)   StringTable Weak               Min:  0.1, Avg:  0.1, Max:  0.1, Diff:  0.0, Sum:  0.4, Workers: 4
[948.557s][debug][gc,phases      ] GC(48)     Dead                           Min: 0, Avg:  0.5, Max: 2, Diff: 2, Sum: 2, Workers: 4
[948.557s][debug][gc,phases      ] GC(48)     Total                          Min: 10368, Avg: 10978.2, Max: 12235, Diff: 1867, Sum: 43913, Workers: 4
[948.557s][debug][gc,phases      ] GC(48)   ResolvedMethodTable Weak       Min:  0.0, Avg:  0.0, Max:  0.0, Diff:  0.0, Sum:  0.1, Workers: 4
[948.557s][debug][gc,phases      ] GC(48)     Dead                           Min: 0, Avg:  0.0, Max: 0, Diff: 0, Sum: 0, Workers: 4
[948.557s][debug][gc,phases      ] GC(48)     Total                          Min: 1344, Avg: 2450.5, Max: 3008, Diff: 1664, Sum: 9802, Workers: 4
[948.557s][debug][gc,phases      ] GC(48)   JNI Weak                       Min:  0.0, Avg:  0.0, Max:  0.0, Diff:  0.0, Sum:  0.0, Workers: 4
[948.557s][debug][gc,phases      ] GC(48)     Dead                           Min: 0, Avg:  0.0, Max: 0, Diff: 0, Sum: 0, Workers: 4
[948.557s][debug][gc,phases      ] GC(48)     Total                          Min: 0, Avg: 11.2, Max: 45, Diff: 45, Sum: 45, Workers: 4
[948.557s][debug][gc,phases      ] GC(48)   StringDedup Table Weak         Min:  0.0, Avg:  0.0, Max:  0.0, Diff:  0.0, Sum:  0.0, Workers: 4
[948.557s][debug][gc,phases      ] GC(48)     Dead                           Min: 0, Avg:  0.0, Max: 0, Diff: 0, Sum: 0, Workers: 4
[948.557s][debug][gc,phases      ] GC(48)     Total                          Min: 0, Avg:  0.0, Max: 0, Diff: 0, Sum: 0, Workers: 4
[948.557s][debug][gc,phases      ] GC(48)   StringDedup Requests0 Weak     Min:  0.0, Avg:  0.0, Max:  0.0, Diff:  0.0, Sum:  0.0, Workers: 4
[948.557s][debug][gc,phases      ] GC(48)     Dead                           Min: 0, Avg:  0.0, Max: 0, Diff: 0, Sum: 0, Workers: 4
[948.557s][debug][gc,phases      ] GC(48)     Total                          Min: 0, Avg:  0.0, Max: 0, Diff: 0, Sum: 0, Workers: 4
[948.557s][debug][gc,phases      ] GC(48)   StringDedup Requests1 Weak     Min:  0.0, Avg:  0.0, Max:  0.0, Diff:  0.0, Sum:  0.0, Workers: 4
[948.557s][debug][gc,phases      ] GC(48)     Dead                           Min: 0, Avg:  0.0, Max: 0, Diff: 0, Sum: 0, Workers: 4
[948.557s][debug][gc,phases      ] GC(48)     Total                          Min: 0, Avg:  0.0, Max: 0, Diff: 0, Sum: 0, Workers: 4
[948.557s][debug][gc,phases      ] GC(48)   Weak JFR Old Object Samples    Min:  0.0, Avg:  0.0, Max:  0.0, Diff:  0.0, Sum:  0.0, Workers: 4
[948.557s][debug][gc,phases      ] GC(48)     Dead                           Min: 0, Avg:  0.0, Max: 0, Diff: 0, Sum: 0, Workers: 4
[948.557s][debug][gc,phases      ] GC(48)     Total                          Min: 0, Avg:  0.0, Max: 0, Diff: 0, Sum: 0, Workers: 4
[948.557s][debug][gc,phases      ] GC(48) Weak Processing 0.304ms
[948.557s][debug][gc,age         ] GC(48) Desired survivor size 240123904 bytes, new threshold 15 (max threshold 15)
[948.557s][info ][gc,heap        ] GC(48) PSYoungGen: 1787898K(1863680K)->122010K(1857024K) Eden: 1623552K(1623552K)->0K(1623552K) From: 164346K(240128K)->122010K(233472K)
[948.557s][info ][gc,heap        ] GC(48) ParOldGen: 472549K(544768K)->472677K(544768K)
[948.557s][info ][gc,metaspace   ] GC(48) Metaspace: 83334K(84480K)->83334K(84480K) NonClass: 71453K(72064K)->71453K(72064K) Class: 11881K(12416K)->11881K(12416K)
[948.557s][info ][gc             ] GC(48) Pause Young (Allocation Failure) 2207M->580M(2345M) 46.973ms
[948.557s][info ][gc,cpu         ] GC(48) User=0.15s Sys=0.00s Real=0.04s
[948.557s][info ][safepoint      ] Safepoint "ParallelGCFailedAllocation", Time since last: 936725194 ns, Reaching safepoint: 237902 ns, At safepoint: 47060571 ns, Total: 47298473 ns
[949.557s][info ][safepoint      ] Safepoint "Cleanup", Time since last: 1000082795 ns, Reaching safepoint: 134101 ns, At safepoint: 7200 ns, Total: 141301 ns
[950.558s][info ][safepoint      ] Safepoint "Cleanup", Time since last: 1000114395 ns, Reaching safepoint: 222001 ns, At safepoint: 8300 ns, Total: 230301 ns
[951.558s][info ][safepoint      ] Safepoint "Cleanup", Time since last: 1000126995 ns, Reaching safepoint: 111601 ns, At safepoint: 4400 ns, Total: 116001 ns
[952.558s][info ][safepoint      ] Safepoint "Cleanup", Time since last: 1000107095 ns, Reaching safepoint: 144201 ns, At safepoint: 10200 ns, Total: 154401 ns
[952.709s][info ][gc,start       ] GC(49) Pause Young (Allocation Failure)
[952.751s][debug][gc,phases      ] GC(49) Scavenge 41.867ms
[952.751s][debug][gc,ref         ] GC(49) Skipped phase 1 of Reference Processing: no references
[952.751s][debug][gc,ref         ] GC(49) ReferenceProcessor::execute queues: 1, RefProcThreadModel::Single, marks_oops_alive: false
[952.751s][debug][gc,ref         ] GC(49) Skipped phase 3 of Reference Processing: no references
[952.751s][debug][gc,ref         ] GC(49) ReferenceProcessor::execute queues: 1, RefProcThreadModel::Single, marks_oops_alive: false
[952.751s][debug][gc,phases      ] GC(49) Reference Processing 0.131ms
[952.751s][debug][gc,phases      ] GC(49)   VM Weak                        Min:  0.0, Avg:  0.0, Max:  0.0, Diff:  0.0, Sum:  0.0, Workers: 4
[952.751s][debug][gc,phases      ] GC(49)     Dead                           Min: 0, Avg:  0.0, Max: 0, Diff: 0, Sum: 0, Workers: 4
[952.751s][debug][gc,phases      ] GC(49)     Total                          Min: 0, Avg: 234.8, Max: 448, Diff: 448, Sum: 939, Workers: 4
[952.751s][debug][gc,phases      ] GC(49)   ObjectSynchronizer Weak        Min:  0.0, Avg:  0.0, Max:  0.0, Diff:  0.0, Sum:  0.0, Workers: 4
[952.751s][debug][gc,phases      ] GC(49)     Dead                           Min: 0, Avg:  0.0, Max: 0, Diff: 0, Sum: 0, Workers: 4
[952.751s][debug][gc,phases      ] GC(49)     Total                          Min: 0, Avg: 13.2, Max: 53, Diff: 53, Sum: 53, Workers: 4
[952.751s][debug][gc,phases      ] GC(49)   JVMTI Tag Weak OopStorage      Min:  0.0, Avg:  0.0, Max:  0.0, Diff:  0.0, Sum:  0.0, Workers: 4
[952.751s][debug][gc,phases      ] GC(49)     Dead                           Min: 0, Avg:  0.0, Max: 0, Diff: 0, Sum: 0, Workers: 4
[952.751s][debug][gc,phases      ] GC(49)     Total                          Min: 0, Avg:  0.0, Max: 0, Diff: 0, Sum: 0, Workers: 4
[952.751s][debug][gc,phases      ] GC(49)   StringTable Weak               Min:  0.0, Avg:  0.1, Max:  0.1, Diff:  0.1, Sum:  0.4, Workers: 4
[952.751s][debug][gc,phases      ] GC(49)     Dead                           Min: 0, Avg:  0.0, Max: 0, Diff: 0, Sum: 0, Workers: 4
[952.751s][debug][gc,phases      ] GC(49)     Total                          Min: 0, Avg: 10981.2, Max: 15552, Diff: 15552, Sum: 43925, Workers: 4
[952.751s][debug][gc,phases      ] GC(49)   ResolvedMethodTable Weak       Min:  0.0, Avg:  0.0, Max:  0.0, Diff:  0.0, Sum:  0.1, Workers: 4
[952.751s][debug][gc,phases      ] GC(49)     Dead                           Min: 0, Avg:  0.0, Max: 0, Diff: 0, Sum: 0, Workers: 4
[952.751s][debug][gc,phases      ] GC(49)     Total                          Min: 0, Avg: 2450.5, Max: 3520, Diff: 3520, Sum: 9802, Workers: 4
[952.751s][debug][gc,phases      ] GC(49)   JNI Weak                       Min:  0.0, Avg:  0.0, Max:  0.0, Diff:  0.0, Sum:  0.0, Workers: 4
[952.751s][debug][gc,phases      ] GC(49)     Dead                           Min: 0, Avg:  0.0, Max: 0, Diff: 0, Sum: 0, Workers: 4
[952.751s][debug][gc,phases      ] GC(49)     Total                          Min: 0, Avg: 11.2, Max: 45, Diff: 45, Sum: 45, Workers: 4
[952.751s][debug][gc,phases      ] GC(49)   StringDedup Table Weak         Min:  0.0, Avg:  0.0, Max:  0.0, Diff:  0.0, Sum:  0.0, Workers: 4
[952.751s][debug][gc,phases      ] GC(49)     Dead                           Min: 0, Avg:  0.0, Max: 0, Diff: 0, Sum: 0, Workers: 4
[952.751s][debug][gc,phases      ] GC(49)     Total                          Min: 0, Avg:  0.0, Max: 0, Diff: 0, Sum: 0, Workers: 4
[952.751s][debug][gc,phases      ] GC(49)   StringDedup Requests0 Weak     Min:  0.0, Avg:  0.0, Max:  0.0, Diff:  0.0, Sum:  0.0, Workers: 4
[952.751s][debug][gc,phases      ] GC(49)     Dead                           Min: 0, Avg:  0.0, Max: 0, Diff: 0, Sum: 0, Workers: 4
[952.751s][debug][gc,phases      ] GC(49)     Total                          Min: 0, Avg:  0.0, Max: 0, Diff: 0, Sum: 0, Workers: 4
[952.751s][debug][gc,phases      ] GC(49)   StringDedup Requests1 Weak     Min:  0.0, Avg:  0.0, Max:  0.0, Diff:  0.0, Sum:  0.0, Workers: 4
[952.751s][debug][gc,phases      ] GC(49)     Dead                           Min: 0, Avg:  0.0, Max: 0, Diff: 0, Sum: 0, Workers: 4
[952.751s][debug][gc,phases      ] GC(49)     Total                          Min: 0, Avg:  0.0, Max: 0, Diff: 0, Sum: 0, Workers: 4
[952.751s][debug][gc,phases      ] GC(49)   Weak JFR Old Object Samples    Min:  0.0, Avg:  0.0, Max:  0.0, Diff:  0.0, Sum:  0.0, Workers: 4
[952.751s][debug][gc,phases      ] GC(49)     Dead                           Min: 0, Avg:  0.0, Max: 0, Diff: 0, Sum: 0, Workers: 4
[952.751s][debug][gc,phases      ] GC(49)     Total                          Min: 0, Avg:  0.0, Max: 0, Diff: 0, Sum: 0, Workers: 4
[952.751s][debug][gc,phases      ] GC(49) Weak Processing 0.344ms
[952.751s][debug][gc,age         ] GC(49) Desired survivor size 234356736 bytes, new threshold 15 (max threshold 15)
[952.751s][info ][gc,heap        ] GC(49) PSYoungGen: 1745562K(1857024K)->152205K(1868288K) Eden: 1623552K(1623552K)->0K(1633792K) From: 122010K(233472K)->152205K(234496K)
[952.751s][info ][gc,heap        ] GC(49) ParOldGen: 472677K(544768K)->472717K(544768K)
[952.751s][info ][gc,metaspace   ] GC(49) Metaspace: 83338K(84480K)->83338K(84480K) NonClass: 71457K(72064K)->71457K(72064K) Class: 11881K(12416K)->11881K(12416K)
[952.751s][info ][gc             ] GC(49) Pause Young (Allocation Failure) 2166M->610M(2356M) 42.456ms
[952.751s][info ][gc,cpu         ] GC(49) User=0.14s Sys=0.00s Real=0.04s
[952.751s][info ][safepoint      ] Safepoint "ParallelGCFailedAllocation", Time since last: 150478888 ns, Reaching safepoint: 40400 ns, At safepoint: 42530936 ns, Total: 42571336 ns
[955.752s][info ][safepoint      ] Safepoint "Cleanup", Time since last: 3000220433 ns, Reaching safepoint: 55600 ns, At safepoint: 3100 ns, Total: 58700 ns
[956.752s][info ][safepoint      ] Safepoint "Cleanup", Time since last: 1000129624 ns, Reaching safepoint: 34001 ns, At safepoint: 2700 ns, Total: 36701 ns
[957.752s][info ][safepoint      ] Safepoint "Cleanup", Time since last: 1000105824 ns, Reaching safepoint: 47700 ns, At safepoint: 4500 ns, Total: 52200 ns
[960.752s][info ][safepoint      ] Safepoint "Cleanup", Time since last: 3000278172 ns, Reaching safepoint: 118101 ns, At safepoint: 9700 ns, Total: 127801 ns
[961.753s][info ][safepoint      ] Safepoint "Cleanup", Time since last: 1000161625 ns, Reaching safepoint: 51100 ns, At safepoint: 2800 ns, Total: 53900 ns
[963.753s][info ][safepoint      ] Safepoint "Cleanup", Time since last: 2000172220 ns, Reaching safepoint: 46900 ns, At safepoint: 2700 ns, Total: 49600 ns
[964.753s][info ][safepoint      ] Safepoint "Cleanup", Time since last: 1000124707 ns, Reaching safepoint: 52700 ns, At safepoint: 3100 ns, Total: 55800 ns
[967.219s][info ][safepoint      ] Safepoint "Cleanup", Time since last: 2465937796 ns, Reaching safepoint: 42300 ns, At safepoint: 6501 ns, Total: 48801 ns
[968.219s][info ][safepoint      ] Safepoint "Cleanup", Time since last: 1000110206 ns, Reaching safepoint: 150002 ns, At safepoint: 7200 ns, Total: 157202 ns
[969.219s][info ][safepoint      ] Safepoint "Cleanup", Time since last: 1000135107 ns, Reaching safepoint: 36000 ns, At safepoint: 2900 ns, Total: 38900 ns
[972.220s][info ][safepoint      ] Safepoint "Cleanup", Time since last: 3000220554 ns, Reaching safepoint: 82201 ns, At safepoint: 10100 ns, Total: 92301 ns
[972.883s][info ][gc,start       ] GC(50) Pause Young (Allocation Failure)
[972.928s][debug][gc,phases      ] GC(50) Scavenge 44.925ms
[972.928s][debug][gc,ref         ] GC(50) Skipped phase 1 of Reference Processing: no references
[972.928s][debug][gc,ref         ] GC(50) ReferenceProcessor::execute queues: 1, RefProcThreadModel::Single, marks_oops_alive: false
[972.928s][debug][gc,ref         ] GC(50) Skipped phase 3 of Reference Processing: no references
[972.928s][debug][gc,ref         ] GC(50) ReferenceProcessor::execute queues: 1, RefProcThreadModel::Single, marks_oops_alive: false
[972.928s][debug][gc,phases      ] GC(50) Reference Processing 0.128ms
[972.928s][debug][gc,phases      ] GC(50)   VM Weak                        Min:  0.0, Avg:  0.0, Max:  0.0, Diff:  0.0, Sum:  0.0, Workers: 4
[972.928s][debug][gc,phases      ] GC(50)     Dead                           Min: 0, Avg:  0.0, Max: 0, Diff: 0, Sum: 0, Workers: 4
[972.928s][debug][gc,phases      ] GC(50)     Total                          Min: 0, Avg: 234.8, Max: 448, Diff: 448, Sum: 939, Workers: 4
[972.928s][debug][gc,phases      ] GC(50)   ObjectSynchronizer Weak        Min:  0.0, Avg:  0.0, Max:  0.0, Diff:  0.0, Sum:  0.0, Workers: 4
[972.928s][debug][gc,phases      ] GC(50)     Dead                           Min: 0, Avg:  0.0, Max: 0, Diff: 0, Sum: 0, Workers: 4
[972.928s][debug][gc,phases      ] GC(50)     Total                          Min: 0, Avg: 13.2, Max: 53, Diff: 53, Sum: 53, Workers: 4
[972.928s][debug][gc,phases      ] GC(50)   JVMTI Tag Weak OopStorage      Min:  0.0, Avg:  0.0, Max:  0.0, Diff:  0.0, Sum:  0.0, Workers: 4
[972.928s][debug][gc,phases      ] GC(50)     Dead                           Min: 0, Avg:  0.0, Max: 0, Diff: 0, Sum: 0, Workers: 4
[972.928s][debug][gc,phases      ] GC(50)     Total                          Min: 0, Avg:  0.0, Max: 0, Diff: 0, Sum: 0, Workers: 4
[972.928s][debug][gc,phases      ] GC(50)   StringTable Weak               Min:  0.0, Avg:  0.1, Max:  0.1, Diff:  0.1, Sum:  0.4, Workers: 4
[972.928s][debug][gc,phases      ] GC(50)     Dead                           Min: 0, Avg:  0.0, Max: 0, Diff: 0, Sum: 0, Workers: 4
[972.928s][debug][gc,phases      ] GC(50)     Total                          Min: 0, Avg: 10981.8, Max: 18112, Diff: 18112, Sum: 43927, Workers: 4
[972.928s][debug][gc,phases      ] GC(50)   ResolvedMethodTable Weak       Min:  0.0, Avg:  0.0, Max:  0.0, Diff:  0.0, Sum:  0.1, Workers: 4
[972.928s][debug][gc,phases      ] GC(50)     Dead                           Min: 0, Avg:  0.0, Max: 0, Diff: 0, Sum: 0, Workers: 4
[972.928s][debug][gc,phases      ] GC(50)     Total                          Min: 0, Avg: 2450.5, Max: 5066, Diff: 5066, Sum: 9802, Workers: 4
[972.928s][debug][gc,phases      ] GC(50)   JNI Weak                       Min:  0.0, Avg:  0.0, Max:  0.0, Diff:  0.0, Sum:  0.0, Workers: 4
[972.928s][debug][gc,phases      ] GC(50)     Dead                           Min: 0, Avg:  0.0, Max: 0, Diff: 0, Sum: 0, Workers: 4
[972.928s][debug][gc,phases      ] GC(50)     Total                          Min: 0, Avg: 11.2, Max: 45, Diff: 45, Sum: 45, Workers: 4
[972.928s][debug][gc,phases      ] GC(50)   StringDedup Table Weak         Min:  0.0, Avg:  0.0, Max:  0.0, Diff:  0.0, Sum:  0.0, Workers: 4
[972.928s][debug][gc,phases      ] GC(50)     Dead                           Min: 0, Avg:  0.0, Max: 0, Diff: 0, Sum: 0, Workers: 4
[972.928s][debug][gc,phases      ] GC(50)     Total                          Min: 0, Avg:  0.0, Max: 0, Diff: 0, Sum: 0, Workers: 4
[972.928s][debug][gc,phases      ] GC(50)   StringDedup Requests0 Weak     Min:  0.0, Avg:  0.0, Max:  0.0, Diff:  0.0, Sum:  0.0, Workers: 4
[972.928s][debug][gc,phases      ] GC(50)     Dead                           Min: 0, Avg:  0.0, Max: 0, Diff: 0, Sum: 0, Workers: 4
[972.928s][debug][gc,phases      ] GC(50)     Total                          Min: 0, Avg:  0.0, Max: 0, Diff: 0, Sum: 0, Workers: 4
[972.929s][debug][gc,phases      ] GC(50)   StringDedup Requests1 Weak     Min:  0.0, Avg:  0.0, Max:  0.0, Diff:  0.0, Sum:  0.0, Workers: 4
[972.929s][debug][gc,phases      ] GC(50)     Dead                           Min: 0, Avg:  0.0, Max: 0, Diff: 0, Sum: 0, Workers: 4
[972.929s][debug][gc,phases      ] GC(50)     Total                          Min: 0, Avg:  0.0, Max: 0, Diff: 0, Sum: 0, Workers: 4
[972.929s][debug][gc,phases      ] GC(50)   Weak JFR Old Object Samples    Min:  0.0, Avg:  0.0, Max:  0.0, Diff:  0.0, Sum:  0.0, Workers: 4
[972.929s][debug][gc,phases      ] GC(50)     Dead                           Min: 0, Avg:  0.0, Max: 0, Diff: 0, Sum: 0, Workers: 4
[972.929s][debug][gc,phases      ] GC(50)     Total                          Min: 0, Avg:  0.0, Max: 0, Diff: 0, Sum: 0, Workers: 4
[972.929s][debug][gc,phases      ] GC(50) Weak Processing 0.330ms
[972.929s][debug][gc,age         ] GC(50) Desired survivor size 231735296 bytes, new threshold 15 (max threshold 15)
[972.929s][info ][gc,heap        ] GC(50) PSYoungGen: 1785997K(1868288K)->138273K(1862656K) Eden: 1633792K(1633792K)->0K(1633792K) From: 152205K(234496K)->138273K(228864K)
[972.929s][info ][gc,heap        ] GC(50) ParOldGen: 472717K(544768K)->472877K(544768K)
[972.929s][info ][gc,metaspace   ] GC(50) Metaspace: 83360K(84480K)->83360K(84480K) NonClass: 71479K(72064K)->71479K(72064K) Class: 11881K(12416K)->11881K(12416K)
[972.929s][info ][gc             ] GC(50) Pause Young (Allocation Failure) 2205M->596M(2351M) 45.506ms
[972.929s][info ][gc,cpu         ] GC(50) User=0.15s Sys=0.00s Real=0.05s
[972.929s][info ][safepoint      ] Safepoint "ParallelGCFailedAllocation", Time since last: 663119153 ns, Reaching safepoint: 201202 ns, At safepoint: 45582261 ns, Total: 45783463 ns
[973.929s][info ][safepoint      ] Safepoint "Cleanup", Time since last: 1000030523 ns, Reaching safepoint: 107001 ns, At safepoint: 8500 ns, Total: 115501 ns
[974.929s][info ][safepoint      ] Safepoint "Cleanup", Time since last: 1000093723 ns, Reaching safepoint: 39100 ns, At safepoint: 2400 ns, Total: 41500 ns
[976.929s][info ][safepoint      ] Safepoint "Cleanup", Time since last: 2000133546 ns, Reaching safepoint: 58900 ns, At safepoint: 4500 ns, Total: 63400 ns
[978.929s][info ][safepoint      ] Safepoint "Cleanup", Time since last: 2000191338 ns, Reaching safepoint: 44800 ns, At safepoint: 4700 ns, Total: 49500 ns
[981.930s][info ][safepoint      ] Safepoint "Cleanup", Time since last: 3000245738 ns, Reaching safepoint: 42100 ns, At safepoint: 3000 ns, Total: 45100 ns
[982.931s][info ][safepoint      ] Safepoint "Cleanup", Time since last: 1001237222 ns, Reaching safepoint: 47800 ns, At safepoint: 18700 ns, Total: 66500 ns
[983.931s][info ][safepoint      ] Safepoint "Cleanup", Time since last: 1000110213 ns, Reaching safepoint: 54000 ns, At safepoint: 3600 ns, Total: 57600 ns
[995.855s][info ][gc,start       ] GC(51) Pause Young (Allocation Failure)
[995.890s][debug][gc,phases      ] GC(51) Scavenge 35.008ms
[995.890s][debug][gc,ref         ] GC(51) Skipped phase 1 of Reference Processing: no references
[995.890s][debug][gc,ref         ] GC(51) ReferenceProcessor::execute queues: 1, RefProcThreadModel::Single, marks_oops_alive: false
[995.890s][debug][gc,ref         ] GC(51) Skipped phase 3 of Reference Processing: no references
[995.890s][debug][gc,ref         ] GC(51) ReferenceProcessor::execute queues: 1, RefProcThreadModel::Single, marks_oops_alive: false
[995.890s][debug][gc,phases      ] GC(51) Reference Processing 0.190ms
[995.891s][debug][gc,phases      ] GC(51)   VM Weak                        Min:  0.0, Avg:  0.0, Max:  0.0, Diff:  0.0, Sum:  0.0, Workers: 4
[995.891s][debug][gc,phases      ] GC(51)     Dead                           Min: 0, Avg:  0.0, Max: 0, Diff: 0, Sum: 0, Workers: 4
[995.891s][debug][gc,phases      ] GC(51)     Total                          Min: 0, Avg: 236.0, Max: 640, Diff: 640, Sum: 944, Workers: 4
[995.891s][debug][gc,phases      ] GC(51)   ObjectSynchronizer Weak        Min:  0.0, Avg:  0.0, Max:  0.0, Diff:  0.0, Sum:  0.0, Workers: 4
[995.891s][debug][gc,phases      ] GC(51)     Dead                           Min: 0, Avg:  0.0, Max: 0, Diff: 0, Sum: 0, Workers: 4
[995.891s][debug][gc,phases      ] GC(51)     Total                          Min: 0, Avg: 13.2, Max: 53, Diff: 53, Sum: 53, Workers: 4
[995.891s][debug][gc,phases      ] GC(51)   JVMTI Tag Weak OopStorage      Min:  0.0, Avg:  0.0, Max:  0.0, Diff:  0.0, Sum:  0.0, Workers: 4
[995.891s][debug][gc,phases      ] GC(51)     Dead                           Min: 0, Avg:  0.0, Max: 0, Diff: 0, Sum: 0, Workers: 4
[995.891s][debug][gc,phases      ] GC(51)     Total                          Min: 0, Avg:  0.0, Max: 0, Diff: 0, Sum: 0, Workers: 4
[995.891s][debug][gc,phases      ] GC(51)   StringTable Weak               Min:  0.0, Avg:  0.1, Max:  0.2, Diff:  0.2, Sum:  0.4, Workers: 4
[995.891s][debug][gc,phases      ] GC(51)     Dead                           Min: 0, Avg:  0.0, Max: 0, Diff: 0, Sum: 0, Workers: 4
[995.891s][debug][gc,phases      ] GC(51)     Total                          Min: 0, Avg: 10982.8, Max: 22043, Diff: 22043, Sum: 43931, Workers: 4
[995.891s][debug][gc,phases      ] GC(51)   ResolvedMethodTable Weak       Min:  0.0, Avg:  0.0, Max:  0.0, Diff:  0.0, Sum:  0.1, Workers: 4
[995.891s][debug][gc,phases      ] GC(51)     Dead                           Min: 0, Avg:  0.0, Max: 0, Diff: 0, Sum: 0, Workers: 4
[995.891s][debug][gc,phases      ] GC(51)     Total                          Min: 0, Avg: 2455.0, Max: 5084, Diff: 5084, Sum: 9820, Workers: 4
[995.891s][debug][gc,phases      ] GC(51)   JNI Weak                       Min:  0.0, Avg:  0.0, Max:  0.0, Diff:  0.0, Sum:  0.0, Workers: 4
[995.891s][debug][gc,phases      ] GC(51)     Dead                           Min: 0, Avg:  0.0, Max: 0, Diff: 0, Sum: 0, Workers: 4
[995.891s][debug][gc,phases      ] GC(51)     Total                          Min: 0, Avg: 11.2, Max: 45, Diff: 45, Sum: 45, Workers: 4
[995.891s][debug][gc,phases      ] GC(51)   StringDedup Table Weak         Min:  0.0, Avg:  0.0, Max:  0.0, Diff:  0.0, Sum:  0.0, Workers: 4
[995.891s][debug][gc,phases      ] GC(51)     Dead                           Min: 0, Avg:  0.0, Max: 0, Diff: 0, Sum: 0, Workers: 4
[995.891s][debug][gc,phases      ] GC(51)     Total                          Min: 0, Avg:  0.0, Max: 0, Diff: 0, Sum: 0, Workers: 4
[995.891s][debug][gc,phases      ] GC(51)   StringDedup Requests0 Weak     Min:  0.0, Avg:  0.0, Max:  0.0, Diff:  0.0, Sum:  0.0, Workers: 4
[995.891s][debug][gc,phases      ] GC(51)     Dead                           Min: 0, Avg:  0.0, Max: 0, Diff: 0, Sum: 0, Workers: 4
[995.891s][debug][gc,phases      ] GC(51)     Total                          Min: 0, Avg:  0.0, Max: 0, Diff: 0, Sum: 0, Workers: 4
[995.891s][debug][gc,phases      ] GC(51)   StringDedup Requests1 Weak     Min:  0.0, Avg:  0.0, Max:  0.0, Diff:  0.0, Sum:  0.0, Workers: 4
[995.891s][debug][gc,phases      ] GC(51)     Dead                           Min: 0, Avg:  0.0, Max: 0, Diff: 0, Sum: 0, Workers: 4
[995.891s][debug][gc,phases      ] GC(51)     Total                          Min: 0, Avg:  0.0, Max: 0, Diff: 0, Sum: 0, Workers: 4
[995.891s][debug][gc,phases      ] GC(51)   Weak JFR Old Object Samples    Min:  0.0, Avg:  0.0, Max:  0.0, Diff:  0.0, Sum:  0.0, Workers: 4
[995.891s][debug][gc,phases      ] GC(51)     Dead                           Min: 0, Avg:  0.0, Max: 0, Diff: 0, Sum: 0, Workers: 4
[995.891s][debug][gc,phases      ] GC(51)     Total                          Min: 0, Avg:  0.0, Max: 0, Diff: 0, Sum: 0, Workers: 4
[995.891s][debug][gc,phases      ] GC(51) Weak Processing 0.547ms
[995.891s][debug][gc,age         ] GC(51) Desired survivor size 228589568 bytes, new threshold 15 (max threshold 15)
[995.891s][info ][gc,heap        ] GC(51) PSYoungGen: 1772065K(1862656K)->137693K(1873920K) Eden: 1633792K(1633792K)->0K(1647616K) From: 138273K(228864K)->137693K(226304K)
[995.891s][info ][gc,heap        ] GC(51) ParOldGen: 472877K(544768K)->479765K(544768K)
[995.891s][info ][gc,metaspace   ] GC(51) Metaspace: 83417K(84544K)->83417K(84544K) NonClass: 71531K(72128K)->71531K(72128K) Class: 11885K(12416K)->11885K(12416K)
[995.891s][info ][gc             ] GC(51) Pause Young (Allocation Failure) 2192M->602M(2362M) 35.907ms
[995.891s][info ][gc,cpu         ] GC(51) User=0.12s Sys=0.01s Real=0.04s
[995.891s][info ][safepoint      ] Safepoint "ParallelGCFailedAllocation", Time since last: 11923837115 ns, Reaching safepoint: 35901 ns, At safepoint: 35993584 ns, Total: 36029485 ns
[996.891s][info ][safepoint      ] Safepoint "Cleanup", Time since last: 1000099608 ns, Reaching safepoint: 50200 ns, At safepoint: 3600 ns, Total: 53800 ns
[997.891s][info ][safepoint      ] Safepoint "Cleanup", Time since last: 1000109308 ns, Reaching safepoint: 38600 ns, At safepoint: 2700 ns, Total: 41300 ns
[1000.892s][info ][safepoint      ] Safepoint "Cleanup", Time since last: 3000250022 ns, Reaching safepoint: 52300 ns, At safepoint: 5000 ns, Total: 57300 ns
[1003.892s][info ][safepoint      ] Safepoint "Cleanup", Time since last: 3000253717 ns, Reaching safepoint: 45200 ns, At safepoint: 8600 ns, Total: 53800 ns
[1004.892s][info ][safepoint      ] Safepoint "Cleanup", Time since last: 1000111804 ns, Reaching safepoint: 39801 ns, At safepoint: 2900 ns, Total: 42701 ns
[1006.892s][info ][safepoint      ] Safepoint "Cleanup", Time since last: 2000178708 ns, Reaching safepoint: 40001 ns, At safepoint: 3300 ns, Total: 43301 ns
[1008.893s][info ][safepoint      ] Safepoint "Cleanup", Time since last: 2000220809 ns, Reaching safepoint: 88400 ns, At safepoint: 6400 ns, Total: 94800 ns
[1009.893s][info ][safepoint      ] Safepoint "Cleanup", Time since last: 1000144305 ns, Reaching safepoint: 45300 ns, At safepoint: 3301 ns, Total: 48601 ns
[1010.893s][info ][safepoint      ] Safepoint "Cleanup", Time since last: 1000130200 ns, Reaching safepoint: 41201 ns, At safepoint: 3100 ns, Total: 44301 ns
[1011.893s][info ][safepoint      ] Safepoint "Cleanup", Time since last: 1000133100 ns, Reaching safepoint: 76600 ns, At safepoint: 5500 ns, Total: 82100 ns
[1012.893s][info ][safepoint      ] Safepoint "Cleanup", Time since last: 1000143600 ns, Reaching safepoint: 53201 ns, At safepoint: 3100 ns, Total: 56301 ns
[1013.893s][info ][safepoint      ] Safepoint "Cleanup", Time since last: 1000074999 ns, Reaching safepoint: 49500 ns, At safepoint: 4000 ns, Total: 53500 ns
[1018.894s][info ][safepoint      ] Safepoint "Cleanup", Time since last: 5000359597 ns, Reaching safepoint: 48001 ns, At safepoint: 3400 ns, Total: 51401 ns
[1021.894s][info ][safepoint      ] Safepoint "Cleanup", Time since last: 3000258399 ns, Reaching safepoint: 61400 ns, At safepoint: 3300 ns, Total: 64700 ns
[1022.894s][info ][safepoint      ] Safepoint "Cleanup", Time since last: 1000121900 ns, Reaching safepoint: 41100 ns, At safepoint: 2800 ns, Total: 43900 ns
[1023.895s][info ][safepoint      ] Safepoint "Cleanup", Time since last: 1000110100 ns, Reaching safepoint: 43401 ns, At safepoint: 5200 ns, Total: 48601 ns
[1025.895s][info ][safepoint      ] Safepoint "Cleanup", Time since last: 2000129499 ns, Reaching safepoint: 58900 ns, At safepoint: 5500 ns, Total: 64400 ns
[1028.895s][info ][safepoint      ] Safepoint "Cleanup", Time since last: 3000299954 ns, Reaching safepoint: 50900 ns, At safepoint: 4800 ns, Total: 55700 ns
[1033.896s][info ][safepoint      ] Safepoint "Cleanup", Time since last: 5000369333 ns, Reaching safepoint: 48800 ns, At safepoint: 4600 ns, Total: 53400 ns
[1035.762s][info ][gc,start       ] GC(52) Pause Young (Allocation Failure)
[1035.796s][debug][gc,phases      ] GC(52) Scavenge 34.355ms
[1035.796s][debug][gc,ref         ] GC(52) Skipped phase 1 of Reference Processing: no references
[1035.796s][debug][gc,ref         ] GC(52) ReferenceProcessor::execute queues: 1, RefProcThreadModel::Single, marks_oops_alive: false
[1035.796s][debug][gc,ref         ] GC(52) Skipped phase 3 of Reference Processing: no references
[1035.796s][debug][gc,ref         ] GC(52) ReferenceProcessor::execute queues: 1, RefProcThreadModel::Single, marks_oops_alive: false
[1035.796s][debug][gc,phases      ] GC(52) Reference Processing 0.126ms
[1035.796s][debug][gc,phases      ] GC(52)   VM Weak                        Min:  0.0, Avg:  0.0, Max:  0.0, Diff:  0.0, Sum:  0.0, Workers: 4
[1035.796s][debug][gc,phases      ] GC(52)     Dead                           Min: 0, Avg:  0.0, Max: 0, Diff: 0, Sum: 0, Workers: 4
[1035.796s][debug][gc,phases      ] GC(52)     Total                          Min: 0, Avg: 236.0, Max: 576, Diff: 576, Sum: 944, Workers: 4
[1035.796s][debug][gc,phases      ] GC(52)   ObjectSynchronizer Weak        Min:  0.0, Avg:  0.0, Max:  0.0, Diff:  0.0, Sum:  0.0, Workers: 4
[1035.796s][debug][gc,phases      ] GC(52)     Dead                           Min: 0, Avg:  0.0, Max: 0, Diff: 0, Sum: 0, Workers: 4
[1035.796s][debug][gc,phases      ] GC(52)     Total                          Min: 0, Avg: 13.2, Max: 53, Diff: 53, Sum: 53, Workers: 4
[1035.796s][debug][gc,phases      ] GC(52)   JVMTI Tag Weak OopStorage      Min:  0.0, Avg:  0.0, Max:  0.0, Diff:  0.0, Sum:  0.0, Workers: 4
[1035.796s][debug][gc,phases      ] GC(52)     Dead                           Min: 0, Avg:  0.0, Max: 0, Diff: 0, Sum: 0, Workers: 4
[1035.796s][debug][gc,phases      ] GC(52)     Total                          Min: 0, Avg:  0.0, Max: 0, Diff: 0, Sum: 0, Workers: 4
[1035.796s][debug][gc,phases      ] GC(52)   StringTable Weak               Min:  0.0, Avg:  0.1, Max:  0.2, Diff:  0.2, Sum:  0.3, Workers: 4
[1035.796s][debug][gc,phases      ] GC(52)     Dead                           Min: 0, Avg:  0.0, Max: 0, Diff: 0, Sum: 0, Workers: 4
[1035.796s][debug][gc,phases      ] GC(52)     Total                          Min: 0, Avg: 10983.2, Max: 26397, Diff: 26397, Sum: 43933, Workers: 4
[1035.796s][debug][gc,phases      ] GC(52)   ResolvedMethodTable Weak       Min:  0.0, Avg:  0.0, Max:  0.0, Diff:  0.0, Sum:  0.1, Workers: 4
[1035.796s][debug][gc,phases      ] GC(52)     Dead                           Min: 0, Avg:  0.0, Max: 0, Diff: 0, Sum: 0, Workers: 4
[1035.796s][debug][gc,phases      ] GC(52)     Total                          Min: 0, Avg: 2455.0, Max: 5852, Diff: 5852, Sum: 9820, Workers: 4
[1035.796s][debug][gc,phases      ] GC(52)   JNI Weak                       Min:  0.0, Avg:  0.0, Max:  0.0, Diff:  0.0, Sum:  0.0, Workers: 4
[1035.796s][debug][gc,phases      ] GC(52)     Dead                           Min: 0, Avg:  0.0, Max: 0, Diff: 0, Sum: 0, Workers: 4
[1035.796s][debug][gc,phases      ] GC(52)     Total                          Min: 0, Avg: 11.2, Max: 45, Diff: 45, Sum: 45, Workers: 4
[1035.796s][debug][gc,phases      ] GC(52)   StringDedup Table Weak         Min:  0.0, Avg:  0.0, Max:  0.0, Diff:  0.0, Sum:  0.0, Workers: 4
[1035.796s][debug][gc,phases      ] GC(52)     Dead                           Min: 0, Avg:  0.0, Max: 0, Diff: 0, Sum: 0, Workers: 4
[1035.797s][debug][gc,phases      ] GC(52)     Total                          Min: 0, Avg:  0.0, Max: 0, Diff: 0, Sum: 0, Workers: 4
[1035.797s][debug][gc,phases      ] GC(52)   StringDedup Requests0 Weak     Min:  0.0, Avg:  0.0, Max:  0.0, Diff:  0.0, Sum:  0.0, Workers: 4
[1035.797s][debug][gc,phases      ] GC(52)     Dead                           Min: 0, Avg:  0.0, Max: 0, Diff: 0, Sum: 0, Workers: 4
[1035.797s][debug][gc,phases      ] GC(52)     Total                          Min: 0, Avg:  0.0, Max: 0, Diff: 0, Sum: 0, Workers: 4
[1035.797s][debug][gc,phases      ] GC(52)   StringDedup Requests1 Weak     Min:  0.0, Avg:  0.0, Max:  0.0, Diff:  0.0, Sum:  0.0, Workers: 4
[1035.797s][debug][gc,phases      ] GC(52)     Dead                           Min: 0, Avg:  0.0, Max: 0, Diff: 0, Sum: 0, Workers: 4
[1035.797s][debug][gc,phases      ] GC(52)     Total                          Min: 0, Avg:  0.0, Max: 0, Diff: 0, Sum: 0, Workers: 4
[1035.797s][debug][gc,phases      ] GC(52)   Weak JFR Old Object Samples    Min:  0.0, Avg:  0.0, Max:  0.0, Diff:  0.0, Sum:  0.0, Workers: 4
[1035.797s][debug][gc,phases      ] GC(52)     Dead                           Min: 0, Avg:  0.0, Max: 0, Diff: 0, Sum: 0, Workers: 4
[1035.797s][debug][gc,phases      ] GC(52)     Total                          Min: 0, Avg:  0.0, Max: 0, Diff: 0, Sum: 0, Workers: 4
[1035.797s][debug][gc,phases      ] GC(52) Weak Processing 0.388ms
[1035.797s][debug][gc,age         ] GC(52) Desired survivor size 223346688 bytes, new threshold 15 (max threshold 15)
[1035.797s][info ][gc,heap        ] GC(52) PSYoungGen: 1785309K(1873920K)->148340K(1870848K) Eden: 1647616K(1647616K)->0K(1647616K) From: 137693K(226304K)->148340K(223232K)
[1035.797s][info ][gc,heap        ] GC(52) ParOldGen: 479765K(544768K)->481878K(544768K)
[1035.797s][info ][gc,metaspace   ] GC(52) Metaspace: 83429K(84608K)->83429K(84608K) NonClass: 71543K(72192K)->71543K(72192K) Class: 11885K(12416K)->11885K(12416K)
[1035.797s][info ][gc             ] GC(52) Pause Young (Allocation Failure) 2211M->615M(2359M) 34.989ms
[1035.797s][info ][gc,cpu         ] GC(52) User=0.11s Sys=0.00s Real=0.03s
[1035.797s][info ][safepoint      ] Safepoint "ParallelGCFailedAllocation", Time since last: 1866001419 ns, Reaching safepoint: 39800 ns, At safepoint: 35054675 ns, Total: 35094475 ns
[1040.797s][info ][safepoint      ] Safepoint "Cleanup", Time since last: 5000354864 ns, Reaching safepoint: 43200 ns, At safepoint: 7601 ns, Total: 50801 ns
[1042.797s][info ][safepoint      ] Safepoint "Cleanup", Time since last: 2000177596 ns, Reaching safepoint: 65301 ns, At safepoint: 3100 ns, Total: 68401 ns
[1043.797s][info ][safepoint      ] Safepoint "Cleanup", Time since last: 1000110681 ns, Reaching safepoint: 56200 ns, At safepoint: 3601 ns, Total: 59801 ns
[1045.798s][info ][safepoint      ] Safepoint "Cleanup", Time since last: 2000171362 ns, Reaching safepoint: 51100 ns, At safepoint: 9700 ns, Total: 60800 ns
[1046.798s][info ][safepoint      ] Safepoint "Cleanup", Time since last: 1000116982 ns, Reaching safepoint: 45200 ns, At safepoint: 7300 ns, Total: 52500 ns
[1047.798s][info ][safepoint      ] Safepoint "Cleanup", Time since last: 1000111882 ns, Reaching safepoint: 59200 ns, At safepoint: 3000 ns, Total: 62200 ns
[1056.799s][info ][safepoint      ] Safepoint "Cleanup", Time since last: 9000606568 ns, Reaching safepoint: 52700 ns, At safepoint: 3600 ns, Total: 56300 ns
[1058.799s][info ][safepoint      ] Safepoint "Cleanup", Time since last: 2000175353 ns, Reaching safepoint: 66400 ns, At safepoint: 5600 ns, Total: 72000 ns
[1063.799s][info ][safepoint      ] Safepoint "Cleanup", Time since last: 5000369961 ns, Reaching safepoint: 41700 ns, At safepoint: 2900 ns, Total: 44600 ns
[1064.799s][info ][safepoint      ] Safepoint "Cleanup", Time since last: 1000075852 ns, Reaching safepoint: 40100 ns, At safepoint: 3000 ns, Total: 43100 ns
[1069.800s][info ][safepoint      ] Safepoint "Cleanup", Time since last: 5000387961 ns, Reaching safepoint: 61300 ns, At safepoint: 5900 ns, Total: 67200 ns
[1072.800s][info ][safepoint      ] Safepoint "Cleanup", Time since last: 3000250959 ns, Reaching safepoint: 57000 ns, At safepoint: 3700 ns, Total: 60700 ns
[1073.800s][info ][safepoint      ] Safepoint "Cleanup", Time since last: 1000107187 ns, Reaching safepoint: 118901 ns, At safepoint: 6500 ns, Total: 125401 ns
[1075.801s][info ][safepoint      ] Safepoint "Cleanup", Time since last: 2000166815 ns, Reaching safepoint: 39000 ns, At safepoint: 38500 ns, Total: 77500 ns
[1077.801s][info ][safepoint      ] Safepoint "Cleanup", Time since last: 2000169326 ns, Reaching safepoint: 46800 ns, At safepoint: 3300 ns, Total: 50100 ns
[1080.801s][info ][safepoint      ] Safepoint "Cleanup", Time since last: 3000225538 ns, Reaching safepoint: 65701 ns, At safepoint: 3300 ns, Total: 69001 ns
[1081.519s][info ][gc,start       ] GC(53) Pause Young (Allocation Failure)
[1081.541s][debug][gc,phases      ] GC(53) Scavenge 21.519ms
[1081.541s][debug][gc,ref         ] GC(53) Skipped phase 1 of Reference Processing: no references
[1081.541s][debug][gc,ref         ] GC(53) ReferenceProcessor::execute queues: 1, RefProcThreadModel::Single, marks_oops_alive: false
[1081.541s][debug][gc,ref         ] GC(53) Skipped phase 3 of Reference Processing: no references
[1081.541s][debug][gc,ref         ] GC(53) ReferenceProcessor::execute queues: 1, RefProcThreadModel::Single, marks_oops_alive: false
[1081.541s][debug][gc,phases      ] GC(53) Reference Processing 0.157ms
[1081.541s][debug][gc,phases      ] GC(53)   VM Weak                        Min:  0.0, Avg:  0.0, Max:  0.0, Diff:  0.0, Sum:  0.0, Workers: 4
[1081.541s][debug][gc,phases      ] GC(53)     Dead                           Min: 0, Avg:  0.0, Max: 0, Diff: 0, Sum: 0, Workers: 4
[1081.541s][debug][gc,phases      ] GC(53)     Total                          Min: 0, Avg: 236.0, Max: 752, Diff: 752, Sum: 944, Workers: 4
[1081.541s][debug][gc,phases      ] GC(53)   ObjectSynchronizer Weak        Min:  0.0, Avg:  0.0, Max:  0.0, Diff:  0.0, Sum:  0.0, Workers: 4
[1081.541s][debug][gc,phases      ] GC(53)     Dead                           Min: 0, Avg:  0.0, Max: 0, Diff: 0, Sum: 0, Workers: 4
[1081.541s][debug][gc,phases      ] GC(53)     Total                          Min: 0, Avg: 13.2, Max: 53, Diff: 53, Sum: 53, Workers: 4
[1081.541s][debug][gc,phases      ] GC(53)   JVMTI Tag Weak OopStorage      Min:  0.0, Avg:  0.0, Max:  0.0, Diff:  0.0, Sum:  0.0, Workers: 4
[1081.541s][debug][gc,phases      ] GC(53)     Dead                           Min: 0, Avg:  0.0, Max: 0, Diff: 0, Sum: 0, Workers: 4
[1081.541s][debug][gc,phases      ] GC(53)     Total                          Min: 0, Avg:  0.0, Max: 0, Diff: 0, Sum: 0, Workers: 4
[1081.541s][debug][gc,phases      ] GC(53)   StringTable Weak               Min:  0.0, Avg:  0.1, Max:  0.2, Diff:  0.2, Sum:  0.3, Workers: 4
[1081.541s][debug][gc,phases      ] GC(53)     Dead                           Min: 0, Avg:  0.0, Max: 0, Diff: 0, Sum: 0, Workers: 4
[1081.541s][debug][gc,phases      ] GC(53)     Total                          Min: 0, Avg: 10983.2, Max: 26525, Diff: 26525, Sum: 43933, Workers: 4
[1081.541s][debug][gc,phases      ] GC(53)   ResolvedMethodTable Weak       Min:  0.0, Avg:  0.0, Max:  0.0, Diff:  0.0, Sum:  0.1, Workers: 4
[1081.541s][debug][gc,phases      ] GC(53)     Dead                           Min: 0, Avg:  0.0, Max: 0, Diff: 0, Sum: 0, Workers: 4
[1081.541s][debug][gc,phases      ] GC(53)     Total                          Min: 0, Avg: 2455.0, Max: 5660, Diff: 5660, Sum: 9820, Workers: 4
[1081.541s][debug][gc,phases      ] GC(53)   JNI Weak                       Min:  0.0, Avg:  0.0, Max:  0.0, Diff:  0.0, Sum:  0.0, Workers: 4
[1081.541s][debug][gc,phases      ] GC(53)     Dead                           Min: 0, Avg:  0.0, Max: 0, Diff: 0, Sum: 0, Workers: 4
[1081.541s][debug][gc,phases      ] GC(53)     Total                          Min: 0, Avg: 12.0, Max: 48, Diff: 48, Sum: 48, Workers: 4
[1081.541s][debug][gc,phases      ] GC(53)   StringDedup Table Weak         Min:  0.0, Avg:  0.0, Max:  0.0, Diff:  0.0, Sum:  0.0, Workers: 4
[1081.541s][debug][gc,phases      ] GC(53)     Dead                           Min: 0, Avg:  0.0, Max: 0, Diff: 0, Sum: 0, Workers: 4
[1081.541s][debug][gc,phases      ] GC(53)     Total                          Min: 0, Avg:  0.0, Max: 0, Diff: 0, Sum: 0, Workers: 4
[1081.541s][debug][gc,phases      ] GC(53)   StringDedup Requests0 Weak     Min:  0.0, Avg:  0.0, Max:  0.0, Diff:  0.0, Sum:  0.0, Workers: 4
[1081.541s][debug][gc,phases      ] GC(53)     Dead                           Min: 0, Avg:  0.0, Max: 0, Diff: 0, Sum: 0, Workers: 4
[1081.541s][debug][gc,phases      ] GC(53)     Total                          Min: 0, Avg:  0.0, Max: 0, Diff: 0, Sum: 0, Workers: 4
[1081.541s][debug][gc,phases      ] GC(53)   StringDedup Requests1 Weak     Min:  0.0, Avg:  0.0, Max:  0.0, Diff:  0.0, Sum:  0.0, Workers: 4
[1081.541s][debug][gc,phases      ] GC(53)     Dead                           Min: 0, Avg:  0.0, Max: 0, Diff: 0, Sum: 0, Workers: 4
[1081.541s][debug][gc,phases      ] GC(53)     Total                          Min: 0, Avg:  0.0, Max: 0, Diff: 0, Sum: 0, Workers: 4
[1081.541s][debug][gc,phases      ] GC(53)   Weak JFR Old Object Samples    Min:  0.0, Avg:  0.0, Max:  0.0, Diff:  0.0, Sum:  0.0, Workers: 4
[1081.541s][debug][gc,phases      ] GC(53)     Dead                           Min: 0, Avg:  0.0, Max: 0, Diff: 0, Sum: 0, Workers: 4
[1081.541s][debug][gc,phases      ] GC(53)     Total                          Min: 0, Avg:  0.0, Max: 0, Diff: 0, Sum: 0, Workers: 4
[1081.541s][debug][gc,phases      ] GC(53) Weak Processing 0.386ms
[1081.541s][debug][gc,age         ] GC(53) Desired survivor size 229638144 bytes, new threshold 15 (max threshold 15)
[1081.541s][info ][gc,heap        ] GC(53) PSYoungGen: 1795956K(1870848K)->81450K(1866752K) Eden: 1647616K(1647616K)->0K(1648640K) From: 148340K(223232K)->81450K(218112K)
[1081.541s][info ][gc,heap        ] GC(53) ParOldGen: 481878K(544768K)->482898K(544768K)
[1081.541s][info ][gc,metaspace   ] GC(53) Metaspace: 83460K(84608K)->83460K(84608K) NonClass: 71574K(72192K)->71574K(72192K) Class: 11885K(12416K)->11885K(12416K)
[1081.541s][info ][gc             ] GC(53) Pause Young (Allocation Failure) 2224M->551M(2355M) 22.178ms
[1081.541s][info ][gc,cpu         ] GC(53) User=0.06s Sys=0.00s Real=0.02s
[1081.541s][info ][safepoint      ] Safepoint "ParallelGCFailedAllocation", Time since last: 717704935 ns, Reaching safepoint: 114900 ns, At safepoint: 22257172 ns, Total: 22372072 ns
[1082.546s][info ][safepoint      ] Safepoint "Cleanup", Time since last: 1004149228 ns, Reaching safepoint: 145700 ns, At safepoint: 10999 ns, Total: 156699 ns
[1083.546s][info ][safepoint      ] Safepoint "Cleanup", Time since last: 1000123438 ns, Reaching safepoint: 142599 ns, At safepoint: 8800 ns, Total: 151399 ns
[1083.655s][info ][gc,start       ] GC(54) Pause Young (Allocation Failure)
[1083.703s][debug][gc,phases      ] GC(54) Scavenge 48.152ms
[1083.703s][debug][gc,ref         ] GC(54) Skipped phase 1 of Reference Processing: no references
[1083.703s][debug][gc,ref         ] GC(54) ReferenceProcessor::execute queues: 1, RefProcThreadModel::Single, marks_oops_alive: false
[1083.703s][debug][gc,ref         ] GC(54) Skipped phase 3 of Reference Processing: no references
[1083.703s][debug][gc,ref         ] GC(54) ReferenceProcessor::execute queues: 1, RefProcThreadModel::Single, marks_oops_alive: false
[1083.703s][debug][gc,phases      ] GC(54) Reference Processing 0.132ms
[1083.703s][debug][gc,phases      ] GC(54)   VM Weak                        Min:  0.0, Avg:  0.0, Max:  0.0, Diff:  0.0, Sum:  0.0, Workers: 4
[1083.703s][debug][gc,phases      ] GC(54)     Dead                           Min: 0, Avg:  0.0, Max: 0, Diff: 0, Sum: 0, Workers: 4
[1083.703s][debug][gc,phases      ] GC(54)     Total                          Min: 0, Avg: 236.2, Max: 448, Diff: 448, Sum: 945, Workers: 4
[1083.703s][debug][gc,phases      ] GC(54)   ObjectSynchronizer Weak        Min:  0.0, Avg:  0.0, Max:  0.0, Diff:  0.0, Sum:  0.0, Workers: 4
[1083.703s][debug][gc,phases      ] GC(54)     Dead                           Min: 0, Avg:  0.0, Max: 0, Diff: 0, Sum: 0, Workers: 4
[1083.703s][debug][gc,phases      ] GC(54)     Total                          Min: 0, Avg: 13.2, Max: 53, Diff: 53, Sum: 53, Workers: 4
[1083.703s][debug][gc,phases      ] GC(54)   JVMTI Tag Weak OopStorage      Min:  0.0, Avg:  0.0, Max:  0.0, Diff:  0.0, Sum:  0.0, Workers: 4
[1083.703s][debug][gc,phases      ] GC(54)     Dead                           Min: 0, Avg:  0.0, Max: 0, Diff: 0, Sum: 0, Workers: 4
[1083.703s][debug][gc,phases      ] GC(54)     Total                          Min: 0, Avg:  0.0, Max: 0, Diff: 0, Sum: 0, Workers: 4
[1083.703s][debug][gc,phases      ] GC(54)   StringTable Weak               Min:  0.0, Avg:  0.1, Max:  0.1, Diff:  0.1, Sum:  0.4, Workers: 4
[1083.703s][debug][gc,phases      ] GC(54)     Dead                           Min: 0, Avg:  0.5, Max: 2, Diff: 2, Sum: 2, Workers: 4
[1083.703s][debug][gc,phases      ] GC(54)     Total                          Min: 0, Avg: 10985.0, Max: 15488, Diff: 15488, Sum: 43940, Workers: 4
[1083.703s][debug][gc,phases      ] GC(54)   ResolvedMethodTable Weak       Min:  0.0, Avg:  0.0, Max:  0.0, Diff:  0.0, Sum:  0.1, Workers: 4
[1083.703s][debug][gc,phases      ] GC(54)     Dead                           Min: 0, Avg:  0.0, Max: 0, Diff: 0, Sum: 0, Workers: 4
[1083.703s][debug][gc,phases      ] GC(54)     Total                          Min: 0, Avg: 2457.8, Max: 3712, Diff: 3712, Sum: 9831, Workers: 4
[1083.703s][debug][gc,phases      ] GC(54)   JNI Weak                       Min:  0.0, Avg:  0.0, Max:  0.0, Diff:  0.0, Sum:  0.0, Workers: 4
[1083.703s][debug][gc,phases      ] GC(54)     Dead                           Min: 0, Avg:  0.0, Max: 0, Diff: 0, Sum: 0, Workers: 4
[1083.703s][debug][gc,phases      ] GC(54)     Total                          Min: 0, Avg: 11.2, Max: 45, Diff: 45, Sum: 45, Workers: 4
[1083.703s][debug][gc,phases      ] GC(54)   StringDedup Table Weak         Min:  0.0, Avg:  0.0, Max:  0.0, Diff:  0.0, Sum:  0.0, Workers: 4
[1083.703s][debug][gc,phases      ] GC(54)     Dead                           Min: 0, Avg:  0.0, Max: 0, Diff: 0, Sum: 0, Workers: 4
[1083.703s][debug][gc,phases      ] GC(54)     Total                          Min: 0, Avg:  0.0, Max: 0, Diff: 0, Sum: 0, Workers: 4
[1083.703s][debug][gc,phases      ] GC(54)   StringDedup Requests0 Weak     Min:  0.0, Avg:  0.0, Max:  0.0, Diff:  0.0, Sum:  0.0, Workers: 4
[1083.703s][debug][gc,phases      ] GC(54)     Dead                           Min: 0, Avg:  0.0, Max: 0, Diff: 0, Sum: 0, Workers: 4
[1083.703s][debug][gc,phases      ] GC(54)     Total                          Min: 0, Avg:  0.0, Max: 0, Diff: 0, Sum: 0, Workers: 4
[1083.703s][debug][gc,phases      ] GC(54)   StringDedup Requests1 Weak     Min:  0.0, Avg:  0.0, Max:  0.0, Diff:  0.0, Sum:  0.0, Workers: 4
[1083.703s][debug][gc,phases      ] GC(54)     Dead                           Min: 0, Avg:  0.0, Max: 0, Diff: 0, Sum: 0, Workers: 4
[1083.703s][debug][gc,phases      ] GC(54)     Total                          Min: 0, Avg:  0.0, Max: 0, Diff: 0, Sum: 0, Workers: 4
[1083.703s][debug][gc,phases      ] GC(54)   Weak JFR Old Object Samples    Min:  0.0, Avg:  0.0, Max:  0.0, Diff:  0.0, Sum:  0.0, Workers: 4
[1083.703s][debug][gc,phases      ] GC(54)     Dead                           Min: 0, Avg:  0.0, Max: 0, Diff: 0, Sum: 0, Workers: 4
[1083.703s][debug][gc,phases      ] GC(54)     Total                          Min: 0, Avg:  0.0, Max: 0, Diff: 0, Sum: 0, Workers: 4
[1083.703s][debug][gc,phases      ] GC(54) Weak Processing 0.334ms
[1083.703s][debug][gc,age         ] GC(54) Desired survivor size 222822400 bytes, new threshold 15 (max threshold 15)
[1083.703s][info ][gc,heap        ] GC(54) PSYoungGen: 1730090K(1866752K)->145309K(1872896K) Eden: 1648640K(1648640K)->0K(1648640K) From: 81450K(218112K)->145309K(224256K)
[1083.703s][info ][gc,heap        ] GC(54) ParOldGen: 482898K(544768K)->484274K(544768K)
[1083.703s][info ][gc,metaspace   ] GC(54) Metaspace: 83489K(84672K)->83489K(84672K) NonClass: 71598K(72256K)->71598K(72256K) Class: 11890K(12416K)->11890K(12416K)
[1083.703s][info ][gc             ] GC(54) Pause Young (Allocation Failure) 2161M->614M(2361M) 48.744ms
[1083.703s][info ][gc,cpu         ] GC(54) User=0.15s Sys=0.01s Real=0.05s
[1083.704s][info ][safepoint      ] Safepoint "ParallelGCFailedAllocation", Time since last: 108704363 ns, Reaching safepoint: 111399 ns, At safepoint: 48832514 ns, Total: 48943913 ns
[1084.704s][info ][safepoint      ] Safepoint "Cleanup", Time since last: 1000053224 ns, Reaching safepoint: 56900 ns, At safepoint: 2800 ns, Total: 59700 ns
[1085.704s][info ][safepoint      ] Safepoint "Cleanup", Time since last: 1000079084 ns, Reaching safepoint: 55400 ns, At safepoint: 3600 ns, Total: 59000 ns
[1087.704s][info ][safepoint      ] Safepoint "Cleanup", Time since last: 2000190169 ns, Reaching safepoint: 57000 ns, At safepoint: 3900 ns, Total: 60900 ns
[1088.704s][info ][safepoint      ] Safepoint "Cleanup", Time since last: 1000132484 ns, Reaching safepoint: 130201 ns, At safepoint: 6000 ns, Total: 136201 ns
[1090.705s][info ][safepoint      ] Safepoint "Cleanup", Time since last: 2000185741 ns, Reaching safepoint: 114000 ns, At safepoint: 6200 ns, Total: 120200 ns
[1093.705s][info ][safepoint      ] Safepoint "Cleanup", Time since last: 3000323788 ns, Reaching safepoint: 170501 ns, At safepoint: 10700 ns, Total: 181201 ns
[1096.706s][info ][safepoint      ] Safepoint "Cleanup", Time since last: 3000322637 ns, Reaching safepoint: 126001 ns, At safepoint: 5200 ns, Total: 131201 ns
[1099.706s][info ][safepoint      ] Safepoint "Cleanup", Time since last: 3000248560 ns, Reaching safepoint: 129401 ns, At safepoint: 6900 ns, Total: 136301 ns
[1102.614s][info ][gc,start       ] GC(55) Pause Young (Allocation Failure)
[1102.653s][debug][gc,phases      ] GC(55) Scavenge 39.608ms
[1102.653s][debug][gc,ref         ] GC(55) Skipped phase 1 of Reference Processing: no references
[1102.653s][debug][gc,ref         ] GC(55) ReferenceProcessor::execute queues: 1, RefProcThreadModel::Single, marks_oops_alive: false
[1102.653s][debug][gc,ref         ] GC(55) Skipped phase 3 of Reference Processing: no references
[1102.653s][debug][gc,ref         ] GC(55) ReferenceProcessor::execute queues: 1, RefProcThreadModel::Single, marks_oops_alive: false
[1102.654s][debug][gc,phases      ] GC(55) Reference Processing 0.138ms
[1102.654s][debug][gc,phases      ] GC(55)   VM Weak                        Min:  0.0, Avg:  0.0, Max:  0.0, Diff:  0.0, Sum:  0.0, Workers: 4
[1102.654s][debug][gc,phases      ] GC(55)     Dead                           Min: 0, Avg:  0.0, Max: 0, Diff: 0, Sum: 0, Workers: 4
[1102.654s][debug][gc,phases      ] GC(55)     Total                          Min: 0, Avg: 236.2, Max: 768, Diff: 768, Sum: 945, Workers: 4
[1102.654s][debug][gc,phases      ] GC(55)   ObjectSynchronizer Weak        Min:  0.0, Avg:  0.0, Max:  0.0, Diff:  0.0, Sum:  0.0, Workers: 4
[1102.654s][debug][gc,phases      ] GC(55)     Dead                           Min: 0, Avg:  0.0, Max: 0, Diff: 0, Sum: 0, Workers: 4
[1102.654s][debug][gc,phases      ] GC(55)     Total                          Min: 0, Avg: 13.2, Max: 53, Diff: 53, Sum: 53, Workers: 4
[1102.654s][debug][gc,phases      ] GC(55)   JVMTI Tag Weak OopStorage      Min:  0.0, Avg:  0.0, Max:  0.0, Diff:  0.0, Sum:  0.0, Workers: 4
[1102.654s][debug][gc,phases      ] GC(55)     Dead                           Min: 0, Avg:  0.0, Max: 0, Diff: 0, Sum: 0, Workers: 4
[1102.654s][debug][gc,phases      ] GC(55)     Total                          Min: 0, Avg:  0.0, Max: 0, Diff: 0, Sum: 0, Workers: 4
[1102.654s][debug][gc,phases      ] GC(55)   StringTable Weak               Min:  0.0, Avg:  0.1, Max:  0.1, Diff:  0.1, Sum:  0.4, Workers: 4
[1102.654s][debug][gc,phases      ] GC(55)     Dead                           Min: 0, Avg:  0.0, Max: 0, Diff: 0, Sum: 0, Workers: 4
[1102.654s][debug][gc,phases      ] GC(55)     Total                          Min: 0, Avg: 10985.8, Max: 17727, Diff: 17727, Sum: 43943, Workers: 4
[1102.654s][debug][gc,phases      ] GC(55)   ResolvedMethodTable Weak       Min:  0.0, Avg:  0.0, Max:  0.0, Diff:  0.0, Sum:  0.1, Workers: 4
[1102.654s][debug][gc,phases      ] GC(55)     Dead                           Min: 0, Avg:  0.0, Max: 0, Diff: 0, Sum: 0, Workers: 4
[1102.654s][debug][gc,phases      ] GC(55)     Total                          Min: 0, Avg: 2457.8, Max: 4263, Diff: 4263, Sum: 9831, Workers: 4
[1102.654s][debug][gc,phases      ] GC(55)   JNI Weak                       Min:  0.0, Avg:  0.0, Max:  0.0, Diff:  0.0, Sum:  0.0, Workers: 4
[1102.654s][debug][gc,phases      ] GC(55)     Dead                           Min: 0, Avg:  0.0, Max: 0, Diff: 0, Sum: 0, Workers: 4
[1102.654s][debug][gc,phases      ] GC(55)     Total                          Min: 0, Avg: 11.2, Max: 45, Diff: 45, Sum: 45, Workers: 4
[1102.654s][debug][gc,phases      ] GC(55)   StringDedup Table Weak         Min:  0.0, Avg:  0.0, Max:  0.0, Diff:  0.0, Sum:  0.0, Workers: 4
[1102.654s][debug][gc,phases      ] GC(55)     Dead                           Min: 0, Avg:  0.0, Max: 0, Diff: 0, Sum: 0, Workers: 4
[1102.654s][debug][gc,phases      ] GC(55)     Total                          Min: 0, Avg:  0.0, Max: 0, Diff: 0, Sum: 0, Workers: 4
[1102.654s][debug][gc,phases      ] GC(55)   StringDedup Requests0 Weak     Min:  0.0, Avg:  0.0, Max:  0.0, Diff:  0.0, Sum:  0.0, Workers: 4
[1102.654s][debug][gc,phases      ] GC(55)     Dead                           Min: 0, Avg:  0.0, Max: 0, Diff: 0, Sum: 0, Workers: 4
[1102.654s][debug][gc,phases      ] GC(55)     Total                          Min: 0, Avg:  0.0, Max: 0, Diff: 0, Sum: 0, Workers: 4
[1102.654s][debug][gc,phases      ] GC(55)   StringDedup Requests1 Weak     Min:  0.0, Avg:  0.0, Max:  0.0, Diff:  0.0, Sum:  0.0, Workers: 4
[1102.654s][debug][gc,phases      ] GC(55)     Dead                           Min: 0, Avg:  0.0, Max: 0, Diff: 0, Sum: 0, Workers: 4
[1102.654s][debug][gc,phases      ] GC(55)     Total                          Min: 0, Avg:  0.0, Max: 0, Diff: 0, Sum: 0, Workers: 4
[1102.654s][debug][gc,phases      ] GC(55)   Weak JFR Old Object Samples    Min:  0.0, Avg:  0.0, Max:  0.0, Diff:  0.0, Sum:  0.0, Workers: 4
[1102.654s][debug][gc,phases      ] GC(55)     Dead                           Min: 0, Avg:  0.0, Max: 0, Diff: 0, Sum: 0, Workers: 4
[1102.654s][debug][gc,phases      ] GC(55)     Total                          Min: 0, Avg:  0.0, Max: 0, Diff: 0, Sum: 0, Workers: 4
[1102.654s][debug][gc,phases      ] GC(55) Weak Processing 0.327ms
[1102.654s][debug][gc,age         ] GC(55) Desired survivor size 216530944 bytes, new threshold 15 (max threshold 15)
[1102.654s][info ][gc,heap        ] GC(55) PSYoungGen: 1793949K(1872896K)->143405K(1885696K) Eden: 1648640K(1648640K)->0K(1668096K) From: 145309K(224256K)->143405K(217600K)
[1102.654s][info ][gc,heap        ] GC(55) ParOldGen: 484274K(544768K)->487314K(544768K)
[1102.654s][info ][gc,metaspace   ] GC(55) Metaspace: 83506K(84672K)->83506K(84672K) NonClass: 71616K(72256K)->71616K(72256K) Class: 11890K(12416K)->11890K(12416K)
[1102.654s][info ][gc             ] GC(55) Pause Young (Allocation Failure) 2224M->615M(2373M) 40.183ms
[1102.654s][info ][gc,cpu         ] GC(55) User=0.13s Sys=0.00s Real=0.04s
[1102.654s][info ][safepoint      ] Safepoint "ParallelGCFailedAllocation", Time since last: 2907589615 ns, Reaching safepoint: 138601 ns, At safepoint: 40247486 ns, Total: 40386087 ns
[1104.654s][info ][safepoint      ] Safepoint "Cleanup", Time since last: 2000158853 ns, Reaching safepoint: 120101 ns, At safepoint: 5700 ns, Total: 125801 ns
[1106.215s][info ][safepoint      ] Safepoint "Cleanup", Time since last: 1560463084 ns, Reaching safepoint: 64001 ns, At safepoint: 3200 ns, Total: 67201 ns
[1107.215s][info ][safepoint      ] Safepoint "Cleanup", Time since last: 1000115394 ns, Reaching safepoint: 44500 ns, At safepoint: 2400 ns, Total: 46900 ns
[1109.215s][info ][safepoint      ] Safepoint "Cleanup", Time since last: 2000175966 ns, Reaching safepoint: 58101 ns, At safepoint: 5100 ns, Total: 63201 ns
[1110.215s][info ][safepoint      ] Safepoint "Cleanup", Time since last: 1000161542 ns, Reaching safepoint: 37401 ns, At safepoint: 2400 ns, Total: 39801 ns
[1112.215s][info ][safepoint      ] Safepoint "Cleanup", Time since last: 2000103220 ns, Reaching safepoint: 61801 ns, At safepoint: 2800 ns, Total: 64601 ns
[1116.216s][info ][safepoint      ] Safepoint "Cleanup", Time since last: 4000366531 ns, Reaching safepoint: 140901 ns, At safepoint: 9700 ns, Total: 150601 ns
[1116.619s][info ][gc,start       ] GC(56) Pause Young (Allocation Failure)
[1116.667s][debug][gc,phases      ] GC(56) Scavenge 48.217ms
[1116.667s][debug][gc,ref         ] GC(56) Skipped phase 1 of Reference Processing: no references
[1116.668s][debug][gc,ref         ] GC(56) ReferenceProcessor::execute queues: 1, RefProcThreadModel::Single, marks_oops_alive: false
[1116.668s][debug][gc,ref         ] GC(56) Skipped phase 3 of Reference Processing: no references
[1116.668s][debug][gc,ref         ] GC(56) ReferenceProcessor::execute queues: 1, RefProcThreadModel::Single, marks_oops_alive: false
[1116.668s][debug][gc,phases      ] GC(56) Reference Processing 0.129ms
[1116.668s][debug][gc,phases      ] GC(56)   VM Weak                        Min:  0.0, Avg:  0.0, Max:  0.0, Diff:  0.0, Sum:  0.0, Workers: 4
[1116.668s][debug][gc,phases      ] GC(56)     Dead                           Min: 0, Avg:  0.0, Max: 0, Diff: 0, Sum: 0, Workers: 4
[1116.668s][debug][gc,phases      ] GC(56)     Total                          Min: 0, Avg: 236.2, Max: 881, Diff: 881, Sum: 945, Workers: 4
[1116.668s][debug][gc,phases      ] GC(56)   ObjectSynchronizer Weak        Min:  0.0, Avg:  0.0, Max:  0.0, Diff:  0.0, Sum:  0.0, Workers: 4
[1116.668s][debug][gc,phases      ] GC(56)     Dead                           Min: 0, Avg:  0.0, Max: 0, Diff: 0, Sum: 0, Workers: 4
[1116.668s][debug][gc,phases      ] GC(56)     Total                          Min: 0, Avg: 13.2, Max: 53, Diff: 53, Sum: 53, Workers: 4
[1116.668s][debug][gc,phases      ] GC(56)   JVMTI Tag Weak OopStorage      Min:  0.0, Avg:  0.0, Max:  0.0, Diff:  0.0, Sum:  0.0, Workers: 4
[1116.668s][debug][gc,phases      ] GC(56)     Dead                           Min: 0, Avg:  0.0, Max: 0, Diff: 0, Sum: 0, Workers: 4
[1116.668s][debug][gc,phases      ] GC(56)     Total                          Min: 0, Avg:  0.0, Max: 0, Diff: 0, Sum: 0, Workers: 4
[1116.668s][debug][gc,phases      ] GC(56)   StringTable Weak               Min:  0.0, Avg:  0.1, Max:  0.1, Diff:  0.1, Sum:  0.4, Workers: 4
[1116.668s][debug][gc,phases      ] GC(56)     Dead                           Min: 0, Avg:  0.0, Max: 0, Diff: 0, Sum: 0, Workers: 4
[1116.668s][debug][gc,phases      ] GC(56)     Total                          Min: 0, Avg: 10987.2, Max: 18925, Diff: 18925, Sum: 43949, Workers: 4
[1116.668s][debug][gc,phases      ] GC(56)   ResolvedMethodTable Weak       Min:  0.0, Avg:  0.0, Max:  0.0, Diff:  0.0, Sum:  0.1, Workers: 4
[1116.668s][debug][gc,phases      ] GC(56)     Dead                           Min: 0, Avg:  0.0, Max: 0, Diff: 0, Sum: 0, Workers: 4
[1116.668s][debug][gc,phases      ] GC(56)     Total                          Min: 0, Avg: 2458.2, Max: 4649, Diff: 4649, Sum: 9833, Workers: 4
[1116.668s][debug][gc,phases      ] GC(56)   JNI Weak                       Min:  0.0, Avg:  0.0, Max:  0.0, Diff:  0.0, Sum:  0.0, Workers: 4
[1116.668s][debug][gc,phases      ] GC(56)     Dead                           Min: 0, Avg:  0.0, Max: 0, Diff: 0, Sum: 0, Workers: 4
[1116.668s][debug][gc,phases      ] GC(56)     Total                          Min: 0, Avg: 11.2, Max: 45, Diff: 45, Sum: 45, Workers: 4
[1116.668s][debug][gc,phases      ] GC(56)   StringDedup Table Weak         Min:  0.0, Avg:  0.0, Max:  0.0, Diff:  0.0, Sum:  0.0, Workers: 4
[1116.668s][debug][gc,phases      ] GC(56)     Dead                           Min: 0, Avg:  0.0, Max: 0, Diff: 0, Sum: 0, Workers: 4
[1116.668s][debug][gc,phases      ] GC(56)     Total                          Min: 0, Avg:  0.0, Max: 0, Diff: 0, Sum: 0, Workers: 4
[1116.668s][debug][gc,phases      ] GC(56)   StringDedup Requests0 Weak     Min:  0.0, Avg:  0.0, Max:  0.0, Diff:  0.0, Sum:  0.0, Workers: 4
[1116.668s][debug][gc,phases      ] GC(56)     Dead                           Min: 0, Avg:  0.0, Max: 0, Diff: 0, Sum: 0, Workers: 4
[1116.668s][debug][gc,phases      ] GC(56)     Total                          Min: 0, Avg:  0.0, Max: 0, Diff: 0, Sum: 0, Workers: 4
[1116.668s][debug][gc,phases      ] GC(56)   StringDedup Requests1 Weak     Min:  0.0, Avg:  0.0, Max:  0.0, Diff:  0.0, Sum:  0.0, Workers: 4
[1116.668s][debug][gc,phases      ] GC(56)     Dead                           Min: 0, Avg:  0.0, Max: 0, Diff: 0, Sum: 0, Workers: 4
[1116.668s][debug][gc,phases      ] GC(56)     Total                          Min: 0, Avg:  0.0, Max: 0, Diff: 0, Sum: 0, Workers: 4
[1116.668s][debug][gc,phases      ] GC(56)   Weak JFR Old Object Samples    Min:  0.0, Avg:  0.0, Max:  0.0, Diff:  0.0, Sum:  0.0, Workers: 4
[1116.668s][debug][gc,phases      ] GC(56)     Dead                           Min: 0, Avg:  0.0, Max: 0, Diff: 0, Sum: 0, Workers: 4
[1116.668s][debug][gc,phases      ] GC(56)     Total                          Min: 0, Avg:  0.0, Max: 0, Diff: 0, Sum: 0, Workers: 4
[1116.668s][debug][gc,phases      ] GC(56) Weak Processing 0.322ms
[1116.668s][debug][gc,age         ] GC(56) Desired survivor size 210763776 bytes, new threshold 15 (max threshold 15)
[1116.668s][info ][gc,heap        ] GC(56) PSYoungGen: 1811501K(1885696K)->143111K(1879552K) Eden: 1668096K(1668096K)->0K(1668096K) From: 143405K(217600K)->143111K(211456K)
[1116.668s][info ][gc,heap        ] GC(56) ParOldGen: 487314K(544768K)->489602K(544768K)
[1116.668s][info ][gc,metaspace   ] GC(56) Metaspace: 83548K(84736K)->83548K(84736K) NonClass: 71657K(72320K)->71657K(72320K) Class: 11890K(12416K)->11890K(12416K)
[1116.668s][info ][gc             ] GC(56) Pause Young (Allocation Failure) 2244M->617M(2367M) 48.797ms
[1116.668s][info ][gc,cpu         ] GC(56) User=0.16s Sys=0.00s Real=0.05s
[1116.668s][info ][safepoint      ] Safepoint "ParallelGCFailedAllocation", Time since last: 402995623 ns, Reaching safepoint: 102301 ns, At safepoint: 48873254 ns, Total: 48975555 ns
[1117.668s][info ][safepoint      ] Safepoint "Cleanup", Time since last: 1000096255 ns, Reaching safepoint: 120700 ns, At safepoint: 8200 ns, Total: 128900 ns
[1118.668s][info ][safepoint      ] Safepoint "Cleanup", Time since last: 1000101555 ns, Reaching safepoint: 42900 ns, At safepoint: 3100 ns, Total: 46000 ns
[1122.669s][info ][safepoint      ] Safepoint "Cleanup", Time since last: 4000315922 ns, Reaching safepoint: 44100 ns, At safepoint: 5400 ns, Total: 49500 ns
[1123.669s][info ][safepoint      ] Safepoint "Cleanup", Time since last: 1000111665 ns, Reaching safepoint: 61000 ns, At safepoint: 2900 ns, Total: 63900 ns
[1124.669s][info ][safepoint      ] Safepoint "Cleanup", Time since last: 1000069364 ns, Reaching safepoint: 48501 ns, At safepoint: 2500 ns, Total: 51001 ns
[1139.670s][info ][safepoint      ] Safepoint "Cleanup", Time since last: 15001025913 ns, Reaching safepoint: 49600 ns, At safepoint: 6501 ns, Total: 56101 ns
[1142.670s][info ][safepoint      ] Safepoint "Cleanup", Time since last: 3000222604 ns, Reaching safepoint: 38600 ns, At safepoint: 3200 ns, Total: 41800 ns
[1143.671s][info ][safepoint      ] Safepoint "Cleanup", Time since last: 1000117035 ns, Reaching safepoint: 54801 ns, At safepoint: 4100 ns, Total: 58901 ns
[1144.671s][info ][safepoint      ] Safepoint "Cleanup", Time since last: 1000108635 ns, Reaching safepoint: 42700 ns, At safepoint: 2600 ns, Total: 45300 ns
[1146.664s][info ][gc,start       ] GC(57) Pause Young (Allocation Failure)
[1146.702s][debug][gc,phases      ] GC(57) Scavenge 38.456ms
[1146.702s][debug][gc,ref         ] GC(57) Skipped phase 1 of Reference Processing: no references
[1146.702s][debug][gc,ref         ] GC(57) ReferenceProcessor::execute queues: 1, RefProcThreadModel::Single, marks_oops_alive: false
[1146.702s][debug][gc,ref         ] GC(57) Skipped phase 3 of Reference Processing: no references
[1146.702s][debug][gc,ref         ] GC(57) ReferenceProcessor::execute queues: 1, RefProcThreadModel::Single, marks_oops_alive: false
[1146.702s][debug][gc,phases      ] GC(57) Reference Processing 0.143ms
[1146.702s][debug][gc,phases      ] GC(57)   VM Weak                        Min:  0.0, Avg:  0.0, Max:  0.0, Diff:  0.0, Sum:  0.0, Workers: 4
[1146.702s][debug][gc,phases      ] GC(57)     Dead                           Min: 0, Avg:  0.0, Max: 0, Diff: 0, Sum: 0, Workers: 4
[1146.702s][debug][gc,phases      ] GC(57)     Total                          Min: 0, Avg: 236.2, Max: 448, Diff: 448, Sum: 945, Workers: 4
[1146.702s][debug][gc,phases      ] GC(57)   ObjectSynchronizer Weak        Min:  0.0, Avg:  0.0, Max:  0.0, Diff:  0.0, Sum:  0.0, Workers: 4
[1146.702s][debug][gc,phases      ] GC(57)     Dead                           Min: 0, Avg:  0.0, Max: 0, Diff: 0, Sum: 0, Workers: 4
[1146.702s][debug][gc,phases      ] GC(57)     Total                          Min: 0, Avg: 13.2, Max: 53, Diff: 53, Sum: 53, Workers: 4
[1146.702s][debug][gc,phases      ] GC(57)   JVMTI Tag Weak OopStorage      Min:  0.0, Avg:  0.0, Max:  0.0, Diff:  0.0, Sum:  0.0, Workers: 4
[1146.702s][debug][gc,phases      ] GC(57)     Dead                           Min: 0, Avg:  0.0, Max: 0, Diff: 0, Sum: 0, Workers: 4
[1146.702s][debug][gc,phases      ] GC(57)     Total                          Min: 0, Avg:  0.0, Max: 0, Diff: 0, Sum: 0, Workers: 4
[1146.703s][debug][gc,phases      ] GC(57)   StringTable Weak               Min:  0.0, Avg:  0.1, Max:  0.1, Diff:  0.1, Sum:  0.4, Workers: 4
[1146.703s][debug][gc,phases      ] GC(57)     Dead                           Min: 0, Avg:  0.0, Max: 0, Diff: 0, Sum: 0, Workers: 4
[1146.703s][debug][gc,phases      ] GC(57)     Total                          Min: 0, Avg: 10987.2, Max: 15040, Diff: 15040, Sum: 43949, Workers: 4
[1146.703s][debug][gc,phases      ] GC(57)   ResolvedMethodTable Weak       Min:  0.0, Avg:  0.0, Max:  0.0, Diff:  0.0, Sum:  0.1, Workers: 4
[1146.703s][debug][gc,phases      ] GC(57)     Dead                           Min: 0, Avg:  0.0, Max: 0, Diff: 0, Sum: 0, Workers: 4
[1146.703s][debug][gc,phases      ] GC(57)     Total                          Min: 0, Avg: 2458.2, Max: 3520, Diff: 3520, Sum: 9833, Workers: 4
[1146.703s][debug][gc,phases      ] GC(57)   JNI Weak                       Min:  0.0, Avg:  0.0, Max:  0.0, Diff:  0.0, Sum:  0.0, Workers: 4
[1146.703s][debug][gc,phases      ] GC(57)     Dead                           Min: 0, Avg:  0.0, Max: 0, Diff: 0, Sum: 0, Workers: 4
[1146.703s][debug][gc,phases      ] GC(57)     Total                          Min: 0, Avg: 11.2, Max: 45, Diff: 45, Sum: 45, Workers: 4
[1146.703s][debug][gc,phases      ] GC(57)   StringDedup Table Weak         Min:  0.0, Avg:  0.0, Max:  0.0, Diff:  0.0, Sum:  0.0, Workers: 4
[1146.703s][debug][gc,phases      ] GC(57)     Dead                           Min: 0, Avg:  0.0, Max: 0, Diff: 0, Sum: 0, Workers: 4
[1146.703s][debug][gc,phases      ] GC(57)     Total                          Min: 0, Avg:  0.0, Max: 0, Diff: 0, Sum: 0, Workers: 4
[1146.703s][debug][gc,phases      ] GC(57)   StringDedup Requests0 Weak     Min:  0.0, Avg:  0.0, Max:  0.0, Diff:  0.0, Sum:  0.0, Workers: 4
[1146.703s][debug][gc,phases      ] GC(57)     Dead                           Min: 0, Avg:  0.0, Max: 0, Diff: 0, Sum: 0, Workers: 4
[1146.703s][debug][gc,phases      ] GC(57)     Total                          Min: 0, Avg:  0.0, Max: 0, Diff: 0, Sum: 0, Workers: 4
[1146.703s][debug][gc,phases      ] GC(57)   StringDedup Requests1 Weak     Min:  0.0, Avg:  0.0, Max:  0.0, Diff:  0.0, Sum:  0.0, Workers: 4
[1146.703s][debug][gc,phases      ] GC(57)     Dead                           Min: 0, Avg:  0.0, Max: 0, Diff: 0, Sum: 0, Workers: 4
[1146.703s][debug][gc,phases      ] GC(57)     Total                          Min: 0, Avg:  0.0, Max: 0, Diff: 0, Sum: 0, Workers: 4
[1146.703s][debug][gc,phases      ] GC(57)   Weak JFR Old Object Samples    Min:  0.0, Avg:  0.0, Max:  0.0, Diff:  0.0, Sum:  0.0, Workers: 4
[1146.703s][debug][gc,phases      ] GC(57)     Dead                           Min: 0, Avg:  0.0, Max: 0, Diff: 0, Sum: 0, Workers: 4
[1146.703s][debug][gc,phases      ] GC(57)     Total                          Min: 0, Avg:  0.0, Max: 0, Diff: 0, Sum: 0, Workers: 4
[1146.703s][debug][gc,phases      ] GC(57) Weak Processing 0.343ms
[1146.703s][debug][gc,age         ] GC(57) Desired survivor size 207618048 bytes, new threshold 15 (max threshold 15)
[1146.703s][info ][gc,heap        ] GC(57) PSYoungGen: 1811207K(1879552K)->131946K(1894400K) Eden: 1668096K(1668096K)->0K(1688576K) From: 143111K(211456K)->131946K(205824K)
[1146.703s][info ][gc,heap        ] GC(57) ParOldGen: 489602K(544768K)->490978K(544768K)
[1146.703s][info ][gc,metaspace   ] GC(57) Metaspace: 83551K(84736K)->83551K(84736K) NonClass: 71660K(72320K)->71660K(72320K) Class: 11890K(12416K)->11890K(12416K)
[1146.703s][info ][gc             ] GC(57) Pause Young (Allocation Failure) 2246M->608M(2382M) 39.063ms
[1146.703s][info ][gc,cpu         ] GC(57) User=0.11s Sys=0.01s Real=0.04s
[1146.703s][info ][safepoint      ] Safepoint "ParallelGCFailedAllocation", Time since last: 1992712731 ns, Reaching safepoint: 116100 ns, At safepoint: 39133684 ns, Total: 39249784 ns
[1148.703s][info ][safepoint      ] Safepoint "Cleanup", Time since last: 2000139581 ns, Reaching safepoint: 43601 ns, At safepoint: 5600 ns, Total: 49201 ns
[1149.703s][info ][safepoint      ] Safepoint "Cleanup", Time since last: 1000119441 ns, Reaching safepoint: 49700 ns, At safepoint: 3200 ns, Total: 52900 ns
[1150.703s][info ][safepoint      ] Safepoint "Cleanup", Time since last: 1000122342 ns, Reaching safepoint: 46500 ns, At safepoint: 3200 ns, Total: 49700 ns
[1154.704s][info ][safepoint      ] Safepoint "Cleanup", Time since last: 4000306841 ns, Reaching safepoint: 41300 ns, At safepoint: 2600 ns, Total: 43900 ns
[1159.704s][info ][safepoint      ] Safepoint "Cleanup", Time since last: 5000432578 ns, Reaching safepoint: 48301 ns, At safepoint: 3800 ns, Total: 52101 ns
[1160.704s][info ][safepoint      ] Safepoint "Cleanup", Time since last: 1000114615 ns, Reaching safepoint: 118801 ns, At safepoint: 7200 ns, Total: 126001 ns
[1163.705s][info ][safepoint      ] Safepoint "Cleanup", Time since last: 3000255219 ns, Reaching safepoint: 110701 ns, At safepoint: 8000 ns, Total: 118701 ns
[1166.705s][info ][safepoint      ] Safepoint "Cleanup", Time since last: 3000259969 ns, Reaching safepoint: 121001 ns, At safepoint: 5500 ns, Total: 126501 ns
[1168.705s][info ][safepoint      ] Safepoint "Cleanup", Time since last: 2000188413 ns, Reaching safepoint: 110201 ns, At safepoint: 4800 ns, Total: 115001 ns
[1170.706s][info ][safepoint      ] Safepoint "Cleanup", Time since last: 2000185206 ns, Reaching safepoint: 106801 ns, At safepoint: 5400 ns, Total: 112201 ns
[1171.706s][info ][safepoint      ] Safepoint "Cleanup", Time since last: 1000115242 ns, Reaching safepoint: 114501 ns, At safepoint: 8600 ns, Total: 123101 ns
[1173.706s][info ][safepoint      ] Safepoint "Cleanup", Time since last: 2000164083 ns, Reaching safepoint: 110901 ns, At safepoint: 6100 ns, Total: 117001 ns
[1180.707s][info ][safepoint      ] Safepoint "Cleanup", Time since last: 7000505913 ns, Reaching safepoint: 115001 ns, At safepoint: 8100 ns, Total: 123101 ns
[1184.707s][info ][safepoint      ] Safepoint "Cleanup", Time since last: 4000324702 ns, Reaching safepoint: 104900 ns, At safepoint: 7900 ns, Total: 112800 ns
[1185.708s][info ][safepoint      ] Safepoint "Cleanup", Time since last: 1000129251 ns, Reaching safepoint: 177002 ns, At safepoint: 6400 ns, Total: 183402 ns
[1187.708s][info ][safepoint      ] Safepoint "Cleanup", Time since last: 2000193033 ns, Reaching safepoint: 87100 ns, At safepoint: 8500 ns, Total: 95600 ns
[1188.659s][info ][gc,start       ] GC(58) Pause Young (Allocation Failure)
[1188.692s][debug][gc,phases      ] GC(58) Scavenge 32.807ms
[1188.692s][debug][gc,ref         ] GC(58) Skipped phase 1 of Reference Processing: no references
[1188.692s][debug][gc,ref         ] GC(58) ReferenceProcessor::execute queues: 1, RefProcThreadModel::Single, marks_oops_alive: false
[1188.692s][debug][gc,ref         ] GC(58) Skipped phase 3 of Reference Processing: no references
[1188.692s][debug][gc,ref         ] GC(58) ReferenceProcessor::execute queues: 1, RefProcThreadModel::Single, marks_oops_alive: false
[1188.692s][debug][gc,phases      ] GC(58) Reference Processing 0.134ms
[1188.692s][debug][gc,phases      ] GC(58)   VM Weak                        Min:  0.0, Avg:  0.0, Max:  0.0, Diff:  0.0, Sum:  0.0, Workers: 4
[1188.692s][debug][gc,phases      ] GC(58)     Dead                           Min: 0, Avg:  0.0, Max: 0, Diff: 0, Sum: 0, Workers: 4
[1188.692s][debug][gc,phases      ] GC(58)     Total                          Min: 0, Avg: 236.2, Max: 497, Diff: 497, Sum: 945, Workers: 4
[1188.692s][debug][gc,phases      ] GC(58)   ObjectSynchronizer Weak        Min:  0.0, Avg:  0.0, Max:  0.0, Diff:  0.0, Sum:  0.0, Workers: 4
[1188.692s][debug][gc,phases      ] GC(58)     Dead                           Min: 0, Avg:  0.0, Max: 0, Diff: 0, Sum: 0, Workers: 4
[1188.692s][debug][gc,phases      ] GC(58)     Total                          Min: 0, Avg: 13.2, Max: 53, Diff: 53, Sum: 53, Workers: 4
[1188.692s][debug][gc,phases      ] GC(58)   JVMTI Tag Weak OopStorage      Min:  0.0, Avg:  0.0, Max:  0.0, Diff:  0.0, Sum:  0.0, Workers: 4
[1188.692s][debug][gc,phases      ] GC(58)     Dead                           Min: 0, Avg:  0.0, Max: 0, Diff: 0, Sum: 0, Workers: 4
[1188.692s][debug][gc,phases      ] GC(58)     Total                          Min: 0, Avg:  0.0, Max: 0, Diff: 0, Sum: 0, Workers: 4
[1188.692s][debug][gc,phases      ] GC(58)   StringTable Weak               Min:  0.0, Avg:  0.1, Max:  0.1, Diff:  0.1, Sum:  0.4, Workers: 4
[1188.692s][debug][gc,phases      ] GC(58)     Dead                           Min: 0, Avg:  0.0, Max: 0, Diff: 0, Sum: 0, Workers: 4
[1188.692s][debug][gc,phases      ] GC(58)     Total                          Min: 0, Avg: 10988.0, Max: 15473, Diff: 15473, Sum: 43952, Workers: 4
[1188.692s][debug][gc,phases      ] GC(58)   ResolvedMethodTable Weak       Min:  0.0, Avg:  0.0, Max:  0.0, Diff:  0.0, Sum:  0.1, Workers: 4
[1188.692s][debug][gc,phases      ] GC(58)     Dead                           Min: 0, Avg:  0.0, Max: 0, Diff: 0, Sum: 0, Workers: 4
[1188.692s][debug][gc,phases      ] GC(58)     Total                          Min: 0, Avg: 2458.8, Max: 3435, Diff: 3435, Sum: 9835, Workers: 4
[1188.692s][debug][gc,phases      ] GC(58)   JNI Weak                       Min:  0.0, Avg:  0.0, Max:  0.0, Diff:  0.0, Sum:  0.0, Workers: 4
[1188.692s][debug][gc,phases      ] GC(58)     Dead                           Min: 0, Avg:  0.0, Max: 0, Diff: 0, Sum: 0, Workers: 4
[1188.692s][debug][gc,phases      ] GC(58)     Total                          Min: 0, Avg: 11.2, Max: 45, Diff: 45, Sum: 45, Workers: 4
[1188.692s][debug][gc,phases      ] GC(58)   StringDedup Table Weak         Min:  0.0, Avg:  0.0, Max:  0.0, Diff:  0.0, Sum:  0.0, Workers: 4
[1188.692s][debug][gc,phases      ] GC(58)     Dead                           Min: 0, Avg:  0.0, Max: 0, Diff: 0, Sum: 0, Workers: 4
[1188.692s][debug][gc,phases      ] GC(58)     Total                          Min: 0, Avg:  0.0, Max: 0, Diff: 0, Sum: 0, Workers: 4
[1188.692s][debug][gc,phases      ] GC(58)   StringDedup Requests0 Weak     Min:  0.0, Avg:  0.0, Max:  0.0, Diff:  0.0, Sum:  0.0, Workers: 4
[1188.692s][debug][gc,phases      ] GC(58)     Dead                           Min: 0, Avg:  0.0, Max: 0, Diff: 0, Sum: 0, Workers: 4
[1188.692s][debug][gc,phases      ] GC(58)     Total                          Min: 0, Avg:  0.0, Max: 0, Diff: 0, Sum: 0, Workers: 4
[1188.692s][debug][gc,phases      ] GC(58)   StringDedup Requests1 Weak     Min:  0.0, Avg:  0.0, Max:  0.0, Diff:  0.0, Sum:  0.0, Workers: 4
[1188.692s][debug][gc,phases      ] GC(58)     Dead                           Min: 0, Avg:  0.0, Max: 0, Diff: 0, Sum: 0, Workers: 4
[1188.692s][debug][gc,phases      ] GC(58)     Total                          Min: 0, Avg:  0.0, Max: 0, Diff: 0, Sum: 0, Workers: 4
[1188.692s][debug][gc,phases      ] GC(58)   Weak JFR Old Object Samples    Min:  0.0, Avg:  0.0, Max:  0.0, Diff:  0.0, Sum:  0.0, Workers: 4
[1188.692s][debug][gc,phases      ] GC(58)     Dead                           Min: 0, Avg:  0.0, Max: 0, Diff: 0, Sum: 0, Workers: 4
[1188.692s][debug][gc,phases      ] GC(58)     Total                          Min: 0, Avg:  0.0, Max: 0, Diff: 0, Sum: 0, Workers: 4
[1188.692s][debug][gc,phases      ] GC(58) Weak Processing 0.331ms
[1188.692s][debug][gc,age         ] GC(58) Desired survivor size 201850880 bytes, new threshold 15 (max threshold 15)
[1188.692s][info ][gc,heap        ] GC(58) PSYoungGen: 1820522K(1894400K)->143594K(1891328K) Eden: 1688576K(1688576K)->0K(1688576K) From: 131946K(205824K)->143594K(202752K)
[1188.692s][info ][gc,heap        ] GC(58) ParOldGen: 490978K(544768K)->492175K(544768K)
[1188.692s][info ][gc,metaspace   ] GC(58) Metaspace: 83579K(84800K)->83579K(84800K) NonClass: 71686K(72320K)->71686K(72320K) Class: 11892K(12480K)->11892K(12480K)
[1188.692s][info ][gc             ] GC(58) Pause Young (Allocation Failure) 2257M->620M(2379M) 33.390ms
[1188.692s][info ][gc,cpu         ] GC(58) User=0.12s Sys=0.00s Real=0.03s
[1188.692s][info ][safepoint      ] Safepoint "ParallelGCFailedAllocation", Time since last: 951051016 ns, Reaching safepoint: 59001 ns, At safepoint: 33461843 ns, Total: 33520844 ns
[1189.693s][info ][safepoint      ] Safepoint "Cleanup", Time since last: 1000085173 ns, Reaching safepoint: 72201 ns, At safepoint: 3400 ns, Total: 75601 ns
[1190.693s][info ][safepoint      ] Safepoint "Cleanup", Time since last: 1000094773 ns, Reaching safepoint: 61800 ns, At safepoint: 3000 ns, Total: 64800 ns
[1191.693s][info ][safepoint      ] Safepoint "Cleanup", Time since last: 1000121573 ns, Reaching safepoint: 40300 ns, At safepoint: 2300 ns, Total: 42600 ns
[1192.693s][info ][safepoint      ] Safepoint "Cleanup", Time since last: 1000113074 ns, Reaching safepoint: 64000 ns, At safepoint: 7500 ns, Total: 71500 ns
[1194.693s][info ][safepoint      ] Safepoint "Cleanup", Time since last: 2000200579 ns, Reaching safepoint: 58501 ns, At safepoint: 3200 ns, Total: 61701 ns
[1195.693s][info ][safepoint      ] Safepoint "Cleanup", Time since last: 1000119763 ns, Reaching safepoint: 45100 ns, At safepoint: 2900 ns, Total: 48000 ns
[1197.694s][info ][safepoint      ] Safepoint "Cleanup", Time since last: 2000174926 ns, Reaching safepoint: 52100 ns, At safepoint: 13500 ns, Total: 65600 ns
[1198.694s][info ][safepoint      ] Safepoint "Cleanup", Time since last: 1000117363 ns, Reaching safepoint: 142001 ns, At safepoint: 6000 ns, Total: 148001 ns
[1201.694s][info ][safepoint      ] Safepoint "Cleanup", Time since last: 3000242711 ns, Reaching safepoint: 55801 ns, At safepoint: 3400 ns, Total: 59201 ns
[1202.694s][info ][safepoint      ] Safepoint "Cleanup", Time since last: 1000122595 ns, Reaching safepoint: 50700 ns, At safepoint: 3100 ns, Total: 53800 ns
[1203.695s][info ][safepoint      ] Safepoint "Cleanup", Time since last: 1000142201 ns, Reaching safepoint: 47500 ns, At safepoint: 2800 ns, Total: 50300 ns
[1213.695s][info ][safepoint      ] Safepoint "Cleanup", Time since last: 10000709550 ns, Reaching safepoint: 47501 ns, At safepoint: 2900 ns, Total: 50401 ns
[1214.696s][info ][safepoint      ] Safepoint "Cleanup", Time since last: 1000107744 ns, Reaching safepoint: 56401 ns, At safepoint: 2400 ns, Total: 58801 ns
[1215.493s][info ][gc,start       ] GC(59) Pause Young (Allocation Failure)
[1215.519s][debug][gc,phases      ] GC(59) Scavenge 26.403ms
[1215.519s][debug][gc,ref         ] GC(59) Skipped phase 1 of Reference Processing: no references
[1215.519s][debug][gc,ref         ] GC(59) ReferenceProcessor::execute queues: 1, RefProcThreadModel::Single, marks_oops_alive: false
[1215.519s][debug][gc,ref         ] GC(59) Skipped phase 3 of Reference Processing: no references
[1215.519s][debug][gc,ref         ] GC(59) ReferenceProcessor::execute queues: 1, RefProcThreadModel::Single, marks_oops_alive: false
[1215.519s][debug][gc,phases      ] GC(59) Reference Processing 0.116ms
[1215.520s][debug][gc,phases      ] GC(59)   VM Weak                        Min:  0.0, Avg:  0.0, Max:  0.0, Diff:  0.0, Sum:  0.0, Workers: 4
[1215.520s][debug][gc,phases      ] GC(59)     Dead                           Min: 0, Avg:  0.0, Max: 0, Diff: 0, Sum: 0, Workers: 4
[1215.520s][debug][gc,phases      ] GC(59)     Total                          Min: 0, Avg: 236.2, Max: 896, Diff: 896, Sum: 945, Workers: 4
[1215.520s][debug][gc,phases      ] GC(59)   ObjectSynchronizer Weak        Min:  0.0, Avg:  0.0, Max:  0.0, Diff:  0.0, Sum:  0.0, Workers: 4
[1215.520s][debug][gc,phases      ] GC(59)     Dead                           Min: 0, Avg:  0.0, Max: 0, Diff: 0, Sum: 0, Workers: 4
[1215.520s][debug][gc,phases      ] GC(59)     Total                          Min: 0, Avg: 13.2, Max: 53, Diff: 53, Sum: 53, Workers: 4
[1215.520s][debug][gc,phases      ] GC(59)   JVMTI Tag Weak OopStorage      Min:  0.0, Avg:  0.0, Max:  0.0, Diff:  0.0, Sum:  0.0, Workers: 4
[1215.520s][debug][gc,phases      ] GC(59)     Dead                           Min: 0, Avg:  0.0, Max: 0, Diff: 0, Sum: 0, Workers: 4
[1215.520s][debug][gc,phases      ] GC(59)     Total                          Min: 0, Avg:  0.0, Max: 0, Diff: 0, Sum: 0, Workers: 4
[1215.520s][debug][gc,phases      ] GC(59)   StringTable Weak               Min:  0.0, Avg:  0.1, Max:  0.1, Diff:  0.1, Sum:  0.4, Workers: 4
[1215.520s][debug][gc,phases      ] GC(59)     Dead                           Min: 0, Avg:  0.0, Max: 0, Diff: 0, Sum: 0, Workers: 4
[1215.520s][debug][gc,phases      ] GC(59)     Total                          Min: 0, Avg: 10989.5, Max: 19190, Diff: 19190, Sum: 43958, Workers: 4
[1215.520s][debug][gc,phases      ] GC(59)   ResolvedMethodTable Weak       Min:  0.0, Avg:  0.0, Max:  0.0, Diff:  0.0, Sum:  0.1, Workers: 4
[1215.520s][debug][gc,phases      ] GC(59)     Dead                           Min: 0, Avg:  0.0, Max: 0, Diff: 0, Sum: 0, Workers: 4
[1215.520s][debug][gc,phases      ] GC(59)     Total                          Min: 0, Avg: 2460.2, Max: 3953, Diff: 3953, Sum: 9841, Workers: 4
[1215.520s][debug][gc,phases      ] GC(59)   JNI Weak                       Min:  0.0, Avg:  0.0, Max:  0.0, Diff:  0.0, Sum:  0.0, Workers: 4
[1215.520s][debug][gc,phases      ] GC(59)     Dead                           Min: 0, Avg:  0.0, Max: 0, Diff: 0, Sum: 0, Workers: 4
[1215.520s][debug][gc,phases      ] GC(59)     Total                          Min: 0, Avg: 11.2, Max: 45, Diff: 45, Sum: 45, Workers: 4
[1215.520s][debug][gc,phases      ] GC(59)   StringDedup Table Weak         Min:  0.0, Avg:  0.0, Max:  0.0, Diff:  0.0, Sum:  0.0, Workers: 4
[1215.520s][debug][gc,phases      ] GC(59)     Dead                           Min: 0, Avg:  0.0, Max: 0, Diff: 0, Sum: 0, Workers: 4
[1215.520s][debug][gc,phases      ] GC(59)     Total                          Min: 0, Avg:  0.0, Max: 0, Diff: 0, Sum: 0, Workers: 4
[1215.520s][debug][gc,phases      ] GC(59)   StringDedup Requests0 Weak     Min:  0.0, Avg:  0.0, Max:  0.0, Diff:  0.0, Sum:  0.0, Workers: 4
[1215.520s][debug][gc,phases      ] GC(59)     Dead                           Min: 0, Avg:  0.0, Max: 0, Diff: 0, Sum: 0, Workers: 4
[1215.520s][debug][gc,phases      ] GC(59)     Total                          Min: 0, Avg:  0.0, Max: 0, Diff: 0, Sum: 0, Workers: 4
[1215.520s][debug][gc,phases      ] GC(59)   StringDedup Requests1 Weak     Min:  0.0, Avg:  0.0, Max:  0.0, Diff:  0.0, Sum:  0.0, Workers: 4
[1215.520s][debug][gc,phases      ] GC(59)     Dead                           Min: 0, Avg:  0.0, Max: 0, Diff: 0, Sum: 0, Workers: 4
[1215.520s][debug][gc,phases      ] GC(59)     Total                          Min: 0, Avg:  0.0, Max: 0, Diff: 0, Sum: 0, Workers: 4
[1215.520s][debug][gc,phases      ] GC(59)   Weak JFR Old Object Samples    Min:  0.0, Avg:  0.0, Max:  0.0, Diff:  0.0, Sum:  0.0, Workers: 4
[1215.520s][debug][gc,phases      ] GC(59)     Dead                           Min: 0, Avg:  0.0, Max: 0, Diff: 0, Sum: 0, Workers: 4
[1215.520s][debug][gc,phases      ] GC(59)     Total                          Min: 0, Avg:  0.0, Max: 0, Diff: 0, Sum: 0, Workers: 4
[1215.520s][debug][gc,phases      ] GC(59) Weak Processing 0.352ms
[1215.520s][debug][gc,age         ] GC(59) Desired survivor size 211812352 bytes, new threshold 15 (max threshold 15)
[1215.520s][info ][gc,heap        ] GC(59) PSYoungGen: 1832170K(1891328K)->59836K(1880576K) Eden: 1688576K(1688576K)->0K(1683456K) From: 143594K(202752K)->59836K(197120K)
[1215.520s][info ][gc,heap        ] GC(59) ParOldGen: 492175K(544768K)->498567K(544768K)
[1215.520s][info ][gc,metaspace   ] GC(59) Metaspace: 83620K(84800K)->83620K(84800K) NonClass: 71725K(72320K)->71725K(72320K) Class: 11894K(12480K)->11894K(12480K)
[1215.520s][info ][gc             ] GC(59) Pause Young (Allocation Failure) 2269M->545M(2368M) 26.991ms
[1215.520s][info ][gc,cpu         ] GC(59) User=0.07s Sys=0.00s Real=0.03s
[1215.520s][info ][safepoint      ] Safepoint "ParallelGCFailedAllocation", Time since last: 797168454 ns, Reaching safepoint: 76501 ns, At safepoint: 27073898 ns, Total: 27150399 ns
[1216.520s][info ][safepoint      ] Safepoint "Cleanup", Time since last: 1000081545 ns, Reaching safepoint: 123901 ns, At safepoint: 11100 ns, Total: 135001 ns
[1217.413s][info ][safepoint      ] Safepoint "ParallelGCFailedAllocation", Time since last: 893173859 ns, Reaching safepoint: 54101 ns, At safepoint: 9400 ns, Total: 63501 ns
[1217.413s][info ][gc,start       ] GC(60) Pause Young (GCLocker Initiated GC)
[1217.456s][debug][gc,phases      ] GC(60) Scavenge 42.537ms
[1217.456s][debug][gc,ref         ] GC(60) Skipped phase 1 of Reference Processing: no references
[1217.456s][debug][gc,ref         ] GC(60) ReferenceProcessor::execute queues: 1, RefProcThreadModel::Single, marks_oops_alive: false
[1217.456s][debug][gc,ref         ] GC(60) Skipped phase 3 of Reference Processing: no references
[1217.456s][debug][gc,ref         ] GC(60) ReferenceProcessor::execute queues: 1, RefProcThreadModel::Single, marks_oops_alive: false
[1217.456s][debug][gc,phases      ] GC(60) Reference Processing 0.113ms
[1217.456s][debug][gc,phases      ] GC(60)   VM Weak                        Min:  0.0, Avg:  0.0, Max:  0.0, Diff:  0.0, Sum:  0.0, Workers: 4
[1217.456s][debug][gc,phases      ] GC(60)     Dead                           Min: 0, Avg:  0.0, Max: 0, Diff: 0, Sum: 0, Workers: 4
[1217.456s][debug][gc,phases      ] GC(60)     Total                          Min: 0, Avg: 236.2, Max: 512, Diff: 512, Sum: 945, Workers: 4
[1217.456s][debug][gc,phases      ] GC(60)   ObjectSynchronizer Weak        Min:  0.0, Avg:  0.0, Max:  0.0, Diff:  0.0, Sum:  0.0, Workers: 4
[1217.456s][debug][gc,phases      ] GC(60)     Dead                           Min: 0, Avg:  0.0, Max: 0, Diff: 0, Sum: 0, Workers: 4
[1217.456s][debug][gc,phases      ] GC(60)     Total                          Min: 0, Avg: 13.2, Max: 53, Diff: 53, Sum: 53, Workers: 4
[1217.456s][debug][gc,phases      ] GC(60)   JVMTI Tag Weak OopStorage      Min:  0.0, Avg:  0.0, Max:  0.0, Diff:  0.0, Sum:  0.0, Workers: 4
[1217.456s][debug][gc,phases      ] GC(60)     Dead                           Min: 0, Avg:  0.0, Max: 0, Diff: 0, Sum: 0, Workers: 4
[1217.456s][debug][gc,phases      ] GC(60)     Total                          Min: 0, Avg:  0.0, Max: 0, Diff: 0, Sum: 0, Workers: 4
[1217.456s][debug][gc,phases      ] GC(60)   StringTable Weak               Min:  0.1, Avg:  0.1, Max:  0.1, Diff:  0.0, Sum:  0.4, Workers: 4
[1217.456s][debug][gc,phases      ] GC(60)     Dead                           Min: 0, Avg:  0.0, Max: 0, Diff: 0, Sum: 0, Workers: 4
[1217.456s][debug][gc,phases      ] GC(60)     Total                          Min: 9472, Avg: 10994.0, Max: 11656, Diff: 2184, Sum: 43976, Workers: 4
[1217.456s][debug][gc,phases      ] GC(60)   ResolvedMethodTable Weak       Min:  0.0, Avg:  0.0, Max:  0.0, Diff:  0.0, Sum:  0.1, Workers: 4
[1217.456s][debug][gc,phases      ] GC(60)     Dead                           Min: 0, Avg:  0.0, Max: 0, Diff: 0, Sum: 0, Workers: 4
[1217.456s][debug][gc,phases      ] GC(60)     Total                          Min: 2368, Avg: 2460.2, Max: 2560, Diff: 192, Sum: 9841, Workers: 4
[1217.456s][debug][gc,phases      ] GC(60)   JNI Weak                       Min:  0.0, Avg:  0.0, Max:  0.0, Diff:  0.0, Sum:  0.0, Workers: 4
[1217.456s][debug][gc,phases      ] GC(60)     Dead                           Min: 0, Avg:  0.0, Max: 0, Diff: 0, Sum: 0, Workers: 4
[1217.456s][debug][gc,phases      ] GC(60)     Total                          Min: 0, Avg: 11.2, Max: 45, Diff: 45, Sum: 45, Workers: 4
[1217.456s][debug][gc,phases      ] GC(60)   StringDedup Table Weak         Min:  0.0, Avg:  0.0, Max:  0.0, Diff:  0.0, Sum:  0.0, Workers: 4
[1217.456s][debug][gc,phases      ] GC(60)     Dead                           Min: 0, Avg:  0.0, Max: 0, Diff: 0, Sum: 0, Workers: 4
[1217.456s][debug][gc,phases      ] GC(60)     Total                          Min: 0, Avg:  0.0, Max: 0, Diff: 0, Sum: 0, Workers: 4
[1217.456s][debug][gc,phases      ] GC(60)   StringDedup Requests0 Weak     Min:  0.0, Avg:  0.0, Max:  0.0, Diff:  0.0, Sum:  0.0, Workers: 4
[1217.456s][debug][gc,phases      ] GC(60)     Dead                           Min: 0, Avg:  0.0, Max: 0, Diff: 0, Sum: 0, Workers: 4
[1217.456s][debug][gc,phases      ] GC(60)     Total                          Min: 0, Avg:  0.0, Max: 0, Diff: 0, Sum: 0, Workers: 4
[1217.456s][debug][gc,phases      ] GC(60)   StringDedup Requests1 Weak     Min:  0.0, Avg:  0.0, Max:  0.0, Diff:  0.0, Sum:  0.0, Workers: 4
[1217.456s][debug][gc,phases      ] GC(60)     Dead                           Min: 0, Avg:  0.0, Max: 0, Diff: 0, Sum: 0, Workers: 4
[1217.456s][debug][gc,phases      ] GC(60)     Total                          Min: 0, Avg:  0.0, Max: 0, Diff: 0, Sum: 0, Workers: 4
[1217.456s][debug][gc,phases      ] GC(60)   Weak JFR Old Object Samples    Min:  0.0, Avg:  0.0, Max:  0.0, Diff:  0.0, Sum:  0.0, Workers: 4
[1217.456s][debug][gc,phases      ] GC(60)     Dead                           Min: 0, Avg:  0.0, Max: 0, Diff: 0, Sum: 0, Workers: 4
[1217.456s][debug][gc,phases      ] GC(60)     Total                          Min: 0, Avg:  0.0, Max: 0, Diff: 0, Sum: 0, Workers: 4
[1217.456s][debug][gc,phases      ] GC(60) Weak Processing 0.299ms
[1217.456s][debug][gc,age         ] GC(60) Desired survivor size 205520896 bytes, new threshold 15 (max threshold 15)
[1217.456s][info ][gc,heap        ] GC(60) PSYoungGen: 1743292K(1880576K)->132704K(1890304K) Eden: 1683456K(1683456K)->0K(1683456K) From: 59836K(197120K)->132704K(206848K)
[1217.456s][info ][gc,heap        ] GC(60) ParOldGen: 498568K(544768K)->501940K(544768K)
[1217.457s][info ][gc,metaspace   ] GC(60) Metaspace: 83625K(84800K)->83625K(84800K) NonClass: 71730K(72320K)->71730K(72320K) Class: 11894K(12480K)->11894K(12480K)
[1217.457s][info ][gc             ] GC(60) Pause Young (GCLocker Initiated GC) 2189M->619M(2378M) 43.047ms
[1217.457s][info ][gc,cpu         ] GC(60) User=0.14s Sys=0.00s Real=0.04s
[1217.457s][info ][safepoint      ] Safepoint "ParallelGCSystemGC", Time since last: 53900 ns, Reaching safepoint: 25400 ns, At safepoint: 43108917 ns, Total: 43134317 ns
[1218.457s][info ][safepoint      ] Safepoint "Cleanup", Time since last: 1000093642 ns, Reaching safepoint: 118201 ns, At safepoint: 6700 ns, Total: 124901 ns
[1219.457s][info ][safepoint      ] Safepoint "Cleanup", Time since last: 1000118231 ns, Reaching safepoint: 125901 ns, At safepoint: 5600 ns, Total: 131501 ns
[1220.457s][info ][safepoint      ] Safepoint "Cleanup", Time since last: 1000141032 ns, Reaching safepoint: 126201 ns, At safepoint: 5400 ns, Total: 131601 ns
[1222.458s][info ][safepoint      ] Safepoint "Cleanup", Time since last: 2000200762 ns, Reaching safepoint: 115100 ns, At safepoint: 8000 ns, Total: 123100 ns
[1226.458s][info ][safepoint      ] Safepoint "Cleanup", Time since last: 4000324627 ns, Reaching safepoint: 126601 ns, At safepoint: 6800 ns, Total: 133401 ns
[1228.458s][info ][safepoint      ] Safepoint "Cleanup", Time since last: 2000185716 ns, Reaching safepoint: 122301 ns, At safepoint: 5200 ns, Total: 127501 ns
[1229.459s][info ][safepoint      ] Safepoint "Cleanup", Time since last: 1000093958 ns, Reaching safepoint: 123901 ns, At safepoint: 5200 ns, Total: 129101 ns
[1230.459s][info ][safepoint      ] Safepoint "Cleanup", Time since last: 1000126058 ns, Reaching safepoint: 115001 ns, At safepoint: 7300 ns, Total: 122301 ns
[1234.812s][info ][safepoint      ] Safepoint "Cleanup", Time since last: 4353201619 ns, Reaching safepoint: 32300 ns, At safepoint: 4600 ns, Total: 36900 ns
[1235.812s][info ][safepoint      ] Safepoint "Cleanup", Time since last: 1000107158 ns, Reaching safepoint: 71900 ns, At safepoint: 5000 ns, Total: 76900 ns
[1236.812s][info ][safepoint      ] Safepoint "Cleanup", Time since last: 1000106558 ns, Reaching safepoint: 41200 ns, At safepoint: 3000 ns, Total: 44200 ns
[1237.813s][info ][safepoint      ] Safepoint "Cleanup", Time since last: 1000121258 ns, Reaching safepoint: 77300 ns, At safepoint: 2900 ns, Total: 80200 ns
[1238.813s][info ][safepoint      ] Safepoint "Cleanup", Time since last: 1000107058 ns, Reaching safepoint: 62800 ns, At safepoint: 6700 ns, Total: 69500 ns
[1239.813s][info ][safepoint      ] Safepoint "Cleanup", Time since last: 1000114858 ns, Reaching safepoint: 42300 ns, At safepoint: 3900 ns, Total: 46200 ns
[1241.813s][info ][safepoint      ] Safepoint "Cleanup", Time since last: 2000176914 ns, Reaching safepoint: 48201 ns, At safepoint: 5500 ns, Total: 53701 ns
[1247.814s][info ][safepoint      ] Safepoint "Cleanup", Time since last: 6000417032 ns, Reaching safepoint: 77501 ns, At safepoint: 4600 ns, Total: 82101 ns
[1248.814s][info ][safepoint      ] Safepoint "Cleanup", Time since last: 1000133737 ns, Reaching safepoint: 41501 ns, At safepoint: 2700 ns, Total: 44201 ns
[1249.814s][info ][safepoint      ] Safepoint "Cleanup", Time since last: 1000111137 ns, Reaching safepoint: 52300 ns, At safepoint: 7500 ns, Total: 59800 ns
[1251.814s][info ][safepoint      ] Safepoint "Cleanup", Time since last: 2000158852 ns, Reaching safepoint: 41300 ns, At safepoint: 2800 ns, Total: 44100 ns
[1252.585s][info ][gc,start       ] GC(61) Pause Young (Allocation Failure)
[1252.639s][debug][gc,phases      ] GC(61) Scavenge 53.733ms
[1252.639s][debug][gc,ref         ] GC(61) Skipped phase 1 of Reference Processing: no references
[1252.639s][debug][gc,ref         ] GC(61) ReferenceProcessor::execute queues: 1, RefProcThreadModel::Single, marks_oops_alive: false
[1252.639s][debug][gc,ref         ] GC(61) Skipped phase 3 of Reference Processing: no references
[1252.639s][debug][gc,ref         ] GC(61) ReferenceProcessor::execute queues: 1, RefProcThreadModel::Single, marks_oops_alive: false
[1252.639s][debug][gc,phases      ] GC(61) Reference Processing 0.187ms
[1252.640s][debug][gc,phases      ] GC(61)   VM Weak                        Min:  0.0, Avg:  0.0, Max:  0.0, Diff:  0.0, Sum:  0.0, Workers: 4
[1252.640s][debug][gc,phases      ] GC(61)     Dead                           Min: 0, Avg:  0.0, Max: 0, Diff: 0, Sum: 0, Workers: 4
[1252.640s][debug][gc,phases      ] GC(61)     Total                          Min: 0, Avg: 237.2, Max: 640, Diff: 640, Sum: 949, Workers: 4
[1252.640s][debug][gc,phases      ] GC(61)   ObjectSynchronizer Weak        Min:  0.0, Avg:  0.0, Max:  0.0, Diff:  0.0, Sum:  0.0, Workers: 4
[1252.640s][debug][gc,phases      ] GC(61)     Dead                           Min: 0, Avg:  0.0, Max: 0, Diff: 0, Sum: 0, Workers: 4
[1252.640s][debug][gc,phases      ] GC(61)     Total                          Min: 0, Avg: 13.2, Max: 53, Diff: 53, Sum: 53, Workers: 4
[1252.640s][debug][gc,phases      ] GC(61)   JVMTI Tag Weak OopStorage      Min:  0.0, Avg:  0.0, Max:  0.0, Diff:  0.0, Sum:  0.0, Workers: 4
[1252.640s][debug][gc,phases      ] GC(61)     Dead                           Min: 0, Avg:  0.0, Max: 0, Diff: 0, Sum: 0, Workers: 4
[1252.640s][debug][gc,phases      ] GC(61)     Total                          Min: 0, Avg:  0.0, Max: 0, Diff: 0, Sum: 0, Workers: 4
[1252.640s][debug][gc,phases      ] GC(61)   StringTable Weak               Min:  0.0, Avg:  0.1, Max:  0.1, Diff:  0.1, Sum:  0.4, Workers: 4
[1252.640s][debug][gc,phases      ] GC(61)     Dead                           Min: 0, Avg:  0.0, Max: 0, Diff: 0, Sum: 0, Workers: 4
[1252.640s][debug][gc,phases      ] GC(61)     Total                          Min: 0, Avg: 10994.5, Max: 15626, Diff: 15626, Sum: 43978, Workers: 4
[1252.640s][debug][gc,phases      ] GC(61)   ResolvedMethodTable Weak       Min:  0.0, Avg:  0.0, Max:  0.0, Diff:  0.0, Sum:  0.1, Workers: 4
[1252.640s][debug][gc,phases      ] GC(61)     Dead                           Min: 0, Avg:  0.0, Max: 0, Diff: 0, Sum: 0, Workers: 4
[1252.640s][debug][gc,phases      ] GC(61)     Total                          Min: 0, Avg: 2462.8, Max: 3456, Diff: 3456, Sum: 9851, Workers: 4
[1252.640s][debug][gc,phases      ] GC(61)   JNI Weak                       Min:  0.0, Avg:  0.0, Max:  0.0, Diff:  0.0, Sum:  0.0, Workers: 4
[1252.640s][debug][gc,phases      ] GC(61)     Dead                           Min: 0, Avg:  0.0, Max: 0, Diff: 0, Sum: 0, Workers: 4
[1252.640s][debug][gc,phases      ] GC(61)     Total                          Min: 0, Avg: 11.2, Max: 45, Diff: 45, Sum: 45, Workers: 4
[1252.640s][debug][gc,phases      ] GC(61)   StringDedup Table Weak         Min:  0.0, Avg:  0.0, Max:  0.0, Diff:  0.0, Sum:  0.0, Workers: 4
[1252.640s][debug][gc,phases      ] GC(61)     Dead                           Min: 0, Avg:  0.0, Max: 0, Diff: 0, Sum: 0, Workers: 4
[1252.640s][debug][gc,phases      ] GC(61)     Total                          Min: 0, Avg:  0.0, Max: 0, Diff: 0, Sum: 0, Workers: 4
[1252.640s][debug][gc,phases      ] GC(61)   StringDedup Requests0 Weak     Min:  0.0, Avg:  0.0, Max:  0.0, Diff:  0.0, Sum:  0.0, Workers: 4
[1252.640s][debug][gc,phases      ] GC(61)     Dead                           Min: 0, Avg:  0.0, Max: 0, Diff: 0, Sum: 0, Workers: 4
[1252.640s][debug][gc,phases      ] GC(61)     Total                          Min: 0, Avg:  0.0, Max: 0, Diff: 0, Sum: 0, Workers: 4
[1252.640s][debug][gc,phases      ] GC(61)   StringDedup Requests1 Weak     Min:  0.0, Avg:  0.0, Max:  0.0, Diff:  0.0, Sum:  0.0, Workers: 4
[1252.640s][debug][gc,phases      ] GC(61)     Dead                           Min: 0, Avg:  0.0, Max: 0, Diff: 0, Sum: 0, Workers: 4
[1252.640s][debug][gc,phases      ] GC(61)     Total                          Min: 0, Avg:  0.0, Max: 0, Diff: 0, Sum: 0, Workers: 4
[1252.640s][debug][gc,phases      ] GC(61)   Weak JFR Old Object Samples    Min:  0.0, Avg:  0.0, Max:  0.0, Diff:  0.0, Sum:  0.0, Workers: 4
[1252.640s][debug][gc,phases      ] GC(61)     Dead                           Min: 0, Avg:  0.0, Max: 0, Diff: 0, Sum: 0, Workers: 4
[1252.640s][debug][gc,phases      ] GC(61)     Total                          Min: 0, Avg:  0.0, Max: 0, Diff: 0, Sum: 0, Workers: 4
[1252.640s][debug][gc,phases      ] GC(61) Weak Processing 0.442ms
[1252.640s][debug][gc,age         ] GC(61) Desired survivor size 212336640 bytes, new threshold 15 (max threshold 15)
[1252.640s][info ][gc,heap        ] GC(61) PSYoungGen: 1816160K(1890304K)->172562K(1883136K) Eden: 1683456K(1683456K)->0K(1682432K) From: 132704K(206848K)->172562K(200704K)
[1252.640s][info ][gc,heap        ] GC(61) ParOldGen: 501941K(544768K)->502249K(544768K)
[1252.640s][info ][gc,metaspace   ] GC(61) Metaspace: 83670K(84864K)->83670K(84864K) NonClass: 71772K(72384K)->71772K(72384K) Class: 11898K(12480K)->11898K(12480K)
[1252.640s][info ][gc             ] GC(61) Pause Young (Allocation Failure) 2263M->658M(2371M) 54.500ms
[1252.640s][info ][gc,cpu         ] GC(61) User=0.17s Sys=0.01s Real=0.06s
[1252.640s][info ][safepoint      ] Safepoint "ParallelGCFailedAllocation", Time since last: 770920254 ns, Reaching safepoint: 116001 ns, At safepoint: 54586215 ns, Total: 54702216 ns
[1253.640s][info ][safepoint      ] Safepoint "Cleanup", Time since last: 1000157394 ns, Reaching safepoint: 131301 ns, At safepoint: 14001 ns, Total: 145302 ns
[1254.640s][info ][safepoint      ] Safepoint "Cleanup", Time since last: 1000112394 ns, Reaching safepoint: 48700 ns, At safepoint: 3500 ns, Total: 52200 ns
[1255.640s][info ][safepoint      ] Safepoint "Cleanup", Time since last: 1000102695 ns, Reaching safepoint: 30900 ns, At safepoint: 2900 ns, Total: 33800 ns
[1258.363s][info ][gc,start       ] GC(62) Pause Young (Allocation Failure)
[1258.397s][debug][gc,phases      ] GC(62) Scavenge 34.350ms
[1258.397s][debug][gc,ref         ] GC(62) Skipped phase 1 of Reference Processing: no references
[1258.397s][debug][gc,ref         ] GC(62) ReferenceProcessor::execute queues: 1, RefProcThreadModel::Single, marks_oops_alive: false
[1258.397s][debug][gc,ref         ] GC(62) Skipped phase 3 of Reference Processing: no references
[1258.397s][debug][gc,ref         ] GC(62) ReferenceProcessor::execute queues: 1, RefProcThreadModel::Single, marks_oops_alive: false
[1258.397s][debug][gc,phases      ] GC(62) Reference Processing 0.106ms
[1258.398s][debug][gc,phases      ] GC(62)   VM Weak                        Min:  0.0, Avg:  0.0, Max:  0.0, Diff:  0.0, Sum:  0.0, Workers: 4
[1258.398s][debug][gc,phases      ] GC(62)     Dead                           Min: 0, Avg:  0.0, Max: 0, Diff: 0, Sum: 0, Workers: 4
[1258.398s][debug][gc,phases      ] GC(62)     Total                          Min: 0, Avg: 237.2, Max: 640, Diff: 640, Sum: 949, Workers: 4
[1258.398s][debug][gc,phases      ] GC(62)   ObjectSynchronizer Weak        Min:  0.0, Avg:  0.0, Max:  0.0, Diff:  0.0, Sum:  0.0, Workers: 4
[1258.398s][debug][gc,phases      ] GC(62)     Dead                           Min: 0, Avg:  0.0, Max: 0, Diff: 0, Sum: 0, Workers: 4
[1258.398s][debug][gc,phases      ] GC(62)     Total                          Min: 0, Avg: 13.2, Max: 53, Diff: 53, Sum: 53, Workers: 4
[1258.398s][debug][gc,phases      ] GC(62)   JVMTI Tag Weak OopStorage      Min:  0.0, Avg:  0.0, Max:  0.0, Diff:  0.0, Sum:  0.0, Workers: 4
[1258.398s][debug][gc,phases      ] GC(62)     Dead                           Min: 0, Avg:  0.0, Max: 0, Diff: 0, Sum: 0, Workers: 4
[1258.398s][debug][gc,phases      ] GC(62)     Total                          Min: 0, Avg:  0.0, Max: 0, Diff: 0, Sum: 0, Workers: 4
[1258.398s][debug][gc,phases      ] GC(62)   StringTable Weak               Min:  0.0, Avg:  0.1, Max:  0.2, Diff:  0.2, Sum:  0.3, Workers: 4
[1258.398s][debug][gc,phases      ] GC(62)     Dead                           Min: 0, Avg:  0.0, Max: 0, Diff: 0, Sum: 0, Workers: 4
[1258.398s][debug][gc,phases      ] GC(62)     Total                          Min: 0, Avg: 10994.8, Max: 26251, Diff: 26251, Sum: 43979, Workers: 4
[1258.398s][debug][gc,phases      ] GC(62)   ResolvedMethodTable Weak       Min:  0.0, Avg:  0.0, Max:  0.0, Diff:  0.0, Sum:  0.1, Workers: 4
[1258.398s][debug][gc,phases      ] GC(62)     Dead                           Min: 0, Avg:  0.0, Max: 0, Diff: 0, Sum: 0, Workers: 4
[1258.398s][debug][gc,phases      ] GC(62)     Total                          Min: 0, Avg: 2462.8, Max: 5819, Diff: 5819, Sum: 9851, Workers: 4
[1258.398s][debug][gc,phases      ] GC(62)   JNI Weak                       Min:  0.0, Avg:  0.0, Max:  0.0, Diff:  0.0, Sum:  0.0, Workers: 4
[1258.398s][debug][gc,phases      ] GC(62)     Dead                           Min: 0, Avg:  0.0, Max: 0, Diff: 0, Sum: 0, Workers: 4
[1258.398s][debug][gc,phases      ] GC(62)     Total                          Min: 0, Avg: 11.2, Max: 45, Diff: 45, Sum: 45, Workers: 4
[1258.398s][debug][gc,phases      ] GC(62)   StringDedup Table Weak         Min:  0.0, Avg:  0.0, Max:  0.0, Diff:  0.0, Sum:  0.0, Workers: 4
[1258.398s][debug][gc,phases      ] GC(62)     Dead                           Min: 0, Avg:  0.0, Max: 0, Diff: 0, Sum: 0, Workers: 4
[1258.398s][debug][gc,phases      ] GC(62)     Total                          Min: 0, Avg:  0.0, Max: 0, Diff: 0, Sum: 0, Workers: 4
[1258.398s][debug][gc,phases      ] GC(62)   StringDedup Requests0 Weak     Min:  0.0, Avg:  0.0, Max:  0.0, Diff:  0.0, Sum:  0.0, Workers: 4
[1258.398s][debug][gc,phases      ] GC(62)     Dead                           Min: 0, Avg:  0.0, Max: 0, Diff: 0, Sum: 0, Workers: 4
[1258.398s][debug][gc,phases      ] GC(62)     Total                          Min: 0, Avg:  0.0, Max: 0, Diff: 0, Sum: 0, Workers: 4
[1258.398s][debug][gc,phases      ] GC(62)   StringDedup Requests1 Weak     Min:  0.0, Avg:  0.0, Max:  0.0, Diff:  0.0, Sum:  0.0, Workers: 4
[1258.398s][debug][gc,phases      ] GC(62)     Dead                           Min: 0, Avg:  0.0, Max: 0, Diff: 0, Sum: 0, Workers: 4
[1258.398s][debug][gc,phases      ] GC(62)     Total                          Min: 0, Avg:  0.0, Max: 0, Diff: 0, Sum: 0, Workers: 4
[1258.398s][debug][gc,phases      ] GC(62)   Weak JFR Old Object Samples    Min:  0.0, Avg:  0.0, Max:  0.0, Diff:  0.0, Sum:  0.0, Workers: 4
[1258.398s][debug][gc,phases      ] GC(62)     Dead                           Min: 0, Avg:  0.0, Max: 0, Diff: 0, Sum: 0, Workers: 4
[1258.398s][debug][gc,phases      ] GC(62)     Total                          Min: 0, Avg:  0.0, Max: 0, Diff: 0, Sum: 0, Workers: 4
[1258.398s][debug][gc,phases      ] GC(62) Weak Processing 0.376ms
[1258.398s][debug][gc,age         ] GC(62) Desired survivor size 209715200 bytes, new threshold 15 (max threshold 15)
[1258.398s][info ][gc,heap        ] GC(62) PSYoungGen: 1854994K(1883136K)->115649K(1889792K) Eden: 1682432K(1682432K)->0K(1682432K) From: 172562K(200704K)->115649K(207360K)
[1258.398s][info ][gc,heap        ] GC(62) ParOldGen: 502249K(544768K)->506256K(544768K)
[1258.398s][info ][gc,metaspace   ] GC(62) Metaspace: 83718K(84928K)->83718K(84928K) NonClass: 71819K(72448K)->71819K(72448K) Class: 11898K(12480K)->11898K(12480K)
[1258.398s][info ][gc             ] GC(62) Pause Young (Allocation Failure) 2301M->607M(2377M) 34.982ms
[1258.398s][info ][gc,cpu         ] GC(62) User=0.12s Sys=0.00s Real=0.03s
[1258.398s][info ][safepoint      ] Safepoint "ParallelGCFailedAllocation", Time since last: 2722138670 ns, Reaching safepoint: 28100 ns, At safepoint: 35059763 ns, Total: 35087863 ns
[1262.398s][info ][safepoint      ] Safepoint "Cleanup", Time since last: 4000276077 ns, Reaching safepoint: 44200 ns, At safepoint: 4100 ns, Total: 48300 ns
[1265.398s][info ][safepoint      ] Safepoint "Cleanup", Time since last: 3000263783 ns, Reaching safepoint: 79101 ns, At safepoint: 4300 ns, Total: 83401 ns
[1272.399s][info ][safepoint      ] Safepoint "Cleanup", Time since last: 7000525294 ns, Reaching safepoint: 110701 ns, At safepoint: 6800 ns, Total: 117501 ns
[1281.400s][info ][safepoint      ] Safepoint "Cleanup", Time since last: 9000633251 ns, Reaching safepoint: 40701 ns, At safepoint: 2800 ns, Total: 43501 ns
[1288.400s][info ][safepoint      ] Safepoint "Cleanup", Time since last: 7000440956 ns, Reaching safepoint: 55100 ns, At safepoint: 2700 ns, Total: 57800 ns
[1289.400s][info ][safepoint      ] Safepoint "Cleanup", Time since last: 1000118998 ns, Reaching safepoint: 45500 ns, At safepoint: 6900 ns, Total: 52400 ns
[1293.401s][info ][safepoint      ] Safepoint "Cleanup", Time since last: 4000300378 ns, Reaching safepoint: 47901 ns, At safepoint: 8000 ns, Total: 55901 ns
[1294.401s][info ][safepoint      ] Safepoint "Cleanup", Time since last: 1000122659 ns, Reaching safepoint: 49001 ns, At safepoint: 4100 ns, Total: 53101 ns
[1296.401s][info ][safepoint      ] Safepoint "Cleanup", Time since last: 2000162518 ns, Reaching safepoint: 69501 ns, At safepoint: 2900 ns, Total: 72401 ns
[1297.401s][info ][safepoint      ] Safepoint "Cleanup", Time since last: 1000116959 ns, Reaching safepoint: 44901 ns, At safepoint: 3100 ns, Total: 48001 ns
[1298.401s][info ][safepoint      ] Safepoint "Cleanup", Time since last: 1000070557 ns, Reaching safepoint: 45801 ns, At safepoint: 3300 ns, Total: 49101 ns
[1298.961s][info ][gc,start       ] GC(63) Pause Young (Allocation Failure)
[1298.992s][debug][gc,phases      ] GC(63) Scavenge 31.080ms
[1298.992s][debug][gc,ref         ] GC(63) Skipped phase 1 of Reference Processing: no references
[1298.993s][debug][gc,ref         ] GC(63) ReferenceProcessor::execute queues: 1, RefProcThreadModel::Single, marks_oops_alive: false
[1298.993s][debug][gc,ref         ] GC(63) Skipped phase 3 of Reference Processing: no references
[1298.993s][debug][gc,ref         ] GC(63) ReferenceProcessor::execute queues: 1, RefProcThreadModel::Single, marks_oops_alive: false
[1298.993s][debug][gc,phases      ] GC(63) Reference Processing 0.136ms
[1298.993s][debug][gc,phases      ] GC(63)   VM Weak                        Min:  0.0, Avg:  0.0, Max:  0.0, Diff:  0.0, Sum:  0.0, Workers: 4
[1298.993s][debug][gc,phases      ] GC(63)     Dead                           Min: 0, Avg:  0.0, Max: 0, Diff: 0, Sum: 0, Workers: 4
[1298.993s][debug][gc,phases      ] GC(63)     Total                          Min: 0, Avg: 237.2, Max: 512, Diff: 512, Sum: 949, Workers: 4
[1298.993s][debug][gc,phases      ] GC(63)   ObjectSynchronizer Weak        Min:  0.0, Avg:  0.0, Max:  0.0, Diff:  0.0, Sum:  0.0, Workers: 4
[1298.993s][debug][gc,phases      ] GC(63)     Dead                           Min: 0, Avg:  0.0, Max: 0, Diff: 0, Sum: 0, Workers: 4
[1298.993s][debug][gc,phases      ] GC(63)     Total                          Min: 0, Avg: 13.2, Max: 53, Diff: 53, Sum: 53, Workers: 4
[1298.993s][debug][gc,phases      ] GC(63)   JVMTI Tag Weak OopStorage      Min:  0.0, Avg:  0.0, Max:  0.0, Diff:  0.0, Sum:  0.0, Workers: 4
[1298.993s][debug][gc,phases      ] GC(63)     Dead                           Min: 0, Avg:  0.0, Max: 0, Diff: 0, Sum: 0, Workers: 4
[1298.993s][debug][gc,phases      ] GC(63)     Total                          Min: 0, Avg:  0.0, Max: 0, Diff: 0, Sum: 0, Workers: 4
[1298.993s][debug][gc,phases      ] GC(63)   StringTable Weak               Min:  0.0, Avg:  0.1, Max:  0.1, Diff:  0.1, Sum:  0.4, Workers: 4
[1298.993s][debug][gc,phases      ] GC(63)     Dead                           Min: 0, Avg:  0.0, Max: 0, Diff: 0, Sum: 0, Workers: 4
[1298.993s][debug][gc,phases      ] GC(63)     Total                          Min: 0, Avg: 10995.2, Max: 14989, Diff: 14989, Sum: 43981, Workers: 4
[1298.993s][debug][gc,phases      ] GC(63)   ResolvedMethodTable Weak       Min:  0.0, Avg:  0.0, Max:  0.0, Diff:  0.0, Sum:  0.1, Workers: 4
[1298.993s][debug][gc,phases      ] GC(63)     Dead                           Min: 0, Avg:  0.0, Max: 0, Diff: 0, Sum: 0, Workers: 4
[1298.993s][debug][gc,phases      ] GC(63)     Total                          Min: 0, Avg: 2462.8, Max: 3456, Diff: 3456, Sum: 9851, Workers: 4
[1298.993s][debug][gc,phases      ] GC(63)   JNI Weak                       Min:  0.0, Avg:  0.0, Max:  0.0, Diff:  0.0, Sum:  0.0, Workers: 4
[1298.993s][debug][gc,phases      ] GC(63)     Dead                           Min: 0, Avg:  0.0, Max: 0, Diff: 0, Sum: 0, Workers: 4
[1298.993s][debug][gc,phases      ] GC(63)     Total                          Min: 0, Avg: 11.2, Max: 45, Diff: 45, Sum: 45, Workers: 4
[1298.993s][debug][gc,phases      ] GC(63)   StringDedup Table Weak         Min:  0.0, Avg:  0.0, Max:  0.0, Diff:  0.0, Sum:  0.0, Workers: 4
[1298.993s][debug][gc,phases      ] GC(63)     Dead                           Min: 0, Avg:  0.0, Max: 0, Diff: 0, Sum: 0, Workers: 4
[1298.993s][debug][gc,phases      ] GC(63)     Total                          Min: 0, Avg:  0.0, Max: 0, Diff: 0, Sum: 0, Workers: 4
[1298.993s][debug][gc,phases      ] GC(63)   StringDedup Requests0 Weak     Min:  0.0, Avg:  0.0, Max:  0.0, Diff:  0.0, Sum:  0.0, Workers: 4
[1298.993s][debug][gc,phases      ] GC(63)     Dead                           Min: 0, Avg:  0.0, Max: 0, Diff: 0, Sum: 0, Workers: 4
[1298.993s][debug][gc,phases      ] GC(63)     Total                          Min: 0, Avg:  0.0, Max: 0, Diff: 0, Sum: 0, Workers: 4
[1298.993s][debug][gc,phases      ] GC(63)   StringDedup Requests1 Weak     Min:  0.0, Avg:  0.0, Max:  0.0, Diff:  0.0, Sum:  0.0, Workers: 4
[1298.993s][debug][gc,phases      ] GC(63)     Dead                           Min: 0, Avg:  0.0, Max: 0, Diff: 0, Sum: 0, Workers: 4
[1298.993s][debug][gc,phases      ] GC(63)     Total                          Min: 0, Avg:  0.0, Max: 0, Diff: 0, Sum: 0, Workers: 4
[1298.993s][debug][gc,phases      ] GC(63)   Weak JFR Old Object Samples    Min:  0.0, Avg:  0.0, Max:  0.0, Diff:  0.0, Sum:  0.0, Workers: 4
[1298.993s][debug][gc,phases      ] GC(63)     Dead                           Min: 0, Avg:  0.0, Max: 0, Diff: 0, Sum: 0, Workers: 4
[1298.993s][debug][gc,phases      ] GC(63)     Total                          Min: 0, Avg:  0.0, Max: 0, Diff: 0, Sum: 0, Workers: 4
[1298.993s][debug][gc,phases      ] GC(63) Weak Processing 0.439ms
[1298.993s][debug][gc,age         ] GC(63) Desired survivor size 204472320 bytes, new threshold 15 (max threshold 15)
[1298.993s][info ][gc,heap        ] GC(63) PSYoungGen: 1798081K(1889792K)->127697K(1897472K) Eden: 1682432K(1682432K)->0K(1692672K) From: 115649K(207360K)->127697K(204800K)
[1298.993s][info ][gc,heap        ] GC(63) ParOldGen: 506256K(544768K)->507829K(544768K)
[1298.993s][info ][gc,metaspace   ] GC(63) Metaspace: 83741K(84928K)->83741K(84928K) NonClass: 71842K(72448K)->71842K(72448K) Class: 11898K(12480K)->11898K(12480K)
[1298.993s][info ][gc             ] GC(63) Pause Young (Allocation Failure) 2250M->620M(2385M) 31.814ms
[1298.993s][info ][gc,cpu         ] GC(63) User=0.11s Sys=0.00s Real=0.03s
[1298.993s][info ][safepoint      ] Safepoint "ParallelGCFailedAllocation", Time since last: 559801537 ns, Reaching safepoint: 48701 ns, At safepoint: 31901241 ns, Total: 31949942 ns
[1300.993s][info ][safepoint      ] Safepoint "Cleanup", Time since last: 2000147840 ns, Reaching safepoint: 41001 ns, At safepoint: 3400 ns, Total: 44401 ns
[1303.994s][info ][safepoint      ] Safepoint "Cleanup", Time since last: 3000243110 ns, Reaching safepoint: 43201 ns, At safepoint: 4000 ns, Total: 47201 ns
[1305.994s][info ][safepoint      ] Safepoint "Cleanup", Time since last: 2000182540 ns, Reaching safepoint: 49901 ns, At safepoint: 3100 ns, Total: 53001 ns
[1307.994s][info ][safepoint      ] Safepoint "Cleanup", Time since last: 2000187696 ns, Reaching safepoint: 122300 ns, At safepoint: 6001 ns, Total: 128301 ns
[1308.994s][info ][safepoint      ] Safepoint "Cleanup", Time since last: 1000109992 ns, Reaching safepoint: 38200 ns, At safepoint: 2800 ns, Total: 41000 ns
[1310.995s][info ][safepoint      ] Safepoint "Cleanup", Time since last: 2000208786 ns, Reaching safepoint: 79700 ns, At safepoint: 3700 ns, Total: 83400 ns
[1311.995s][info ][safepoint      ] Safepoint "Cleanup", Time since last: 1000142023 ns, Reaching safepoint: 47900 ns, At safepoint: 3200 ns, Total: 51100 ns
[1312.995s][info ][safepoint      ] Safepoint "Cleanup", Time since last: 1000121819 ns, Reaching safepoint: 79501 ns, At safepoint: 3700 ns, Total: 83201 ns
[1313.995s][info ][safepoint      ] Safepoint "Cleanup", Time since last: 1000157619 ns, Reaching safepoint: 49500 ns, At safepoint: 3701 ns, Total: 53201 ns
[1315.995s][info ][safepoint      ] Safepoint "Cleanup", Time since last: 2000193068 ns, Reaching safepoint: 48100 ns, At safepoint: 3100 ns, Total: 51200 ns
[1316.996s][info ][safepoint      ] Safepoint "Cleanup", Time since last: 1000147089 ns, Reaching safepoint: 69001 ns, At safepoint: 4800 ns, Total: 73801 ns
[1319.996s][info ][safepoint      ] Safepoint "Cleanup", Time since last: 3000272466 ns, Reaching safepoint: 50100 ns, At safepoint: 5300 ns, Total: 55400 ns
[1322.996s][info ][safepoint      ] Safepoint "Cleanup", Time since last: 3000242534 ns, Reaching safepoint: 46101 ns, At safepoint: 24100 ns, Total: 70201 ns
[1329.997s][info ][safepoint      ] Safepoint "Cleanup", Time since last: 7000514549 ns, Reaching safepoint: 49801 ns, At safepoint: 3800 ns, Total: 53601 ns
[1333.997s][info ][safepoint      ] Safepoint "Cleanup", Time since last: 4000308840 ns, Reaching safepoint: 61501 ns, At safepoint: 2500 ns, Total: 64001 ns
[1334.997s][info ][safepoint      ] Safepoint "Cleanup", Time since last: 1000113283 ns, Reaching safepoint: 61300 ns, At safepoint: 2800 ns, Total: 64100 ns
[1335.998s][info ][safepoint      ] Safepoint "Cleanup", Time since last: 1000134884 ns, Reaching safepoint: 55000 ns, At safepoint: 3300 ns, Total: 58300 ns
[1336.998s][info ][safepoint      ] Safepoint "Cleanup", Time since last: 1000087784 ns, Reaching safepoint: 51500 ns, At safepoint: 3000 ns, Total: 54500 ns
[1339.998s][info ][safepoint      ] Safepoint "Cleanup", Time since last: 3000240500 ns, Reaching safepoint: 61301 ns, At safepoint: 5200 ns, Total: 66501 ns
[1344.808s][info ][gc,start       ] GC(64) Pause Young (Allocation Failure)
[1344.835s][debug][gc,phases      ] GC(64) Scavenge 27.019ms
[1344.835s][debug][gc,ref         ] GC(64) Skipped phase 1 of Reference Processing: no references
[1344.835s][debug][gc,ref         ] GC(64) ReferenceProcessor::execute queues: 1, RefProcThreadModel::Single, marks_oops_alive: false
[1344.835s][debug][gc,ref         ] GC(64) Skipped phase 3 of Reference Processing: no references
[1344.835s][debug][gc,ref         ] GC(64) ReferenceProcessor::execute queues: 1, RefProcThreadModel::Single, marks_oops_alive: false
[1344.835s][debug][gc,phases      ] GC(64) Reference Processing 0.104ms
[1344.835s][debug][gc,phases      ] GC(64)   VM Weak                        Min:  0.0, Avg:  0.0, Max:  0.0, Diff:  0.0, Sum:  0.0, Workers: 4
[1344.835s][debug][gc,phases      ] GC(64)     Dead                           Min: 0, Avg:  0.0, Max: 0, Diff: 0, Sum: 0, Workers: 4
[1344.835s][debug][gc,phases      ] GC(64)     Total                          Min: 0, Avg: 238.2, Max: 569, Diff: 569, Sum: 953, Workers: 4
[1344.835s][debug][gc,phases      ] GC(64)   ObjectSynchronizer Weak        Min:  0.0, Avg:  0.0, Max:  0.0, Diff:  0.0, Sum:  0.0, Workers: 4
[1344.835s][debug][gc,phases      ] GC(64)     Dead                           Min: 0, Avg:  0.0, Max: 0, Diff: 0, Sum: 0, Workers: 4
[1344.835s][debug][gc,phases      ] GC(64)     Total                          Min: 0, Avg: 13.2, Max: 53, Diff: 53, Sum: 53, Workers: 4
[1344.835s][debug][gc,phases      ] GC(64)   JVMTI Tag Weak OopStorage      Min:  0.0, Avg:  0.0, Max:  0.0, Diff:  0.0, Sum:  0.0, Workers: 4
[1344.835s][debug][gc,phases      ] GC(64)     Dead                           Min: 0, Avg:  0.0, Max: 0, Diff: 0, Sum: 0, Workers: 4
[1344.835s][debug][gc,phases      ] GC(64)     Total                          Min: 0, Avg:  0.0, Max: 0, Diff: 0, Sum: 0, Workers: 4
[1344.835s][debug][gc,phases      ] GC(64)   StringTable Weak               Min:  0.0, Avg:  0.1, Max:  0.1, Diff:  0.1, Sum:  0.4, Workers: 4
[1344.835s][debug][gc,phases      ] GC(64)     Dead                           Min: 0, Avg:  0.0, Max: 0, Diff: 0, Sum: 0, Workers: 4
[1344.835s][debug][gc,phases      ] GC(64)     Total                          Min: 0, Avg: 10995.8, Max: 15503, Diff: 15503, Sum: 43983, Workers: 4
[1344.835s][debug][gc,phases      ] GC(64)   ResolvedMethodTable Weak       Min:  0.0, Avg:  0.0, Max:  0.0, Diff:  0.0, Sum:  0.1, Workers: 4
[1344.835s][debug][gc,phases      ] GC(64)     Dead                           Min: 0, Avg:  0.0, Max: 0, Diff: 0, Sum: 0, Workers: 4
[1344.835s][debug][gc,phases      ] GC(64)     Total                          Min: 0, Avg: 2465.8, Max: 3392, Diff: 3392, Sum: 9863, Workers: 4
[1344.835s][debug][gc,phases      ] GC(64)   JNI Weak                       Min:  0.0, Avg:  0.0, Max:  0.0, Diff:  0.0, Sum:  0.0, Workers: 4
[1344.835s][debug][gc,phases      ] GC(64)     Dead                           Min: 0, Avg:  0.0, Max: 0, Diff: 0, Sum: 0, Workers: 4
[1344.835s][debug][gc,phases      ] GC(64)     Total                          Min: 0, Avg: 11.2, Max: 45, Diff: 45, Sum: 45, Workers: 4
[1344.835s][debug][gc,phases      ] GC(64)   StringDedup Table Weak         Min:  0.0, Avg:  0.0, Max:  0.0, Diff:  0.0, Sum:  0.0, Workers: 4
[1344.835s][debug][gc,phases      ] GC(64)     Dead                           Min: 0, Avg:  0.0, Max: 0, Diff: 0, Sum: 0, Workers: 4
[1344.835s][debug][gc,phases      ] GC(64)     Total                          Min: 0, Avg:  0.0, Max: 0, Diff: 0, Sum: 0, Workers: 4
[1344.835s][debug][gc,phases      ] GC(64)   StringDedup Requests0 Weak     Min:  0.0, Avg:  0.0, Max:  0.0, Diff:  0.0, Sum:  0.0, Workers: 4
[1344.835s][debug][gc,phases      ] GC(64)     Dead                           Min: 0, Avg:  0.0, Max: 0, Diff: 0, Sum: 0, Workers: 4
[1344.835s][debug][gc,phases      ] GC(64)     Total                          Min: 0, Avg:  0.0, Max: 0, Diff: 0, Sum: 0, Workers: 4
[1344.835s][debug][gc,phases      ] GC(64)   StringDedup Requests1 Weak     Min:  0.0, Avg:  0.0, Max:  0.0, Diff:  0.0, Sum:  0.0, Workers: 4
[1344.835s][debug][gc,phases      ] GC(64)     Dead                           Min: 0, Avg:  0.0, Max: 0, Diff: 0, Sum: 0, Workers: 4
[1344.835s][debug][gc,phases      ] GC(64)     Total                          Min: 0, Avg:  0.0, Max: 0, Diff: 0, Sum: 0, Workers: 4
[1344.835s][debug][gc,phases      ] GC(64)   Weak JFR Old Object Samples    Min:  0.0, Avg:  0.0, Max:  0.0, Diff:  0.0, Sum:  0.0, Workers: 4
[1344.835s][debug][gc,phases      ] GC(64)     Dead                           Min: 0, Avg:  0.0, Max: 0, Diff: 0, Sum: 0, Workers: 4
[1344.835s][debug][gc,phases      ] GC(64)     Total                          Min: 0, Avg:  0.0, Max: 0, Diff: 0, Sum: 0, Workers: 4
[1344.835s][debug][gc,phases      ] GC(64) Weak Processing 0.329ms
[1344.835s][debug][gc,age         ] GC(64) Desired survivor size 200278016 bytes, new threshold 15 (max threshold 15)
[1344.835s][info ][gc,heap        ] GC(64) PSYoungGen: 1820369K(1897472K)->125616K(1892352K) Eden: 1692672K(1692672K)->0K(1692672K) From: 127697K(204800K)->125616K(199680K)
[1344.835s][info ][gc,heap        ] GC(64) ParOldGen: 507829K(544768K)->508377K(544768K)
[1344.835s][info ][gc,metaspace   ] GC(64) Metaspace: 83768K(84992K)->83768K(84992K) NonClass: 71867K(72512K)->71867K(72512K) Class: 11901K(12480K)->11901K(12480K)
[1344.835s][info ][gc             ] GC(64) Pause Young (Allocation Failure) 2273M->619M(2380M) 27.594ms
[1344.835s][info ][gc,cpu         ] GC(64) User=0.10s Sys=0.00s Real=0.02s
[1344.835s][info ][safepoint      ] Safepoint "ParallelGCFailedAllocation", Time since last: 4809283269 ns, Reaching safepoint: 115101 ns, At safepoint: 27666711 ns, Total: 27781812 ns
[1346.835s][info ][safepoint      ] Safepoint "Cleanup", Time since last: 2000153198 ns, Reaching safepoint: 52400 ns, At safepoint: 3400 ns, Total: 55800 ns
[1359.836s][info ][safepoint      ] Safepoint "Cleanup", Time since last: 13001012899 ns, Reaching safepoint: 46801 ns, At safepoint: 3300 ns, Total: 50101 ns
[1370.837s][info ][safepoint      ] Safepoint "Cleanup", Time since last: 11000822623 ns, Reaching safepoint: 50301 ns, At safepoint: 3300 ns, Total: 53601 ns
[1375.838s][info ][safepoint      ] Safepoint "Cleanup", Time since last: 5000435121 ns, Reaching safepoint: 49701 ns, At safepoint: 4400 ns, Total: 54101 ns
[1376.838s][info ][safepoint      ] Safepoint "Cleanup", Time since last: 1000138751 ns, Reaching safepoint: 52200 ns, At safepoint: 3400 ns, Total: 55600 ns
[1378.838s][info ][safepoint      ] Safepoint "Cleanup", Time since last: 2000191414 ns, Reaching safepoint: 64300 ns, At safepoint: 4100 ns, Total: 68400 ns
[1379.839s][info ][safepoint      ] Safepoint "Cleanup", Time since last: 1000156684 ns, Reaching safepoint: 89201 ns, At safepoint: 4700 ns, Total: 93901 ns
[1380.839s][info ][safepoint      ] Safepoint "Cleanup", Time since last: 1000138184 ns, Reaching safepoint: 58900 ns, At safepoint: 7000 ns, Total: 65900 ns
[1382.839s][info ][safepoint      ] Safepoint "Cleanup", Time since last: 2000194267 ns, Reaching safepoint: 52800 ns, At safepoint: 3200 ns, Total: 56000 ns
[1389.840s][info ][safepoint      ] Safepoint "Cleanup", Time since last: 7000545610 ns, Reaching safepoint: 72300 ns, At safepoint: 7600 ns, Total: 79900 ns
[1399.656s][info ][gc,start       ] GC(65) Pause Young (Allocation Failure)
[1399.682s][debug][gc,phases      ] GC(65) Scavenge 26.809ms
[1399.683s][debug][gc,ref         ] GC(65) Skipped phase 1 of Reference Processing: no references
[1399.683s][debug][gc,ref         ] GC(65) ReferenceProcessor::execute queues: 1, RefProcThreadModel::Single, marks_oops_alive: false
[1399.683s][debug][gc,ref         ] GC(65) Skipped phase 3 of Reference Processing: no references
[1399.683s][debug][gc,ref         ] GC(65) ReferenceProcessor::execute queues: 1, RefProcThreadModel::Single, marks_oops_alive: false
[1399.683s][debug][gc,phases      ] GC(65) Reference Processing 0.103ms
[1399.683s][debug][gc,phases      ] GC(65)   VM Weak                        Min:  0.0, Avg:  0.0, Max:  0.0, Diff:  0.0, Sum:  0.0, Workers: 4
[1399.683s][debug][gc,phases      ] GC(65)     Dead                           Min: 0, Avg:  0.0, Max: 0, Diff: 0, Sum: 0, Workers: 4
[1399.683s][debug][gc,phases      ] GC(65)     Total                          Min: 0, Avg: 238.2, Max: 512, Diff: 512, Sum: 953, Workers: 4
[1399.683s][debug][gc,phases      ] GC(65)   ObjectSynchronizer Weak        Min:  0.0, Avg:  0.0, Max:  0.0, Diff:  0.0, Sum:  0.0, Workers: 4
[1399.683s][debug][gc,phases      ] GC(65)     Dead                           Min: 0, Avg:  0.0, Max: 0, Diff: 0, Sum: 0, Workers: 4
[1399.683s][debug][gc,phases      ] GC(65)     Total                          Min: 0, Avg: 13.2, Max: 53, Diff: 53, Sum: 53, Workers: 4
[1399.683s][debug][gc,phases      ] GC(65)   JVMTI Tag Weak OopStorage      Min:  0.0, Avg:  0.0, Max:  0.0, Diff:  0.0, Sum:  0.0, Workers: 4
[1399.683s][debug][gc,phases      ] GC(65)     Dead                           Min: 0, Avg:  0.0, Max: 0, Diff: 0, Sum: 0, Workers: 4
[1399.683s][debug][gc,phases      ] GC(65)     Total                          Min: 0, Avg:  0.0, Max: 0, Diff: 0, Sum: 0, Workers: 4
[1399.683s][debug][gc,phases      ] GC(65)   StringTable Weak               Min:  0.0, Avg:  0.1, Max:  0.1, Diff:  0.1, Sum:  0.4, Workers: 4
[1399.683s][debug][gc,phases      ] GC(65)     Dead                           Min: 0, Avg:  0.0, Max: 0, Diff: 0, Sum: 0, Workers: 4
[1399.683s][debug][gc,phases      ] GC(65)     Total                          Min: 0, Avg: 10997.8, Max: 14912, Diff: 14912, Sum: 43991, Workers: 4
[1399.683s][debug][gc,phases      ] GC(65)   ResolvedMethodTable Weak       Min:  0.0, Avg:  0.0, Max:  0.0, Diff:  0.0, Sum:  0.1, Workers: 4
[1399.683s][debug][gc,phases      ] GC(65)     Dead                           Min: 0, Avg:  0.0, Max: 0, Diff: 0, Sum: 0, Workers: 4
[1399.683s][debug][gc,phases      ] GC(65)     Total                          Min: 0, Avg: 2465.8, Max: 3655, Diff: 3655, Sum: 9863, Workers: 4
[1399.683s][debug][gc,phases      ] GC(65)   JNI Weak                       Min:  0.0, Avg:  0.0, Max:  0.0, Diff:  0.0, Sum:  0.0, Workers: 4
[1399.683s][debug][gc,phases      ] GC(65)     Dead                           Min: 0, Avg:  0.0, Max: 0, Diff: 0, Sum: 0, Workers: 4
[1399.683s][debug][gc,phases      ] GC(65)     Total                          Min: 0, Avg: 11.2, Max: 45, Diff: 45, Sum: 45, Workers: 4
[1399.683s][debug][gc,phases      ] GC(65)   StringDedup Table Weak         Min:  0.0, Avg:  0.0, Max:  0.0, Diff:  0.0, Sum:  0.0, Workers: 4
[1399.683s][debug][gc,phases      ] GC(65)     Dead                           Min: 0, Avg:  0.0, Max: 0, Diff: 0, Sum: 0, Workers: 4
[1399.683s][debug][gc,phases      ] GC(65)     Total                          Min: 0, Avg:  0.0, Max: 0, Diff: 0, Sum: 0, Workers: 4
[1399.683s][debug][gc,phases      ] GC(65)   StringDedup Requests0 Weak     Min:  0.0, Avg:  0.0, Max:  0.0, Diff:  0.0, Sum:  0.0, Workers: 4
[1399.683s][debug][gc,phases      ] GC(65)     Dead                           Min: 0, Avg:  0.0, Max: 0, Diff: 0, Sum: 0, Workers: 4
[1399.683s][debug][gc,phases      ] GC(65)     Total                          Min: 0, Avg:  0.0, Max: 0, Diff: 0, Sum: 0, Workers: 4
[1399.683s][debug][gc,phases      ] GC(65)   StringDedup Requests1 Weak     Min:  0.0, Avg:  0.0, Max:  0.0, Diff:  0.0, Sum:  0.0, Workers: 4
[1399.683s][debug][gc,phases      ] GC(65)     Dead                           Min: 0, Avg:  0.0, Max: 0, Diff: 0, Sum: 0, Workers: 4
[1399.683s][debug][gc,phases      ] GC(65)     Total                          Min: 0, Avg:  0.0, Max: 0, Diff: 0, Sum: 0, Workers: 4
[1399.683s][debug][gc,phases      ] GC(65)   Weak JFR Old Object Samples    Min:  0.0, Avg:  0.0, Max:  0.0, Diff:  0.0, Sum:  0.0, Workers: 4
[1399.683s][debug][gc,phases      ] GC(65)     Dead                           Min: 0, Avg:  0.0, Max: 0, Diff: 0, Sum: 0, Workers: 4
[1399.683s][debug][gc,phases      ] GC(65)     Total                          Min: 0, Avg:  0.0, Max: 0, Diff: 0, Sum: 0, Workers: 4
[1399.683s][debug][gc,phases      ] GC(65) Weak Processing 0.460ms
[1399.683s][debug][gc,age         ] GC(65) Desired survivor size 196083712 bytes, new threshold 15 (max threshold 15)
[1399.683s][info ][gc,heap        ] GC(65) PSYoungGen: 1818288K(1892352K)->123920K(1905664K) Eden: 1692672K(1692672K)->0K(1710080K) From: 125616K(199680K)->123920K(195584K)
[1399.683s][info ][gc,heap        ] GC(65) ParOldGen: 508377K(544768K)->509677K(544768K)
[1399.683s][info ][gc,metaspace   ] GC(65) Metaspace: 83785K(84992K)->83785K(84992K) NonClass: 71883K(72512K)->71883K(72512K) Class: 11901K(12480K)->11901K(12480K)
[1399.683s][info ][gc             ] GC(65) Pause Young (Allocation Failure) 2272M->618M(2393M) 27.525ms
[1399.683s][info ][gc,cpu         ] GC(65) User=0.10s Sys=0.00s Real=0.03s
[1399.683s][info ][safepoint      ] Safepoint "ParallelGCFailedAllocation", Time since last: 9815923302 ns, Reaching safepoint: 41001 ns, At safepoint: 27609821 ns, Total: 27650822 ns
[1400.683s][info ][safepoint      ] Safepoint "Cleanup", Time since last: 1000106009 ns, Reaching safepoint: 59401 ns, At safepoint: 4400 ns, Total: 63801 ns
[1405.684s][info ][safepoint      ] Safepoint "Cleanup", Time since last: 5000403314 ns, Reaching safepoint: 53701 ns, At safepoint: 3400 ns, Total: 57101 ns
[1419.685s][info ][safepoint      ] Safepoint "Cleanup", Time since last: 14001053916 ns, Reaching safepoint: 52500 ns, At safepoint: 2900 ns, Total: 55400 ns
[1424.685s][info ][safepoint      ] Safepoint "Cleanup", Time since last: 5000402986 ns, Reaching safepoint: 51100 ns, At safepoint: 5100 ns, Total: 56200 ns
[1426.686s][info ][safepoint      ] Safepoint "Cleanup", Time since last: 2000152075 ns, Reaching safepoint: 51101 ns, At safepoint: 3100 ns, Total: 54201 ns
[1428.686s][info ][safepoint      ] Safepoint "Cleanup", Time since last: 2000207992 ns, Reaching safepoint: 63801 ns, At safepoint: 6300 ns, Total: 70101 ns
[1429.686s][info ][safepoint      ] Safepoint "Cleanup", Time since last: 1000118196 ns, Reaching safepoint: 39400 ns, At safepoint: 2900 ns, Total: 42300 ns
[1430.686s][info ][safepoint      ] Safepoint "Cleanup", Time since last: 1000082396 ns, Reaching safepoint: 52501 ns, At safepoint: 5500 ns, Total: 58001 ns
[1432.686s][info ][safepoint      ] Safepoint "Cleanup", Time since last: 2000187692 ns, Reaching safepoint: 49900 ns, At safepoint: 5700 ns, Total: 55600 ns
[1433.687s][info ][safepoint      ] Safepoint "Cleanup", Time since last: 1000113097 ns, Reaching safepoint: 46100 ns, At safepoint: 3800 ns, Total: 49900 ns
[1434.687s][info ][safepoint      ] Safepoint "Cleanup", Time since last: 1000105177 ns, Reaching safepoint: 100901 ns, At safepoint: 6900 ns, Total: 107801 ns
[1435.687s][info ][safepoint      ] Safepoint "Cleanup", Time since last: 1000135345 ns, Reaching safepoint: 73200 ns, At safepoint: 4700 ns, Total: 77900 ns
[1436.687s][info ][safepoint      ] Safepoint "Cleanup", Time since last: 1000145445 ns, Reaching safepoint: 40500 ns, At safepoint: 4101 ns, Total: 44601 ns
[1437.687s][info ][safepoint      ] Safepoint "Cleanup", Time since last: 1000125844 ns, Reaching safepoint: 58701 ns, At safepoint: 8100 ns, Total: 66801 ns
[1438.688s][info ][safepoint      ] Safepoint "Cleanup", Time since last: 1000108244 ns, Reaching safepoint: 68601 ns, At safepoint: 29600 ns, Total: 98201 ns
[1442.258s][info ][gc,start       ] GC(66) Pause Young (Allocation Failure)
[1442.293s][debug][gc,phases      ] GC(66) Scavenge 34.553ms
[1442.293s][debug][gc,ref         ] GC(66) Skipped phase 1 of Reference Processing: no references
[1442.293s][debug][gc,ref         ] GC(66) ReferenceProcessor::execute queues: 1, RefProcThreadModel::Single, marks_oops_alive: false
[1442.293s][debug][gc,ref         ] GC(66) Skipped phase 3 of Reference Processing: no references
[1442.293s][debug][gc,ref         ] GC(66) ReferenceProcessor::execute queues: 1, RefProcThreadModel::Single, marks_oops_alive: false
[1442.293s][debug][gc,phases      ] GC(66) Reference Processing 0.110ms
[1442.293s][debug][gc,phases      ] GC(66)   VM Weak                        Min:  0.0, Avg:  0.0, Max:  0.0, Diff:  0.0, Sum:  0.0, Workers: 4
[1442.293s][debug][gc,phases      ] GC(66)     Dead                           Min: 0, Avg:  0.0, Max: 0, Diff: 0, Sum: 0, Workers: 4
[1442.293s][debug][gc,phases      ] GC(66)     Total                          Min: 0, Avg: 238.2, Max: 505, Diff: 505, Sum: 953, Workers: 4
[1442.293s][debug][gc,phases      ] GC(66)   ObjectSynchronizer Weak        Min:  0.0, Avg:  0.0, Max:  0.0, Diff:  0.0, Sum:  0.0, Workers: 4
[1442.293s][debug][gc,phases      ] GC(66)     Dead                           Min: 0, Avg:  0.0, Max: 0, Diff: 0, Sum: 0, Workers: 4
[1442.293s][debug][gc,phases      ] GC(66)     Total                          Min: 0, Avg: 13.2, Max: 53, Diff: 53, Sum: 53, Workers: 4
[1442.293s][debug][gc,phases      ] GC(66)   JVMTI Tag Weak OopStorage      Min:  0.0, Avg:  0.0, Max:  0.0, Diff:  0.0, Sum:  0.0, Workers: 4
[1442.293s][debug][gc,phases      ] GC(66)     Dead                           Min: 0, Avg:  0.0, Max: 0, Diff: 0, Sum: 0, Workers: 4
[1442.293s][debug][gc,phases      ] GC(66)     Total                          Min: 0, Avg:  0.0, Max: 0, Diff: 0, Sum: 0, Workers: 4
[1442.293s][debug][gc,phases      ] GC(66)   StringTable Weak               Min:  0.0, Avg:  0.1, Max:  0.1, Diff:  0.1, Sum:  0.4, Workers: 4
[1442.293s][debug][gc,phases      ] GC(66)     Dead                           Min: 0, Avg:  0.0, Max: 0, Diff: 0, Sum: 0, Workers: 4
[1442.293s][debug][gc,phases      ] GC(66)     Total                          Min: 0, Avg: 10999.2, Max: 15808, Diff: 15808, Sum: 43997, Workers: 4
[1442.293s][debug][gc,phases      ] GC(66)   ResolvedMethodTable Weak       Min:  0.0, Avg:  0.0, Max:  0.0, Diff:  0.0, Sum:  0.1, Workers: 4
[1442.293s][debug][gc,phases      ] GC(66)     Dead                           Min: 0, Avg:  0.0, Max: 0, Diff: 0, Sum: 0, Workers: 4
[1442.293s][debug][gc,phases      ] GC(66)     Total                          Min: 0, Avg: 2466.0, Max: 3520, Diff: 3520, Sum: 9864, Workers: 4
[1442.293s][debug][gc,phases      ] GC(66)   JNI Weak                       Min:  0.0, Avg:  0.0, Max:  0.0, Diff:  0.0, Sum:  0.0, Workers: 4
[1442.293s][debug][gc,phases      ] GC(66)     Dead                           Min: 0, Avg:  0.0, Max: 0, Diff: 0, Sum: 0, Workers: 4
[1442.293s][debug][gc,phases      ] GC(66)     Total                          Min: 0, Avg: 11.2, Max: 45, Diff: 45, Sum: 45, Workers: 4
[1442.293s][debug][gc,phases      ] GC(66)   StringDedup Table Weak         Min:  0.0, Avg:  0.0, Max:  0.0, Diff:  0.0, Sum:  0.0, Workers: 4
[1442.293s][debug][gc,phases      ] GC(66)     Dead                           Min: 0, Avg:  0.0, Max: 0, Diff: 0, Sum: 0, Workers: 4
[1442.293s][debug][gc,phases      ] GC(66)     Total                          Min: 0, Avg:  0.0, Max: 0, Diff: 0, Sum: 0, Workers: 4
[1442.293s][debug][gc,phases      ] GC(66)   StringDedup Requests0 Weak     Min:  0.0, Avg:  0.0, Max:  0.0, Diff:  0.0, Sum:  0.0, Workers: 4
[1442.293s][debug][gc,phases      ] GC(66)     Dead                           Min: 0, Avg:  0.0, Max: 0, Diff: 0, Sum: 0, Workers: 4
[1442.293s][debug][gc,phases      ] GC(66)     Total                          Min: 0, Avg:  0.0, Max: 0, Diff: 0, Sum: 0, Workers: 4
[1442.293s][debug][gc,phases      ] GC(66)   StringDedup Requests1 Weak     Min:  0.0, Avg:  0.0, Max:  0.0, Diff:  0.0, Sum:  0.0, Workers: 4
[1442.293s][debug][gc,phases      ] GC(66)     Dead                           Min: 0, Avg:  0.0, Max: 0, Diff: 0, Sum: 0, Workers: 4
[1442.293s][debug][gc,phases      ] GC(66)     Total                          Min: 0, Avg:  0.0, Max: 0, Diff: 0, Sum: 0, Workers: 4
[1442.293s][debug][gc,phases      ] GC(66)   Weak JFR Old Object Samples    Min:  0.0, Avg:  0.0, Max:  0.0, Diff:  0.0, Sum:  0.0, Workers: 4
[1442.293s][debug][gc,phases      ] GC(66)     Dead                           Min: 0, Avg:  0.0, Max: 0, Diff: 0, Sum: 0, Workers: 4
[1442.294s][debug][gc,phases      ] GC(66)     Total                          Min: 0, Avg:  0.0, Max: 0, Diff: 0, Sum: 0, Workers: 4
[1442.294s][debug][gc,phases      ] GC(66) Weak Processing 0.334ms
[1442.294s][debug][gc,age         ] GC(66) Desired survivor size 195035136 bytes, new threshold 15 (max threshold 15)
[1442.294s][info ][gc,heap        ] GC(66) PSYoungGen: 1834000K(1905664K)->146224K(1901568K) Eden: 1710080K(1710080K)->0K(1710080K) From: 123920K(195584K)->146224K(191488K)
[1442.294s][info ][gc,heap        ] GC(66) ParOldGen: 509677K(544768K)->509725K(544768K)
[1442.294s][info ][gc,metaspace   ] GC(66) Metaspace: 83808K(84992K)->83808K(84992K) NonClass: 71902K(72512K)->71902K(72512K) Class: 11905K(12480K)->11905K(12480K)
[1442.294s][info ][gc             ] GC(66) Pause Young (Allocation Failure) 2288M->640M(2389M) 35.125ms
[1442.294s][info ][gc,cpu         ] GC(66) User=0.11s Sys=0.00s Real=0.03s
[1442.294s][info ][safepoint      ] Safepoint "ParallelGCFailedAllocation", Time since last: 3570726161 ns, Reaching safepoint: 81900 ns, At safepoint: 35198672 ns, Total: 35280572 ns
[1443.294s][info ][safepoint      ] Safepoint "Cleanup", Time since last: 1000092412 ns, Reaching safepoint: 61101 ns, At safepoint: 5300 ns, Total: 66401 ns
[1449.294s][info ][safepoint      ] Safepoint "Cleanup", Time since last: 6000450883 ns, Reaching safepoint: 51700 ns, At safepoint: 4800 ns, Total: 56500 ns
[1450.294s][info ][safepoint      ] Safepoint "Cleanup", Time since last: 1000157615 ns, Reaching safepoint: 63400 ns, At safepoint: 4700 ns, Total: 68100 ns
[1452.295s][info ][safepoint      ] Safepoint "Cleanup", Time since last: 2000232929 ns, Reaching safepoint: 117901 ns, At safepoint: 7600 ns, Total: 125501 ns
[1454.295s][info ][safepoint      ] Safepoint "Cleanup", Time since last: 2000135141 ns, Reaching safepoint: 35501 ns, At safepoint: 2900 ns, Total: 38401 ns
[1455.295s][info ][safepoint      ] Safepoint "Cleanup", Time since last: 1000117571 ns, Reaching safepoint: 61800 ns, At safepoint: 3000 ns, Total: 64800 ns
[1459.296s][info ][safepoint      ] Safepoint "Cleanup", Time since last: 4000319270 ns, Reaching safepoint: 52701 ns, At safepoint: 6400 ns, Total: 59101 ns
[1466.296s][info ][safepoint      ] Safepoint "Cleanup", Time since last: 7000435284 ns, Reaching safepoint: 49500 ns, At safepoint: 2900 ns, Total: 52400 ns
[1467.296s][info ][safepoint      ] Safepoint "Cleanup", Time since last: 1000120543 ns, Reaching safepoint: 112101 ns, At safepoint: 10000 ns, Total: 122101 ns
[1474.297s][info ][safepoint      ] Safepoint "Cleanup", Time since last: 7000542269 ns, Reaching safepoint: 65601 ns, At safepoint: 5600 ns, Total: 71201 ns
[1478.297s][info ][safepoint      ] Safepoint "Cleanup", Time since last: 4000328847 ns, Reaching safepoint: 53000 ns, At safepoint: 3000 ns, Total: 56000 ns
[1487.298s][info ][safepoint      ] Safepoint "Cleanup", Time since last: 9000599584 ns, Reaching safepoint: 114701 ns, At safepoint: 2900 ns, Total: 117601 ns
[1491.960s][info ][gc,start       ] GC(67) Pause Young (Allocation Failure)
[1491.989s][debug][gc,phases      ] GC(67) Scavenge 28.081ms
[1491.989s][debug][gc,ref         ] GC(67) Skipped phase 1 of Reference Processing: no references
[1491.989s][debug][gc,ref         ] GC(67) ReferenceProcessor::execute queues: 1, RefProcThreadModel::Single, marks_oops_alive: false
[1491.989s][debug][gc,ref         ] GC(67) Skipped phase 3 of Reference Processing: no references
[1491.989s][debug][gc,ref         ] GC(67) ReferenceProcessor::execute queues: 1, RefProcThreadModel::Single, marks_oops_alive: false
[1491.989s][debug][gc,phases      ] GC(67) Reference Processing 0.118ms
[1491.989s][debug][gc,phases      ] GC(67)   VM Weak                        Min:  0.0, Avg:  0.0, Max:  0.0, Diff:  0.0, Sum:  0.0, Workers: 4
[1491.989s][debug][gc,phases      ] GC(67)     Dead                           Min: 0, Avg:  0.0, Max: 0, Diff: 0, Sum: 0, Workers: 4
[1491.989s][debug][gc,phases      ] GC(67)     Total                          Min: 0, Avg: 238.2, Max: 512, Diff: 512, Sum: 953, Workers: 4
[1491.989s][debug][gc,phases      ] GC(67)   ObjectSynchronizer Weak        Min:  0.0, Avg:  0.0, Max:  0.0, Diff:  0.0, Sum:  0.0, Workers: 4
[1491.989s][debug][gc,phases      ] GC(67)     Dead                           Min: 0, Avg:  0.0, Max: 0, Diff: 0, Sum: 0, Workers: 4
[1491.989s][debug][gc,phases      ] GC(67)     Total                          Min: 0, Avg: 13.2, Max: 53, Diff: 53, Sum: 53, Workers: 4
[1491.989s][debug][gc,phases      ] GC(67)   JVMTI Tag Weak OopStorage      Min:  0.0, Avg:  0.0, Max:  0.0, Diff:  0.0, Sum:  0.0, Workers: 4
[1491.989s][debug][gc,phases      ] GC(67)     Dead                           Min: 0, Avg:  0.0, Max: 0, Diff: 0, Sum: 0, Workers: 4
[1491.989s][debug][gc,phases      ] GC(67)     Total                          Min: 0, Avg:  0.0, Max: 0, Diff: 0, Sum: 0, Workers: 4
[1491.989s][debug][gc,phases      ] GC(67)   StringTable Weak               Min:  0.0, Avg:  0.1, Max:  0.2, Diff:  0.2, Sum:  0.3, Workers: 4
[1491.989s][debug][gc,phases      ] GC(67)     Dead                           Min: 0, Avg:  0.0, Max: 0, Diff: 0, Sum: 0, Workers: 4
[1491.989s][debug][gc,phases      ] GC(67)     Total                          Min: 0, Avg: 10999.2, Max: 26397, Diff: 26397, Sum: 43997, Workers: 4
[1491.989s][debug][gc,phases      ] GC(67)   ResolvedMethodTable Weak       Min:  0.0, Avg:  0.0, Max:  0.0, Diff:  0.0, Sum:  0.1, Workers: 4
[1491.989s][debug][gc,phases      ] GC(67)     Dead                           Min: 0, Avg:  0.0, Max: 0, Diff: 0, Sum: 0, Workers: 4
[1491.989s][debug][gc,phases      ] GC(67)     Total                          Min: 0, Avg: 2466.0, Max: 5824, Diff: 5824, Sum: 9864, Workers: 4
[1491.989s][debug][gc,phases      ] GC(67)   JNI Weak                       Min:  0.0, Avg:  0.0, Max:  0.0, Diff:  0.0, Sum:  0.0, Workers: 4
[1491.989s][debug][gc,phases      ] GC(67)     Dead                           Min: 0, Avg:  0.0, Max: 0, Diff: 0, Sum: 0, Workers: 4
[1491.989s][debug][gc,phases      ] GC(67)     Total                          Min: 0, Avg: 11.2, Max: 45, Diff: 45, Sum: 45, Workers: 4
[1491.989s][debug][gc,phases      ] GC(67)   StringDedup Table Weak         Min:  0.0, Avg:  0.0, Max:  0.0, Diff:  0.0, Sum:  0.0, Workers: 4
[1491.989s][debug][gc,phases      ] GC(67)     Dead                           Min: 0, Avg:  0.0, Max: 0, Diff: 0, Sum: 0, Workers: 4
[1491.989s][debug][gc,phases      ] GC(67)     Total                          Min: 0, Avg:  0.0, Max: 0, Diff: 0, Sum: 0, Workers: 4
[1491.989s][debug][gc,phases      ] GC(67)   StringDedup Requests0 Weak     Min:  0.0, Avg:  0.0, Max:  0.0, Diff:  0.0, Sum:  0.0, Workers: 4
[1491.989s][debug][gc,phases      ] GC(67)     Dead                           Min: 0, Avg:  0.0, Max: 0, Diff: 0, Sum: 0, Workers: 4
[1491.989s][debug][gc,phases      ] GC(67)     Total                          Min: 0, Avg:  0.0, Max: 0, Diff: 0, Sum: 0, Workers: 4
[1491.989s][debug][gc,phases      ] GC(67)   StringDedup Requests1 Weak     Min:  0.0, Avg:  0.0, Max:  0.0, Diff:  0.0, Sum:  0.0, Workers: 4
[1491.989s][debug][gc,phases      ] GC(67)     Dead                           Min: 0, Avg:  0.0, Max: 0, Diff: 0, Sum: 0, Workers: 4
[1491.989s][debug][gc,phases      ] GC(67)     Total                          Min: 0, Avg:  0.0, Max: 0, Diff: 0, Sum: 0, Workers: 4
[1491.989s][debug][gc,phases      ] GC(67)   Weak JFR Old Object Samples    Min:  0.0, Avg:  0.0, Max:  0.0, Diff:  0.0, Sum:  0.0, Workers: 4
[1491.989s][debug][gc,phases      ] GC(67)     Dead                           Min: 0, Avg:  0.0, Max: 0, Diff: 0, Sum: 0, Workers: 4
[1491.989s][debug][gc,phases      ] GC(67)     Total                          Min: 0, Avg:  0.0, Max: 0, Diff: 0, Sum: 0, Workers: 4
[1491.989s][debug][gc,phases      ] GC(67) Weak Processing 0.403ms
[1491.989s][debug][gc,age         ] GC(67) Desired survivor size 191365120 bytes, new threshold 15 (max threshold 15)
[1491.989s][info ][gc,heap        ] GC(67) PSYoungGen: 1856304K(1901568K)->124049K(1910272K) Eden: 1710080K(1710080K)->0K(1719808K) From: 146224K(191488K)->124049K(190464K)
[1491.989s][info ][gc,heap        ] GC(67) ParOldGen: 509725K(544768K)->509757K(544768K)
[1491.989s][info ][gc,metaspace   ] GC(67) Metaspace: 83815K(84992K)->83815K(84992K) NonClass: 71910K(72512K)->71910K(72512K) Class: 11905K(12480K)->11905K(12480K)
[1491.989s][info ][gc             ] GC(67) Pause Young (Allocation Failure) 2310M->618M(2397M) 28.751ms
[1491.989s][info ][gc,cpu         ] GC(67) User=0.10s Sys=0.00s Real=0.03s
[1491.989s][info ][safepoint      ] Safepoint "ParallelGCFailedAllocation", Time since last: 4662357721 ns, Reaching safepoint: 27100 ns, At safepoint: 28823325 ns, Total: 28850425 ns
[1501.990s][info ][safepoint      ] Safepoint "Cleanup", Time since last: 10000735022 ns, Reaching safepoint: 47401 ns, At safepoint: 28500 ns, Total: 75901 ns
[1503.990s][info ][safepoint      ] Safepoint "Cleanup", Time since last: 2000181333 ns, Reaching safepoint: 44201 ns, At safepoint: 2800 ns, Total: 47001 ns
[1509.991s][info ][safepoint      ] Safepoint "Cleanup", Time since last: 6000417748 ns, Reaching safepoint: 49000 ns, At safepoint: 4500 ns, Total: 53500 ns
[1513.991s][info ][safepoint      ] Safepoint "Cleanup", Time since last: 4000325108 ns, Reaching safepoint: 40500 ns, At safepoint: 5600 ns, Total: 46100 ns
[1517.992s][info ][safepoint      ] Safepoint "Cleanup", Time since last: 4000310390 ns, Reaching safepoint: 134201 ns, At safepoint: 4500 ns, Total: 138701 ns
[1539.993s][info ][safepoint      ] Safepoint "Cleanup", Time since last: 22001471582 ns, Reaching safepoint: 47100 ns, At safepoint: 3300 ns, Total: 50400 ns
[1540.993s][info ][safepoint      ] Safepoint "Cleanup", Time since last: 1000115345 ns, Reaching safepoint: 43701 ns, At safepoint: 7300 ns, Total: 51001 ns
[1542.208s][info ][gc,start       ] GC(68) Pause Young (Allocation Failure)
[1542.232s][debug][gc,phases      ] GC(68) Scavenge 23.506ms
[1542.232s][debug][gc,ref         ] GC(68) Skipped phase 1 of Reference Processing: no references
[1542.232s][debug][gc,ref         ] GC(68) ReferenceProcessor::execute queues: 1, RefProcThreadModel::Single, marks_oops_alive: false
[1542.232s][debug][gc,ref         ] GC(68) Skipped phase 3 of Reference Processing: no references
[1542.232s][debug][gc,ref         ] GC(68) ReferenceProcessor::execute queues: 1, RefProcThreadModel::Single, marks_oops_alive: false
[1542.232s][debug][gc,phases      ] GC(68) Reference Processing 0.106ms
[1542.232s][debug][gc,phases      ] GC(68)   VM Weak                        Min:  0.0, Avg:  0.0, Max:  0.0, Diff:  0.0, Sum:  0.0, Workers: 4
[1542.232s][debug][gc,phases      ] GC(68)     Dead                           Min: 0, Avg:  0.0, Max: 0, Diff: 0, Sum: 0, Workers: 4
[1542.232s][debug][gc,phases      ] GC(68)     Total                          Min: 0, Avg: 238.2, Max: 633, Diff: 633, Sum: 953, Workers: 4
[1542.232s][debug][gc,phases      ] GC(68)   ObjectSynchronizer Weak        Min:  0.0, Avg:  0.0, Max:  0.0, Diff:  0.0, Sum:  0.0, Workers: 4
[1542.232s][debug][gc,phases      ] GC(68)     Dead                           Min: 0, Avg:  0.0, Max: 0, Diff: 0, Sum: 0, Workers: 4
[1542.232s][debug][gc,phases      ] GC(68)     Total                          Min: 0, Avg: 13.2, Max: 53, Diff: 53, Sum: 53, Workers: 4
[1542.232s][debug][gc,phases      ] GC(68)   JVMTI Tag Weak OopStorage      Min:  0.0, Avg:  0.0, Max:  0.0, Diff:  0.0, Sum:  0.0, Workers: 4
[1542.232s][debug][gc,phases      ] GC(68)     Dead                           Min: 0, Avg:  0.0, Max: 0, Diff: 0, Sum: 0, Workers: 4
[1542.232s][debug][gc,phases      ] GC(68)     Total                          Min: 0, Avg:  0.0, Max: 0, Diff: 0, Sum: 0, Workers: 4
[1542.232s][debug][gc,phases      ] GC(68)   StringTable Weak               Min:  0.0, Avg:  0.1, Max:  0.1, Diff:  0.1, Sum:  0.4, Workers: 4
[1542.232s][debug][gc,phases      ] GC(68)     Dead                           Min: 0, Avg:  0.0, Max: 0, Diff: 0, Sum: 0, Workers: 4
[1542.232s][debug][gc,phases      ] GC(68)     Total                          Min: 0, Avg: 10999.5, Max: 16064, Diff: 16064, Sum: 43998, Workers: 4
[1542.232s][debug][gc,phases      ] GC(68)   ResolvedMethodTable Weak       Min:  0.0, Avg:  0.0, Max:  0.0, Diff:  0.0, Sum:  0.1, Workers: 4
[1542.232s][debug][gc,phases      ] GC(68)     Dead                           Min: 0, Avg:  0.0, Max: 0, Diff: 0, Sum: 0, Workers: 4
[1542.232s][debug][gc,phases      ] GC(68)     Total                          Min: 0, Avg: 2466.0, Max: 3648, Diff: 3648, Sum: 9864, Workers: 4
[1542.232s][debug][gc,phases      ] GC(68)   JNI Weak                       Min:  0.0, Avg:  0.0, Max:  0.0, Diff:  0.0, Sum:  0.0, Workers: 4
[1542.232s][debug][gc,phases      ] GC(68)     Dead                           Min: 0, Avg:  0.0, Max: 0, Diff: 0, Sum: 0, Workers: 4
[1542.232s][debug][gc,phases      ] GC(68)     Total                          Min: 0, Avg: 11.2, Max: 45, Diff: 45, Sum: 45, Workers: 4
[1542.232s][debug][gc,phases      ] GC(68)   StringDedup Table Weak         Min:  0.0, Avg:  0.0, Max:  0.0, Diff:  0.0, Sum:  0.0, Workers: 4
[1542.232s][debug][gc,phases      ] GC(68)     Dead                           Min: 0, Avg:  0.0, Max: 0, Diff: 0, Sum: 0, Workers: 4
[1542.232s][debug][gc,phases      ] GC(68)     Total                          Min: 0, Avg:  0.0, Max: 0, Diff: 0, Sum: 0, Workers: 4
[1542.232s][debug][gc,phases      ] GC(68)   StringDedup Requests0 Weak     Min:  0.0, Avg:  0.0, Max:  0.0, Diff:  0.0, Sum:  0.0, Workers: 4
[1542.232s][debug][gc,phases      ] GC(68)     Dead                           Min: 0, Avg:  0.0, Max: 0, Diff: 0, Sum: 0, Workers: 4
[1542.232s][debug][gc,phases      ] GC(68)     Total                          Min: 0, Avg:  0.0, Max: 0, Diff: 0, Sum: 0, Workers: 4
[1542.232s][debug][gc,phases      ] GC(68)   StringDedup Requests1 Weak     Min:  0.0, Avg:  0.0, Max:  0.0, Diff:  0.0, Sum:  0.0, Workers: 4
[1542.232s][debug][gc,phases      ] GC(68)     Dead                           Min: 0, Avg:  0.0, Max: 0, Diff: 0, Sum: 0, Workers: 4
[1542.232s][debug][gc,phases      ] GC(68)     Total                          Min: 0, Avg:  0.0, Max: 0, Diff: 0, Sum: 0, Workers: 4
[1542.232s][debug][gc,phases      ] GC(68)   Weak JFR Old Object Samples    Min:  0.0, Avg:  0.0, Max:  0.0, Diff:  0.0, Sum:  0.0, Workers: 4
[1542.232s][debug][gc,phases      ] GC(68)     Dead                           Min: 0, Avg:  0.0, Max: 0, Diff: 0, Sum: 0, Workers: 4
[1542.233s][debug][gc,phases      ] GC(68)     Total                          Min: 0, Avg:  0.0, Max: 0, Diff: 0, Sum: 0, Workers: 4
[1542.233s][debug][gc,phases      ] GC(68) Weak Processing 0.327ms
[1542.233s][debug][gc,age         ] GC(68) Desired survivor size 188219392 bytes, new threshold 15 (max threshold 15)
[1542.233s][info ][gc,heap        ] GC(68) PSYoungGen: 1843857K(1910272K)->121424K(1906688K) Eden: 1719808K(1719808K)->0K(1719808K) From: 124049K(190464K)->121424K(186880K)
[1542.233s][info ][gc,heap        ] GC(68) ParOldGen: 509757K(544768K)->509789K(544768K)
[1542.233s][info ][gc,metaspace   ] GC(68) Metaspace: 83825K(84992K)->83825K(84992K) NonClass: 71919K(72512K)->71919K(72512K) Class: 11905K(12480K)->11905K(12480K)
[1542.233s][info ][gc             ] GC(68) Pause Young (Allocation Failure) 2298M->616M(2394M) 24.091ms
[1542.233s][info ][gc,cpu         ] GC(68) User=0.09s Sys=0.00s Real=0.02s
[1542.233s][info ][safepoint      ] Safepoint "ParallelGCFailedAllocation", Time since last: 1215142210 ns, Reaching safepoint: 40000 ns, At safepoint: 24178387 ns, Total: 24218387 ns
[1544.233s][info ][safepoint      ] Safepoint "Cleanup", Time since last: 2000161690 ns, Reaching safepoint: 51101 ns, At safepoint: 2900 ns, Total: 54001 ns
[1548.233s][info ][safepoint      ] Safepoint "Cleanup", Time since last: 4000375690 ns, Reaching safepoint: 47300 ns, At safepoint: 3000 ns, Total: 50300 ns
[1550.234s][info ][safepoint      ] Safepoint "Cleanup", Time since last: 2000195503 ns, Reaching safepoint: 59501 ns, At safepoint: 4900 ns, Total: 64401 ns
[1551.234s][info ][safepoint      ] Safepoint "Cleanup", Time since last: 1000106452 ns, Reaching safepoint: 48000 ns, At safepoint: 3000 ns, Total: 51000 ns
[1555.234s][info ][safepoint      ] Safepoint "Cleanup", Time since last: 4000358575 ns, Reaching safepoint: 54200 ns, At safepoint: 3000 ns, Total: 57200 ns
[1558.234s][info ][safepoint      ] Safepoint "Cleanup", Time since last: 3000260772 ns, Reaching safepoint: 36400 ns, At safepoint: 2700 ns, Total: 39100 ns
[1561.235s][info ][safepoint      ] Safepoint "Cleanup", Time since last: 3000259572 ns, Reaching safepoint: 55800 ns, At safepoint: 30100 ns, Total: 85900 ns
[1571.236s][info ][safepoint      ] Safepoint "Cleanup", Time since last: 10000753086 ns, Reaching safepoint: 53001 ns, At safepoint: 3300 ns, Total: 56301 ns
[1572.236s][info ][safepoint      ] Safepoint "Cleanup", Time since last: 1000146224 ns, Reaching safepoint: 55000 ns, At safepoint: 3500 ns, Total: 58500 ns
[1573.236s][info ][safepoint      ] Safepoint "Cleanup", Time since last: 1000130624 ns, Reaching safepoint: 43500 ns, At safepoint: 3300 ns, Total: 46800 ns
[1579.236s][info ][safepoint      ] Safepoint "Cleanup", Time since last: 6000486137 ns, Reaching safepoint: 45900 ns, At safepoint: 3000 ns, Total: 48900 ns
[1587.717s][info ][gc,start       ] GC(69) Pause Young (Allocation Failure)
[1587.752s][debug][gc,phases      ] GC(69) Scavenge 35.259ms
[1587.752s][debug][gc,ref         ] GC(69) Skipped phase 1 of Reference Processing: no references
[1587.752s][debug][gc,ref         ] GC(69) ReferenceProcessor::execute queues: 1, RefProcThreadModel::Single, marks_oops_alive: false
[1587.752s][debug][gc,ref         ] GC(69) Skipped phase 3 of Reference Processing: no references
[1587.752s][debug][gc,ref         ] GC(69) ReferenceProcessor::execute queues: 1, RefProcThreadModel::Single, marks_oops_alive: false
[1587.752s][debug][gc,phases      ] GC(69) Reference Processing 0.110ms
[1587.752s][debug][gc,phases      ] GC(69)   VM Weak                        Min:  0.0, Avg:  0.0, Max:  0.0, Diff:  0.0, Sum:  0.0, Workers: 4
[1587.752s][debug][gc,phases      ] GC(69)     Dead                           Min: 0, Avg:  0.0, Max: 0, Diff: 0, Sum: 0, Workers: 4
[1587.752s][debug][gc,phases      ] GC(69)     Total                          Min: 0, Avg: 238.2, Max: 704, Diff: 704, Sum: 953, Workers: 4
[1587.752s][debug][gc,phases      ] GC(69)   ObjectSynchronizer Weak        Min:  0.0, Avg:  0.0, Max:  0.0, Diff:  0.0, Sum:  0.0, Workers: 4
[1587.752s][debug][gc,phases      ] GC(69)     Dead                           Min: 0, Avg:  0.0, Max: 0, Diff: 0, Sum: 0, Workers: 4
[1587.752s][debug][gc,phases      ] GC(69)     Total                          Min: 0, Avg: 13.2, Max: 53, Diff: 53, Sum: 53, Workers: 4
[1587.752s][debug][gc,phases      ] GC(69)   JVMTI Tag Weak OopStorage      Min:  0.0, Avg:  0.0, Max:  0.0, Diff:  0.0, Sum:  0.0, Workers: 4
[1587.752s][debug][gc,phases      ] GC(69)     Dead                           Min: 0, Avg:  0.0, Max: 0, Diff: 0, Sum: 0, Workers: 4
[1587.752s][debug][gc,phases      ] GC(69)     Total                          Min: 0, Avg:  0.0, Max: 0, Diff: 0, Sum: 0, Workers: 4
[1587.752s][debug][gc,phases      ] GC(69)   StringTable Weak               Min:  0.0, Avg:  0.1, Max:  0.1, Diff:  0.1, Sum:  0.4, Workers: 4
[1587.752s][debug][gc,phases      ] GC(69)     Dead                           Min: 0, Avg:  0.0, Max: 0, Diff: 0, Sum: 0, Workers: 4
[1587.752s][debug][gc,phases      ] GC(69)     Total                          Min: 0, Avg: 10999.5, Max: 17856, Diff: 17856, Sum: 43998, Workers: 4
[1587.752s][debug][gc,phases      ] GC(69)   ResolvedMethodTable Weak       Min:  0.0, Avg:  0.0, Max:  0.0, Diff:  0.0, Sum:  0.1, Workers: 4
[1587.752s][debug][gc,phases      ] GC(69)     Dead                           Min: 0, Avg:  0.0, Max: 0, Diff: 0, Sum: 0, Workers: 4
[1587.752s][debug][gc,phases      ] GC(69)     Total                          Min: 0, Avg: 2466.0, Max: 4288, Diff: 4288, Sum: 9864, Workers: 4
[1587.752s][debug][gc,phases      ] GC(69)   JNI Weak                       Min:  0.0, Avg:  0.0, Max:  0.0, Diff:  0.0, Sum:  0.0, Workers: 4
[1587.753s][debug][gc,phases      ] GC(69)     Dead                           Min: 0, Avg:  0.0, Max: 0, Diff: 0, Sum: 0, Workers: 4
[1587.753s][debug][gc,phases      ] GC(69)     Total                          Min: 0, Avg: 11.2, Max: 45, Diff: 45, Sum: 45, Workers: 4
[1587.753s][debug][gc,phases      ] GC(69)   StringDedup Table Weak         Min:  0.0, Avg:  0.0, Max:  0.0, Diff:  0.0, Sum:  0.0, Workers: 4
[1587.753s][debug][gc,phases      ] GC(69)     Dead                           Min: 0, Avg:  0.0, Max: 0, Diff: 0, Sum: 0, Workers: 4
[1587.753s][debug][gc,phases      ] GC(69)     Total                          Min: 0, Avg:  0.0, Max: 0, Diff: 0, Sum: 0, Workers: 4
[1587.753s][debug][gc,phases      ] GC(69)   StringDedup Requests0 Weak     Min:  0.0, Avg:  0.0, Max:  0.0, Diff:  0.0, Sum:  0.0, Workers: 4
[1587.753s][debug][gc,phases      ] GC(69)     Dead                           Min: 0, Avg:  0.0, Max: 0, Diff: 0, Sum: 0, Workers: 4
[1587.753s][debug][gc,phases      ] GC(69)     Total                          Min: 0, Avg:  0.0, Max: 0, Diff: 0, Sum: 0, Workers: 4
[1587.753s][debug][gc,phases      ] GC(69)   StringDedup Requests1 Weak     Min:  0.0, Avg:  0.0, Max:  0.0, Diff:  0.0, Sum:  0.0, Workers: 4
[1587.753s][debug][gc,phases      ] GC(69)     Dead                           Min: 0, Avg:  0.0, Max: 0, Diff: 0, Sum: 0, Workers: 4
[1587.753s][debug][gc,phases      ] GC(69)     Total                          Min: 0, Avg:  0.0, Max: 0, Diff: 0, Sum: 0, Workers: 4
[1587.753s][debug][gc,phases      ] GC(69)   Weak JFR Old Object Samples    Min:  0.0, Avg:  0.0, Max:  0.0, Diff:  0.0, Sum:  0.0, Workers: 4
[1587.753s][debug][gc,phases      ] GC(69)     Dead                           Min: 0, Avg:  0.0, Max: 0, Diff: 0, Sum: 0, Workers: 4
[1587.753s][debug][gc,phases      ] GC(69)     Total                          Min: 0, Avg:  0.0, Max: 0, Diff: 0, Sum: 0, Workers: 4
[1587.753s][debug][gc,phases      ] GC(69) Weak Processing 0.345ms
[1587.753s][debug][gc,age         ] GC(69) Desired survivor size 185073664 bytes, new threshold 15 (max threshold 15)
[1587.753s][info ][gc,heap        ] GC(69) PSYoungGen: 1841232K(1906688K)->139121K(1916416K) Eden: 1719808K(1719808K)->0K(1732608K) From: 121424K(186880K)->139121K(183808K)
[1587.753s][info ][gc,heap        ] GC(69) ParOldGen: 509789K(544768K)->509826K(544768K)
[1587.753s][info ][gc,metaspace   ] GC(69) Metaspace: 83833K(84992K)->83833K(84992K) NonClass: 71928K(72512K)->71928K(72512K) Class: 11905K(12480K)->11905K(12480K)
[1587.753s][info ][gc             ] GC(69) Pause Young (Allocation Failure) 2295M->633M(2403M) 35.846ms
[1587.753s][info ][gc,cpu         ] GC(69) User=0.12s Sys=0.00s Real=0.04s
[1587.753s][info ][safepoint      ] Safepoint "ParallelGCFailedAllocation", Time since last: 8480248164 ns, Reaching safepoint: 25100 ns, At safepoint: 35916687 ns, Total: 35941787 ns
[1592.753s][info ][safepoint      ] Safepoint "Cleanup", Time since last: 5000330096 ns, Reaching safepoint: 53800 ns, At safepoint: 25200 ns, Total: 79000 ns
[1593.753s][info ][safepoint      ] Safepoint "Cleanup", Time since last: 1000109680 ns, Reaching safepoint: 47400 ns, At safepoint: 6200 ns, Total: 53600 ns
[1597.754s][info ][safepoint      ] Safepoint "Cleanup", Time since last: 4000297702 ns, Reaching safepoint: 42800 ns, At safepoint: 2800 ns, Total: 45600 ns
[1606.251s][info ][safepoint      ] Safepoint "Cleanup", Time since last: 8496901183 ns, Reaching safepoint: 103300 ns, At safepoint: 5301 ns, Total: 108601 ns
[1607.251s][info ][safepoint      ] Safepoint "Cleanup", Time since last: 1000108895 ns, Reaching safepoint: 60001 ns, At safepoint: 5100 ns, Total: 65101 ns
[1618.252s][info ][safepoint      ] Safepoint "Cleanup", Time since last: 11000775538 ns, Reaching safepoint: 57601 ns, At safepoint: 38500 ns, Total: 96101 ns
[1622.252s][info ][safepoint      ] Safepoint "Cleanup", Time since last: 4000315563 ns, Reaching safepoint: 47400 ns, At safepoint: 2800 ns, Total: 50200 ns
[1623.252s][info ][safepoint      ] Safepoint "Cleanup", Time since last: 1000100612 ns, Reaching safepoint: 47100 ns, At safepoint: 5401 ns, Total: 52501 ns
[1624.252s][info ][safepoint      ] Safepoint "Cleanup", Time since last: 1000114312 ns, Reaching safepoint: 75800 ns, At safepoint: 4700 ns, Total: 80500 ns
[1634.253s][info ][safepoint      ] Safepoint "Cleanup", Time since last: 10000812024 ns, Reaching safepoint: 60200 ns, At safepoint: 3300 ns, Total: 63500 ns
[1641.254s][info ][safepoint      ] Safepoint "Cleanup", Time since last: 7000550990 ns, Reaching safepoint: 61901 ns, At safepoint: 3700 ns, Total: 65601 ns
[1642.155s][info ][gc,start       ] GC(70) Pause Young (Allocation Failure)
[1642.184s][debug][gc,phases      ] GC(70) Scavenge 28.480ms
[1642.184s][debug][gc,ref         ] GC(70) Skipped phase 1 of Reference Processing: no references
[1642.184s][debug][gc,ref         ] GC(70) ReferenceProcessor::execute queues: 1, RefProcThreadModel::Single, marks_oops_alive: false
[1642.184s][debug][gc,ref         ] GC(70) Skipped phase 3 of Reference Processing: no references
[1642.184s][debug][gc,ref         ] GC(70) ReferenceProcessor::execute queues: 1, RefProcThreadModel::Single, marks_oops_alive: false
[1642.184s][debug][gc,phases      ] GC(70) Reference Processing 0.098ms
[1642.184s][debug][gc,phases      ] GC(70)   VM Weak                        Min:  0.0, Avg:  0.0, Max:  0.0, Diff:  0.0, Sum:  0.0, Workers: 4
[1642.184s][debug][gc,phases      ] GC(70)     Dead                           Min: 0, Avg:  0.0, Max: 0, Diff: 0, Sum: 0, Workers: 4
[1642.184s][debug][gc,phases      ] GC(70)     Total                          Min: 0, Avg: 238.2, Max: 704, Diff: 704, Sum: 953, Workers: 4
[1642.184s][debug][gc,phases      ] GC(70)   ObjectSynchronizer Weak        Min:  0.0, Avg:  0.0, Max:  0.0, Diff:  0.0, Sum:  0.0, Workers: 4
[1642.184s][debug][gc,phases      ] GC(70)     Dead                           Min: 0, Avg:  0.0, Max: 0, Diff: 0, Sum: 0, Workers: 4
[1642.184s][debug][gc,phases      ] GC(70)     Total                          Min: 0, Avg: 13.2, Max: 53, Diff: 53, Sum: 53, Workers: 4
[1642.184s][debug][gc,phases      ] GC(70)   JVMTI Tag Weak OopStorage      Min:  0.0, Avg:  0.0, Max:  0.0, Diff:  0.0, Sum:  0.0, Workers: 4
[1642.184s][debug][gc,phases      ] GC(70)     Dead                           Min: 0, Avg:  0.0, Max: 0, Diff: 0, Sum: 0, Workers: 4
[1642.184s][debug][gc,phases      ] GC(70)     Total                          Min: 0, Avg:  0.0, Max: 0, Diff: 0, Sum: 0, Workers: 4
[1642.184s][debug][gc,phases      ] GC(70)   StringTable Weak               Min:  0.0, Avg:  0.1, Max:  0.1, Diff:  0.1, Sum:  0.4, Workers: 4
[1642.184s][debug][gc,phases      ] GC(70)     Dead                           Min: 0, Avg:  0.2, Max: 1, Diff: 1, Sum: 1, Workers: 4
[1642.184s][debug][gc,phases      ] GC(70)     Total                          Min: 0, Avg: 11000.0, Max: 14881, Diff: 14881, Sum: 44000, Workers: 4
[1642.184s][debug][gc,phases      ] GC(70)   ResolvedMethodTable Weak       Min:  0.0, Avg:  0.0, Max:  0.0, Diff:  0.0, Sum:  0.1, Workers: 4
[1642.184s][debug][gc,phases      ] GC(70)     Dead                           Min: 0, Avg:  0.0, Max: 0, Diff: 0, Sum: 0, Workers: 4
[1642.184s][debug][gc,phases      ] GC(70)     Total                          Min: 0, Avg: 2466.8, Max: 3403, Diff: 3403, Sum: 9867, Workers: 4
[1642.184s][debug][gc,phases      ] GC(70)   JNI Weak                       Min:  0.0, Avg:  0.0, Max:  0.0, Diff:  0.0, Sum:  0.0, Workers: 4
[1642.184s][debug][gc,phases      ] GC(70)     Dead                           Min: 0, Avg:  0.0, Max: 0, Diff: 0, Sum: 0, Workers: 4
[1642.184s][debug][gc,phases      ] GC(70)     Total                          Min: 0, Avg: 11.2, Max: 45, Diff: 45, Sum: 45, Workers: 4
[1642.184s][debug][gc,phases      ] GC(70)   StringDedup Table Weak         Min:  0.0, Avg:  0.0, Max:  0.0, Diff:  0.0, Sum:  0.0, Workers: 4
[1642.184s][debug][gc,phases      ] GC(70)     Dead                           Min: 0, Avg:  0.0, Max: 0, Diff: 0, Sum: 0, Workers: 4
[1642.184s][debug][gc,phases      ] GC(70)     Total                          Min: 0, Avg:  0.0, Max: 0, Diff: 0, Sum: 0, Workers: 4
[1642.184s][debug][gc,phases      ] GC(70)   StringDedup Requests0 Weak     Min:  0.0, Avg:  0.0, Max:  0.0, Diff:  0.0, Sum:  0.0, Workers: 4
[1642.184s][debug][gc,phases      ] GC(70)     Dead                           Min: 0, Avg:  0.0, Max: 0, Diff: 0, Sum: 0, Workers: 4
[1642.184s][debug][gc,phases      ] GC(70)     Total                          Min: 0, Avg:  0.0, Max: 0, Diff: 0, Sum: 0, Workers: 4
[1642.184s][debug][gc,phases      ] GC(70)   StringDedup Requests1 Weak     Min:  0.0, Avg:  0.0, Max:  0.0, Diff:  0.0, Sum:  0.0, Workers: 4
[1642.184s][debug][gc,phases      ] GC(70)     Dead                           Min: 0, Avg:  0.0, Max: 0, Diff: 0, Sum: 0, Workers: 4
[1642.184s][debug][gc,phases      ] GC(70)     Total                          Min: 0, Avg:  0.0, Max: 0, Diff: 0, Sum: 0, Workers: 4
[1642.184s][debug][gc,phases      ] GC(70)   Weak JFR Old Object Samples    Min:  0.0, Avg:  0.0, Max:  0.0, Diff:  0.0, Sum:  0.0, Workers: 4
[1642.184s][debug][gc,phases      ] GC(70)     Dead                           Min: 0, Avg:  0.0, Max: 0, Diff: 0, Sum: 0, Workers: 4
[1642.184s][debug][gc,phases      ] GC(70)     Total                          Min: 0, Avg:  0.0, Max: 0, Diff: 0, Sum: 0, Workers: 4
[1642.184s][debug][gc,phases      ] GC(70) Weak Processing 0.412ms
[1642.184s][debug][gc,age         ] GC(70) Desired survivor size 180355072 bytes, new threshold 15 (max threshold 15)
[1642.184s][info ][gc,heap        ] GC(70) PSYoungGen: 1871729K(1916416K)->134129K(1913344K) Eden: 1732608K(1732608K)->0K(1732608K) From: 139121K(183808K)->134129K(180736K)
[1642.184s][info ][gc,heap        ] GC(70) ParOldGen: 509826K(544768K)->509842K(544768K)
[1642.184s][info ][gc,metaspace   ] GC(70) Metaspace: 83871K(85056K)->83871K(85056K) NonClass: 71964K(72576K)->71964K(72576K) Class: 11907K(12480K)->11907K(12480K)
[1642.184s][info ][gc             ] GC(70) Pause Young (Allocation Failure) 2325M->628M(2400M) 29.144ms
[1642.184s][info ][gc,cpu         ] GC(70) User=0.10s Sys=0.00s Real=0.03s
[1642.184s][info ][safepoint      ] Safepoint "ParallelGCFailedAllocation", Time since last: 901188918 ns, Reaching safepoint: 121001 ns, At safepoint: 29230734 ns, Total: 29351735 ns
[1650.185s][info ][safepoint      ] Safepoint "Cleanup", Time since last: 8000590109 ns, Reaching safepoint: 80201 ns, At safepoint: 6800 ns, Total: 87001 ns
[1653.310s][info ][safepoint      ] Safepoint "Cleanup", Time since last: 3124508920 ns, Reaching safepoint: 102000 ns, At safepoint: 6201 ns, Total: 108201 ns
[1654.509s][info ][safepoint      ] Safepoint "Cleanup", Time since last: 1199573471 ns, Reaching safepoint: 160101 ns, At safepoint: 7500 ns, Total: 167601 ns
[1660.510s][info ][safepoint      ] Safepoint "Cleanup", Time since last: 6000500972 ns, Reaching safepoint: 53901 ns, At safepoint: 5300 ns, Total: 59201 ns
[1661.510s][info ][safepoint      ] Safepoint "Cleanup", Time since last: 1000172139 ns, Reaching safepoint: 171101 ns, At safepoint: 10100 ns, Total: 181201 ns
[1662.511s][info ][safepoint      ] Safepoint "Cleanup", Time since last: 1000163139 ns, Reaching safepoint: 42201 ns, At safepoint: 2600 ns, Total: 44801 ns
[1668.511s][info ][safepoint      ] Safepoint "Cleanup", Time since last: 6000480609 ns, Reaching safepoint: 70000 ns, At safepoint: 4100 ns, Total: 74100 ns
[1669.511s][info ][safepoint      ] Safepoint "Cleanup", Time since last: 1000125227 ns, Reaching safepoint: 54200 ns, At safepoint: 9100 ns, Total: 63300 ns
[1672.512s][info ][safepoint      ] Safepoint "Cleanup", Time since last: 3000236779 ns, Reaching safepoint: 47500 ns, At safepoint: 3200 ns, Total: 50700 ns
[1679.512s][info ][safepoint      ] Safepoint "Cleanup", Time since last: 7000455861 ns, Reaching safepoint: 42701 ns, At safepoint: 2600 ns, Total: 45301 ns
[1684.512s][info ][safepoint      ] Safepoint "Cleanup", Time since last: 5000374635 ns, Reaching safepoint: 41600 ns, At safepoint: 3600 ns, Total: 45200 ns
[1689.513s][info ][safepoint      ] Safepoint "Cleanup", Time since last: 5000385378 ns, Reaching safepoint: 56601 ns, At safepoint: 4600 ns, Total: 61201 ns
[1690.513s][info ][safepoint      ] Safepoint "Cleanup", Time since last: 1000137716 ns, Reaching safepoint: 59000 ns, At safepoint: 3800 ns, Total: 62800 ns
[1693.513s][info ][safepoint      ] Safepoint "Cleanup", Time since last: 3000217243 ns, Reaching safepoint: 58800 ns, At safepoint: 2400 ns, Total: 61200 ns
[1694.514s][info ][safepoint      ] Safepoint "Cleanup", Time since last: 1000103187 ns, Reaching safepoint: 56800 ns, At safepoint: 8300 ns, Total: 65100 ns
[1699.514s][info ][safepoint      ] Safepoint "Cleanup", Time since last: 5000364496 ns, Reaching safepoint: 86801 ns, At safepoint: 4000 ns, Total: 90801 ns
[1705.514s][info ][safepoint      ] Safepoint "Cleanup", Time since last: 6000391254 ns, Reaching safepoint: 45501 ns, At safepoint: 2800 ns, Total: 48301 ns
[1706.707s][info ][gc,start       ] GC(71) Pause Young (Allocation Failure)
[1706.742s][debug][gc,phases      ] GC(71) Scavenge 34.784ms
[1706.742s][debug][gc,ref         ] GC(71) Skipped phase 1 of Reference Processing: no references
[1706.742s][debug][gc,ref         ] GC(71) ReferenceProcessor::execute queues: 1, RefProcThreadModel::Single, marks_oops_alive: false
[1706.742s][debug][gc,ref         ] GC(71) Skipped phase 3 of Reference Processing: no references
[1706.742s][debug][gc,ref         ] GC(71) ReferenceProcessor::execute queues: 1, RefProcThreadModel::Single, marks_oops_alive: false
[1706.742s][debug][gc,phases      ] GC(71) Reference Processing 0.101ms
[1706.742s][debug][gc,phases      ] GC(71)   VM Weak                        Min:  0.0, Avg:  0.0, Max:  0.0, Diff:  0.0, Sum:  0.0, Workers: 4
[1706.742s][debug][gc,phases      ] GC(71)     Dead                           Min: 0, Avg:  0.0, Max: 0, Diff: 0, Sum: 0, Workers: 4
[1706.742s][debug][gc,phases      ] GC(71)     Total                          Min: 0, Avg: 238.2, Max: 761, Diff: 761, Sum: 953, Workers: 4
[1706.742s][debug][gc,phases      ] GC(71)   ObjectSynchronizer Weak        Min:  0.0, Avg:  0.0, Max:  0.0, Diff:  0.0, Sum:  0.0, Workers: 4
[1706.742s][debug][gc,phases      ] GC(71)     Dead                           Min: 0, Avg:  0.0, Max: 0, Diff: 0, Sum: 0, Workers: 4
[1706.742s][debug][gc,phases      ] GC(71)     Total                          Min: 0, Avg: 13.2, Max: 53, Diff: 53, Sum: 53, Workers: 4
[1706.742s][debug][gc,phases      ] GC(71)   JVMTI Tag Weak OopStorage      Min:  0.0, Avg:  0.0, Max:  0.0, Diff:  0.0, Sum:  0.0, Workers: 4
[1706.743s][debug][gc,phases      ] GC(71)     Dead                           Min: 0, Avg:  0.0, Max: 0, Diff: 0, Sum: 0, Workers: 4
[1706.743s][debug][gc,phases      ] GC(71)     Total                          Min: 0, Avg:  0.0, Max: 0, Diff: 0, Sum: 0, Workers: 4
[1706.743s][debug][gc,phases      ] GC(71)   StringTable Weak               Min:  0.0, Avg:  0.1, Max:  0.2, Diff:  0.2, Sum:  0.3, Workers: 4
[1706.743s][debug][gc,phases      ] GC(71)     Dead                           Min: 0, Avg:  0.0, Max: 0, Diff: 0, Sum: 0, Workers: 4
[1706.743s][debug][gc,phases      ] GC(71)     Total                          Min: 0, Avg: 11000.2, Max: 25727, Diff: 25727, Sum: 44001, Workers: 4
[1706.743s][debug][gc,phases      ] GC(71)   ResolvedMethodTable Weak       Min:  0.0, Avg:  0.0, Max:  0.0, Diff:  0.0, Sum:  0.1, Workers: 4
[1706.743s][debug][gc,phases      ] GC(71)     Dead                           Min: 0, Avg:  0.0, Max: 0, Diff: 0, Sum: 0, Workers: 4
[1706.743s][debug][gc,phases      ] GC(71)     Total                          Min: 0, Avg: 2466.8, Max: 5771, Diff: 5771, Sum: 9867, Workers: 4
[1706.743s][debug][gc,phases      ] GC(71)   JNI Weak                       Min:  0.0, Avg:  0.0, Max:  0.0, Diff:  0.0, Sum:  0.0, Workers: 4
[1706.743s][debug][gc,phases      ] GC(71)     Dead                           Min: 0, Avg:  0.0, Max: 0, Diff: 0, Sum: 0, Workers: 4
[1706.743s][debug][gc,phases      ] GC(71)     Total                          Min: 0, Avg: 11.2, Max: 45, Diff: 45, Sum: 45, Workers: 4
[1706.743s][debug][gc,phases      ] GC(71)   StringDedup Table Weak         Min:  0.0, Avg:  0.0, Max:  0.0, Diff:  0.0, Sum:  0.0, Workers: 4
[1706.743s][debug][gc,phases      ] GC(71)     Dead                           Min: 0, Avg:  0.0, Max: 0, Diff: 0, Sum: 0, Workers: 4
[1706.743s][debug][gc,phases      ] GC(71)     Total                          Min: 0, Avg:  0.0, Max: 0, Diff: 0, Sum: 0, Workers: 4
[1706.743s][debug][gc,phases      ] GC(71)   StringDedup Requests0 Weak     Min:  0.0, Avg:  0.0, Max:  0.0, Diff:  0.0, Sum:  0.0, Workers: 4
[1706.743s][debug][gc,phases      ] GC(71)     Dead                           Min: 0, Avg:  0.0, Max: 0, Diff: 0, Sum: 0, Workers: 4
[1706.743s][debug][gc,phases      ] GC(71)     Total                          Min: 0, Avg:  0.0, Max: 0, Diff: 0, Sum: 0, Workers: 4
[1706.743s][debug][gc,phases      ] GC(71)   StringDedup Requests1 Weak     Min:  0.0, Avg:  0.0, Max:  0.0, Diff:  0.0, Sum:  0.0, Workers: 4
[1706.743s][debug][gc,phases      ] GC(71)     Dead                           Min: 0, Avg:  0.0, Max: 0, Diff: 0, Sum: 0, Workers: 4
[1706.743s][debug][gc,phases      ] GC(71)     Total                          Min: 0, Avg:  0.0, Max: 0, Diff: 0, Sum: 0, Workers: 4
[1706.743s][debug][gc,phases      ] GC(71)   Weak JFR Old Object Samples    Min:  0.0, Avg:  0.0, Max:  0.0, Diff:  0.0, Sum:  0.0, Workers: 4
[1706.743s][debug][gc,phases      ] GC(71)     Dead                           Min: 0, Avg:  0.0, Max: 0, Diff: 0, Sum: 0, Workers: 4
[1706.743s][debug][gc,phases      ] GC(71)     Total                          Min: 0, Avg:  0.0, Max: 0, Diff: 0, Sum: 0, Workers: 4
[1706.743s][debug][gc,phases      ] GC(71) Weak Processing 0.376ms
[1706.743s][debug][gc,age         ] GC(71) Desired survivor size 177733632 bytes, new threshold 15 (max threshold 15)
[1706.743s][info ][gc,heap        ] GC(71) PSYoungGen: 1866737K(1913344K)->138274K(1923584K) Eden: 1732608K(1732608K)->0K(1747456K) From: 134129K(180736K)->138274K(176128K)
[1706.743s][info ][gc,heap        ] GC(71) ParOldGen: 509842K(544768K)->509866K(544768K)
[1706.743s][info ][gc,metaspace   ] GC(71) Metaspace: 83889K(85056K)->83889K(85056K) NonClass: 71982K(72576K)->71982K(72576K) Class: 11907K(12480K)->11907K(12480K)
[1706.743s][info ][gc             ] GC(71) Pause Young (Allocation Failure) 2320M->632M(2410M) 35.394ms
[1706.743s][info ][gc,cpu         ] GC(71) User=0.12s Sys=0.00s Real=0.03s
[1706.743s][info ][safepoint      ] Safepoint "ParallelGCFailedAllocation", Time since last: 1192696853 ns, Reaching safepoint: 39400 ns, At safepoint: 35465578 ns, Total: 35504978 ns
[1767.813s][info ][gc,start       ] GC(72) Pause Young (Allocation Failure)
[1767.847s][debug][gc,phases      ] GC(72) Scavenge 34.096ms
[1767.847s][debug][gc,ref         ] GC(72) Skipped phase 1 of Reference Processing: no references
[1767.847s][debug][gc,ref         ] GC(72) ReferenceProcessor::execute queues: 1, RefProcThreadModel::Single, marks_oops_alive: false
[1767.847s][debug][gc,ref         ] GC(72) Skipped phase 3 of Reference Processing: no references
[1767.847s][debug][gc,ref         ] GC(72) ReferenceProcessor::execute queues: 1, RefProcThreadModel::Single, marks_oops_alive: false
[1767.847s][debug][gc,phases      ] GC(72) Reference Processing 0.137ms
[1767.848s][debug][gc,phases      ] GC(72)   VM Weak                        Min:  0.0, Avg:  0.0, Max:  0.0, Diff:  0.0, Sum:  0.0, Workers: 4
[1767.848s][debug][gc,phases      ] GC(72)     Dead                           Min: 0, Avg:  0.0, Max: 0, Diff: 0, Sum: 0, Workers: 4
[1767.848s][debug][gc,phases      ] GC(72)     Total                          Min: 0, Avg: 238.2, Max: 704, Diff: 704, Sum: 953, Workers: 4
[1767.848s][debug][gc,phases      ] GC(72)   ObjectSynchronizer Weak        Min:  0.0, Avg:  0.0, Max:  0.0, Diff:  0.0, Sum:  0.0, Workers: 4
[1767.848s][debug][gc,phases      ] GC(72)     Dead                           Min: 0, Avg:  0.0, Max: 0, Diff: 0, Sum: 0, Workers: 4
[1767.848s][debug][gc,phases      ] GC(72)     Total                          Min: 0, Avg: 13.2, Max: 53, Diff: 53, Sum: 53, Workers: 4
[1767.848s][debug][gc,phases      ] GC(72)   JVMTI Tag Weak OopStorage      Min:  0.0, Avg:  0.0, Max:  0.0, Diff:  0.0, Sum:  0.0, Workers: 4
[1767.848s][debug][gc,phases      ] GC(72)     Dead                           Min: 0, Avg:  0.0, Max: 0, Diff: 0, Sum: 0, Workers: 4
[1767.848s][debug][gc,phases      ] GC(72)     Total                          Min: 0, Avg:  0.0, Max: 0, Diff: 0, Sum: 0, Workers: 4
[1767.848s][debug][gc,phases      ] GC(72)   StringTable Weak               Min:  0.0, Avg:  0.1, Max:  0.2, Diff:  0.2, Sum:  0.4, Workers: 4
[1767.848s][debug][gc,phases      ] GC(72)     Dead                           Min: 0, Avg:  0.0, Max: 0, Diff: 0, Sum: 0, Workers: 4
[1767.848s][debug][gc,phases      ] GC(72)     Total                          Min: 0, Avg: 11000.5, Max: 23523, Diff: 23523, Sum: 44002, Workers: 4
[1767.848s][debug][gc,phases      ] GC(72)   ResolvedMethodTable Weak       Min:  0.0, Avg:  0.0, Max:  0.0, Diff:  0.0, Sum:  0.1, Workers: 4
[1767.848s][debug][gc,phases      ] GC(72)     Dead                           Min: 0, Avg:  0.0, Max: 0, Diff: 0, Sum: 0, Workers: 4
[1767.848s][debug][gc,phases      ] GC(72)     Total                          Min: 0, Avg: 2467.0, Max: 5312, Diff: 5312, Sum: 9868, Workers: 4
[1767.848s][debug][gc,phases      ] GC(72)   JNI Weak                       Min:  0.0, Avg:  0.0, Max:  0.0, Diff:  0.0, Sum:  0.0, Workers: 4
[1767.848s][debug][gc,phases      ] GC(72)     Dead                           Min: 0, Avg:  0.0, Max: 0, Diff: 0, Sum: 0, Workers: 4
[1767.848s][debug][gc,phases      ] GC(72)     Total                          Min: 0, Avg: 11.2, Max: 45, Diff: 45, Sum: 45, Workers: 4
[1767.848s][debug][gc,phases      ] GC(72)   StringDedup Table Weak         Min:  0.0, Avg:  0.0, Max:  0.0, Diff:  0.0, Sum:  0.0, Workers: 4
[1767.848s][debug][gc,phases      ] GC(72)     Dead                           Min: 0, Avg:  0.0, Max: 0, Diff: 0, Sum: 0, Workers: 4
[1767.848s][debug][gc,phases      ] GC(72)     Total                          Min: 0, Avg:  0.0, Max: 0, Diff: 0, Sum: 0, Workers: 4
[1767.848s][debug][gc,phases      ] GC(72)   StringDedup Requests0 Weak     Min:  0.0, Avg:  0.0, Max:  0.0, Diff:  0.0, Sum:  0.0, Workers: 4
[1767.848s][debug][gc,phases      ] GC(72)     Dead                           Min: 0, Avg:  0.0, Max: 0, Diff: 0, Sum: 0, Workers: 4
[1767.848s][debug][gc,phases      ] GC(72)     Total                          Min: 0, Avg:  0.0, Max: 0, Diff: 0, Sum: 0, Workers: 4
[1767.848s][debug][gc,phases      ] GC(72)   StringDedup Requests1 Weak     Min:  0.0, Avg:  0.0, Max:  0.0, Diff:  0.0, Sum:  0.0, Workers: 4
[1767.848s][debug][gc,phases      ] GC(72)     Dead                           Min: 0, Avg:  0.0, Max: 0, Diff: 0, Sum: 0, Workers: 4
[1767.848s][debug][gc,phases      ] GC(72)     Total                          Min: 0, Avg:  0.0, Max: 0, Diff: 0, Sum: 0, Workers: 4
[1767.848s][debug][gc,phases      ] GC(72)   Weak JFR Old Object Samples    Min:  0.0, Avg:  0.0, Max:  0.0, Diff:  0.0, Sum:  0.0, Workers: 4
[1767.848s][debug][gc,phases      ] GC(72)     Dead                           Min: 0, Avg:  0.0, Max: 0, Diff: 0, Sum: 0, Workers: 4
[1767.848s][debug][gc,phases      ] GC(72)     Total                          Min: 0, Avg:  0.0, Max: 0, Diff: 0, Sum: 0, Workers: 4
[1767.848s][debug][gc,phases      ] GC(72) Weak Processing 0.508ms
[1767.848s][debug][gc,age         ] GC(72) Desired survivor size 177733632 bytes, new threshold 15 (max threshold 15)
[1767.848s][info ][gc,heap        ] GC(72) PSYoungGen: 1885730K(1923584K)->143743K(1921024K) Eden: 1747456K(1747456K)->0K(1747456K) From: 138274K(176128K)->143743K(173568K)
[1767.848s][info ][gc,heap        ] GC(72) ParOldGen: 509866K(544768K)->509874K(544768K)
[1767.848s][info ][gc,metaspace   ] GC(72) Metaspace: 83895K(85056K)->83895K(85056K) NonClass: 71988K(72576K)->71988K(72576K) Class: 11907K(12480K)->11907K(12480K)
[1767.848s][info ][gc             ] GC(72) Pause Young (Allocation Failure) 2339M->638M(2408M) 34.901ms
[1767.848s][info ][gc,cpu         ] GC(72) User=0.11s Sys=0.01s Real=0.04s
[1767.848s][info ][safepoint      ] Safepoint "ParallelGCFailedAllocation", Time since last: 61070240341 ns, Reaching safepoint: 59400 ns, At safepoint: 34988276 ns, Total: 35047676 ns
[1769.848s][info ][safepoint      ] Safepoint "Cleanup", Time since last: 2000152365 ns, Reaching safepoint: 46100 ns, At safepoint: 5200 ns, Total: 51300 ns
[1781.849s][info ][safepoint      ] Safepoint "Cleanup", Time since last: 12000767588 ns, Reaching safepoint: 42700 ns, At safepoint: 3801 ns, Total: 46501 ns
[1784.849s][info ][safepoint      ] Safepoint "Cleanup", Time since last: 3000273391 ns, Reaching safepoint: 57201 ns, At safepoint: 6000 ns, Total: 63201 ns
[1790.850s][info ][safepoint      ] Safepoint "Cleanup", Time since last: 6000458234 ns, Reaching safepoint: 49200 ns, At safepoint: 3200 ns, Total: 52400 ns
[1796.850s][info ][safepoint      ] Safepoint "Cleanup", Time since last: 6000484661 ns, Reaching safepoint: 46001 ns, At safepoint: 3300 ns, Total: 49301 ns
[1800.178s][info ][safepoint      ] Safepoint "Cleanup", Time since last: 3327455182 ns, Reaching safepoint: 27300 ns, At safepoint: 5000 ns, Total: 32300 ns
[1801.178s][info ][safepoint      ] Safepoint "Cleanup", Time since last: 1000118160 ns, Reaching safepoint: 43701 ns, At safepoint: 6500 ns, Total: 50201 ns
[1811.179s][info ][safepoint      ] Safepoint "Cleanup", Time since last: 10000669749 ns, Reaching safepoint: 39800 ns, At safepoint: 4400 ns, Total: 44200 ns
[1813.179s][info ][safepoint      ] Safepoint "Cleanup", Time since last: 2000169959 ns, Reaching safepoint: 44901 ns, At safepoint: 3800 ns, Total: 48701 ns
[1814.179s][info ][safepoint      ] Safepoint "Cleanup", Time since last: 1000103880 ns, Reaching safepoint: 47200 ns, At safepoint: 3300 ns, Total: 50500 ns
[1815.179s][info ][safepoint      ] Safepoint "Cleanup", Time since last: 1000105780 ns, Reaching safepoint: 47100 ns, At safepoint: 3400 ns, Total: 50500 ns
[1818.196s][info ][safepoint      ] Safepoint "Cleanup", Time since last: 3016406769 ns, Reaching safepoint: 40400 ns, At safepoint: 2800 ns, Total: 43200 ns
[1819.196s][info ][safepoint      ] Safepoint "Cleanup", Time since last: 1000108476 ns, Reaching safepoint: 45000 ns, At safepoint: 7800 ns, Total: 52800 ns
[1826.197s][info ][safepoint      ] Safepoint "Cleanup", Time since last: 7001322879 ns, Reaching safepoint: 124701 ns, At safepoint: 6100 ns, Total: 130801 ns
[1832.198s][info ][safepoint      ] Safepoint "Cleanup", Time since last: 6000491268 ns, Reaching safepoint: 57000 ns, At safepoint: 13200 ns, Total: 70200 ns
[1833.198s][info ][safepoint      ] Safepoint "Cleanup", Time since last: 1000093605 ns, Reaching safepoint: 68200 ns, At safepoint: 5300 ns, Total: 73500 ns
[1836.198s][info ][safepoint      ] Safepoint "Cleanup", Time since last: 3000201377 ns, Reaching safepoint: 42400 ns, At safepoint: 3200 ns, Total: 45600 ns
[1839.199s][info ][safepoint      ] Safepoint "Cleanup", Time since last: 3000238957 ns, Reaching safepoint: 51400 ns, At safepoint: 3200 ns, Total: 54600 ns
[1841.199s][info ][safepoint      ] Safepoint "Cleanup", Time since last: 2000134805 ns, Reaching safepoint: 49600 ns, At safepoint: 2700 ns, Total: 52300 ns
[1843.199s][info ][safepoint      ] Safepoint "Cleanup", Time since last: 2000217392 ns, Reaching safepoint: 65401 ns, At safepoint: 5700 ns, Total: 71101 ns
[1843.506s][info ][gc,start       ] GC(73) Pause Young (Allocation Failure)
[1843.539s][debug][gc,phases      ] GC(73) Scavenge 32.512ms
[1843.539s][debug][gc,ref         ] GC(73) Skipped phase 1 of Reference Processing: no references
[1843.539s][debug][gc,ref         ] GC(73) ReferenceProcessor::execute queues: 1, RefProcThreadModel::Single, marks_oops_alive: false
[1843.539s][debug][gc,ref         ] GC(73) Skipped phase 3 of Reference Processing: no references
[1843.539s][debug][gc,ref         ] GC(73) ReferenceProcessor::execute queues: 1, RefProcThreadModel::Single, marks_oops_alive: false
[1843.539s][debug][gc,phases      ] GC(73) Reference Processing 0.128ms
[1843.539s][debug][gc,phases      ] GC(73)   VM Weak                        Min:  0.0, Avg:  0.0, Max:  0.0, Diff:  0.0, Sum:  0.0, Workers: 4
[1843.539s][debug][gc,phases      ] GC(73)     Dead                           Min: 0, Avg:  0.0, Max: 0, Diff: 0, Sum: 0, Workers: 4
[1843.539s][debug][gc,phases      ] GC(73)     Total                          Min: 0, Avg: 238.2, Max: 569, Diff: 569, Sum: 953, Workers: 4
[1843.539s][debug][gc,phases      ] GC(73)   ObjectSynchronizer Weak        Min:  0.0, Avg:  0.0, Max:  0.0, Diff:  0.0, Sum:  0.0, Workers: 4
[1843.539s][debug][gc,phases      ] GC(73)     Dead                           Min: 0, Avg:  0.0, Max: 0, Diff: 0, Sum: 0, Workers: 4
[1843.539s][debug][gc,phases      ] GC(73)     Total                          Min: 0, Avg: 13.2, Max: 53, Diff: 53, Sum: 53, Workers: 4
[1843.539s][debug][gc,phases      ] GC(73)   JVMTI Tag Weak OopStorage      Min:  0.0, Avg:  0.0, Max:  0.0, Diff:  0.0, Sum:  0.0, Workers: 4
[1843.539s][debug][gc,phases      ] GC(73)     Dead                           Min: 0, Avg:  0.0, Max: 0, Diff: 0, Sum: 0, Workers: 4
[1843.539s][debug][gc,phases      ] GC(73)     Total                          Min: 0, Avg:  0.0, Max: 0, Diff: 0, Sum: 0, Workers: 4
[1843.539s][debug][gc,phases      ] GC(73)   StringTable Weak               Min:  0.0, Avg:  0.1, Max:  0.2, Diff:  0.2, Sum:  0.4, Workers: 4
[1843.539s][debug][gc,phases      ] GC(73)     Dead                           Min: 0, Avg:  0.5, Max: 2, Diff: 2, Sum: 2, Workers: 4
[1843.539s][debug][gc,phases      ] GC(73)     Total                          Min: 0, Avg: 11004.8, Max: 26942, Diff: 26942, Sum: 44019, Workers: 4
[1843.539s][debug][gc,phases      ] GC(73)   ResolvedMethodTable Weak       Min:  0.0, Avg:  0.0, Max:  0.0, Diff:  0.0, Sum:  0.1, Workers: 4
[1843.539s][debug][gc,phases      ] GC(73)     Dead                           Min: 0, Avg:  0.0, Max: 0, Diff: 0, Sum: 0, Workers: 4
[1843.539s][debug][gc,phases      ] GC(73)     Total                          Min: 0, Avg: 2474.5, Max: 6186, Diff: 6186, Sum: 9898, Workers: 4
[1843.539s][debug][gc,phases      ] GC(73)   JNI Weak                       Min:  0.0, Avg:  0.0, Max:  0.0, Diff:  0.0, Sum:  0.0, Workers: 4
[1843.539s][debug][gc,phases      ] GC(73)     Dead                           Min: 0, Avg:  0.0, Max: 0, Diff: 0, Sum: 0, Workers: 4
[1843.539s][debug][gc,phases      ] GC(73)     Total                          Min: 0, Avg: 11.2, Max: 45, Diff: 45, Sum: 45, Workers: 4
[1843.539s][debug][gc,phases      ] GC(73)   StringDedup Table Weak         Min:  0.0, Avg:  0.0, Max:  0.0, Diff:  0.0, Sum:  0.0, Workers: 4
[1843.539s][debug][gc,phases      ] GC(73)     Dead                           Min: 0, Avg:  0.0, Max: 0, Diff: 0, Sum: 0, Workers: 4
[1843.539s][debug][gc,phases      ] GC(73)     Total                          Min: 0, Avg:  0.0, Max: 0, Diff: 0, Sum: 0, Workers: 4
[1843.539s][debug][gc,phases      ] GC(73)   StringDedup Requests0 Weak     Min:  0.0, Avg:  0.0, Max:  0.0, Diff:  0.0, Sum:  0.0, Workers: 4
[1843.539s][debug][gc,phases      ] GC(73)     Dead                           Min: 0, Avg:  0.0, Max: 0, Diff: 0, Sum: 0, Workers: 4
[1843.539s][debug][gc,phases      ] GC(73)     Total                          Min: 0, Avg:  0.0, Max: 0, Diff: 0, Sum: 0, Workers: 4
[1843.539s][debug][gc,phases      ] GC(73)   StringDedup Requests1 Weak     Min:  0.0, Avg:  0.0, Max:  0.0, Diff:  0.0, Sum:  0.0, Workers: 4
[1843.539s][debug][gc,phases      ] GC(73)     Dead                           Min: 0, Avg:  0.0, Max: 0, Diff: 0, Sum: 0, Workers: 4
[1843.539s][debug][gc,phases      ] GC(73)     Total                          Min: 0, Avg:  0.0, Max: 0, Diff: 0, Sum: 0, Workers: 4
[1843.539s][debug][gc,phases      ] GC(73)   Weak JFR Old Object Samples    Min:  0.0, Avg:  0.0, Max:  0.0, Diff:  0.0, Sum:  0.0, Workers: 4
[1843.540s][debug][gc,phases      ] GC(73)     Dead                           Min: 0, Avg:  0.0, Max: 0, Diff: 0, Sum: 0, Workers: 4
[1843.540s][debug][gc,phases      ] GC(73)     Total                          Min: 0, Avg:  0.0, Max: 0, Diff: 0, Sum: 0, Workers: 4
[1843.540s][debug][gc,phases      ] GC(73) Weak Processing 0.405ms
[1843.540s][debug][gc,age         ] GC(73) Desired survivor size 174063616 bytes, new threshold 15 (max threshold 15)
[1843.540s][info ][gc,heap        ] GC(73) PSYoungGen: 1891199K(1921024K)->132942K(1927168K) Eden: 1747456K(1747456K)->0K(1753600K) From: 143743K(173568K)->132942K(173568K)
[1843.540s][info ][gc,heap        ] GC(73) ParOldGen: 509874K(544768K)->509890K(544768K)
[1843.540s][info ][gc,metaspace   ] GC(73) Metaspace: 84001K(85184K)->84001K(85184K) NonClass: 72076K(72704K)->72076K(72704K) Class: 11925K(12480K)->11925K(12480K)
[1843.540s][info ][gc             ] GC(73) Pause Young (Allocation Failure) 2344M->627M(2414M) 33.178ms
[1843.540s][info ][gc,cpu         ] GC(73) User=0.11s Sys=0.00s Real=0.03s
[1843.540s][info ][safepoint      ] Safepoint "ParallelGCFailedAllocation", Time since last: 307232231 ns, Reaching safepoint: 44900 ns, At safepoint: 33259063 ns, Total: 33303963 ns
[1845.540s][info ][safepoint      ] Safepoint "Cleanup", Time since last: 2000141927 ns, Reaching safepoint: 49001 ns, At safepoint: 5300 ns, Total: 54301 ns
[1854.541s][info ][safepoint      ] Safepoint "Cleanup", Time since last: 9000737635 ns, Reaching safepoint: 56901 ns, At safepoint: 7600 ns, Total: 64501 ns
[1862.541s][info ][safepoint      ] Safepoint "Cleanup", Time since last: 8000638615 ns, Reaching safepoint: 51800 ns, At safepoint: 4900 ns, Total: 56700 ns
[1868.542s][info ][safepoint      ] Safepoint "Cleanup", Time since last: 6000412230 ns, Reaching safepoint: 46000 ns, At safepoint: 3000 ns, Total: 49000 ns
[1870.542s][info ][safepoint      ] Safepoint "Cleanup", Time since last: 2000190981 ns, Reaching safepoint: 91201 ns, At safepoint: 4200 ns, Total: 95401 ns
[1871.542s][info ][safepoint      ] Safepoint "Cleanup", Time since last: 1000118091 ns, Reaching safepoint: 50800 ns, At safepoint: 5100 ns, Total: 55900 ns
[1875.543s][info ][safepoint      ] Safepoint "Cleanup", Time since last: 4000321485 ns, Reaching safepoint: 64300 ns, At safepoint: 2900 ns, Total: 67200 ns
[1876.543s][info ][safepoint      ] Safepoint "Cleanup", Time since last: 1000115027 ns, Reaching safepoint: 53501 ns, At safepoint: 2900 ns, Total: 56401 ns
[1877.543s][info ][safepoint      ] Safepoint "Cleanup", Time since last: 1000109427 ns, Reaching safepoint: 57400 ns, At safepoint: 3700 ns, Total: 61100 ns
[1879.543s][info ][safepoint      ] Safepoint "Cleanup", Time since last: 2000165054 ns, Reaching safepoint: 39800 ns, At safepoint: 22601 ns, Total: 62401 ns
[1880.543s][info ][safepoint      ] Safepoint "Cleanup", Time since last: 1000093327 ns, Reaching safepoint: 59900 ns, At safepoint: 4800 ns, Total: 64700 ns
[1883.544s][info ][safepoint      ] Safepoint "Cleanup", Time since last: 3000255763 ns, Reaching safepoint: 53700 ns, At safepoint: 2800 ns, Total: 56500 ns
[1885.544s][info ][safepoint      ] Safepoint "Cleanup", Time since last: 2000235097 ns, Reaching safepoint: 153701 ns, At safepoint: 12300 ns, Total: 166001 ns
[1886.544s][info ][safepoint      ] Safepoint "Cleanup", Time since last: 1000148499 ns, Reaching safepoint: 101301 ns, At safepoint: 7200 ns, Total: 108501 ns
[1887.544s][info ][safepoint      ] Safepoint "Cleanup", Time since last: 1000145198 ns, Reaching safepoint: 46001 ns, At safepoint: 2900 ns, Total: 48901 ns
[1891.545s][info ][safepoint      ] Safepoint "Cleanup", Time since last: 4000296989 ns, Reaching safepoint: 51600 ns, At safepoint: 5700 ns, Total: 57300 ns
[1898.545s][info ][safepoint      ] Safepoint "Cleanup", Time since last: 7000502447 ns, Reaching safepoint: 49000 ns, At safepoint: 2900 ns, Total: 51900 ns
[1898.659s][info ][gc,start       ] GC(74) Pause Young (Allocation Failure)
[1898.688s][debug][gc,phases      ] GC(74) Scavenge 29.422ms
[1898.688s][debug][gc,ref         ] GC(74) Skipped phase 1 of Reference Processing: no references
[1898.688s][debug][gc,ref         ] GC(74) ReferenceProcessor::execute queues: 1, RefProcThreadModel::Single, marks_oops_alive: false
[1898.688s][debug][gc,ref         ] GC(74) Skipped phase 3 of Reference Processing: no references
[1898.688s][debug][gc,ref         ] GC(74) ReferenceProcessor::execute queues: 1, RefProcThreadModel::Single, marks_oops_alive: false
[1898.688s][debug][gc,phases      ] GC(74) Reference Processing 0.108ms
[1898.688s][debug][gc,phases      ] GC(74)   VM Weak                        Min:  0.0, Avg:  0.0, Max:  0.0, Diff:  0.0, Sum:  0.0, Workers: 4
[1898.688s][debug][gc,phases      ] GC(74)     Dead                           Min: 0, Avg:  0.0, Max: 0, Diff: 0, Sum: 0, Workers: 4
[1898.688s][debug][gc,phases      ] GC(74)     Total                          Min: 0, Avg: 238.2, Max: 505, Diff: 505, Sum: 953, Workers: 4
[1898.688s][debug][gc,phases      ] GC(74)   ObjectSynchronizer Weak        Min:  0.0, Avg:  0.0, Max:  0.0, Diff:  0.0, Sum:  0.0, Workers: 4
[1898.689s][debug][gc,phases      ] GC(74)     Dead                           Min: 0, Avg:  0.0, Max: 0, Diff: 0, Sum: 0, Workers: 4
[1898.689s][debug][gc,phases      ] GC(74)     Total                          Min: 0, Avg: 13.2, Max: 53, Diff: 53, Sum: 53, Workers: 4
[1898.689s][debug][gc,phases      ] GC(74)   JVMTI Tag Weak OopStorage      Min:  0.0, Avg:  0.0, Max:  0.0, Diff:  0.0, Sum:  0.0, Workers: 4
[1898.689s][debug][gc,phases      ] GC(74)     Dead                           Min: 0, Avg:  0.0, Max: 0, Diff: 0, Sum: 0, Workers: 4
[1898.689s][debug][gc,phases      ] GC(74)     Total                          Min: 0, Avg:  0.0, Max: 0, Diff: 0, Sum: 0, Workers: 4
[1898.689s][debug][gc,phases      ] GC(74)   StringTable Weak               Min:  0.0, Avg:  0.1, Max:  0.2, Diff:  0.2, Sum:  0.4, Workers: 4
[1898.689s][debug][gc,phases      ] GC(74)     Dead                           Min: 0, Avg:  0.2, Max: 1, Diff: 1, Sum: 1, Workers: 4
[1898.689s][debug][gc,phases      ] GC(74)     Total                          Min: 0, Avg: 11006.0, Max: 16959, Diff: 16959, Sum: 44024, Workers: 4
[1898.689s][debug][gc,phases      ] GC(74)   ResolvedMethodTable Weak       Min:  0.0, Avg:  0.0, Max:  0.0, Diff:  0.0, Sum:  0.1, Workers: 4
[1898.689s][debug][gc,phases      ] GC(74)     Dead                           Min: 0, Avg:  0.0, Max: 0, Diff: 0, Sum: 0, Workers: 4
[1898.689s][debug][gc,phases      ] GC(74)     Total                          Min: 0, Avg: 2476.5, Max: 3520, Diff: 3520, Sum: 9906, Workers: 4
[1898.689s][debug][gc,phases      ] GC(74)   JNI Weak                       Min:  0.0, Avg:  0.0, Max:  0.0, Diff:  0.0, Sum:  0.0, Workers: 4
[1898.689s][debug][gc,phases      ] GC(74)     Dead                           Min: 0, Avg:  0.0, Max: 0, Diff: 0, Sum: 0, Workers: 4
[1898.689s][debug][gc,phases      ] GC(74)     Total                          Min: 0, Avg: 11.2, Max: 45, Diff: 45, Sum: 45, Workers: 4
[1898.689s][debug][gc,phases      ] GC(74)   StringDedup Table Weak         Min:  0.0, Avg:  0.0, Max:  0.0, Diff:  0.0, Sum:  0.0, Workers: 4
[1898.689s][debug][gc,phases      ] GC(74)     Dead                           Min: 0, Avg:  0.0, Max: 0, Diff: 0, Sum: 0, Workers: 4
[1898.689s][debug][gc,phases      ] GC(74)     Total                          Min: 0, Avg:  0.0, Max: 0, Diff: 0, Sum: 0, Workers: 4
[1898.689s][debug][gc,phases      ] GC(74)   StringDedup Requests0 Weak     Min:  0.0, Avg:  0.0, Max:  0.0, Diff:  0.0, Sum:  0.0, Workers: 4
[1898.689s][debug][gc,phases      ] GC(74)     Dead                           Min: 0, Avg:  0.0, Max: 0, Diff: 0, Sum: 0, Workers: 4
[1898.689s][debug][gc,phases      ] GC(74)     Total                          Min: 0, Avg:  0.0, Max: 0, Diff: 0, Sum: 0, Workers: 4
[1898.689s][debug][gc,phases      ] GC(74)   StringDedup Requests1 Weak     Min:  0.0, Avg:  0.0, Max:  0.0, Diff:  0.0, Sum:  0.0, Workers: 4
[1898.689s][debug][gc,phases      ] GC(74)     Dead                           Min: 0, Avg:  0.0, Max: 0, Diff: 0, Sum: 0, Workers: 4
[1898.689s][debug][gc,phases      ] GC(74)     Total                          Min: 0, Avg:  0.0, Max: 0, Diff: 0, Sum: 0, Workers: 4
[1898.689s][debug][gc,phases      ] GC(74)   Weak JFR Old Object Samples    Min:  0.0, Avg:  0.0, Max:  0.0, Diff:  0.0, Sum:  0.0, Workers: 4
[1898.689s][debug][gc,phases      ] GC(74)     Dead                           Min: 0, Avg:  0.0, Max: 0, Diff: 0, Sum: 0, Workers: 4
[1898.689s][debug][gc,phases      ] GC(74)     Total                          Min: 0, Avg:  0.0, Max: 0, Diff: 0, Sum: 0, Workers: 4
[1898.689s][debug][gc,phases      ] GC(74) Weak Processing 0.361ms
[1898.689s][debug][gc,age         ] GC(74) Desired survivor size 171442176 bytes, new threshold 15 (max threshold 15)
[1898.689s][info ][gc,heap        ] GC(74) PSYoungGen: 1886542K(1927168K)->136974K(1923584K) Eden: 1753600K(1753600K)->0K(1753600K) From: 132942K(173568K)->136974K(169984K)
[1898.689s][info ][gc,heap        ] GC(74) ParOldGen: 509890K(544768K)->512070K(544768K)
[1898.689s][info ][gc,metaspace   ] GC(74) Metaspace: 84026K(85184K)->84026K(85184K) NonClass: 72097K(72704K)->72097K(72704K) Class: 11928K(12480K)->11928K(12480K)
[1898.689s][info ][gc             ] GC(74) Pause Young (Allocation Failure) 2340M->633M(2410M) 30.015ms
[1898.689s][info ][gc,cpu         ] GC(74) User=0.11s Sys=0.00s Real=0.03s
[1898.689s][info ][safepoint      ] Safepoint "ParallelGCFailedAllocation", Time since last: 113078993 ns, Reaching safepoint: 107200 ns, At safepoint: 30090238 ns, Total: 30197438 ns
[1903.689s][info ][safepoint      ] Safepoint "Cleanup", Time since last: 5000342368 ns, Reaching safepoint: 41000 ns, At safepoint: 2700 ns, Total: 43700 ns
[1907.689s][info ][safepoint      ] Safepoint "Cleanup", Time since last: 4000329396 ns, Reaching safepoint: 54900 ns, At safepoint: 6100 ns, Total: 61000 ns
[1912.690s][info ][safepoint      ] Safepoint "Cleanup", Time since last: 5000410947 ns, Reaching safepoint: 50900 ns, At safepoint: 5400 ns, Total: 56300 ns
[1933.691s][info ][safepoint      ] Safepoint "Cleanup", Time since last: 21001491221 ns, Reaching safepoint: 54400 ns, At safepoint: 3300 ns, Total: 57700 ns
[1942.692s][info ][safepoint      ] Safepoint "Cleanup", Time since last: 9000647328 ns, Reaching safepoint: 51301 ns, At safepoint: 29400 ns, Total: 80701 ns
[1943.692s][info ][safepoint      ] Safepoint "Cleanup", Time since last: 1000111603 ns, Reaching safepoint: 52101 ns, At safepoint: 2500 ns, Total: 54601 ns
[1944.693s][info ][safepoint      ] Safepoint "Cleanup", Time since last: 1000111703 ns, Reaching safepoint: 47501 ns, At safepoint: 2900 ns, Total: 50401 ns
[1945.693s][info ][safepoint      ] Safepoint "Cleanup", Time since last: 1000149403 ns, Reaching safepoint: 60901 ns, At safepoint: 2600 ns, Total: 63501 ns
[1947.693s][info ][safepoint      ] Safepoint "Cleanup", Time since last: 2000140301 ns, Reaching safepoint: 58301 ns, At safepoint: 2900 ns, Total: 61201 ns
[1948.693s][info ][safepoint      ] Safepoint "Cleanup", Time since last: 1000109497 ns, Reaching safepoint: 49501 ns, At safepoint: 5900 ns, Total: 55401 ns
[1949.693s][info ][safepoint      ] Safepoint "Cleanup", Time since last: 1000109997 ns, Reaching safepoint: 63500 ns, At safepoint: 2500 ns, Total: 66000 ns
[1956.694s][info ][safepoint      ] Safepoint "Cleanup", Time since last: 7000511201 ns, Reaching safepoint: 44100 ns, At safepoint: 7700 ns, Total: 51800 ns
[1964.694s][info ][safepoint      ] Safepoint "Cleanup", Time since last: 8000594462 ns, Reaching safepoint: 45901 ns, At safepoint: 2600 ns, Total: 48501 ns
[1973.446s][info ][gc,start       ] GC(75) Pause Young (Allocation Failure)
[1973.474s][debug][gc,phases      ] GC(75) Scavenge 27.520ms
[1973.474s][debug][gc,ref         ] GC(75) Skipped phase 1 of Reference Processing: no references
[1973.474s][debug][gc,ref         ] GC(75) ReferenceProcessor::execute queues: 1, RefProcThreadModel::Single, marks_oops_alive: false
[1973.474s][debug][gc,ref         ] GC(75) Skipped phase 3 of Reference Processing: no references
[1973.474s][debug][gc,ref         ] GC(75) ReferenceProcessor::execute queues: 1, RefProcThreadModel::Single, marks_oops_alive: false
[1973.474s][debug][gc,phases      ] GC(75) Reference Processing 0.205ms
[1973.474s][debug][gc,phases      ] GC(75)   VM Weak                        Min:  0.0, Avg:  0.0, Max:  0.0, Diff:  0.0, Sum:  0.0, Workers: 4
[1973.474s][debug][gc,phases      ] GC(75)     Dead                           Min: 0, Avg:  0.0, Max: 0, Diff: 0, Sum: 0, Workers: 4
[1973.474s][debug][gc,phases      ] GC(75)     Total                          Min: 0, Avg: 238.5, Max: 634, Diff: 634, Sum: 954, Workers: 4
[1973.474s][debug][gc,phases      ] GC(75)   ObjectSynchronizer Weak        Min:  0.0, Avg:  0.0, Max:  0.0, Diff:  0.0, Sum:  0.0, Workers: 4
[1973.474s][debug][gc,phases      ] GC(75)     Dead                           Min: 0, Avg:  0.0, Max: 0, Diff: 0, Sum: 0, Workers: 4
[1973.474s][debug][gc,phases      ] GC(75)     Total                          Min: 0, Avg: 13.2, Max: 53, Diff: 53, Sum: 53, Workers: 4
[1973.474s][debug][gc,phases      ] GC(75)   JVMTI Tag Weak OopStorage      Min:  0.0, Avg:  0.0, Max:  0.0, Diff:  0.0, Sum:  0.0, Workers: 4
[1973.474s][debug][gc,phases      ] GC(75)     Dead                           Min: 0, Avg:  0.0, Max: 0, Diff: 0, Sum: 0, Workers: 4
[1973.474s][debug][gc,phases      ] GC(75)     Total                          Min: 0, Avg:  0.0, Max: 0, Diff: 0, Sum: 0, Workers: 4
[1973.474s][debug][gc,phases      ] GC(75)   StringTable Weak               Min:  0.0, Avg:  0.2, Max:  0.3, Diff:  0.3, Sum:  0.8, Workers: 4
[1973.474s][debug][gc,phases      ] GC(75)     Dead                           Min: 0, Avg:  0.2, Max: 1, Diff: 1, Sum: 1, Workers: 4
[1973.474s][debug][gc,phases      ] GC(75)     Total                          Min: 0, Avg: 11009.8, Max: 16383, Diff: 16383, Sum: 44039, Workers: 4
[1973.474s][debug][gc,phases      ] GC(75)   ResolvedMethodTable Weak       Min:  0.0, Avg:  0.0, Max:  0.0, Diff:  0.0, Sum:  0.1, Workers: 4
[1973.474s][debug][gc,phases      ] GC(75)     Dead                           Min: 0, Avg:  0.0, Max: 0, Diff: 0, Sum: 0, Workers: 4
[1973.474s][debug][gc,phases      ] GC(75)     Total                          Min: 0, Avg: 2479.0, Max: 4096, Diff: 4096, Sum: 9916, Workers: 4
[1973.474s][debug][gc,phases      ] GC(75)   JNI Weak                       Min:  0.0, Avg:  0.0, Max:  0.0, Diff:  0.0, Sum:  0.0, Workers: 4
[1973.474s][debug][gc,phases      ] GC(75)     Dead                           Min: 0, Avg:  0.0, Max: 0, Diff: 0, Sum: 0, Workers: 4
[1973.474s][debug][gc,phases      ] GC(75)     Total                          Min: 0, Avg: 11.2, Max: 45, Diff: 45, Sum: 45, Workers: 4
[1973.474s][debug][gc,phases      ] GC(75)   StringDedup Table Weak         Min:  0.0, Avg:  0.0, Max:  0.0, Diff:  0.0, Sum:  0.0, Workers: 4
[1973.474s][debug][gc,phases      ] GC(75)     Dead                           Min: 0, Avg:  0.0, Max: 0, Diff: 0, Sum: 0, Workers: 4
[1973.474s][debug][gc,phases      ] GC(75)     Total                          Min: 0, Avg:  0.0, Max: 0, Diff: 0, Sum: 0, Workers: 4
[1973.474s][debug][gc,phases      ] GC(75)   StringDedup Requests0 Weak     Min:  0.0, Avg:  0.0, Max:  0.0, Diff:  0.0, Sum:  0.0, Workers: 4
[1973.474s][debug][gc,phases      ] GC(75)     Dead                           Min: 0, Avg:  0.0, Max: 0, Diff: 0, Sum: 0, Workers: 4
[1973.474s][debug][gc,phases      ] GC(75)     Total                          Min: 0, Avg:  0.0, Max: 0, Diff: 0, Sum: 0, Workers: 4
[1973.474s][debug][gc,phases      ] GC(75)   StringDedup Requests1 Weak     Min:  0.0, Avg:  0.0, Max:  0.0, Diff:  0.0, Sum:  0.0, Workers: 4
[1973.474s][debug][gc,phases      ] GC(75)     Dead                           Min: 0, Avg:  0.0, Max: 0, Diff: 0, Sum: 0, Workers: 4
[1973.474s][debug][gc,phases      ] GC(75)     Total                          Min: 0, Avg:  0.0, Max: 0, Diff: 0, Sum: 0, Workers: 4
[1973.474s][debug][gc,phases      ] GC(75)   Weak JFR Old Object Samples    Min:  0.0, Avg:  0.0, Max:  0.0, Diff:  0.0, Sum:  0.0, Workers: 4
[1973.474s][debug][gc,phases      ] GC(75)     Dead                           Min: 0, Avg:  0.0, Max: 0, Diff: 0, Sum: 0, Workers: 4
[1973.474s][debug][gc,phases      ] GC(75)     Total                          Min: 0, Avg:  0.0, Max: 0, Diff: 0, Sum: 0, Workers: 4
[1973.475s][debug][gc,phases      ] GC(75) Weak Processing 0.509ms
[1973.475s][debug][gc,age         ] GC(75) Desired survivor size 169345024 bytes, new threshold 15 (max threshold 15)
[1973.475s][info ][gc,heap        ] GC(75) PSYoungGen: 1890574K(1923584K)->128448K(1931776K) Eden: 1753600K(1753600K)->0K(1764352K) From: 136974K(169984K)->128448K(167424K)
[1973.475s][info ][gc,heap        ] GC(75) ParOldGen: 512070K(544768K)->512614K(544768K)
[1973.475s][info ][gc,metaspace   ] GC(75) Metaspace: 84095K(85248K)->84095K(85248K) NonClass: 72160K(72768K)->72160K(72768K) Class: 11934K(12480K)->11934K(12480K)
[1973.475s][info ][gc             ] GC(75) Pause Young (Allocation Failure) 2346M->626M(2418M) 28.383ms
[1973.475s][info ][gc,cpu         ] GC(75) User=0.11s Sys=0.00s Real=0.02s
[1973.475s][info ][safepoint      ] Safepoint "ParallelGCFailedAllocation", Time since last: 8751604242 ns, Reaching safepoint: 37101 ns, At safepoint: 28457324 ns, Total: 28494425 ns
[1984.475s][info ][safepoint      ] Safepoint "Cleanup", Time since last: 11000757492 ns, Reaching safepoint: 39800 ns, At safepoint: 2900 ns, Total: 42700 ns
[1990.476s][info ][safepoint      ] Safepoint "Cleanup", Time since last: 6000458278 ns, Reaching safepoint: 43900 ns, At safepoint: 2900 ns, Total: 46800 ns
[2004.058s][info ][safepoint      ] Safepoint "Cleanup", Time since last: 13581910828 ns, Reaching safepoint: 139301 ns, At safepoint: 17900 ns, Total: 157201 ns
[2006.058s][info ][safepoint      ] Safepoint "Cleanup", Time since last: 2000180417 ns, Reaching safepoint: 117901 ns, At safepoint: 5600 ns, Total: 123501 ns
[2007.059s][info ][safepoint      ] Safepoint "Cleanup", Time since last: 1000133209 ns, Reaching safepoint: 115901 ns, At safepoint: 5600 ns, Total: 121501 ns
[2013.059s][info ][safepoint      ] Safepoint "Cleanup", Time since last: 6000477634 ns, Reaching safepoint: 126501 ns, At safepoint: 7000 ns, Total: 133501 ns
[2015.059s][info ][safepoint      ] Safepoint "Cleanup", Time since last: 2000207402 ns, Reaching safepoint: 123901 ns, At safepoint: 5800 ns, Total: 129701 ns
[2019.060s][info ][safepoint      ] Safepoint "Cleanup", Time since last: 4000349603 ns, Reaching safepoint: 122401 ns, At safepoint: 25600 ns, Total: 148001 ns
[2022.060s][info ][safepoint      ] Safepoint "Cleanup", Time since last: 3000240403 ns, Reaching safepoint: 41201 ns, At safepoint: 2900 ns, Total: 44101 ns
[2045.062s][info ][safepoint      ] Safepoint "Cleanup", Time since last: 23001476552 ns, Reaching safepoint: 44500 ns, At safepoint: 4300 ns, Total: 48800 ns
[2052.062s][info ][safepoint      ] Safepoint "Cleanup", Time since last: 7000450961 ns, Reaching safepoint: 43200 ns, At safepoint: 19900 ns, Total: 63100 ns
[2052.910s][info ][gc,start       ] GC(76) Pause Young (Allocation Failure)
[2052.937s][debug][gc,phases      ] GC(76) Scavenge 27.682ms
[2052.937s][debug][gc,ref         ] GC(76) Skipped phase 1 of Reference Processing: no references
[2052.937s][debug][gc,ref         ] GC(76) ReferenceProcessor::execute queues: 1, RefProcThreadModel::Single, marks_oops_alive: false
[2052.938s][debug][gc,ref         ] GC(76) Skipped phase 3 of Reference Processing: no references
[2052.938s][debug][gc,ref         ] GC(76) ReferenceProcessor::execute queues: 1, RefProcThreadModel::Single, marks_oops_alive: false
[2052.938s][debug][gc,phases      ] GC(76) Reference Processing 0.147ms
[2052.938s][debug][gc,phases      ] GC(76)   VM Weak                        Min:  0.0, Avg:  0.0, Max:  0.0, Diff:  0.0, Sum:  0.0, Workers: 4
[2052.938s][debug][gc,phases      ] GC(76)     Dead                           Min: 0, Avg:  0.0, Max: 0, Diff: 0, Sum: 0, Workers: 4
[2052.938s][debug][gc,phases      ] GC(76)     Total                          Min: 0, Avg: 238.5, Max: 576, Diff: 576, Sum: 954, Workers: 4
[2052.938s][debug][gc,phases      ] GC(76)   ObjectSynchronizer Weak        Min:  0.0, Avg:  0.0, Max:  0.0, Diff:  0.0, Sum:  0.0, Workers: 4
[2052.938s][debug][gc,phases      ] GC(76)     Dead                           Min: 0, Avg:  0.0, Max: 0, Diff: 0, Sum: 0, Workers: 4
[2052.938s][debug][gc,phases      ] GC(76)     Total                          Min: 0, Avg: 13.2, Max: 53, Diff: 53, Sum: 53, Workers: 4
[2052.938s][debug][gc,phases      ] GC(76)   JVMTI Tag Weak OopStorage      Min:  0.0, Avg:  0.0, Max:  0.0, Diff:  0.0, Sum:  0.0, Workers: 4
[2052.938s][debug][gc,phases      ] GC(76)     Dead                           Min: 0, Avg:  0.0, Max: 0, Diff: 0, Sum: 0, Workers: 4
[2052.938s][debug][gc,phases      ] GC(76)     Total                          Min: 0, Avg:  0.0, Max: 0, Diff: 0, Sum: 0, Workers: 4
[2052.938s][debug][gc,phases      ] GC(76)   StringTable Weak               Min:  0.0, Avg:  0.1, Max:  0.2, Diff:  0.2, Sum:  0.4, Workers: 4
[2052.938s][debug][gc,phases      ] GC(76)     Dead                           Min: 0, Avg:  0.0, Max: 0, Diff: 0, Sum: 0, Workers: 4
[2052.938s][debug][gc,phases      ] GC(76)     Total                          Min: 0, Avg: 11010.5, Max: 22027, Diff: 22027, Sum: 44042, Workers: 4
[2052.938s][debug][gc,phases      ] GC(76)   ResolvedMethodTable Weak       Min:  0.0, Avg:  0.0, Max:  0.0, Diff:  0.0, Sum:  0.1, Workers: 4
[2052.938s][debug][gc,phases      ] GC(76)     Dead                           Min: 0, Avg:  0.0, Max: 0, Diff: 0, Sum: 0, Workers: 4
[2052.938s][debug][gc,phases      ] GC(76)     Total                          Min: 0, Avg: 2479.0, Max: 3516, Diff: 3516, Sum: 9916, Workers: 4
[2052.938s][debug][gc,phases      ] GC(76)   JNI Weak                       Min:  0.0, Avg:  0.0, Max:  0.0, Diff:  0.0, Sum:  0.0, Workers: 4
[2052.938s][debug][gc,phases      ] GC(76)     Dead                           Min: 0, Avg:  0.0, Max: 0, Diff: 0, Sum: 0, Workers: 4
[2052.938s][debug][gc,phases      ] GC(76)     Total                          Min: 0, Avg: 11.2, Max: 45, Diff: 45, Sum: 45, Workers: 4
[2052.938s][debug][gc,phases      ] GC(76)   StringDedup Table Weak         Min:  0.0, Avg:  0.0, Max:  0.0, Diff:  0.0, Sum:  0.0, Workers: 4
[2052.938s][debug][gc,phases      ] GC(76)     Dead                           Min: 0, Avg:  0.0, Max: 0, Diff: 0, Sum: 0, Workers: 4
[2052.938s][debug][gc,phases      ] GC(76)     Total                          Min: 0, Avg:  0.0, Max: 0, Diff: 0, Sum: 0, Workers: 4
[2052.938s][debug][gc,phases      ] GC(76)   StringDedup Requests0 Weak     Min:  0.0, Avg:  0.0, Max:  0.0, Diff:  0.0, Sum:  0.0, Workers: 4
[2052.938s][debug][gc,phases      ] GC(76)     Dead                           Min: 0, Avg:  0.0, Max: 0, Diff: 0, Sum: 0, Workers: 4
[2052.938s][debug][gc,phases      ] GC(76)     Total                          Min: 0, Avg:  0.0, Max: 0, Diff: 0, Sum: 0, Workers: 4
[2052.938s][debug][gc,phases      ] GC(76)   StringDedup Requests1 Weak     Min:  0.0, Avg:  0.0, Max:  0.0, Diff:  0.0, Sum:  0.0, Workers: 4
[2052.938s][debug][gc,phases      ] GC(76)     Dead                           Min: 0, Avg:  0.0, Max: 0, Diff: 0, Sum: 0, Workers: 4
[2052.938s][debug][gc,phases      ] GC(76)     Total                          Min: 0, Avg:  0.0, Max: 0, Diff: 0, Sum: 0, Workers: 4
[2052.938s][debug][gc,phases      ] GC(76)   Weak JFR Old Object Samples    Min:  0.0, Avg:  0.0, Max:  0.0, Diff:  0.0, Sum:  0.0, Workers: 4
[2052.938s][debug][gc,phases      ] GC(76)     Dead                           Min: 0, Avg:  0.0, Max: 0, Diff: 0, Sum: 0, Workers: 4
[2052.938s][debug][gc,phases      ] GC(76)     Total                          Min: 0, Avg:  0.0, Max: 0, Diff: 0, Sum: 0, Workers: 4
[2052.938s][debug][gc,phases      ] GC(76) Weak Processing 0.543ms
[2052.938s][debug][gc,age         ] GC(76) Desired survivor size 170393600 bytes, new threshold 15 (max threshold 15)
[2052.938s][info ][gc,heap        ] GC(76) PSYoungGen: 1892800K(1931776K)->109782K(1929728K) Eden: 1764352K(1764352K)->0K(1764352K) From: 128448K(167424K)->109782K(165376K)
[2052.938s][info ][gc,heap        ] GC(76) ParOldGen: 512614K(544768K)->524303K(544768K)
[2052.938s][info ][gc,metaspace   ] GC(76) Metaspace: 84118K(85248K)->84118K(85248K) NonClass: 72183K(72768K)->72183K(72768K) Class: 11934K(12480K)->11934K(12480K)
[2052.938s][info ][gc             ] GC(76) Pause Young (Allocation Failure) 2349M->619M(2416M) 28.526ms
[2052.938s][info ][gc,cpu         ] GC(76) User=0.07s Sys=0.01s Real=0.03s
[2052.938s][info ][safepoint      ] Safepoint "ParallelGCFailedAllocation", Time since last: 847203927 ns, Reaching safepoint: 112401 ns, At safepoint: 28609423 ns, Total: 28721824 ns
[2060.939s][info ][safepoint      ] Safepoint "Cleanup", Time since last: 8000616090 ns, Reaching safepoint: 55201 ns, At safepoint: 2700 ns, Total: 57901 ns
[2061.939s][info ][safepoint      ] Safepoint "Cleanup", Time since last: 1000119183 ns, Reaching safepoint: 47500 ns, At safepoint: 2800 ns, Total: 50300 ns
[2065.939s][info ][safepoint      ] Safepoint "Cleanup", Time since last: 4000340330 ns, Reaching safepoint: 55101 ns, At safepoint: 3700 ns, Total: 58801 ns
[2068.940s][info ][safepoint      ] Safepoint "Cleanup", Time since last: 3000255394 ns, Reaching safepoint: 52301 ns, At safepoint: 3100 ns, Total: 55401 ns
[2096.942s][info ][safepoint      ] Safepoint "Cleanup", Time since last: 28001959953 ns, Reaching safepoint: 56100 ns, At safepoint: 3100 ns, Total: 59200 ns
[2097.942s][info ][safepoint      ] Safepoint "Cleanup", Time since last: 1000126179 ns, Reaching safepoint: 94001 ns, At safepoint: 6100 ns, Total: 100101 ns
[2100.942s][info ][safepoint      ] Safepoint "Cleanup", Time since last: 3000239806 ns, Reaching safepoint: 115400 ns, At safepoint: 4400 ns, Total: 119800 ns
[2104.943s][info ][safepoint      ] Safepoint "Cleanup", Time since last: 4000274414 ns, Reaching safepoint: 61800 ns, At safepoint: 4400 ns, Total: 66200 ns
[2107.943s][info ][safepoint      ] Safepoint "Cleanup", Time since last: 3000276700 ns, Reaching safepoint: 59600 ns, At safepoint: 4400 ns, Total: 64000 ns
[2108.943s][info ][safepoint      ] Safepoint "Cleanup", Time since last: 1000118899 ns, Reaching safepoint: 52900 ns, At safepoint: 2900 ns, Total: 55800 ns
[2116.944s][info ][safepoint      ] Safepoint "Cleanup", Time since last: 8000549297 ns, Reaching safepoint: 52900 ns, At safepoint: 43101 ns, Total: 96001 ns
[2117.944s][info ][safepoint      ] Safepoint "Cleanup", Time since last: 1000125038 ns, Reaching safepoint: 47100 ns, At safepoint: 8200 ns, Total: 55300 ns
[2119.944s][info ][safepoint      ] Safepoint "Cleanup", Time since last: 2000188477 ns, Reaching safepoint: 44800 ns, At safepoint: 2700 ns, Total: 47500 ns
[2120.857s][info ][gc,start       ] GC(77) Pause Young (Allocation Failure)
[2120.894s][debug][gc,phases      ] GC(77) Scavenge 37.026ms
[2120.894s][debug][gc,ref         ] GC(77) Skipped phase 1 of Reference Processing: no references
[2120.894s][debug][gc,ref         ] GC(77) ReferenceProcessor::execute queues: 1, RefProcThreadModel::Single, marks_oops_alive: false
[2120.894s][debug][gc,ref         ] GC(77) Skipped phase 3 of Reference Processing: no references
[2120.894s][debug][gc,ref         ] GC(77) ReferenceProcessor::execute queues: 1, RefProcThreadModel::Single, marks_oops_alive: false
[2120.894s][debug][gc,phases      ] GC(77) Reference Processing 0.153ms
[2120.895s][debug][gc,phases      ] GC(77)   VM Weak                        Min:  0.0, Avg:  0.0, Max:  0.0, Diff:  0.0, Sum:  0.0, Workers: 4
[2120.895s][debug][gc,phases      ] GC(77)     Dead                           Min: 0, Avg:  0.0, Max: 0, Diff: 0, Sum: 0, Workers: 4
[2120.895s][debug][gc,phases      ] GC(77)     Total                          Min: 0, Avg: 238.5, Max: 570, Diff: 570, Sum: 954, Workers: 4
[2120.895s][debug][gc,phases      ] GC(77)   ObjectSynchronizer Weak        Min:  0.0, Avg:  0.0, Max:  0.0, Diff:  0.0, Sum:  0.0, Workers: 4
[2120.895s][debug][gc,phases      ] GC(77)     Dead                           Min: 0, Avg:  0.0, Max: 0, Diff: 0, Sum: 0, Workers: 4
[2120.895s][debug][gc,phases      ] GC(77)     Total                          Min: 0, Avg: 13.2, Max: 53, Diff: 53, Sum: 53, Workers: 4
[2120.895s][debug][gc,phases      ] GC(77)   JVMTI Tag Weak OopStorage      Min:  0.0, Avg:  0.0, Max:  0.0, Diff:  0.0, Sum:  0.0, Workers: 4
[2120.895s][debug][gc,phases      ] GC(77)     Dead                           Min: 0, Avg:  0.0, Max: 0, Diff: 0, Sum: 0, Workers: 4
[2120.895s][debug][gc,phases      ] GC(77)     Total                          Min: 0, Avg:  0.0, Max: 0, Diff: 0, Sum: 0, Workers: 4
[2120.895s][debug][gc,phases      ] GC(77)   StringTable Weak               Min:  0.0, Avg:  0.1, Max:  0.2, Diff:  0.2, Sum:  0.5, Workers: 4
[2120.895s][debug][gc,phases      ] GC(77)     Dead                           Min: 0, Avg:  0.0, Max: 0, Diff: 0, Sum: 0, Workers: 4
[2120.895s][debug][gc,phases      ] GC(77)     Total                          Min: 0, Avg: 11014.8, Max: 16476, Diff: 16476, Sum: 44059, Workers: 4
[2120.895s][debug][gc,phases      ] GC(77)   ResolvedMethodTable Weak       Min:  0.0, Avg:  0.0, Max:  0.0, Diff:  0.0, Sum:  0.1, Workers: 4
[2120.895s][debug][gc,phases      ] GC(77)     Dead                           Min: 0, Avg:  0.0, Max: 0, Diff: 0, Sum: 0, Workers: 4
[2120.895s][debug][gc,phases      ] GC(77)     Total                          Min: 0, Avg: 2479.0, Max: 3648, Diff: 3648, Sum: 9916, Workers: 4
[2120.895s][debug][gc,phases      ] GC(77)   JNI Weak                       Min:  0.0, Avg:  0.0, Max:  0.0, Diff:  0.0, Sum:  0.0, Workers: 4
[2120.895s][debug][gc,phases      ] GC(77)     Dead                           Min: 0, Avg:  0.0, Max: 0, Diff: 0, Sum: 0, Workers: 4
[2120.895s][debug][gc,phases      ] GC(77)     Total                          Min: 0, Avg: 11.2, Max: 45, Diff: 45, Sum: 45, Workers: 4
[2120.895s][debug][gc,phases      ] GC(77)   StringDedup Table Weak         Min:  0.0, Avg:  0.0, Max:  0.0, Diff:  0.0, Sum:  0.0, Workers: 4
[2120.895s][debug][gc,phases      ] GC(77)     Dead                           Min: 0, Avg:  0.0, Max: 0, Diff: 0, Sum: 0, Workers: 4
[2120.895s][debug][gc,phases      ] GC(77)     Total                          Min: 0, Avg:  0.0, Max: 0, Diff: 0, Sum: 0, Workers: 4
[2120.895s][debug][gc,phases      ] GC(77)   StringDedup Requests0 Weak     Min:  0.0, Avg:  0.0, Max:  0.0, Diff:  0.0, Sum:  0.0, Workers: 4
[2120.895s][debug][gc,phases      ] GC(77)     Dead                           Min: 0, Avg:  0.0, Max: 0, Diff: 0, Sum: 0, Workers: 4
[2120.895s][debug][gc,phases      ] GC(77)     Total                          Min: 0, Avg:  0.0, Max: 0, Diff: 0, Sum: 0, Workers: 4
[2120.895s][debug][gc,phases      ] GC(77)   StringDedup Requests1 Weak     Min:  0.0, Avg:  0.0, Max:  0.0, Diff:  0.0, Sum:  0.0, Workers: 4
[2120.895s][debug][gc,phases      ] GC(77)     Dead                           Min: 0, Avg:  0.0, Max: 0, Diff: 0, Sum: 0, Workers: 4
[2120.895s][debug][gc,phases      ] GC(77)     Total                          Min: 0, Avg:  0.0, Max: 0, Diff: 0, Sum: 0, Workers: 4
[2120.895s][debug][gc,phases      ] GC(77)   Weak JFR Old Object Samples    Min:  0.0, Avg:  0.0, Max:  0.0, Diff:  0.0, Sum:  0.0, Workers: 4
[2120.895s][debug][gc,phases      ] GC(77)     Dead                           Min: 0, Avg:  0.0, Max: 0, Diff: 0, Sum: 0, Workers: 4
[2120.895s][debug][gc,phases      ] GC(77)     Total                          Min: 0, Avg:  0.0, Max: 0, Diff: 0, Sum: 0, Workers: 4
[2120.895s][debug][gc,phases      ] GC(77) Weak Processing 0.401ms
[2120.895s][debug][gc,age         ] GC(77) Desired survivor size 171442176 bytes, new threshold 15 (max threshold 15)
[2120.895s][info ][gc,heap        ] GC(77) PSYoungGen: 1874134K(1929728K)->105636K(1928704K) Eden: 1764352K(1764352K)->0K(1762304K) From: 109782K(165376K)->105636K(166400K)
[2120.895s][info ][gc,heap        ] GC(77) ParOldGen: 524303K(544768K)->551879K(551936K)
[2120.895s][info ][gc,metaspace   ] GC(77) Metaspace: 84139K(85312K)->84139K(85312K) NonClass: 72205K(72832K)->72205K(72832K) Class: 11934K(12480K)->11934K(12480K)
[2120.895s][info ][gc             ] GC(77) Pause Young (Allocation Failure) 2342M->642M(2422M) 37.740ms
[2120.895s][info ][gc,cpu         ] GC(77) User=0.11s Sys=0.02s Real=0.04s
[2120.895s][debug][gc,phases      ] GC(78) Pre Compact 0.009ms
[2120.895s][info ][gc,start       ] GC(78) Pause Full (Ergonomics)
[2120.895s][info ][gc,phases,start] GC(78) Marking Phase
[2121.019s][debug][gc,phases      ] GC(78) Par Mark 124.014ms
[2121.019s][debug][gc,ref         ] GC(78) Skipped phase 1 of Reference Processing: no references
[2121.019s][debug][gc,ref         ] GC(78) ReferenceProcessor::execute queues: 4, RefProcThreadModel::Multi, marks_oops_alive: false
[2121.020s][debug][gc,ref         ] GC(78) Skipped phase 3 of Reference Processing: no references
[2121.020s][debug][gc,ref         ] GC(78) ReferenceProcessor::execute queues: 1, RefProcThreadModel::Single, marks_oops_alive: false
[2121.020s][debug][gc,phases      ] GC(78) Reference Processing 0.829ms
[2121.020s][debug][gc,phases      ] GC(78)   VM Weak                        Min:  0.0, Avg:  0.0, Max:  0.0, Diff:  0.0, Sum:  0.0, Workers: 4
[2121.020s][debug][gc,phases      ] GC(78)     Dead                           Min: 0, Avg:  0.0, Max: 0, Diff: 0, Sum: 0, Workers: 4
[2121.020s][debug][gc,phases      ] GC(78)     Total                          Min: 64, Avg: 238.5, Max: 442, Diff: 378, Sum: 954, Workers: 4
[2121.020s][debug][gc,phases      ] GC(78)   ObjectSynchronizer Weak        Min:  0.0, Avg:  0.0, Max:  0.0, Diff:  0.0, Sum:  0.0, Workers: 4
[2121.020s][debug][gc,phases      ] GC(78)     Dead                           Min: 0, Avg:  0.0, Max: 0, Diff: 0, Sum: 0, Workers: 4
[2121.020s][debug][gc,phases      ] GC(78)     Total                          Min: 0, Avg: 13.2, Max: 53, Diff: 53, Sum: 53, Workers: 4
[2121.020s][debug][gc,phases      ] GC(78)   JVMTI Tag Weak OopStorage      Min:  0.0, Avg:  0.0, Max:  0.0, Diff:  0.0, Sum:  0.0, Workers: 4
[2121.020s][debug][gc,phases      ] GC(78)     Dead                           Min: 0, Avg:  0.0, Max: 0, Diff: 0, Sum: 0, Workers: 4
[2121.020s][debug][gc,phases      ] GC(78)     Total                          Min: 0, Avg:  0.0, Max: 0, Diff: 0, Sum: 0, Workers: 4
[2121.020s][debug][gc,phases      ] GC(78)   StringTable Weak               Min:  0.2, Avg:  0.2, Max:  0.2, Diff:  0.0, Sum:  0.6, Workers: 4
[2121.020s][debug][gc,phases      ] GC(78)     Dead                           Min: 0, Avg:  0.0, Max: 0, Diff: 0, Sum: 0, Workers: 4
[2121.020s][debug][gc,phases      ] GC(78)     Total                          Min: 9983, Avg: 11014.8, Max: 11584, Diff: 1601, Sum: 44059, Workers: 4
[2121.020s][debug][gc,phases      ] GC(78)   ResolvedMethodTable Weak       Min:  0.0, Avg:  0.0, Max:  0.1, Diff:  0.0, Sum:  0.2, Workers: 4
[2121.020s][debug][gc,phases      ] GC(78)     Dead                           Min: 0, Avg:  0.0, Max: 0, Diff: 0, Sum: 0, Workers: 4
[2121.020s][debug][gc,phases      ] GC(78)     Total                          Min: 2300, Avg: 2479.0, Max: 2624, Diff: 324, Sum: 9916, Workers: 4
[2121.020s][debug][gc,phases      ] GC(78)   JNI Weak                       Min:  0.0, Avg:  0.0, Max:  0.0, Diff:  0.0, Sum:  0.0, Workers: 4
[2121.020s][debug][gc,phases      ] GC(78)     Dead                           Min: 0, Avg:  0.0, Max: 0, Diff: 0, Sum: 0, Workers: 4
[2121.020s][debug][gc,phases      ] GC(78)     Total                          Min: 0, Avg: 11.2, Max: 45, Diff: 45, Sum: 45, Workers: 4
[2121.020s][debug][gc,phases      ] GC(78)   StringDedup Table Weak         Min:  0.0, Avg:  0.0, Max:  0.0, Diff:  0.0, Sum:  0.0, Workers: 4
[2121.020s][debug][gc,phases      ] GC(78)     Dead                           Min: 0, Avg:  0.0, Max: 0, Diff: 0, Sum: 0, Workers: 4
[2121.020s][debug][gc,phases      ] GC(78)     Total                          Min: 0, Avg:  0.0, Max: 0, Diff: 0, Sum: 0, Workers: 4
[2121.020s][debug][gc,phases      ] GC(78)   StringDedup Requests0 Weak     Min:  0.0, Avg:  0.0, Max:  0.0, Diff:  0.0, Sum:  0.0, Workers: 4
[2121.020s][debug][gc,phases      ] GC(78)     Dead                           Min: 0, Avg:  0.0, Max: 0, Diff: 0, Sum: 0, Workers: 4
[2121.020s][debug][gc,phases      ] GC(78)     Total                          Min: 0, Avg:  0.0, Max: 0, Diff: 0, Sum: 0, Workers: 4
[2121.020s][debug][gc,phases      ] GC(78)   StringDedup Requests1 Weak     Min:  0.0, Avg:  0.0, Max:  0.0, Diff:  0.0, Sum:  0.0, Workers: 4
[2121.020s][debug][gc,phases      ] GC(78)     Dead                           Min: 0, Avg:  0.0, Max: 0, Diff: 0, Sum: 0, Workers: 4
[2121.020s][debug][gc,phases      ] GC(78)     Total                          Min: 0, Avg:  0.0, Max: 0, Diff: 0, Sum: 0, Workers: 4
[2121.020s][debug][gc,phases      ] GC(78)   Weak JFR Old Object Samples    Min:  0.0, Avg:  0.0, Max:  0.0, Diff:  0.0, Sum:  0.0, Workers: 4
[2121.020s][debug][gc,phases      ] GC(78)     Dead                           Min: 0, Avg:  0.0, Max: 0, Diff: 0, Sum: 0, Workers: 4
[2121.020s][debug][gc,phases      ] GC(78)     Total                          Min: 0, Avg:  0.0, Max: 0, Diff: 0, Sum: 0, Workers: 4
[2121.020s][debug][gc,phases      ] GC(78) Weak Processing 0.380ms
[2121.020s][debug][gc,phases      ] GC(78) ClassLoaderData 0.114ms
[2121.020s][debug][gc,phases      ] GC(78) Trigger cleanups 0.000ms
[2121.044s][debug][gc,phases      ] GC(78) Class Unloading 23.461ms
[2121.044s][info ][gc,phases      ] GC(78) Marking Phase 148.931ms
[2121.044s][info ][gc,phases,start] GC(78) Summary Phase
[2121.044s][info ][gc,phases      ] GC(78) Summary Phase 0.019ms
[2121.044s][info ][gc,phases,start] GC(78) Adjust Roots
[2121.060s][info ][gc,phases      ] GC(78) Adjust Roots 16.556ms
[2121.060s][info ][gc,phases,start] GC(78) Compaction Phase
[2121.203s][info ][gc,phases      ] GC(78) Compaction Phase 142.973ms
[2121.203s][info ][gc,phases,start] GC(78) Post Compact
[2121.206s][info ][gc,phases      ] GC(78) Post Compact 2.725ms
[2121.206s][info ][gc,heap        ] GC(78) PSYoungGen: 105636K(1928704K)->0K(1929728K) Eden: 0K(1762304K)->0K(1762304K) From: 105636K(166400K)->0K(167424K)
[2121.206s][info ][gc,heap        ] GC(78) ParOldGen: 551879K(551936K)->425824K(527360K)
[2121.206s][info ][gc,metaspace   ] GC(78) Metaspace: 84139K(85312K)->84139K(85312K) NonClass: 72205K(72832K)->72205K(72832K) Class: 11934K(12480K)->11934K(12480K)
[2121.206s][info ][gc             ] GC(78) Pause Full (Ergonomics) 642M->415M(2399M) 311.707ms
[2121.206s][info ][gc,cpu         ] GC(78) User=0.97s Sys=0.00s Real=0.32s
[2121.207s][info ][safepoint      ] Safepoint "ParallelGCFailedAllocation", Time since last: 912612796 ns, Reaching safepoint: 31101 ns, At safepoint: 349580865 ns, Total: 349611966 ns
[2122.207s][info ][safepoint      ] Safepoint "Cleanup", Time since last: 1000101638 ns, Reaching safepoint: 121401 ns, At safepoint: 8000 ns, Total: 129401 ns
[2158.210s][info ][safepoint      ] Safepoint "Cleanup", Time since last: 36002643151 ns, Reaching safepoint: 117900 ns, At safepoint: 5100 ns, Total: 123000 ns
[2159.210s][info ][safepoint      ] Safepoint "Cleanup", Time since last: 1000116115 ns, Reaching safepoint: 125501 ns, At safepoint: 8900 ns, Total: 134401 ns
[2180.211s][info ][safepoint      ] Safepoint "Cleanup", Time since last: 21001383751 ns, Reaching safepoint: 45500 ns, At safepoint: 2600 ns, Total: 48100 ns
[2182.211s][info ][safepoint      ] Safepoint "Cleanup", Time since last: 2000169893 ns, Reaching safepoint: 43400 ns, At safepoint: 11500 ns, Total: 54900 ns
[2185.859s][info ][gc,start       ] GC(79) Pause Young (Allocation Failure)
[2185.866s][debug][gc,phases      ] GC(79) Scavenge 7.685ms
[2185.866s][debug][gc,ref         ] GC(79) Skipped phase 1 of Reference Processing: no references
[2185.866s][debug][gc,ref         ] GC(79) Skipped phase 2 of Reference Processing: no references
[2185.866s][debug][gc,ref         ] GC(79) Skipped phase 3 of Reference Processing: no references
[2185.867s][debug][gc,ref         ] GC(79) ReferenceProcessor::execute queues: 1, RefProcThreadModel::Single, marks_oops_alive: false
[2185.867s][debug][gc,phases      ] GC(79) Reference Processing 0.098ms
[2185.867s][debug][gc,phases      ] GC(79)   VM Weak                        Min:  0.0, Avg:  0.0, Max:  0.0, Diff:  0.0, Sum:  0.0, Workers: 4
[2185.867s][debug][gc,phases      ] GC(79)     Dead                           Min: 0, Avg:  0.0, Max: 0, Diff: 0, Sum: 0, Workers: 4
[2185.867s][debug][gc,phases      ] GC(79)     Total                          Min: 0, Avg: 238.5, Max: 576, Diff: 576, Sum: 954, Workers: 4
[2185.867s][debug][gc,phases      ] GC(79)   ObjectSynchronizer Weak        Min:  0.0, Avg:  0.0, Max:  0.0, Diff:  0.0, Sum:  0.0, Workers: 4
[2185.867s][debug][gc,phases      ] GC(79)     Dead                           Min: 0, Avg:  0.0, Max: 0, Diff: 0, Sum: 0, Workers: 4
[2185.867s][debug][gc,phases      ] GC(79)     Total                          Min: 0, Avg: 13.2, Max: 53, Diff: 53, Sum: 53, Workers: 4
[2185.867s][debug][gc,phases      ] GC(79)   JVMTI Tag Weak OopStorage      Min:  0.0, Avg:  0.0, Max:  0.0, Diff:  0.0, Sum:  0.0, Workers: 4
[2185.867s][debug][gc,phases      ] GC(79)     Dead                           Min: 0, Avg:  0.0, Max: 0, Diff: 0, Sum: 0, Workers: 4
[2185.867s][debug][gc,phases      ] GC(79)     Total                          Min: 0, Avg:  0.0, Max: 0, Diff: 0, Sum: 0, Workers: 4
[2185.867s][debug][gc,phases      ] GC(79)   StringTable Weak               Min:  0.0, Avg:  0.1, Max:  0.1, Diff:  0.1, Sum:  0.4, Workers: 4
[2185.867s][debug][gc,phases      ] GC(79)     Dead                           Min: 0, Avg:  0.0, Max: 0, Diff: 0, Sum: 0, Workers: 4
[2185.867s][debug][gc,phases      ] GC(79)     Total                          Min: 0, Avg: 11014.8, Max: 17600, Diff: 17600, Sum: 44059, Workers: 4
[2185.867s][debug][gc,phases      ] GC(79)   ResolvedMethodTable Weak       Min:  0.0, Avg:  0.0, Max:  0.0, Diff:  0.0, Sum:  0.1, Workers: 4
[2185.867s][debug][gc,phases      ] GC(79)     Dead                           Min: 0, Avg:  0.0, Max: 0, Diff: 0, Sum: 0, Workers: 4
[2185.867s][debug][gc,phases      ] GC(79)     Total                          Min: 0, Avg: 2479.0, Max: 4160, Diff: 4160, Sum: 9916, Workers: 4
[2185.867s][debug][gc,phases      ] GC(79)   JNI Weak                       Min:  0.0, Avg:  0.0, Max:  0.0, Diff:  0.0, Sum:  0.0, Workers: 4
[2185.867s][debug][gc,phases      ] GC(79)     Dead                           Min: 0, Avg:  0.0, Max: 0, Diff: 0, Sum: 0, Workers: 4
[2185.867s][debug][gc,phases      ] GC(79)     Total                          Min: 0, Avg: 11.2, Max: 45, Diff: 45, Sum: 45, Workers: 4
[2185.867s][debug][gc,phases      ] GC(79)   StringDedup Table Weak         Min:  0.0, Avg:  0.0, Max:  0.0, Diff:  0.0, Sum:  0.0, Workers: 4
[2185.867s][debug][gc,phases      ] GC(79)     Dead                           Min: 0, Avg:  0.0, Max: 0, Diff: 0, Sum: 0, Workers: 4
[2185.867s][debug][gc,phases      ] GC(79)     Total                          Min: 0, Avg:  0.0, Max: 0, Diff: 0, Sum: 0, Workers: 4
[2185.867s][debug][gc,phases      ] GC(79)   StringDedup Requests0 Weak     Min:  0.0, Avg:  0.0, Max:  0.0, Diff:  0.0, Sum:  0.0, Workers: 4
[2185.867s][debug][gc,phases      ] GC(79)     Dead                           Min: 0, Avg:  0.0, Max: 0, Diff: 0, Sum: 0, Workers: 4
[2185.867s][debug][gc,phases      ] GC(79)     Total                          Min: 0, Avg:  0.0, Max: 0, Diff: 0, Sum: 0, Workers: 4
[2185.867s][debug][gc,phases      ] GC(79)   StringDedup Requests1 Weak     Min:  0.0, Avg:  0.0, Max:  0.0, Diff:  0.0, Sum:  0.0, Workers: 4
[2185.867s][debug][gc,phases      ] GC(79)     Dead                           Min: 0, Avg:  0.0, Max: 0, Diff: 0, Sum: 0, Workers: 4
[2185.867s][debug][gc,phases      ] GC(79)     Total                          Min: 0, Avg:  0.0, Max: 0, Diff: 0, Sum: 0, Workers: 4
[2185.867s][debug][gc,phases      ] GC(79)   Weak JFR Old Object Samples    Min:  0.0, Avg:  0.0, Max:  0.0, Diff:  0.0, Sum:  0.0, Workers: 4
[2185.867s][debug][gc,phases      ] GC(79)     Dead                           Min: 0, Avg:  0.0, Max: 0, Diff: 0, Sum: 0, Workers: 4
[2185.867s][debug][gc,phases      ] GC(79)     Total                          Min: 0, Avg:  0.0, Max: 0, Diff: 0, Sum: 0, Workers: 4
[2185.867s][debug][gc,phases      ] GC(79) Weak Processing 0.345ms
[2185.867s][debug][gc,age         ] GC(79) Desired survivor size 186646528 bytes, new threshold 15 (max threshold 15)
[2185.867s][info ][gc,heap        ] GC(79) PSYoungGen: 1762304K(1929728K)->19248K(1900032K) Eden: 1762304K(1762304K)->0K(1732608K) From: 0K(167424K)->19248K(167424K)
[2185.867s][info ][gc,heap        ] GC(79) ParOldGen: 425824K(527360K)->425824K(527360K)
[2185.867s][info ][gc,metaspace   ] GC(79) Metaspace: 84139K(85312K)->84139K(85312K) NonClass: 72205K(72832K)->72205K(72832K) Class: 11934K(12480K)->11934K(12480K)
[2185.867s][info ][gc             ] GC(79) Pause Young (Allocation Failure) 2136M->434M(2370M) 8.282ms
[2185.867s][info ][gc,cpu         ] GC(79) User=0.03s Sys=0.00s Real=0.01s
[2185.867s][info ][safepoint      ] Safepoint "ParallelGCFailedAllocation", Time since last: 3647192503 ns, Reaching safepoint: 24600 ns, At safepoint: 8352864 ns, Total: 8377464 ns
[2192.868s][info ][safepoint      ] Safepoint "Cleanup", Time since last: 7000479963 ns, Reaching safepoint: 49600 ns, At safepoint: 4100 ns, Total: 53700 ns
[2197.868s][info ][safepoint      ] Safepoint "Cleanup", Time since last: 5000385162 ns, Reaching safepoint: 42000 ns, At safepoint: 29600 ns, Total: 71600 ns
[2229.870s][info ][safepoint      ] Safepoint "Cleanup", Time since last: 32002234298 ns, Reaching safepoint: 54001 ns, At safepoint: 3300 ns, Total: 57301 ns
[2257.872s][info ][safepoint      ] Safepoint "Cleanup", Time since last: 28001938670 ns, Reaching safepoint: 42400 ns, At safepoint: 2300 ns, Total: 44700 ns
[2263.010s][info ][gc,start       ] GC(80) Pause Young (Allocation Failure)
[2263.016s][debug][gc,phases      ] GC(80) Scavenge 6.288ms
[2263.016s][debug][gc,ref         ] GC(80) Skipped phase 1 of Reference Processing: no references
[2263.016s][debug][gc,ref         ] GC(80) Skipped phase 2 of Reference Processing: no references
[2263.016s][debug][gc,ref         ] GC(80) Skipped phase 3 of Reference Processing: no references
[2263.016s][debug][gc,ref         ] GC(80) ReferenceProcessor::execute queues: 1, RefProcThreadModel::Single, marks_oops_alive: false
[2263.016s][debug][gc,phases      ] GC(80) Reference Processing 0.098ms
[2263.016s][debug][gc,phases      ] GC(80)   VM Weak                        Min:  0.0, Avg:  0.0, Max:  0.0, Diff:  0.0, Sum:  0.0, Workers: 4
[2263.016s][debug][gc,phases      ] GC(80)     Dead                           Min: 0, Avg:  0.0, Max: 0, Diff: 0, Sum: 0, Workers: 4
[2263.016s][debug][gc,phases      ] GC(80)     Total                          Min: 0, Avg: 238.5, Max: 576, Diff: 576, Sum: 954, Workers: 4
[2263.016s][debug][gc,phases      ] GC(80)   ObjectSynchronizer Weak        Min:  0.0, Avg:  0.0, Max:  0.0, Diff:  0.0, Sum:  0.0, Workers: 4
[2263.016s][debug][gc,phases      ] GC(80)     Dead                           Min: 0, Avg:  0.0, Max: 0, Diff: 0, Sum: 0, Workers: 4
[2263.016s][debug][gc,phases      ] GC(80)     Total                          Min: 0, Avg: 13.2, Max: 53, Diff: 53, Sum: 53, Workers: 4
[2263.016s][debug][gc,phases      ] GC(80)   JVMTI Tag Weak OopStorage      Min:  0.0, Avg:  0.0, Max:  0.0, Diff:  0.0, Sum:  0.0, Workers: 4
[2263.016s][debug][gc,phases      ] GC(80)     Dead                           Min: 0, Avg:  0.0, Max: 0, Diff: 0, Sum: 0, Workers: 4
[2263.016s][debug][gc,phases      ] GC(80)     Total                          Min: 0, Avg:  0.0, Max: 0, Diff: 0, Sum: 0, Workers: 4
[2263.016s][debug][gc,phases      ] GC(80)   StringTable Weak               Min:  0.0, Avg:  0.1, Max:  0.1, Diff:  0.1, Sum:  0.4, Workers: 4
[2263.016s][debug][gc,phases      ] GC(80)     Dead                           Min: 0, Avg:  0.0, Max: 0, Diff: 0, Sum: 0, Workers: 4
[2263.016s][debug][gc,phases      ] GC(80)     Total                          Min: 0, Avg: 11014.8, Max: 19007, Diff: 19007, Sum: 44059, Workers: 4
[2263.016s][debug][gc,phases      ] GC(80)   ResolvedMethodTable Weak       Min:  0.0, Avg:  0.0, Max:  0.0, Diff:  0.0, Sum:  0.1, Workers: 4
[2263.016s][debug][gc,phases      ] GC(80)     Dead                           Min: 0, Avg:  0.0, Max: 0, Diff: 0, Sum: 0, Workers: 4
[2263.016s][debug][gc,phases      ] GC(80)     Total                          Min: 0, Avg: 2479.0, Max: 3516, Diff: 3516, Sum: 9916, Workers: 4
[2263.016s][debug][gc,phases      ] GC(80)   JNI Weak                       Min:  0.0, Avg:  0.0, Max:  0.0, Diff:  0.0, Sum:  0.0, Workers: 4
[2263.016s][debug][gc,phases      ] GC(80)     Dead                           Min: 0, Avg:  0.0, Max: 0, Diff: 0, Sum: 0, Workers: 4
[2263.016s][debug][gc,phases      ] GC(80)     Total                          Min: 0, Avg: 11.2, Max: 45, Diff: 45, Sum: 45, Workers: 4
[2263.016s][debug][gc,phases      ] GC(80)   StringDedup Table Weak         Min:  0.0, Avg:  0.0, Max:  0.0, Diff:  0.0, Sum:  0.0, Workers: 4
[2263.016s][debug][gc,phases      ] GC(80)     Dead                           Min: 0, Avg:  0.0, Max: 0, Diff: 0, Sum: 0, Workers: 4
[2263.016s][debug][gc,phases      ] GC(80)     Total                          Min: 0, Avg:  0.0, Max: 0, Diff: 0, Sum: 0, Workers: 4
[2263.016s][debug][gc,phases      ] GC(80)   StringDedup Requests0 Weak     Min:  0.0, Avg:  0.0, Max:  0.0, Diff:  0.0, Sum:  0.0, Workers: 4
[2263.016s][debug][gc,phases      ] GC(80)     Dead                           Min: 0, Avg:  0.0, Max: 0, Diff: 0, Sum: 0, Workers: 4
[2263.017s][debug][gc,phases      ] GC(80)     Total                          Min: 0, Avg:  0.0, Max: 0, Diff: 0, Sum: 0, Workers: 4
[2263.017s][debug][gc,phases      ] GC(80)   StringDedup Requests1 Weak     Min:  0.0, Avg:  0.0, Max:  0.0, Diff:  0.0, Sum:  0.0, Workers: 4
[2263.017s][debug][gc,phases      ] GC(80)     Dead                           Min: 0, Avg:  0.0, Max: 0, Diff: 0, Sum: 0, Workers: 4
[2263.017s][debug][gc,phases      ] GC(80)     Total                          Min: 0, Avg:  0.0, Max: 0, Diff: 0, Sum: 0, Workers: 4
[2263.017s][debug][gc,phases      ] GC(80)   Weak JFR Old Object Samples    Min:  0.0, Avg:  0.0, Max:  0.0, Diff:  0.0, Sum:  0.0, Workers: 4
[2263.017s][debug][gc,phases      ] GC(80)     Dead                           Min: 0, Avg:  0.0, Max: 0, Diff: 0, Sum: 0, Workers: 4
[2263.017s][debug][gc,phases      ] GC(80)     Total                          Min: 0, Avg:  0.0, Max: 0, Diff: 0, Sum: 0, Workers: 4
[2263.017s][debug][gc,phases      ] GC(80) Weak Processing 0.331ms
[2263.017s][debug][gc,age         ] GC(80) Desired survivor size 197656576 bytes, new threshold 15 (max threshold 15)
[2263.017s][info ][gc,heap        ] GC(80) PSYoungGen: 1751856K(1900032K)->19024K(1752064K) Eden: 1732608K(1732608K)->0K(1732608K) From: 19248K(167424K)->19024K(19456K)
[2263.017s][info ][gc,heap        ] GC(80) ParOldGen: 425824K(527360K)->425824K(527360K)
[2263.017s][info ][gc,metaspace   ] GC(80) Metaspace: 84139K(85312K)->84139K(85312K) NonClass: 72205K(72832K)->72205K(72832K) Class: 11934K(12480K)->11934K(12480K)
[2263.017s][info ][gc             ] GC(80) Pause Young (Allocation Failure) 2126M->434M(2226M) 6.836ms
[2263.017s][info ][gc,cpu         ] GC(80) User=0.03s Sys=0.00s Real=0.00s
[2263.017s][info ][safepoint      ] Safepoint "ParallelGCFailedAllocation", Time since last: 5137369675 ns, Reaching safepoint: 59901 ns, At safepoint: 6928052 ns, Total: 6987953 ns
[2266.017s][info ][safepoint      ] Safepoint "Cleanup", Time since last: 3000237675 ns, Reaching safepoint: 49200 ns, At safepoint: 4600 ns, Total: 53800 ns
[2278.018s][info ][safepoint      ] Safepoint "Cleanup", Time since last: 12000842397 ns, Reaching safepoint: 60100 ns, At safepoint: 10600 ns, Total: 70700 ns
[2283.018s][info ][safepoint      ] Safepoint "Cleanup", Time since last: 5000346890 ns, Reaching safepoint: 45500 ns, At safepoint: 3000 ns, Total: 48500 ns
[2284.018s][info ][safepoint      ] Safepoint "Cleanup", Time since last: 1000113874 ns, Reaching safepoint: 57200 ns, At safepoint: 2600 ns, Total: 59800 ns
[2288.019s][info ][safepoint      ] Safepoint "Cleanup", Time since last: 4000312304 ns, Reaching safepoint: 48500 ns, At safepoint: 2300 ns, Total: 50800 ns
[2290.019s][info ][safepoint      ] Safepoint "Cleanup", Time since last: 2000173153 ns, Reaching safepoint: 42700 ns, At safepoint: 3600 ns, Total: 46300 ns
[2299.020s][info ][safepoint      ] Safepoint "Cleanup", Time since last: 9000610689 ns, Reaching safepoint: 55001 ns, At safepoint: 3700 ns, Total: 58701 ns
[2301.020s][info ][safepoint      ] Safepoint "Cleanup", Time since last: 2000204816 ns, Reaching safepoint: 43600 ns, At safepoint: 3400 ns, Total: 47000 ns
[2315.021s][info ][safepoint      ] Safepoint "Cleanup", Time since last: 14000940354 ns, Reaching safepoint: 51101 ns, At safepoint: 7300 ns, Total: 58401 ns
[2329.595s][info ][gc,start       ] GC(81) Pause Young (Allocation Failure)
[2329.612s][debug][gc,phases      ] GC(81) Scavenge 17.189ms
[2329.612s][debug][gc,ref         ] GC(81) Skipped phase 1 of Reference Processing: no references
[2329.612s][debug][gc,ref         ] GC(81) ReferenceProcessor::execute queues: 1, RefProcThreadModel::Single, marks_oops_alive: false
[2329.612s][debug][gc,ref         ] GC(81) Skipped phase 3 of Reference Processing: no references
[2329.613s][debug][gc,ref         ] GC(81) ReferenceProcessor::execute queues: 1, RefProcThreadModel::Single, marks_oops_alive: false
[2329.613s][debug][gc,phases      ] GC(81) Reference Processing 0.118ms
[2329.613s][debug][gc,phases      ] GC(81)   VM Weak                        Min:  0.0, Avg:  0.0, Max:  0.0, Diff:  0.0, Sum:  0.0, Workers: 4
[2329.613s][debug][gc,phases      ] GC(81)     Dead                           Min: 0, Avg:  0.0, Max: 0, Diff: 0, Sum: 0, Workers: 4
[2329.613s][debug][gc,phases      ] GC(81)     Total                          Min: 0, Avg: 238.5, Max: 506, Diff: 506, Sum: 954, Workers: 4
[2329.613s][debug][gc,phases      ] GC(81)   ObjectSynchronizer Weak        Min:  0.0, Avg:  0.0, Max:  0.0, Diff:  0.0, Sum:  0.0, Workers: 4
[2329.613s][debug][gc,phases      ] GC(81)     Dead                           Min: 0, Avg:  0.0, Max: 0, Diff: 0, Sum: 0, Workers: 4
[2329.613s][debug][gc,phases      ] GC(81)     Total                          Min: 0, Avg: 13.2, Max: 53, Diff: 53, Sum: 53, Workers: 4
[2329.613s][debug][gc,phases      ] GC(81)   JVMTI Tag Weak OopStorage      Min:  0.0, Avg:  0.0, Max:  0.0, Diff:  0.0, Sum:  0.0, Workers: 4
[2329.613s][debug][gc,phases      ] GC(81)     Dead                           Min: 0, Avg:  0.0, Max: 0, Diff: 0, Sum: 0, Workers: 4
[2329.613s][debug][gc,phases      ] GC(81)     Total                          Min: 0, Avg:  0.0, Max: 0, Diff: 0, Sum: 0, Workers: 4
[2329.613s][debug][gc,phases      ] GC(81)   StringTable Weak               Min:  0.0, Avg:  0.1, Max:  0.1, Diff:  0.1, Sum:  0.4, Workers: 4
[2329.613s][debug][gc,phases      ] GC(81)     Dead                           Min: 0, Avg:  0.0, Max: 0, Diff: 0, Sum: 0, Workers: 4
[2329.613s][debug][gc,phases      ] GC(81)     Total                          Min: 0, Avg: 11014.8, Max: 15068, Diff: 15068, Sum: 44059, Workers: 4
[2329.613s][debug][gc,phases      ] GC(81)   ResolvedMethodTable Weak       Min:  0.0, Avg:  0.0, Max:  0.0, Diff:  0.0, Sum:  0.1, Workers: 4
[2329.613s][debug][gc,phases      ] GC(81)     Dead                           Min: 0, Avg:  0.0, Max: 0, Diff: 0, Sum: 0, Workers: 4
[2329.613s][debug][gc,phases      ] GC(81)     Total                          Min: 0, Avg: 2479.0, Max: 3328, Diff: 3328, Sum: 9916, Workers: 4
[2329.613s][debug][gc,phases      ] GC(81)   JNI Weak                       Min:  0.0, Avg:  0.0, Max:  0.0, Diff:  0.0, Sum:  0.0, Workers: 4
[2329.613s][debug][gc,phases      ] GC(81)     Dead                           Min: 0, Avg:  0.0, Max: 0, Diff: 0, Sum: 0, Workers: 4
[2329.613s][debug][gc,phases      ] GC(81)     Total                          Min: 0, Avg: 11.2, Max: 45, Diff: 45, Sum: 45, Workers: 4
[2329.613s][debug][gc,phases      ] GC(81)   StringDedup Table Weak         Min:  0.0, Avg:  0.0, Max:  0.0, Diff:  0.0, Sum:  0.0, Workers: 4
[2329.613s][debug][gc,phases      ] GC(81)     Dead                           Min: 0, Avg:  0.0, Max: 0, Diff: 0, Sum: 0, Workers: 4
[2329.613s][debug][gc,phases      ] GC(81)     Total                          Min: 0, Avg:  0.0, Max: 0, Diff: 0, Sum: 0, Workers: 4
[2329.613s][debug][gc,phases      ] GC(81)   StringDedup Requests0 Weak     Min:  0.0, Avg:  0.0, Max:  0.0, Diff:  0.0, Sum:  0.0, Workers: 4
[2329.613s][debug][gc,phases      ] GC(81)     Dead                           Min: 0, Avg:  0.0, Max: 0, Diff: 0, Sum: 0, Workers: 4
[2329.613s][debug][gc,phases      ] GC(81)     Total                          Min: 0, Avg:  0.0, Max: 0, Diff: 0, Sum: 0, Workers: 4
[2329.613s][debug][gc,phases      ] GC(81)   StringDedup Requests1 Weak     Min:  0.0, Avg:  0.0, Max:  0.0, Diff:  0.0, Sum:  0.0, Workers: 4
[2329.613s][debug][gc,phases      ] GC(81)     Dead                           Min: 0, Avg:  0.0, Max: 0, Diff: 0, Sum: 0, Workers: 4
[2329.613s][debug][gc,phases      ] GC(81)     Total                          Min: 0, Avg:  0.0, Max: 0, Diff: 0, Sum: 0, Workers: 4
[2329.613s][debug][gc,phases      ] GC(81)   Weak JFR Old Object Samples    Min:  0.0, Avg:  0.0, Max:  0.0, Diff:  0.0, Sum:  0.0, Workers: 4
[2329.613s][debug][gc,phases      ] GC(81)     Dead                           Min: 0, Avg:  0.0, Max: 0, Diff: 0, Sum: 0, Workers: 4
[2329.613s][debug][gc,phases      ] GC(81)     Total                          Min: 0, Avg:  0.0, Max: 0, Diff: 0, Sum: 0, Workers: 4
[2329.613s][debug][gc,phases      ] GC(81) Weak Processing 0.351ms
[2329.613s][debug][gc,age         ] GC(81) Desired survivor size 199229440 bytes, new threshold 15 (max threshold 15)
[2329.613s][info ][gc,heap        ] GC(81) PSYoungGen: 1751632K(1752064K)->49216K(1901056K) Eden: 1732608K(1732608K)->0K(1708032K) From: 19024K(19456K)->49216K(193024K)
[2329.613s][info ][gc,heap        ] GC(81) ParOldGen: 425824K(527360K)->425824K(527360K)
[2329.613s][info ][gc,metaspace   ] GC(81) Metaspace: 84141K(85312K)->84141K(85312K) NonClass: 72206K(72832K)->72206K(72832K) Class: 11934K(12480K)->11934K(12480K)
[2329.613s][info ][gc             ] GC(81) Pause Young (Allocation Failure) 2126M->463M(2371M) 17.778ms
[2329.613s][info ][gc,cpu         ] GC(81) User=0.05s Sys=0.00s Real=0.02s
[2329.613s][info ][safepoint      ] Safepoint "ParallelGCFailedAllocation", Time since last: 14574169191 ns, Reaching safepoint: 40800 ns, At safepoint: 17839538 ns, Total: 17880338 ns
[2335.613s][info ][safepoint      ] Safepoint "Cleanup", Time since last: 6000405882 ns, Reaching safepoint: 57300 ns, At safepoint: 42801 ns, Total: 100101 ns
[2358.615s][info ][safepoint      ] Safepoint "Cleanup", Time since last: 23001473684 ns, Reaching safepoint: 46900 ns, At safepoint: 4400 ns, Total: 51300 ns
[2360.615s][info ][safepoint      ] Safepoint "Cleanup", Time since last: 2000181236 ns, Reaching safepoint: 34601 ns, At safepoint: 4800 ns, Total: 39401 ns
[2363.615s][info ][safepoint      ] Safepoint "Cleanup", Time since last: 3000243845 ns, Reaching safepoint: 46401 ns, At safepoint: 8400 ns, Total: 54801 ns
[2395.618s][info ][safepoint      ] Safepoint "Cleanup", Time since last: 32002144741 ns, Reaching safepoint: 47701 ns, At safepoint: 5700 ns, Total: 53401 ns
[2397.618s][info ][safepoint      ] Safepoint "Cleanup", Time since last: 2000182874 ns, Reaching safepoint: 50000 ns, At safepoint: 3700 ns, Total: 53700 ns
[2399.095s][info ][gc,start       ] GC(82) Pause Young (Allocation Failure)
[2399.107s][debug][gc,phases      ] GC(82) Scavenge 12.280ms
[2399.107s][debug][gc,ref         ] GC(82) Skipped phase 1 of Reference Processing: no references
[2399.107s][debug][gc,ref         ] GC(82) ReferenceProcessor::execute queues: 1, RefProcThreadModel::Single, marks_oops_alive: false
[2399.107s][debug][gc,ref         ] GC(82) Skipped phase 3 of Reference Processing: no references
[2399.107s][debug][gc,ref         ] GC(82) ReferenceProcessor::execute queues: 1, RefProcThreadModel::Single, marks_oops_alive: false
[2399.107s][debug][gc,phases      ] GC(82) Reference Processing 0.138ms
[2399.108s][debug][gc,phases      ] GC(82)   VM Weak                        Min:  0.0, Avg:  0.0, Max:  0.0, Diff:  0.0, Sum:  0.0, Workers: 4
[2399.108s][debug][gc,phases      ] GC(82)     Dead                           Min: 0, Avg:  0.0, Max: 0, Diff: 0, Sum: 0, Workers: 4
[2399.108s][debug][gc,phases      ] GC(82)     Total                          Min: 122, Avg: 238.5, Max: 384, Diff: 262, Sum: 954, Workers: 4
[2399.108s][debug][gc,phases      ] GC(82)   ObjectSynchronizer Weak        Min:  0.0, Avg:  0.0, Max:  0.0, Diff:  0.0, Sum:  0.0, Workers: 4
[2399.108s][debug][gc,phases      ] GC(82)     Dead                           Min: 0, Avg:  0.0, Max: 0, Diff: 0, Sum: 0, Workers: 4
[2399.108s][debug][gc,phases      ] GC(82)     Total                          Min: 0, Avg: 13.2, Max: 53, Diff: 53, Sum: 53, Workers: 4
[2399.108s][debug][gc,phases      ] GC(82)   JVMTI Tag Weak OopStorage      Min:  0.0, Avg:  0.0, Max:  0.0, Diff:  0.0, Sum:  0.0, Workers: 4
[2399.108s][debug][gc,phases      ] GC(82)     Dead                           Min: 0, Avg:  0.0, Max: 0, Diff: 0, Sum: 0, Workers: 4
[2399.108s][debug][gc,phases      ] GC(82)     Total                          Min: 0, Avg:  0.0, Max: 0, Diff: 0, Sum: 0, Workers: 4
[2399.108s][debug][gc,phases      ] GC(82)   StringTable Weak               Min:  0.1, Avg:  0.1, Max:  0.2, Diff:  0.0, Sum:  0.6, Workers: 4
[2399.108s][debug][gc,phases      ] GC(82)     Dead                           Min: 0, Avg:  0.0, Max: 0, Diff: 0, Sum: 0, Workers: 4
[2399.108s][debug][gc,phases      ] GC(82)     Total                          Min: 4480, Avg: 11014.8, Max: 13568, Diff: 9088, Sum: 44059, Workers: 4
[2399.108s][debug][gc,phases      ] GC(82)   ResolvedMethodTable Weak       Min:  0.0, Avg:  0.0, Max:  0.0, Diff:  0.0, Sum:  0.1, Workers: 4
[2399.108s][debug][gc,phases      ] GC(82)     Dead                           Min: 0, Avg:  0.0, Max: 0, Diff: 0, Sum: 0, Workers: 4
[2399.108s][debug][gc,phases      ] GC(82)     Total                          Min: 0, Avg: 2479.0, Max: 3772, Diff: 3772, Sum: 9916, Workers: 4
[2399.108s][debug][gc,phases      ] GC(82)   JNI Weak                       Min:  0.0, Avg:  0.0, Max:  0.0, Diff:  0.0, Sum:  0.0, Workers: 4
[2399.108s][debug][gc,phases      ] GC(82)     Dead                           Min: 0, Avg:  0.0, Max: 0, Diff: 0, Sum: 0, Workers: 4
[2399.108s][debug][gc,phases      ] GC(82)     Total                          Min: 0, Avg: 11.2, Max: 45, Diff: 45, Sum: 45, Workers: 4
[2399.108s][debug][gc,phases      ] GC(82)   StringDedup Table Weak         Min:  0.0, Avg:  0.0, Max:  0.0, Diff:  0.0, Sum:  0.0, Workers: 4
[2399.108s][debug][gc,phases      ] GC(82)     Dead                           Min: 0, Avg:  0.0, Max: 0, Diff: 0, Sum: 0, Workers: 4
[2399.108s][debug][gc,phases      ] GC(82)     Total                          Min: 0, Avg:  0.0, Max: 0, Diff: 0, Sum: 0, Workers: 4
[2399.108s][debug][gc,phases      ] GC(82)   StringDedup Requests0 Weak     Min:  0.0, Avg:  0.0, Max:  0.0, Diff:  0.0, Sum:  0.0, Workers: 4
[2399.108s][debug][gc,phases      ] GC(82)     Dead                           Min: 0, Avg:  0.0, Max: 0, Diff: 0, Sum: 0, Workers: 4
[2399.108s][debug][gc,phases      ] GC(82)     Total                          Min: 0, Avg:  0.0, Max: 0, Diff: 0, Sum: 0, Workers: 4
[2399.108s][debug][gc,phases      ] GC(82)   StringDedup Requests1 Weak     Min:  0.0, Avg:  0.0, Max:  0.0, Diff:  0.0, Sum:  0.0, Workers: 4
[2399.108s][debug][gc,phases      ] GC(82)     Dead                           Min: 0, Avg:  0.0, Max: 0, Diff: 0, Sum: 0, Workers: 4
[2399.108s][debug][gc,phases      ] GC(82)     Total                          Min: 0, Avg:  0.0, Max: 0, Diff: 0, Sum: 0, Workers: 4
[2399.108s][debug][gc,phases      ] GC(82)   Weak JFR Old Object Samples    Min:  0.0, Avg:  0.0, Max:  0.0, Diff:  0.0, Sum:  0.0, Workers: 4
[2399.108s][debug][gc,phases      ] GC(82)     Dead                           Min: 0, Avg:  0.0, Max: 0, Diff: 0, Sum: 0, Workers: 4
[2399.108s][debug][gc,phases      ] GC(82)     Total                          Min: 0, Avg:  0.0, Max: 0, Diff: 0, Sum: 0, Workers: 4
[2399.108s][debug][gc,phases      ] GC(82) Weak Processing 0.382ms
[2399.108s][debug][gc,age         ] GC(82) Desired survivor size 198705152 bytes, new threshold 15 (max threshold 15)
[2399.108s][info ][gc,heap        ] GC(82) PSYoungGen: 1757248K(1901056K)->51184K(1902592K) Eden: 1708032K(1708032K)->0K(1708032K) From: 49216K(193024K)->51184K(194560K)
[2399.108s][info ][gc,heap        ] GC(82) ParOldGen: 425824K(527360K)->425824K(527360K)
[2399.108s][info ][gc,metaspace   ] GC(82) Metaspace: 84143K(85312K)->84143K(85312K) NonClass: 72208K(72832K)->72208K(72832K) Class: 11934K(12480K)->11934K(12480K)
[2399.108s][info ][gc             ] GC(82) Pause Young (Allocation Failure) 2131M->465M(2373M) 12.928ms
[2399.108s][info ][gc,cpu         ] GC(82) User=0.05s Sys=0.00s Real=0.02s
[2399.108s][info ][safepoint      ] Safepoint "ParallelGCFailedAllocation", Time since last: 1476958217 ns, Reaching safepoint: 37400 ns, At safepoint: 13007306 ns, Total: 13044706 ns
[2401.108s][info ][safepoint      ] Safepoint "Cleanup", Time since last: 2000159074 ns, Reaching safepoint: 117301 ns, At safepoint: 5900 ns, Total: 123201 ns
[2409.109s][info ][safepoint      ] Safepoint "Cleanup", Time since last: 8000585172 ns, Reaching safepoint: 103101 ns, At safepoint: 6000 ns, Total: 109101 ns
[2419.110s][info ][safepoint      ] Safepoint "Cleanup", Time since last: 10000733256 ns, Reaching safepoint: 113701 ns, At safepoint: 6400 ns, Total: 120101 ns
[2436.111s][info ][safepoint      ] Safepoint "Cleanup", Time since last: 17001150408 ns, Reaching safepoint: 114401 ns, At safepoint: 28400 ns, Total: 142801 ns
[2441.111s][info ][safepoint      ] Safepoint "Cleanup", Time since last: 5000333660 ns, Reaching safepoint: 56400 ns, At safepoint: 4200 ns, Total: 60600 ns
[2443.112s][info ][safepoint      ] Safepoint "Cleanup", Time since last: 2000190864 ns, Reaching safepoint: 64201 ns, At safepoint: 5700 ns, Total: 69901 ns
[2462.113s][info ][safepoint      ] Safepoint "Cleanup", Time since last: 19001223466 ns, Reaching safepoint: 59000 ns, At safepoint: 4000 ns, Total: 63000 ns
[2463.113s][info ][safepoint      ] Safepoint "Cleanup", Time since last: 1000084230 ns, Reaching safepoint: 43400 ns, At safepoint: 2400 ns, Total: 45800 ns
[2474.114s][info ][safepoint      ] Safepoint "Cleanup", Time since last: 11000733550 ns, Reaching safepoint: 66701 ns, At safepoint: 45700 ns, Total: 112401 ns
[2475.114s][info ][safepoint      ] Safepoint "Cleanup", Time since last: 1000100903 ns, Reaching safepoint: 45001 ns, At safepoint: 2800 ns, Total: 47801 ns
[2476.114s][info ][safepoint      ] Safepoint "Cleanup", Time since last: 1000112904 ns, Reaching safepoint: 43400 ns, At safepoint: 3000 ns, Total: 46400 ns
[2476.308s][info ][gc,start       ] GC(83) Pause Young (Allocation Failure)
[2476.321s][debug][gc,phases      ] GC(83) Scavenge 12.906ms
[2476.321s][debug][gc,ref         ] GC(83) Skipped phase 1 of Reference Processing: no references
[2476.321s][debug][gc,ref         ] GC(83) ReferenceProcessor::execute queues: 1, RefProcThreadModel::Single, marks_oops_alive: false
[2476.321s][debug][gc,ref         ] GC(83) Skipped phase 3 of Reference Processing: no references
[2476.321s][debug][gc,ref         ] GC(83) ReferenceProcessor::execute queues: 1, RefProcThreadModel::Single, marks_oops_alive: false
[2476.321s][debug][gc,phases      ] GC(83) Reference Processing 0.108ms
[2476.321s][debug][gc,phases      ] GC(83)   VM Weak                        Min:  0.0, Avg:  0.0, Max:  0.0, Diff:  0.0, Sum:  0.0, Workers: 4
[2476.321s][debug][gc,phases      ] GC(83)     Dead                           Min: 0, Avg:  0.0, Max: 0, Diff: 0, Sum: 0, Workers: 4
[2476.321s][debug][gc,phases      ] GC(83)     Total                          Min: 0, Avg: 238.5, Max: 640, Diff: 640, Sum: 954, Workers: 4
[2476.321s][debug][gc,phases      ] GC(83)   ObjectSynchronizer Weak        Min:  0.0, Avg:  0.0, Max:  0.0, Diff:  0.0, Sum:  0.0, Workers: 4
[2476.321s][debug][gc,phases      ] GC(83)     Dead                           Min: 0, Avg:  0.0, Max: 0, Diff: 0, Sum: 0, Workers: 4
[2476.321s][debug][gc,phases      ] GC(83)     Total                          Min: 0, Avg: 13.2, Max: 53, Diff: 53, Sum: 53, Workers: 4
[2476.321s][debug][gc,phases      ] GC(83)   JVMTI Tag Weak OopStorage      Min:  0.0, Avg:  0.0, Max:  0.0, Diff:  0.0, Sum:  0.0, Workers: 4
[2476.321s][debug][gc,phases      ] GC(83)     Dead                           Min: 0, Avg:  0.0, Max: 0, Diff: 0, Sum: 0, Workers: 4
[2476.321s][debug][gc,phases      ] GC(83)     Total                          Min: 0, Avg:  0.0, Max: 0, Diff: 0, Sum: 0, Workers: 4
[2476.321s][debug][gc,phases      ] GC(83)   StringTable Weak               Min:  0.0, Avg:  0.1, Max:  0.1, Diff:  0.1, Sum:  0.4, Workers: 4
[2476.321s][debug][gc,phases      ] GC(83)     Dead                           Min: 0, Avg:  0.0, Max: 0, Diff: 0, Sum: 0, Workers: 4
[2476.321s][debug][gc,phases      ] GC(83)     Total                          Min: 0, Avg: 11023.8, Max: 19264, Diff: 19264, Sum: 44095, Workers: 4
[2476.321s][debug][gc,phases      ] GC(83)   ResolvedMethodTable Weak       Min:  0.0, Avg:  0.0, Max:  0.0, Diff:  0.0, Sum:  0.1, Workers: 4
[2476.321s][debug][gc,phases      ] GC(83)     Dead                           Min: 0, Avg:  0.0, Max: 0, Diff: 0, Sum: 0, Workers: 4
[2476.321s][debug][gc,phases      ] GC(83)     Total                          Min: 0, Avg: 2479.0, Max: 4668, Diff: 4668, Sum: 9916, Workers: 4
[2476.321s][debug][gc,phases      ] GC(83)   JNI Weak                       Min:  0.0, Avg:  0.0, Max:  0.0, Diff:  0.0, Sum:  0.0, Workers: 4
[2476.321s][debug][gc,phases      ] GC(83)     Dead                           Min: 0, Avg:  0.0, Max: 0, Diff: 0, Sum: 0, Workers: 4
[2476.321s][debug][gc,phases      ] GC(83)     Total                          Min: 0, Avg: 11.2, Max: 45, Diff: 45, Sum: 45, Workers: 4
[2476.321s][debug][gc,phases      ] GC(83)   StringDedup Table Weak         Min:  0.0, Avg:  0.0, Max:  0.0, Diff:  0.0, Sum:  0.0, Workers: 4
[2476.321s][debug][gc,phases      ] GC(83)     Dead                           Min: 0, Avg:  0.0, Max: 0, Diff: 0, Sum: 0, Workers: 4
[2476.321s][debug][gc,phases      ] GC(83)     Total                          Min: 0, Avg:  0.0, Max: 0, Diff: 0, Sum: 0, Workers: 4
[2476.321s][debug][gc,phases      ] GC(83)   StringDedup Requests0 Weak     Min:  0.0, Avg:  0.0, Max:  0.0, Diff:  0.0, Sum:  0.0, Workers: 4
[2476.321s][debug][gc,phases      ] GC(83)     Dead                           Min: 0, Avg:  0.0, Max: 0, Diff: 0, Sum: 0, Workers: 4
[2476.321s][debug][gc,phases      ] GC(83)     Total                          Min: 0, Avg:  0.0, Max: 0, Diff: 0, Sum: 0, Workers: 4
[2476.321s][debug][gc,phases      ] GC(83)   StringDedup Requests1 Weak     Min:  0.0, Avg:  0.0, Max:  0.0, Diff:  0.0, Sum:  0.0, Workers: 4
[2476.321s][debug][gc,phases      ] GC(83)     Dead                           Min: 0, Avg:  0.0, Max: 0, Diff: 0, Sum: 0, Workers: 4
[2476.321s][debug][gc,phases      ] GC(83)     Total                          Min: 0, Avg:  0.0, Max: 0, Diff: 0, Sum: 0, Workers: 4
[2476.321s][debug][gc,phases      ] GC(83)   Weak JFR Old Object Samples    Min:  0.0, Avg:  0.0, Max:  0.0, Diff:  0.0, Sum:  0.0, Workers: 4
[2476.321s][debug][gc,phases      ] GC(83)     Dead                           Min: 0, Avg:  0.0, Max: 0, Diff: 0, Sum: 0, Workers: 4
[2476.321s][debug][gc,phases      ] GC(83)     Total                          Min: 0, Avg:  0.0, Max: 0, Diff: 0, Sum: 0, Workers: 4
[2476.321s][debug][gc,phases      ] GC(83) Weak Processing 0.347ms
[2476.321s][debug][gc,age         ] GC(83) Desired survivor size 197132288 bytes, new threshold 15 (max threshold 15)
[2476.321s][info ][gc,heap        ] GC(83) PSYoungGen: 1759216K(1902592K)->50960K(1904640K) Eden: 1708032K(1708032K)->0K(1710592K) From: 51184K(194560K)->50960K(194048K)
[2476.321s][info ][gc,heap        ] GC(83) ParOldGen: 425824K(527360K)->425824K(527360K)
[2476.321s][info ][gc,metaspace   ] GC(83) Metaspace: 84146K(85312K)->84146K(85312K) NonClass: 72211K(72832K)->72211K(72832K) Class: 11934K(12480K)->11934K(12480K)
[2476.321s][info ][gc             ] GC(83) Pause Young (Allocation Failure) 2133M->465M(2375M) 13.495ms
[2476.321s][info ][gc,cpu         ] GC(83) User=0.05s Sys=0.00s Real=0.01s
[2476.321s][info ][safepoint      ] Safepoint "ParallelGCFailedAllocation", Time since last: 193614440 ns, Reaching safepoint: 32700 ns, At safepoint: 13573208 ns, Total: 13605908 ns
[2477.322s][info ][safepoint      ] Safepoint "Cleanup", Time since last: 1000095052 ns, Reaching safepoint: 51600 ns, At safepoint: 3000 ns, Total: 54600 ns
[2500.323s][info ][safepoint      ] Safepoint "Cleanup", Time since last: 23001433697 ns, Reaching safepoint: 48701 ns, At safepoint: 4300 ns, Total: 53001 ns
[2502.323s][info ][safepoint      ] Safepoint "Cleanup", Time since last: 2000189473 ns, Reaching safepoint: 51200 ns, At safepoint: 2800 ns, Total: 54000 ns
[2506.324s][info ][safepoint      ] Safepoint "Cleanup", Time since last: 4000324247 ns, Reaching safepoint: 54300 ns, At safepoint: 2700 ns, Total: 57000 ns
[2508.324s][info ][safepoint      ] Safepoint "Cleanup", Time since last: 2000196738 ns, Reaching safepoint: 69101 ns, At safepoint: 4900 ns, Total: 74001 ns
[2511.324s][info ][safepoint      ] Safepoint "Cleanup", Time since last: 3000248936 ns, Reaching safepoint: 54301 ns, At safepoint: 2600 ns, Total: 56901 ns
[2512.324s][info ][safepoint      ] Safepoint "Cleanup", Time since last: 1000114979 ns, Reaching safepoint: 48900 ns, At safepoint: 3100 ns, Total: 52000 ns
[2514.325s][info ][safepoint      ] Safepoint "Cleanup", Time since last: 2000171958 ns, Reaching safepoint: 53400 ns, At safepoint: 3200 ns, Total: 56600 ns
[2517.325s][info ][safepoint      ] Safepoint "Cleanup", Time since last: 3000276063 ns, Reaching safepoint: 41800 ns, At safepoint: 2500 ns, Total: 44300 ns
[2520.325s][info ][safepoint      ] Safepoint "Cleanup", Time since last: 3000194065 ns, Reaching safepoint: 42000 ns, At safepoint: 2200 ns, Total: 44200 ns
[2521.325s][info ][safepoint      ] Safepoint "Cleanup", Time since last: 1000129755 ns, Reaching safepoint: 59101 ns, At safepoint: 3400 ns, Total: 62501 ns
[2522.326s][info ][safepoint      ] Safepoint "Cleanup", Time since last: 1000118655 ns, Reaching safepoint: 62400 ns, At safepoint: 5400 ns, Total: 67800 ns
[2523.326s][info ][safepoint      ] Safepoint "Cleanup", Time since last: 1000116255 ns, Reaching safepoint: 48701 ns, At safepoint: 7500 ns, Total: 56201 ns
[2529.326s][info ][safepoint      ] Safepoint "Cleanup", Time since last: 6000350825 ns, Reaching safepoint: 47301 ns, At safepoint: 2900 ns, Total: 50201 ns
[2557.856s][info ][gc,start       ] GC(84) Pause Young (Allocation Failure)
[2557.867s][debug][gc,phases      ] GC(84) Scavenge 11.003ms
[2557.867s][debug][gc,ref         ] GC(84) Skipped phase 1 of Reference Processing: no references
[2557.867s][debug][gc,ref         ] GC(84) ReferenceProcessor::execute queues: 1, RefProcThreadModel::Single, marks_oops_alive: false
[2557.867s][debug][gc,ref         ] GC(84) Skipped phase 3 of Reference Processing: no references
[2557.867s][debug][gc,ref         ] GC(84) ReferenceProcessor::execute queues: 1, RefProcThreadModel::Single, marks_oops_alive: false
[2557.867s][debug][gc,phases      ] GC(84) Reference Processing 0.103ms
[2557.867s][debug][gc,phases      ] GC(84)   VM Weak                        Min:  0.0, Avg:  0.0, Max:  0.0, Diff:  0.0, Sum:  0.0, Workers: 4
[2557.867s][debug][gc,phases      ] GC(84)     Dead                           Min: 0, Avg:  0.0, Max: 0, Diff: 0, Sum: 0, Workers: 4
[2557.867s][debug][gc,phases      ] GC(84)     Total                          Min: 0, Avg: 238.5, Max: 762, Diff: 762, Sum: 954, Workers: 4
[2557.867s][debug][gc,phases      ] GC(84)   ObjectSynchronizer Weak        Min:  0.0, Avg:  0.0, Max:  0.0, Diff:  0.0, Sum:  0.0, Workers: 4
[2557.867s][debug][gc,phases      ] GC(84)     Dead                           Min: 0, Avg:  0.0, Max: 0, Diff: 0, Sum: 0, Workers: 4
[2557.867s][debug][gc,phases      ] GC(84)     Total                          Min: 0, Avg: 13.5, Max: 54, Diff: 54, Sum: 54, Workers: 4
[2557.867s][debug][gc,phases      ] GC(84)   JVMTI Tag Weak OopStorage      Min:  0.0, Avg:  0.0, Max:  0.0, Diff:  0.0, Sum:  0.0, Workers: 4
[2557.867s][debug][gc,phases      ] GC(84)     Dead                           Min: 0, Avg:  0.0, Max: 0, Diff: 0, Sum: 0, Workers: 4
[2557.867s][debug][gc,phases      ] GC(84)     Total                          Min: 0, Avg:  0.0, Max: 0, Diff: 0, Sum: 0, Workers: 4
[2557.867s][debug][gc,phases      ] GC(84)   StringTable Weak               Min:  0.0, Avg:  0.1, Max:  0.1, Diff:  0.1, Sum:  0.4, Workers: 4
[2557.867s][debug][gc,phases      ] GC(84)     Dead                           Min: 0, Avg:  0.2, Max: 1, Diff: 1, Sum: 1, Workers: 4
[2557.867s][debug][gc,phases      ] GC(84)     Total                          Min: 0, Avg: 11024.5, Max: 18368, Diff: 18368, Sum: 44098, Workers: 4
[2557.867s][debug][gc,phases      ] GC(84)   ResolvedMethodTable Weak       Min:  0.0, Avg:  0.0, Max:  0.0, Diff:  0.0, Sum:  0.1, Workers: 4
[2557.867s][debug][gc,phases      ] GC(84)     Dead                           Min: 0, Avg:  0.0, Max: 0, Diff: 0, Sum: 0, Workers: 4
[2557.867s][debug][gc,phases      ] GC(84)     Total                          Min: 0, Avg: 2479.5, Max: 4414, Diff: 4414, Sum: 9918, Workers: 4
[2557.867s][debug][gc,phases      ] GC(84)   JNI Weak                       Min:  0.0, Avg:  0.0, Max:  0.0, Diff:  0.0, Sum:  0.0, Workers: 4
[2557.867s][debug][gc,phases      ] GC(84)     Dead                           Min: 0, Avg:  0.0, Max: 0, Diff: 0, Sum: 0, Workers: 4
[2557.867s][debug][gc,phases      ] GC(84)     Total                          Min: 0, Avg: 11.2, Max: 45, Diff: 45, Sum: 45, Workers: 4
[2557.867s][debug][gc,phases      ] GC(84)   StringDedup Table Weak         Min:  0.0, Avg:  0.0, Max:  0.0, Diff:  0.0, Sum:  0.0, Workers: 4
[2557.867s][debug][gc,phases      ] GC(84)     Dead                           Min: 0, Avg:  0.0, Max: 0, Diff: 0, Sum: 0, Workers: 4
[2557.867s][debug][gc,phases      ] GC(84)     Total                          Min: 0, Avg:  0.0, Max: 0, Diff: 0, Sum: 0, Workers: 4
[2557.867s][debug][gc,phases      ] GC(84)   StringDedup Requests0 Weak     Min:  0.0, Avg:  0.0, Max:  0.0, Diff:  0.0, Sum:  0.0, Workers: 4
[2557.867s][debug][gc,phases      ] GC(84)     Dead                           Min: 0, Avg:  0.0, Max: 0, Diff: 0, Sum: 0, Workers: 4
[2557.867s][debug][gc,phases      ] GC(84)     Total                          Min: 0, Avg:  0.0, Max: 0, Diff: 0, Sum: 0, Workers: 4
[2557.867s][debug][gc,phases      ] GC(84)   StringDedup Requests1 Weak     Min:  0.0, Avg:  0.0, Max:  0.0, Diff:  0.0, Sum:  0.0, Workers: 4
[2557.867s][debug][gc,phases      ] GC(84)     Dead                           Min: 0, Avg:  0.0, Max: 0, Diff: 0, Sum: 0, Workers: 4
[2557.867s][debug][gc,phases      ] GC(84)     Total                          Min: 0, Avg:  0.0, Max: 0, Diff: 0, Sum: 0, Workers: 4
[2557.867s][debug][gc,phases      ] GC(84)   Weak JFR Old Object Samples    Min:  0.0, Avg:  0.0, Max:  0.0, Diff:  0.0, Sum:  0.0, Workers: 4
[2557.867s][debug][gc,phases      ] GC(84)     Dead                           Min: 0, Avg:  0.0, Max: 0, Diff: 0, Sum: 0, Workers: 4
[2557.867s][debug][gc,phases      ] GC(84)     Total                          Min: 0, Avg:  0.0, Max: 0, Diff: 0, Sum: 0, Workers: 4
[2557.867s][debug][gc,phases      ] GC(84) Weak Processing 0.331ms
[2557.867s][debug][gc,age         ] GC(84) Desired survivor size 194510848 bytes, new threshold 15 (max threshold 15)
[2557.868s][info ][gc,heap        ] GC(84) PSYoungGen: 1761552K(1904640K)->49664K(1903104K) Eden: 1710592K(1710592K)->0K(1710592K) From: 50960K(194048K)->49664K(192512K)
[2557.868s][info ][gc,heap        ] GC(84) ParOldGen: 425824K(527360K)->425824K(527360K)
[2557.868s][info ][gc,metaspace   ] GC(84) Metaspace: 84163K(85312K)->84163K(85312K) NonClass: 72227K(72832K)->72227K(72832K) Class: 11936K(12480K)->11936K(12480K)
[2557.868s][info ][gc             ] GC(84) Pause Young (Allocation Failure) 2136M->464M(2373M) 11.561ms
[2557.868s][info ][gc,cpu         ] GC(84) User=0.04s Sys=0.00s Real=0.02s
[2557.868s][info ][safepoint      ] Safepoint "ParallelGCFailedAllocation", Time since last: 28529593525 ns, Reaching safepoint: 98301 ns, At safepoint: 11632594 ns, Total: 11730895 ns
[2571.868s][info ][safepoint      ] Safepoint "Cleanup", Time since last: 14000873963 ns, Reaching safepoint: 51001 ns, At safepoint: 8800 ns, Total: 59801 ns
[2575.869s][info ][safepoint      ] Safepoint "Cleanup", Time since last: 4000252631 ns, Reaching safepoint: 44800 ns, At safepoint: 2501 ns, Total: 47301 ns
[2579.869s][info ][safepoint      ] Safepoint "Cleanup", Time since last: 4000324933 ns, Reaching safepoint: 74600 ns, At safepoint: 5101 ns, Total: 79701 ns
[2582.870s][info ][safepoint      ] Safepoint "Cleanup", Time since last: 3000293413 ns, Reaching safepoint: 52800 ns, At safepoint: 3000 ns, Total: 55800 ns
[2613.872s][info ][safepoint      ] Safepoint "Cleanup", Time since last: 31002004957 ns, Reaching safepoint: 57601 ns, At safepoint: 6300 ns, Total: 63901 ns
[2614.872s][info ][safepoint      ] Safepoint "Cleanup", Time since last: 1000120205 ns, Reaching safepoint: 75401 ns, At safepoint: 6700 ns, Total: 82101 ns
[2615.872s][info ][safepoint      ] Safepoint "Cleanup", Time since last: 1000129206 ns, Reaching safepoint: 42600 ns, At safepoint: 3100 ns, Total: 45700 ns
[2620.003s][info ][gc,start       ] GC(85) Pause Young (Allocation Failure)
[2620.018s][debug][gc,phases      ] GC(85) Scavenge 14.804ms
[2620.018s][debug][gc,ref         ] GC(85) Skipped phase 1 of Reference Processing: no references
[2620.018s][debug][gc,ref         ] GC(85) ReferenceProcessor::execute queues: 1, RefProcThreadModel::Single, marks_oops_alive: false
[2620.018s][debug][gc,ref         ] GC(85) Skipped phase 3 of Reference Processing: no references
[2620.018s][debug][gc,ref         ] GC(85) ReferenceProcessor::execute queues: 1, RefProcThreadModel::Single, marks_oops_alive: false
[2620.018s][debug][gc,phases      ] GC(85) Reference Processing 0.128ms
[2620.019s][debug][gc,phases      ] GC(85)   VM Weak                        Min:  0.0, Avg:  0.0, Max:  0.0, Diff:  0.0, Sum:  0.0, Workers: 4
[2620.019s][debug][gc,phases      ] GC(85)     Dead                           Min: 0, Avg:  0.0, Max: 0, Diff: 0, Sum: 0, Workers: 4
[2620.019s][debug][gc,phases      ] GC(85)     Total                          Min: 0, Avg: 238.5, Max: 762, Diff: 762, Sum: 954, Workers: 4
[2620.019s][debug][gc,phases      ] GC(85)   ObjectSynchronizer Weak        Min:  0.0, Avg:  0.0, Max:  0.0, Diff:  0.0, Sum:  0.0, Workers: 4
[2620.019s][debug][gc,phases      ] GC(85)     Dead                           Min: 0, Avg:  0.0, Max: 0, Diff: 0, Sum: 0, Workers: 4
[2620.019s][debug][gc,phases      ] GC(85)     Total                          Min: 0, Avg: 13.5, Max: 54, Diff: 54, Sum: 54, Workers: 4
[2620.019s][debug][gc,phases      ] GC(85)   JVMTI Tag Weak OopStorage      Min:  0.0, Avg:  0.0, Max:  0.0, Diff:  0.0, Sum:  0.0, Workers: 4
[2620.019s][debug][gc,phases      ] GC(85)     Dead                           Min: 0, Avg:  0.0, Max: 0, Diff: 0, Sum: 0, Workers: 4
[2620.019s][debug][gc,phases      ] GC(85)     Total                          Min: 0, Avg:  0.0, Max: 0, Diff: 0, Sum: 0, Workers: 4
[2620.019s][debug][gc,phases      ] GC(85)   StringTable Weak               Min:  0.0, Avg:  0.1, Max:  0.1, Diff:  0.1, Sum:  0.4, Workers: 4
[2620.019s][debug][gc,phases      ] GC(85)     Dead                           Min: 0, Avg:  0.0, Max: 0, Diff: 0, Sum: 0, Workers: 4
[2620.019s][debug][gc,phases      ] GC(85)     Total                          Min: 0, Avg: 11024.5, Max: 17535, Diff: 17535, Sum: 44098, Workers: 4
[2620.019s][debug][gc,phases      ] GC(85)   ResolvedMethodTable Weak       Min:  0.0, Avg:  0.0, Max:  0.0, Diff:  0.0, Sum:  0.1, Workers: 4
[2620.019s][debug][gc,phases      ] GC(85)     Dead                           Min: 0, Avg:  0.0, Max: 0, Diff: 0, Sum: 0, Workers: 4
[2620.019s][debug][gc,phases      ] GC(85)     Total                          Min: 0, Avg: 2479.5, Max: 4416, Diff: 4416, Sum: 9918, Workers: 4
[2620.019s][debug][gc,phases      ] GC(85)   JNI Weak                       Min:  0.0, Avg:  0.0, Max:  0.0, Diff:  0.0, Sum:  0.0, Workers: 4
[2620.019s][debug][gc,phases      ] GC(85)     Dead                           Min: 0, Avg:  0.0, Max: 0, Diff: 0, Sum: 0, Workers: 4
[2620.019s][debug][gc,phases      ] GC(85)     Total                          Min: 0, Avg: 11.2, Max: 45, Diff: 45, Sum: 45, Workers: 4
[2620.019s][debug][gc,phases      ] GC(85)   StringDedup Table Weak         Min:  0.0, Avg:  0.0, Max:  0.0, Diff:  0.0, Sum:  0.0, Workers: 4
[2620.019s][debug][gc,phases      ] GC(85)     Dead                           Min: 0, Avg:  0.0, Max: 0, Diff: 0, Sum: 0, Workers: 4
[2620.019s][debug][gc,phases      ] GC(85)     Total                          Min: 0, Avg:  0.0, Max: 0, Diff: 0, Sum: 0, Workers: 4
[2620.019s][debug][gc,phases      ] GC(85)   StringDedup Requests0 Weak     Min:  0.0, Avg:  0.0, Max:  0.0, Diff:  0.0, Sum:  0.0, Workers: 4
[2620.019s][debug][gc,phases      ] GC(85)     Dead                           Min: 0, Avg:  0.0, Max: 0, Diff: 0, Sum: 0, Workers: 4
[2620.019s][debug][gc,phases      ] GC(85)     Total                          Min: 0, Avg:  0.0, Max: 0, Diff: 0, Sum: 0, Workers: 4
[2620.019s][debug][gc,phases      ] GC(85)   StringDedup Requests1 Weak     Min:  0.0, Avg:  0.0, Max:  0.0, Diff:  0.0, Sum:  0.0, Workers: 4
[2620.019s][debug][gc,phases      ] GC(85)     Dead                           Min: 0, Avg:  0.0, Max: 0, Diff: 0, Sum: 0, Workers: 4
[2620.019s][debug][gc,phases      ] GC(85)     Total                          Min: 0, Avg:  0.0, Max: 0, Diff: 0, Sum: 0, Workers: 4
[2620.019s][debug][gc,phases      ] GC(85)   Weak JFR Old Object Samples    Min:  0.0, Avg:  0.0, Max:  0.0, Diff:  0.0, Sum:  0.0, Workers: 4
[2620.019s][debug][gc,phases      ] GC(85)     Dead                           Min: 0, Avg:  0.0, Max: 0, Diff: 0, Sum: 0, Workers: 4
[2620.019s][debug][gc,phases      ] GC(85)     Total                          Min: 0, Avg:  0.0, Max: 0, Diff: 0, Sum: 0, Workers: 4
[2620.019s][debug][gc,phases      ] GC(85) Weak Processing 0.316ms
[2620.019s][debug][gc,age         ] GC(85) Desired survivor size 190316544 bytes, new threshold 15 (max threshold 15)
[2620.019s][info ][gc,heap        ] GC(85) PSYoungGen: 1760256K(1903104K)->50528K(1911296K) Eden: 1710592K(1710592K)->0K(1721344K) From: 49664K(192512K)->50528K(189952K)
[2620.019s][info ][gc,heap        ] GC(85) ParOldGen: 425824K(527360K)->425824K(527360K)
[2620.019s][info ][gc,metaspace   ] GC(85) Metaspace: 84169K(85312K)->84169K(85312K) NonClass: 72233K(72832K)->72233K(72832K) Class: 11936K(12480K)->11936K(12480K)
[2620.019s][info ][gc             ] GC(85) Pause Young (Allocation Failure) 2134M->465M(2381M) 15.370ms
[2620.019s][info ][gc,cpu         ] GC(85) User=0.06s Sys=0.00s Real=0.02s
[2620.019s][info ][safepoint      ] Safepoint "ParallelGCFailedAllocation", Time since last: 4131377450 ns, Reaching safepoint: 43500 ns, At safepoint: 15438122 ns, Total: 15481622 ns
[2628.019s][info ][safepoint      ] Safepoint "Cleanup", Time since last: 8000542610 ns, Reaching safepoint: 43300 ns, At safepoint: 3200 ns, Total: 46500 ns
[2634.020s][info ][safepoint      ] Safepoint "Cleanup", Time since last: 6000412609 ns, Reaching safepoint: 47000 ns, At safepoint: 3700 ns, Total: 50700 ns
[2644.021s][info ][safepoint      ] Safepoint "Cleanup", Time since last: 10000643108 ns, Reaching safepoint: 47601 ns, At safepoint: 2900 ns, Total: 50501 ns
[2650.021s][info ][safepoint      ] Safepoint "Cleanup", Time since last: 6000472146 ns, Reaching safepoint: 52000 ns, At safepoint: 6000 ns, Total: 58000 ns
[2661.022s][info ][safepoint      ] Safepoint "Cleanup", Time since last: 11000812332 ns, Reaching safepoint: 61400 ns, At safepoint: 4600 ns, Total: 66000 ns
[2668.023s][info ][safepoint      ] Safepoint "Cleanup", Time since last: 7000492925 ns, Reaching safepoint: 43301 ns, At safepoint: 38300 ns, Total: 81601 ns
[2672.023s][info ][safepoint      ] Safepoint "Cleanup", Time since last: 4000276413 ns, Reaching safepoint: 49000 ns, At safepoint: 2500 ns, Total: 51500 ns
[2674.661s][info ][gc,start       ] GC(86) Pause Young (Allocation Failure)
[2674.679s][debug][gc,phases      ] GC(86) Scavenge 17.411ms
[2674.679s][debug][gc,ref         ] GC(86) Skipped phase 1 of Reference Processing: no references
[2674.679s][debug][gc,ref         ] GC(86) ReferenceProcessor::execute queues: 1, RefProcThreadModel::Single, marks_oops_alive: false
[2674.679s][debug][gc,ref         ] GC(86) Skipped phase 3 of Reference Processing: no references
[2674.679s][debug][gc,ref         ] GC(86) ReferenceProcessor::execute queues: 1, RefProcThreadModel::Single, marks_oops_alive: false
[2674.679s][debug][gc,phases      ] GC(86) Reference Processing 0.113ms
[2674.679s][debug][gc,phases      ] GC(86)   VM Weak                        Min:  0.0, Avg:  0.0, Max:  0.0, Diff:  0.0, Sum:  0.0, Workers: 4
[2674.679s][debug][gc,phases      ] GC(86)     Dead                           Min: 0, Avg:  0.0, Max: 0, Diff: 0, Sum: 0, Workers: 4
[2674.679s][debug][gc,phases      ] GC(86)     Total                          Min: 0, Avg: 238.5, Max: 506, Diff: 506, Sum: 954, Workers: 4
[2674.679s][debug][gc,phases      ] GC(86)   ObjectSynchronizer Weak        Min:  0.0, Avg:  0.0, Max:  0.0, Diff:  0.0, Sum:  0.0, Workers: 4
[2674.679s][debug][gc,phases      ] GC(86)     Dead                           Min: 0, Avg:  0.0, Max: 0, Diff: 0, Sum: 0, Workers: 4
[2674.679s][debug][gc,phases      ] GC(86)     Total                          Min: 0, Avg: 13.5, Max: 54, Diff: 54, Sum: 54, Workers: 4
[2674.679s][debug][gc,phases      ] GC(86)   JVMTI Tag Weak OopStorage      Min:  0.0, Avg:  0.0, Max:  0.0, Diff:  0.0, Sum:  0.0, Workers: 4
[2674.679s][debug][gc,phases      ] GC(86)     Dead                           Min: 0, Avg:  0.0, Max: 0, Diff: 0, Sum: 0, Workers: 4
[2674.679s][debug][gc,phases      ] GC(86)     Total                          Min: 0, Avg:  0.0, Max: 0, Diff: 0, Sum: 0, Workers: 4
[2674.679s][debug][gc,phases      ] GC(86)   StringTable Weak               Min:  0.1, Avg:  0.1, Max:  0.1, Diff:  0.0, Sum:  0.4, Workers: 4
[2674.679s][debug][gc,phases      ] GC(86)     Dead                           Min: 0, Avg:  0.0, Max: 0, Diff: 0, Sum: 0, Workers: 4
[2674.679s][debug][gc,phases      ] GC(86)     Total                          Min: 10752, Avg: 11025.2, Max: 11397, Diff: 645, Sum: 44101, Workers: 4
[2674.679s][debug][gc,phases      ] GC(86)   ResolvedMethodTable Weak       Min:  0.0, Avg:  0.0, Max:  0.0, Diff:  0.0, Sum:  0.1, Workers: 4
[2674.679s][debug][gc,phases      ] GC(86)     Dead                           Min: 0, Avg:  0.0, Max: 0, Diff: 0, Sum: 0, Workers: 4
[2674.679s][debug][gc,phases      ] GC(86)     Total                          Min: 1152, Avg: 2479.5, Max: 3008, Diff: 1856, Sum: 9918, Workers: 4
[2674.679s][debug][gc,phases      ] GC(86)   JNI Weak                       Min:  0.0, Avg:  0.0, Max:  0.0, Diff:  0.0, Sum:  0.0, Workers: 4
[2674.679s][debug][gc,phases      ] GC(86)     Dead                           Min: 0, Avg:  0.0, Max: 0, Diff: 0, Sum: 0, Workers: 4
[2674.679s][debug][gc,phases      ] GC(86)     Total                          Min: 0, Avg: 11.2, Max: 45, Diff: 45, Sum: 45, Workers: 4
[2674.679s][debug][gc,phases      ] GC(86)   StringDedup Table Weak         Min:  0.0, Avg:  0.0, Max:  0.0, Diff:  0.0, Sum:  0.0, Workers: 4
[2674.679s][debug][gc,phases      ] GC(86)     Dead                           Min: 0, Avg:  0.0, Max: 0, Diff: 0, Sum: 0, Workers: 4
[2674.679s][debug][gc,phases      ] GC(86)     Total                          Min: 0, Avg:  0.0, Max: 0, Diff: 0, Sum: 0, Workers: 4
[2674.679s][debug][gc,phases      ] GC(86)   StringDedup Requests0 Weak     Min:  0.0, Avg:  0.0, Max:  0.0, Diff:  0.0, Sum:  0.0, Workers: 4
[2674.679s][debug][gc,phases      ] GC(86)     Dead                           Min: 0, Avg:  0.0, Max: 0, Diff: 0, Sum: 0, Workers: 4
[2674.679s][debug][gc,phases      ] GC(86)     Total                          Min: 0, Avg:  0.0, Max: 0, Diff: 0, Sum: 0, Workers: 4
[2674.679s][debug][gc,phases      ] GC(86)   StringDedup Requests1 Weak     Min:  0.0, Avg:  0.0, Max:  0.0, Diff:  0.0, Sum:  0.0, Workers: 4
[2674.679s][debug][gc,phases      ] GC(86)     Dead                           Min: 0, Avg:  0.0, Max: 0, Diff: 0, Sum: 0, Workers: 4
[2674.679s][debug][gc,phases      ] GC(86)     Total                          Min: 0, Avg:  0.0, Max: 0, Diff: 0, Sum: 0, Workers: 4
[2674.679s][debug][gc,phases      ] GC(86)   Weak JFR Old Object Samples    Min:  0.0, Avg:  0.0, Max:  0.0, Diff:  0.0, Sum:  0.0, Workers: 4
[2674.679s][debug][gc,phases      ] GC(86)     Dead                           Min: 0, Avg:  0.0, Max: 0, Diff: 0, Sum: 0, Workers: 4
[2674.679s][debug][gc,phases      ] GC(86)     Total                          Min: 0, Avg:  0.0, Max: 0, Diff: 0, Sum: 0, Workers: 4
[2674.679s][debug][gc,phases      ] GC(86) Weak Processing 0.292ms
[2674.679s][debug][gc,age         ] GC(86) Desired survivor size 181927936 bytes, new threshold 15 (max threshold 15)
[2674.679s][info ][gc,heap        ] GC(86) PSYoungGen: 1771872K(1911296K)->74000K(1907200K) Eden: 1721344K(1721344K)->0K(1721344K) From: 50528K(189952K)->74000K(185856K)
[2674.679s][info ][gc,heap        ] GC(86) ParOldGen: 425824K(527360K)->425824K(527360K)
[2674.679s][info ][gc,metaspace   ] GC(86) Metaspace: 84178K(85312K)->84178K(85312K) NonClass: 72242K(72832K)->72242K(72832K) Class: 11936K(12480K)->11936K(12480K)
[2674.679s][info ][gc             ] GC(86) Pause Young (Allocation Failure) 2146M->488M(2377M) 17.935ms
[2674.679s][info ][gc,cpu         ] GC(86) User=0.07s Sys=0.00s Real=0.02s
[2674.679s][info ][safepoint      ] Safepoint "ParallelGCFailedAllocation", Time since last: 2638061682 ns, Reaching safepoint: 43201 ns, At safepoint: 18000542 ns, Total: 18043743 ns
[2692.680s][info ][safepoint      ] Safepoint "Cleanup", Time since last: 18001275051 ns, Reaching safepoint: 54001 ns, At safepoint: 3200 ns, Total: 57201 ns
[2703.681s][info ][safepoint      ] Safepoint "Cleanup", Time since last: 11000832823 ns, Reaching safepoint: 107601 ns, At safepoint: 7200 ns, Total: 114801 ns
[2705.682s][info ][safepoint      ] Safepoint "Cleanup", Time since last: 2000184397 ns, Reaching safepoint: 68800 ns, At safepoint: 11400 ns, Total: 80200 ns
[2706.682s][info ][safepoint      ] Safepoint "Cleanup", Time since last: 1000123999 ns, Reaching safepoint: 52500 ns, At safepoint: 2900 ns, Total: 55400 ns
[2707.682s][info ][safepoint      ] Safepoint "Cleanup", Time since last: 1000132798 ns, Reaching safepoint: 60501 ns, At safepoint: 5000 ns, Total: 65501 ns
[2709.682s][info ][safepoint      ] Safepoint "Cleanup", Time since last: 2000205970 ns, Reaching safepoint: 49400 ns, At safepoint: 5700 ns, Total: 55100 ns
[2737.859s][info ][gc,start       ] GC(87) Pause Young (Allocation Failure)
[2737.881s][debug][gc,phases      ] GC(87) Scavenge 21.595ms
[2737.881s][debug][gc,ref         ] GC(87) Skipped phase 1 of Reference Processing: no references
[2737.881s][debug][gc,ref         ] GC(87) ReferenceProcessor::execute queues: 1, RefProcThreadModel::Single, marks_oops_alive: false
[2737.881s][debug][gc,ref         ] GC(87) Skipped phase 3 of Reference Processing: no references
[2737.881s][debug][gc,ref         ] GC(87) ReferenceProcessor::execute queues: 1, RefProcThreadModel::Single, marks_oops_alive: false
[2737.881s][debug][gc,phases      ] GC(87) Reference Processing 0.132ms
[2737.882s][debug][gc,phases      ] GC(87)   VM Weak                        Min:  0.0, Avg:  0.0, Max:  0.0, Diff:  0.0, Sum:  0.0, Workers: 4
[2737.882s][debug][gc,phases      ] GC(87)     Dead                           Min: 0, Avg:  0.0, Max: 0, Diff: 0, Sum: 0, Workers: 4
[2737.882s][debug][gc,phases      ] GC(87)     Total                          Min: 0, Avg: 238.5, Max: 698, Diff: 698, Sum: 954, Workers: 4
[2737.882s][debug][gc,phases      ] GC(87)   ObjectSynchronizer Weak        Min:  0.0, Avg:  0.0, Max:  0.0, Diff:  0.0, Sum:  0.0, Workers: 4
[2737.882s][debug][gc,phases      ] GC(87)     Dead                           Min: 0, Avg:  0.0, Max: 0, Diff: 0, Sum: 0, Workers: 4
[2737.882s][debug][gc,phases      ] GC(87)     Total                          Min: 0, Avg: 13.5, Max: 54, Diff: 54, Sum: 54, Workers: 4
[2737.882s][debug][gc,phases      ] GC(87)   JVMTI Tag Weak OopStorage      Min:  0.0, Avg:  0.0, Max:  0.0, Diff:  0.0, Sum:  0.0, Workers: 4
[2737.882s][debug][gc,phases      ] GC(87)     Dead                           Min: 0, Avg:  0.0, Max: 0, Diff: 0, Sum: 0, Workers: 4
[2737.882s][debug][gc,phases      ] GC(87)     Total                          Min: 0, Avg:  0.0, Max: 0, Diff: 0, Sum: 0, Workers: 4
[2737.882s][debug][gc,phases      ] GC(87)   StringTable Weak               Min:  0.0, Avg:  0.1, Max:  0.2, Diff:  0.2, Sum:  0.4, Workers: 4
[2737.882s][debug][gc,phases      ] GC(87)     Dead                           Min: 0, Avg:  0.0, Max: 0, Diff: 0, Sum: 0, Workers: 4
[2737.882s][debug][gc,phases      ] GC(87)     Total                          Min: 0, Avg: 11025.2, Max: 22341, Diff: 22341, Sum: 44101, Workers: 4
[2737.882s][debug][gc,phases      ] GC(87)   ResolvedMethodTable Weak       Min:  0.0, Avg:  0.0, Max:  0.1, Diff:  0.1, Sum:  0.1, Workers: 4
[2737.882s][debug][gc,phases      ] GC(87)     Dead                           Min: 0, Avg:  0.0, Max: 0, Diff: 0, Sum: 0, Workers: 4
[2737.882s][debug][gc,phases      ] GC(87)     Total                          Min: 0, Avg: 2479.5, Max: 5630, Diff: 5630, Sum: 9918, Workers: 4
[2737.882s][debug][gc,phases      ] GC(87)   JNI Weak                       Min:  0.0, Avg:  0.0, Max:  0.0, Diff:  0.0, Sum:  0.0, Workers: 4
[2737.882s][debug][gc,phases      ] GC(87)     Dead                           Min: 0, Avg:  0.0, Max: 0, Diff: 0, Sum: 0, Workers: 4
[2737.882s][debug][gc,phases      ] GC(87)     Total                          Min: 0, Avg: 11.2, Max: 45, Diff: 45, Sum: 45, Workers: 4
[2737.882s][debug][gc,phases      ] GC(87)   StringDedup Table Weak         Min:  0.0, Avg:  0.0, Max:  0.0, Diff:  0.0, Sum:  0.0, Workers: 4
[2737.882s][debug][gc,phases      ] GC(87)     Dead                           Min: 0, Avg:  0.0, Max: 0, Diff: 0, Sum: 0, Workers: 4
[2737.882s][debug][gc,phases      ] GC(87)     Total                          Min: 0, Avg:  0.0, Max: 0, Diff: 0, Sum: 0, Workers: 4
[2737.882s][debug][gc,phases      ] GC(87)   StringDedup Requests0 Weak     Min:  0.0, Avg:  0.0, Max:  0.0, Diff:  0.0, Sum:  0.0, Workers: 4
[2737.882s][debug][gc,phases      ] GC(87)     Dead                           Min: 0, Avg:  0.0, Max: 0, Diff: 0, Sum: 0, Workers: 4
[2737.882s][debug][gc,phases      ] GC(87)     Total                          Min: 0, Avg:  0.0, Max: 0, Diff: 0, Sum: 0, Workers: 4
[2737.882s][debug][gc,phases      ] GC(87)   StringDedup Requests1 Weak     Min:  0.0, Avg:  0.0, Max:  0.0, Diff:  0.0, Sum:  0.0, Workers: 4
[2737.882s][debug][gc,phases      ] GC(87)     Dead                           Min: 0, Avg:  0.0, Max: 0, Diff: 0, Sum: 0, Workers: 4
[2737.882s][debug][gc,phases      ] GC(87)     Total                          Min: 0, Avg:  0.0, Max: 0, Diff: 0, Sum: 0, Workers: 4
[2737.882s][debug][gc,phases      ] GC(87)   Weak JFR Old Object Samples    Min:  0.0, Avg:  0.0, Max:  0.0, Diff:  0.0, Sum:  0.0, Workers: 4
[2737.882s][debug][gc,phases      ] GC(87)     Dead                           Min: 0, Avg:  0.0, Max: 0, Diff: 0, Sum: 0, Workers: 4
[2737.882s][debug][gc,phases      ] GC(87)     Total                          Min: 0, Avg:  0.0, Max: 0, Diff: 0, Sum: 0, Workers: 4
[2737.882s][debug][gc,phases      ] GC(87) Weak Processing 0.444ms
[2737.882s][debug][gc,age         ] GC(87) Desired survivor size 174587904 bytes, new threshold 15 (max threshold 15)
[2737.882s][info ][gc,heap        ] GC(87) PSYoungGen: 1795344K(1907200K)->89920K(1926656K) Eden: 1721344K(1721344K)->0K(1748992K) From: 74000K(185856K)->89920K(177664K)
[2737.882s][info ][gc,heap        ] GC(87) ParOldGen: 425824K(527360K)->425824K(527360K)
[2737.882s][info ][gc,metaspace   ] GC(87) Metaspace: 84189K(85312K)->84189K(85312K) NonClass: 72253K(72832K)->72253K(72832K) Class: 11936K(12480K)->11936K(12480K)
[2737.882s][info ][gc             ] GC(87) Pause Young (Allocation Failure) 2169M->503M(2396M) 22.323ms
[2737.882s][info ][gc,cpu         ] GC(87) User=0.08s Sys=0.00s Real=0.02s
[2737.882s][info ][safepoint      ] Safepoint "ParallelGCFailedAllocation", Time since last: 28177026584 ns, Reaching safepoint: 44200 ns, At safepoint: 22465878 ns, Total: 22510078 ns
[2758.883s][info ][safepoint      ] Safepoint "Cleanup", Time since last: 21001490916 ns, Reaching safepoint: 55501 ns, At safepoint: 3400 ns, Total: 58901 ns
[2774.885s][info ][safepoint      ] Safepoint "Cleanup", Time since last: 16001183696 ns, Reaching safepoint: 55301 ns, At safepoint: 4500 ns, Total: 59801 ns
[2788.886s][info ][safepoint      ] Safepoint "Cleanup", Time since last: 14000993491 ns, Reaching safepoint: 46501 ns, At safepoint: 35900 ns, Total: 82401 ns
[2794.886s][info ][safepoint      ] Safepoint "Cleanup", Time since last: 6000433119 ns, Reaching safepoint: 45901 ns, At safepoint: 9500 ns, Total: 55401 ns
[2801.953s][info ][gc,start       ] GC(88) Pause Young (Allocation Failure)
[2801.971s][debug][gc,phases      ] GC(88) Scavenge 17.495ms
[2801.971s][debug][gc,ref         ] GC(88) Skipped phase 1 of Reference Processing: no references
[2801.971s][debug][gc,ref         ] GC(88) ReferenceProcessor::execute queues: 1, RefProcThreadModel::Single, marks_oops_alive: false
[2801.971s][debug][gc,ref         ] GC(88) Skipped phase 3 of Reference Processing: no references
[2801.971s][debug][gc,ref         ] GC(88) ReferenceProcessor::execute queues: 1, RefProcThreadModel::Single, marks_oops_alive: false
[2801.971s][debug][gc,phases      ] GC(88) Reference Processing 0.106ms
[2801.971s][debug][gc,phases      ] GC(88)   VM Weak                        Min:  0.0, Avg:  0.0, Max:  0.0, Diff:  0.0, Sum:  0.0, Workers: 4
[2801.971s][debug][gc,phases      ] GC(88)     Dead                           Min: 0, Avg:  0.0, Max: 0, Diff: 0, Sum: 0, Workers: 4
[2801.971s][debug][gc,phases      ] GC(88)     Total                          Min: 0, Avg: 238.5, Max: 448, Diff: 448, Sum: 954, Workers: 4
[2801.971s][debug][gc,phases      ] GC(88)   ObjectSynchronizer Weak        Min:  0.0, Avg:  0.0, Max:  0.0, Diff:  0.0, Sum:  0.0, Workers: 4
[2801.971s][debug][gc,phases      ] GC(88)     Dead                           Min: 0, Avg:  0.0, Max: 0, Diff: 0, Sum: 0, Workers: 4
[2801.971s][debug][gc,phases      ] GC(88)     Total                          Min: 0, Avg: 13.5, Max: 54, Diff: 54, Sum: 54, Workers: 4
[2801.971s][debug][gc,phases      ] GC(88)   JVMTI Tag Weak OopStorage      Min:  0.0, Avg:  0.0, Max:  0.0, Diff:  0.0, Sum:  0.0, Workers: 4
[2801.971s][debug][gc,phases      ] GC(88)     Dead                           Min: 0, Avg:  0.0, Max: 0, Diff: 0, Sum: 0, Workers: 4
[2801.971s][debug][gc,phases      ] GC(88)     Total                          Min: 0, Avg:  0.0, Max: 0, Diff: 0, Sum: 0, Workers: 4
[2801.971s][debug][gc,phases      ] GC(88)   StringTable Weak               Min:  0.0, Avg:  0.1, Max:  0.1, Diff:  0.1, Sum:  0.4, Workers: 4
[2801.971s][debug][gc,phases      ] GC(88)     Dead                           Min: 0, Avg:  0.0, Max: 0, Diff: 0, Sum: 0, Workers: 4
[2801.971s][debug][gc,phases      ] GC(88)     Total                          Min: 0, Avg: 11025.2, Max: 17792, Diff: 17792, Sum: 44101, Workers: 4
[2801.971s][debug][gc,phases      ] GC(88)   ResolvedMethodTable Weak       Min:  0.0, Avg:  0.0, Max:  0.0, Diff:  0.0, Sum:  0.1, Workers: 4
[2801.971s][debug][gc,phases      ] GC(88)     Dead                           Min: 0, Avg:  0.0, Max: 0, Diff: 0, Sum: 0, Workers: 4
[2801.971s][debug][gc,phases      ] GC(88)     Total                          Min: 0, Avg: 2479.5, Max: 4032, Diff: 4032, Sum: 9918, Workers: 4
[2801.971s][debug][gc,phases      ] GC(88)   JNI Weak                       Min:  0.0, Avg:  0.0, Max:  0.0, Diff:  0.0, Sum:  0.0, Workers: 4
[2801.971s][debug][gc,phases      ] GC(88)     Dead                           Min: 0, Avg:  0.0, Max: 0, Diff: 0, Sum: 0, Workers: 4
[2801.971s][debug][gc,phases      ] GC(88)     Total                          Min: 0, Avg: 11.2, Max: 45, Diff: 45, Sum: 45, Workers: 4
[2801.971s][debug][gc,phases      ] GC(88)   StringDedup Table Weak         Min:  0.0, Avg:  0.0, Max:  0.0, Diff:  0.0, Sum:  0.0, Workers: 4
[2801.971s][debug][gc,phases      ] GC(88)     Dead                           Min: 0, Avg:  0.0, Max: 0, Diff: 0, Sum: 0, Workers: 4
[2801.971s][debug][gc,phases      ] GC(88)     Total                          Min: 0, Avg:  0.0, Max: 0, Diff: 0, Sum: 0, Workers: 4
[2801.971s][debug][gc,phases      ] GC(88)   StringDedup Requests0 Weak     Min:  0.0, Avg:  0.0, Max:  0.0, Diff:  0.0, Sum:  0.0, Workers: 4
[2801.971s][debug][gc,phases      ] GC(88)     Dead                           Min: 0, Avg:  0.0, Max: 0, Diff: 0, Sum: 0, Workers: 4
[2801.971s][debug][gc,phases      ] GC(88)     Total                          Min: 0, Avg:  0.0, Max: 0, Diff: 0, Sum: 0, Workers: 4
[2801.971s][debug][gc,phases      ] GC(88)   StringDedup Requests1 Weak     Min:  0.0, Avg:  0.0, Max:  0.0, Diff:  0.0, Sum:  0.0, Workers: 4
[2801.971s][debug][gc,phases      ] GC(88)     Dead                           Min: 0, Avg:  0.0, Max: 0, Diff: 0, Sum: 0, Workers: 4
[2801.971s][debug][gc,phases      ] GC(88)     Total                          Min: 0, Avg:  0.0, Max: 0, Diff: 0, Sum: 0, Workers: 4
[2801.971s][debug][gc,phases      ] GC(88)   Weak JFR Old Object Samples    Min:  0.0, Avg:  0.0, Max:  0.0, Diff:  0.0, Sum:  0.0, Workers: 4
[2801.971s][debug][gc,phases      ] GC(88)     Dead                           Min: 0, Avg:  0.0, Max: 0, Diff: 0, Sum: 0, Workers: 4
[2801.971s][debug][gc,phases      ] GC(88)     Total                          Min: 0, Avg:  0.0, Max: 0, Diff: 0, Sum: 0, Workers: 4
[2801.971s][debug][gc,phases      ] GC(88) Weak Processing 0.327ms
[2801.971s][debug][gc,age         ] GC(88) Desired survivor size 166199296 bytes, new threshold 15 (max threshold 15)
[2801.971s][info ][gc,heap        ] GC(88) PSYoungGen: 1838912K(1926656K)->83408K(1919488K) Eden: 1748992K(1748992K)->0K(1748992K) From: 89920K(177664K)->83408K(170496K)
[2801.971s][info ][gc,heap        ] GC(88) ParOldGen: 425824K(527360K)->425824K(527360K)
[2801.971s][info ][gc,metaspace   ] GC(88) Metaspace: 84196K(85312K)->84196K(85312K) NonClass: 72260K(72832K)->72260K(72832K) Class: 11936K(12480K)->11936K(12480K)
[2801.971s][info ][gc             ] GC(88) Pause Young (Allocation Failure) 2211M->497M(2389M) 18.078ms
[2801.971s][info ][gc,cpu         ] GC(88) User=0.06s Sys=0.00s Real=0.02s
[2801.972s][info ][safepoint      ] Safepoint "ParallelGCFailedAllocation", Time since last: 7067236935 ns, Reaching safepoint: 30900 ns, At safepoint: 18147344 ns, Total: 18178244 ns
[2806.972s][info ][safepoint      ] Safepoint "Cleanup", Time since last: 5000326598 ns, Reaching safepoint: 46501 ns, At safepoint: 4400 ns, Total: 50901 ns
[2813.973s][info ][safepoint      ] Safepoint "Cleanup", Time since last: 7000501377 ns, Reaching safepoint: 185702 ns, At safepoint: 11600 ns, Total: 197302 ns
[2814.973s][info ][safepoint      ] Safepoint "Cleanup", Time since last: 1000138695 ns, Reaching safepoint: 102201 ns, At safepoint: 5500 ns, Total: 107701 ns
[2818.973s][info ][safepoint      ] Safepoint "Cleanup", Time since last: 4000287277 ns, Reaching safepoint: 48801 ns, At safepoint: 27800 ns, Total: 76601 ns
[2839.028s][info ][safepoint      ] Safepoint "Cleanup", Time since last: 20054447951 ns, Reaching safepoint: 68500 ns, At safepoint: 3900 ns, Total: 72400 ns
[2845.509s][info ][gc,start       ] GC(89) Pause Young (Allocation Failure)
[2845.532s][debug][gc,phases      ] GC(89) Scavenge 23.015ms
[2845.532s][debug][gc,ref         ] GC(89) Skipped phase 1 of Reference Processing: no references
[2845.532s][debug][gc,ref         ] GC(89) ReferenceProcessor::execute queues: 1, RefProcThreadModel::Single, marks_oops_alive: false
[2845.532s][debug][gc,ref         ] GC(89) Skipped phase 3 of Reference Processing: no references
[2845.532s][debug][gc,ref         ] GC(89) ReferenceProcessor::execute queues: 1, RefProcThreadModel::Single, marks_oops_alive: false
[2845.532s][debug][gc,phases      ] GC(89) Reference Processing 0.157ms
[2845.532s][debug][gc,phases      ] GC(89)   VM Weak                        Min:  0.0, Avg:  0.0, Max:  0.0, Diff:  0.0, Sum:  0.0, Workers: 4
[2845.532s][debug][gc,phases      ] GC(89)     Dead                           Min: 0, Avg:  0.0, Max: 0, Diff: 0, Sum: 0, Workers: 4
[2845.532s][debug][gc,phases      ] GC(89)     Total                          Min: 0, Avg: 238.5, Max: 634, Diff: 634, Sum: 954, Workers: 4
[2845.532s][debug][gc,phases      ] GC(89)   ObjectSynchronizer Weak        Min:  0.0, Avg:  0.0, Max:  0.0, Diff:  0.0, Sum:  0.0, Workers: 4
[2845.532s][debug][gc,phases      ] GC(89)     Dead                           Min: 0, Avg:  0.0, Max: 0, Diff: 0, Sum: 0, Workers: 4
[2845.532s][debug][gc,phases      ] GC(89)     Total                          Min: 0, Avg: 13.5, Max: 54, Diff: 54, Sum: 54, Workers: 4
[2845.532s][debug][gc,phases      ] GC(89)   JVMTI Tag Weak OopStorage      Min:  0.0, Avg:  0.0, Max:  0.0, Diff:  0.0, Sum:  0.0, Workers: 4
[2845.532s][debug][gc,phases      ] GC(89)     Dead                           Min: 0, Avg:  0.0, Max: 0, Diff: 0, Sum: 0, Workers: 4
[2845.532s][debug][gc,phases      ] GC(89)     Total                          Min: 0, Avg:  0.0, Max: 0, Diff: 0, Sum: 0, Workers: 4
[2845.532s][debug][gc,phases      ] GC(89)   StringTable Weak               Min:  0.0, Avg:  0.1, Max:  0.2, Diff:  0.2, Sum:  0.4, Workers: 4
[2845.532s][debug][gc,phases      ] GC(89)     Dead                           Min: 0, Avg:  0.0, Max: 0, Diff: 0, Sum: 0, Workers: 4
[2845.532s][debug][gc,phases      ] GC(89)     Total                          Min: 0, Avg: 11025.2, Max: 22527, Diff: 22527, Sum: 44101, Workers: 4
[2845.532s][debug][gc,phases      ] GC(89)   ResolvedMethodTable Weak       Min:  0.0, Avg:  0.0, Max:  0.0, Diff:  0.0, Sum:  0.1, Workers: 4
[2845.532s][debug][gc,phases      ] GC(89)     Dead                           Min: 0, Avg:  0.0, Max: 0, Diff: 0, Sum: 0, Workers: 4
[2845.532s][debug][gc,phases      ] GC(89)     Total                          Min: 0, Avg: 2479.5, Max: 4672, Diff: 4672, Sum: 9918, Workers: 4
[2845.532s][debug][gc,phases      ] GC(89)   JNI Weak                       Min:  0.0, Avg:  0.0, Max:  0.0, Diff:  0.0, Sum:  0.0, Workers: 4
[2845.532s][debug][gc,phases      ] GC(89)     Dead                           Min: 0, Avg:  0.0, Max: 0, Diff: 0, Sum: 0, Workers: 4
[2845.532s][debug][gc,phases      ] GC(89)     Total                          Min: 0, Avg: 11.2, Max: 45, Diff: 45, Sum: 45, Workers: 4
[2845.533s][debug][gc,phases      ] GC(89)   StringDedup Table Weak         Min:  0.0, Avg:  0.0, Max:  0.0, Diff:  0.0, Sum:  0.0, Workers: 4
[2845.533s][debug][gc,phases      ] GC(89)     Dead                           Min: 0, Avg:  0.0, Max: 0, Diff: 0, Sum: 0, Workers: 4
[2845.533s][debug][gc,phases      ] GC(89)     Total                          Min: 0, Avg:  0.0, Max: 0, Diff: 0, Sum: 0, Workers: 4
[2845.533s][debug][gc,phases      ] GC(89)   StringDedup Requests0 Weak     Min:  0.0, Avg:  0.0, Max:  0.0, Diff:  0.0, Sum:  0.0, Workers: 4
[2845.533s][debug][gc,phases      ] GC(89)     Dead                           Min: 0, Avg:  0.0, Max: 0, Diff: 0, Sum: 0, Workers: 4
[2845.533s][debug][gc,phases      ] GC(89)     Total                          Min: 0, Avg:  0.0, Max: 0, Diff: 0, Sum: 0, Workers: 4
[2845.533s][debug][gc,phases      ] GC(89)   StringDedup Requests1 Weak     Min:  0.0, Avg:  0.0, Max:  0.0, Diff:  0.0, Sum:  0.0, Workers: 4
[2845.533s][debug][gc,phases      ] GC(89)     Dead                           Min: 0, Avg:  0.0, Max: 0, Diff: 0, Sum: 0, Workers: 4
[2845.533s][debug][gc,phases      ] GC(89)     Total                          Min: 0, Avg:  0.0, Max: 0, Diff: 0, Sum: 0, Workers: 4
[2845.533s][debug][gc,phases      ] GC(89)   Weak JFR Old Object Samples    Min:  0.0, Avg:  0.0, Max:  0.0, Diff:  0.0, Sum:  0.0, Workers: 4
[2845.533s][debug][gc,phases      ] GC(89)     Dead                           Min: 0, Avg:  0.0, Max: 0, Diff: 0, Sum: 0, Workers: 4
[2845.533s][debug][gc,phases      ] GC(89)     Total                          Min: 0, Avg:  0.0, Max: 0, Diff: 0, Sum: 0, Workers: 4
[2845.533s][debug][gc,phases      ] GC(89) Weak Processing 0.443ms
[2845.533s][debug][gc,age         ] GC(89) Desired survivor size 163577856 bytes, new threshold 15 (max threshold 15)
[2845.533s][info ][gc,heap        ] GC(89) PSYoungGen: 1832400K(1919488K)->98656K(1937408K) Eden: 1748992K(1748992K)->0K(1775104K) From: 83408K(170496K)->98656K(162304K)
[2845.533s][info ][gc,heap        ] GC(89) ParOldGen: 425824K(527360K)->425824K(527360K)
[2845.533s][info ][gc,metaspace   ] GC(89) Metaspace: 84197K(85312K)->84197K(85312K) NonClass: 72261K(72832K)->72261K(72832K) Class: 11936K(12480K)->11936K(12480K)
[2845.533s][info ][gc             ] GC(89) Pause Young (Allocation Failure) 2205M->512M(2407M) 23.749ms
[2845.533s][info ][gc,cpu         ] GC(89) User=0.09s Sys=0.00s Real=0.02s
[2845.533s][info ][safepoint      ] Safepoint "ParallelGCFailedAllocation", Time since last: 6480953453 ns, Reaching safepoint: 124601 ns, At safepoint: 23823089 ns, Total: 23947690 ns
[2854.534s][info ][safepoint      ] Safepoint "Cleanup", Time since last: 9001068002 ns, Reaching safepoint: 65201 ns, At safepoint: 7700 ns, Total: 72901 ns
[2855.596s][info ][safepoint      ] Safepoint "Cleanup", Time since last: 1061599890 ns, Reaching safepoint: 160201 ns, At safepoint: 9000 ns, Total: 169201 ns
[2856.267s][info ][gc,start       ] GC(90) Pause Young (Allocation Failure)
[2856.326s][debug][gc,phases      ] GC(90) Scavenge 58.884ms
[2856.326s][debug][gc,ref         ] GC(90) Skipped phase 1 of Reference Processing: no references
[2856.326s][debug][gc,ref         ] GC(90) ReferenceProcessor::execute queues: 1, RefProcThreadModel::Single, marks_oops_alive: false
[2856.326s][debug][gc,ref         ] GC(90) Skipped phase 3 of Reference Processing: no references
[2856.326s][debug][gc,ref         ] GC(90) ReferenceProcessor::execute queues: 1, RefProcThreadModel::Single, marks_oops_alive: false
[2856.326s][debug][gc,phases      ] GC(90) Reference Processing 0.144ms
[2856.326s][debug][gc,phases      ] GC(90)   VM Weak                        Min:  0.0, Avg:  0.0, Max:  0.0, Diff:  0.0, Sum:  0.0, Workers: 4
[2856.326s][debug][gc,phases      ] GC(90)     Dead                           Min: 0, Avg:  0.0, Max: 0, Diff: 0, Sum: 0, Workers: 4
[2856.326s][debug][gc,phases      ] GC(90)     Total                          Min: 0, Avg: 238.5, Max: 384, Diff: 384, Sum: 954, Workers: 4
[2856.326s][debug][gc,phases      ] GC(90)   ObjectSynchronizer Weak        Min:  0.0, Avg:  0.0, Max:  0.0, Diff:  0.0, Sum:  0.0, Workers: 4
[2856.326s][debug][gc,phases      ] GC(90)     Dead                           Min: 0, Avg:  0.0, Max: 0, Diff: 0, Sum: 0, Workers: 4
[2856.326s][debug][gc,phases      ] GC(90)     Total                          Min: 0, Avg: 13.5, Max: 54, Diff: 54, Sum: 54, Workers: 4
[2856.326s][debug][gc,phases      ] GC(90)   JVMTI Tag Weak OopStorage      Min:  0.0, Avg:  0.0, Max:  0.0, Diff:  0.0, Sum:  0.0, Workers: 4
[2856.326s][debug][gc,phases      ] GC(90)     Dead                           Min: 0, Avg:  0.0, Max: 0, Diff: 0, Sum: 0, Workers: 4
[2856.326s][debug][gc,phases      ] GC(90)     Total                          Min: 0, Avg:  0.0, Max: 0, Diff: 0, Sum: 0, Workers: 4
[2856.326s][debug][gc,phases      ] GC(90)   StringTable Weak               Min:  0.0, Avg:  0.1, Max:  0.1, Diff:  0.1, Sum:  0.4, Workers: 4
[2856.326s][debug][gc,phases      ] GC(90)     Dead                           Min: 0, Avg:  0.0, Max: 0, Diff: 0, Sum: 0, Workers: 4
[2856.326s][debug][gc,phases      ] GC(90)     Total                          Min: 0, Avg: 11026.0, Max: 18184, Diff: 18184, Sum: 44104, Workers: 4
[2856.326s][debug][gc,phases      ] GC(90)   ResolvedMethodTable Weak       Min:  0.0, Avg:  0.0, Max:  0.0, Diff:  0.0, Sum:  0.1, Workers: 4
[2856.326s][debug][gc,phases      ] GC(90)     Dead                           Min: 0, Avg:  0.0, Max: 0, Diff: 0, Sum: 0, Workers: 4
[2856.326s][debug][gc,phases      ] GC(90)     Total                          Min: 0, Avg: 2481.0, Max: 3968, Diff: 3968, Sum: 9924, Workers: 4
[2856.326s][debug][gc,phases      ] GC(90)   JNI Weak                       Min:  0.0, Avg:  0.0, Max:  0.0, Diff:  0.0, Sum:  0.0, Workers: 4
[2856.326s][debug][gc,phases      ] GC(90)     Dead                           Min: 0, Avg:  0.0, Max: 0, Diff: 0, Sum: 0, Workers: 4
[2856.326s][debug][gc,phases      ] GC(90)     Total                          Min: 0, Avg: 11.2, Max: 45, Diff: 45, Sum: 45, Workers: 4
[2856.326s][debug][gc,phases      ] GC(90)   StringDedup Table Weak         Min:  0.0, Avg:  0.0, Max:  0.0, Diff:  0.0, Sum:  0.0, Workers: 4
[2856.326s][debug][gc,phases      ] GC(90)     Dead                           Min: 0, Avg:  0.0, Max: 0, Diff: 0, Sum: 0, Workers: 4
[2856.326s][debug][gc,phases      ] GC(90)     Total                          Min: 0, Avg:  0.0, Max: 0, Diff: 0, Sum: 0, Workers: 4
[2856.326s][debug][gc,phases      ] GC(90)   StringDedup Requests0 Weak     Min:  0.0, Avg:  0.0, Max:  0.0, Diff:  0.0, Sum:  0.0, Workers: 4
[2856.326s][debug][gc,phases      ] GC(90)     Dead                           Min: 0, Avg:  0.0, Max: 0, Diff: 0, Sum: 0, Workers: 4
[2856.326s][debug][gc,phases      ] GC(90)     Total                          Min: 0, Avg:  0.0, Max: 0, Diff: 0, Sum: 0, Workers: 4
[2856.326s][debug][gc,phases      ] GC(90)   StringDedup Requests1 Weak     Min:  0.0, Avg:  0.0, Max:  0.0, Diff:  0.0, Sum:  0.0, Workers: 4
[2856.326s][debug][gc,phases      ] GC(90)     Dead                           Min: 0, Avg:  0.0, Max: 0, Diff: 0, Sum: 0, Workers: 4
[2856.326s][debug][gc,phases      ] GC(90)     Total                          Min: 0, Avg:  0.0, Max: 0, Diff: 0, Sum: 0, Workers: 4
[2856.326s][debug][gc,phases      ] GC(90)   Weak JFR Old Object Samples    Min:  0.0, Avg:  0.0, Max:  0.0, Diff:  0.0, Sum:  0.0, Workers: 4
[2856.326s][debug][gc,phases      ] GC(90)     Dead                           Min: 0, Avg:  0.0, Max: 0, Diff: 0, Sum: 0, Workers: 4
[2856.326s][debug][gc,phases      ] GC(90)     Total                          Min: 0, Avg:  0.0, Max: 0, Diff: 0, Sum: 0, Workers: 4
[2856.326s][debug][gc,phases      ] GC(90) Weak Processing 0.318ms
[2856.326s][debug][gc,age         ] GC(90) Desired survivor size 192413696 bytes, new threshold 14 (max threshold 15)
[2856.326s][info ][gc,heap        ] GC(90) PSYoungGen: 1873760K(1937408K)->159712K(1934848K) Eden: 1775104K(1775104K)->0K(1775104K) From: 98656K(162304K)->159712K(159744K)
[2856.326s][info ][gc,heap        ] GC(90) ParOldGen: 425824K(527360K)->447216K(527360K)
[2856.326s][info ][gc,metaspace   ] GC(90) Metaspace: 84225K(85376K)->84225K(85376K) NonClass: 72286K(72896K)->72286K(72896K) Class: 11939K(12480K)->11939K(12480K)
[2856.326s][info ][gc             ] GC(90) Pause Young (Allocation Failure) 2245M->592M(2404M) 59.470ms
[2856.326s][info ][gc,cpu         ] GC(90) User=0.20s Sys=0.00s Real=0.06s
[2856.326s][info ][safepoint      ] Safepoint "ParallelGCFailedAllocation", Time since last: 671188205 ns, Reaching safepoint: 108401 ns, At safepoint: 59536971 ns, Total: 59645372 ns
[2857.326s][info ][safepoint      ] Safepoint "Cleanup", Time since last: 1000078604 ns, Reaching safepoint: 45700 ns, At safepoint: 2900 ns, Total: 48600 ns
[2859.327s][info ][safepoint      ] Safepoint "Cleanup", Time since last: 2000183209 ns, Reaching safepoint: 50500 ns, At safepoint: 3300 ns, Total: 53800 ns
[2861.327s][info ][safepoint      ] Safepoint "Cleanup", Time since last: 2000174800 ns, Reaching safepoint: 51200 ns, At safepoint: 3800 ns, Total: 55000 ns
[2862.327s][info ][safepoint      ] Safepoint "Cleanup", Time since last: 1000115399 ns, Reaching safepoint: 97401 ns, At safepoint: 9800 ns, Total: 107201 ns
[2864.327s][info ][safepoint      ] Safepoint "Cleanup", Time since last: 2000169497 ns, Reaching safepoint: 42201 ns, At safepoint: 3000 ns, Total: 45201 ns
[2865.328s][info ][safepoint      ] Safepoint "Cleanup", Time since last: 1000107098 ns, Reaching safepoint: 42601 ns, At safepoint: 4800 ns, Total: 47401 ns
[2866.328s][info ][safepoint      ] Safepoint "Cleanup", Time since last: 1000106099 ns, Reaching safepoint: 45800 ns, At safepoint: 4400 ns, Total: 50200 ns
[2871.328s][info ][safepoint      ] Safepoint "Cleanup", Time since last: 5000378254 ns, Reaching safepoint: 41201 ns, At safepoint: 4300 ns, Total: 45501 ns
[2875.510s][info ][gc,start       ] GC(91) Pause Young (Allocation Failure)
[2875.555s][debug][gc,phases      ] GC(91) Scavenge 44.955ms
[2875.555s][debug][gc,ref         ] GC(91) Skipped phase 1 of Reference Processing: no references
[2875.555s][debug][gc,ref         ] GC(91) ReferenceProcessor::execute queues: 1, RefProcThreadModel::Single, marks_oops_alive: false
[2875.555s][debug][gc,ref         ] GC(91) Skipped phase 3 of Reference Processing: no references
[2875.555s][debug][gc,ref         ] GC(91) ReferenceProcessor::execute queues: 1, RefProcThreadModel::Single, marks_oops_alive: false
[2875.555s][debug][gc,phases      ] GC(91) Reference Processing 0.101ms
[2875.555s][debug][gc,phases      ] GC(91)   VM Weak                        Min:  0.0, Avg:  0.0, Max:  0.0, Diff:  0.0, Sum:  0.0, Workers: 4
[2875.555s][debug][gc,phases      ] GC(91)     Dead                           Min: 0, Avg:  0.0, Max: 0, Diff: 0, Sum: 0, Workers: 4
[2875.555s][debug][gc,phases      ] GC(91)     Total                          Min: 0, Avg: 238.5, Max: 762, Diff: 762, Sum: 954, Workers: 4
[2875.555s][debug][gc,phases      ] GC(91)   ObjectSynchronizer Weak        Min:  0.0, Avg:  0.0, Max:  0.0, Diff:  0.0, Sum:  0.0, Workers: 4
[2875.555s][debug][gc,phases      ] GC(91)     Dead                           Min: 0, Avg:  0.0, Max: 0, Diff: 0, Sum: 0, Workers: 4
[2875.555s][debug][gc,phases      ] GC(91)     Total                          Min: 0, Avg: 13.5, Max: 54, Diff: 54, Sum: 54, Workers: 4
[2875.555s][debug][gc,phases      ] GC(91)   JVMTI Tag Weak OopStorage      Min:  0.0, Avg:  0.0, Max:  0.0, Diff:  0.0, Sum:  0.0, Workers: 4
[2875.555s][debug][gc,phases      ] GC(91)     Dead                           Min: 0, Avg:  0.0, Max: 0, Diff: 0, Sum: 0, Workers: 4
[2875.555s][debug][gc,phases      ] GC(91)     Total                          Min: 0, Avg:  0.0, Max: 0, Diff: 0, Sum: 0, Workers: 4
[2875.555s][debug][gc,phases      ] GC(91)   StringTable Weak               Min:  0.0, Avg:  0.1, Max:  0.1, Diff:  0.1, Sum:  0.4, Workers: 4
[2875.555s][debug][gc,phases      ] GC(91)     Dead                           Min: 0, Avg:  0.0, Max: 0, Diff: 0, Sum: 0, Workers: 4
[2875.555s][debug][gc,phases      ] GC(91)     Total                          Min: 0, Avg: 11026.0, Max: 18505, Diff: 18505, Sum: 44104, Workers: 4
[2875.555s][debug][gc,phases      ] GC(91)   ResolvedMethodTable Weak       Min:  0.0, Avg:  0.0, Max:  0.0, Diff:  0.0, Sum:  0.1, Workers: 4
[2875.555s][debug][gc,phases      ] GC(91)     Dead                           Min: 0, Avg:  0.0, Max: 0, Diff: 0, Sum: 0, Workers: 4
[2875.555s][debug][gc,phases      ] GC(91)     Total                          Min: 0, Avg: 2481.0, Max: 4160, Diff: 4160, Sum: 9924, Workers: 4
[2875.555s][debug][gc,phases      ] GC(91)   JNI Weak                       Min:  0.0, Avg:  0.0, Max:  0.0, Diff:  0.0, Sum:  0.0, Workers: 4
[2875.555s][debug][gc,phases      ] GC(91)     Dead                           Min: 0, Avg:  0.0, Max: 0, Diff: 0, Sum: 0, Workers: 4
[2875.555s][debug][gc,phases      ] GC(91)     Total                          Min: 0, Avg: 11.2, Max: 45, Diff: 45, Sum: 45, Workers: 4
[2875.555s][debug][gc,phases      ] GC(91)   StringDedup Table Weak         Min:  0.0, Avg:  0.0, Max:  0.0, Diff:  0.0, Sum:  0.0, Workers: 4
[2875.555s][debug][gc,phases      ] GC(91)     Dead                           Min: 0, Avg:  0.0, Max: 0, Diff: 0, Sum: 0, Workers: 4
[2875.555s][debug][gc,phases      ] GC(91)     Total                          Min: 0, Avg:  0.0, Max: 0, Diff: 0, Sum: 0, Workers: 4
[2875.555s][debug][gc,phases      ] GC(91)   StringDedup Requests0 Weak     Min:  0.0, Avg:  0.0, Max:  0.0, Diff:  0.0, Sum:  0.0, Workers: 4
[2875.555s][debug][gc,phases      ] GC(91)     Dead                           Min: 0, Avg:  0.0, Max: 0, Diff: 0, Sum: 0, Workers: 4
[2875.555s][debug][gc,phases      ] GC(91)     Total                          Min: 0, Avg:  0.0, Max: 0, Diff: 0, Sum: 0, Workers: 4
[2875.555s][debug][gc,phases      ] GC(91)   StringDedup Requests1 Weak     Min:  0.0, Avg:  0.0, Max:  0.0, Diff:  0.0, Sum:  0.0, Workers: 4
[2875.555s][debug][gc,phases      ] GC(91)     Dead                           Min: 0, Avg:  0.0, Max: 0, Diff: 0, Sum: 0, Workers: 4
[2875.555s][debug][gc,phases      ] GC(91)     Total                          Min: 0, Avg:  0.0, Max: 0, Diff: 0, Sum: 0, Workers: 4
[2875.555s][debug][gc,phases      ] GC(91)   Weak JFR Old Object Samples    Min:  0.0, Avg:  0.0, Max:  0.0, Diff:  0.0, Sum:  0.0, Workers: 4
[2875.555s][debug][gc,phases      ] GC(91)     Dead                           Min: 0, Avg:  0.0, Max: 0, Diff: 0, Sum: 0, Workers: 4
[2875.555s][debug][gc,phases      ] GC(91)     Total                          Min: 0, Avg:  0.0, Max: 0, Diff: 0, Sum: 0, Workers: 4
[2875.555s][debug][gc,phases      ] GC(91) Weak Processing 0.319ms
[2875.555s][debug][gc,age         ] GC(91) Desired survivor size 207093760 bytes, new threshold 15 (max threshold 15)
[2875.555s][info ][gc,heap        ] GC(91) PSYoungGen: 1934816K(1934848K)->159584K(1854976K) Eden: 1775104K(1775104K)->0K(1692672K) From: 159712K(159744K)->159584K(162304K)
[2875.555s][info ][gc,heap        ] GC(91) ParOldGen: 447216K(527360K)->447216K(527360K)
[2875.555s][info ][gc,metaspace   ] GC(91) Metaspace: 84228K(85376K)->84228K(85376K) NonClass: 72288K(72896K)->72288K(72896K) Class: 11939K(12480K)->11939K(12480K)
[2875.555s][info ][gc             ] GC(91) Pause Young (Allocation Failure) 2326M->592M(2326M) 45.506ms
[2875.555s][info ][gc,cpu         ] GC(91) User=0.16s Sys=0.00s Real=0.04s
[2875.555s][info ][safepoint      ] Safepoint "ParallelGCFailedAllocation", Time since last: 4181373196 ns, Reaching safepoint: 25901 ns, At safepoint: 45573160 ns, Total: 45599061 ns
[2882.556s][info ][safepoint      ] Safepoint "Cleanup", Time since last: 7000518264 ns, Reaching safepoint: 134901 ns, At safepoint: 31300 ns, Total: 166201 ns
[2885.556s][info ][safepoint      ] Safepoint "Cleanup", Time since last: 3000263549 ns, Reaching safepoint: 111001 ns, At safepoint: 12500 ns, Total: 123501 ns
[2886.556s][info ][safepoint      ] Safepoint "Cleanup", Time since last: 1000090011 ns, Reaching safepoint: 117200 ns, At safepoint: 4800 ns, Total: 122000 ns
[2886.964s][info ][safepoint      ] Safepoint "ParallelGCFailedAllocation", Time since last: 407345323 ns, Reaching safepoint: 102900 ns, At safepoint: 13401 ns, Total: 116301 ns
[2886.964s][info ][gc,start       ] GC(92) Pause Young (GCLocker Initiated GC)
[2887.010s][debug][gc,phases      ] GC(92) Scavenge 45.868ms
[2887.010s][debug][gc,ref         ] GC(92) Skipped phase 1 of Reference Processing: no references
[2887.010s][debug][gc,ref         ] GC(92) ReferenceProcessor::execute queues: 1, RefProcThreadModel::Single, marks_oops_alive: false
[2887.010s][debug][gc,ref         ] GC(92) Skipped phase 3 of Reference Processing: no references
[2887.010s][debug][gc,ref         ] GC(92) ReferenceProcessor::execute queues: 1, RefProcThreadModel::Single, marks_oops_alive: false
[2887.010s][debug][gc,phases      ] GC(92) Reference Processing 0.125ms
[2887.010s][debug][gc,phases      ] GC(92)   VM Weak                        Min:  0.0, Avg:  0.0, Max:  0.0, Diff:  0.0, Sum:  0.0, Workers: 4
[2887.010s][debug][gc,phases      ] GC(92)     Dead                           Min: 0, Avg:  0.0, Max: 0, Diff: 0, Sum: 0, Workers: 4
[2887.010s][debug][gc,phases      ] GC(92)     Total                          Min: 64, Avg: 238.5, Max: 320, Diff: 256, Sum: 954, Workers: 4
[2887.010s][debug][gc,phases      ] GC(92)   ObjectSynchronizer Weak        Min:  0.0, Avg:  0.0, Max:  0.0, Diff:  0.0, Sum:  0.0, Workers: 4
[2887.010s][debug][gc,phases      ] GC(92)     Dead                           Min: 0, Avg:  0.0, Max: 0, Diff: 0, Sum: 0, Workers: 4
[2887.010s][debug][gc,phases      ] GC(92)     Total                          Min: 0, Avg: 13.5, Max: 54, Diff: 54, Sum: 54, Workers: 4
[2887.010s][debug][gc,phases      ] GC(92)   JVMTI Tag Weak OopStorage      Min:  0.0, Avg:  0.0, Max:  0.0, Diff:  0.0, Sum:  0.0, Workers: 4
[2887.010s][debug][gc,phases      ] GC(92)     Dead                           Min: 0, Avg:  0.0, Max: 0, Diff: 0, Sum: 0, Workers: 4
[2887.010s][debug][gc,phases      ] GC(92)     Total                          Min: 0, Avg:  0.0, Max: 0, Diff: 0, Sum: 0, Workers: 4
[2887.010s][debug][gc,phases      ] GC(92)   StringTable Weak               Min:  0.1, Avg:  0.1, Max:  0.1, Diff:  0.0, Sum:  0.4, Workers: 4
[2887.010s][debug][gc,phases      ] GC(92)     Dead                           Min: 0, Avg:  0.0, Max: 0, Diff: 0, Sum: 0, Workers: 4
[2887.010s][debug][gc,phases      ] GC(92)     Total                          Min: 10752, Avg: 11026.0, Max: 11455, Diff: 703, Sum: 44104, Workers: 4
[2887.010s][debug][gc,phases      ] GC(92)   ResolvedMethodTable Weak       Min:  0.0, Avg:  0.0, Max:  0.0, Diff:  0.0, Sum:  0.1, Workers: 4
[2887.010s][debug][gc,phases      ] GC(92)     Dead                           Min: 0, Avg:  0.0, Max: 0, Diff: 0, Sum: 0, Workers: 4
[2887.010s][debug][gc,phases      ] GC(92)     Total                          Min: 1152, Avg: 2481.0, Max: 3072, Diff: 1920, Sum: 9924, Workers: 4
[2887.010s][debug][gc,phases      ] GC(92)   JNI Weak                       Min:  0.0, Avg:  0.0, Max:  0.0, Diff:  0.0, Sum:  0.0, Workers: 4
[2887.010s][debug][gc,phases      ] GC(92)     Dead                           Min: 0, Avg:  0.0, Max: 0, Diff: 0, Sum: 0, Workers: 4
[2887.010s][debug][gc,phases      ] GC(92)     Total                          Min: 0, Avg: 11.2, Max: 45, Diff: 45, Sum: 45, Workers: 4
[2887.010s][debug][gc,phases      ] GC(92)   StringDedup Table Weak         Min:  0.0, Avg:  0.0, Max:  0.0, Diff:  0.0, Sum:  0.0, Workers: 4
[2887.010s][debug][gc,phases      ] GC(92)     Dead                           Min: 0, Avg:  0.0, Max: 0, Diff: 0, Sum: 0, Workers: 4
[2887.010s][debug][gc,phases      ] GC(92)     Total                          Min: 0, Avg:  0.0, Max: 0, Diff: 0, Sum: 0, Workers: 4
[2887.010s][debug][gc,phases      ] GC(92)   StringDedup Requests0 Weak     Min:  0.0, Avg:  0.0, Max:  0.0, Diff:  0.0, Sum:  0.0, Workers: 4
[2887.010s][debug][gc,phases      ] GC(92)     Dead                           Min: 0, Avg:  0.0, Max: 0, Diff: 0, Sum: 0, Workers: 4
[2887.010s][debug][gc,phases      ] GC(92)     Total                          Min: 0, Avg:  0.0, Max: 0, Diff: 0, Sum: 0, Workers: 4
[2887.010s][debug][gc,phases      ] GC(92)   StringDedup Requests1 Weak     Min:  0.0, Avg:  0.0, Max:  0.0, Diff:  0.0, Sum:  0.0, Workers: 4
[2887.010s][debug][gc,phases      ] GC(92)     Dead                           Min: 0, Avg:  0.0, Max: 0, Diff: 0, Sum: 0, Workers: 4
[2887.010s][debug][gc,phases      ] GC(92)     Total                          Min: 0, Avg:  0.0, Max: 0, Diff: 0, Sum: 0, Workers: 4
[2887.010s][debug][gc,phases      ] GC(92)   Weak JFR Old Object Samples    Min:  0.0, Avg:  0.0, Max:  0.0, Diff:  0.0, Sum:  0.0, Workers: 4
[2887.010s][debug][gc,phases      ] GC(92)     Dead                           Min: 0, Avg:  0.0, Max: 0, Diff: 0, Sum: 0, Workers: 4
[2887.010s][debug][gc,phases      ] GC(92)     Total                          Min: 0, Avg:  0.0, Max: 0, Diff: 0, Sum: 0, Workers: 4
[2887.010s][debug][gc,phases      ] GC(92) Weak Processing 0.300ms
[2887.010s][debug][gc,age         ] GC(92) Desired survivor size 225968128 bytes, new threshold 15 (max threshold 15)
[2887.010s][info ][gc,heap        ] GC(92) PSYoungGen: 1852256K(1854976K)->177892K(1870848K) Eden: 1692672K(1692672K)->0K(1692672K) From: 159584K(162304K)->177892K(178176K)
[2887.010s][info ][gc,heap        ] GC(92) ParOldGen: 447237K(527360K)->447237K(527360K)
[2887.010s][info ][gc,metaspace   ] GC(92) Metaspace: 84234K(85376K)->84234K(85376K) NonClass: 72295K(72896K)->72295K(72896K) Class: 11939K(12480K)->11939K(12480K)
[2887.010s][info ][gc             ] GC(92) Pause Young (GCLocker Initiated GC) 2245M->610M(2342M) 46.429ms
[2887.010s][info ][gc,cpu         ] GC(92) User=0.16s Sys=0.00s Real=0.05s
[2887.010s][info ][safepoint      ] Safepoint "ParallelGCSystemGC", Time since last: 64700 ns, Reaching safepoint: 81401 ns, At safepoint: 46493467 ns, Total: 46574868 ns
[2904.012s][info ][safepoint      ] Safepoint "Cleanup", Time since last: 17001186126 ns, Reaching safepoint: 114701 ns, At safepoint: 5200 ns, Total: 119901 ns
[2906.012s][info ][safepoint      ] Safepoint "Cleanup", Time since last: 2000153710 ns, Reaching safepoint: 115901 ns, At safepoint: 5400 ns, Total: 121301 ns
[2914.013s][info ][safepoint      ] Safepoint "Cleanup", Time since last: 8000575350 ns, Reaching safepoint: 111701 ns, At safepoint: 7700 ns, Total: 119401 ns
[2919.013s][info ][safepoint      ] Safepoint "Cleanup", Time since last: 5000431934 ns, Reaching safepoint: 124901 ns, At safepoint: 6100 ns, Total: 131001 ns
[2921.619s][info ][gc,start       ] GC(93) Pause Young (Allocation Failure)
[2921.660s][debug][gc,phases      ] GC(93) Scavenge 41.091ms
[2921.660s][debug][gc,ref         ] GC(93) Skipped phase 1 of Reference Processing: no references
[2921.660s][debug][gc,ref         ] GC(93) ReferenceProcessor::execute queues: 1, RefProcThreadModel::Single, marks_oops_alive: false
[2921.660s][debug][gc,ref         ] GC(93) Skipped phase 3 of Reference Processing: no references
[2921.660s][debug][gc,ref         ] GC(93) ReferenceProcessor::execute queues: 1, RefProcThreadModel::Single, marks_oops_alive: false
[2921.660s][debug][gc,phases      ] GC(93) Reference Processing 0.112ms
[2921.660s][debug][gc,phases      ] GC(93)   VM Weak                        Min:  0.0, Avg:  0.0, Max:  0.0, Diff:  0.0, Sum:  0.0, Workers: 4
[2921.660s][debug][gc,phases      ] GC(93)     Dead                           Min: 0, Avg:  0.0, Max: 0, Diff: 0, Sum: 0, Workers: 4
[2921.660s][debug][gc,phases      ] GC(93)     Total                          Min: 0, Avg: 238.5, Max: 704, Diff: 704, Sum: 954, Workers: 4
[2921.660s][debug][gc,phases      ] GC(93)   ObjectSynchronizer Weak        Min:  0.0, Avg:  0.0, Max:  0.0, Diff:  0.0, Sum:  0.0, Workers: 4
[2921.660s][debug][gc,phases      ] GC(93)     Dead                           Min: 0, Avg:  0.0, Max: 0, Diff: 0, Sum: 0, Workers: 4
[2921.660s][debug][gc,phases      ] GC(93)     Total                          Min: 0, Avg: 13.5, Max: 54, Diff: 54, Sum: 54, Workers: 4
[2921.660s][debug][gc,phases      ] GC(93)   JVMTI Tag Weak OopStorage      Min:  0.0, Avg:  0.0, Max:  0.0, Diff:  0.0, Sum:  0.0, Workers: 4
[2921.660s][debug][gc,phases      ] GC(93)     Dead                           Min: 0, Avg:  0.0, Max: 0, Diff: 0, Sum: 0, Workers: 4
[2921.660s][debug][gc,phases      ] GC(93)     Total                          Min: 0, Avg:  0.0, Max: 0, Diff: 0, Sum: 0, Workers: 4
[2921.660s][debug][gc,phases      ] GC(93)   StringTable Weak               Min:  0.1, Avg:  0.1, Max:  0.1, Diff:  0.0, Sum:  0.4, Workers: 4
[2921.660s][debug][gc,phases      ] GC(93)     Dead                           Min: 0, Avg:  0.0, Max: 0, Diff: 0, Sum: 0, Workers: 4
[2921.660s][debug][gc,phases      ] GC(93)     Total                          Min: 10816, Avg: 11026.2, Max: 11392, Diff: 576, Sum: 44105, Workers: 4
[2921.660s][debug][gc,phases      ] GC(93)   ResolvedMethodTable Weak       Min:  0.0, Avg:  0.0, Max:  0.0, Diff:  0.0, Sum:  0.1, Workers: 4
[2921.660s][debug][gc,phases      ] GC(93)     Dead                           Min: 0, Avg:  0.0, Max: 0, Diff: 0, Sum: 0, Workers: 4
[2921.660s][debug][gc,phases      ] GC(93)     Total                          Min: 1280, Avg: 2481.0, Max: 2884, Diff: 1604, Sum: 9924, Workers: 4
[2921.660s][debug][gc,phases      ] GC(93)   JNI Weak                       Min:  0.0, Avg:  0.0, Max:  0.0, Diff:  0.0, Sum:  0.0, Workers: 4
[2921.660s][debug][gc,phases      ] GC(93)     Dead                           Min: 0, Avg:  0.0, Max: 0, Diff: 0, Sum: 0, Workers: 4
[2921.660s][debug][gc,phases      ] GC(93)     Total                          Min: 0, Avg: 11.2, Max: 45, Diff: 45, Sum: 45, Workers: 4
[2921.660s][debug][gc,phases      ] GC(93)   StringDedup Table Weak         Min:  0.0, Avg:  0.0, Max:  0.0, Diff:  0.0, Sum:  0.0, Workers: 4
[2921.660s][debug][gc,phases      ] GC(93)     Dead                           Min: 0, Avg:  0.0, Max: 0, Diff: 0, Sum: 0, Workers: 4
[2921.660s][debug][gc,phases      ] GC(93)     Total                          Min: 0, Avg:  0.0, Max: 0, Diff: 0, Sum: 0, Workers: 4
[2921.660s][debug][gc,phases      ] GC(93)   StringDedup Requests0 Weak     Min:  0.0, Avg:  0.0, Max:  0.0, Diff:  0.0, Sum:  0.0, Workers: 4
[2921.660s][debug][gc,phases      ] GC(93)     Dead                           Min: 0, Avg:  0.0, Max: 0, Diff: 0, Sum: 0, Workers: 4
[2921.660s][debug][gc,phases      ] GC(93)     Total                          Min: 0, Avg:  0.0, Max: 0, Diff: 0, Sum: 0, Workers: 4
[2921.660s][debug][gc,phases      ] GC(93)   StringDedup Requests1 Weak     Min:  0.0, Avg:  0.0, Max:  0.0, Diff:  0.0, Sum:  0.0, Workers: 4
[2921.660s][debug][gc,phases      ] GC(93)     Dead                           Min: 0, Avg:  0.0, Max: 0, Diff: 0, Sum: 0, Workers: 4
[2921.660s][debug][gc,phases      ] GC(93)     Total                          Min: 0, Avg:  0.0, Max: 0, Diff: 0, Sum: 0, Workers: 4
[2921.660s][debug][gc,phases      ] GC(93)   Weak JFR Old Object Samples    Min:  0.0, Avg:  0.0, Max:  0.0, Diff:  0.0, Sum:  0.0, Workers: 4
[2921.660s][debug][gc,phases      ] GC(93)     Dead                           Min: 0, Avg:  0.0, Max: 0, Diff: 0, Sum: 0, Workers: 4
[2921.660s][debug][gc,phases      ] GC(93)     Total                          Min: 0, Avg:  0.0, Max: 0, Diff: 0, Sum: 0, Workers: 4
[2921.660s][debug][gc,phases      ] GC(93) Weak Processing 0.335ms
[2921.660s][debug][gc,age         ] GC(93) Desired survivor size 240123904 bytes, new threshold 15 (max threshold 15)
[2921.660s][info ][gc,heap        ] GC(93) PSYoungGen: 1870564K(1870848K)->177521K(1848832K) Eden: 1692672K(1692672K)->0K(1628160K) From: 177892K(178176K)->177521K(220672K)
[2921.660s][info ][gc,heap        ] GC(93) ParOldGen: 447325K(527360K)->447325K(527360K)
[2921.660s][info ][gc,metaspace   ] GC(93) Metaspace: 84235K(85376K)->84235K(85376K) NonClass: 72296K(72896K)->72296K(72896K) Class: 11939K(12480K)->11939K(12480K)
[2921.660s][info ][gc             ] GC(93) Pause Young (Allocation Failure) 2263M->610M(2320M) 41.675ms
[2921.660s][info ][gc,cpu         ] GC(93) User=0.15s Sys=0.00s Real=0.04s
[2921.660s][info ][safepoint      ] Safepoint "ParallelGCFailedAllocation", Time since last: 2605126498 ns, Reaching safepoint: 28400 ns, At safepoint: 41760730 ns, Total: 41789130 ns
[2922.660s][info ][safepoint      ] Safepoint "Cleanup", Time since last: 1000084107 ns, Reaching safepoint: 116101 ns, At safepoint: 7900 ns, Total: 124001 ns
[2924.661s][info ][safepoint      ] Safepoint "Cleanup", Time since last: 2000172110 ns, Reaching safepoint: 137501 ns, At safepoint: 7701 ns, Total: 145202 ns
[2925.275s][info ][gc,start       ] GC(94) Pause Young (Allocation Failure)
[2925.338s][debug][gc,phases      ] GC(94) Scavenge 63.283ms
[2925.338s][debug][gc,ref         ] GC(94) Skipped phase 1 of Reference Processing: no references
[2925.338s][debug][gc,ref         ] GC(94) ReferenceProcessor::execute queues: 1, RefProcThreadModel::Single, marks_oops_alive: false
[2925.338s][debug][gc,ref         ] GC(94) Skipped phase 3 of Reference Processing: no references
[2925.338s][debug][gc,ref         ] GC(94) ReferenceProcessor::execute queues: 1, RefProcThreadModel::Single, marks_oops_alive: false
[2925.338s][debug][gc,phases      ] GC(94) Reference Processing 0.103ms
[2925.338s][debug][gc,phases      ] GC(94)   VM Weak                        Min:  0.0, Avg:  0.0, Max:  0.0, Diff:  0.0, Sum:  0.0, Workers: 4
[2925.338s][debug][gc,phases      ] GC(94)     Dead                           Min: 0, Avg:  0.0, Max: 0, Diff: 0, Sum: 0, Workers: 4
[2925.338s][debug][gc,phases      ] GC(94)     Total                          Min: 0, Avg: 238.5, Max: 704, Diff: 704, Sum: 954, Workers: 4
[2925.338s][debug][gc,phases      ] GC(94)   ObjectSynchronizer Weak        Min:  0.0, Avg:  0.0, Max:  0.0, Diff:  0.0, Sum:  0.0, Workers: 4
[2925.338s][debug][gc,phases      ] GC(94)     Dead                           Min: 0, Avg:  0.0, Max: 0, Diff: 0, Sum: 0, Workers: 4
[2925.338s][debug][gc,phases      ] GC(94)     Total                          Min: 0, Avg: 13.5, Max: 54, Diff: 54, Sum: 54, Workers: 4
[2925.338s][debug][gc,phases      ] GC(94)   JVMTI Tag Weak OopStorage      Min:  0.0, Avg:  0.0, Max:  0.0, Diff:  0.0, Sum:  0.0, Workers: 4
[2925.338s][debug][gc,phases      ] GC(94)     Dead                           Min: 0, Avg:  0.0, Max: 0, Diff: 0, Sum: 0, Workers: 4
[2925.338s][debug][gc,phases      ] GC(94)     Total                          Min: 0, Avg:  0.0, Max: 0, Diff: 0, Sum: 0, Workers: 4
[2925.338s][debug][gc,phases      ] GC(94)   StringTable Weak               Min:  0.0, Avg:  0.1, Max:  0.1, Diff:  0.1, Sum:  0.4, Workers: 4
[2925.338s][debug][gc,phases      ] GC(94)     Dead                           Min: 0, Avg:  0.0, Max: 0, Diff: 0, Sum: 0, Workers: 4
[2925.338s][debug][gc,phases      ] GC(94)     Total                          Min: 0, Avg: 11026.2, Max: 15808, Diff: 15808, Sum: 44105, Workers: 4
[2925.338s][debug][gc,phases      ] GC(94)   ResolvedMethodTable Weak       Min:  0.0, Avg:  0.0, Max:  0.0, Diff:  0.0, Sum:  0.1, Workers: 4
[2925.338s][debug][gc,phases      ] GC(94)     Dead                           Min: 0, Avg:  0.0, Max: 0, Diff: 0, Sum: 0, Workers: 4
[2925.338s][debug][gc,phases      ] GC(94)     Total                          Min: 0, Avg: 2481.0, Max: 3776, Diff: 3776, Sum: 9924, Workers: 4
[2925.338s][debug][gc,phases      ] GC(94)   JNI Weak                       Min:  0.0, Avg:  0.0, Max:  0.0, Diff:  0.0, Sum:  0.0, Workers: 4
[2925.338s][debug][gc,phases      ] GC(94)     Dead                           Min: 0, Avg:  0.0, Max: 0, Diff: 0, Sum: 0, Workers: 4
[2925.338s][debug][gc,phases      ] GC(94)     Total                          Min: 0, Avg: 11.2, Max: 45, Diff: 45, Sum: 45, Workers: 4
[2925.338s][debug][gc,phases      ] GC(94)   StringDedup Table Weak         Min:  0.0, Avg:  0.0, Max:  0.0, Diff:  0.0, Sum:  0.0, Workers: 4
[2925.338s][debug][gc,phases      ] GC(94)     Dead                           Min: 0, Avg:  0.0, Max: 0, Diff: 0, Sum: 0, Workers: 4
[2925.338s][debug][gc,phases      ] GC(94)     Total                          Min: 0, Avg:  0.0, Max: 0, Diff: 0, Sum: 0, Workers: 4
[2925.338s][debug][gc,phases      ] GC(94)   StringDedup Requests0 Weak     Min:  0.0, Avg:  0.0, Max:  0.0, Diff:  0.0, Sum:  0.0, Workers: 4
[2925.338s][debug][gc,phases      ] GC(94)     Dead                           Min: 0, Avg:  0.0, Max: 0, Diff: 0, Sum: 0, Workers: 4
[2925.338s][debug][gc,phases      ] GC(94)     Total                          Min: 0, Avg:  0.0, Max: 0, Diff: 0, Sum: 0, Workers: 4
[2925.338s][debug][gc,phases      ] GC(94)   StringDedup Requests1 Weak     Min:  0.0, Avg:  0.0, Max:  0.0, Diff:  0.0, Sum:  0.0, Workers: 4
[2925.338s][debug][gc,phases      ] GC(94)     Dead                           Min: 0, Avg:  0.0, Max: 0, Diff: 0, Sum: 0, Workers: 4
[2925.338s][debug][gc,phases      ] GC(94)     Total                          Min: 0, Avg:  0.0, Max: 0, Diff: 0, Sum: 0, Workers: 4
[2925.339s][debug][gc,phases      ] GC(94)   Weak JFR Old Object Samples    Min:  0.0, Avg:  0.0, Max:  0.0, Diff:  0.0, Sum:  0.0, Workers: 4
[2925.339s][debug][gc,phases      ] GC(94)     Dead                           Min: 0, Avg:  0.0, Max: 0, Diff: 0, Sum: 0, Workers: 4
[2925.339s][debug][gc,phases      ] GC(94)     Total                          Min: 0, Avg:  0.0, Max: 0, Diff: 0, Sum: 0, Workers: 4
[2925.339s][debug][gc,phases      ] GC(94) Weak Processing 0.330ms
[2925.339s][debug][gc,age         ] GC(94) Desired survivor size 252182528 bytes, new threshold 15 (max threshold 15)
[2925.339s][info ][gc,heap        ] GC(94) PSYoungGen: 1805681K(1848832K)->178656K(1806848K) Eden: 1628160K(1628160K)->0K(1628160K) From: 177521K(220672K)->178656K(178688K)
[2925.339s][info ][gc,heap        ] GC(94) ParOldGen: 447325K(527360K)->460193K(527360K)
[2925.339s][info ][gc,metaspace   ] GC(94) Metaspace: 84255K(85376K)->84255K(85376K) NonClass: 72316K(72896K)->72316K(72896K) Class: 11939K(12480K)->11939K(12480K)
[2925.339s][info ][gc             ] GC(94) Pause Young (Allocation Failure) 2200M->623M(2279M) 63.841ms
[2925.339s][info ][gc,cpu         ] GC(94) User=0.20s Sys=0.00s Real=0.07s
[2925.339s][info ][safepoint      ] Safepoint "ParallelGCFailedAllocation", Time since last: 613799449 ns, Reaching safepoint: 119601 ns, At safepoint: 63915305 ns, Total: 64034906 ns
[2926.339s][info ][safepoint      ] Safepoint "Cleanup", Time since last: 1000079303 ns, Reaching safepoint: 52700 ns, At safepoint: 2800 ns, Total: 55500 ns
[2927.339s][info ][safepoint      ] Safepoint "Cleanup", Time since last: 1000108902 ns, Reaching safepoint: 58401 ns, At safepoint: 2700 ns, Total: 61101 ns
[2932.339s][info ][safepoint      ] Safepoint "Cleanup", Time since last: 5000375825 ns, Reaching safepoint: 38400 ns, At safepoint: 2900 ns, Total: 41300 ns
[2936.340s][info ][safepoint      ] Safepoint "Cleanup", Time since last: 4000286628 ns, Reaching safepoint: 67000 ns, At safepoint: 6900 ns, Total: 73900 ns
[2937.340s][info ][safepoint      ] Safepoint "Cleanup", Time since last: 1000124632 ns, Reaching safepoint: 54601 ns, At safepoint: 3700 ns, Total: 58301 ns
[2938.161s][info ][gc,start       ] GC(95) Pause Young (Allocation Failure)
[2938.207s][debug][gc,phases      ] GC(95) Scavenge 46.571ms
[2938.207s][debug][gc,ref         ] GC(95) Skipped phase 1 of Reference Processing: no references
[2938.208s][debug][gc,ref         ] GC(95) ReferenceProcessor::execute queues: 1, RefProcThreadModel::Single, marks_oops_alive: false
[2938.208s][debug][gc,ref         ] GC(95) Skipped phase 3 of Reference Processing: no references
[2938.208s][debug][gc,ref         ] GC(95) ReferenceProcessor::execute queues: 1, RefProcThreadModel::Single, marks_oops_alive: false
[2938.208s][debug][gc,phases      ] GC(95) Reference Processing 0.112ms
[2938.208s][debug][gc,phases      ] GC(95)   VM Weak                        Min:  0.0, Avg:  0.0, Max:  0.0, Diff:  0.0, Sum:  0.0, Workers: 4
[2938.208s][debug][gc,phases      ] GC(95)     Dead                           Min: 0, Avg:  0.0, Max: 0, Diff: 0, Sum: 0, Workers: 4
[2938.208s][debug][gc,phases      ] GC(95)     Total                          Min: 0, Avg: 238.5, Max: 954, Diff: 954, Sum: 954, Workers: 4
[2938.208s][debug][gc,phases      ] GC(95)   ObjectSynchronizer Weak        Min:  0.0, Avg:  0.0, Max:  0.0, Diff:  0.0, Sum:  0.0, Workers: 4
[2938.208s][debug][gc,phases      ] GC(95)     Dead                           Min: 0, Avg:  0.0, Max: 0, Diff: 0, Sum: 0, Workers: 4
[2938.208s][debug][gc,phases      ] GC(95)     Total                          Min: 0, Avg: 13.5, Max: 54, Diff: 54, Sum: 54, Workers: 4
[2938.208s][debug][gc,phases      ] GC(95)   JVMTI Tag Weak OopStorage      Min:  0.0, Avg:  0.0, Max:  0.0, Diff:  0.0, Sum:  0.0, Workers: 4
[2938.208s][debug][gc,phases      ] GC(95)     Dead                           Min: 0, Avg:  0.0, Max: 0, Diff: 0, Sum: 0, Workers: 4
[2938.208s][debug][gc,phases      ] GC(95)     Total                          Min: 0, Avg:  0.0, Max: 0, Diff: 0, Sum: 0, Workers: 4
[2938.208s][debug][gc,phases      ] GC(95)   StringTable Weak               Min:  0.0, Avg:  0.1, Max:  0.2, Diff:  0.2, Sum:  0.3, Workers: 4
[2938.208s][debug][gc,phases      ] GC(95)     Dead                           Min: 0, Avg:  0.0, Max: 0, Diff: 0, Sum: 0, Workers: 4
[2938.208s][debug][gc,phases      ] GC(95)     Total                          Min: 0, Avg: 11026.2, Max: 27273, Diff: 27273, Sum: 44105, Workers: 4
[2938.208s][debug][gc,phases      ] GC(95)   ResolvedMethodTable Weak       Min:  0.0, Avg:  0.0, Max:  0.0, Diff:  0.0, Sum:  0.1, Workers: 4
[2938.208s][debug][gc,phases      ] GC(95)     Dead                           Min: 0, Avg:  0.0, Max: 0, Diff: 0, Sum: 0, Workers: 4
[2938.208s][debug][gc,phases      ] GC(95)     Total                          Min: 0, Avg: 2481.0, Max: 6144, Diff: 6144, Sum: 9924, Workers: 4
[2938.208s][debug][gc,phases      ] GC(95)   JNI Weak                       Min:  0.0, Avg:  0.0, Max:  0.0, Diff:  0.0, Sum:  0.0, Workers: 4
[2938.208s][debug][gc,phases      ] GC(95)     Dead                           Min: 0, Avg:  0.0, Max: 0, Diff: 0, Sum: 0, Workers: 4
[2938.208s][debug][gc,phases      ] GC(95)     Total                          Min: 0, Avg: 11.2, Max: 45, Diff: 45, Sum: 45, Workers: 4
[2938.208s][debug][gc,phases      ] GC(95)   StringDedup Table Weak         Min:  0.0, Avg:  0.0, Max:  0.0, Diff:  0.0, Sum:  0.0, Workers: 4
[2938.208s][debug][gc,phases      ] GC(95)     Dead                           Min: 0, Avg:  0.0, Max: 0, Diff: 0, Sum: 0, Workers: 4
[2938.208s][debug][gc,phases      ] GC(95)     Total                          Min: 0, Avg:  0.0, Max: 0, Diff: 0, Sum: 0, Workers: 4
[2938.208s][debug][gc,phases      ] GC(95)   StringDedup Requests0 Weak     Min:  0.0, Avg:  0.0, Max:  0.0, Diff:  0.0, Sum:  0.0, Workers: 4
[2938.208s][debug][gc,phases      ] GC(95)     Dead                           Min: 0, Avg:  0.0, Max: 0, Diff: 0, Sum: 0, Workers: 4
[2938.208s][debug][gc,phases      ] GC(95)     Total                          Min: 0, Avg:  0.0, Max: 0, Diff: 0, Sum: 0, Workers: 4
[2938.208s][debug][gc,phases      ] GC(95)   StringDedup Requests1 Weak     Min:  0.0, Avg:  0.0, Max:  0.0, Diff:  0.0, Sum:  0.0, Workers: 4
[2938.208s][debug][gc,phases      ] GC(95)     Dead                           Min: 0, Avg:  0.0, Max: 0, Diff: 0, Sum: 0, Workers: 4
[2938.208s][debug][gc,phases      ] GC(95)     Total                          Min: 0, Avg:  0.0, Max: 0, Diff: 0, Sum: 0, Workers: 4
[2938.208s][debug][gc,phases      ] GC(95)   Weak JFR Old Object Samples    Min:  0.0, Avg:  0.0, Max:  0.0, Diff:  0.0, Sum:  0.0, Workers: 4
[2938.208s][debug][gc,phases      ] GC(95)     Dead                           Min: 0, Avg:  0.0, Max: 0, Diff: 0, Sum: 0, Workers: 4
[2938.208s][debug][gc,phases      ] GC(95)     Total                          Min: 0, Avg:  0.0, Max: 0, Diff: 0, Sum: 0, Workers: 4
[2938.208s][debug][gc,phases      ] GC(95) Weak Processing 0.371ms
[2938.208s][debug][gc,age         ] GC(95) Desired survivor size 258998272 bytes, new threshold 15 (max threshold 15)
[2938.208s][info ][gc,heap        ] GC(95) PSYoungGen: 1806816K(1806848K)->174208K(1837568K) Eden: 1628160K(1628160K)->0K(1591296K) From: 178656K(178688K)->174208K(246272K)
[2938.208s][info ][gc,heap        ] GC(95) ParOldGen: 460193K(527360K)->460634K(527360K)
[2938.208s][info ][gc,metaspace   ] GC(95) Metaspace: 84259K(85376K)->84259K(85376K) NonClass: 72320K(72896K)->72320K(72896K) Class: 11939K(12480K)->11939K(12480K)
[2938.208s][info ][gc             ] GC(95) Pause Young (Allocation Failure) 2213M->619M(2309M) 47.175ms
[2938.208s][info ][gc,cpu         ] GC(95) User=0.16s Sys=0.00s Real=0.05s
[2938.208s][info ][safepoint      ] Safepoint "ParallelGCFailedAllocation", Time since last: 820872110 ns, Reaching safepoint: 41501 ns, At safepoint: 47258174 ns, Total: 47299675 ns
[2940.208s][info ][safepoint      ] Safepoint "Cleanup", Time since last: 2000156557 ns, Reaching safepoint: 104501 ns, At safepoint: 35700 ns, Total: 140201 ns
[2942.209s][info ][safepoint      ] Safepoint "Cleanup", Time since last: 2000182823 ns, Reaching safepoint: 117601 ns, At safepoint: 7200 ns, Total: 124801 ns
[2943.209s][info ][safepoint      ] Safepoint "Cleanup", Time since last: 1000129511 ns, Reaching safepoint: 112101 ns, At safepoint: 4800 ns, Total: 116901 ns
[2947.209s][info ][safepoint      ] Safepoint "Cleanup", Time since last: 4000339246 ns, Reaching safepoint: 129801 ns, At safepoint: 8600 ns, Total: 138401 ns
[2956.035s][info ][gc,start       ] GC(96) Pause Young (Allocation Failure)
[2956.086s][debug][gc,phases      ] GC(96) Scavenge 51.501ms
[2956.086s][debug][gc,ref         ] GC(96) Skipped phase 1 of Reference Processing: no references
[2956.086s][debug][gc,ref         ] GC(96) ReferenceProcessor::execute queues: 1, RefProcThreadModel::Single, marks_oops_alive: false
[2956.086s][debug][gc,ref         ] GC(96) Skipped phase 3 of Reference Processing: no references
[2956.086s][debug][gc,ref         ] GC(96) ReferenceProcessor::execute queues: 1, RefProcThreadModel::Single, marks_oops_alive: false
[2956.086s][debug][gc,phases      ] GC(96) Reference Processing 0.100ms
[2956.086s][debug][gc,phases      ] GC(96)   VM Weak                        Min:  0.0, Avg:  0.0, Max:  0.0, Diff:  0.0, Sum:  0.0, Workers: 4
[2956.086s][debug][gc,phases      ] GC(96)     Dead                           Min: 0, Avg:  0.0, Max: 0, Diff: 0, Sum: 0, Workers: 4
[2956.086s][debug][gc,phases      ] GC(96)     Total                          Min: 0, Avg: 238.5, Max: 512, Diff: 512, Sum: 954, Workers: 4
[2956.086s][debug][gc,phases      ] GC(96)   ObjectSynchronizer Weak        Min:  0.0, Avg:  0.0, Max:  0.0, Diff:  0.0, Sum:  0.0, Workers: 4
[2956.086s][debug][gc,phases      ] GC(96)     Dead                           Min: 0, Avg:  0.0, Max: 0, Diff: 0, Sum: 0, Workers: 4
[2956.086s][debug][gc,phases      ] GC(96)     Total                          Min: 0, Avg: 13.5, Max: 54, Diff: 54, Sum: 54, Workers: 4
[2956.086s][debug][gc,phases      ] GC(96)   JVMTI Tag Weak OopStorage      Min:  0.0, Avg:  0.0, Max:  0.0, Diff:  0.0, Sum:  0.0, Workers: 4
[2956.086s][debug][gc,phases      ] GC(96)     Dead                           Min: 0, Avg:  0.0, Max: 0, Diff: 0, Sum: 0, Workers: 4
[2956.086s][debug][gc,phases      ] GC(96)     Total                          Min: 0, Avg:  0.0, Max: 0, Diff: 0, Sum: 0, Workers: 4
[2956.086s][debug][gc,phases      ] GC(96)   StringTable Weak               Min:  0.0, Avg:  0.1, Max:  0.1, Diff:  0.1, Sum:  0.4, Workers: 4
[2956.086s][debug][gc,phases      ] GC(96)     Dead                           Min: 0, Avg:  0.0, Max: 0, Diff: 0, Sum: 0, Workers: 4
[2956.086s][debug][gc,phases      ] GC(96)     Total                          Min: 0, Avg: 11026.2, Max: 15871, Diff: 15871, Sum: 44105, Workers: 4
[2956.086s][debug][gc,phases      ] GC(96)   ResolvedMethodTable Weak       Min:  0.0, Avg:  0.0, Max:  0.0, Diff:  0.0, Sum:  0.1, Workers: 4
[2956.086s][debug][gc,phases      ] GC(96)     Dead                           Min: 0, Avg:  0.0, Max: 0, Diff: 0, Sum: 0, Workers: 4
[2956.086s][debug][gc,phases      ] GC(96)     Total                          Min: 0, Avg: 2481.0, Max: 3652, Diff: 3652, Sum: 9924, Workers: 4
[2956.086s][debug][gc,phases      ] GC(96)   JNI Weak                       Min:  0.0, Avg:  0.0, Max:  0.0, Diff:  0.0, Sum:  0.0, Workers: 4
[2956.086s][debug][gc,phases      ] GC(96)     Dead                           Min: 0, Avg:  0.0, Max: 0, Diff: 0, Sum: 0, Workers: 4
[2956.087s][debug][gc,phases      ] GC(96)     Total                          Min: 0, Avg: 11.2, Max: 45, Diff: 45, Sum: 45, Workers: 4
[2956.087s][debug][gc,phases      ] GC(96)   StringDedup Table Weak         Min:  0.0, Avg:  0.0, Max:  0.0, Diff:  0.0, Sum:  0.0, Workers: 4
[2956.087s][debug][gc,phases      ] GC(96)     Dead                           Min: 0, Avg:  0.0, Max: 0, Diff: 0, Sum: 0, Workers: 4
[2956.087s][debug][gc,phases      ] GC(96)     Total                          Min: 0, Avg:  0.0, Max: 0, Diff: 0, Sum: 0, Workers: 4
[2956.087s][debug][gc,phases      ] GC(96)   StringDedup Requests0 Weak     Min:  0.0, Avg:  0.0, Max:  0.0, Diff:  0.0, Sum:  0.0, Workers: 4
[2956.087s][debug][gc,phases      ] GC(96)     Dead                           Min: 0, Avg:  0.0, Max: 0, Diff: 0, Sum: 0, Workers: 4
[2956.087s][debug][gc,phases      ] GC(96)     Total                          Min: 0, Avg:  0.0, Max: 0, Diff: 0, Sum: 0, Workers: 4
[2956.087s][debug][gc,phases      ] GC(96)   StringDedup Requests1 Weak     Min:  0.0, Avg:  0.0, Max:  0.0, Diff:  0.0, Sum:  0.0, Workers: 4
[2956.087s][debug][gc,phases      ] GC(96)     Dead                           Min: 0, Avg:  0.0, Max: 0, Diff: 0, Sum: 0, Workers: 4
[2956.087s][debug][gc,phases      ] GC(96)     Total                          Min: 0, Avg:  0.0, Max: 0, Diff: 0, Sum: 0, Workers: 4
[2956.087s][debug][gc,phases      ] GC(96)   Weak JFR Old Object Samples    Min:  0.0, Avg:  0.0, Max:  0.0, Diff:  0.0, Sum:  0.0, Workers: 4
[2956.087s][debug][gc,phases      ] GC(96)     Dead                           Min: 0, Avg:  0.0, Max: 0, Diff: 0, Sum: 0, Workers: 4
[2956.087s][debug][gc,phases      ] GC(96)     Total                          Min: 0, Avg:  0.0, Max: 0, Diff: 0, Sum: 0, Workers: 4
[2956.087s][debug][gc,phases      ] GC(96) Weak Processing 0.330ms
[2956.087s][debug][gc,age         ] GC(96) Desired survivor size 257949696 bytes, new threshold 15 (max threshold 15)
[2956.087s][info ][gc,heap        ] GC(96) PSYoungGen: 1765504K(1837568K)->158432K(1844224K) Eden: 1591296K(1591296K)->0K(1591296K) From: 174208K(246272K)->158432K(252928K)
[2956.087s][info ][gc,heap        ] GC(96) ParOldGen: 460634K(527360K)->460738K(527360K)
[2956.087s][info ][gc,metaspace   ] GC(96) Metaspace: 84265K(85376K)->84265K(85376K) NonClass: 72326K(72896K)->72326K(72896K) Class: 11939K(12480K)->11939K(12480K)
[2956.087s][info ][gc             ] GC(96) Pause Young (Allocation Failure) 2173M->604M(2316M) 52.066ms
[2956.087s][info ][gc,cpu         ] GC(96) User=0.17s Sys=0.00s Real=0.06s
[2956.087s][info ][safepoint      ] Safepoint "ParallelGCFailedAllocation", Time since last: 8824988018 ns, Reaching safepoint: 129401 ns, At safepoint: 52145812 ns, Total: 52275213 ns
[2957.087s][info ][safepoint      ] Safepoint "Cleanup", Time since last: 1000107898 ns, Reaching safepoint: 58701 ns, At safepoint: 5400 ns, Total: 64101 ns
[2958.087s][info ][safepoint      ] Safepoint "Cleanup", Time since last: 1000128698 ns, Reaching safepoint: 64001 ns, At safepoint: 3700 ns, Total: 67701 ns
[2960.087s][info ][safepoint      ] Safepoint "Cleanup", Time since last: 2000245097 ns, Reaching safepoint: 48100 ns, At safepoint: 4900 ns, Total: 53000 ns
[2965.088s][info ][safepoint      ] Safepoint "Cleanup", Time since last: 5000396995 ns, Reaching safepoint: 64500 ns, At safepoint: 3000 ns, Total: 67500 ns
[2966.088s][info ][safepoint      ] Safepoint "Cleanup", Time since last: 1000121701 ns, Reaching safepoint: 54201 ns, At safepoint: 3500 ns, Total: 57701 ns
[2968.088s][info ][safepoint      ] Safepoint "Cleanup", Time since last: 2000208302 ns, Reaching safepoint: 52900 ns, At safepoint: 4900 ns, Total: 57800 ns
[2971.089s][info ][safepoint      ] Safepoint "Cleanup", Time since last: 3000252402 ns, Reaching safepoint: 55601 ns, At safepoint: 7000 ns, Total: 62601 ns
[2972.089s][info ][safepoint      ] Safepoint "Cleanup", Time since last: 1000120703 ns, Reaching safepoint: 66501 ns, At safepoint: 3800 ns, Total: 70301 ns
[2977.963s][info ][gc,start       ] GC(97) Pause Young (Allocation Failure)
[2978.003s][debug][gc,phases      ] GC(97) Scavenge 40.554ms
[2978.003s][debug][gc,ref         ] GC(97) Skipped phase 1 of Reference Processing: no references
[2978.004s][debug][gc,ref         ] GC(97) ReferenceProcessor::execute queues: 1, RefProcThreadModel::Single, marks_oops_alive: false
[2978.004s][debug][gc,ref         ] GC(97) Skipped phase 3 of Reference Processing: no references
[2978.004s][debug][gc,ref         ] GC(97) ReferenceProcessor::execute queues: 1, RefProcThreadModel::Single, marks_oops_alive: false
[2978.004s][debug][gc,phases      ] GC(97) Reference Processing 0.122ms
[2978.004s][debug][gc,phases      ] GC(97)   VM Weak                        Min:  0.0, Avg:  0.0, Max:  0.0, Diff:  0.0, Sum:  0.0, Workers: 4
[2978.004s][debug][gc,phases      ] GC(97)     Dead                           Min: 0, Avg:  0.0, Max: 0, Diff: 0, Sum: 0, Workers: 4
[2978.004s][debug][gc,phases      ] GC(97)     Total                          Min: 0, Avg: 238.5, Max: 570, Diff: 570, Sum: 954, Workers: 4
[2978.004s][debug][gc,phases      ] GC(97)   ObjectSynchronizer Weak        Min:  0.0, Avg:  0.0, Max:  0.0, Diff:  0.0, Sum:  0.0, Workers: 4
[2978.004s][debug][gc,phases      ] GC(97)     Dead                           Min: 0, Avg:  0.0, Max: 0, Diff: 0, Sum: 0, Workers: 4
[2978.004s][debug][gc,phases      ] GC(97)     Total                          Min: 0, Avg: 13.5, Max: 54, Diff: 54, Sum: 54, Workers: 4
[2978.004s][debug][gc,phases      ] GC(97)   JVMTI Tag Weak OopStorage      Min:  0.0, Avg:  0.0, Max:  0.0, Diff:  0.0, Sum:  0.0, Workers: 4
[2978.004s][debug][gc,phases      ] GC(97)     Dead                           Min: 0, Avg:  0.0, Max: 0, Diff: 0, Sum: 0, Workers: 4
[2978.004s][debug][gc,phases      ] GC(97)     Total                          Min: 0, Avg:  0.0, Max: 0, Diff: 0, Sum: 0, Workers: 4
[2978.004s][debug][gc,phases      ] GC(97)   StringTable Weak               Min:  0.0, Avg:  0.1, Max:  0.1, Diff:  0.1, Sum:  0.4, Workers: 4
[2978.004s][debug][gc,phases      ] GC(97)     Dead                           Min: 0, Avg:  0.0, Max: 0, Diff: 0, Sum: 0, Workers: 4
[2978.004s][debug][gc,phases      ] GC(97)     Total                          Min: 0, Avg: 11026.2, Max: 17600, Diff: 17600, Sum: 44105, Workers: 4
[2978.004s][debug][gc,phases      ] GC(97)   ResolvedMethodTable Weak       Min:  0.0, Avg:  0.0, Max:  0.0, Diff:  0.0, Sum:  0.1, Workers: 4
[2978.004s][debug][gc,phases      ] GC(97)     Dead                           Min: 0, Avg:  0.0, Max: 0, Diff: 0, Sum: 0, Workers: 4
[2978.004s][debug][gc,phases      ] GC(97)     Total                          Min: 0, Avg: 2481.0, Max: 4160, Diff: 4160, Sum: 9924, Workers: 4
[2978.004s][debug][gc,phases      ] GC(97)   JNI Weak                       Min:  0.0, Avg:  0.0, Max:  0.0, Diff:  0.0, Sum:  0.0, Workers: 4
[2978.004s][debug][gc,phases      ] GC(97)     Dead                           Min: 0, Avg:  0.0, Max: 0, Diff: 0, Sum: 0, Workers: 4
[2978.004s][debug][gc,phases      ] GC(97)     Total                          Min: 0, Avg: 11.2, Max: 45, Diff: 45, Sum: 45, Workers: 4
[2978.004s][debug][gc,phases      ] GC(97)   StringDedup Table Weak         Min:  0.0, Avg:  0.0, Max:  0.0, Diff:  0.0, Sum:  0.0, Workers: 4
[2978.004s][debug][gc,phases      ] GC(97)     Dead                           Min: 0, Avg:  0.0, Max: 0, Diff: 0, Sum: 0, Workers: 4
[2978.004s][debug][gc,phases      ] GC(97)     Total                          Min: 0, Avg:  0.0, Max: 0, Diff: 0, Sum: 0, Workers: 4
[2978.004s][debug][gc,phases      ] GC(97)   StringDedup Requests0 Weak     Min:  0.0, Avg:  0.0, Max:  0.0, Diff:  0.0, Sum:  0.0, Workers: 4
[2978.004s][debug][gc,phases      ] GC(97)     Dead                           Min: 0, Avg:  0.0, Max: 0, Diff: 0, Sum: 0, Workers: 4
[2978.004s][debug][gc,phases      ] GC(97)     Total                          Min: 0, Avg:  0.0, Max: 0, Diff: 0, Sum: 0, Workers: 4
[2978.004s][debug][gc,phases      ] GC(97)   StringDedup Requests1 Weak     Min:  0.0, Avg:  0.0, Max:  0.0, Diff:  0.0, Sum:  0.0, Workers: 4
[2978.004s][debug][gc,phases      ] GC(97)     Dead                           Min: 0, Avg:  0.0, Max: 0, Diff: 0, Sum: 0, Workers: 4
[2978.004s][debug][gc,phases      ] GC(97)     Total                          Min: 0, Avg:  0.0, Max: 0, Diff: 0, Sum: 0, Workers: 4
[2978.004s][debug][gc,phases      ] GC(97)   Weak JFR Old Object Samples    Min:  0.0, Avg:  0.0, Max:  0.0, Diff:  0.0, Sum:  0.0, Workers: 4
[2978.004s][debug][gc,phases      ] GC(97)     Dead                           Min: 0, Avg:  0.0, Max: 0, Diff: 0, Sum: 0, Workers: 4
[2978.004s][debug][gc,phases      ] GC(97)     Total                          Min: 0, Avg:  0.0, Max: 0, Diff: 0, Sum: 0, Workers: 4
[2978.004s][debug][gc,phases      ] GC(97) Weak Processing 0.388ms
[2978.004s][debug][gc,age         ] GC(97) Desired survivor size 259522560 bytes, new threshold 15 (max threshold 15)
[2978.004s][info ][gc,heap        ] GC(97) PSYoungGen: 1749728K(1844224K)->167505K(1842176K) Eden: 1591296K(1591296K)->0K(1590272K) From: 158432K(252928K)->167505K(251904K)
[2978.004s][info ][gc,heap        ] GC(97) ParOldGen: 460738K(527360K)->460818K(527360K)
[2978.004s][info ][gc,metaspace   ] GC(97) Metaspace: 84268K(85376K)->84268K(85376K) NonClass: 72329K(72896K)->72329K(72896K) Class: 11939K(12480K)->11939K(12480K)
[2978.004s][info ][gc             ] GC(97) Pause Young (Allocation Failure) 2158M->613M(2314M) 41.211ms
[2978.004s][info ][gc,cpu         ] GC(97) User=0.15s Sys=0.00s Real=0.04s
[2978.004s][info ][safepoint      ] Safepoint "ParallelGCFailedAllocation", Time since last: 5874007873 ns, Reaching safepoint: 28001 ns, At safepoint: 41295126 ns, Total: 41323127 ns
[2980.004s][info ][safepoint      ] Safepoint "Cleanup", Time since last: 2000108625 ns, Reaching safepoint: 121401 ns, At safepoint: 32600 ns, Total: 154001 ns
[2983.005s][info ][safepoint      ] Safepoint "Cleanup", Time since last: 3000256339 ns, Reaching safepoint: 109501 ns, At safepoint: 6500 ns, Total: 116001 ns
[2989.005s][info ][safepoint      ] Safepoint "Cleanup", Time since last: 6000505376 ns, Reaching safepoint: 111401 ns, At safepoint: 5300 ns, Total: 116701 ns
[2991.006s][info ][safepoint      ] Safepoint "Cleanup", Time since last: 2000199222 ns, Reaching safepoint: 117201 ns, At safepoint: 4500 ns, Total: 121701 ns
[2996.006s][info ][safepoint      ] Safepoint "Cleanup", Time since last: 5000425956 ns, Reaching safepoint: 123101 ns, At safepoint: 6700 ns, Total: 129801 ns
[2997.362s][info ][safepoint      ] Safepoint "ParallelGCFailedAllocation", Time since last: 1355988745 ns, Reaching safepoint: 117501 ns, At safepoint: 10200 ns, Total: 127701 ns
[2997.363s][info ][gc,start       ] GC(98) Pause Young (GCLocker Initiated GC)
[2997.395s][debug][gc,phases      ] GC(98) Scavenge 31.525ms
[2997.395s][debug][gc,ref         ] GC(98) Skipped phase 1 of Reference Processing: no references
[2997.395s][debug][gc,ref         ] GC(98) ReferenceProcessor::execute queues: 1, RefProcThreadModel::Single, marks_oops_alive: false
[2997.395s][debug][gc,ref         ] GC(98) Skipped phase 3 of Reference Processing: no references
[2997.395s][debug][gc,ref         ] GC(98) ReferenceProcessor::execute queues: 1, RefProcThreadModel::Single, marks_oops_alive: false
[2997.395s][debug][gc,phases      ] GC(98) Reference Processing 0.119ms
[2997.395s][debug][gc,phases      ] GC(98)   VM Weak                        Min:  0.0, Avg:  0.0, Max:  0.0, Diff:  0.0, Sum:  0.0, Workers: 4
[2997.395s][debug][gc,phases      ] GC(98)     Dead                           Min: 0, Avg:  0.0, Max: 0, Diff: 0, Sum: 0, Workers: 4
[2997.395s][debug][gc,phases      ] GC(98)     Total                          Min: 0, Avg: 238.5, Max: 448, Diff: 448, Sum: 954, Workers: 4
[2997.395s][debug][gc,phases      ] GC(98)   ObjectSynchronizer Weak        Min:  0.0, Avg:  0.0, Max:  0.0, Diff:  0.0, Sum:  0.0, Workers: 4
[2997.395s][debug][gc,phases      ] GC(98)     Dead                           Min: 0, Avg:  0.0, Max: 0, Diff: 0, Sum: 0, Workers: 4
[2997.395s][debug][gc,phases      ] GC(98)     Total                          Min: 0, Avg: 13.5, Max: 54, Diff: 54, Sum: 54, Workers: 4
[2997.395s][debug][gc,phases      ] GC(98)   JVMTI Tag Weak OopStorage      Min:  0.0, Avg:  0.0, Max:  0.0, Diff:  0.0, Sum:  0.0, Workers: 4
[2997.395s][debug][gc,phases      ] GC(98)     Dead                           Min: 0, Avg:  0.0, Max: 0, Diff: 0, Sum: 0, Workers: 4
[2997.395s][debug][gc,phases      ] GC(98)     Total                          Min: 0, Avg:  0.0, Max: 0, Diff: 0, Sum: 0, Workers: 4
[2997.395s][debug][gc,phases      ] GC(98)   StringTable Weak               Min:  0.0, Avg:  0.1, Max:  0.2, Diff:  0.2, Sum:  0.5, Workers: 4
[2997.395s][debug][gc,phases      ] GC(98)     Dead                           Min: 0, Avg:  0.0, Max: 0, Diff: 0, Sum: 0, Workers: 4
[2997.395s][debug][gc,phases      ] GC(98)     Total                          Min: 0, Avg: 11026.5, Max: 15616, Diff: 15616, Sum: 44106, Workers: 4
[2997.395s][debug][gc,phases      ] GC(98)   ResolvedMethodTable Weak       Min:  0.0, Avg:  0.0, Max:  0.0, Diff:  0.0, Sum:  0.1, Workers: 4
[2997.395s][debug][gc,phases      ] GC(98)     Dead                           Min: 0, Avg:  0.0, Max: 0, Diff: 0, Sum: 0, Workers: 4
[2997.395s][debug][gc,phases      ] GC(98)     Total                          Min: 0, Avg: 2481.0, Max: 3396, Diff: 3396, Sum: 9924, Workers: 4
[2997.395s][debug][gc,phases      ] GC(98)   JNI Weak                       Min:  0.0, Avg:  0.0, Max:  0.0, Diff:  0.0, Sum:  0.0, Workers: 4
[2997.395s][debug][gc,phases      ] GC(98)     Dead                           Min: 0, Avg:  0.0, Max: 0, Diff: 0, Sum: 0, Workers: 4
[2997.395s][debug][gc,phases      ] GC(98)     Total                          Min: 0, Avg: 11.2, Max: 45, Diff: 45, Sum: 45, Workers: 4
[2997.395s][debug][gc,phases      ] GC(98)   StringDedup Table Weak         Min:  0.0, Avg:  0.0, Max:  0.0, Diff:  0.0, Sum:  0.0, Workers: 4
[2997.395s][debug][gc,phases      ] GC(98)     Dead                           Min: 0, Avg:  0.0, Max: 0, Diff: 0, Sum: 0, Workers: 4
[2997.395s][debug][gc,phases      ] GC(98)     Total                          Min: 0, Avg:  0.0, Max: 0, Diff: 0, Sum: 0, Workers: 4
[2997.395s][debug][gc,phases      ] GC(98)   StringDedup Requests0 Weak     Min:  0.0, Avg:  0.0, Max:  0.0, Diff:  0.0, Sum:  0.0, Workers: 4
[2997.395s][debug][gc,phases      ] GC(98)     Dead                           Min: 0, Avg:  0.0, Max: 0, Diff: 0, Sum: 0, Workers: 4
[2997.395s][debug][gc,phases      ] GC(98)     Total                          Min: 0, Avg:  0.0, Max: 0, Diff: 0, Sum: 0, Workers: 4
[2997.395s][debug][gc,phases      ] GC(98)   StringDedup Requests1 Weak     Min:  0.0, Avg:  0.0, Max:  0.0, Diff:  0.0, Sum:  0.0, Workers: 4
[2997.395s][debug][gc,phases      ] GC(98)     Dead                           Min: 0, Avg:  0.0, Max: 0, Diff: 0, Sum: 0, Workers: 4
[2997.395s][debug][gc,phases      ] GC(98)     Total                          Min: 0, Avg:  0.0, Max: 0, Diff: 0, Sum: 0, Workers: 4
[2997.395s][debug][gc,phases      ] GC(98)   Weak JFR Old Object Samples    Min:  0.0, Avg:  0.0, Max:  0.0, Diff:  0.0, Sum:  0.0, Workers: 4
[2997.395s][debug][gc,phases      ] GC(98)     Dead                           Min: 0, Avg:  0.0, Max: 0, Diff: 0, Sum: 0, Workers: 4
[2997.395s][debug][gc,phases      ] GC(98)     Total                          Min: 0, Avg:  0.0, Max: 0, Diff: 0, Sum: 0, Workers: 4
[2997.395s][debug][gc,phases      ] GC(98) Weak Processing 0.374ms
[2997.395s][debug][gc,age         ] GC(98) Desired survivor size 252182528 bytes, new threshold 15 (max threshold 15)
[2997.395s][info ][gc,heap        ] GC(98) PSYoungGen: 1757777K(1842176K)->105283K(1843712K) Eden: 1590272K(1590272K)->0K(1590272K) From: 167505K(251904K)->105283K(253440K)
[2997.395s][info ][gc,heap        ] GC(98) ParOldGen: 461001K(527360K)->461069K(527360K)
[2997.395s][info ][gc,metaspace   ] GC(98) Metaspace: 84287K(85440K)->84287K(85440K) NonClass: 72348K(72960K)->72348K(72960K) Class: 11939K(12480K)->11939K(12480K)
[2997.395s][info ][gc             ] GC(98) Pause Young (GCLocker Initiated GC) 2166M->553M(2315M) 32.139ms
[2997.395s][info ][gc,cpu         ] GC(98) User=0.11s Sys=0.00s Real=0.03s
[2997.395s][info ][safepoint      ] Safepoint "ParallelGCSystemGC", Time since last: 649105 ns, Reaching safepoint: 28500 ns, At safepoint: 32203756 ns, Total: 32232256 ns
[2998.395s][info ][safepoint      ] Safepoint "Cleanup", Time since last: 1000080924 ns, Reaching safepoint: 106501 ns, At safepoint: 6500 ns, Total: 113001 ns
[2999.061s][info ][gc,start       ] GC(99) Pause Young (Allocation Failure)
[2999.110s][debug][gc,phases      ] GC(99) Scavenge 48.734ms
[2999.110s][debug][gc,ref         ] GC(99) Skipped phase 1 of Reference Processing: no references
[2999.110s][debug][gc,ref         ] GC(99) ReferenceProcessor::execute queues: 1, RefProcThreadModel::Single, marks_oops_alive: false
[2999.110s][debug][gc,ref         ] GC(99) Skipped phase 3 of Reference Processing: no references
[2999.110s][debug][gc,ref         ] GC(99) ReferenceProcessor::execute queues: 1, RefProcThreadModel::Single, marks_oops_alive: false
[2999.110s][debug][gc,phases      ] GC(99) Reference Processing 0.143ms
[2999.110s][debug][gc,phases      ] GC(99)   VM Weak                        Min:  0.0, Avg:  0.0, Max:  0.0, Diff:  0.0, Sum:  0.0, Workers: 4
[2999.110s][debug][gc,phases      ] GC(99)     Dead                           Min: 0, Avg:  0.0, Max: 0, Diff: 0, Sum: 0, Workers: 4
[2999.110s][debug][gc,phases      ] GC(99)     Total                          Min: 0, Avg: 238.5, Max: 640, Diff: 640, Sum: 954, Workers: 4
[2999.110s][debug][gc,phases      ] GC(99)   ObjectSynchronizer Weak        Min:  0.0, Avg:  0.0, Max:  0.0, Diff:  0.0, Sum:  0.0, Workers: 4
[2999.110s][debug][gc,phases      ] GC(99)     Dead                           Min: 0, Avg:  0.0, Max: 0, Diff: 0, Sum: 0, Workers: 4
[2999.110s][debug][gc,phases      ] GC(99)     Total                          Min: 0, Avg: 13.5, Max: 54, Diff: 54, Sum: 54, Workers: 4
[2999.110s][debug][gc,phases      ] GC(99)   JVMTI Tag Weak OopStorage      Min:  0.0, Avg:  0.0, Max:  0.0, Diff:  0.0, Sum:  0.0, Workers: 4
[2999.110s][debug][gc,phases      ] GC(99)     Dead                           Min: 0, Avg:  0.0, Max: 0, Diff: 0, Sum: 0, Workers: 4
[2999.110s][debug][gc,phases      ] GC(99)     Total                          Min: 0, Avg:  0.0, Max: 0, Diff: 0, Sum: 0, Workers: 4
[2999.110s][debug][gc,phases      ] GC(99)   StringTable Weak               Min:  0.1, Avg:  0.1, Max:  0.1, Diff:  0.0, Sum:  0.4, Workers: 4
[2999.110s][debug][gc,phases      ] GC(99)     Dead                           Min: 0, Avg:  0.0, Max: 0, Diff: 0, Sum: 0, Workers: 4
[2999.110s][debug][gc,phases      ] GC(99)     Total                          Min: 10763, Avg: 11026.5, Max: 11520, Diff: 757, Sum: 44106, Workers: 4
[2999.110s][debug][gc,phases      ] GC(99)   ResolvedMethodTable Weak       Min:  0.0, Avg:  0.0, Max:  0.0, Diff:  0.0, Sum:  0.1, Workers: 4
[2999.110s][debug][gc,phases      ] GC(99)     Dead                           Min: 0, Avg:  0.0, Max: 0, Diff: 0, Sum: 0, Workers: 4
[2999.110s][debug][gc,phases      ] GC(99)     Total                          Min: 2432, Avg: 2481.0, Max: 2564, Diff: 132, Sum: 9924, Workers: 4
[2999.110s][debug][gc,phases      ] GC(99)   JNI Weak                       Min:  0.0, Avg:  0.0, Max:  0.0, Diff:  0.0, Sum:  0.0, Workers: 4
[2999.110s][debug][gc,phases      ] GC(99)     Dead                           Min: 0, Avg:  0.0, Max: 0, Diff: 0, Sum: 0, Workers: 4
[2999.110s][debug][gc,phases      ] GC(99)     Total                          Min: 0, Avg: 11.2, Max: 45, Diff: 45, Sum: 45, Workers: 4
[2999.110s][debug][gc,phases      ] GC(99)   StringDedup Table Weak         Min:  0.0, Avg:  0.0, Max:  0.0, Diff:  0.0, Sum:  0.0, Workers: 4
[2999.110s][debug][gc,phases      ] GC(99)     Dead                           Min: 0, Avg:  0.0, Max: 0, Diff: 0, Sum: 0, Workers: 4
[2999.110s][debug][gc,phases      ] GC(99)     Total                          Min: 0, Avg:  0.0, Max: 0, Diff: 0, Sum: 0, Workers: 4
[2999.110s][debug][gc,phases      ] GC(99)   StringDedup Requests0 Weak     Min:  0.0, Avg:  0.0, Max:  0.0, Diff:  0.0, Sum:  0.0, Workers: 4
[2999.110s][debug][gc,phases      ] GC(99)     Dead                           Min: 0, Avg:  0.0, Max: 0, Diff: 0, Sum: 0, Workers: 4
[2999.110s][debug][gc,phases      ] GC(99)     Total                          Min: 0, Avg:  0.0, Max: 0, Diff: 0, Sum: 0, Workers: 4
[2999.110s][debug][gc,phases      ] GC(99)   StringDedup Requests1 Weak     Min:  0.0, Avg:  0.0, Max:  0.0, Diff:  0.0, Sum:  0.0, Workers: 4
[2999.110s][debug][gc,phases      ] GC(99)     Dead                           Min: 0, Avg:  0.0, Max: 0, Diff: 0, Sum: 0, Workers: 4
[2999.110s][debug][gc,phases      ] GC(99)     Total                          Min: 0, Avg:  0.0, Max: 0, Diff: 0, Sum: 0, Workers: 4
[2999.110s][debug][gc,phases      ] GC(99)   Weak JFR Old Object Samples    Min:  0.0, Avg:  0.0, Max:  0.0, Diff:  0.0, Sum:  0.0, Workers: 4
[2999.110s][debug][gc,phases      ] GC(99)     Dead                           Min: 0, Avg:  0.0, Max: 0, Diff: 0, Sum: 0, Workers: 4
[2999.110s][debug][gc,phases      ] GC(99)     Total                          Min: 0, Avg:  0.0, Max: 0, Diff: 0, Sum: 0, Workers: 4
[2999.110s][debug][gc,phases      ] GC(99) Weak Processing 0.315ms
[2999.110s][debug][gc,age         ] GC(99) Desired survivor size 257949696 bytes, new threshold 15 (max threshold 15)
[2999.110s][info ][gc,heap        ] GC(99) PSYoungGen: 1695555K(1843712K)->176512K(1839616K) Eden: 1590272K(1590272K)->0K(1593344K) From: 105283K(253440K)->176512K(246272K)
[2999.110s][info ][gc,heap        ] GC(99) ParOldGen: 461087K(527360K)->461255K(527360K)
[2999.110s][info ][gc,metaspace   ] GC(99) Metaspace: 84293K(85440K)->84293K(85440K) NonClass: 72354K(72960K)->72354K(72960K) Class: 11939K(12480K)->11939K(12480K)
[2999.110s][info ][gc             ] GC(99) Pause Young (Allocation Failure) 2106M->622M(2311M) 49.306ms
[2999.110s][info ][gc,cpu         ] GC(99) User=0.17s Sys=0.00s Real=0.05s
[2999.110s][info ][safepoint      ] Safepoint "ParallelGCFailedAllocation", Time since last: 665521473 ns, Reaching safepoint: 117301 ns, At safepoint: 49378192 ns, Total: 49495493 ns
[3000.111s][info ][safepoint      ] Safepoint "Cleanup", Time since last: 1000062324 ns, Reaching safepoint: 105301 ns, At safepoint: 5100 ns, Total: 110401 ns
[3001.111s][info ][safepoint      ] Safepoint "Cleanup", Time since last: 1000098824 ns, Reaching safepoint: 34701 ns, At safepoint: 2400 ns, Total: 37101 ns
[3002.111s][info ][safepoint      ] Safepoint "Cleanup", Time since last: 1000118824 ns, Reaching safepoint: 107201 ns, At safepoint: 6000 ns, Total: 113201 ns
[3010.112s][info ][safepoint      ] Safepoint "Cleanup", Time since last: 8000572152 ns, Reaching safepoint: 59200 ns, At safepoint: 3000 ns, Total: 62200 ns
[3011.112s][info ][safepoint      ] Safepoint "Cleanup", Time since last: 1000106518 ns, Reaching safepoint: 42600 ns, At safepoint: 4200 ns, Total: 46800 ns
[3018.112s][info ][safepoint      ] Safepoint "Cleanup", Time since last: 7000483400 ns, Reaching safepoint: 53201 ns, At safepoint: 4000 ns, Total: 57201 ns
[3021.113s][info ][safepoint      ] Safepoint "Cleanup", Time since last: 3000255553 ns, Reaching safepoint: 38001 ns, At safepoint: 3500 ns, Total: 41501 ns
[3023.561s][info ][gc,start       ] GC(100) Pause Young (Allocation Failure)
[3023.625s][debug][gc,phases      ] GC(100) Scavenge 63.228ms
[3023.625s][debug][gc,ref         ] GC(100) Skipped phase 1 of Reference Processing: no references
[3023.625s][debug][gc,ref         ] GC(100) ReferenceProcessor::execute queues: 1, RefProcThreadModel::Single, marks_oops_alive: false
[3023.625s][debug][gc,ref         ] GC(100) Skipped phase 3 of Reference Processing: no references
[3023.625s][debug][gc,ref         ] GC(100) ReferenceProcessor::execute queues: 1, RefProcThreadModel::Single, marks_oops_alive: false
[3023.625s][debug][gc,phases      ] GC(100) Reference Processing 0.135ms
[3023.625s][debug][gc,phases      ] GC(100)   VM Weak                        Min:  0.0, Avg:  0.0, Max:  0.0, Diff:  0.0, Sum:  0.0, Workers: 4
[3023.625s][debug][gc,phases      ] GC(100)     Dead                           Min: 0, Avg:  0.0, Max: 0, Diff: 0, Sum: 0, Workers: 4
[3023.625s][debug][gc,phases      ] GC(100)     Total                          Min: 0, Avg: 238.5, Max: 698, Diff: 698, Sum: 954, Workers: 4
[3023.625s][debug][gc,phases      ] GC(100)   ObjectSynchronizer Weak        Min:  0.0, Avg:  0.0, Max:  0.0, Diff:  0.0, Sum:  0.0, Workers: 4
[3023.625s][debug][gc,phases      ] GC(100)     Dead                           Min: 0, Avg:  0.0, Max: 0, Diff: 0, Sum: 0, Workers: 4
[3023.625s][debug][gc,phases      ] GC(100)     Total                          Min: 0, Avg: 13.5, Max: 54, Diff: 54, Sum: 54, Workers: 4
[3023.625s][debug][gc,phases      ] GC(100)   JVMTI Tag Weak OopStorage      Min:  0.0, Avg:  0.0, Max:  0.0, Diff:  0.0, Sum:  0.0, Workers: 4
[3023.625s][debug][gc,phases      ] GC(100)     Dead                           Min: 0, Avg:  0.0, Max: 0, Diff: 0, Sum: 0, Workers: 4
[3023.625s][debug][gc,phases      ] GC(100)     Total                          Min: 0, Avg:  0.0, Max: 0, Diff: 0, Sum: 0, Workers: 4
[3023.625s][debug][gc,phases      ] GC(100)   StringTable Weak               Min:  0.1, Avg:  0.1, Max:  0.1, Diff:  0.1, Sum:  0.5, Workers: 4
[3023.625s][debug][gc,phases      ] GC(100)     Dead                           Min: 0, Avg:  0.0, Max: 0, Diff: 0, Sum: 0, Workers: 4
[3023.625s][debug][gc,phases      ] GC(100)     Total                          Min: 3327, Avg: 11026.5, Max: 14208, Diff: 10881, Sum: 44106, Workers: 4
[3023.625s][debug][gc,phases      ] GC(100)   ResolvedMethodTable Weak       Min:  0.0, Avg:  0.0, Max:  0.0, Diff:  0.0, Sum:  0.1, Workers: 4
[3023.625s][debug][gc,phases      ] GC(100)     Dead                           Min: 0, Avg:  0.0, Max: 0, Diff: 0, Sum: 0, Workers: 4
[3023.625s][debug][gc,phases      ] GC(100)     Total                          Min: 2372, Avg: 2481.0, Max: 2624, Diff: 252, Sum: 9924, Workers: 4
[3023.625s][debug][gc,phases      ] GC(100)   JNI Weak                       Min:  0.0, Avg:  0.0, Max:  0.0, Diff:  0.0, Sum:  0.0, Workers: 4
[3023.625s][debug][gc,phases      ] GC(100)     Dead                           Min: 0, Avg:  0.0, Max: 0, Diff: 0, Sum: 0, Workers: 4
[3023.625s][debug][gc,phases      ] GC(100)     Total                          Min: 0, Avg: 11.2, Max: 45, Diff: 45, Sum: 45, Workers: 4
[3023.625s][debug][gc,phases      ] GC(100)   StringDedup Table Weak         Min:  0.0, Avg:  0.0, Max:  0.0, Diff:  0.0, Sum:  0.0, Workers: 4
[3023.625s][debug][gc,phases      ] GC(100)     Dead                           Min: 0, Avg:  0.0, Max: 0, Diff: 0, Sum: 0, Workers: 4
[3023.625s][debug][gc,phases      ] GC(100)     Total                          Min: 0, Avg:  0.0, Max: 0, Diff: 0, Sum: 0, Workers: 4
[3023.625s][debug][gc,phases      ] GC(100)   StringDedup Requests0 Weak     Min:  0.0, Avg:  0.0, Max:  0.0, Diff:  0.0, Sum:  0.0, Workers: 4
[3023.625s][debug][gc,phases      ] GC(100)     Dead                           Min: 0, Avg:  0.0, Max: 0, Diff: 0, Sum: 0, Workers: 4
[3023.625s][debug][gc,phases      ] GC(100)     Total                          Min: 0, Avg:  0.0, Max: 0, Diff: 0, Sum: 0, Workers: 4
[3023.625s][debug][gc,phases      ] GC(100)   StringDedup Requests1 Weak     Min:  0.0, Avg:  0.0, Max:  0.0, Diff:  0.0, Sum:  0.0, Workers: 4
[3023.625s][debug][gc,phases      ] GC(100)     Dead                           Min: 0, Avg:  0.0, Max: 0, Diff: 0, Sum: 0, Workers: 4
[3023.625s][debug][gc,phases      ] GC(100)     Total                          Min: 0, Avg:  0.0, Max: 0, Diff: 0, Sum: 0, Workers: 4
[3023.625s][debug][gc,phases      ] GC(100)   Weak JFR Old Object Samples    Min:  0.0, Avg:  0.0, Max:  0.0, Diff:  0.0, Sum:  0.0, Workers: 4
[3023.625s][debug][gc,phases      ] GC(100)     Dead                           Min: 0, Avg:  0.0, Max: 0, Diff: 0, Sum: 0, Workers: 4
[3023.625s][debug][gc,phases      ] GC(100)     Total                          Min: 0, Avg:  0.0, Max: 0, Diff: 0, Sum: 0, Workers: 4
[3023.625s][debug][gc,phases      ] GC(100) Weak Processing 0.361ms
[3023.625s][debug][gc,age         ] GC(100) Desired survivor size 280494080 bytes, new threshold 15 (max threshold 15)
[3023.625s][info ][gc,heap        ] GC(100) PSYoungGen: 1769856K(1839616K)->227248K(1820672K) Eden: 1593344K(1593344K)->0K(1593344K) From: 176512K(246272K)->227248K(227328K)
[3023.625s][info ][gc,heap        ] GC(100) ParOldGen: 461255K(527360K)->479187K(527360K)
[3023.625s][info ][gc,metaspace   ] GC(100) Metaspace: 84301K(85440K)->84301K(85440K) NonClass: 72362K(72960K)->72362K(72960K) Class: 11939K(12480K)->11939K(12480K)
[3023.625s][info ][gc             ] GC(100) Pause Young (Allocation Failure) 2178M->689M(2293M) 63.866ms
[3023.625s][info ][gc,cpu         ] GC(100) User=0.22s Sys=0.00s Real=0.06s
[3023.625s][info ][safepoint      ] Safepoint "ParallelGCFailedAllocation", Time since last: 2448581640 ns, Reaching safepoint: 106901 ns, At safepoint: 63946505 ns, Total: 64053406 ns
[3024.625s][info ][safepoint      ] Safepoint "Cleanup", Time since last: 1000086099 ns, Reaching safepoint: 125701 ns, At safepoint: 4800 ns, Total: 130501 ns
[3025.626s][info ][safepoint      ] Safepoint "Cleanup", Time since last: 1000107199 ns, Reaching safepoint: 32401 ns, At safepoint: 3700 ns, Total: 36101 ns
[3031.114s][info ][gc,start       ] GC(101) Pause Young (Allocation Failure)
[3031.157s][debug][gc,phases      ] GC(101) Scavenge 42.954ms
[3031.157s][debug][gc,ref         ] GC(101) Skipped phase 1 of Reference Processing: no references
[3031.158s][debug][gc,ref         ] GC(101) ReferenceProcessor::execute queues: 1, RefProcThreadModel::Single, marks_oops_alive: false
[3031.158s][debug][gc,ref         ] GC(101) Skipped phase 3 of Reference Processing: no references
[3031.158s][debug][gc,ref         ] GC(101) ReferenceProcessor::execute queues: 1, RefProcThreadModel::Single, marks_oops_alive: false
[3031.158s][debug][gc,phases      ] GC(101) Reference Processing 0.106ms
[3031.158s][debug][gc,phases      ] GC(101)   VM Weak                        Min:  0.0, Avg:  0.0, Max:  0.0, Diff:  0.0, Sum:  0.0, Workers: 4
[3031.158s][debug][gc,phases      ] GC(101)     Dead                           Min: 0, Avg:  0.0, Max: 0, Diff: 0, Sum: 0, Workers: 4
[3031.158s][debug][gc,phases      ] GC(101)     Total                          Min: 0, Avg: 238.5, Max: 512, Diff: 512, Sum: 954, Workers: 4
[3031.158s][debug][gc,phases      ] GC(101)   ObjectSynchronizer Weak        Min:  0.0, Avg:  0.0, Max:  0.0, Diff:  0.0, Sum:  0.0, Workers: 4
[3031.158s][debug][gc,phases      ] GC(101)     Dead                           Min: 0, Avg:  0.0, Max: 0, Diff: 0, Sum: 0, Workers: 4
[3031.158s][debug][gc,phases      ] GC(101)     Total                          Min: 0, Avg: 13.5, Max: 54, Diff: 54, Sum: 54, Workers: 4
[3031.158s][debug][gc,phases      ] GC(101)   JVMTI Tag Weak OopStorage      Min:  0.0, Avg:  0.0, Max:  0.0, Diff:  0.0, Sum:  0.0, Workers: 4
[3031.158s][debug][gc,phases      ] GC(101)     Dead                           Min: 0, Avg:  0.0, Max: 0, Diff: 0, Sum: 0, Workers: 4
[3031.158s][debug][gc,phases      ] GC(101)     Total                          Min: 0, Avg:  0.0, Max: 0, Diff: 0, Sum: 0, Workers: 4
[3031.158s][debug][gc,phases      ] GC(101)   StringTable Weak               Min:  0.0, Avg:  0.1, Max:  0.1, Diff:  0.1, Sum:  0.4, Workers: 4
[3031.158s][debug][gc,phases      ] GC(101)     Dead                           Min: 0, Avg:  0.0, Max: 0, Diff: 0, Sum: 0, Workers: 4
[3031.158s][debug][gc,phases      ] GC(101)     Total                          Min: 0, Avg: 11026.5, Max: 18314, Diff: 18314, Sum: 44106, Workers: 4
[3031.158s][debug][gc,phases      ] GC(101)   ResolvedMethodTable Weak       Min:  0.0, Avg:  0.0, Max:  0.0, Diff:  0.0, Sum:  0.1, Workers: 4
[3031.158s][debug][gc,phases      ] GC(101)     Dead                           Min: 0, Avg:  0.0, Max: 0, Diff: 0, Sum: 0, Workers: 4
[3031.158s][debug][gc,phases      ] GC(101)     Total                          Min: 0, Avg: 2481.0, Max: 3648, Diff: 3648, Sum: 9924, Workers: 4
[3031.158s][debug][gc,phases      ] GC(101)   JNI Weak                       Min:  0.0, Avg:  0.0, Max:  0.0, Diff:  0.0, Sum:  0.0, Workers: 4
[3031.158s][debug][gc,phases      ] GC(101)     Dead                           Min: 0, Avg:  0.0, Max: 0, Diff: 0, Sum: 0, Workers: 4
[3031.158s][debug][gc,phases      ] GC(101)     Total                          Min: 0, Avg: 11.2, Max: 45, Diff: 45, Sum: 45, Workers: 4
[3031.158s][debug][gc,phases      ] GC(101)   StringDedup Table Weak         Min:  0.0, Avg:  0.0, Max:  0.0, Diff:  0.0, Sum:  0.0, Workers: 4
[3031.158s][debug][gc,phases      ] GC(101)     Dead                           Min: 0, Avg:  0.0, Max: 0, Diff: 0, Sum: 0, Workers: 4
[3031.158s][debug][gc,phases      ] GC(101)     Total                          Min: 0, Avg:  0.0, Max: 0, Diff: 0, Sum: 0, Workers: 4
[3031.158s][debug][gc,phases      ] GC(101)   StringDedup Requests0 Weak     Min:  0.0, Avg:  0.0, Max:  0.0, Diff:  0.0, Sum:  0.0, Workers: 4
[3031.158s][debug][gc,phases      ] GC(101)     Dead                           Min: 0, Avg:  0.0, Max: 0, Diff: 0, Sum: 0, Workers: 4
[3031.158s][debug][gc,phases      ] GC(101)     Total                          Min: 0, Avg:  0.0, Max: 0, Diff: 0, Sum: 0, Workers: 4
[3031.158s][debug][gc,phases      ] GC(101)   StringDedup Requests1 Weak     Min:  0.0, Avg:  0.0, Max:  0.0, Diff:  0.0, Sum:  0.0, Workers: 4
[3031.158s][debug][gc,phases      ] GC(101)     Dead                           Min: 0, Avg:  0.0, Max: 0, Diff: 0, Sum: 0, Workers: 4
[3031.158s][debug][gc,phases      ] GC(101)     Total                          Min: 0, Avg:  0.0, Max: 0, Diff: 0, Sum: 0, Workers: 4
[3031.158s][debug][gc,phases      ] GC(101)   Weak JFR Old Object Samples    Min:  0.0, Avg:  0.0, Max:  0.0, Diff:  0.0, Sum:  0.0, Workers: 4
[3031.158s][debug][gc,phases      ] GC(101)     Dead                           Min: 0, Avg:  0.0, Max: 0, Diff: 0, Sum: 0, Workers: 4
[3031.158s][debug][gc,phases      ] GC(101)     Total                          Min: 0, Avg:  0.0, Max: 0, Diff: 0, Sum: 0, Workers: 4
[3031.158s][debug][gc,phases      ] GC(101) Weak Processing 0.343ms
[3031.158s][debug][gc,age         ] GC(101) Desired survivor size 268435456 bytes, new threshold 15 (max threshold 15)
[3031.158s][info ][gc,heap        ] GC(101) PSYoungGen: 1820592K(1820672K)->139569K(1835008K) Eden: 1593344K(1593344K)->0K(1561088K) From: 227248K(227328K)->139569K(273920K)
[3031.158s][info ][gc,heap        ] GC(101) ParOldGen: 479187K(527360K)->496511K(527360K)
[3031.158s][info ][gc,metaspace   ] GC(101) Metaspace: 84304K(85440K)->84304K(85440K) NonClass: 72365K(72960K)->72365K(72960K) Class: 11939K(12480K)->11939K(12480K)
[3031.158s][info ][gc             ] GC(101) Pause Young (Allocation Failure) 2245M->621M(2307M) 43.567ms
[3031.158s][info ][gc,cpu         ] GC(101) User=0.15s Sys=0.00s Real=0.05s
[3031.158s][info ][safepoint      ] Safepoint "ParallelGCFailedAllocation", Time since last: 5488793064 ns, Reaching safepoint: 45300 ns, At safepoint: 43639045 ns, Total: 43684345 ns
[3035.158s][info ][safepoint      ] Safepoint "Cleanup", Time since last: 4000314610 ns, Reaching safepoint: 135801 ns, At safepoint: 5400 ns, Total: 141201 ns
[3050.160s][info ][safepoint      ] Safepoint "Cleanup", Time since last: 15001023684 ns, Reaching safepoint: 115501 ns, At safepoint: 6300 ns, Total: 121801 ns
[3052.160s][info ][safepoint      ] Safepoint "Cleanup", Time since last: 2000190201 ns, Reaching safepoint: 110201 ns, At safepoint: 6700 ns, Total: 116901 ns
[3054.048s][info ][gc,start       ] GC(102) Pause Young (Allocation Failure)
[3054.077s][debug][gc,phases      ] GC(102) Scavenge 28.907ms
[3054.077s][debug][gc,ref         ] GC(102) Skipped phase 1 of Reference Processing: no references
[3054.077s][debug][gc,ref         ] GC(102) ReferenceProcessor::execute queues: 1, RefProcThreadModel::Single, marks_oops_alive: false
[3054.077s][debug][gc,ref         ] GC(102) Skipped phase 3 of Reference Processing: no references
[3054.077s][debug][gc,ref         ] GC(102) ReferenceProcessor::execute queues: 1, RefProcThreadModel::Single, marks_oops_alive: false
[3054.077s][debug][gc,phases      ] GC(102) Reference Processing 0.113ms
[3054.077s][debug][gc,phases      ] GC(102)   VM Weak                        Min:  0.0, Avg:  0.0, Max:  0.0, Diff:  0.0, Sum:  0.0, Workers: 4
[3054.077s][debug][gc,phases      ] GC(102)     Dead                           Min: 0, Avg:  0.0, Max: 0, Diff: 0, Sum: 0, Workers: 4
[3054.077s][debug][gc,phases      ] GC(102)     Total                          Min: 0, Avg: 238.5, Max: 506, Diff: 506, Sum: 954, Workers: 4
[3054.077s][debug][gc,phases      ] GC(102)   ObjectSynchronizer Weak        Min:  0.0, Avg:  0.0, Max:  0.0, Diff:  0.0, Sum:  0.0, Workers: 4
[3054.077s][debug][gc,phases      ] GC(102)     Dead                           Min: 0, Avg:  0.0, Max: 0, Diff: 0, Sum: 0, Workers: 4
[3054.077s][debug][gc,phases      ] GC(102)     Total                          Min: 0, Avg: 13.5, Max: 54, Diff: 54, Sum: 54, Workers: 4
[3054.077s][debug][gc,phases      ] GC(102)   JVMTI Tag Weak OopStorage      Min:  0.0, Avg:  0.0, Max:  0.0, Diff:  0.0, Sum:  0.0, Workers: 4
[3054.077s][debug][gc,phases      ] GC(102)     Dead                           Min: 0, Avg:  0.0, Max: 0, Diff: 0, Sum: 0, Workers: 4
[3054.077s][debug][gc,phases      ] GC(102)     Total                          Min: 0, Avg:  0.0, Max: 0, Diff: 0, Sum: 0, Workers: 4
[3054.077s][debug][gc,phases      ] GC(102)   StringTable Weak               Min:  0.0, Avg:  0.1, Max:  0.1, Diff:  0.1, Sum:  0.4, Workers: 4
[3054.077s][debug][gc,phases      ] GC(102)     Dead                           Min: 0, Avg:  0.0, Max: 0, Diff: 0, Sum: 0, Workers: 4
[3054.077s][debug][gc,phases      ] GC(102)     Total                          Min: 0, Avg: 11026.5, Max: 17483, Diff: 17483, Sum: 44106, Workers: 4
[3054.077s][debug][gc,phases      ] GC(102)   ResolvedMethodTable Weak       Min:  0.0, Avg:  0.0, Max:  0.0, Diff:  0.0, Sum:  0.1, Workers: 4
[3054.077s][debug][gc,phases      ] GC(102)     Dead                           Min: 0, Avg:  0.0, Max: 0, Diff: 0, Sum: 0, Workers: 4
[3054.077s][debug][gc,phases      ] GC(102)     Total                          Min: 0, Avg: 2481.0, Max: 3844, Diff: 3844, Sum: 9924, Workers: 4
[3054.077s][debug][gc,phases      ] GC(102)   JNI Weak                       Min:  0.0, Avg:  0.0, Max:  0.0, Diff:  0.0, Sum:  0.0, Workers: 4
[3054.077s][debug][gc,phases      ] GC(102)     Dead                           Min: 0, Avg:  0.0, Max: 0, Diff: 0, Sum: 0, Workers: 4
[3054.077s][debug][gc,phases      ] GC(102)     Total                          Min: 0, Avg: 11.2, Max: 45, Diff: 45, Sum: 45, Workers: 4
[3054.077s][debug][gc,phases      ] GC(102)   StringDedup Table Weak         Min:  0.0, Avg:  0.0, Max:  0.0, Diff:  0.0, Sum:  0.0, Workers: 4
[3054.077s][debug][gc,phases      ] GC(102)     Dead                           Min: 0, Avg:  0.0, Max: 0, Diff: 0, Sum: 0, Workers: 4
[3054.077s][debug][gc,phases      ] GC(102)     Total                          Min: 0, Avg:  0.0, Max: 0, Diff: 0, Sum: 0, Workers: 4
[3054.077s][debug][gc,phases      ] GC(102)   StringDedup Requests0 Weak     Min:  0.0, Avg:  0.0, Max:  0.0, Diff:  0.0, Sum:  0.0, Workers: 4
[3054.077s][debug][gc,phases      ] GC(102)     Dead                           Min: 0, Avg:  0.0, Max: 0, Diff: 0, Sum: 0, Workers: 4
[3054.077s][debug][gc,phases      ] GC(102)     Total                          Min: 0, Avg:  0.0, Max: 0, Diff: 0, Sum: 0, Workers: 4
[3054.077s][debug][gc,phases      ] GC(102)   StringDedup Requests1 Weak     Min:  0.0, Avg:  0.0, Max:  0.0, Diff:  0.0, Sum:  0.0, Workers: 4
[3054.077s][debug][gc,phases      ] GC(102)     Dead                           Min: 0, Avg:  0.0, Max: 0, Diff: 0, Sum: 0, Workers: 4
[3054.077s][debug][gc,phases      ] GC(102)     Total                          Min: 0, Avg:  0.0, Max: 0, Diff: 0, Sum: 0, Workers: 4
[3054.077s][debug][gc,phases      ] GC(102)   Weak JFR Old Object Samples    Min:  0.0, Avg:  0.0, Max:  0.0, Diff:  0.0, Sum:  0.0, Workers: 4
[3054.077s][debug][gc,phases      ] GC(102)     Dead                           Min: 0, Avg:  0.0, Max: 0, Diff: 0, Sum: 0, Workers: 4
[3054.077s][debug][gc,phases      ] GC(102)     Total                          Min: 0, Avg:  0.0, Max: 0, Diff: 0, Sum: 0, Workers: 4
[3054.077s][debug][gc,phases      ] GC(102) Weak Processing 0.331ms
[3054.077s][debug][gc,age         ] GC(102) Desired survivor size 263716864 bytes, new threshold 15 (max threshold 15)
[3054.077s][info ][gc,heap        ] GC(102) PSYoungGen: 1700605K(1835008K)->100528K(1823232K) Eden: 1561036K(1561088K)->0K(1561088K) From: 139569K(273920K)->100528K(262144K)
[3054.077s][info ][gc,heap        ] GC(102) ParOldGen: 496511K(527360K)->496863K(527360K)
[3054.077s][info ][gc,metaspace   ] GC(102) Metaspace: 84337K(85440K)->84337K(85440K) NonClass: 72398K(72960K)->72398K(72960K) Class: 11939K(12480K)->11939K(12480K)
[3054.077s][info ][gc             ] GC(102) Pause Young (Allocation Failure) 2145M->583M(2295M) 29.501ms
[3054.077s][info ][gc,cpu         ] GC(102) User=0.11s Sys=0.00s Real=0.02s
[3054.077s][info ][safepoint      ] Safepoint "ParallelGCFailedAllocation", Time since last: 1887739829 ns, Reaching safepoint: 39201 ns, At safepoint: 29583834 ns, Total: 29623035 ns
[3055.078s][info ][safepoint      ] Safepoint "Cleanup", Time since last: 1000092309 ns, Reaching safepoint: 119201 ns, At safepoint: 9000 ns, Total: 128201 ns
[3055.503s][info ][safepoint      ] Safepoint "ParallelGCFailedAllocation", Time since last: 424963161 ns, Reaching safepoint: 111901 ns, At safepoint: 12000 ns, Total: 123901 ns
[3055.503s][info ][gc,start       ] GC(103) Pause Young (GCLocker Initiated GC)
[3055.546s][debug][gc,phases      ] GC(103) Scavenge 43.484ms
[3055.546s][debug][gc,ref         ] GC(103) Skipped phase 1 of Reference Processing: no references
[3055.546s][debug][gc,ref         ] GC(103) ReferenceProcessor::execute queues: 1, RefProcThreadModel::Single, marks_oops_alive: false
[3055.546s][debug][gc,ref         ] GC(103) Skipped phase 3 of Reference Processing: no references
[3055.546s][debug][gc,ref         ] GC(103) ReferenceProcessor::execute queues: 1, RefProcThreadModel::Single, marks_oops_alive: false
[3055.546s][debug][gc,phases      ] GC(103) Reference Processing 0.101ms
[3055.547s][debug][gc,phases      ] GC(103)   VM Weak                        Min:  0.0, Avg:  0.0, Max:  0.0, Diff:  0.0, Sum:  0.0, Workers: 4
[3055.547s][debug][gc,phases      ] GC(103)     Dead                           Min: 0, Avg:  0.0, Max: 0, Diff: 0, Sum: 0, Workers: 4
[3055.547s][debug][gc,phases      ] GC(103)     Total                          Min: 0, Avg: 238.5, Max: 576, Diff: 576, Sum: 954, Workers: 4
[3055.547s][debug][gc,phases      ] GC(103)   ObjectSynchronizer Weak        Min:  0.0, Avg:  0.0, Max:  0.0, Diff:  0.0, Sum:  0.0, Workers: 4
[3055.547s][debug][gc,phases      ] GC(103)     Dead                           Min: 0, Avg:  0.0, Max: 0, Diff: 0, Sum: 0, Workers: 4
[3055.547s][debug][gc,phases      ] GC(103)     Total                          Min: 0, Avg: 13.5, Max: 54, Diff: 54, Sum: 54, Workers: 4
[3055.547s][debug][gc,phases      ] GC(103)   JVMTI Tag Weak OopStorage      Min:  0.0, Avg:  0.0, Max:  0.0, Diff:  0.0, Sum:  0.0, Workers: 4
[3055.547s][debug][gc,phases      ] GC(103)     Dead                           Min: 0, Avg:  0.0, Max: 0, Diff: 0, Sum: 0, Workers: 4
[3055.547s][debug][gc,phases      ] GC(103)     Total                          Min: 0, Avg:  0.0, Max: 0, Diff: 0, Sum: 0, Workers: 4
[3055.547s][debug][gc,phases      ] GC(103)   StringTable Weak               Min:  0.0, Avg:  0.1, Max:  0.1, Diff:  0.1, Sum:  0.4, Workers: 4
[3055.547s][debug][gc,phases      ] GC(103)     Dead                           Min: 0, Avg:  0.0, Max: 0, Diff: 0, Sum: 0, Workers: 4
[3055.547s][debug][gc,phases      ] GC(103)     Total                          Min: 0, Avg: 11027.2, Max: 16128, Diff: 16128, Sum: 44109, Workers: 4
[3055.547s][debug][gc,phases      ] GC(103)   ResolvedMethodTable Weak       Min:  0.0, Avg:  0.0, Max:  0.0, Diff:  0.0, Sum:  0.1, Workers: 4
[3055.547s][debug][gc,phases      ] GC(103)     Dead                           Min: 0, Avg:  0.0, Max: 0, Diff: 0, Sum: 0, Workers: 4
[3055.547s][debug][gc,phases      ] GC(103)     Total                          Min: 0, Avg: 2481.0, Max: 4420, Diff: 4420, Sum: 9924, Workers: 4
[3055.547s][debug][gc,phases      ] GC(103)   JNI Weak                       Min:  0.0, Avg:  0.0, Max:  0.0, Diff:  0.0, Sum:  0.0, Workers: 4
[3055.547s][debug][gc,phases      ] GC(103)     Dead                           Min: 0, Avg:  0.0, Max: 0, Diff: 0, Sum: 0, Workers: 4
[3055.547s][debug][gc,phases      ] GC(103)     Total                          Min: 0, Avg: 11.2, Max: 45, Diff: 45, Sum: 45, Workers: 4
[3055.547s][debug][gc,phases      ] GC(103)   StringDedup Table Weak         Min:  0.0, Avg:  0.0, Max:  0.0, Diff:  0.0, Sum:  0.0, Workers: 4
[3055.547s][debug][gc,phases      ] GC(103)     Dead                           Min: 0, Avg:  0.0, Max: 0, Diff: 0, Sum: 0, Workers: 4
[3055.547s][debug][gc,phases      ] GC(103)     Total                          Min: 0, Avg:  0.0, Max: 0, Diff: 0, Sum: 0, Workers: 4
[3055.547s][debug][gc,phases      ] GC(103)   StringDedup Requests0 Weak     Min:  0.0, Avg:  0.0, Max:  0.0, Diff:  0.0, Sum:  0.0, Workers: 4
[3055.547s][debug][gc,phases      ] GC(103)     Dead                           Min: 0, Avg:  0.0, Max: 0, Diff: 0, Sum: 0, Workers: 4
[3055.547s][debug][gc,phases      ] GC(103)     Total                          Min: 0, Avg:  0.0, Max: 0, Diff: 0, Sum: 0, Workers: 4
[3055.547s][debug][gc,phases      ] GC(103)   StringDedup Requests1 Weak     Min:  0.0, Avg:  0.0, Max:  0.0, Diff:  0.0, Sum:  0.0, Workers: 4
[3055.547s][debug][gc,phases      ] GC(103)     Dead                           Min: 0, Avg:  0.0, Max: 0, Diff: 0, Sum: 0, Workers: 4
[3055.547s][debug][gc,phases      ] GC(103)     Total                          Min: 0, Avg:  0.0, Max: 0, Diff: 0, Sum: 0, Workers: 4
[3055.547s][debug][gc,phases      ] GC(103)   Weak JFR Old Object Samples    Min:  0.0, Avg:  0.0, Max:  0.0, Diff:  0.0, Sum:  0.0, Workers: 4
[3055.547s][debug][gc,phases      ] GC(103)     Dead                           Min: 0, Avg:  0.0, Max: 0, Diff: 0, Sum: 0, Workers: 4
[3055.547s][debug][gc,phases      ] GC(103)     Total                          Min: 0, Avg:  0.0, Max: 0, Diff: 0, Sum: 0, Workers: 4
[3055.547s][debug][gc,phases      ] GC(103) Weak Processing 0.340ms
[3055.547s][debug][gc,age         ] GC(103) Desired survivor size 254803968 bytes, new threshold 15 (max threshold 15)
[3055.547s][info ][gc,heap        ] GC(103) PSYoungGen: 1661616K(1823232K)->147205K(1848320K) Eden: 1561088K(1561088K)->0K(1590784K) From: 100528K(262144K)->147205K(257536K)
[3055.547s][info ][gc,heap        ] GC(103) ParOldGen: 497119K(527360K)->498068K(527360K)
[3055.547s][info ][gc,metaspace   ] GC(103) Metaspace: 84345K(85504K)->84345K(85504K) NonClass: 72406K(73024K)->72406K(73024K) Class: 11939K(12480K)->11939K(12480K)
[3055.547s][info ][gc             ] GC(103) Pause Young (GCLocker Initiated GC) 2108M->630M(2320M) 44.025ms
[3055.547s][info ][gc,cpu         ] GC(103) User=0.15s Sys=0.00s Real=0.05s
[3055.547s][info ][safepoint      ] Safepoint "ParallelGCSystemGC", Time since last: 86200 ns, Reaching safepoint: 87001 ns, At safepoint: 44089949 ns, Total: 44176950 ns
[3056.547s][info ][safepoint      ] Safepoint "Cleanup", Time since last: 1000080609 ns, Reaching safepoint: 45300 ns, At safepoint: 9100 ns, Total: 54400 ns
[3057.547s][info ][safepoint      ] Safepoint "Cleanup", Time since last: 1000101110 ns, Reaching safepoint: 40000 ns, At safepoint: 3000 ns, Total: 43000 ns
[3059.547s][info ][safepoint      ] Safepoint "Cleanup", Time since last: 2000163719 ns, Reaching safepoint: 51000 ns, At safepoint: 4400 ns, Total: 55400 ns
[3063.548s][info ][safepoint      ] Safepoint "Cleanup", Time since last: 4000335315 ns, Reaching safepoint: 48301 ns, At safepoint: 3300 ns, Total: 51601 ns
[3075.549s][info ][safepoint      ] Safepoint "Cleanup", Time since last: 12000736979 ns, Reaching safepoint: 38901 ns, At safepoint: 2800 ns, Total: 41701 ns
[3080.657s][info ][gc,start       ] GC(104) Pause Young (Allocation Failure)
[3080.703s][debug][gc,phases      ] GC(104) Scavenge 46.746ms
[3080.704s][debug][gc,ref         ] GC(104) Skipped phase 1 of Reference Processing: no references
[3080.704s][debug][gc,ref         ] GC(104) ReferenceProcessor::execute queues: 1, RefProcThreadModel::Single, marks_oops_alive: false
[3080.704s][debug][gc,ref         ] GC(104) Skipped phase 3 of Reference Processing: no references
[3080.704s][debug][gc,ref         ] GC(104) ReferenceProcessor::execute queues: 1, RefProcThreadModel::Single, marks_oops_alive: false
[3080.704s][debug][gc,phases      ] GC(104) Reference Processing 0.111ms
[3080.704s][debug][gc,phases      ] GC(104)   VM Weak                        Min:  0.0, Avg:  0.0, Max:  0.0, Diff:  0.0, Sum:  0.0, Workers: 4
[3080.704s][debug][gc,phases      ] GC(104)     Dead                           Min: 0, Avg:  0.0, Max: 0, Diff: 0, Sum: 0, Workers: 4
[3080.704s][debug][gc,phases      ] GC(104)     Total                          Min: 0, Avg: 238.5, Max: 634, Diff: 634, Sum: 954, Workers: 4
[3080.704s][debug][gc,phases      ] GC(104)   ObjectSynchronizer Weak        Min:  0.0, Avg:  0.0, Max:  0.0, Diff:  0.0, Sum:  0.0, Workers: 4
[3080.704s][debug][gc,phases      ] GC(104)     Dead                           Min: 0, Avg:  0.0, Max: 0, Diff: 0, Sum: 0, Workers: 4
[3080.704s][debug][gc,phases      ] GC(104)     Total                          Min: 0, Avg: 13.5, Max: 54, Diff: 54, Sum: 54, Workers: 4
[3080.704s][debug][gc,phases      ] GC(104)   JVMTI Tag Weak OopStorage      Min:  0.0, Avg:  0.0, Max:  0.0, Diff:  0.0, Sum:  0.0, Workers: 4
[3080.704s][debug][gc,phases      ] GC(104)     Dead                           Min: 0, Avg:  0.0, Max: 0, Diff: 0, Sum: 0, Workers: 4
[3080.704s][debug][gc,phases      ] GC(104)     Total                          Min: 0, Avg:  0.0, Max: 0, Diff: 0, Sum: 0, Workers: 4
[3080.704s][debug][gc,phases      ] GC(104)   StringTable Weak               Min:  0.1, Avg:  0.1, Max:  0.1, Diff:  0.0, Sum:  0.5, Workers: 4
[3080.704s][debug][gc,phases      ] GC(104)     Dead                           Min: 0, Avg:  0.0, Max: 0, Diff: 0, Sum: 0, Workers: 4
[3080.704s][debug][gc,phases      ] GC(104)     Total                          Min: 9728, Avg: 11027.2, Max: 11647, Diff: 1919, Sum: 44109, Workers: 4
[3080.704s][debug][gc,phases      ] GC(104)   ResolvedMethodTable Weak       Min:  0.0, Avg:  0.0, Max:  0.0, Diff:  0.0, Sum:  0.1, Workers: 4
[3080.704s][debug][gc,phases      ] GC(104)     Dead                           Min: 0, Avg:  0.0, Max: 0, Diff: 0, Sum: 0, Workers: 4
[3080.704s][debug][gc,phases      ] GC(104)     Total                          Min: 2432, Avg: 2481.0, Max: 2564, Diff: 132, Sum: 9924, Workers: 4
[3080.704s][debug][gc,phases      ] GC(104)   JNI Weak                       Min:  0.0, Avg:  0.0, Max:  0.0, Diff:  0.0, Sum:  0.0, Workers: 4
[3080.704s][debug][gc,phases      ] GC(104)     Dead                           Min: 0, Avg:  0.0, Max: 0, Diff: 0, Sum: 0, Workers: 4
[3080.704s][debug][gc,phases      ] GC(104)     Total                          Min: 0, Avg: 11.2, Max: 45, Diff: 45, Sum: 45, Workers: 4
[3080.704s][debug][gc,phases      ] GC(104)   StringDedup Table Weak         Min:  0.0, Avg:  0.0, Max:  0.0, Diff:  0.0, Sum:  0.0, Workers: 4
[3080.704s][debug][gc,phases      ] GC(104)     Dead                           Min: 0, Avg:  0.0, Max: 0, Diff: 0, Sum: 0, Workers: 4
[3080.704s][debug][gc,phases      ] GC(104)     Total                          Min: 0, Avg:  0.0, Max: 0, Diff: 0, Sum: 0, Workers: 4
[3080.704s][debug][gc,phases      ] GC(104)   StringDedup Requests0 Weak     Min:  0.0, Avg:  0.0, Max:  0.0, Diff:  0.0, Sum:  0.0, Workers: 4
[3080.704s][debug][gc,phases      ] GC(104)     Dead                           Min: 0, Avg:  0.0, Max: 0, Diff: 0, Sum: 0, Workers: 4
[3080.704s][debug][gc,phases      ] GC(104)     Total                          Min: 0, Avg:  0.0, Max: 0, Diff: 0, Sum: 0, Workers: 4
[3080.704s][debug][gc,phases      ] GC(104)   StringDedup Requests1 Weak     Min:  0.0, Avg:  0.0, Max:  0.0, Diff:  0.0, Sum:  0.0, Workers: 4
[3080.704s][debug][gc,phases      ] GC(104)     Dead                           Min: 0, Avg:  0.0, Max: 0, Diff: 0, Sum: 0, Workers: 4
[3080.704s][debug][gc,phases      ] GC(104)     Total                          Min: 0, Avg:  0.0, Max: 0, Diff: 0, Sum: 0, Workers: 4
[3080.704s][debug][gc,phases      ] GC(104)   Weak JFR Old Object Samples    Min:  0.0, Avg:  0.0, Max:  0.0, Diff:  0.0, Sum:  0.0, Workers: 4
[3080.704s][debug][gc,phases      ] GC(104)     Dead                           Min: 0, Avg:  0.0, Max: 0, Diff: 0, Sum: 0, Workers: 4
[3080.704s][debug][gc,phases      ] GC(104)     Total                          Min: 0, Avg:  0.0, Max: 0, Diff: 0, Sum: 0, Workers: 4
[3080.704s][debug][gc,phases      ] GC(104) Weak Processing 0.326ms
[3080.704s][debug][gc,age         ] GC(104) Desired survivor size 252706816 bytes, new threshold 15 (max threshold 15)
[3080.704s][info ][gc,heap        ] GC(104) PSYoungGen: 1737989K(1848320K)->165120K(1839616K) Eden: 1590784K(1590784K)->0K(1590784K) From: 147205K(257536K)->165120K(248832K)
[3080.704s][info ][gc,heap        ] GC(104) ParOldGen: 498078K(527360K)->512755K(527360K)
[3080.704s][info ][gc,metaspace   ] GC(104) Metaspace: 84359K(85568K)->84359K(85568K) NonClass: 72420K(73088K)->72420K(73088K) Class: 11939K(12480K)->11939K(12480K)
[3080.704s][info ][gc             ] GC(104) Pause Young (Allocation Failure) 2183M->661M(2311M) 47.309ms
[3080.704s][info ][gc,cpu         ] GC(104) User=0.17s Sys=0.00s Real=0.05s
[3080.704s][debug][gc,phases      ] GC(105) Pre Compact 0.008ms
[3080.704s][info ][gc,start       ] GC(105) Pause Full (Ergonomics)
[3080.704s][info ][gc,phases,start] GC(105) Marking Phase
[3080.830s][debug][gc,phases      ] GC(105) Par Mark 125.877ms
[3080.830s][debug][gc,ref         ] GC(105) ReferenceProcessor::execute queues: 4, RefProcThreadModel::Multi, marks_oops_alive: true
[3080.831s][debug][gc,ref         ] GC(105) ReferenceProcessor::execute queues: 4, RefProcThreadModel::Multi, marks_oops_alive: false
[3080.832s][debug][gc,ref         ] GC(105) Skipped phase 3 of Reference Processing: no references
[3080.832s][debug][gc,ref         ] GC(105) ReferenceProcessor::execute queues: 1, RefProcThreadModel::Single, marks_oops_alive: false
[3080.832s][debug][gc,phases      ] GC(105) Reference Processing 1.674ms
[3080.832s][debug][gc,phases      ] GC(105)   VM Weak                        Min:  0.0, Avg:  0.0, Max:  0.0, Diff:  0.0, Sum:  0.0, Workers: 4
[3080.832s][debug][gc,phases      ] GC(105)     Dead                           Min: 0, Avg: 39.0, Max: 73, Diff: 73, Sum: 156, Workers: 4
[3080.832s][debug][gc,phases      ] GC(105)     Total                          Min: 0, Avg: 238.5, Max: 384, Diff: 384, Sum: 954, Workers: 4
[3080.832s][debug][gc,phases      ] GC(105)   ObjectSynchronizer Weak        Min:  0.0, Avg:  0.0, Max:  0.0, Diff:  0.0, Sum:  0.0, Workers: 4
[3080.832s][debug][gc,phases      ] GC(105)     Dead                           Min: 0, Avg:  0.0, Max: 0, Diff: 0, Sum: 0, Workers: 4
[3080.832s][debug][gc,phases      ] GC(105)     Total                          Min: 0, Avg: 13.5, Max: 54, Diff: 54, Sum: 54, Workers: 4
[3080.832s][debug][gc,phases      ] GC(105)   JVMTI Tag Weak OopStorage      Min:  0.0, Avg:  0.0, Max:  0.0, Diff:  0.0, Sum:  0.0, Workers: 4
[3080.832s][debug][gc,phases      ] GC(105)     Dead                           Min: 0, Avg:  0.0, Max: 0, Diff: 0, Sum: 0, Workers: 4
[3080.832s][debug][gc,phases      ] GC(105)     Total                          Min: 0, Avg:  0.0, Max: 0, Diff: 0, Sum: 0, Workers: 4
[3080.832s][debug][gc,phases      ] GC(105)   StringTable Weak               Min:  0.0, Avg:  0.1, Max:  0.2, Diff:  0.2, Sum:  0.6, Workers: 4
[3080.832s][debug][gc,phases      ] GC(105)     Dead                           Min: 0, Avg: 313.0, Max: 576, Diff: 576, Sum: 1252, Workers: 4
[3080.832s][debug][gc,phases      ] GC(105)     Total                          Min: 0, Avg: 11027.2, Max: 14798, Diff: 14798, Sum: 44109, Workers: 4
[3080.832s][debug][gc,phases      ] GC(105)   ResolvedMethodTable Weak       Min:  0.0, Avg:  0.0, Max:  0.0, Diff:  0.0, Sum:  0.1, Workers: 4
[3080.832s][debug][gc,phases      ] GC(105)     Dead                           Min: 0, Avg: 39.5, Max: 79, Diff: 79, Sum: 158, Workers: 4
[3080.832s][debug][gc,phases      ] GC(105)     Total                          Min: 0, Avg: 2481.0, Max: 3524, Diff: 3524, Sum: 9924, Workers: 4
[3080.832s][debug][gc,phases      ] GC(105)   JNI Weak                       Min:  0.0, Avg:  0.0, Max:  0.0, Diff:  0.0, Sum:  0.0, Workers: 4
[3080.832s][debug][gc,phases      ] GC(105)     Dead                           Min: 0, Avg:  0.0, Max: 0, Diff: 0, Sum: 0, Workers: 4
[3080.832s][debug][gc,phases      ] GC(105)     Total                          Min: 0, Avg: 11.2, Max: 45, Diff: 45, Sum: 45, Workers: 4
[3080.832s][debug][gc,phases      ] GC(105)   StringDedup Table Weak         Min:  0.0, Avg:  0.0, Max:  0.0, Diff:  0.0, Sum:  0.0, Workers: 4
[3080.832s][debug][gc,phases      ] GC(105)     Dead                           Min: 0, Avg:  0.0, Max: 0, Diff: 0, Sum: 0, Workers: 4
[3080.832s][debug][gc,phases      ] GC(105)     Total                          Min: 0, Avg:  0.0, Max: 0, Diff: 0, Sum: 0, Workers: 4
[3080.832s][debug][gc,phases      ] GC(105)   StringDedup Requests0 Weak     Min:  0.0, Avg:  0.0, Max:  0.0, Diff:  0.0, Sum:  0.0, Workers: 4
[3080.832s][debug][gc,phases      ] GC(105)     Dead                           Min: 0, Avg:  0.0, Max: 0, Diff: 0, Sum: 0, Workers: 4
[3080.832s][debug][gc,phases      ] GC(105)     Total                          Min: 0, Avg:  0.0, Max: 0, Diff: 0, Sum: 0, Workers: 4
[3080.832s][debug][gc,phases      ] GC(105)   StringDedup Requests1 Weak     Min:  0.0, Avg:  0.0, Max:  0.0, Diff:  0.0, Sum:  0.0, Workers: 4
[3080.832s][debug][gc,phases      ] GC(105)     Dead                           Min: 0, Avg:  0.0, Max: 0, Diff: 0, Sum: 0, Workers: 4
[3080.832s][debug][gc,phases      ] GC(105)     Total                          Min: 0, Avg:  0.0, Max: 0, Diff: 0, Sum: 0, Workers: 4
[3080.832s][debug][gc,phases      ] GC(105)   Weak JFR Old Object Samples    Min:  0.0, Avg:  0.0, Max:  0.0, Diff:  0.0, Sum:  0.0, Workers: 4
[3080.832s][debug][gc,phases      ] GC(105)     Dead                           Min: 0, Avg:  0.0, Max: 0, Diff: 0, Sum: 0, Workers: 4
[3080.832s][debug][gc,phases      ] GC(105)     Total                          Min: 0, Avg:  0.0, Max: 0, Diff: 0, Sum: 0, Workers: 4
[3080.832s][debug][gc,phases      ] GC(105) Weak Processing 0.406ms
[3080.833s][debug][gc,phases      ] GC(105) ClassLoaderData 0.703ms
[3080.833s][debug][gc,phases      ] GC(105) Trigger cleanups 0.008ms
[3080.868s][debug][gc,phases      ] GC(105) Class Unloading 36.040ms
[3080.868s][info ][gc,phases      ] GC(105) Marking Phase 164.258ms
[3080.868s][info ][gc,phases,start] GC(105) Summary Phase
[3080.868s][info ][gc,phases      ] GC(105) Summary Phase 0.017ms
[3080.868s][info ][gc,phases,start] GC(105) Adjust Roots
[3080.884s][info ][gc,phases      ] GC(105) Adjust Roots 15.262ms
[3080.884s][info ][gc,phases,start] GC(105) Compaction Phase
[3081.036s][info ][gc,phases      ] GC(105) Compaction Phase 152.282ms
[3081.036s][info ][gc,phases,start] GC(105) Post Compact
[3081.038s][info ][gc,phases      ] GC(105) Post Compact 1.767ms
[3081.038s][info ][gc,heap        ] GC(105) PSYoungGen: 165120K(1839616K)->0K(1850368K) Eden: 0K(1590784K)->0K(1603584K) From: 165120K(248832K)->0K(246784K)
[3081.038s][info ][gc,heap        ] GC(105) ParOldGen: 512755K(527360K)->441323K(571392K)
[3081.038s][info ][gc,metaspace   ] GC(105) Metaspace: 84359K(85568K)->84029K(85568K) NonClass: 72420K(73088K)->72170K(73088K) Class: 11939K(12480K)->11859K(12480K)
[3081.038s][info ][gc             ] GC(105) Pause Full (Ergonomics) 661M->430M(2365M) 333.829ms
[3081.038s][info ][gc,cpu         ] GC(105) User=1.03s Sys=0.00s Real=0.33s
[3081.038s][info ][safepoint      ] Safepoint "ParallelGCFailedAllocation", Time since last: 5108042487 ns, Reaching safepoint: 82901 ns, At safepoint: 381348032 ns, Total: 381430933 ns
[3082.038s][info ][safepoint      ] Safepoint "Cleanup", Time since last: 1000097750 ns, Reaching safepoint: 116901 ns, At safepoint: 9700 ns, Total: 126601 ns
[3083.912s][info ][gc,start       ] GC(106) Pause Young (Allocation Failure)
[3083.947s][debug][gc,phases      ] GC(106) Scavenge 35.077ms
[3083.947s][debug][gc,ref         ] GC(106) Skipped phase 1 of Reference Processing: no references
[3083.947s][debug][gc,ref         ] GC(106) Skipped phase 2 of Reference Processing: no references
[3083.947s][debug][gc,ref         ] GC(106) Skipped phase 3 of Reference Processing: no references
[3083.947s][debug][gc,ref         ] GC(106) Skipped phase 4 of Reference Processing: no references
[3083.947s][debug][gc,phases      ] GC(106) Reference Processing 0.024ms
[3083.947s][debug][gc,phases      ] GC(106)   VM Weak                        Min:  0.0, Avg:  0.0, Max:  0.0, Diff:  0.0, Sum:  0.0, Workers: 4
[3083.947s][debug][gc,phases      ] GC(106)     Dead                           Min: 0, Avg:  0.0, Max: 0, Diff: 0, Sum: 0, Workers: 4
[3083.947s][debug][gc,phases      ] GC(106)     Total                          Min: 0, Avg: 199.5, Max: 309, Diff: 309, Sum: 798, Workers: 4
[3083.947s][debug][gc,phases      ] GC(106)   ObjectSynchronizer Weak        Min:  0.0, Avg:  0.0, Max:  0.0, Diff:  0.0, Sum:  0.0, Workers: 4
[3083.947s][debug][gc,phases      ] GC(106)     Dead                           Min: 0, Avg:  0.0, Max: 0, Diff: 0, Sum: 0, Workers: 4
[3083.947s][debug][gc,phases      ] GC(106)     Total                          Min: 0, Avg: 13.5, Max: 54, Diff: 54, Sum: 54, Workers: 4
[3083.947s][debug][gc,phases      ] GC(106)   JVMTI Tag Weak OopStorage      Min:  0.0, Avg:  0.0, Max:  0.0, Diff:  0.0, Sum:  0.0, Workers: 4
[3083.947s][debug][gc,phases      ] GC(106)     Dead                           Min: 0, Avg:  0.0, Max: 0, Diff: 0, Sum: 0, Workers: 4
[3083.947s][debug][gc,phases      ] GC(106)     Total                          Min: 0, Avg:  0.0, Max: 0, Diff: 0, Sum: 0, Workers: 4
[3083.947s][debug][gc,phases      ] GC(106)   StringTable Weak               Min:  0.0, Avg:  0.1, Max:  0.1, Diff:  0.1, Sum:  0.4, Workers: 4
[3083.947s][debug][gc,phases      ] GC(106)     Dead                           Min: 0, Avg:  0.0, Max: 0, Diff: 0, Sum: 0, Workers: 4
[3083.947s][debug][gc,phases      ] GC(106)     Total                          Min: 0, Avg: 11027.2, Max: 14925, Diff: 14925, Sum: 44109, Workers: 4
[3083.947s][debug][gc,phases      ] GC(106)   ResolvedMethodTable Weak       Min:  0.0, Avg:  0.0, Max:  0.0, Diff:  0.0, Sum:  0.1, Workers: 4
[3083.947s][debug][gc,phases      ] GC(106)     Dead                           Min: 0, Avg:  0.0, Max: 0, Diff: 0, Sum: 0, Workers: 4
[3083.947s][debug][gc,phases      ] GC(106)     Total                          Min: 0, Avg: 2481.0, Max: 3456, Diff: 3456, Sum: 9924, Workers: 4
[3083.947s][debug][gc,phases      ] GC(106)   JNI Weak                       Min:  0.0, Avg:  0.0, Max:  0.0, Diff:  0.0, Sum:  0.0, Workers: 4
[3083.947s][debug][gc,phases      ] GC(106)     Dead                           Min: 0, Avg:  0.0, Max: 0, Diff: 0, Sum: 0, Workers: 4
[3083.947s][debug][gc,phases      ] GC(106)     Total                          Min: 0, Avg: 11.2, Max: 45, Diff: 45, Sum: 45, Workers: 4
[3083.947s][debug][gc,phases      ] GC(106)   StringDedup Table Weak         Min:  0.0, Avg:  0.0, Max:  0.0, Diff:  0.0, Sum:  0.0, Workers: 4
[3083.947s][debug][gc,phases      ] GC(106)     Dead                           Min: 0, Avg:  0.0, Max: 0, Diff: 0, Sum: 0, Workers: 4
[3083.947s][debug][gc,phases      ] GC(106)     Total                          Min: 0, Avg:  0.0, Max: 0, Diff: 0, Sum: 0, Workers: 4
[3083.947s][debug][gc,phases      ] GC(106)   StringDedup Requests0 Weak     Min:  0.0, Avg:  0.0, Max:  0.0, Diff:  0.0, Sum:  0.0, Workers: 4
[3083.947s][debug][gc,phases      ] GC(106)     Dead                           Min: 0, Avg:  0.0, Max: 0, Diff: 0, Sum: 0, Workers: 4
[3083.947s][debug][gc,phases      ] GC(106)     Total                          Min: 0, Avg:  0.0, Max: 0, Diff: 0, Sum: 0, Workers: 4
[3083.947s][debug][gc,phases      ] GC(106)   StringDedup Requests1 Weak     Min:  0.0, Avg:  0.0, Max:  0.0, Diff:  0.0, Sum:  0.0, Workers: 4
[3083.947s][debug][gc,phases      ] GC(106)     Dead                           Min: 0, Avg:  0.0, Max: 0, Diff: 0, Sum: 0, Workers: 4
[3083.947s][debug][gc,phases      ] GC(106)     Total                          Min: 0, Avg:  0.0, Max: 0, Diff: 0, Sum: 0, Workers: 4
[3083.947s][debug][gc,phases      ] GC(106)   Weak JFR Old Object Samples    Min:  0.0, Avg:  0.0, Max:  0.0, Diff:  0.0, Sum:  0.0, Workers: 4
[3083.947s][debug][gc,phases      ] GC(106)     Dead                           Min: 0, Avg:  0.0, Max: 0, Diff: 0, Sum: 0, Workers: 4
[3083.947s][debug][gc,phases      ] GC(106)     Total                          Min: 0, Avg:  0.0, Max: 0, Diff: 0, Sum: 0, Workers: 4
[3083.947s][debug][gc,phases      ] GC(106) Weak Processing 0.384ms
[3083.947s][debug][gc,age         ] GC(106) Desired survivor size 247988224 bytes, new threshold 15 (max threshold 15)
[3083.947s][info ][gc,heap        ] GC(106) PSYoungGen: 1603584K(1850368K)->111312K(1850368K) Eden: 1603584K(1603584K)->0K(1603584K) From: 0K(246784K)->111312K(246784K)
[3083.948s][info ][gc,heap        ] GC(106) ParOldGen: 441323K(571392K)->441323K(571392K)
[3083.948s][info ][gc,metaspace   ] GC(106) Metaspace: 84032K(85568K)->84032K(85568K) NonClass: 72172K(73088K)->72172K(73088K) Class: 11859K(12480K)->11859K(12480K)
[3083.948s][info ][gc             ] GC(106) Pause Young (Allocation Failure) 1996M->539M(2365M) 35.612ms
[3083.948s][info ][gc,cpu         ] GC(106) User=0.12s Sys=0.00s Real=0.04s
[3083.948s][info ][safepoint      ] Safepoint "ParallelGCFailedAllocation", Time since last: 1873551993 ns, Reaching safepoint: 99001 ns, At safepoint: 35680084 ns, Total: 35779085 ns
[3089.948s][info ][safepoint      ] Safepoint "Cleanup", Time since last: 6000331017 ns, Reaching safepoint: 45900 ns, At safepoint: 3800 ns, Total: 49700 ns
[3101.949s][info ][safepoint      ] Safepoint "Cleanup", Time since last: 12000796032 ns, Reaching safepoint: 43001 ns, At safepoint: 8900 ns, Total: 51901 ns
[3114.950s][info ][safepoint      ] Safepoint "Cleanup", Time since last: 13000866522 ns, Reaching safepoint: 42600 ns, At safepoint: 4800 ns, Total: 47400 ns
[3125.759s][info ][gc,start       ] GC(107) Pause Young (Allocation Failure)
[3125.785s][debug][gc,phases      ] GC(107) Scavenge 26.406ms
[3125.785s][debug][gc,ref         ] GC(107) Skipped phase 1 of Reference Processing: no references
[3125.785s][debug][gc,ref         ] GC(107) Skipped phase 2 of Reference Processing: no references
[3125.785s][debug][gc,ref         ] GC(107) Skipped phase 3 of Reference Processing: no references
[3125.785s][debug][gc,ref         ] GC(107) Skipped phase 4 of Reference Processing: no references
[3125.785s][debug][gc,phases      ] GC(107) Reference Processing 0.032ms
[3125.786s][debug][gc,phases      ] GC(107)   VM Weak                        Min:  0.0, Avg:  0.0, Max:  0.0, Diff:  0.0, Sum:  0.0, Workers: 4
[3125.786s][debug][gc,phases      ] GC(107)     Dead                           Min: 0, Avg:  0.0, Max: 0, Diff: 0, Sum: 0, Workers: 4
[3125.786s][debug][gc,phases      ] GC(107)     Total                          Min: 0, Avg: 199.5, Max: 423, Diff: 423, Sum: 798, Workers: 4
[3125.786s][debug][gc,phases      ] GC(107)   ObjectSynchronizer Weak        Min:  0.0, Avg:  0.0, Max:  0.0, Diff:  0.0, Sum:  0.0, Workers: 4
[3125.786s][debug][gc,phases      ] GC(107)     Dead                           Min: 0, Avg:  0.0, Max: 0, Diff: 0, Sum: 0, Workers: 4
[3125.786s][debug][gc,phases      ] GC(107)     Total                          Min: 0, Avg: 13.5, Max: 54, Diff: 54, Sum: 54, Workers: 4
[3125.786s][debug][gc,phases      ] GC(107)   JVMTI Tag Weak OopStorage      Min:  0.0, Avg:  0.0, Max:  0.0, Diff:  0.0, Sum:  0.0, Workers: 4
[3125.786s][debug][gc,phases      ] GC(107)     Dead                           Min: 0, Avg:  0.0, Max: 0, Diff: 0, Sum: 0, Workers: 4
[3125.786s][debug][gc,phases      ] GC(107)     Total                          Min: 0, Avg:  0.0, Max: 0, Diff: 0, Sum: 0, Workers: 4
[3125.786s][debug][gc,phases      ] GC(107)   StringTable Weak               Min:  0.0, Avg:  0.1, Max:  0.2, Diff:  0.2, Sum:  0.4, Workers: 4
[3125.786s][debug][gc,phases      ] GC(107)     Dead                           Min: 0, Avg:  0.0, Max: 0, Diff: 0, Sum: 0, Workers: 4
[3125.786s][debug][gc,phases      ] GC(107)     Total                          Min: 0, Avg: 11027.2, Max: 22414, Diff: 22414, Sum: 44109, Workers: 4
[3125.786s][debug][gc,phases      ] GC(107)   ResolvedMethodTable Weak       Min:  0.0, Avg:  0.0, Max:  0.0, Diff:  0.0, Sum:  0.1, Workers: 4
[3125.786s][debug][gc,phases      ] GC(107)     Dead                           Min: 0, Avg:  0.0, Max: 0, Diff: 0, Sum: 0, Workers: 4
[3125.786s][debug][gc,phases      ] GC(107)     Total                          Min: 0, Avg: 2481.0, Max: 5124, Diff: 5124, Sum: 9924, Workers: 4
[3125.786s][debug][gc,phases      ] GC(107)   JNI Weak                       Min:  0.0, Avg:  0.0, Max:  0.0, Diff:  0.0, Sum:  0.0, Workers: 4
[3125.786s][debug][gc,phases      ] GC(107)     Dead                           Min: 0, Avg:  0.0, Max: 0, Diff: 0, Sum: 0, Workers: 4
[3125.786s][debug][gc,phases      ] GC(107)     Total                          Min: 0, Avg: 11.2, Max: 45, Diff: 45, Sum: 45, Workers: 4
[3125.786s][debug][gc,phases      ] GC(107)   StringDedup Table Weak         Min:  0.0, Avg:  0.0, Max:  0.0, Diff:  0.0, Sum:  0.0, Workers: 4
[3125.786s][debug][gc,phases      ] GC(107)     Dead                           Min: 0, Avg:  0.0, Max: 0, Diff: 0, Sum: 0, Workers: 4
[3125.786s][debug][gc,phases      ] GC(107)     Total                          Min: 0, Avg:  0.0, Max: 0, Diff: 0, Sum: 0, Workers: 4
[3125.786s][debug][gc,phases      ] GC(107)   StringDedup Requests0 Weak     Min:  0.0, Avg:  0.0, Max:  0.0, Diff:  0.0, Sum:  0.0, Workers: 4
[3125.786s][debug][gc,phases      ] GC(107)     Dead                           Min: 0, Avg:  0.0, Max: 0, Diff: 0, Sum: 0, Workers: 4
[3125.786s][debug][gc,phases      ] GC(107)     Total                          Min: 0, Avg:  0.0, Max: 0, Diff: 0, Sum: 0, Workers: 4
[3125.786s][debug][gc,phases      ] GC(107)   StringDedup Requests1 Weak     Min:  0.0, Avg:  0.0, Max:  0.0, Diff:  0.0, Sum:  0.0, Workers: 4
[3125.786s][debug][gc,phases      ] GC(107)     Dead                           Min: 0, Avg:  0.0, Max: 0, Diff: 0, Sum: 0, Workers: 4
[3125.786s][debug][gc,phases      ] GC(107)     Total                          Min: 0, Avg:  0.0, Max: 0, Diff: 0, Sum: 0, Workers: 4
[3125.786s][debug][gc,phases      ] GC(107)   Weak JFR Old Object Samples    Min:  0.0, Avg:  0.0, Max:  0.0, Diff:  0.0, Sum:  0.0, Workers: 4
[3125.786s][debug][gc,phases      ] GC(107)     Dead                           Min: 0, Avg:  0.0, Max: 0, Diff: 0, Sum: 0, Workers: 4
[3125.786s][debug][gc,phases      ] GC(107)     Total                          Min: 0, Avg:  0.0, Max: 0, Diff: 0, Sum: 0, Workers: 4
[3125.786s][debug][gc,phases      ] GC(107) Weak Processing 0.547ms
[3125.786s][debug][gc,age         ] GC(107) Desired survivor size 242221056 bytes, new threshold 15 (max threshold 15)
[3125.786s][info ][gc,heap        ] GC(107) PSYoungGen: 1714896K(1850368K)->110912K(1860608K) Eden: 1603584K(1603584K)->0K(1618432K) From: 111312K(246784K)->110912K(242176K)
[3125.786s][info ][gc,heap        ] GC(107) ParOldGen: 441323K(571392K)->441323K(571392K)
[3125.786s][info ][gc,metaspace   ] GC(107) Metaspace: 84045K(85568K)->84045K(85568K) NonClass: 72186K(73088K)->72186K(73088K) Class: 11859K(12480K)->11859K(12480K)
[3125.786s][info ][gc             ] GC(107) Pause Young (Allocation Failure) 2105M->539M(2375M) 27.142ms
[3125.786s][info ][gc,cpu         ] GC(107) User=0.10s Sys=0.00s Real=0.03s
[3125.786s][info ][safepoint      ] Safepoint "ParallelGCFailedAllocation", Time since last: 10809143806 ns, Reaching safepoint: 24500 ns, At safepoint: 27229415 ns, Total: 27253915 ns
[3129.786s][info ][safepoint      ] Safepoint "Cleanup", Time since last: 4000312368 ns, Reaching safepoint: 39900 ns, At safepoint: 2801 ns, Total: 42701 ns
[3151.788s][info ][safepoint      ] Safepoint "Cleanup", Time since last: 22001562045 ns, Reaching safepoint: 50200 ns, At safepoint: 4100 ns, Total: 54300 ns
[3153.788s][info ][safepoint      ] Safepoint "Cleanup", Time since last: 2000218679 ns, Reaching safepoint: 59801 ns, At safepoint: 8300 ns, Total: 68101 ns
[3171.457s][info ][gc,start       ] GC(108) Pause Young (Allocation Failure)
[3171.482s][debug][gc,phases      ] GC(108) Scavenge 25.632ms
[3171.482s][debug][gc,ref         ] GC(108) Skipped phase 1 of Reference Processing: no references
[3171.483s][debug][gc,ref         ] GC(108) ReferenceProcessor::execute queues: 1, RefProcThreadModel::Single, marks_oops_alive: false
[3171.483s][debug][gc,ref         ] GC(108) Skipped phase 3 of Reference Processing: no references
[3171.483s][debug][gc,ref         ] GC(108) Skipped phase 4 of Reference Processing: no references
[3171.483s][debug][gc,phases      ] GC(108) Reference Processing 0.124ms
[3171.483s][debug][gc,phases      ] GC(108)   VM Weak                        Min:  0.0, Avg:  0.0, Max:  0.0, Diff:  0.0, Sum:  0.0, Workers: 4
[3171.483s][debug][gc,phases      ] GC(108)     Dead                           Min: 0, Avg:  0.0, Max: 0, Diff: 0, Sum: 0, Workers: 4
[3171.483s][debug][gc,phases      ] GC(108)     Total                          Min: 0, Avg: 199.5, Max: 445, Diff: 445, Sum: 798, Workers: 4
[3171.483s][debug][gc,phases      ] GC(108)   ObjectSynchronizer Weak        Min:  0.0, Avg:  0.0, Max:  0.0, Diff:  0.0, Sum:  0.0, Workers: 4
[3171.483s][debug][gc,phases      ] GC(108)     Dead                           Min: 0, Avg:  0.0, Max: 0, Diff: 0, Sum: 0, Workers: 4
[3171.483s][debug][gc,phases      ] GC(108)     Total                          Min: 0, Avg: 13.5, Max: 54, Diff: 54, Sum: 54, Workers: 4
[3171.483s][debug][gc,phases      ] GC(108)   JVMTI Tag Weak OopStorage      Min:  0.0, Avg:  0.0, Max:  0.0, Diff:  0.0, Sum:  0.0, Workers: 4
[3171.483s][debug][gc,phases      ] GC(108)     Dead                           Min: 0, Avg:  0.0, Max: 0, Diff: 0, Sum: 0, Workers: 4
[3171.483s][debug][gc,phases      ] GC(108)     Total                          Min: 0, Avg:  0.0, Max: 0, Diff: 0, Sum: 0, Workers: 4
[3171.483s][debug][gc,phases      ] GC(108)   StringTable Weak               Min:  0.0, Avg:  0.1, Max:  0.2, Diff:  0.2, Sum:  0.5, Workers: 4
[3171.483s][debug][gc,phases      ] GC(108)     Dead                           Min: 0, Avg:  0.0, Max: 0, Diff: 0, Sum: 0, Workers: 4
[3171.483s][debug][gc,phases      ] GC(108)     Total                          Min: 0, Avg: 11027.2, Max: 15630, Diff: 15630, Sum: 44109, Workers: 4
[3171.483s][debug][gc,phases      ] GC(108)   ResolvedMethodTable Weak       Min:  0.0, Avg:  0.0, Max:  0.0, Diff:  0.0, Sum:  0.1, Workers: 4
[3171.483s][debug][gc,phases      ] GC(108)     Dead                           Min: 0, Avg:  0.0, Max: 0, Diff: 0, Sum: 0, Workers: 4
[3171.483s][debug][gc,phases      ] GC(108)     Total                          Min: 0, Avg: 2481.0, Max: 3392, Diff: 3392, Sum: 9924, Workers: 4
[3171.483s][debug][gc,phases      ] GC(108)   JNI Weak                       Min:  0.0, Avg:  0.0, Max:  0.0, Diff:  0.0, Sum:  0.0, Workers: 4
[3171.483s][debug][gc,phases      ] GC(108)     Dead                           Min: 0, Avg:  0.0, Max: 0, Diff: 0, Sum: 0, Workers: 4
[3171.483s][debug][gc,phases      ] GC(108)     Total                          Min: 0, Avg: 11.2, Max: 45, Diff: 45, Sum: 45, Workers: 4
[3171.483s][debug][gc,phases      ] GC(108)   StringDedup Table Weak         Min:  0.0, Avg:  0.0, Max:  0.0, Diff:  0.0, Sum:  0.0, Workers: 4
[3171.483s][debug][gc,phases      ] GC(108)     Dead                           Min: 0, Avg:  0.0, Max: 0, Diff: 0, Sum: 0, Workers: 4
[3171.483s][debug][gc,phases      ] GC(108)     Total                          Min: 0, Avg:  0.0, Max: 0, Diff: 0, Sum: 0, Workers: 4
[3171.483s][debug][gc,phases      ] GC(108)   StringDedup Requests0 Weak     Min:  0.0, Avg:  0.0, Max:  0.0, Diff:  0.0, Sum:  0.0, Workers: 4
[3171.483s][debug][gc,phases      ] GC(108)     Dead                           Min: 0, Avg:  0.0, Max: 0, Diff: 0, Sum: 0, Workers: 4
[3171.483s][debug][gc,phases      ] GC(108)     Total                          Min: 0, Avg:  0.0, Max: 0, Diff: 0, Sum: 0, Workers: 4
[3171.483s][debug][gc,phases      ] GC(108)   StringDedup Requests1 Weak     Min:  0.0, Avg:  0.0, Max:  0.0, Diff:  0.0, Sum:  0.0, Workers: 4
[3171.483s][debug][gc,phases      ] GC(108)     Dead                           Min: 0, Avg:  0.0, Max: 0, Diff: 0, Sum: 0, Workers: 4
[3171.483s][debug][gc,phases      ] GC(108)     Total                          Min: 0, Avg:  0.0, Max: 0, Diff: 0, Sum: 0, Workers: 4
[3171.483s][debug][gc,phases      ] GC(108)   Weak JFR Old Object Samples    Min:  0.0, Avg:  0.0, Max:  0.0, Diff:  0.0, Sum:  0.0, Workers: 4
[3171.483s][debug][gc,phases      ] GC(108)     Dead                           Min: 0, Avg:  0.0, Max: 0, Diff: 0, Sum: 0, Workers: 4
[3171.483s][debug][gc,phases      ] GC(108)     Total                          Min: 0, Avg:  0.0, Max: 0, Diff: 0, Sum: 0, Workers: 4
[3171.483s][debug][gc,phases      ] GC(108) Weak Processing 0.370ms
[3171.483s][debug][gc,age         ] GC(108) Desired survivor size 236453888 bytes, new threshold 15 (max threshold 15)
[3171.483s][info ][gc,heap        ] GC(108) PSYoungGen: 1729344K(1860608K)->111632K(1854976K) Eden: 1618432K(1618432K)->0K(1618432K) From: 110912K(242176K)->111632K(236544K)
[3171.483s][info ][gc,heap        ] GC(108) ParOldGen: 441323K(571392K)->441323K(571392K)
[3171.483s][info ][gc,metaspace   ] GC(108) Metaspace: 84055K(85568K)->84055K(85568K) NonClass: 72195K(73088K)->72195K(73088K) Class: 11859K(12480K)->11859K(12480K)
[3171.483s][info ][gc             ] GC(108) Pause Young (Allocation Failure) 2119M->539M(2369M) 26.284ms
[3171.483s][info ][gc,cpu         ] GC(108) User=0.10s Sys=0.00s Real=0.03s
[3171.483s][info ][safepoint      ] Safepoint "ParallelGCFailedAllocation", Time since last: 17668285942 ns, Reaching safepoint: 59201 ns, At safepoint: 26354005 ns, Total: 26413206 ns
[3172.483s][info ][safepoint      ] Safepoint "Cleanup", Time since last: 1000101988 ns, Reaching safepoint: 76001 ns, At safepoint: 3500 ns, Total: 79501 ns
[3195.485s][info ][safepoint      ] Safepoint "Cleanup", Time since last: 23001716554 ns, Reaching safepoint: 53501 ns, At safepoint: 2600 ns, Total: 56101 ns
[3197.485s][info ][safepoint      ] Safepoint "Cleanup", Time since last: 2000173652 ns, Reaching safepoint: 43800 ns, At safepoint: 4900 ns, Total: 48700 ns
[3198.909s][info ][safepoint      ] Safepoint "Cleanup", Time since last: 1423239358 ns, Reaching safepoint: 134801 ns, At safepoint: 9700 ns, Total: 144501 ns
[3201.909s][info ][safepoint      ] Safepoint "Cleanup", Time since last: 3000277111 ns, Reaching safepoint: 112001 ns, At safepoint: 6100 ns, Total: 118101 ns
[3202.909s][info ][safepoint      ] Safepoint "Cleanup", Time since last: 1000116070 ns, Reaching safepoint: 114701 ns, At safepoint: 5100 ns, Total: 119801 ns
[3205.910s][info ][safepoint      ] Safepoint "Cleanup", Time since last: 3000239660 ns, Reaching safepoint: 113401 ns, At safepoint: 6100 ns, Total: 119501 ns
[3211.910s][info ][safepoint      ] Safepoint "Cleanup", Time since last: 6000473113 ns, Reaching safepoint: 110401 ns, At safepoint: 8900 ns, Total: 119301 ns
[3218.759s][info ][gc,start       ] GC(109) Pause Young (Allocation Failure)
[3218.787s][debug][gc,phases      ] GC(109) Scavenge 27.613ms
[3218.787s][debug][gc,ref         ] GC(109) Skipped phase 1 of Reference Processing: no references
[3218.787s][debug][gc,ref         ] GC(109) ReferenceProcessor::execute queues: 1, RefProcThreadModel::Single, marks_oops_alive: false
[3218.787s][debug][gc,ref         ] GC(109) Skipped phase 3 of Reference Processing: no references
[3218.787s][debug][gc,ref         ] GC(109) Skipped phase 4 of Reference Processing: no references
[3218.787s][debug][gc,phases      ] GC(109) Reference Processing 0.105ms
[3218.787s][debug][gc,phases      ] GC(109)   VM Weak                        Min:  0.0, Avg:  0.0, Max:  0.0, Diff:  0.0, Sum:  0.0, Workers: 4
[3218.787s][debug][gc,phases      ] GC(109)     Dead                           Min: 0, Avg:  0.0, Max: 0, Diff: 0, Sum: 0, Workers: 4
[3218.787s][debug][gc,phases      ] GC(109)     Total                          Min: 0, Avg: 199.5, Max: 558, Diff: 558, Sum: 798, Workers: 4
[3218.787s][debug][gc,phases      ] GC(109)   ObjectSynchronizer Weak        Min:  0.0, Avg:  0.0, Max:  0.0, Diff:  0.0, Sum:  0.0, Workers: 4
[3218.787s][debug][gc,phases      ] GC(109)     Dead                           Min: 0, Avg:  0.0, Max: 0, Diff: 0, Sum: 0, Workers: 4
[3218.787s][debug][gc,phases      ] GC(109)     Total                          Min: 0, Avg: 13.5, Max: 54, Diff: 54, Sum: 54, Workers: 4
[3218.787s][debug][gc,phases      ] GC(109)   JVMTI Tag Weak OopStorage      Min:  0.0, Avg:  0.0, Max:  0.0, Diff:  0.0, Sum:  0.0, Workers: 4
[3218.787s][debug][gc,phases      ] GC(109)     Dead                           Min: 0, Avg:  0.0, Max: 0, Diff: 0, Sum: 0, Workers: 4
[3218.787s][debug][gc,phases      ] GC(109)     Total                          Min: 0, Avg:  0.0, Max: 0, Diff: 0, Sum: 0, Workers: 4
[3218.787s][debug][gc,phases      ] GC(109)   StringTable Weak               Min:  0.0, Avg:  0.1, Max:  0.1, Diff:  0.1, Sum:  0.4, Workers: 4
[3218.787s][debug][gc,phases      ] GC(109)     Dead                           Min: 0, Avg:  0.0, Max: 0, Diff: 0, Sum: 0, Workers: 4
[3218.787s][debug][gc,phases      ] GC(109)     Total                          Min: 0, Avg: 11027.8, Max: 14976, Diff: 14976, Sum: 44111, Workers: 4
[3218.787s][debug][gc,phases      ] GC(109)   ResolvedMethodTable Weak       Min:  0.0, Avg:  0.0, Max:  0.0, Diff:  0.0, Sum:  0.1, Workers: 4
[3218.787s][debug][gc,phases      ] GC(109)     Dead                           Min: 0, Avg:  0.0, Max: 0, Diff: 0, Sum: 0, Workers: 4
[3218.787s][debug][gc,phases      ] GC(109)     Total                          Min: 0, Avg: 2481.0, Max: 3392, Diff: 3392, Sum: 9924, Workers: 4
[3218.787s][debug][gc,phases      ] GC(109)   JNI Weak                       Min:  0.0, Avg:  0.0, Max:  0.0, Diff:  0.0, Sum:  0.0, Workers: 4
[3218.787s][debug][gc,phases      ] GC(109)     Dead                           Min: 0, Avg:  0.0, Max: 0, Diff: 0, Sum: 0, Workers: 4
[3218.787s][debug][gc,phases      ] GC(109)     Total                          Min: 0, Avg: 11.2, Max: 45, Diff: 45, Sum: 45, Workers: 4
[3218.787s][debug][gc,phases      ] GC(109)   StringDedup Table Weak         Min:  0.0, Avg:  0.0, Max:  0.0, Diff:  0.0, Sum:  0.0, Workers: 4
[3218.787s][debug][gc,phases      ] GC(109)     Dead                           Min: 0, Avg:  0.0, Max: 0, Diff: 0, Sum: 0, Workers: 4
[3218.787s][debug][gc,phases      ] GC(109)     Total                          Min: 0, Avg:  0.0, Max: 0, Diff: 0, Sum: 0, Workers: 4
[3218.787s][debug][gc,phases      ] GC(109)   StringDedup Requests0 Weak     Min:  0.0, Avg:  0.0, Max:  0.0, Diff:  0.0, Sum:  0.0, Workers: 4
[3218.787s][debug][gc,phases      ] GC(109)     Dead                           Min: 0, Avg:  0.0, Max: 0, Diff: 0, Sum: 0, Workers: 4
[3218.787s][debug][gc,phases      ] GC(109)     Total                          Min: 0, Avg:  0.0, Max: 0, Diff: 0, Sum: 0, Workers: 4
[3218.787s][debug][gc,phases      ] GC(109)   StringDedup Requests1 Weak     Min:  0.0, Avg:  0.0, Max:  0.0, Diff:  0.0, Sum:  0.0, Workers: 4
[3218.787s][debug][gc,phases      ] GC(109)     Dead                           Min: 0, Avg:  0.0, Max: 0, Diff: 0, Sum: 0, Workers: 4
[3218.787s][debug][gc,phases      ] GC(109)     Total                          Min: 0, Avg:  0.0, Max: 0, Diff: 0, Sum: 0, Workers: 4
[3218.787s][debug][gc,phases      ] GC(109)   Weak JFR Old Object Samples    Min:  0.0, Avg:  0.0, Max:  0.0, Diff:  0.0, Sum:  0.0, Workers: 4
[3218.787s][debug][gc,phases      ] GC(109)     Dead                           Min: 0, Avg:  0.0, Max: 0, Diff: 0, Sum: 0, Workers: 4
[3218.787s][debug][gc,phases      ] GC(109)     Total                          Min: 0, Avg:  0.0, Max: 0, Diff: 0, Sum: 0, Workers: 4
[3218.787s][debug][gc,phases      ] GC(109) Weak Processing 0.334ms
[3218.787s][debug][gc,age         ] GC(109) Desired survivor size 230686720 bytes, new threshold 15 (max threshold 15)
[3218.787s][info ][gc,heap        ] GC(109) PSYoungGen: 1730064K(1854976K)->111984K(1871872K) Eden: 1618432K(1618432K)->0K(1640960K) From: 111632K(236544K)->111984K(230912K)
[3218.787s][info ][gc,heap        ] GC(109) ParOldGen: 441323K(571392K)->441323K(571392K)
[3218.787s][info ][gc,metaspace   ] GC(109) Metaspace: 84071K(85568K)->84071K(85568K) NonClass: 72212K(73088K)->72212K(73088K) Class: 11859K(12480K)->11859K(12480K)
[3218.787s][info ][gc             ] GC(109) Pause Young (Allocation Failure) 2120M->540M(2386M) 28.179ms
[3218.787s][info ][gc,cpu         ] GC(109) User=0.09s Sys=0.00s Real=0.03s
[3218.787s][info ][safepoint      ] Safepoint "ParallelGCFailedAllocation", Time since last: 6848948557 ns, Reaching safepoint: 47701 ns, At safepoint: 28242122 ns, Total: 28289823 ns
[3225.788s][info ][safepoint      ] Safepoint "Cleanup", Time since last: 7000518493 ns, Reaching safepoint: 58801 ns, At safepoint: 3400 ns, Total: 62201 ns
[3238.789s][info ][safepoint      ] Safepoint "Cleanup", Time since last: 13000956887 ns, Reaching safepoint: 51400 ns, At safepoint: 3000 ns, Total: 54400 ns
[3239.789s][info ][safepoint      ] Safepoint "Cleanup", Time since last: 1000125514 ns, Reaching safepoint: 120401 ns, At safepoint: 8200 ns, Total: 128601 ns
[3240.505s][info ][safepoint      ] Safepoint "ParallelGCFailedAllocation", Time since last: 715955722 ns, Reaching safepoint: 111401 ns, At safepoint: 14800 ns, Total: 126201 ns
[3240.506s][info ][gc,start       ] GC(110) Pause Young (GCLocker Initiated GC)
[3240.528s][debug][gc,phases      ] GC(110) Scavenge 22.545ms
[3240.528s][debug][gc,ref         ] GC(110) Skipped phase 1 of Reference Processing: no references
[3240.528s][debug][gc,ref         ] GC(110) ReferenceProcessor::execute queues: 1, RefProcThreadModel::Single, marks_oops_alive: false
[3240.528s][debug][gc,ref         ] GC(110) Skipped phase 3 of Reference Processing: no references
[3240.528s][debug][gc,ref         ] GC(110) ReferenceProcessor::execute queues: 1, RefProcThreadModel::Single, marks_oops_alive: false
[3240.528s][debug][gc,phases      ] GC(110) Reference Processing 0.101ms
[3240.529s][debug][gc,phases      ] GC(110)   VM Weak                        Min:  0.0, Avg:  0.0, Max:  0.0, Diff:  0.0, Sum:  0.0, Workers: 4
[3240.529s][debug][gc,phases      ] GC(110)     Dead                           Min: 0, Avg:  0.0, Max: 0, Diff: 0, Sum: 0, Workers: 4
[3240.529s][debug][gc,phases      ] GC(110)     Total                          Min: 0, Avg: 199.5, Max: 798, Diff: 798, Sum: 798, Workers: 4
[3240.529s][debug][gc,phases      ] GC(110)   ObjectSynchronizer Weak        Min:  0.0, Avg:  0.0, Max:  0.0, Diff:  0.0, Sum:  0.0, Workers: 4
[3240.529s][debug][gc,phases      ] GC(110)     Dead                           Min: 0, Avg:  0.0, Max: 0, Diff: 0, Sum: 0, Workers: 4
[3240.529s][debug][gc,phases      ] GC(110)     Total                          Min: 0, Avg: 13.5, Max: 54, Diff: 54, Sum: 54, Workers: 4
[3240.529s][debug][gc,phases      ] GC(110)   JVMTI Tag Weak OopStorage      Min:  0.0, Avg:  0.0, Max:  0.0, Diff:  0.0, Sum:  0.0, Workers: 4
[3240.529s][debug][gc,phases      ] GC(110)     Dead                           Min: 0, Avg:  0.0, Max: 0, Diff: 0, Sum: 0, Workers: 4
[3240.529s][debug][gc,phases      ] GC(110)     Total                          Min: 0, Avg:  0.0, Max: 0, Diff: 0, Sum: 0, Workers: 4
[3240.529s][debug][gc,phases      ] GC(110)   StringTable Weak               Min:  0.1, Avg:  0.1, Max:  0.1, Diff:  0.0, Sum:  0.5, Workers: 4
[3240.529s][debug][gc,phases      ] GC(110)     Dead                           Min: 0, Avg:  0.0, Max: 0, Diff: 0, Sum: 0, Workers: 4
[3240.529s][debug][gc,phases      ] GC(110)     Total                          Min: 7999, Avg: 11028.0, Max: 15377, Diff: 7378, Sum: 44112, Workers: 4
[3240.529s][debug][gc,phases      ] GC(110)   ResolvedMethodTable Weak       Min:  0.0, Avg:  0.0, Max:  0.0, Diff:  0.0, Sum:  0.1, Workers: 4
[3240.529s][debug][gc,phases      ] GC(110)     Dead                           Min: 0, Avg:  0.0, Max: 0, Diff: 0, Sum: 0, Workers: 4
[3240.529s][debug][gc,phases      ] GC(110)     Total                          Min: 1088, Avg: 2481.0, Max: 3012, Diff: 1924, Sum: 9924, Workers: 4
[3240.529s][debug][gc,phases      ] GC(110)   JNI Weak                       Min:  0.0, Avg:  0.0, Max:  0.0, Diff:  0.0, Sum:  0.0, Workers: 4
[3240.529s][debug][gc,phases      ] GC(110)     Dead                           Min: 0, Avg:  0.0, Max: 0, Diff: 0, Sum: 0, Workers: 4
[3240.529s][debug][gc,phases      ] GC(110)     Total                          Min: 0, Avg: 11.2, Max: 45, Diff: 45, Sum: 45, Workers: 4
[3240.529s][debug][gc,phases      ] GC(110)   StringDedup Table Weak         Min:  0.0, Avg:  0.0, Max:  0.0, Diff:  0.0, Sum:  0.0, Workers: 4
[3240.529s][debug][gc,phases      ] GC(110)     Dead                           Min: 0, Avg:  0.0, Max: 0, Diff: 0, Sum: 0, Workers: 4
[3240.529s][debug][gc,phases      ] GC(110)     Total                          Min: 0, Avg:  0.0, Max: 0, Diff: 0, Sum: 0, Workers: 4
[3240.529s][debug][gc,phases      ] GC(110)   StringDedup Requests0 Weak     Min:  0.0, Avg:  0.0, Max:  0.0, Diff:  0.0, Sum:  0.0, Workers: 4
[3240.529s][debug][gc,phases      ] GC(110)     Dead                           Min: 0, Avg:  0.0, Max: 0, Diff: 0, Sum: 0, Workers: 4
[3240.529s][debug][gc,phases      ] GC(110)     Total                          Min: 0, Avg:  0.0, Max: 0, Diff: 0, Sum: 0, Workers: 4
[3240.529s][debug][gc,phases      ] GC(110)   StringDedup Requests1 Weak     Min:  0.0, Avg:  0.0, Max:  0.0, Diff:  0.0, Sum:  0.0, Workers: 4
[3240.529s][debug][gc,phases      ] GC(110)     Dead                           Min: 0, Avg:  0.0, Max: 0, Diff: 0, Sum: 0, Workers: 4
[3240.529s][debug][gc,phases      ] GC(110)     Total                          Min: 0, Avg:  0.0, Max: 0, Diff: 0, Sum: 0, Workers: 4
[3240.529s][debug][gc,phases      ] GC(110)   Weak JFR Old Object Samples    Min:  0.0, Avg:  0.0, Max:  0.0, Diff:  0.0, Sum:  0.0, Workers: 4
[3240.529s][debug][gc,phases      ] GC(110)     Dead                           Min: 0, Avg:  0.0, Max: 0, Diff: 0, Sum: 0, Workers: 4
[3240.529s][debug][gc,phases      ] GC(110)     Total                          Min: 0, Avg:  0.0, Max: 0, Diff: 0, Sum: 0, Workers: 4
[3240.529s][debug][gc,phases      ] GC(110) Weak Processing 0.487ms
[3240.529s][debug][gc,age         ] GC(110) Desired survivor size 229113856 bytes, new threshold 15 (max threshold 15)
[3240.529s][info ][gc,heap        ] GC(110) PSYoungGen: 1752944K(1871872K)->86548K(1866240K) Eden: 1640960K(1640960K)->0K(1640960K) From: 111984K(230912K)->86548K(225280K)
[3240.529s][info ][gc,heap        ] GC(110) ParOldGen: 441707K(571392K)->441707K(571392K)
[3240.529s][info ][gc,metaspace   ] GC(110) Metaspace: 84087K(85568K)->84087K(85568K) NonClass: 72227K(73088K)->72227K(73088K) Class: 11859K(12480K)->11859K(12480K)
[3240.529s][info ][gc             ] GC(110) Pause Young (GCLocker Initiated GC) 2143M->515M(2380M) 23.236ms
[3240.529s][info ][gc,cpu         ] GC(110) User=0.09s Sys=0.00s Real=0.03s
[3240.529s][info ][safepoint      ] Safepoint "ParallelGCSystemGC", Time since last: 327803 ns, Reaching safepoint: 68200 ns, At safepoint: 23306380 ns, Total: 23374580 ns
[3241.530s][info ][safepoint      ] Safepoint "Cleanup", Time since last: 1001060821 ns, Reaching safepoint: 132301 ns, At safepoint: 6201 ns, Total: 138502 ns
[3242.372s][info ][safepoint      ] Safepoint "ParallelGCFailedAllocation", Time since last: 841643191 ns, Reaching safepoint: 109201 ns, At safepoint: 9700 ns, Total: 118901 ns
[3242.372s][info ][gc,start       ] GC(111) Pause Young (GCLocker Initiated GC)
[3242.416s][debug][gc,phases      ] GC(111) Scavenge 43.710ms
[3242.416s][debug][gc,ref         ] GC(111) Skipped phase 1 of Reference Processing: no references
[3242.416s][debug][gc,ref         ] GC(111) ReferenceProcessor::execute queues: 1, RefProcThreadModel::Single, marks_oops_alive: false
[3242.416s][debug][gc,ref         ] GC(111) Skipped phase 3 of Reference Processing: no references
[3242.416s][debug][gc,ref         ] GC(111) ReferenceProcessor::execute queues: 1, RefProcThreadModel::Single, marks_oops_alive: false
[3242.416s][debug][gc,phases      ] GC(111) Reference Processing 0.118ms
[3242.416s][debug][gc,phases      ] GC(111)   VM Weak                        Min:  0.0, Avg:  0.0, Max:  0.0, Diff:  0.0, Sum:  0.0, Workers: 4
[3242.416s][debug][gc,phases      ] GC(111)     Dead                           Min: 0, Avg:  0.0, Max: 0, Diff: 0, Sum: 0, Workers: 4
[3242.416s][debug][gc,phases      ] GC(111)     Total                          Min: 0, Avg: 199.5, Max: 449, Diff: 449, Sum: 798, Workers: 4
[3242.416s][debug][gc,phases      ] GC(111)   ObjectSynchronizer Weak        Min:  0.0, Avg:  0.0, Max:  0.0, Diff:  0.0, Sum:  0.0, Workers: 4
[3242.416s][debug][gc,phases      ] GC(111)     Dead                           Min: 0, Avg:  0.0, Max: 0, Diff: 0, Sum: 0, Workers: 4
[3242.416s][debug][gc,phases      ] GC(111)     Total                          Min: 0, Avg: 13.5, Max: 54, Diff: 54, Sum: 54, Workers: 4
[3242.416s][debug][gc,phases      ] GC(111)   JVMTI Tag Weak OopStorage      Min:  0.0, Avg:  0.0, Max:  0.0, Diff:  0.0, Sum:  0.0, Workers: 4
[3242.416s][debug][gc,phases      ] GC(111)     Dead                           Min: 0, Avg:  0.0, Max: 0, Diff: 0, Sum: 0, Workers: 4
[3242.416s][debug][gc,phases      ] GC(111)     Total                          Min: 0, Avg:  0.0, Max: 0, Diff: 0, Sum: 0, Workers: 4
[3242.416s][debug][gc,phases      ] GC(111)   StringTable Weak               Min:  0.0, Avg:  0.1, Max:  0.1, Diff:  0.1, Sum:  0.4, Workers: 4
[3242.416s][debug][gc,phases      ] GC(111)     Dead                           Min: 0, Avg:  0.0, Max: 0, Diff: 0, Sum: 0, Workers: 4
[3242.416s][debug][gc,phases      ] GC(111)     Total                          Min: 0, Avg: 11028.0, Max: 18623, Diff: 18623, Sum: 44112, Workers: 4
[3242.416s][debug][gc,phases      ] GC(111)   ResolvedMethodTable Weak       Min:  0.0, Avg:  0.0, Max:  0.0, Diff:  0.0, Sum:  0.1, Workers: 4
[3242.416s][debug][gc,phases      ] GC(111)     Dead                           Min: 0, Avg:  0.0, Max: 0, Diff: 0, Sum: 0, Workers: 4
[3242.416s][debug][gc,phases      ] GC(111)     Total                          Min: 0, Avg: 2481.0, Max: 4228, Diff: 4228, Sum: 9924, Workers: 4
[3242.416s][debug][gc,phases      ] GC(111)   JNI Weak                       Min:  0.0, Avg:  0.0, Max:  0.0, Diff:  0.0, Sum:  0.0, Workers: 4
[3242.416s][debug][gc,phases      ] GC(111)     Dead                           Min: 0, Avg:  0.0, Max: 0, Diff: 0, Sum: 0, Workers: 4
[3242.416s][debug][gc,phases      ] GC(111)     Total                          Min: 0, Avg: 11.2, Max: 45, Diff: 45, Sum: 45, Workers: 4
[3242.416s][debug][gc,phases      ] GC(111)   StringDedup Table Weak         Min:  0.0, Avg:  0.0, Max:  0.0, Diff:  0.0, Sum:  0.0, Workers: 4
[3242.416s][debug][gc,phases      ] GC(111)     Dead                           Min: 0, Avg:  0.0, Max: 0, Diff: 0, Sum: 0, Workers: 4
[3242.416s][debug][gc,phases      ] GC(111)     Total                          Min: 0, Avg:  0.0, Max: 0, Diff: 0, Sum: 0, Workers: 4
[3242.416s][debug][gc,phases      ] GC(111)   StringDedup Requests0 Weak     Min:  0.0, Avg:  0.0, Max:  0.0, Diff:  0.0, Sum:  0.0, Workers: 4
[3242.416s][debug][gc,phases      ] GC(111)     Dead                           Min: 0, Avg:  0.0, Max: 0, Diff: 0, Sum: 0, Workers: 4
[3242.416s][debug][gc,phases      ] GC(111)     Total                          Min: 0, Avg:  0.0, Max: 0, Diff: 0, Sum: 0, Workers: 4
[3242.416s][debug][gc,phases      ] GC(111)   StringDedup Requests1 Weak     Min:  0.0, Avg:  0.0, Max:  0.0, Diff:  0.0, Sum:  0.0, Workers: 4
[3242.416s][debug][gc,phases      ] GC(111)     Dead                           Min: 0, Avg:  0.0, Max: 0, Diff: 0, Sum: 0, Workers: 4
[3242.416s][debug][gc,phases      ] GC(111)     Total                          Min: 0, Avg:  0.0, Max: 0, Diff: 0, Sum: 0, Workers: 4
[3242.416s][debug][gc,phases      ] GC(111)   Weak JFR Old Object Samples    Min:  0.0, Avg:  0.0, Max:  0.0, Diff:  0.0, Sum:  0.0, Workers: 4
[3242.416s][debug][gc,phases      ] GC(111)     Dead                           Min: 0, Avg:  0.0, Max: 0, Diff: 0, Sum: 0, Workers: 4
[3242.416s][debug][gc,phases      ] GC(111)     Total                          Min: 0, Avg:  0.0, Max: 0, Diff: 0, Sum: 0, Workers: 4
[3242.416s][debug][gc,phases      ] GC(111) Weak Processing 0.320ms
[3242.416s][debug][gc,age         ] GC(111) Desired survivor size 231735296 bytes, new threshold 15 (max threshold 15)
[3242.416s][info ][gc,heap        ] GC(111) PSYoungGen: 1727508K(1866240K)->159771K(1868288K) Eden: 1640960K(1640960K)->0K(1644544K) From: 86548K(225280K)->159771K(223744K)
[3242.416s][info ][gc,heap        ] GC(111) ParOldGen: 441711K(571392K)->441711K(571392K)
[3242.416s][info ][gc,metaspace   ] GC(111) Metaspace: 84089K(85568K)->84089K(85568K) NonClass: 72229K(73088K)->72229K(73088K) Class: 11859K(12480K)->11859K(12480K)
[3242.417s][info ][gc             ] GC(111) Pause Young (GCLocker Initiated GC) 2118M->587M(2382M) 44.241ms
[3242.417s][info ][gc,cpu         ] GC(111) User=0.16s Sys=0.00s Real=0.04s
[3242.417s][info ][safepoint      ] Safepoint "ParallelGCSystemGC", Time since last: 102801 ns, Reaching safepoint: 105301 ns, At safepoint: 44302341 ns, Total: 44407642 ns
[3246.417s][info ][safepoint      ] Safepoint "Cleanup", Time since last: 4000274153 ns, Reaching safepoint: 56500 ns, At safepoint: 3800 ns, Total: 60300 ns
[3247.417s][info ][safepoint      ] Safepoint "Cleanup", Time since last: 1000116713 ns, Reaching safepoint: 43900 ns, At safepoint: 3600 ns, Total: 47500 ns
[3267.324s][info ][gc,start       ] GC(112) Pause Young (Allocation Failure)
[3267.376s][debug][gc,phases      ] GC(112) Scavenge 52.172ms
[3267.376s][debug][gc,ref         ] GC(112) Skipped phase 1 of Reference Processing: no references
[3267.376s][debug][gc,ref         ] GC(112) ReferenceProcessor::execute queues: 1, RefProcThreadModel::Single, marks_oops_alive: false
[3267.376s][debug][gc,ref         ] GC(112) Skipped phase 3 of Reference Processing: no references
[3267.376s][debug][gc,ref         ] GC(112) ReferenceProcessor::execute queues: 1, RefProcThreadModel::Single, marks_oops_alive: false
[3267.376s][debug][gc,phases      ] GC(112) Reference Processing 0.099ms
[3267.376s][debug][gc,phases      ] GC(112)   VM Weak                        Min:  0.0, Avg:  0.0, Max:  0.0, Diff:  0.0, Sum:  0.0, Workers: 4
[3267.376s][debug][gc,phases      ] GC(112)     Dead                           Min: 0, Avg:  0.0, Max: 0, Diff: 0, Sum: 0, Workers: 4
[3267.376s][debug][gc,phases      ] GC(112)     Total                          Min: 0, Avg: 199.5, Max: 552, Diff: 552, Sum: 798, Workers: 4
[3267.376s][debug][gc,phases      ] GC(112)   ObjectSynchronizer Weak        Min:  0.0, Avg:  0.0, Max:  0.0, Diff:  0.0, Sum:  0.0, Workers: 4
[3267.376s][debug][gc,phases      ] GC(112)     Dead                           Min: 0, Avg:  0.0, Max: 0, Diff: 0, Sum: 0, Workers: 4
[3267.376s][debug][gc,phases      ] GC(112)     Total                          Min: 0, Avg: 13.5, Max: 54, Diff: 54, Sum: 54, Workers: 4
[3267.376s][debug][gc,phases      ] GC(112)   JVMTI Tag Weak OopStorage      Min:  0.0, Avg:  0.0, Max:  0.0, Diff:  0.0, Sum:  0.0, Workers: 4
[3267.376s][debug][gc,phases      ] GC(112)     Dead                           Min: 0, Avg:  0.0, Max: 0, Diff: 0, Sum: 0, Workers: 4
[3267.376s][debug][gc,phases      ] GC(112)     Total                          Min: 0, Avg:  0.0, Max: 0, Diff: 0, Sum: 0, Workers: 4
[3267.376s][debug][gc,phases      ] GC(112)   StringTable Weak               Min:  0.0, Avg:  0.1, Max:  0.1, Diff:  0.1, Sum:  0.4, Workers: 4
[3267.376s][debug][gc,phases      ] GC(112)     Dead                           Min: 0, Avg:  0.0, Max: 0, Diff: 0, Sum: 0, Workers: 4
[3267.376s][debug][gc,phases      ] GC(112)     Total                          Min: 0, Avg: 11028.2, Max: 18560, Diff: 18560, Sum: 44113, Workers: 4
[3267.376s][debug][gc,phases      ] GC(112)   ResolvedMethodTable Weak       Min:  0.0, Avg:  0.0, Max:  0.0, Diff:  0.0, Sum:  0.1, Workers: 4
[3267.376s][debug][gc,phases      ] GC(112)     Dead                           Min: 0, Avg:  0.0, Max: 0, Diff: 0, Sum: 0, Workers: 4
[3267.376s][debug][gc,phases      ] GC(112)     Total                          Min: 0, Avg: 2481.0, Max: 4356, Diff: 4356, Sum: 9924, Workers: 4
[3267.376s][debug][gc,phases      ] GC(112)   JNI Weak                       Min:  0.0, Avg:  0.0, Max:  0.0, Diff:  0.0, Sum:  0.0, Workers: 4
[3267.376s][debug][gc,phases      ] GC(112)     Dead                           Min: 0, Avg:  0.0, Max: 0, Diff: 0, Sum: 0, Workers: 4
[3267.376s][debug][gc,phases      ] GC(112)     Total                          Min: 0, Avg: 11.2, Max: 45, Diff: 45, Sum: 45, Workers: 4
[3267.376s][debug][gc,phases      ] GC(112)   StringDedup Table Weak         Min:  0.0, Avg:  0.0, Max:  0.0, Diff:  0.0, Sum:  0.0, Workers: 4
[3267.376s][debug][gc,phases      ] GC(112)     Dead                           Min: 0, Avg:  0.0, Max: 0, Diff: 0, Sum: 0, Workers: 4
[3267.376s][debug][gc,phases      ] GC(112)     Total                          Min: 0, Avg:  0.0, Max: 0, Diff: 0, Sum: 0, Workers: 4
[3267.376s][debug][gc,phases      ] GC(112)   StringDedup Requests0 Weak     Min:  0.0, Avg:  0.0, Max:  0.0, Diff:  0.0, Sum:  0.0, Workers: 4
[3267.376s][debug][gc,phases      ] GC(112)     Dead                           Min: 0, Avg:  0.0, Max: 0, Diff: 0, Sum: 0, Workers: 4
[3267.376s][debug][gc,phases      ] GC(112)     Total                          Min: 0, Avg:  0.0, Max: 0, Diff: 0, Sum: 0, Workers: 4
[3267.376s][debug][gc,phases      ] GC(112)   StringDedup Requests1 Weak     Min:  0.0, Avg:  0.0, Max:  0.0, Diff:  0.0, Sum:  0.0, Workers: 4
[3267.376s][debug][gc,phases      ] GC(112)     Dead                           Min: 0, Avg:  0.0, Max: 0, Diff: 0, Sum: 0, Workers: 4
[3267.376s][debug][gc,phases      ] GC(112)     Total                          Min: 0, Avg:  0.0, Max: 0, Diff: 0, Sum: 0, Workers: 4
[3267.376s][debug][gc,phases      ] GC(112)   Weak JFR Old Object Samples    Min:  0.0, Avg:  0.0, Max:  0.0, Diff:  0.0, Sum:  0.0, Workers: 4
[3267.376s][debug][gc,phases      ] GC(112)     Dead                           Min: 0, Avg:  0.0, Max: 0, Diff: 0, Sum: 0, Workers: 4
[3267.376s][debug][gc,phases      ] GC(112)     Total                          Min: 0, Avg:  0.0, Max: 0, Diff: 0, Sum: 0, Workers: 4
[3267.376s][debug][gc,phases      ] GC(112) Weak Processing 0.325ms
[3267.376s][debug][gc,age         ] GC(112) Desired survivor size 254803968 bytes, new threshold 15 (max threshold 15)
[3267.376s][info ][gc,heap        ] GC(112) PSYoungGen: 1804315K(1868288K)->217344K(1862144K) Eden: 1644544K(1644544K)->0K(1644544K) From: 159771K(223744K)->217344K(217600K)
[3267.376s][info ][gc,heap        ] GC(112) ParOldGen: 441737K(571392K)->441737K(571392K)
[3267.376s][info ][gc,metaspace   ] GC(112) Metaspace: 84095K(85568K)->84095K(85568K) NonClass: 72235K(73088K)->72235K(73088K) Class: 11859K(12480K)->11859K(12480K)
[3267.376s][info ][gc             ] GC(112) Pause Young (Allocation Failure) 2193M->643M(2376M) 52.714ms
[3267.376s][info ][gc,cpu         ] GC(112) User=0.18s Sys=0.00s Real=0.05s
[3267.376s][info ][safepoint      ] Safepoint "ParallelGCFailedAllocation", Time since last: 19906528905 ns, Reaching safepoint: 100901 ns, At safepoint: 52783006 ns, Total: 52883907 ns
[3268.377s][info ][safepoint      ] Safepoint "Cleanup", Time since last: 1000084064 ns, Reaching safepoint: 187601 ns, At safepoint: 10300 ns, Total: 197901 ns
[3272.377s][info ][safepoint      ] Safepoint "Cleanup", Time since last: 4000300977 ns, Reaching safepoint: 52901 ns, At safepoint: 3800 ns, Total: 56701 ns
[3279.458s][info ][gc,start       ] GC(113) Pause Young (Allocation Failure)
[3279.498s][debug][gc,phases      ] GC(113) Scavenge 39.853ms
[3279.498s][debug][gc,ref         ] GC(113) Skipped phase 1 of Reference Processing: no references
[3279.498s][debug][gc,ref         ] GC(113) ReferenceProcessor::execute queues: 1, RefProcThreadModel::Single, marks_oops_alive: false
[3279.498s][debug][gc,ref         ] GC(113) Skipped phase 3 of Reference Processing: no references
[3279.498s][debug][gc,ref         ] GC(113) ReferenceProcessor::execute queues: 1, RefProcThreadModel::Single, marks_oops_alive: false
[3279.498s][debug][gc,phases      ] GC(113) Reference Processing 0.122ms
[3279.498s][debug][gc,phases      ] GC(113)   VM Weak                        Min:  0.0, Avg:  0.0, Max:  0.0, Diff:  0.0, Sum:  0.0, Workers: 4
[3279.498s][debug][gc,phases      ] GC(113)     Dead                           Min: 0, Avg:  0.0, Max: 0, Diff: 0, Sum: 0, Workers: 4
[3279.498s][debug][gc,phases      ] GC(113)     Total                          Min: 0, Avg: 199.5, Max: 482, Diff: 482, Sum: 798, Workers: 4
[3279.498s][debug][gc,phases      ] GC(113)   ObjectSynchronizer Weak        Min:  0.0, Avg:  0.0, Max:  0.0, Diff:  0.0, Sum:  0.0, Workers: 4
[3279.498s][debug][gc,phases      ] GC(113)     Dead                           Min: 0, Avg:  0.0, Max: 0, Diff: 0, Sum: 0, Workers: 4
[3279.498s][debug][gc,phases      ] GC(113)     Total                          Min: 0, Avg: 13.5, Max: 54, Diff: 54, Sum: 54, Workers: 4
[3279.498s][debug][gc,phases      ] GC(113)   JVMTI Tag Weak OopStorage      Min:  0.0, Avg:  0.0, Max:  0.0, Diff:  0.0, Sum:  0.0, Workers: 4
[3279.498s][debug][gc,phases      ] GC(113)     Dead                           Min: 0, Avg:  0.0, Max: 0, Diff: 0, Sum: 0, Workers: 4
[3279.498s][debug][gc,phases      ] GC(113)     Total                          Min: 0, Avg:  0.0, Max: 0, Diff: 0, Sum: 0, Workers: 4
[3279.498s][debug][gc,phases      ] GC(113)   StringTable Weak               Min:  0.0, Avg:  0.1, Max:  0.2, Diff:  0.2, Sum:  0.3, Workers: 4
[3279.498s][debug][gc,phases      ] GC(113)     Dead                           Min: 0, Avg:  0.0, Max: 0, Diff: 0, Sum: 0, Workers: 4
[3279.498s][debug][gc,phases      ] GC(113)     Total                          Min: 0, Avg: 11028.2, Max: 26367, Diff: 26367, Sum: 44113, Workers: 4
[3279.498s][debug][gc,phases      ] GC(113)   ResolvedMethodTable Weak       Min:  0.0, Avg:  0.0, Max:  0.0, Diff:  0.0, Sum:  0.1, Workers: 4
[3279.498s][debug][gc,phases      ] GC(113)     Dead                           Min: 0, Avg:  0.0, Max: 0, Diff: 0, Sum: 0, Workers: 4
[3279.498s][debug][gc,phases      ] GC(113)     Total                          Min: 0, Avg: 2481.0, Max: 5828, Diff: 5828, Sum: 9924, Workers: 4
[3279.498s][debug][gc,phases      ] GC(113)   JNI Weak                       Min:  0.0, Avg:  0.0, Max:  0.0, Diff:  0.0, Sum:  0.0, Workers: 4
[3279.498s][debug][gc,phases      ] GC(113)     Dead                           Min: 0, Avg:  0.0, Max: 0, Diff: 0, Sum: 0, Workers: 4
[3279.498s][debug][gc,phases      ] GC(113)     Total                          Min: 0, Avg: 11.2, Max: 45, Diff: 45, Sum: 45, Workers: 4
[3279.498s][debug][gc,phases      ] GC(113)   StringDedup Table Weak         Min:  0.0, Avg:  0.0, Max:  0.0, Diff:  0.0, Sum:  0.0, Workers: 4
[3279.498s][debug][gc,phases      ] GC(113)     Dead                           Min: 0, Avg:  0.0, Max: 0, Diff: 0, Sum: 0, Workers: 4
[3279.498s][debug][gc,phases      ] GC(113)     Total                          Min: 0, Avg:  0.0, Max: 0, Diff: 0, Sum: 0, Workers: 4
[3279.498s][debug][gc,phases      ] GC(113)   StringDedup Requests0 Weak     Min:  0.0, Avg:  0.0, Max:  0.0, Diff:  0.0, Sum:  0.0, Workers: 4
[3279.498s][debug][gc,phases      ] GC(113)     Dead                           Min: 0, Avg:  0.0, Max: 0, Diff: 0, Sum: 0, Workers: 4
[3279.498s][debug][gc,phases      ] GC(113)     Total                          Min: 0, Avg:  0.0, Max: 0, Diff: 0, Sum: 0, Workers: 4
[3279.498s][debug][gc,phases      ] GC(113)   StringDedup Requests1 Weak     Min:  0.0, Avg:  0.0, Max:  0.0, Diff:  0.0, Sum:  0.0, Workers: 4
[3279.498s][debug][gc,phases      ] GC(113)     Dead                           Min: 0, Avg:  0.0, Max: 0, Diff: 0, Sum: 0, Workers: 4
[3279.498s][debug][gc,phases      ] GC(113)     Total                          Min: 0, Avg:  0.0, Max: 0, Diff: 0, Sum: 0, Workers: 4
[3279.498s][debug][gc,phases      ] GC(113)   Weak JFR Old Object Samples    Min:  0.0, Avg:  0.0, Max:  0.0, Diff:  0.0, Sum:  0.0, Workers: 4
[3279.498s][debug][gc,phases      ] GC(113)     Dead                           Min: 0, Avg:  0.0, Max: 0, Diff: 0, Sum: 0, Workers: 4
[3279.498s][debug][gc,phases      ] GC(113)     Total                          Min: 0, Avg:  0.0, Max: 0, Diff: 0, Sum: 0, Workers: 4
[3279.498s][debug][gc,phases      ] GC(113) Weak Processing 0.369ms
[3279.498s][debug][gc,age         ] GC(113) Desired survivor size 249561088 bytes, new threshold 15 (max threshold 15)
[3279.499s][info ][gc,heap        ] GC(113) PSYoungGen: 1861888K(1862144K)->155312K(1844736K) Eden: 1644544K(1644544K)->0K(1609728K) From: 217344K(217600K)->155312K(235008K)
[3279.499s][info ][gc,heap        ] GC(113) ParOldGen: 441737K(571392K)->441737K(571392K)
[3279.499s][info ][gc,metaspace   ] GC(113) Metaspace: 84096K(85568K)->84096K(85568K) NonClass: 72237K(73088K)->72237K(73088K) Class: 11859K(12480K)->11859K(12480K)
[3279.499s][info ][gc             ] GC(113) Pause Young (Allocation Failure) 2249M->583M(2359M) 40.490ms
[3279.499s][info ][gc,cpu         ] GC(113) User=0.14s Sys=0.00s Real=0.04s
[3279.499s][info ][safepoint      ] Safepoint "ParallelGCFailedAllocation", Time since last: 7080818031 ns, Reaching safepoint: 88901 ns, At safepoint: 40562416 ns, Total: 40651317 ns
[3294.500s][info ][safepoint      ] Safepoint "Cleanup", Time since last: 15000986910 ns, Reaching safepoint: 67400 ns, At safepoint: 2400 ns, Total: 69800 ns
[3303.500s][info ][safepoint      ] Safepoint "Cleanup", Time since last: 9000643831 ns, Reaching safepoint: 46600 ns, At safepoint: 4500 ns, Total: 51100 ns
[3305.501s][info ][safepoint      ] Safepoint "Cleanup", Time since last: 2000184071 ns, Reaching safepoint: 53800 ns, At safepoint: 2900 ns, Total: 56700 ns
[3307.623s][info ][gc,start       ] GC(114) Pause Young (Allocation Failure)
[3307.665s][debug][gc,phases      ] GC(114) Scavenge 42.106ms
[3307.665s][debug][gc,ref         ] GC(114) Skipped phase 1 of Reference Processing: no references
[3307.665s][debug][gc,ref         ] GC(114) ReferenceProcessor::execute queues: 1, RefProcThreadModel::Single, marks_oops_alive: false
[3307.665s][debug][gc,ref         ] GC(114) Skipped phase 3 of Reference Processing: no references
[3307.665s][debug][gc,ref         ] GC(114) ReferenceProcessor::execute queues: 1, RefProcThreadModel::Single, marks_oops_alive: false
[3307.665s][debug][gc,phases      ] GC(114) Reference Processing 0.119ms
[3307.665s][debug][gc,phases      ] GC(114)   VM Weak                        Min:  0.0, Avg:  0.0, Max:  0.0, Diff:  0.0, Sum:  0.0, Workers: 4
[3307.665s][debug][gc,phases      ] GC(114)     Dead                           Min: 0, Avg:  0.0, Max: 0, Diff: 0, Sum: 0, Workers: 4
[3307.665s][debug][gc,phases      ] GC(114)     Total                          Min: 0, Avg: 199.5, Max: 612, Diff: 612, Sum: 798, Workers: 4
[3307.665s][debug][gc,phases      ] GC(114)   ObjectSynchronizer Weak        Min:  0.0, Avg:  0.0, Max:  0.0, Diff:  0.0, Sum:  0.0, Workers: 4
[3307.665s][debug][gc,phases      ] GC(114)     Dead                           Min: 0, Avg:  0.0, Max: 0, Diff: 0, Sum: 0, Workers: 4
[3307.665s][debug][gc,phases      ] GC(114)     Total                          Min: 0, Avg: 13.5, Max: 54, Diff: 54, Sum: 54, Workers: 4
[3307.665s][debug][gc,phases      ] GC(114)   JVMTI Tag Weak OopStorage      Min:  0.0, Avg:  0.0, Max:  0.0, Diff:  0.0, Sum:  0.0, Workers: 4
[3307.665s][debug][gc,phases      ] GC(114)     Dead                           Min: 0, Avg:  0.0, Max: 0, Diff: 0, Sum: 0, Workers: 4
[3307.665s][debug][gc,phases      ] GC(114)     Total                          Min: 0, Avg:  0.0, Max: 0, Diff: 0, Sum: 0, Workers: 4
[3307.665s][debug][gc,phases      ] GC(114)   StringTable Weak               Min:  0.1, Avg:  0.1, Max:  0.1, Diff:  0.0, Sum:  0.4, Workers: 4
[3307.665s][debug][gc,phases      ] GC(114)     Dead                           Min: 0, Avg:  0.0, Max: 0, Diff: 0, Sum: 0, Workers: 4
[3307.665s][debug][gc,phases      ] GC(114)     Total                          Min: 9472, Avg: 11028.2, Max: 12160, Diff: 2688, Sum: 44113, Workers: 4
[3307.665s][debug][gc,phases      ] GC(114)   ResolvedMethodTable Weak       Min:  0.0, Avg:  0.0, Max:  0.0, Diff:  0.0, Sum:  0.1, Workers: 4
[3307.665s][debug][gc,phases      ] GC(114)     Dead                           Min: 0, Avg:  0.0, Max: 0, Diff: 0, Sum: 0, Workers: 4
[3307.665s][debug][gc,phases      ] GC(114)     Total                          Min: 2372, Avg: 2481.0, Max: 2688, Diff: 316, Sum: 9924, Workers: 4
[3307.665s][debug][gc,phases      ] GC(114)   JNI Weak                       Min:  0.0, Avg:  0.0, Max:  0.0, Diff:  0.0, Sum:  0.0, Workers: 4
[3307.665s][debug][gc,phases      ] GC(114)     Dead                           Min: 0, Avg:  0.0, Max: 0, Diff: 0, Sum: 0, Workers: 4
[3307.665s][debug][gc,phases      ] GC(114)     Total                          Min: 0, Avg: 11.2, Max: 45, Diff: 45, Sum: 45, Workers: 4
[3307.665s][debug][gc,phases      ] GC(114)   StringDedup Table Weak         Min:  0.0, Avg:  0.0, Max:  0.0, Diff:  0.0, Sum:  0.0, Workers: 4
[3307.665s][debug][gc,phases      ] GC(114)     Dead                           Min: 0, Avg:  0.0, Max: 0, Diff: 0, Sum: 0, Workers: 4
[3307.665s][debug][gc,phases      ] GC(114)     Total                          Min: 0, Avg:  0.0, Max: 0, Diff: 0, Sum: 0, Workers: 4
[3307.665s][debug][gc,phases      ] GC(114)   StringDedup Requests0 Weak     Min:  0.0, Avg:  0.0, Max:  0.0, Diff:  0.0, Sum:  0.0, Workers: 4
[3307.665s][debug][gc,phases      ] GC(114)     Dead                           Min: 0, Avg:  0.0, Max: 0, Diff: 0, Sum: 0, Workers: 4
[3307.665s][debug][gc,phases      ] GC(114)     Total                          Min: 0, Avg:  0.0, Max: 0, Diff: 0, Sum: 0, Workers: 4
[3307.665s][debug][gc,phases      ] GC(114)   StringDedup Requests1 Weak     Min:  0.0, Avg:  0.0, Max:  0.0, Diff:  0.0, Sum:  0.0, Workers: 4
[3307.665s][debug][gc,phases      ] GC(114)     Dead                           Min: 0, Avg:  0.0, Max: 0, Diff: 0, Sum: 0, Workers: 4
[3307.665s][debug][gc,phases      ] GC(114)     Total                          Min: 0, Avg:  0.0, Max: 0, Diff: 0, Sum: 0, Workers: 4
[3307.665s][debug][gc,phases      ] GC(114)   Weak JFR Old Object Samples    Min:  0.0, Avg:  0.0, Max:  0.0, Diff:  0.0, Sum:  0.0, Workers: 4
[3307.665s][debug][gc,phases      ] GC(114)     Dead                           Min: 0, Avg:  0.0, Max: 0, Diff: 0, Sum: 0, Workers: 4
[3307.665s][debug][gc,phases      ] GC(114)     Total                          Min: 0, Avg:  0.0, Max: 0, Diff: 0, Sum: 0, Workers: 4
[3307.665s][debug][gc,phases      ] GC(114) Weak Processing 0.306ms
[3307.665s][debug][gc,age         ] GC(114) Desired survivor size 239075328 bytes, new threshold 15 (max threshold 15)
[3307.665s][info ][gc,heap        ] GC(114) PSYoungGen: 1765040K(1844736K)->139552K(1853440K) Eden: 1609728K(1609728K)->0K(1609728K) From: 155312K(235008K)->139552K(243712K)
[3307.665s][info ][gc,heap        ] GC(114) ParOldGen: 441737K(571392K)->441737K(571392K)
[3307.665s][info ][gc,metaspace   ] GC(114) Metaspace: 84103K(85568K)->84103K(85568K) NonClass: 72243K(73088K)->72243K(73088K) Class: 11859K(12480K)->11859K(12480K)
[3307.665s][info ][gc             ] GC(114) Pause Young (Allocation Failure) 2155M->567M(2368M) 42.658ms
[3307.665s][info ][gc,cpu         ] GC(114) User=0.13s Sys=0.00s Real=0.04s
[3307.665s][info ][safepoint      ] Safepoint "ParallelGCFailedAllocation", Time since last: 2122074113 ns, Reaching safepoint: 103801 ns, At safepoint: 42728430 ns, Total: 42832231 ns
[3308.666s][info ][safepoint      ] Safepoint "Cleanup", Time since last: 1000089529 ns, Reaching safepoint: 126201 ns, At safepoint: 7100 ns, Total: 133301 ns
[3309.094s][info ][gc,start       ] GC(115) Pause Young (Allocation Failure)
[3309.141s][debug][gc,phases      ] GC(115) Scavenge 46.907ms
[3309.141s][debug][gc,ref         ] GC(115) Skipped phase 1 of Reference Processing: no references
[3309.141s][debug][gc,ref         ] GC(115) ReferenceProcessor::execute queues: 1, RefProcThreadModel::Single, marks_oops_alive: false
[3309.141s][debug][gc,ref         ] GC(115) Skipped phase 3 of Reference Processing: no references
[3309.141s][debug][gc,ref         ] GC(115) ReferenceProcessor::execute queues: 1, RefProcThreadModel::Single, marks_oops_alive: false
[3309.141s][debug][gc,phases      ] GC(115) Reference Processing 0.215ms
[3309.142s][debug][gc,phases      ] GC(115)   VM Weak                        Min:  0.0, Avg:  0.0, Max:  0.0, Diff:  0.0, Sum:  0.0, Workers: 4
[3309.142s][debug][gc,phases      ] GC(115)     Dead                           Min: 0, Avg:  0.0, Max: 0, Diff: 0, Sum: 0, Workers: 4
[3309.142s][debug][gc,phases      ] GC(115)     Total                          Min: 0, Avg: 199.5, Max: 558, Diff: 558, Sum: 798, Workers: 4
[3309.142s][debug][gc,phases      ] GC(115)   ObjectSynchronizer Weak        Min:  0.0, Avg:  0.0, Max:  0.0, Diff:  0.0, Sum:  0.0, Workers: 4
[3309.142s][debug][gc,phases      ] GC(115)     Dead                           Min: 0, Avg:  0.0, Max: 0, Diff: 0, Sum: 0, Workers: 4
[3309.142s][debug][gc,phases      ] GC(115)     Total                          Min: 0, Avg: 13.5, Max: 54, Diff: 54, Sum: 54, Workers: 4
[3309.142s][debug][gc,phases      ] GC(115)   JVMTI Tag Weak OopStorage      Min:  0.0, Avg:  0.0, Max:  0.0, Diff:  0.0, Sum:  0.0, Workers: 4
[3309.142s][debug][gc,phases      ] GC(115)     Dead                           Min: 0, Avg:  0.0, Max: 0, Diff: 0, Sum: 0, Workers: 4
[3309.142s][debug][gc,phases      ] GC(115)     Total                          Min: 0, Avg:  0.0, Max: 0, Diff: 0, Sum: 0, Workers: 4
[3309.142s][debug][gc,phases      ] GC(115)   StringTable Weak               Min:  0.0, Avg:  0.2, Max:  0.3, Diff:  0.3, Sum:  0.9, Workers: 4
[3309.142s][debug][gc,phases      ] GC(115)     Dead                           Min: 0, Avg:  0.0, Max: 0, Diff: 0, Sum: 0, Workers: 4
[3309.142s][debug][gc,phases      ] GC(115)     Total                          Min: 0, Avg: 11028.8, Max: 19007, Diff: 19007, Sum: 44115, Workers: 4
[3309.142s][debug][gc,phases      ] GC(115)   ResolvedMethodTable Weak       Min:  0.0, Avg:  0.0, Max:  0.1, Diff:  0.1, Sum:  0.2, Workers: 4
[3309.142s][debug][gc,phases      ] GC(115)     Dead                           Min: 0, Avg:  0.0, Max: 0, Diff: 0, Sum: 0, Workers: 4
[3309.142s][debug][gc,phases      ] GC(115)     Total                          Min: 0, Avg: 2481.0, Max: 3648, Diff: 3648, Sum: 9924, Workers: 4
[3309.142s][debug][gc,phases      ] GC(115)   JNI Weak                       Min:  0.0, Avg:  0.0, Max:  0.0, Diff:  0.0, Sum:  0.0, Workers: 4
[3309.142s][debug][gc,phases      ] GC(115)     Dead                           Min: 0, Avg:  0.0, Max: 0, Diff: 0, Sum: 0, Workers: 4
[3309.142s][debug][gc,phases      ] GC(115)     Total                          Min: 0, Avg: 11.2, Max: 45, Diff: 45, Sum: 45, Workers: 4
[3309.142s][debug][gc,phases      ] GC(115)   StringDedup Table Weak         Min:  0.0, Avg:  0.0, Max:  0.0, Diff:  0.0, Sum:  0.0, Workers: 4
[3309.142s][debug][gc,phases      ] GC(115)     Dead                           Min: 0, Avg:  0.0, Max: 0, Diff: 0, Sum: 0, Workers: 4
[3309.142s][debug][gc,phases      ] GC(115)     Total                          Min: 0, Avg:  0.0, Max: 0, Diff: 0, Sum: 0, Workers: 4
[3309.142s][debug][gc,phases      ] GC(115)   StringDedup Requests0 Weak     Min:  0.0, Avg:  0.0, Max:  0.0, Diff:  0.0, Sum:  0.0, Workers: 4
[3309.142s][debug][gc,phases      ] GC(115)     Dead                           Min: 0, Avg:  0.0, Max: 0, Diff: 0, Sum: 0, Workers: 4
[3309.142s][debug][gc,phases      ] GC(115)     Total                          Min: 0, Avg:  0.0, Max: 0, Diff: 0, Sum: 0, Workers: 4
[3309.142s][debug][gc,phases      ] GC(115)   StringDedup Requests1 Weak     Min:  0.0, Avg:  0.0, Max:  0.0, Diff:  0.0, Sum:  0.0, Workers: 4
[3309.142s][debug][gc,phases      ] GC(115)     Dead                           Min: 0, Avg:  0.0, Max: 0, Diff: 0, Sum: 0, Workers: 4
[3309.142s][debug][gc,phases      ] GC(115)     Total                          Min: 0, Avg:  0.0, Max: 0, Diff: 0, Sum: 0, Workers: 4
[3309.142s][debug][gc,phases      ] GC(115)   Weak JFR Old Object Samples    Min:  0.0, Avg:  0.0, Max:  0.0, Diff:  0.0, Sum:  0.0, Workers: 4
[3309.142s][debug][gc,phases      ] GC(115)     Dead                           Min: 0, Avg:  0.0, Max: 0, Diff: 0, Sum: 0, Workers: 4
[3309.142s][debug][gc,phases      ] GC(115)     Total                          Min: 0, Avg:  0.0, Max: 0, Diff: 0, Sum: 0, Workers: 4
[3309.142s][debug][gc,phases      ] GC(115) Weak Processing 0.598ms
[3309.142s][debug][gc,age         ] GC(115) Desired survivor size 239075328 bytes, new threshold 15 (max threshold 15)
[3309.142s][info ][gc,heap        ] GC(115) PSYoungGen: 1749280K(1853440K)->165319K(1863680K) Eden: 1609728K(1609728K)->0K(1630208K) From: 139552K(243712K)->165319K(233472K)
[3309.142s][info ][gc,heap        ] GC(115) ParOldGen: 441737K(571392K)->441737K(571392K)
[3309.142s][info ][gc,metaspace   ] GC(115) Metaspace: 84107K(85568K)->84107K(85568K) NonClass: 72247K(73088K)->72247K(73088K) Class: 11859K(12480K)->11859K(12480K)
[3309.142s][info ][gc             ] GC(115) Pause Young (Allocation Failure) 2139M->592M(2378M) 47.873ms
[3309.142s][info ][gc,cpu         ] GC(115) User=0.16s Sys=0.01s Real=0.05s
[3309.142s][info ][safepoint      ] Safepoint "ParallelGCFailedAllocation", Time since last: 428040405 ns, Reaching safepoint: 285202 ns, At safepoint: 48399574 ns, Total: 48684776 ns
[3318.143s][info ][safepoint      ] Safepoint "Cleanup", Time since last: 9000598173 ns, Reaching safepoint: 54000 ns, At safepoint: 2900 ns, Total: 56900 ns
[3322.143s][info ][safepoint      ] Safepoint "Cleanup", Time since last: 4000274861 ns, Reaching safepoint: 44300 ns, At safepoint: 3000 ns, Total: 47300 ns
[3333.791s][info ][gc,start       ] GC(116) Pause Young (Allocation Failure)
[3333.840s][debug][gc,phases      ] GC(116) Scavenge 48.522ms
[3333.840s][debug][gc,ref         ] GC(116) Skipped phase 1 of Reference Processing: no references
[3333.840s][debug][gc,ref         ] GC(116) ReferenceProcessor::execute queues: 1, RefProcThreadModel::Single, marks_oops_alive: false
[3333.840s][debug][gc,ref         ] GC(116) Skipped phase 3 of Reference Processing: no references
[3333.840s][debug][gc,ref         ] GC(116) ReferenceProcessor::execute queues: 1, RefProcThreadModel::Single, marks_oops_alive: false
[3333.840s][debug][gc,phases      ] GC(116) Reference Processing 0.099ms
[3333.840s][debug][gc,phases      ] GC(116)   VM Weak                        Min:  0.0, Avg:  0.0, Max:  0.0, Diff:  0.0, Sum:  0.0, Workers: 4
[3333.840s][debug][gc,phases      ] GC(116)     Dead                           Min: 0, Avg:  0.0, Max: 0, Diff: 0, Sum: 0, Workers: 4
[3333.840s][debug][gc,phases      ] GC(116)     Total                          Min: 0, Avg: 199.5, Max: 509, Diff: 509, Sum: 798, Workers: 4
[3333.840s][debug][gc,phases      ] GC(116)   ObjectSynchronizer Weak        Min:  0.0, Avg:  0.0, Max:  0.0, Diff:  0.0, Sum:  0.0, Workers: 4
[3333.840s][debug][gc,phases      ] GC(116)     Dead                           Min: 0, Avg:  0.0, Max: 0, Diff: 0, Sum: 0, Workers: 4
[3333.840s][debug][gc,phases      ] GC(116)     Total                          Min: 0, Avg: 13.5, Max: 54, Diff: 54, Sum: 54, Workers: 4
[3333.840s][debug][gc,phases      ] GC(116)   JVMTI Tag Weak OopStorage      Min:  0.0, Avg:  0.0, Max:  0.0, Diff:  0.0, Sum:  0.0, Workers: 4
[3333.840s][debug][gc,phases      ] GC(116)     Dead                           Min: 0, Avg:  0.0, Max: 0, Diff: 0, Sum: 0, Workers: 4
[3333.840s][debug][gc,phases      ] GC(116)     Total                          Min: 0, Avg:  0.0, Max: 0, Diff: 0, Sum: 0, Workers: 4
[3333.840s][debug][gc,phases      ] GC(116)   StringTable Weak               Min:  0.0, Avg:  0.1, Max:  0.2, Diff:  0.2, Sum:  0.3, Workers: 4
[3333.840s][debug][gc,phases      ] GC(116)     Dead                           Min: 0, Avg:  0.0, Max: 0, Diff: 0, Sum: 0, Workers: 4
[3333.840s][debug][gc,phases      ] GC(116)     Total                          Min: 0, Avg: 11028.8, Max: 26496, Diff: 26496, Sum: 44115, Workers: 4
[3333.840s][debug][gc,phases      ] GC(116)   ResolvedMethodTable Weak       Min:  0.0, Avg:  0.0, Max:  0.0, Diff:  0.0, Sum:  0.1, Workers: 4
[3333.840s][debug][gc,phases      ] GC(116)     Dead                           Min: 0, Avg:  0.0, Max: 0, Diff: 0, Sum: 0, Workers: 4
[3333.840s][debug][gc,phases      ] GC(116)     Total                          Min: 0, Avg: 2481.0, Max: 5956, Diff: 5956, Sum: 9924, Workers: 4
[3333.840s][debug][gc,phases      ] GC(116)   JNI Weak                       Min:  0.0, Avg:  0.0, Max:  0.0, Diff:  0.0, Sum:  0.0, Workers: 4
[3333.840s][debug][gc,phases      ] GC(116)     Dead                           Min: 0, Avg:  0.0, Max: 0, Diff: 0, Sum: 0, Workers: 4
[3333.840s][debug][gc,phases      ] GC(116)     Total                          Min: 0, Avg: 11.2, Max: 45, Diff: 45, Sum: 45, Workers: 4
[3333.840s][debug][gc,phases      ] GC(116)   StringDedup Table Weak         Min:  0.0, Avg:  0.0, Max:  0.0, Diff:  0.0, Sum:  0.0, Workers: 4
[3333.840s][debug][gc,phases      ] GC(116)     Dead                           Min: 0, Avg:  0.0, Max: 0, Diff: 0, Sum: 0, Workers: 4
[3333.840s][debug][gc,phases      ] GC(116)     Total                          Min: 0, Avg:  0.0, Max: 0, Diff: 0, Sum: 0, Workers: 4
[3333.840s][debug][gc,phases      ] GC(116)   StringDedup Requests0 Weak     Min:  0.0, Avg:  0.0, Max:  0.0, Diff:  0.0, Sum:  0.0, Workers: 4
[3333.840s][debug][gc,phases      ] GC(116)     Dead                           Min: 0, Avg:  0.0, Max: 0, Diff: 0, Sum: 0, Workers: 4
[3333.840s][debug][gc,phases      ] GC(116)     Total                          Min: 0, Avg:  0.0, Max: 0, Diff: 0, Sum: 0, Workers: 4
[3333.840s][debug][gc,phases      ] GC(116)   StringDedup Requests1 Weak     Min:  0.0, Avg:  0.0, Max:  0.0, Diff:  0.0, Sum:  0.0, Workers: 4
[3333.840s][debug][gc,phases      ] GC(116)     Dead                           Min: 0, Avg:  0.0, Max: 0, Diff: 0, Sum: 0, Workers: 4
[3333.840s][debug][gc,phases      ] GC(116)     Total                          Min: 0, Avg:  0.0, Max: 0, Diff: 0, Sum: 0, Workers: 4
[3333.840s][debug][gc,phases      ] GC(116)   Weak JFR Old Object Samples    Min:  0.0, Avg:  0.0, Max:  0.0, Diff:  0.0, Sum:  0.0, Workers: 4
[3333.840s][debug][gc,phases      ] GC(116)     Dead                           Min: 0, Avg:  0.0, Max: 0, Diff: 0, Sum: 0, Workers: 4
[3333.840s][debug][gc,phases      ] GC(116)     Total                          Min: 0, Avg:  0.0, Max: 0, Diff: 0, Sum: 0, Workers: 4
[3333.840s][debug][gc,phases      ] GC(116) Weak Processing 0.381ms
[3333.840s][debug][gc,age         ] GC(116) Desired survivor size 244842496 bytes, new threshold 15 (max threshold 15)
[3333.840s][info ][gc,heap        ] GC(116) PSYoungGen: 1795527K(1863680K)->183440K(1814016K) Eden: 1630208K(1630208K)->0K(1630208K) From: 165319K(233472K)->183440K(183808K)
[3333.840s][info ][gc,heap        ] GC(116) ParOldGen: 441737K(571392K)->441737K(571392K)
[3333.840s][info ][gc,metaspace   ] GC(116) Metaspace: 84120K(85568K)->84120K(85568K) NonClass: 72260K(73088K)->72260K(73088K) Class: 11859K(12480K)->11859K(12480K)
[3333.840s][info ][gc             ] GC(116) Pause Young (Allocation Failure) 2184M->610M(2329M) 49.120ms
[3333.840s][info ][gc,cpu         ] GC(116) User=0.14s Sys=0.00s Real=0.05s
[3333.840s][info ][safepoint      ] Safepoint "ParallelGCFailedAllocation", Time since last: 11647676940 ns, Reaching safepoint: 158302 ns, At safepoint: 49205083 ns, Total: 49363385 ns
[3334.841s][info ][safepoint      ] Safepoint "Cleanup", Time since last: 1000086495 ns, Reaching safepoint: 113701 ns, At safepoint: 8400 ns, Total: 122101 ns
[3336.562s][info ][gc,start       ] GC(117) Pause Young (Allocation Failure)
[3336.608s][debug][gc,phases      ] GC(117) Scavenge 45.786ms
[3336.608s][debug][gc,ref         ] GC(117) Skipped phase 1 of Reference Processing: no references
[3336.608s][debug][gc,ref         ] GC(117) ReferenceProcessor::execute queues: 1, RefProcThreadModel::Single, marks_oops_alive: false
[3336.608s][debug][gc,ref         ] GC(117) Skipped phase 3 of Reference Processing: no references
[3336.608s][debug][gc,ref         ] GC(117) ReferenceProcessor::execute queues: 1, RefProcThreadModel::Single, marks_oops_alive: false
[3336.608s][debug][gc,phases      ] GC(117) Reference Processing 0.113ms
[3336.608s][debug][gc,phases      ] GC(117)   VM Weak                        Min:  0.0, Avg:  0.0, Max:  0.0, Diff:  0.0, Sum:  0.0, Workers: 4
[3336.608s][debug][gc,phases      ] GC(117)     Dead                           Min: 0, Avg:  0.0, Max: 0, Diff: 0, Sum: 0, Workers: 4
[3336.608s][debug][gc,phases      ] GC(117)     Total                          Min: 0, Avg: 199.5, Max: 740, Diff: 740, Sum: 798, Workers: 4
[3336.608s][debug][gc,phases      ] GC(117)   ObjectSynchronizer Weak        Min:  0.0, Avg:  0.0, Max:  0.0, Diff:  0.0, Sum:  0.0, Workers: 4
[3336.608s][debug][gc,phases      ] GC(117)     Dead                           Min: 0, Avg:  0.0, Max: 0, Diff: 0, Sum: 0, Workers: 4
[3336.608s][debug][gc,phases      ] GC(117)     Total                          Min: 0, Avg: 13.5, Max: 54, Diff: 54, Sum: 54, Workers: 4
[3336.608s][debug][gc,phases      ] GC(117)   JVMTI Tag Weak OopStorage      Min:  0.0, Avg:  0.0, Max:  0.0, Diff:  0.0, Sum:  0.0, Workers: 4
[3336.608s][debug][gc,phases      ] GC(117)     Dead                           Min: 0, Avg:  0.0, Max: 0, Diff: 0, Sum: 0, Workers: 4
[3336.608s][debug][gc,phases      ] GC(117)     Total                          Min: 0, Avg:  0.0, Max: 0, Diff: 0, Sum: 0, Workers: 4
[3336.608s][debug][gc,phases      ] GC(117)   StringTable Weak               Min:  0.0, Avg:  0.1, Max:  0.1, Diff:  0.1, Sum:  0.4, Workers: 4
[3336.608s][debug][gc,phases      ] GC(117)     Dead                           Min: 0, Avg:  0.0, Max: 0, Diff: 0, Sum: 0, Workers: 4
[3336.608s][debug][gc,phases      ] GC(117)     Total                          Min: 0, Avg: 11028.8, Max: 19200, Diff: 19200, Sum: 44115, Workers: 4
[3336.608s][debug][gc,phases      ] GC(117)   ResolvedMethodTable Weak       Min:  0.0, Avg:  0.0, Max:  0.0, Diff:  0.0, Sum:  0.1, Workers: 4
[3336.608s][debug][gc,phases      ] GC(117)     Dead                           Min: 0, Avg:  0.0, Max: 0, Diff: 0, Sum: 0, Workers: 4
[3336.608s][debug][gc,phases      ] GC(117)     Total                          Min: 0, Avg: 2481.0, Max: 4288, Diff: 4288, Sum: 9924, Workers: 4
[3336.608s][debug][gc,phases      ] GC(117)   JNI Weak                       Min:  0.0, Avg:  0.0, Max:  0.0, Diff:  0.0, Sum:  0.0, Workers: 4
[3336.608s][debug][gc,phases      ] GC(117)     Dead                           Min: 0, Avg:  0.0, Max: 0, Diff: 0, Sum: 0, Workers: 4
[3336.608s][debug][gc,phases      ] GC(117)     Total                          Min: 0, Avg: 11.2, Max: 45, Diff: 45, Sum: 45, Workers: 4
[3336.608s][debug][gc,phases      ] GC(117)   StringDedup Table Weak         Min:  0.0, Avg:  0.0, Max:  0.0, Diff:  0.0, Sum:  0.0, Workers: 4
[3336.608s][debug][gc,phases      ] GC(117)     Dead                           Min: 0, Avg:  0.0, Max: 0, Diff: 0, Sum: 0, Workers: 4
[3336.608s][debug][gc,phases      ] GC(117)     Total                          Min: 0, Avg:  0.0, Max: 0, Diff: 0, Sum: 0, Workers: 4
[3336.608s][debug][gc,phases      ] GC(117)   StringDedup Requests0 Weak     Min:  0.0, Avg:  0.0, Max:  0.0, Diff:  0.0, Sum:  0.0, Workers: 4
[3336.608s][debug][gc,phases      ] GC(117)     Dead                           Min: 0, Avg:  0.0, Max: 0, Diff: 0, Sum: 0, Workers: 4
[3336.608s][debug][gc,phases      ] GC(117)     Total                          Min: 0, Avg:  0.0, Max: 0, Diff: 0, Sum: 0, Workers: 4
[3336.608s][debug][gc,phases      ] GC(117)   StringDedup Requests1 Weak     Min:  0.0, Avg:  0.0, Max:  0.0, Diff:  0.0, Sum:  0.0, Workers: 4
[3336.608s][debug][gc,phases      ] GC(117)     Dead                           Min: 0, Avg:  0.0, Max: 0, Diff: 0, Sum: 0, Workers: 4
[3336.608s][debug][gc,phases      ] GC(117)     Total                          Min: 0, Avg:  0.0, Max: 0, Diff: 0, Sum: 0, Workers: 4
[3336.608s][debug][gc,phases      ] GC(117)   Weak JFR Old Object Samples    Min:  0.0, Avg:  0.0, Max:  0.0, Diff:  0.0, Sum:  0.0, Workers: 4
[3336.608s][debug][gc,phases      ] GC(117)     Dead                           Min: 0, Avg:  0.0, Max: 0, Diff: 0, Sum: 0, Workers: 4
[3336.608s][debug][gc,phases      ] GC(117)     Total                          Min: 0, Avg:  0.0, Max: 0, Diff: 0, Sum: 0, Workers: 4
[3336.608s][debug][gc,phases      ] GC(117) Weak Processing 0.316ms
[3336.608s][debug][gc,age         ] GC(117) Desired survivor size 240123904 bytes, new threshold 15 (max threshold 15)
[3336.608s][info ][gc,heap        ] GC(117) PSYoungGen: 1813648K(1814016K)->159968K(1862656K) Eden: 1630208K(1630208K)->0K(1623552K) From: 183440K(183808K)->159968K(239104K)
[3336.608s][info ][gc,heap        ] GC(117) ParOldGen: 441737K(571392K)->441737K(571392K)
[3336.608s][info ][gc,metaspace   ] GC(117) Metaspace: 84123K(85568K)->84123K(85568K) NonClass: 72263K(73088K)->72263K(73088K) Class: 11859K(12480K)->11859K(12480K)
[3336.608s][info ][gc             ] GC(117) Pause Young (Allocation Failure) 2202M->587M(2377M) 46.326ms
[3336.608s][info ][gc,cpu         ] GC(117) User=0.15s Sys=0.01s Real=0.05s
[3336.608s][info ][safepoint      ] Safepoint "ParallelGCFailedAllocation", Time since last: 1721340816 ns, Reaching safepoint: 22500 ns, At safepoint: 46394961 ns, Total: 46417461 ns
[3344.609s][info ][safepoint      ] Safepoint "Cleanup", Time since last: 8000597962 ns, Reaching safepoint: 122401 ns, At safepoint: 29100 ns, Total: 151501 ns
[3352.610s][info ][safepoint      ] Safepoint "Cleanup", Time since last: 8000621400 ns, Reaching safepoint: 111900 ns, At safepoint: 5700 ns, Total: 117600 ns
[3377.658s][info ][gc,start       ] GC(118) Pause Young (Allocation Failure)
[3377.692s][debug][gc,phases      ] GC(118) Scavenge 34.073ms
[3377.692s][debug][gc,ref         ] GC(118) Skipped phase 1 of Reference Processing: no references
[3377.692s][debug][gc,ref         ] GC(118) ReferenceProcessor::execute queues: 1, RefProcThreadModel::Single, marks_oops_alive: false
[3377.692s][debug][gc,ref         ] GC(118) Skipped phase 3 of Reference Processing: no references
[3377.692s][debug][gc,ref         ] GC(118) ReferenceProcessor::execute queues: 1, RefProcThreadModel::Single, marks_oops_alive: false
[3377.692s][debug][gc,phases      ] GC(118) Reference Processing 0.102ms
[3377.693s][debug][gc,phases      ] GC(118)   VM Weak                        Min:  0.0, Avg:  0.0, Max:  0.0, Diff:  0.0, Sum:  0.0, Workers: 4
[3377.693s][debug][gc,phases      ] GC(118)     Dead                           Min: 0, Avg:  0.0, Max: 0, Diff: 0, Sum: 0, Workers: 4
[3377.693s][debug][gc,phases      ] GC(118)     Total                          Min: 0, Avg: 199.5, Max: 509, Diff: 509, Sum: 798, Workers: 4
[3377.693s][debug][gc,phases      ] GC(118)   ObjectSynchronizer Weak        Min:  0.0, Avg:  0.0, Max:  0.0, Diff:  0.0, Sum:  0.0, Workers: 4
[3377.693s][debug][gc,phases      ] GC(118)     Dead                           Min: 0, Avg:  0.0, Max: 0, Diff: 0, Sum: 0, Workers: 4
[3377.693s][debug][gc,phases      ] GC(118)     Total                          Min: 0, Avg: 13.5, Max: 54, Diff: 54, Sum: 54, Workers: 4
[3377.693s][debug][gc,phases      ] GC(118)   JVMTI Tag Weak OopStorage      Min:  0.0, Avg:  0.0, Max:  0.0, Diff:  0.0, Sum:  0.0, Workers: 4
[3377.693s][debug][gc,phases      ] GC(118)     Dead                           Min: 0, Avg:  0.0, Max: 0, Diff: 0, Sum: 0, Workers: 4
[3377.693s][debug][gc,phases      ] GC(118)     Total                          Min: 0, Avg:  0.0, Max: 0, Diff: 0, Sum: 0, Workers: 4
[3377.693s][debug][gc,phases      ] GC(118)   StringTable Weak               Min:  0.0, Avg:  0.1, Max:  0.2, Diff:  0.2, Sum:  0.3, Workers: 4
[3377.693s][debug][gc,phases      ] GC(118)     Dead                           Min: 0, Avg:  0.0, Max: 0, Diff: 0, Sum: 0, Workers: 4
[3377.693s][debug][gc,phases      ] GC(118)     Total                          Min: 0, Avg: 11028.8, Max: 27156, Diff: 27156, Sum: 44115, Workers: 4
[3377.693s][debug][gc,phases      ] GC(118)   ResolvedMethodTable Weak       Min:  0.0, Avg:  0.0, Max:  0.0, Diff:  0.0, Sum:  0.1, Workers: 4
[3377.693s][debug][gc,phases      ] GC(118)     Dead                           Min: 0, Avg:  0.0, Max: 0, Diff: 0, Sum: 0, Workers: 4
[3377.693s][debug][gc,phases      ] GC(118)     Total                          Min: 0, Avg: 2481.0, Max: 5888, Diff: 5888, Sum: 9924, Workers: 4
[3377.693s][debug][gc,phases      ] GC(118)   JNI Weak                       Min:  0.0, Avg:  0.0, Max:  0.0, Diff:  0.0, Sum:  0.0, Workers: 4
[3377.693s][debug][gc,phases      ] GC(118)     Dead                           Min: 0, Avg:  0.0, Max: 0, Diff: 0, Sum: 0, Workers: 4
[3377.693s][debug][gc,phases      ] GC(118)     Total                          Min: 0, Avg: 11.2, Max: 45, Diff: 45, Sum: 45, Workers: 4
[3377.693s][debug][gc,phases      ] GC(118)   StringDedup Table Weak         Min:  0.0, Avg:  0.0, Max:  0.0, Diff:  0.0, Sum:  0.0, Workers: 4
[3377.693s][debug][gc,phases      ] GC(118)     Dead                           Min: 0, Avg:  0.0, Max: 0, Diff: 0, Sum: 0, Workers: 4
[3377.693s][debug][gc,phases      ] GC(118)     Total                          Min: 0, Avg:  0.0, Max: 0, Diff: 0, Sum: 0, Workers: 4
[3377.693s][debug][gc,phases      ] GC(118)   StringDedup Requests0 Weak     Min:  0.0, Avg:  0.0, Max:  0.0, Diff:  0.0, Sum:  0.0, Workers: 4
[3377.693s][debug][gc,phases      ] GC(118)     Dead                           Min: 0, Avg:  0.0, Max: 0, Diff: 0, Sum: 0, Workers: 4
[3377.693s][debug][gc,phases      ] GC(118)     Total                          Min: 0, Avg:  0.0, Max: 0, Diff: 0, Sum: 0, Workers: 4
[3377.693s][debug][gc,phases      ] GC(118)   StringDedup Requests1 Weak     Min:  0.0, Avg:  0.0, Max:  0.0, Diff:  0.0, Sum:  0.0, Workers: 4
[3377.693s][debug][gc,phases      ] GC(118)     Dead                           Min: 0, Avg:  0.0, Max: 0, Diff: 0, Sum: 0, Workers: 4
[3377.693s][debug][gc,phases      ] GC(118)     Total                          Min: 0, Avg:  0.0, Max: 0, Diff: 0, Sum: 0, Workers: 4
[3377.693s][debug][gc,phases      ] GC(118)   Weak JFR Old Object Samples    Min:  0.0, Avg:  0.0, Max:  0.0, Diff:  0.0, Sum:  0.0, Workers: 4
[3377.693s][debug][gc,phases      ] GC(118)     Dead                           Min: 0, Avg:  0.0, Max: 0, Diff: 0, Sum: 0, Workers: 4
[3377.693s][debug][gc,phases      ] GC(118)     Total                          Min: 0, Avg:  0.0, Max: 0, Diff: 0, Sum: 0, Workers: 4
[3377.693s][debug][gc,phases      ] GC(118) Weak Processing 0.378ms
[3377.693s][debug][gc,age         ] GC(118) Desired survivor size 235929600 bytes, new threshold 15 (max threshold 15)
[3377.693s][info ][gc,heap        ] GC(118) PSYoungGen: 1783520K(1862656K)->160225K(1858048K) Eden: 1623552K(1623552K)->0K(1623552K) From: 159968K(239104K)->160225K(234496K)
[3377.693s][info ][gc,heap        ] GC(118) ParOldGen: 441737K(571392K)->441737K(571392K)
[3377.693s][info ][gc,metaspace   ] GC(118) Metaspace: 84127K(85568K)->84127K(85568K) NonClass: 72267K(73088K)->72267K(73088K) Class: 11859K(12480K)->11859K(12480K)
[3377.693s][info ][gc             ] GC(118) Pause Young (Allocation Failure) 2173M->587M(2372M) 34.678ms
[3377.693s][info ][gc,cpu         ] GC(118) User=0.12s Sys=0.00s Real=0.03s
[3377.693s][info ][safepoint      ] Safepoint "ParallelGCFailedAllocation", Time since last: 25048162849 ns, Reaching safepoint: 91201 ns, At safepoint: 34749276 ns, Total: 34840477 ns
[3381.696s][info ][safepoint      ] Safepoint "Cleanup", Time since last: 4002291597 ns, Reaching safepoint: 733705 ns, At safepoint: 10200 ns, Total: 743905 ns
[3382.035s][info ][gc,start       ] GC(119) Pause Young (Allocation Failure)
[3382.094s][debug][gc,phases      ] GC(119) Scavenge 58.880ms
[3382.094s][debug][gc,ref         ] GC(119) Skipped phase 1 of Reference Processing: no references
[3382.094s][debug][gc,ref         ] GC(119) ReferenceProcessor::execute queues: 1, RefProcThreadModel::Single, marks_oops_alive: false
[3382.094s][debug][gc,ref         ] GC(119) Skipped phase 3 of Reference Processing: no references
[3382.094s][debug][gc,ref         ] GC(119) ReferenceProcessor::execute queues: 1, RefProcThreadModel::Single, marks_oops_alive: false
[3382.094s][debug][gc,phases      ] GC(119) Reference Processing 0.141ms
[3382.095s][debug][gc,phases      ] GC(119)   VM Weak                        Min:  0.0, Avg:  0.0, Max:  0.0, Diff:  0.0, Sum:  0.0, Workers: 4
[3382.095s][debug][gc,phases      ] GC(119)     Dead                           Min: 0, Avg:  0.0, Max: 0, Diff: 0, Sum: 0, Workers: 4
[3382.095s][debug][gc,phases      ] GC(119)     Total                          Min: 0, Avg: 199.5, Max: 509, Diff: 509, Sum: 798, Workers: 4
[3382.095s][debug][gc,phases      ] GC(119)   ObjectSynchronizer Weak        Min:  0.0, Avg:  0.0, Max:  0.0, Diff:  0.0, Sum:  0.0, Workers: 4
[3382.095s][debug][gc,phases      ] GC(119)     Dead                           Min: 0, Avg:  0.0, Max: 0, Diff: 0, Sum: 0, Workers: 4
[3382.095s][debug][gc,phases      ] GC(119)     Total                          Min: 0, Avg: 13.5, Max: 54, Diff: 54, Sum: 54, Workers: 4
[3382.095s][debug][gc,phases      ] GC(119)   JVMTI Tag Weak OopStorage      Min:  0.0, Avg:  0.0, Max:  0.0, Diff:  0.0, Sum:  0.0, Workers: 4
[3382.095s][debug][gc,phases      ] GC(119)     Dead                           Min: 0, Avg:  0.0, Max: 0, Diff: 0, Sum: 0, Workers: 4
[3382.095s][debug][gc,phases      ] GC(119)     Total                          Min: 0, Avg:  0.0, Max: 0, Diff: 0, Sum: 0, Workers: 4
[3382.095s][debug][gc,phases      ] GC(119)   StringTable Weak               Min:  0.0, Avg:  0.1, Max:  0.2, Diff:  0.2, Sum:  0.4, Workers: 4
[3382.095s][debug][gc,phases      ] GC(119)     Dead                           Min: 0, Avg:  0.0, Max: 0, Diff: 0, Sum: 0, Workers: 4
[3382.095s][debug][gc,phases      ] GC(119)     Total                          Min: 0, Avg: 11028.8, Max: 16896, Diff: 16896, Sum: 44115, Workers: 4
[3382.095s][debug][gc,phases      ] GC(119)   ResolvedMethodTable Weak       Min:  0.0, Avg:  0.0, Max:  0.0, Diff:  0.0, Sum:  0.1, Workers: 4
[3382.095s][debug][gc,phases      ] GC(119)     Dead                           Min: 0, Avg:  0.0, Max: 0, Diff: 0, Sum: 0, Workers: 4
[3382.095s][debug][gc,phases      ] GC(119)     Total                          Min: 0, Avg: 2481.0, Max: 3396, Diff: 3396, Sum: 9924, Workers: 4
[3382.095s][debug][gc,phases      ] GC(119)   JNI Weak                       Min:  0.0, Avg:  0.0, Max:  0.0, Diff:  0.0, Sum:  0.0, Workers: 4
[3382.095s][debug][gc,phases      ] GC(119)     Dead                           Min: 0, Avg:  0.0, Max: 0, Diff: 0, Sum: 0, Workers: 4
[3382.095s][debug][gc,phases      ] GC(119)     Total                          Min: 0, Avg: 11.2, Max: 45, Diff: 45, Sum: 45, Workers: 4
[3382.095s][debug][gc,phases      ] GC(119)   StringDedup Table Weak         Min:  0.0, Avg:  0.0, Max:  0.0, Diff:  0.0, Sum:  0.0, Workers: 4
[3382.095s][debug][gc,phases      ] GC(119)     Dead                           Min: 0, Avg:  0.0, Max: 0, Diff: 0, Sum: 0, Workers: 4
[3382.095s][debug][gc,phases      ] GC(119)     Total                          Min: 0, Avg:  0.0, Max: 0, Diff: 0, Sum: 0, Workers: 4
[3382.095s][debug][gc,phases      ] GC(119)   StringDedup Requests0 Weak     Min:  0.0, Avg:  0.0, Max:  0.0, Diff:  0.0, Sum:  0.0, Workers: 4
[3382.095s][debug][gc,phases      ] GC(119)     Dead                           Min: 0, Avg:  0.0, Max: 0, Diff: 0, Sum: 0, Workers: 4
[3382.095s][debug][gc,phases      ] GC(119)     Total                          Min: 0, Avg:  0.0, Max: 0, Diff: 0, Sum: 0, Workers: 4
[3382.095s][debug][gc,phases      ] GC(119)   StringDedup Requests1 Weak     Min:  0.0, Avg:  0.0, Max:  0.0, Diff:  0.0, Sum:  0.0, Workers: 4
[3382.095s][debug][gc,phases      ] GC(119)     Dead                           Min: 0, Avg:  0.0, Max: 0, Diff: 0, Sum: 0, Workers: 4
[3382.095s][debug][gc,phases      ] GC(119)     Total                          Min: 0, Avg:  0.0, Max: 0, Diff: 0, Sum: 0, Workers: 4
[3382.095s][debug][gc,phases      ] GC(119)   Weak JFR Old Object Samples    Min:  0.0, Avg:  0.0, Max:  0.0, Diff:  0.0, Sum:  0.0, Workers: 4
[3382.095s][debug][gc,phases      ] GC(119)     Dead                           Min: 0, Avg:  0.0, Max: 0, Diff: 0, Sum: 0, Workers: 4
[3382.095s][debug][gc,phases      ] GC(119)     Total                          Min: 0, Avg:  0.0, Max: 0, Diff: 0, Sum: 0, Workers: 4
[3382.095s][debug][gc,phases      ] GC(119) Weak Processing 0.370ms
[3382.095s][debug][gc,age         ] GC(119) Desired survivor size 238551040 bytes, new threshold 15 (max threshold 15)
[3382.095s][info ][gc,heap        ] GC(119) PSYoungGen: 1783777K(1858048K)->178736K(1861632K) Eden: 1623552K(1623552K)->0K(1631232K) From: 160225K(234496K)->178736K(230400K)
[3382.095s][info ][gc,heap        ] GC(119) ParOldGen: 441737K(571392K)->441737K(571392K)
[3382.095s][info ][gc,metaspace   ] GC(119) Metaspace: 84128K(85568K)->84128K(85568K) NonClass: 72268K(73088K)->72268K(73088K) Class: 11859K(12480K)->11859K(12480K)
[3382.095s][info ][gc             ] GC(119) Pause Young (Allocation Failure) 2173M->605M(2376M) 59.515ms
[3382.095s][info ][gc,cpu         ] GC(119) User=0.20s Sys=0.00s Real=0.06s
[3382.095s][info ][safepoint      ] Safepoint "ParallelGCFailedAllocation", Time since last: 339264250 ns, Reaching safepoint: 98301 ns, At safepoint: 59591065 ns, Total: 59689366 ns
[3394.096s][info ][safepoint      ] Safepoint "Cleanup", Time since last: 12000803387 ns, Reaching safepoint: 40700 ns, At safepoint: 2700 ns, Total: 43400 ns
[3396.060s][info ][gc,start       ] GC(120) Pause Young (Allocation Failure)
[3396.104s][debug][gc,phases      ] GC(120) Scavenge 43.328ms
[3396.104s][debug][gc,ref         ] GC(120) Skipped phase 1 of Reference Processing: no references
[3396.104s][debug][gc,ref         ] GC(120) ReferenceProcessor::execute queues: 1, RefProcThreadModel::Single, marks_oops_alive: false
[3396.104s][debug][gc,ref         ] GC(120) Skipped phase 3 of Reference Processing: no references
[3396.104s][debug][gc,ref         ] GC(120) ReferenceProcessor::execute queues: 1, RefProcThreadModel::Single, marks_oops_alive: false
[3396.104s][debug][gc,phases      ] GC(120) Reference Processing 0.135ms
[3396.104s][debug][gc,phases      ] GC(120)   VM Weak                        Min:  0.0, Avg:  0.0, Max:  0.0, Diff:  0.0, Sum:  0.0, Workers: 4
[3396.104s][debug][gc,phases      ] GC(120)     Dead                           Min: 0, Avg:  0.0, Max: 0, Diff: 0, Sum: 0, Workers: 4
[3396.104s][debug][gc,phases      ] GC(120)     Total                          Min: 0, Avg: 199.5, Max: 509, Diff: 509, Sum: 798, Workers: 4
[3396.104s][debug][gc,phases      ] GC(120)   ObjectSynchronizer Weak        Min:  0.0, Avg:  0.0, Max:  0.0, Diff:  0.0, Sum:  0.0, Workers: 4
[3396.104s][debug][gc,phases      ] GC(120)     Dead                           Min: 0, Avg:  0.0, Max: 0, Diff: 0, Sum: 0, Workers: 4
[3396.104s][debug][gc,phases      ] GC(120)     Total                          Min: 0, Avg: 13.5, Max: 54, Diff: 54, Sum: 54, Workers: 4
[3396.104s][debug][gc,phases      ] GC(120)   JVMTI Tag Weak OopStorage      Min:  0.0, Avg:  0.0, Max:  0.0, Diff:  0.0, Sum:  0.0, Workers: 4
[3396.104s][debug][gc,phases      ] GC(120)     Dead                           Min: 0, Avg:  0.0, Max: 0, Diff: 0, Sum: 0, Workers: 4
[3396.104s][debug][gc,phases      ] GC(120)     Total                          Min: 0, Avg:  0.0, Max: 0, Diff: 0, Sum: 0, Workers: 4
[3396.104s][debug][gc,phases      ] GC(120)   StringTable Weak               Min:  0.0, Avg:  0.1, Max:  0.1, Diff:  0.1, Sum:  0.4, Workers: 4
[3396.104s][debug][gc,phases      ] GC(120)     Dead                           Min: 0, Avg:  0.0, Max: 0, Diff: 0, Sum: 0, Workers: 4
[3396.104s][debug][gc,phases      ] GC(120)     Total                          Min: 0, Avg: 11028.8, Max: 14848, Diff: 14848, Sum: 44115, Workers: 4
[3396.104s][debug][gc,phases      ] GC(120)   ResolvedMethodTable Weak       Min:  0.0, Avg:  0.0, Max:  0.0, Diff:  0.0, Sum:  0.1, Workers: 4
[3396.104s][debug][gc,phases      ] GC(120)     Dead                           Min: 0, Avg:  0.0, Max: 0, Diff: 0, Sum: 0, Workers: 4
[3396.104s][debug][gc,phases      ] GC(120)     Total                          Min: 0, Avg: 2481.0, Max: 3392, Diff: 3392, Sum: 9924, Workers: 4
[3396.104s][debug][gc,phases      ] GC(120)   JNI Weak                       Min:  0.0, Avg:  0.0, Max:  0.0, Diff:  0.0, Sum:  0.0, Workers: 4
[3396.104s][debug][gc,phases      ] GC(120)     Dead                           Min: 0, Avg:  0.0, Max: 0, Diff: 0, Sum: 0, Workers: 4
[3396.104s][debug][gc,phases      ] GC(120)     Total                          Min: 0, Avg: 11.2, Max: 45, Diff: 45, Sum: 45, Workers: 4
[3396.104s][debug][gc,phases      ] GC(120)   StringDedup Table Weak         Min:  0.0, Avg:  0.0, Max:  0.0, Diff:  0.0, Sum:  0.0, Workers: 4
[3396.104s][debug][gc,phases      ] GC(120)     Dead                           Min: 0, Avg:  0.0, Max: 0, Diff: 0, Sum: 0, Workers: 4
[3396.104s][debug][gc,phases      ] GC(120)     Total                          Min: 0, Avg:  0.0, Max: 0, Diff: 0, Sum: 0, Workers: 4
[3396.104s][debug][gc,phases      ] GC(120)   StringDedup Requests0 Weak     Min:  0.0, Avg:  0.0, Max:  0.0, Diff:  0.0, Sum:  0.0, Workers: 4
[3396.104s][debug][gc,phases      ] GC(120)     Dead                           Min: 0, Avg:  0.0, Max: 0, Diff: 0, Sum: 0, Workers: 4
[3396.104s][debug][gc,phases      ] GC(120)     Total                          Min: 0, Avg:  0.0, Max: 0, Diff: 0, Sum: 0, Workers: 4
[3396.104s][debug][gc,phases      ] GC(120)   StringDedup Requests1 Weak     Min:  0.0, Avg:  0.0, Max:  0.0, Diff:  0.0, Sum:  0.0, Workers: 4
[3396.104s][debug][gc,phases      ] GC(120)     Dead                           Min: 0, Avg:  0.0, Max: 0, Diff: 0, Sum: 0, Workers: 4
[3396.104s][debug][gc,phases      ] GC(120)     Total                          Min: 0, Avg:  0.0, Max: 0, Diff: 0, Sum: 0, Workers: 4
[3396.104s][debug][gc,phases      ] GC(120)   Weak JFR Old Object Samples    Min:  0.0, Avg:  0.0, Max:  0.0, Diff:  0.0, Sum:  0.0, Workers: 4
[3396.104s][debug][gc,phases      ] GC(120)     Dead                           Min: 0, Avg:  0.0, Max: 0, Diff: 0, Sum: 0, Workers: 4
[3396.104s][debug][gc,phases      ] GC(120)     Total                          Min: 0, Avg:  0.0, Max: 0, Diff: 0, Sum: 0, Workers: 4
[3396.104s][debug][gc,phases      ] GC(120) Weak Processing 0.418ms
[3396.104s][debug][gc,age         ] GC(120) Desired survivor size 236453888 bytes, new threshold 15 (max threshold 15)
[3396.104s][info ][gc,heap        ] GC(120) PSYoungGen: 1809968K(1861632K)->168416K(1864192K) Eden: 1631232K(1631232K)->0K(1631232K) From: 178736K(230400K)->168416K(232960K)
[3396.104s][info ][gc,heap        ] GC(120) ParOldGen: 441737K(571392K)->441737K(571392K)
[3396.104s][info ][gc,metaspace   ] GC(120) Metaspace: 84131K(85568K)->84131K(85568K) NonClass: 72271K(73088K)->72271K(73088K) Class: 11859K(12480K)->11859K(12480K)
[3396.104s][info ][gc             ] GC(120) Pause Young (Allocation Failure) 2198M->595M(2378M) 44.027ms
[3396.104s][info ][gc,cpu         ] GC(120) User=0.15s Sys=0.00s Real=0.04s
[3396.104s][info ][safepoint      ] Safepoint "ParallelGCFailedAllocation", Time since last: 1964539264 ns, Reaching safepoint: 26900 ns, At safepoint: 44092143 ns, Total: 44119043 ns
[3405.105s][info ][safepoint      ] Safepoint "Cleanup", Time since last: 9000651091 ns, Reaching safepoint: 125301 ns, At safepoint: 5700 ns, Total: 131001 ns
[3411.106s][info ][safepoint      ] Safepoint "Cleanup", Time since last: 6000503368 ns, Reaching safepoint: 129501 ns, At safepoint: 35201 ns, Total: 164702 ns
[3412.106s][info ][safepoint      ] Safepoint "Cleanup", Time since last: 1000108311 ns, Reaching safepoint: 71701 ns, At safepoint: 5900 ns, Total: 77601 ns
[3416.106s][info ][safepoint      ] Safepoint "Cleanup", Time since last: 4000309359 ns, Reaching safepoint: 110701 ns, At safepoint: 4500 ns, Total: 115201 ns
[3418.107s][info ][safepoint      ] Safepoint "Cleanup", Time since last: 2000197330 ns, Reaching safepoint: 79601 ns, At safepoint: 11100 ns, Total: 90701 ns
[3420.107s][info ][safepoint      ] Safepoint "Cleanup", Time since last: 2000187030 ns, Reaching safepoint: 113301 ns, At safepoint: 4200 ns, Total: 117501 ns
[3421.107s][info ][safepoint      ] Safepoint "Cleanup", Time since last: 1000125218 ns, Reaching safepoint: 114901 ns, At safepoint: 5500 ns, Total: 120401 ns
[3423.108s][info ][safepoint      ] Safepoint "Cleanup", Time since last: 2000549141 ns, Reaching safepoint: 111000 ns, At safepoint: 6101 ns, Total: 117101 ns
[3428.108s][info ][safepoint      ] Safepoint "Cleanup", Time since last: 5000340792 ns, Reaching safepoint: 118001 ns, At safepoint: 7500 ns, Total: 125501 ns
[3433.109s][info ][safepoint      ] Safepoint "Cleanup", Time since last: 5000407640 ns, Reaching safepoint: 112201 ns, At safepoint: 6400 ns, Total: 118601 ns
[3437.109s][info ][safepoint      ] Safepoint "Cleanup", Time since last: 4000329053 ns, Reaching safepoint: 133101 ns, At safepoint: 5900 ns, Total: 139001 ns
[3440.110s][info ][safepoint      ] Safepoint "Cleanup", Time since last: 3000250607 ns, Reaching safepoint: 123201 ns, At safepoint: 4200 ns, Total: 127401 ns
[3440.560s][info ][gc,start       ] GC(121) Pause Young (Allocation Failure)
[3440.606s][debug][gc,phases      ] GC(121) Scavenge 45.510ms
[3440.606s][debug][gc,ref         ] GC(121) Skipped phase 1 of Reference Processing: no references
[3440.606s][debug][gc,ref         ] GC(121) ReferenceProcessor::execute queues: 1, RefProcThreadModel::Single, marks_oops_alive: false
[3440.606s][debug][gc,ref         ] GC(121) Skipped phase 3 of Reference Processing: no references
[3440.606s][debug][gc,ref         ] GC(121) ReferenceProcessor::execute queues: 1, RefProcThreadModel::Single, marks_oops_alive: false
[3440.606s][debug][gc,phases      ] GC(121) Reference Processing 0.124ms
[3440.606s][debug][gc,phases      ] GC(121)   VM Weak                        Min:  0.0, Avg:  0.0, Max:  0.0, Diff:  0.0, Sum:  0.0, Workers: 4
[3440.606s][debug][gc,phases      ] GC(121)     Dead                           Min: 0, Avg:  0.0, Max: 0, Diff: 0, Sum: 0, Workers: 4
[3440.606s][debug][gc,phases      ] GC(121)     Total                          Min: 0, Avg: 199.5, Max: 622, Diff: 622, Sum: 798, Workers: 4
[3440.606s][debug][gc,phases      ] GC(121)   ObjectSynchronizer Weak        Min:  0.0, Avg:  0.0, Max:  0.0, Diff:  0.0, Sum:  0.0, Workers: 4
[3440.606s][debug][gc,phases      ] GC(121)     Dead                           Min: 0, Avg:  0.0, Max: 0, Diff: 0, Sum: 0, Workers: 4
[3440.606s][debug][gc,phases      ] GC(121)     Total                          Min: 0, Avg: 13.5, Max: 54, Diff: 54, Sum: 54, Workers: 4
[3440.606s][debug][gc,phases      ] GC(121)   JVMTI Tag Weak OopStorage      Min:  0.0, Avg:  0.0, Max:  0.0, Diff:  0.0, Sum:  0.0, Workers: 4
[3440.606s][debug][gc,phases      ] GC(121)     Dead                           Min: 0, Avg:  0.0, Max: 0, Diff: 0, Sum: 0, Workers: 4
[3440.606s][debug][gc,phases      ] GC(121)     Total                          Min: 0, Avg:  0.0, Max: 0, Diff: 0, Sum: 0, Workers: 4
[3440.606s][debug][gc,phases      ] GC(121)   StringTable Weak               Min:  0.1, Avg:  0.1, Max:  0.1, Diff:  0.0, Sum:  0.4, Workers: 4
[3440.606s][debug][gc,phases      ] GC(121)     Dead                           Min: 0, Avg:  0.8, Max: 3, Diff: 3, Sum: 3, Workers: 4
[3440.606s][debug][gc,phases      ] GC(121)     Total                          Min: 9981, Avg: 11035.2, Max: 11825, Diff: 1844, Sum: 44141, Workers: 4
[3440.606s][debug][gc,phases      ] GC(121)   ResolvedMethodTable Weak       Min:  0.0, Avg:  0.0, Max:  0.0, Diff:  0.0, Sum:  0.1, Workers: 4
[3440.606s][debug][gc,phases      ] GC(121)     Dead                           Min: 0, Avg:  4.0, Max: 16, Diff: 16, Sum: 16, Workers: 4
[3440.606s][debug][gc,phases      ] GC(121)     Total                          Min: 1024, Avg: 2486.2, Max: 3319, Diff: 2295, Sum: 9945, Workers: 4
[3440.606s][debug][gc,phases      ] GC(121)   JNI Weak                       Min:  0.0, Avg:  0.0, Max:  0.0, Diff:  0.0, Sum:  0.0, Workers: 4
[3440.606s][debug][gc,phases      ] GC(121)     Dead                           Min: 0, Avg:  0.0, Max: 0, Diff: 0, Sum: 0, Workers: 4
[3440.606s][debug][gc,phases      ] GC(121)     Total                          Min: 0, Avg: 11.2, Max: 45, Diff: 45, Sum: 45, Workers: 4
[3440.606s][debug][gc,phases      ] GC(121)   StringDedup Table Weak         Min:  0.0, Avg:  0.0, Max:  0.0, Diff:  0.0, Sum:  0.0, Workers: 4
[3440.606s][debug][gc,phases      ] GC(121)     Dead                           Min: 0, Avg:  0.0, Max: 0, Diff: 0, Sum: 0, Workers: 4
[3440.606s][debug][gc,phases      ] GC(121)     Total                          Min: 0, Avg:  0.0, Max: 0, Diff: 0, Sum: 0, Workers: 4
[3440.606s][debug][gc,phases      ] GC(121)   StringDedup Requests0 Weak     Min:  0.0, Avg:  0.0, Max:  0.0, Diff:  0.0, Sum:  0.0, Workers: 4
[3440.606s][debug][gc,phases      ] GC(121)     Dead                           Min: 0, Avg:  0.0, Max: 0, Diff: 0, Sum: 0, Workers: 4
[3440.606s][debug][gc,phases      ] GC(121)     Total                          Min: 0, Avg:  0.0, Max: 0, Diff: 0, Sum: 0, Workers: 4
[3440.606s][debug][gc,phases      ] GC(121)   StringDedup Requests1 Weak     Min:  0.0, Avg:  0.0, Max:  0.0, Diff:  0.0, Sum:  0.0, Workers: 4
[3440.606s][debug][gc,phases      ] GC(121)     Dead                           Min: 0, Avg:  0.0, Max: 0, Diff: 0, Sum: 0, Workers: 4
[3440.606s][debug][gc,phases      ] GC(121)     Total                          Min: 0, Avg:  0.0, Max: 0, Diff: 0, Sum: 0, Workers: 4
[3440.606s][debug][gc,phases      ] GC(121)   Weak JFR Old Object Samples    Min:  0.0, Avg:  0.0, Max:  0.0, Diff:  0.0, Sum:  0.0, Workers: 4
[3440.606s][debug][gc,phases      ] GC(121)     Dead                           Min: 0, Avg:  0.0, Max: 0, Diff: 0, Sum: 0, Workers: 4
[3440.606s][debug][gc,phases      ] GC(121)     Total                          Min: 0, Avg:  0.0, Max: 0, Diff: 0, Sum: 0, Workers: 4
[3440.606s][debug][gc,phases      ] GC(121) Weak Processing 0.299ms
[3440.606s][debug][gc,age         ] GC(121) Desired survivor size 232783872 bytes, new threshold 15 (max threshold 15)
[3440.606s][info ][gc,heap        ] GC(121) PSYoungGen: 1799648K(1864192K)->131376K(1869824K) Eden: 1631232K(1631232K)->0K(1638912K) From: 168416K(232960K)->131376K(230912K)
[3440.606s][info ][gc,heap        ] GC(121) ParOldGen: 441737K(571392K)->480329K(571392K)
[3440.606s][info ][gc,metaspace   ] GC(121) Metaspace: 84280K(85568K)->84280K(85568K) NonClass: 72408K(73088K)->72408K(73088K) Class: 11872K(12480K)->11872K(12480K)
[3440.606s][info ][gc             ] GC(121) Pause Young (Allocation Failure) 2188M->597M(2384M) 46.047ms
[3440.606s][info ][gc,cpu         ] GC(121) User=0.15s Sys=0.00s Real=0.05s
[3440.606s][info ][safepoint      ] Safepoint "ParallelGCFailedAllocation", Time since last: 450403829 ns, Reaching safepoint: 42000 ns, At safepoint: 46133761 ns, Total: 46175761 ns
[3442.607s][info ][safepoint      ] Safepoint "Cleanup", Time since last: 2000148971 ns, Reaching safepoint: 123001 ns, At safepoint: 7500 ns, Total: 130501 ns
[3445.607s][info ][safepoint      ] Safepoint "Cleanup", Time since last: 3000262257 ns, Reaching safepoint: 109001 ns, At safepoint: 5400 ns, Total: 114401 ns
[3448.607s][info ][safepoint      ] Safepoint "Cleanup", Time since last: 3000273459 ns, Reaching safepoint: 116001 ns, At safepoint: 5800 ns, Total: 121801 ns
[3456.608s][info ][safepoint      ] Safepoint "Cleanup", Time since last: 8000585252 ns, Reaching safepoint: 115601 ns, At safepoint: 7700 ns, Total: 123301 ns
[3456.700s][info ][safepoint      ] Safepoint "ParallelGCFailedAllocation", Time since last: 91895217 ns, Reaching safepoint: 117301 ns, At safepoint: 12300 ns, Total: 129601 ns
[3456.700s][info ][gc,start       ] GC(122) Pause Young (GCLocker Initiated GC)
[3456.736s][debug][gc,phases      ] GC(122) Scavenge 36.001ms
[3456.736s][debug][gc,ref         ] GC(122) Skipped phase 1 of Reference Processing: no references
[3456.736s][debug][gc,ref         ] GC(122) ReferenceProcessor::execute queues: 1, RefProcThreadModel::Single, marks_oops_alive: false
[3456.737s][debug][gc,ref         ] GC(122) Skipped phase 3 of Reference Processing: no references
[3456.737s][debug][gc,ref         ] GC(122) ReferenceProcessor::execute queues: 1, RefProcThreadModel::Single, marks_oops_alive: false
[3456.737s][debug][gc,phases      ] GC(122) Reference Processing 0.135ms
[3456.737s][debug][gc,phases      ] GC(122)   VM Weak                        Min:  0.0, Avg:  0.0, Max:  0.0, Diff:  0.0, Sum:  0.0, Workers: 4
[3456.737s][debug][gc,phases      ] GC(122)     Dead                           Min: 0, Avg:  0.0, Max: 0, Diff: 0, Sum: 0, Workers: 4
[3456.737s][debug][gc,phases      ] GC(122)     Total                          Min: 0, Avg: 200.0, Max: 484, Diff: 484, Sum: 800, Workers: 4
[3456.737s][debug][gc,phases      ] GC(122)   ObjectSynchronizer Weak        Min:  0.0, Avg:  0.0, Max:  0.0, Diff:  0.0, Sum:  0.0, Workers: 4
[3456.737s][debug][gc,phases      ] GC(122)     Dead                           Min: 0, Avg:  0.0, Max: 0, Diff: 0, Sum: 0, Workers: 4
[3456.737s][debug][gc,phases      ] GC(122)     Total                          Min: 0, Avg: 13.5, Max: 54, Diff: 54, Sum: 54, Workers: 4
[3456.737s][debug][gc,phases      ] GC(122)   JVMTI Tag Weak OopStorage      Min:  0.0, Avg:  0.0, Max:  0.0, Diff:  0.0, Sum:  0.0, Workers: 4
[3456.737s][debug][gc,phases      ] GC(122)     Dead                           Min: 0, Avg:  0.0, Max: 0, Diff: 0, Sum: 0, Workers: 4
[3456.737s][debug][gc,phases      ] GC(122)     Total                          Min: 0, Avg:  0.0, Max: 0, Diff: 0, Sum: 0, Workers: 4
[3456.737s][debug][gc,phases      ] GC(122)   StringTable Weak               Min:  0.0, Avg:  0.1, Max:  0.2, Diff:  0.2, Sum:  0.5, Workers: 4
[3456.737s][debug][gc,phases      ] GC(122)     Dead                           Min: 0, Avg:  0.8, Max: 3, Diff: 3, Sum: 3, Workers: 4
[3456.737s][debug][gc,phases      ] GC(122)     Total                          Min: 0, Avg: 11037.2, Max: 17656, Diff: 17656, Sum: 44149, Workers: 4
[3456.737s][debug][gc,phases      ] GC(122)   ResolvedMethodTable Weak       Min:  0.0, Avg:  0.0, Max:  0.0, Diff:  0.0, Sum:  0.1, Workers: 4
[3456.737s][debug][gc,phases      ] GC(122)     Dead                           Min: 0, Avg:  0.0, Max: 0, Diff: 0, Sum: 0, Workers: 4
[3456.737s][debug][gc,phases      ] GC(122)     Total                          Min: 0, Avg: 2491.8, Max: 3385, Diff: 3385, Sum: 9967, Workers: 4
[3456.737s][debug][gc,phases      ] GC(122)   JNI Weak                       Min:  0.0, Avg:  0.0, Max:  0.0, Diff:  0.0, Sum:  0.0, Workers: 4
[3456.737s][debug][gc,phases      ] GC(122)     Dead                           Min: 0, Avg:  0.0, Max: 0, Diff: 0, Sum: 0, Workers: 4
[3456.737s][debug][gc,phases      ] GC(122)     Total                          Min: 0, Avg: 11.2, Max: 45, Diff: 45, Sum: 45, Workers: 4
[3456.737s][debug][gc,phases      ] GC(122)   StringDedup Table Weak         Min:  0.0, Avg:  0.0, Max:  0.0, Diff:  0.0, Sum:  0.0, Workers: 4
[3456.737s][debug][gc,phases      ] GC(122)     Dead                           Min: 0, Avg:  0.0, Max: 0, Diff: 0, Sum: 0, Workers: 4
[3456.737s][debug][gc,phases      ] GC(122)     Total                          Min: 0, Avg:  0.0, Max: 0, Diff: 0, Sum: 0, Workers: 4
[3456.737s][debug][gc,phases      ] GC(122)   StringDedup Requests0 Weak     Min:  0.0, Avg:  0.0, Max:  0.0, Diff:  0.0, Sum:  0.0, Workers: 4
[3456.737s][debug][gc,phases      ] GC(122)     Dead                           Min: 0, Avg:  0.0, Max: 0, Diff: 0, Sum: 0, Workers: 4
[3456.737s][debug][gc,phases      ] GC(122)     Total                          Min: 0, Avg:  0.0, Max: 0, Diff: 0, Sum: 0, Workers: 4
[3456.737s][debug][gc,phases      ] GC(122)   StringDedup Requests1 Weak     Min:  0.0, Avg:  0.0, Max:  0.0, Diff:  0.0, Sum:  0.0, Workers: 4
[3456.737s][debug][gc,phases      ] GC(122)     Dead                           Min: 0, Avg:  0.0, Max: 0, Diff: 0, Sum: 0, Workers: 4
[3456.737s][debug][gc,phases      ] GC(122)     Total                          Min: 0, Avg:  0.0, Max: 0, Diff: 0, Sum: 0, Workers: 4
[3456.737s][debug][gc,phases      ] GC(122)   Weak JFR Old Object Samples    Min:  0.0, Avg:  0.0, Max:  0.0, Diff:  0.0, Sum:  0.0, Workers: 4
[3456.737s][debug][gc,phases      ] GC(122)     Dead                           Min: 0, Avg:  0.0, Max: 0, Diff: 0, Sum: 0, Workers: 4
[3456.737s][debug][gc,phases      ] GC(122)     Total                          Min: 0, Avg:  0.0, Max: 0, Diff: 0, Sum: 0, Workers: 4
[3456.737s][debug][gc,phases      ] GC(122) Weak Processing 0.374ms
[3456.737s][debug][gc,age         ] GC(122) Desired survivor size 230162432 bytes, new threshold 15 (max threshold 15)
[3456.737s][info ][gc,heap        ] GC(122) PSYoungGen: 1770288K(1869824K)->122384K(1866240K) Eden: 1638912K(1638912K)->0K(1638912K) From: 131376K(230912K)->122384K(227328K)
[3456.737s][info ][gc,heap        ] GC(122) ParOldGen: 480329K(571392K)->480642K(571392K)
[3456.737s][info ][gc,metaspace   ] GC(122) Metaspace: 84312K(85568K)->84312K(85568K) NonClass: 72432K(73088K)->72432K(73088K) Class: 11880K(12480K)->11880K(12480K)
[3456.737s][info ][gc             ] GC(122) Pause Young (GCLocker Initiated GC) 2197M->588M(2380M) 36.620ms
[3456.737s][info ][gc,cpu         ] GC(122) User=0.13s Sys=0.00s Real=0.03s
[3456.737s][info ][safepoint      ] Safepoint "ParallelGCSystemGC", Time since last: 69101 ns, Reaching safepoint: 88201 ns, At safepoint: 36685086 ns, Total: 36773287 ns
[3467.738s][info ][safepoint      ] Safepoint "Cleanup", Time since last: 11000828446 ns, Reaching safepoint: 56100 ns, At safepoint: 3200 ns, Total: 59300 ns
[3483.014s][info ][gc,start       ] GC(123) Pause Young (Allocation Failure)
[3483.044s][debug][gc,phases      ] GC(123) Scavenge 29.550ms
[3483.044s][debug][gc,ref         ] GC(123) Skipped phase 1 of Reference Processing: no references
[3483.044s][debug][gc,ref         ] GC(123) ReferenceProcessor::execute queues: 1, RefProcThreadModel::Single, marks_oops_alive: false
[3483.044s][debug][gc,ref         ] GC(123) Skipped phase 3 of Reference Processing: no references
[3483.044s][debug][gc,ref         ] GC(123) ReferenceProcessor::execute queues: 1, RefProcThreadModel::Single, marks_oops_alive: false
[3483.044s][debug][gc,phases      ] GC(123) Reference Processing 0.142ms
[3483.044s][debug][gc,phases      ] GC(123)   VM Weak                        Min:  0.0, Avg:  0.0, Max:  0.0, Diff:  0.0, Sum:  0.0, Workers: 4
[3483.044s][debug][gc,phases      ] GC(123)     Dead                           Min: 0, Avg:  0.0, Max: 0, Diff: 0, Sum: 0, Workers: 4
[3483.044s][debug][gc,phases      ] GC(123)     Total                          Min: 0, Avg: 200.0, Max: 494, Diff: 494, Sum: 800, Workers: 4
[3483.044s][debug][gc,phases      ] GC(123)   ObjectSynchronizer Weak        Min:  0.0, Avg:  0.0, Max:  0.0, Diff:  0.0, Sum:  0.0, Workers: 4
[3483.044s][debug][gc,phases      ] GC(123)     Dead                           Min: 0, Avg:  0.0, Max: 0, Diff: 0, Sum: 0, Workers: 4
[3483.044s][debug][gc,phases      ] GC(123)     Total                          Min: 0, Avg: 13.5, Max: 54, Diff: 54, Sum: 54, Workers: 4
[3483.044s][debug][gc,phases      ] GC(123)   JVMTI Tag Weak OopStorage      Min:  0.0, Avg:  0.0, Max:  0.0, Diff:  0.0, Sum:  0.0, Workers: 4
[3483.044s][debug][gc,phases      ] GC(123)     Dead                           Min: 0, Avg:  0.0, Max: 0, Diff: 0, Sum: 0, Workers: 4
[3483.044s][debug][gc,phases      ] GC(123)     Total                          Min: 0, Avg:  0.0, Max: 0, Diff: 0, Sum: 0, Workers: 4
[3483.044s][debug][gc,phases      ] GC(123)   StringTable Weak               Min:  0.0, Avg:  0.1, Max:  0.1, Diff:  0.1, Sum:  0.4, Workers: 4
[3483.044s][debug][gc,phases      ] GC(123)     Dead                           Min: 0, Avg:  0.0, Max: 0, Diff: 0, Sum: 0, Workers: 4
[3483.044s][debug][gc,phases      ] GC(123)     Total                          Min: 0, Avg: 11037.2, Max: 15032, Diff: 15032, Sum: 44149, Workers: 4
[3483.044s][debug][gc,phases      ] GC(123)   ResolvedMethodTable Weak       Min:  0.0, Avg:  0.0, Max:  0.0, Diff:  0.0, Sum:  0.1, Workers: 4
[3483.044s][debug][gc,phases      ] GC(123)     Dead                           Min: 0, Avg:  0.0, Max: 0, Diff: 0, Sum: 0, Workers: 4
[3483.044s][debug][gc,phases      ] GC(123)     Total                          Min: 0, Avg: 2491.8, Max: 3449, Diff: 3449, Sum: 9967, Workers: 4
[3483.044s][debug][gc,phases      ] GC(123)   JNI Weak                       Min:  0.0, Avg:  0.0, Max:  0.0, Diff:  0.0, Sum:  0.0, Workers: 4
[3483.044s][debug][gc,phases      ] GC(123)     Dead                           Min: 0, Avg:  0.0, Max: 0, Diff: 0, Sum: 0, Workers: 4
[3483.044s][debug][gc,phases      ] GC(123)     Total                          Min: 0, Avg: 11.2, Max: 45, Diff: 45, Sum: 45, Workers: 4
[3483.044s][debug][gc,phases      ] GC(123)   StringDedup Table Weak         Min:  0.0, Avg:  0.0, Max:  0.0, Diff:  0.0, Sum:  0.0, Workers: 4
[3483.044s][debug][gc,phases      ] GC(123)     Dead                           Min: 0, Avg:  0.0, Max: 0, Diff: 0, Sum: 0, Workers: 4
[3483.044s][debug][gc,phases      ] GC(123)     Total                          Min: 0, Avg:  0.0, Max: 0, Diff: 0, Sum: 0, Workers: 4
[3483.044s][debug][gc,phases      ] GC(123)   StringDedup Requests0 Weak     Min:  0.0, Avg:  0.0, Max:  0.0, Diff:  0.0, Sum:  0.0, Workers: 4
[3483.044s][debug][gc,phases      ] GC(123)     Dead                           Min: 0, Avg:  0.0, Max: 0, Diff: 0, Sum: 0, Workers: 4
[3483.044s][debug][gc,phases      ] GC(123)     Total                          Min: 0, Avg:  0.0, Max: 0, Diff: 0, Sum: 0, Workers: 4
[3483.044s][debug][gc,phases      ] GC(123)   StringDedup Requests1 Weak     Min:  0.0, Avg:  0.0, Max:  0.0, Diff:  0.0, Sum:  0.0, Workers: 4
[3483.044s][debug][gc,phases      ] GC(123)     Dead                           Min: 0, Avg:  0.0, Max: 0, Diff: 0, Sum: 0, Workers: 4
[3483.044s][debug][gc,phases      ] GC(123)     Total                          Min: 0, Avg:  0.0, Max: 0, Diff: 0, Sum: 0, Workers: 4
[3483.044s][debug][gc,phases      ] GC(123)   Weak JFR Old Object Samples    Min:  0.0, Avg:  0.0, Max:  0.0, Diff:  0.0, Sum:  0.0, Workers: 4
[3483.044s][debug][gc,phases      ] GC(123)     Dead                           Min: 0, Avg:  0.0, Max: 0, Diff: 0, Sum: 0, Workers: 4
[3483.044s][debug][gc,phases      ] GC(123)     Total                          Min: 0, Avg:  0.0, Max: 0, Diff: 0, Sum: 0, Workers: 4
[3483.044s][debug][gc,phases      ] GC(123) Weak Processing 0.436ms
[3483.044s][debug][gc,age         ] GC(123) Desired survivor size 227016704 bytes, new threshold 15 (max threshold 15)
[3483.044s][info ][gc,heap        ] GC(123) PSYoungGen: 1761296K(1866240K)->122065K(1875456K) Eden: 1638912K(1638912K)->0K(1650688K) From: 122384K(227328K)->122065K(224768K)
[3483.044s][info ][gc,heap        ] GC(123) ParOldGen: 480644K(571392K)->481032K(571392K)
[3483.044s][info ][gc,metaspace   ] GC(123) Metaspace: 84312K(85568K)->84312K(85568K) NonClass: 72432K(73088K)->72432K(73088K) Class: 11880K(12480K)->11880K(12480K)
[3483.044s][info ][gc             ] GC(123) Pause Young (Allocation Failure) 2189M->588M(2389M) 30.277ms
[3483.044s][info ][gc,cpu         ] GC(123) User=0.10s Sys=0.00s Real=0.03s
[3483.044s][info ][safepoint      ] Safepoint "ParallelGCFailedAllocation", Time since last: 15276168211 ns, Reaching safepoint: 27101 ns, At safepoint: 30357042 ns, Total: 30384143 ns
[3502.046s][info ][safepoint      ] Safepoint "Cleanup", Time since last: 19001316908 ns, Reaching safepoint: 52300 ns, At safepoint: 2600 ns, Total: 54900 ns
[3505.046s][info ][safepoint      ] Safepoint "Cleanup", Time since last: 3000217977 ns, Reaching safepoint: 47700 ns, At safepoint: 4800 ns, Total: 52500 ns
[3512.047s][info ][safepoint      ] Safepoint "Cleanup", Time since last: 7000543242 ns, Reaching safepoint: 50500 ns, At safepoint: 3300 ns, Total: 53800 ns
[3513.047s][info ][safepoint      ] Safepoint "Cleanup", Time since last: 1000116380 ns, Reaching safepoint: 63600 ns, At safepoint: 7700 ns, Total: 71300 ns
[3514.047s][info ][safepoint      ] Safepoint "Cleanup", Time since last: 1000110380 ns, Reaching safepoint: 50400 ns, At safepoint: 6500 ns, Total: 56900 ns
[3515.047s][info ][safepoint      ] Safepoint "Cleanup", Time since last: 1000119780 ns, Reaching safepoint: 47400 ns, At safepoint: 3200 ns, Total: 50600 ns
[3517.047s][info ][safepoint      ] Safepoint "Cleanup", Time since last: 2000136199 ns, Reaching safepoint: 45300 ns, At safepoint: 3401 ns, Total: 48701 ns
[3518.048s][info ][safepoint      ] Safepoint "Cleanup", Time since last: 1000130788 ns, Reaching safepoint: 46801 ns, At safepoint: 3900 ns, Total: 50701 ns
[3523.048s][info ][safepoint      ] Safepoint "Cleanup", Time since last: 5000344042 ns, Reaching safepoint: 55300 ns, At safepoint: 2400 ns, Total: 57700 ns
[3526.048s][info ][safepoint      ] Safepoint "Cleanup", Time since last: 3000251153 ns, Reaching safepoint: 47900 ns, At safepoint: 2800 ns, Total: 50700 ns
[3527.158s][info ][gc,start       ] GC(124) Pause Young (Allocation Failure)
[3527.182s][debug][gc,phases      ] GC(124) Scavenge 23.337ms
[3527.182s][debug][gc,ref         ] GC(124) Skipped phase 1 of Reference Processing: no references
[3527.182s][debug][gc,ref         ] GC(124) ReferenceProcessor::execute queues: 1, RefProcThreadModel::Single, marks_oops_alive: false
[3527.182s][debug][gc,ref         ] GC(124) Skipped phase 3 of Reference Processing: no references
[3527.182s][debug][gc,ref         ] GC(124) ReferenceProcessor::execute queues: 1, RefProcThreadModel::Single, marks_oops_alive: false
[3527.182s][debug][gc,phases      ] GC(124) Reference Processing 0.103ms
[3527.182s][debug][gc,phases      ] GC(124)   VM Weak                        Min:  0.0, Avg:  0.0, Max:  0.0, Diff:  0.0, Sum:  0.0, Workers: 4
[3527.182s][debug][gc,phases      ] GC(124)     Dead                           Min: 0, Avg:  0.0, Max: 0, Diff: 0, Sum: 0, Workers: 4
[3527.182s][debug][gc,phases      ] GC(124)     Total                          Min: 0, Avg: 200.0, Max: 429, Diff: 429, Sum: 800, Workers: 4
[3527.182s][debug][gc,phases      ] GC(124)   ObjectSynchronizer Weak        Min:  0.0, Avg:  0.0, Max:  0.0, Diff:  0.0, Sum:  0.0, Workers: 4
[3527.182s][debug][gc,phases      ] GC(124)     Dead                           Min: 0, Avg:  0.0, Max: 0, Diff: 0, Sum: 0, Workers: 4
[3527.182s][debug][gc,phases      ] GC(124)     Total                          Min: 0, Avg: 13.5, Max: 54, Diff: 54, Sum: 54, Workers: 4
[3527.182s][debug][gc,phases      ] GC(124)   JVMTI Tag Weak OopStorage      Min:  0.0, Avg:  0.0, Max:  0.0, Diff:  0.0, Sum:  0.0, Workers: 4
[3527.182s][debug][gc,phases      ] GC(124)     Dead                           Min: 0, Avg:  0.0, Max: 0, Diff: 0, Sum: 0, Workers: 4
[3527.182s][debug][gc,phases      ] GC(124)     Total                          Min: 0, Avg:  0.0, Max: 0, Diff: 0, Sum: 0, Workers: 4
[3527.182s][debug][gc,phases      ] GC(124)   StringTable Weak               Min:  0.0, Avg:  0.1, Max:  0.2, Diff:  0.2, Sum:  0.4, Workers: 4
[3527.182s][debug][gc,phases      ] GC(124)     Dead                           Min: 0, Avg:  0.0, Max: 0, Diff: 0, Sum: 0, Workers: 4
[3527.182s][debug][gc,phases      ] GC(124)     Total                          Min: 0, Avg: 11038.5, Max: 23229, Diff: 23229, Sum: 44154, Workers: 4
[3527.182s][debug][gc,phases      ] GC(124)   ResolvedMethodTable Weak       Min:  0.0, Avg:  0.0, Max:  0.1, Diff:  0.1, Sum:  0.1, Workers: 4
[3527.182s][debug][gc,phases      ] GC(124)     Dead                           Min: 0, Avg:  0.0, Max: 0, Diff: 0, Sum: 0, Workers: 4
[3527.182s][debug][gc,phases      ] GC(124)     Total                          Min: 0, Avg: 2491.8, Max: 5552, Diff: 5552, Sum: 9967, Workers: 4
[3527.182s][debug][gc,phases      ] GC(124)   JNI Weak                       Min:  0.0, Avg:  0.0, Max:  0.0, Diff:  0.0, Sum:  0.0, Workers: 4
[3527.182s][debug][gc,phases      ] GC(124)     Dead                           Min: 0, Avg:  0.0, Max: 0, Diff: 0, Sum: 0, Workers: 4
[3527.182s][debug][gc,phases      ] GC(124)     Total                          Min: 0, Avg: 11.2, Max: 45, Diff: 45, Sum: 45, Workers: 4
[3527.182s][debug][gc,phases      ] GC(124)   StringDedup Table Weak         Min:  0.0, Avg:  0.0, Max:  0.0, Diff:  0.0, Sum:  0.0, Workers: 4
[3527.182s][debug][gc,phases      ] GC(124)     Dead                           Min: 0, Avg:  0.0, Max: 0, Diff: 0, Sum: 0, Workers: 4
[3527.182s][debug][gc,phases      ] GC(124)     Total                          Min: 0, Avg:  0.0, Max: 0, Diff: 0, Sum: 0, Workers: 4
[3527.182s][debug][gc,phases      ] GC(124)   StringDedup Requests0 Weak     Min:  0.0, Avg:  0.0, Max:  0.0, Diff:  0.0, Sum:  0.0, Workers: 4
[3527.182s][debug][gc,phases      ] GC(124)     Dead                           Min: 0, Avg:  0.0, Max: 0, Diff: 0, Sum: 0, Workers: 4
[3527.182s][debug][gc,phases      ] GC(124)     Total                          Min: 0, Avg:  0.0, Max: 0, Diff: 0, Sum: 0, Workers: 4
[3527.182s][debug][gc,phases      ] GC(124)   StringDedup Requests1 Weak     Min:  0.0, Avg:  0.0, Max:  0.0, Diff:  0.0, Sum:  0.0, Workers: 4
[3527.182s][debug][gc,phases      ] GC(124)     Dead                           Min: 0, Avg:  0.0, Max: 0, Diff: 0, Sum: 0, Workers: 4
[3527.182s][debug][gc,phases      ] GC(124)     Total                          Min: 0, Avg:  0.0, Max: 0, Diff: 0, Sum: 0, Workers: 4
[3527.182s][debug][gc,phases      ] GC(124)   Weak JFR Old Object Samples    Min:  0.0, Avg:  0.0, Max:  0.0, Diff:  0.0, Sum:  0.0, Workers: 4
[3527.182s][debug][gc,phases      ] GC(124)     Dead                           Min: 0, Avg:  0.0, Max: 0, Diff: 0, Sum: 0, Workers: 4
[3527.182s][debug][gc,phases      ] GC(124)     Total                          Min: 0, Avg:  0.0, Max: 0, Diff: 0, Sum: 0, Workers: 4
[3527.182s][debug][gc,phases      ] GC(124) Weak Processing 0.417ms
[3527.182s][debug][gc,age         ] GC(124) Desired survivor size 223346688 bytes, new threshold 15 (max threshold 15)
[3527.182s][info ][gc,heap        ] GC(124) PSYoungGen: 1772753K(1875456K)->122353K(1872384K) Eden: 1650688K(1650688K)->0K(1650688K) From: 122065K(224768K)->122353K(221696K)
[3527.182s][info ][gc,heap        ] GC(124) ParOldGen: 481032K(571392K)->481256K(571392K)
[3527.182s][info ][gc,metaspace   ] GC(124) Metaspace: 84354K(85632K)->84354K(85632K) NonClass: 72474K(73152K)->72474K(73152K) Class: 11880K(12480K)->11880K(12480K)
[3527.182s][info ][gc             ] GC(124) Pause Young (Allocation Failure) 2200M->589M(2386M) 23.978ms
[3527.182s][info ][gc,cpu         ] GC(124) User=0.09s Sys=0.00s Real=0.02s
[3527.182s][info ][safepoint      ] Safepoint "ParallelGCFailedAllocation", Time since last: 1109805523 ns, Reaching safepoint: 102201 ns, At safepoint: 24046789 ns, Total: 24148990 ns
[3536.183s][info ][safepoint      ] Safepoint "Cleanup", Time since last: 9000621947 ns, Reaching safepoint: 51900 ns, At safepoint: 3400 ns, Total: 55300 ns
[3538.183s][info ][safepoint      ] Safepoint "Cleanup", Time since last: 2000178228 ns, Reaching safepoint: 59001 ns, At safepoint: 29400 ns, Total: 88401 ns
[3561.185s][info ][safepoint      ] Safepoint "Cleanup", Time since last: 23001692380 ns, Reaching safepoint: 43400 ns, At safepoint: 28600 ns, Total: 72000 ns
[3565.185s][info ][safepoint      ] Safepoint "Cleanup", Time since last: 4000314072 ns, Reaching safepoint: 49901 ns, At safepoint: 6000 ns, Total: 55901 ns
[3572.186s][info ][safepoint      ] Safepoint "Cleanup", Time since last: 7000548997 ns, Reaching safepoint: 64401 ns, At safepoint: 24800 ns, Total: 89201 ns
[3574.311s][info ][gc,start       ] GC(125) Pause Young (Allocation Failure)
[3574.339s][debug][gc,phases      ] GC(125) Scavenge 27.776ms
[3574.339s][debug][gc,ref         ] GC(125) Skipped phase 1 of Reference Processing: no references
[3574.339s][debug][gc,ref         ] GC(125) ReferenceProcessor::execute queues: 1, RefProcThreadModel::Single, marks_oops_alive: false
[3574.339s][debug][gc,ref         ] GC(125) Skipped phase 3 of Reference Processing: no references
[3574.339s][debug][gc,ref         ] GC(125) ReferenceProcessor::execute queues: 1, RefProcThreadModel::Single, marks_oops_alive: false
[3574.339s][debug][gc,phases      ] GC(125) Reference Processing 0.142ms
[3574.339s][debug][gc,phases      ] GC(125)   VM Weak                        Min:  0.0, Avg:  0.0, Max:  0.0, Diff:  0.0, Sum:  0.0, Workers: 4
[3574.339s][debug][gc,phases      ] GC(125)     Dead                           Min: 0, Avg:  0.0, Max: 0, Diff: 0, Sum: 0, Workers: 4
[3574.339s][debug][gc,phases      ] GC(125)     Total                          Min: 0, Avg: 200.0, Max: 558, Diff: 558, Sum: 800, Workers: 4
[3574.339s][debug][gc,phases      ] GC(125)   ObjectSynchronizer Weak        Min:  0.0, Avg:  0.0, Max:  0.0, Diff:  0.0, Sum:  0.0, Workers: 4
[3574.339s][debug][gc,phases      ] GC(125)     Dead                           Min: 0, Avg:  0.0, Max: 0, Diff: 0, Sum: 0, Workers: 4
[3574.339s][debug][gc,phases      ] GC(125)     Total                          Min: 0, Avg: 13.5, Max: 54, Diff: 54, Sum: 54, Workers: 4
[3574.339s][debug][gc,phases      ] GC(125)   JVMTI Tag Weak OopStorage      Min:  0.0, Avg:  0.0, Max:  0.0, Diff:  0.0, Sum:  0.0, Workers: 4
[3574.339s][debug][gc,phases      ] GC(125)     Dead                           Min: 0, Avg:  0.0, Max: 0, Diff: 0, Sum: 0, Workers: 4
[3574.339s][debug][gc,phases      ] GC(125)     Total                          Min: 0, Avg:  0.0, Max: 0, Diff: 0, Sum: 0, Workers: 4
[3574.339s][debug][gc,phases      ] GC(125)   StringTable Weak               Min:  0.0, Avg:  0.1, Max:  0.2, Diff:  0.2, Sum:  0.4, Workers: 4
[3574.339s][debug][gc,phases      ] GC(125)     Dead                           Min: 0, Avg:  0.0, Max: 0, Diff: 0, Sum: 0, Workers: 4
[3574.339s][debug][gc,phases      ] GC(125)     Total                          Min: 0, Avg: 11039.0, Max: 22334, Diff: 22334, Sum: 44156, Workers: 4
[3574.339s][debug][gc,phases      ] GC(125)   ResolvedMethodTable Weak       Min:  0.0, Avg:  0.0, Max:  0.0, Diff:  0.0, Sum:  0.1, Workers: 4
[3574.339s][debug][gc,phases      ] GC(125)     Dead                           Min: 0, Avg:  0.0, Max: 0, Diff: 0, Sum: 0, Workers: 4
[3574.339s][debug][gc,phases      ] GC(125)     Total                          Min: 0, Avg: 2491.8, Max: 5112, Diff: 5112, Sum: 9967, Workers: 4
[3574.339s][debug][gc,phases      ] GC(125)   JNI Weak                       Min:  0.0, Avg:  0.0, Max:  0.0, Diff:  0.0, Sum:  0.0, Workers: 4
[3574.339s][debug][gc,phases      ] GC(125)     Dead                           Min: 0, Avg:  0.0, Max: 0, Diff: 0, Sum: 0, Workers: 4
[3574.339s][debug][gc,phases      ] GC(125)     Total                          Min: 0, Avg: 11.2, Max: 45, Diff: 45, Sum: 45, Workers: 4
[3574.339s][debug][gc,phases      ] GC(125)   StringDedup Table Weak         Min:  0.0, Avg:  0.0, Max:  0.0, Diff:  0.0, Sum:  0.0, Workers: 4
[3574.339s][debug][gc,phases      ] GC(125)     Dead                           Min: 0, Avg:  0.0, Max: 0, Diff: 0, Sum: 0, Workers: 4
[3574.339s][debug][gc,phases      ] GC(125)     Total                          Min: 0, Avg:  0.0, Max: 0, Diff: 0, Sum: 0, Workers: 4
[3574.339s][debug][gc,phases      ] GC(125)   StringDedup Requests0 Weak     Min:  0.0, Avg:  0.0, Max:  0.0, Diff:  0.0, Sum:  0.0, Workers: 4
[3574.339s][debug][gc,phases      ] GC(125)     Dead                           Min: 0, Avg:  0.0, Max: 0, Diff: 0, Sum: 0, Workers: 4
[3574.339s][debug][gc,phases      ] GC(125)     Total                          Min: 0, Avg:  0.0, Max: 0, Diff: 0, Sum: 0, Workers: 4
[3574.339s][debug][gc,phases      ] GC(125)   StringDedup Requests1 Weak     Min:  0.0, Avg:  0.0, Max:  0.0, Diff:  0.0, Sum:  0.0, Workers: 4
[3574.339s][debug][gc,phases      ] GC(125)     Dead                           Min: 0, Avg:  0.0, Max: 0, Diff: 0, Sum: 0, Workers: 4
[3574.339s][debug][gc,phases      ] GC(125)     Total                          Min: 0, Avg:  0.0, Max: 0, Diff: 0, Sum: 0, Workers: 4
[3574.339s][debug][gc,phases      ] GC(125)   Weak JFR Old Object Samples    Min:  0.0, Avg:  0.0, Max:  0.0, Diff:  0.0, Sum:  0.0, Workers: 4
[3574.339s][debug][gc,phases      ] GC(125)     Dead                           Min: 0, Avg:  0.0, Max: 0, Diff: 0, Sum: 0, Workers: 4
[3574.339s][debug][gc,phases      ] GC(125)     Total                          Min: 0, Avg:  0.0, Max: 0, Diff: 0, Sum: 0, Workers: 4
[3574.339s][debug][gc,phases      ] GC(125) Weak Processing 0.532ms
[3574.339s][debug][gc,age         ] GC(125) Desired survivor size 220725248 bytes, new threshold 15 (max threshold 15)
[3574.339s][info ][gc,heap        ] GC(125) PSYoungGen: 1773041K(1872384K)->117457K(1881600K) Eden: 1650688K(1650688K)->0K(1663488K) From: 122353K(221696K)->117457K(218112K)
[3574.339s][info ][gc,heap        ] GC(125) ParOldGen: 481256K(571392K)->486536K(571392K)
[3574.339s][info ][gc,metaspace   ] GC(125) Metaspace: 84364K(85632K)->84364K(85632K) NonClass: 72484K(73152K)->72484K(73152K) Class: 11880K(12480K)->11880K(12480K)
[3574.339s][info ][gc             ] GC(125) Pause Young (Allocation Failure) 2201M->589M(2395M) 28.620ms
[3574.339s][info ][gc,cpu         ] GC(125) User=0.10s Sys=0.00s Real=0.03s
[3574.339s][info ][safepoint      ] Safepoint "ParallelGCFailedAllocation", Time since last: 2124731599 ns, Reaching safepoint: 31300 ns, At safepoint: 28706427 ns, Total: 28737727 ns
[3581.340s][info ][safepoint      ] Safepoint "Cleanup", Time since last: 7000556445 ns, Reaching safepoint: 54101 ns, At safepoint: 3100 ns, Total: 57201 ns
[3582.340s][info ][safepoint      ] Safepoint "Cleanup", Time since last: 1000133886 ns, Reaching safepoint: 64800 ns, At safepoint: 5000 ns, Total: 69800 ns
[3584.340s][info ][safepoint      ] Safepoint "Cleanup", Time since last: 2000160171 ns, Reaching safepoint: 58301 ns, At safepoint: 2800 ns, Total: 61101 ns
[3585.341s][info ][safepoint      ] Safepoint "Cleanup", Time since last: 1000111486 ns, Reaching safepoint: 43300 ns, At safepoint: 5400 ns, Total: 48700 ns
[3586.341s][info ][safepoint      ] Safepoint "Cleanup", Time since last: 1000107386 ns, Reaching safepoint: 54800 ns, At safepoint: 2800 ns, Total: 57600 ns
[3590.341s][info ][safepoint      ] Safepoint "Cleanup", Time since last: 4000346537 ns, Reaching safepoint: 70501 ns, At safepoint: 4200 ns, Total: 74701 ns
[3607.342s][info ][safepoint      ] Safepoint "Cleanup", Time since last: 17001135313 ns, Reaching safepoint: 56601 ns, At safepoint: 2700 ns, Total: 59301 ns
[3609.663s][info ][gc,start       ] GC(126) Pause Young (Allocation Failure)
[3609.753s][debug][gc,phases      ] GC(126) Scavenge 89.819ms
[3609.753s][debug][gc,ref         ] GC(126) Skipped phase 1 of Reference Processing: no references
[3609.753s][debug][gc,ref         ] GC(126) ReferenceProcessor::execute queues: 1, RefProcThreadModel::Single, marks_oops_alive: false
[3609.753s][debug][gc,ref         ] GC(126) Skipped phase 3 of Reference Processing: no references
[3609.753s][debug][gc,ref         ] GC(126) ReferenceProcessor::execute queues: 1, RefProcThreadModel::Single, marks_oops_alive: false
[3609.753s][debug][gc,phases      ] GC(126) Reference Processing 0.213ms
[3609.754s][debug][gc,phases      ] GC(126)   VM Weak                        Min:  0.0, Avg:  0.0, Max:  0.0, Diff:  0.0, Sum:  0.0, Workers: 4
[3609.754s][debug][gc,phases      ] GC(126)     Dead                           Min: 0, Avg:  0.0, Max: 0, Diff: 0, Sum: 0, Workers: 4
[3609.754s][debug][gc,phases      ] GC(126)     Total                          Min: 0, Avg: 200.0, Max: 800, Diff: 800, Sum: 800, Workers: 4
[3609.754s][debug][gc,phases      ] GC(126)   ObjectSynchronizer Weak        Min:  0.0, Avg:  0.0, Max:  0.0, Diff:  0.0, Sum:  0.0, Workers: 4
[3609.754s][debug][gc,phases      ] GC(126)     Dead                           Min: 0, Avg:  0.0, Max: 0, Diff: 0, Sum: 0, Workers: 4
[3609.754s][debug][gc,phases      ] GC(126)     Total                          Min: 0, Avg: 13.5, Max: 54, Diff: 54, Sum: 54, Workers: 4
[3609.754s][debug][gc,phases      ] GC(126)   JVMTI Tag Weak OopStorage      Min:  0.0, Avg:  0.0, Max:  0.0, Diff:  0.0, Sum:  0.0, Workers: 4
[3609.754s][debug][gc,phases      ] GC(126)     Dead                           Min: 0, Avg:  0.0, Max: 0, Diff: 0, Sum: 0, Workers: 4
[3609.754s][debug][gc,phases      ] GC(126)     Total                          Min: 0, Avg:  0.0, Max: 0, Diff: 0, Sum: 0, Workers: 4
[3609.754s][debug][gc,phases      ] GC(126)   StringTable Weak               Min:  0.0, Avg:  0.1, Max:  0.5, Diff:  0.5, Sum:  0.5, Workers: 4
[3609.754s][debug][gc,phases      ] GC(126)     Dead                           Min: 0, Avg:  0.0, Max: 0, Diff: 0, Sum: 0, Workers: 4
[3609.754s][debug][gc,phases      ] GC(126)     Total                          Min: 0, Avg: 11039.5, Max: 44158, Diff: 44158, Sum: 44158, Workers: 4
[3609.754s][debug][gc,phases      ] GC(126)   ResolvedMethodTable Weak       Min:  0.0, Avg:  0.0, Max:  0.1, Diff:  0.1, Sum:  0.1, Workers: 4
[3609.754s][debug][gc,phases      ] GC(126)     Dead                           Min: 0, Avg:  0.0, Max: 0, Diff: 0, Sum: 0, Workers: 4
[3609.754s][debug][gc,phases      ] GC(126)     Total                          Min: 0, Avg: 2491.8, Max: 9967, Diff: 9967, Sum: 9967, Workers: 4
[3609.754s][debug][gc,phases      ] GC(126)   JNI Weak                       Min:  0.0, Avg:  0.0, Max:  0.0, Diff:  0.0, Sum:  0.0, Workers: 4
[3609.754s][debug][gc,phases      ] GC(126)     Dead                           Min: 0, Avg:  0.0, Max: 0, Diff: 0, Sum: 0, Workers: 4
[3609.754s][debug][gc,phases      ] GC(126)     Total                          Min: 0, Avg: 11.2, Max: 45, Diff: 45, Sum: 45, Workers: 4
[3609.754s][debug][gc,phases      ] GC(126)   StringDedup Table Weak         Min:  0.0, Avg:  0.0, Max:  0.0, Diff:  0.0, Sum:  0.0, Workers: 4
[3609.754s][debug][gc,phases      ] GC(126)     Dead                           Min: 0, Avg:  0.0, Max: 0, Diff: 0, Sum: 0, Workers: 4
[3609.754s][debug][gc,phases      ] GC(126)     Total                          Min: 0, Avg:  0.0, Max: 0, Diff: 0, Sum: 0, Workers: 4
[3609.754s][debug][gc,phases      ] GC(126)   StringDedup Requests0 Weak     Min:  0.0, Avg:  0.0, Max:  0.0, Diff:  0.0, Sum:  0.0, Workers: 4
[3609.754s][debug][gc,phases      ] GC(126)     Dead                           Min: 0, Avg:  0.0, Max: 0, Diff: 0, Sum: 0, Workers: 4
[3609.754s][debug][gc,phases      ] GC(126)     Total                          Min: 0, Avg:  0.0, Max: 0, Diff: 0, Sum: 0, Workers: 4
[3609.754s][debug][gc,phases      ] GC(126)   StringDedup Requests1 Weak     Min:  0.0, Avg:  0.0, Max:  0.0, Diff:  0.0, Sum:  0.0, Workers: 4
[3609.754s][debug][gc,phases      ] GC(126)     Dead                           Min: 0, Avg:  0.0, Max: 0, Diff: 0, Sum: 0, Workers: 4
[3609.754s][debug][gc,phases      ] GC(126)     Total                          Min: 0, Avg:  0.0, Max: 0, Diff: 0, Sum: 0, Workers: 4
[3609.754s][debug][gc,phases      ] GC(126)   Weak JFR Old Object Samples    Min:  0.0, Avg:  0.0, Max:  0.0, Diff:  0.0, Sum:  0.0, Workers: 4
[3609.754s][debug][gc,phases      ] GC(126)     Dead                           Min: 0, Avg:  0.0, Max: 0, Diff: 0, Sum: 0, Workers: 4
[3609.754s][debug][gc,phases      ] GC(126)     Total                          Min: 0, Avg:  0.0, Max: 0, Diff: 0, Sum: 0, Workers: 4
[3609.754s][debug][gc,phases      ] GC(126) Weak Processing 0.869ms
[3609.754s][debug][gc,age         ] GC(126) Desired survivor size 222298112 bytes, new threshold 15 (max threshold 15)
[3609.754s][info ][gc,heap        ] GC(126) PSYoungGen: 1780945K(1881600K)->166417K(1879040K) Eden: 1663488K(1663488K)->0K(1663488K) From: 117457K(218112K)->166417K(215552K)
[3609.754s][info ][gc,heap        ] GC(126) ParOldGen: 486536K(571392K)->486772K(571392K)
[3609.754s][info ][gc,metaspace   ] GC(126) Metaspace: 84374K(85632K)->84374K(85632K) NonClass: 72493K(73152K)->72493K(73152K) Class: 11880K(12480K)->11880K(12480K)
[3609.754s][info ][gc             ] GC(126) Pause Young (Allocation Failure) 2214M->637M(2393M) 91.071ms
[3609.754s][info ][gc,cpu         ] GC(126) User=0.15s Sys=0.00s Real=0.09s
[3609.754s][info ][safepoint      ] Safepoint "ParallelGCFailedAllocation", Time since last: 2309830430 ns, Reaching safepoint: 10456083 ns, At safepoint: 91170219 ns, Total: 101626302 ns
[3610.755s][info ][safepoint      ] Safepoint "Cleanup", Time since last: 1000197495 ns, Reaching safepoint: 1072608 ns, At safepoint: 8700 ns, Total: 1081308 ns
[3617.272s][info ][gc,start       ] GC(127) Pause Young (Allocation Failure)
[3617.434s][debug][gc,phases      ] GC(127) Scavenge 161.611ms
[3617.434s][debug][gc,ref         ] GC(127) Skipped phase 1 of Reference Processing: no references
[3617.434s][debug][gc,ref         ] GC(127) ReferenceProcessor::execute queues: 1, RefProcThreadModel::Single, marks_oops_alive: false
[3617.434s][debug][gc,ref         ] GC(127) Skipped phase 3 of Reference Processing: no references
[3617.434s][debug][gc,ref         ] GC(127) ReferenceProcessor::execute queues: 1, RefProcThreadModel::Single, marks_oops_alive: false
[3617.434s][debug][gc,phases      ] GC(127) Reference Processing 0.164ms
[3617.435s][debug][gc,phases      ] GC(127)   VM Weak                        Min:  0.0, Avg:  0.0, Max:  0.0, Diff:  0.0, Sum:  0.0, Workers: 4
[3617.435s][debug][gc,phases      ] GC(127)     Dead                           Min: 0, Avg:  0.0, Max: 0, Diff: 0, Sum: 0, Workers: 4
[3617.435s][debug][gc,phases      ] GC(127)     Total                          Min: 0, Avg: 200.0, Max: 800, Diff: 800, Sum: 800, Workers: 4
[3617.435s][debug][gc,phases      ] GC(127)   ObjectSynchronizer Weak        Min:  0.0, Avg:  0.0, Max:  0.0, Diff:  0.0, Sum:  0.0, Workers: 4
[3617.435s][debug][gc,phases      ] GC(127)     Dead                           Min: 0, Avg:  0.0, Max: 0, Diff: 0, Sum: 0, Workers: 4
[3617.435s][debug][gc,phases      ] GC(127)     Total                          Min: 0, Avg: 13.5, Max: 54, Diff: 54, Sum: 54, Workers: 4
[3617.435s][debug][gc,phases      ] GC(127)   JVMTI Tag Weak OopStorage      Min:  0.0, Avg:  0.0, Max:  0.0, Diff:  0.0, Sum:  0.0, Workers: 4
[3617.435s][debug][gc,phases      ] GC(127)     Dead                           Min: 0, Avg:  0.0, Max: 0, Diff: 0, Sum: 0, Workers: 4
[3617.435s][debug][gc,phases      ] GC(127)     Total                          Min: 0, Avg:  0.0, Max: 0, Diff: 0, Sum: 0, Workers: 4
[3617.435s][debug][gc,phases      ] GC(127)   StringTable Weak               Min:  0.0, Avg:  0.1, Max:  0.4, Diff:  0.4, Sum:  0.4, Workers: 4
[3617.435s][debug][gc,phases      ] GC(127)     Dead                           Min: 0, Avg:  0.0, Max: 0, Diff: 0, Sum: 0, Workers: 4
[3617.435s][debug][gc,phases      ] GC(127)     Total                          Min: 0, Avg: 11041.8, Max: 44167, Diff: 44167, Sum: 44167, Workers: 4
[3617.435s][debug][gc,phases      ] GC(127)   ResolvedMethodTable Weak       Min:  0.0, Avg:  0.0, Max:  0.1, Diff:  0.1, Sum:  0.1, Workers: 4
[3617.435s][debug][gc,phases      ] GC(127)     Dead                           Min: 0, Avg:  0.0, Max: 0, Diff: 0, Sum: 0, Workers: 4
[3617.435s][debug][gc,phases      ] GC(127)     Total                          Min: 0, Avg: 2491.8, Max: 9967, Diff: 9967, Sum: 9967, Workers: 4
[3617.435s][debug][gc,phases      ] GC(127)   JNI Weak                       Min:  0.0, Avg:  0.0, Max:  0.0, Diff:  0.0, Sum:  0.0, Workers: 4
[3617.435s][debug][gc,phases      ] GC(127)     Dead                           Min: 0, Avg:  0.0, Max: 0, Diff: 0, Sum: 0, Workers: 4
[3617.435s][debug][gc,phases      ] GC(127)     Total                          Min: 0, Avg: 11.2, Max: 45, Diff: 45, Sum: 45, Workers: 4
[3617.435s][debug][gc,phases      ] GC(127)   StringDedup Table Weak         Min:  0.0, Avg:  0.0, Max:  0.0, Diff:  0.0, Sum:  0.0, Workers: 4
[3617.435s][debug][gc,phases      ] GC(127)     Dead                           Min: 0, Avg:  0.0, Max: 0, Diff: 0, Sum: 0, Workers: 4
[3617.435s][debug][gc,phases      ] GC(127)     Total                          Min: 0, Avg:  0.0, Max: 0, Diff: 0, Sum: 0, Workers: 4
[3617.435s][debug][gc,phases      ] GC(127)   StringDedup Requests0 Weak     Min:  0.0, Avg:  0.0, Max:  0.0, Diff:  0.0, Sum:  0.0, Workers: 4
[3617.435s][debug][gc,phases      ] GC(127)     Dead                           Min: 0, Avg:  0.0, Max: 0, Diff: 0, Sum: 0, Workers: 4
[3617.435s][debug][gc,phases      ] GC(127)     Total                          Min: 0, Avg:  0.0, Max: 0, Diff: 0, Sum: 0, Workers: 4
[3617.435s][debug][gc,phases      ] GC(127)   StringDedup Requests1 Weak     Min:  0.0, Avg:  0.0, Max:  0.0, Diff:  0.0, Sum:  0.0, Workers: 4
[3617.435s][debug][gc,phases      ] GC(127)     Dead                           Min: 0, Avg:  0.0, Max: 0, Diff: 0, Sum: 0, Workers: 4
[3617.435s][debug][gc,phases      ] GC(127)     Total                          Min: 0, Avg:  0.0, Max: 0, Diff: 0, Sum: 0, Workers: 4
[3617.435s][debug][gc,phases      ] GC(127)   Weak JFR Old Object Samples    Min:  0.0, Avg:  0.0, Max:  0.0, Diff:  0.0, Sum:  0.0, Workers: 4
[3617.435s][debug][gc,phases      ] GC(127)     Dead                           Min: 0, Avg:  0.0, Max: 0, Diff: 0, Sum: 0, Workers: 4
[3617.435s][debug][gc,phases      ] GC(127)     Total                          Min: 0, Avg:  0.0, Max: 0, Diff: 0, Sum: 0, Workers: 4
[3617.435s][debug][gc,phases      ] GC(127) Weak Processing 0.682ms
[3617.435s][debug][gc,age         ] GC(127) Desired survivor size 246939648 bytes, new threshold 14 (max threshold 15)
[3617.435s][info ][gc,heap        ] GC(127) PSYoungGen: 1829905K(1879040K)->217073K(1831936K) Eden: 1663488K(1663488K)->0K(1614848K) From: 166417K(215552K)->217073K(217088K)
[3617.435s][info ][gc,heap        ] GC(127) ParOldGen: 486772K(571392K)->497589K(571392K)
[3617.435s][info ][gc,metaspace   ] GC(127) Metaspace: 84384K(85632K)->84384K(85632K) NonClass: 72504K(73152K)->72504K(73152K) Class: 11880K(12480K)->11880K(12480K)
[3617.435s][info ][gc             ] GC(127) Pause Young (Allocation Failure) 2262M->697M(2347M) 162.604ms
[3617.435s][info ][gc,cpu         ] GC(127) User=0.20s Sys=0.00s Real=0.16s
[3617.435s][info ][safepoint      ] Safepoint "ParallelGCFailedAllocation", Time since last: 6516872512 ns, Reaching safepoint: 111501 ns, At safepoint: 162768687 ns, Total: 162880188 ns
[3618.435s][info ][safepoint      ] Safepoint "Cleanup", Time since last: 1000085409 ns, Reaching safepoint: 36000 ns, At safepoint: 9701 ns, Total: 45701 ns
[3630.446s][info ][safepoint      ] Safepoint "Cleanup", Time since last: 12011168837 ns, Reaching safepoint: 46301 ns, At safepoint: 28600 ns, Total: 74901 ns
[3640.447s][info ][safepoint      ] Safepoint "Cleanup", Time since last: 10000729596 ns, Reaching safepoint: 141201 ns, At safepoint: 7600 ns, Total: 148801 ns
[3640.998s][info ][gc,start       ] GC(128) Pause Young (Allocation Failure)
[3641.073s][debug][gc,phases      ] GC(128) Scavenge 75.511ms
[3641.073s][debug][gc,ref         ] GC(128) Skipped phase 1 of Reference Processing: no references
[3641.073s][debug][gc,ref         ] GC(128) ReferenceProcessor::execute queues: 1, RefProcThreadModel::Single, marks_oops_alive: false
[3641.073s][debug][gc,ref         ] GC(128) Skipped phase 3 of Reference Processing: no references
[3641.073s][debug][gc,ref         ] GC(128) ReferenceProcessor::execute queues: 1, RefProcThreadModel::Single, marks_oops_alive: false
[3641.073s][debug][gc,phases      ] GC(128) Reference Processing 0.149ms
[3641.074s][debug][gc,phases      ] GC(128)   VM Weak                        Min:  0.0, Avg:  0.0, Max:  0.0, Diff:  0.0, Sum:  0.0, Workers: 4
[3641.074s][debug][gc,phases      ] GC(128)     Dead                           Min: 0, Avg:  0.0, Max: 0, Diff: 0, Sum: 0, Workers: 4
[3641.074s][debug][gc,phases      ] GC(128)     Total                          Min: 0, Avg: 200.0, Max: 558, Diff: 558, Sum: 800, Workers: 4
[3641.074s][debug][gc,phases      ] GC(128)   ObjectSynchronizer Weak        Min:  0.0, Avg:  0.0, Max:  0.0, Diff:  0.0, Sum:  0.0, Workers: 4
[3641.074s][debug][gc,phases      ] GC(128)     Dead                           Min: 0, Avg:  0.0, Max: 0, Diff: 0, Sum: 0, Workers: 4
[3641.074s][debug][gc,phases      ] GC(128)     Total                          Min: 0, Avg: 13.5, Max: 54, Diff: 54, Sum: 54, Workers: 4
[3641.074s][debug][gc,phases      ] GC(128)   JVMTI Tag Weak OopStorage      Min:  0.0, Avg:  0.0, Max:  0.0, Diff:  0.0, Sum:  0.0, Workers: 4
[3641.074s][debug][gc,phases      ] GC(128)     Dead                           Min: 0, Avg:  0.0, Max: 0, Diff: 0, Sum: 0, Workers: 4
[3641.074s][debug][gc,phases      ] GC(128)     Total                          Min: 0, Avg:  0.0, Max: 0, Diff: 0, Sum: 0, Workers: 4
[3641.074s][debug][gc,phases      ] GC(128)   StringTable Weak               Min:  0.0, Avg:  0.1, Max:  0.3, Diff:  0.3, Sum:  0.5, Workers: 4
[3641.074s][debug][gc,phases      ] GC(128)     Dead                           Min: 0, Avg:  0.0, Max: 0, Diff: 0, Sum: 0, Workers: 4
[3641.074s][debug][gc,phases      ] GC(128)     Total                          Min: 0, Avg: 11041.8, Max: 23552, Diff: 23552, Sum: 44167, Workers: 4
[3641.074s][debug][gc,phases      ] GC(128)   ResolvedMethodTable Weak       Min:  0.0, Avg:  0.0, Max:  0.1, Diff:  0.1, Sum:  0.2, Workers: 4
[3641.074s][debug][gc,phases      ] GC(128)     Dead                           Min: 0, Avg:  0.0, Max: 0, Diff: 0, Sum: 0, Workers: 4
[3641.074s][debug][gc,phases      ] GC(128)     Total                          Min: 0, Avg: 2491.8, Max: 8310, Diff: 8310, Sum: 9967, Workers: 4
[3641.074s][debug][gc,phases      ] GC(128)   JNI Weak                       Min:  0.0, Avg:  0.0, Max:  0.0, Diff:  0.0, Sum:  0.0, Workers: 4
[3641.074s][debug][gc,phases      ] GC(128)     Dead                           Min: 0, Avg:  0.0, Max: 0, Diff: 0, Sum: 0, Workers: 4
[3641.074s][debug][gc,phases      ] GC(128)     Total                          Min: 0, Avg: 11.2, Max: 45, Diff: 45, Sum: 45, Workers: 4
[3641.074s][debug][gc,phases      ] GC(128)   StringDedup Table Weak         Min:  0.0, Avg:  0.0, Max:  0.0, Diff:  0.0, Sum:  0.0, Workers: 4
[3641.074s][debug][gc,phases      ] GC(128)     Dead                           Min: 0, Avg:  0.0, Max: 0, Diff: 0, Sum: 0, Workers: 4
[3641.074s][debug][gc,phases      ] GC(128)     Total                          Min: 0, Avg:  0.0, Max: 0, Diff: 0, Sum: 0, Workers: 4
[3641.074s][debug][gc,phases      ] GC(128)   StringDedup Requests0 Weak     Min:  0.0, Avg:  0.0, Max:  0.0, Diff:  0.0, Sum:  0.0, Workers: 4
[3641.074s][debug][gc,phases      ] GC(128)     Dead                           Min: 0, Avg:  0.0, Max: 0, Diff: 0, Sum: 0, Workers: 4
[3641.074s][debug][gc,phases      ] GC(128)     Total                          Min: 0, Avg:  0.0, Max: 0, Diff: 0, Sum: 0, Workers: 4
[3641.074s][debug][gc,phases      ] GC(128)   StringDedup Requests1 Weak     Min:  0.0, Avg:  0.0, Max:  0.0, Diff:  0.0, Sum:  0.0, Workers: 4
[3641.074s][debug][gc,phases      ] GC(128)     Dead                           Min: 0, Avg:  0.0, Max: 0, Diff: 0, Sum: 0, Workers: 4
[3641.074s][debug][gc,phases      ] GC(128)     Total                          Min: 0, Avg:  0.0, Max: 0, Diff: 0, Sum: 0, Workers: 4
[3641.074s][debug][gc,phases      ] GC(128)   Weak JFR Old Object Samples    Min:  0.0, Avg:  0.0, Max:  0.0, Diff:  0.0, Sum:  0.0, Workers: 4
[3641.074s][debug][gc,phases      ] GC(128)     Dead                           Min: 0, Avg:  0.0, Max: 0, Diff: 0, Sum: 0, Workers: 4
[3641.074s][debug][gc,phases      ] GC(128)     Total                          Min: 0, Avg:  0.0, Max: 0, Diff: 0, Sum: 0, Workers: 4
[3641.074s][debug][gc,phases      ] GC(128) Weak Processing 0.574ms
[3641.074s][debug][gc,age         ] GC(128) Desired survivor size 256376832 bytes, new threshold 15 (max threshold 15)
[3641.074s][info ][gc,heap        ] GC(128) PSYoungGen: 1831921K(1831936K)->201056K(1816064K) Eden: 1614848K(1614848K)->0K(1614848K) From: 217073K(217088K)->201056K(201216K)
[3641.074s][info ][gc,heap        ] GC(128) ParOldGen: 497589K(571392K)->499826K(571392K)
[3641.074s][info ][gc,metaspace   ] GC(128) Metaspace: 84390K(85632K)->84390K(85632K) NonClass: 72510K(73152K)->72510K(73152K) Class: 11880K(12480K)->11880K(12480K)
[3641.074s][info ][gc             ] GC(128) Pause Young (Allocation Failure) 2274M->684M(2331M) 76.366ms
[3641.074s][info ][gc,cpu         ] GC(128) User=0.17s Sys=0.04s Real=0.08s
[3641.074s][info ][safepoint      ] Safepoint "ParallelGCFailedAllocation", Time since last: 550305105 ns, Reaching safepoint: 111400 ns, At safepoint: 76537913 ns, Total: 76649313 ns
[3670.757s][info ][gc,start       ] GC(129) Pause Young (Allocation Failure)
[3670.782s][debug][gc,phases      ] GC(129) Scavenge 24.532ms
[3670.782s][debug][gc,ref         ] GC(129) Skipped phase 1 of Reference Processing: no references
[3670.782s][debug][gc,ref         ] GC(129) ReferenceProcessor::execute queues: 1, RefProcThreadModel::Single, marks_oops_alive: false
[3670.782s][debug][gc,ref         ] GC(129) Skipped phase 3 of Reference Processing: no references
[3670.782s][debug][gc,ref         ] GC(129) ReferenceProcessor::execute queues: 1, RefProcThreadModel::Single, marks_oops_alive: false
[3670.782s][debug][gc,phases      ] GC(129) Reference Processing 0.102ms
[3670.782s][debug][gc,phases      ] GC(129)   VM Weak                        Min:  0.0, Avg:  0.0, Max:  0.0, Diff:  0.0, Sum:  0.0, Workers: 4
[3670.782s][debug][gc,phases      ] GC(129)     Dead                           Min: 0, Avg:  0.0, Max: 0, Diff: 0, Sum: 0, Workers: 4
[3670.782s][debug][gc,phases      ] GC(129)     Total                          Min: 0, Avg: 200.0, Max: 736, Diff: 736, Sum: 800, Workers: 4
[3670.782s][debug][gc,phases      ] GC(129)   ObjectSynchronizer Weak        Min:  0.0, Avg:  0.0, Max:  0.0, Diff:  0.0, Sum:  0.0, Workers: 4
[3670.783s][debug][gc,phases      ] GC(129)     Dead                           Min: 0, Avg:  0.0, Max: 0, Diff: 0, Sum: 0, Workers: 4
[3670.783s][debug][gc,phases      ] GC(129)     Total                          Min: 0, Avg: 13.5, Max: 54, Diff: 54, Sum: 54, Workers: 4
[3670.783s][debug][gc,phases      ] GC(129)   JVMTI Tag Weak OopStorage      Min:  0.0, Avg:  0.0, Max:  0.0, Diff:  0.0, Sum:  0.0, Workers: 4
[3670.783s][debug][gc,phases      ] GC(129)     Dead                           Min: 0, Avg:  0.0, Max: 0, Diff: 0, Sum: 0, Workers: 4
[3670.783s][debug][gc,phases      ] GC(129)     Total                          Min: 0, Avg:  0.0, Max: 0, Diff: 0, Sum: 0, Workers: 4
[3670.783s][debug][gc,phases      ] GC(129)   StringTable Weak               Min:  0.0, Avg:  0.1, Max:  0.2, Diff:  0.2, Sum:  0.3, Workers: 4
[3670.783s][debug][gc,phases      ] GC(129)     Dead                           Min: 0, Avg:  0.0, Max: 0, Diff: 0, Sum: 0, Workers: 4
[3670.783s][debug][gc,phases      ] GC(129)     Total                          Min: 0, Avg: 11041.8, Max: 26432, Diff: 26432, Sum: 44167, Workers: 4
[3670.783s][debug][gc,phases      ] GC(129)   ResolvedMethodTable Weak       Min:  0.0, Avg:  0.0, Max:  0.0, Diff:  0.0, Sum:  0.1, Workers: 4
[3670.783s][debug][gc,phases      ] GC(129)     Dead                           Min: 0, Avg:  0.0, Max: 0, Diff: 0, Sum: 0, Workers: 4
[3670.783s][debug][gc,phases      ] GC(129)     Total                          Min: 0, Avg: 2491.8, Max: 5880, Diff: 5880, Sum: 9967, Workers: 4
[3670.783s][debug][gc,phases      ] GC(129)   JNI Weak                       Min:  0.0, Avg:  0.0, Max:  0.0, Diff:  0.0, Sum:  0.0, Workers: 4
[3670.783s][debug][gc,phases      ] GC(129)     Dead                           Min: 0, Avg:  0.0, Max: 0, Diff: 0, Sum: 0, Workers: 4
[3670.783s][debug][gc,phases      ] GC(129)     Total                          Min: 0, Avg: 11.2, Max: 45, Diff: 45, Sum: 45, Workers: 4
[3670.783s][debug][gc,phases      ] GC(129)   StringDedup Table Weak         Min:  0.0, Avg:  0.0, Max:  0.0, Diff:  0.0, Sum:  0.0, Workers: 4
[3670.783s][debug][gc,phases      ] GC(129)     Dead                           Min: 0, Avg:  0.0, Max: 0, Diff: 0, Sum: 0, Workers: 4
[3670.783s][debug][gc,phases      ] GC(129)     Total                          Min: 0, Avg:  0.0, Max: 0, Diff: 0, Sum: 0, Workers: 4
[3670.783s][debug][gc,phases      ] GC(129)   StringDedup Requests0 Weak     Min:  0.0, Avg:  0.0, Max:  0.0, Diff:  0.0, Sum:  0.0, Workers: 4
[3670.783s][debug][gc,phases      ] GC(129)     Dead                           Min: 0, Avg:  0.0, Max: 0, Diff: 0, Sum: 0, Workers: 4
[3670.783s][debug][gc,phases      ] GC(129)     Total                          Min: 0, Avg:  0.0, Max: 0, Diff: 0, Sum: 0, Workers: 4
[3670.783s][debug][gc,phases      ] GC(129)   StringDedup Requests1 Weak     Min:  0.0, Avg:  0.0, Max:  0.0, Diff:  0.0, Sum:  0.0, Workers: 4
[3670.783s][debug][gc,phases      ] GC(129)     Dead                           Min: 0, Avg:  0.0, Max: 0, Diff: 0, Sum: 0, Workers: 4
[3670.783s][debug][gc,phases      ] GC(129)     Total                          Min: 0, Avg:  0.0, Max: 0, Diff: 0, Sum: 0, Workers: 4
[3670.783s][debug][gc,phases      ] GC(129)   Weak JFR Old Object Samples    Min:  0.0, Avg:  0.0, Max:  0.0, Diff:  0.0, Sum:  0.0, Workers: 4
[3670.783s][debug][gc,phases      ] GC(129)     Dead                           Min: 0, Avg:  0.0, Max: 0, Diff: 0, Sum: 0, Workers: 4
[3670.783s][debug][gc,phases      ] GC(129)     Total                          Min: 0, Avg:  0.0, Max: 0, Diff: 0, Sum: 0, Workers: 4
[3670.783s][debug][gc,phases      ] GC(129) Weak Processing 0.379ms
[3670.783s][debug][gc,age         ] GC(129) Desired survivor size 253755392 bytes, new threshold 15 (max threshold 15)
[3670.783s][info ][gc,heap        ] GC(129) PSYoungGen: 1815904K(1816064K)->116752K(1849344K) Eden: 1614848K(1614848K)->0K(1598976K) From: 201056K(201216K)->116752K(250368K)
[3670.783s][info ][gc,heap        ] GC(129) ParOldGen: 499826K(571392K)->499826K(571392K)
[3670.783s][info ][gc,metaspace   ] GC(129) Metaspace: 84393K(85632K)->84393K(85632K) NonClass: 72512K(73152K)->72512K(73152K) Class: 11880K(12480K)->11880K(12480K)
[3670.783s][info ][gc             ] GC(129) Pause Young (Allocation Failure) 2261M->602M(2364M) 25.140ms
[3670.783s][info ][gc,cpu         ] GC(129) User=0.09s Sys=0.00s Real=0.03s
[3670.783s][info ][safepoint      ] Safepoint "ParallelGCFailedAllocation", Time since last: 29683319138 ns, Reaching safepoint: 53100 ns, At safepoint: 25213999 ns, Total: 25267099 ns
[3708.785s][info ][safepoint      ] Safepoint "Cleanup", Time since last: 38002500905 ns, Reaching safepoint: 130101 ns, At safepoint: 8200 ns, Total: 138301 ns
[3713.786s][info ][safepoint      ] Safepoint "Cleanup", Time since last: 5000399506 ns, Reaching safepoint: 47100 ns, At safepoint: 3000 ns, Total: 50100 ns
[3714.256s][info ][gc,start       ] GC(130) Pause Young (Allocation Failure)
[3714.277s][debug][gc,phases      ] GC(130) Scavenge 21.219ms
[3714.278s][debug][gc,ref         ] GC(130) Skipped phase 1 of Reference Processing: no references
[3714.278s][debug][gc,ref         ] GC(130) ReferenceProcessor::execute queues: 1, RefProcThreadModel::Single, marks_oops_alive: false
[3714.278s][debug][gc,ref         ] GC(130) Skipped phase 3 of Reference Processing: no references
[3714.278s][debug][gc,ref         ] GC(130) ReferenceProcessor::execute queues: 1, RefProcThreadModel::Single, marks_oops_alive: false
[3714.278s][debug][gc,phases      ] GC(130) Reference Processing 0.114ms
[3714.278s][debug][gc,phases      ] GC(130)   VM Weak                        Min:  0.0, Avg:  0.0, Max:  0.0, Diff:  0.0, Sum:  0.0, Workers: 4
[3714.278s][debug][gc,phases      ] GC(130)     Dead                           Min: 0, Avg:  0.0, Max: 0, Diff: 0, Sum: 0, Workers: 4
[3714.278s][debug][gc,phases      ] GC(130)     Total                          Min: 0, Avg: 200.0, Max: 736, Diff: 736, Sum: 800, Workers: 4
[3714.278s][debug][gc,phases      ] GC(130)   ObjectSynchronizer Weak        Min:  0.0, Avg:  0.0, Max:  0.0, Diff:  0.0, Sum:  0.0, Workers: 4
[3714.278s][debug][gc,phases      ] GC(130)     Dead                           Min: 0, Avg:  0.0, Max: 0, Diff: 0, Sum: 0, Workers: 4
[3714.278s][debug][gc,phases      ] GC(130)     Total                          Min: 0, Avg: 13.5, Max: 54, Diff: 54, Sum: 54, Workers: 4
[3714.278s][debug][gc,phases      ] GC(130)   JVMTI Tag Weak OopStorage      Min:  0.0, Avg:  0.0, Max:  0.0, Diff:  0.0, Sum:  0.0, Workers: 4
[3714.278s][debug][gc,phases      ] GC(130)     Dead                           Min: 0, Avg:  0.0, Max: 0, Diff: 0, Sum: 0, Workers: 4
[3714.278s][debug][gc,phases      ] GC(130)     Total                          Min: 0, Avg:  0.0, Max: 0, Diff: 0, Sum: 0, Workers: 4
[3714.278s][debug][gc,phases      ] GC(130)   StringTable Weak               Min:  0.0, Avg:  0.1, Max:  0.1, Diff:  0.1, Sum:  0.4, Workers: 4
[3714.278s][debug][gc,phases      ] GC(130)     Dead                           Min: 0, Avg:  0.0, Max: 0, Diff: 0, Sum: 0, Workers: 4
[3714.278s][debug][gc,phases      ] GC(130)     Total                          Min: 2944, Avg: 11041.8, Max: 14272, Diff: 11328, Sum: 44167, Workers: 4
[3714.278s][debug][gc,phases      ] GC(130)   ResolvedMethodTable Weak       Min:  0.0, Avg:  0.0, Max:  0.0, Diff:  0.0, Sum:  0.1, Workers: 4
[3714.278s][debug][gc,phases      ] GC(130)     Dead                           Min: 0, Avg:  0.0, Max: 0, Diff: 0, Sum: 0, Workers: 4
[3714.278s][debug][gc,phases      ] GC(130)     Total                          Min: 2240, Avg: 2492.0, Max: 2802, Diff: 562, Sum: 9968, Workers: 4
[3714.278s][debug][gc,phases      ] GC(130)   JNI Weak                       Min:  0.0, Avg:  0.0, Max:  0.0, Diff:  0.0, Sum:  0.0, Workers: 4
[3714.278s][debug][gc,phases      ] GC(130)     Dead                           Min: 0, Avg:  0.0, Max: 0, Diff: 0, Sum: 0, Workers: 4
[3714.278s][debug][gc,phases      ] GC(130)     Total                          Min: 0, Avg: 11.2, Max: 45, Diff: 45, Sum: 45, Workers: 4
[3714.278s][debug][gc,phases      ] GC(130)   StringDedup Table Weak         Min:  0.0, Avg:  0.0, Max:  0.0, Diff:  0.0, Sum:  0.0, Workers: 4
[3714.278s][debug][gc,phases      ] GC(130)     Dead                           Min: 0, Avg:  0.0, Max: 0, Diff: 0, Sum: 0, Workers: 4
[3714.278s][debug][gc,phases      ] GC(130)     Total                          Min: 0, Avg:  0.0, Max: 0, Diff: 0, Sum: 0, Workers: 4
[3714.278s][debug][gc,phases      ] GC(130)   StringDedup Requests0 Weak     Min:  0.0, Avg:  0.0, Max:  0.0, Diff:  0.0, Sum:  0.0, Workers: 4
[3714.278s][debug][gc,phases      ] GC(130)     Dead                           Min: 0, Avg:  0.0, Max: 0, Diff: 0, Sum: 0, Workers: 4
[3714.278s][debug][gc,phases      ] GC(130)     Total                          Min: 0, Avg:  0.0, Max: 0, Diff: 0, Sum: 0, Workers: 4
[3714.278s][debug][gc,phases      ] GC(130)   StringDedup Requests1 Weak     Min:  0.0, Avg:  0.0, Max:  0.0, Diff:  0.0, Sum:  0.0, Workers: 4
[3714.278s][debug][gc,phases      ] GC(130)     Dead                           Min: 0, Avg:  0.0, Max: 0, Diff: 0, Sum: 0, Workers: 4
[3714.278s][debug][gc,phases      ] GC(130)     Total                          Min: 0, Avg:  0.0, Max: 0, Diff: 0, Sum: 0, Workers: 4
[3714.278s][debug][gc,phases      ] GC(130)   Weak JFR Old Object Samples    Min:  0.0, Avg:  0.0, Max:  0.0, Diff:  0.0, Sum:  0.0, Workers: 4
[3714.278s][debug][gc,phases      ] GC(130)     Dead                           Min: 0, Avg:  0.0, Max: 0, Diff: 0, Sum: 0, Workers: 4
[3714.278s][debug][gc,phases      ] GC(130)     Total                          Min: 0, Avg:  0.0, Max: 0, Diff: 0, Sum: 0, Workers: 4
[3714.278s][debug][gc,phases      ] GC(130) Weak Processing 0.347ms
[3714.278s][debug][gc,age         ] GC(130) Desired survivor size 250609664 bytes, new threshold 15 (max threshold 15)
[3714.278s][info ][gc,heap        ] GC(130) PSYoungGen: 1715728K(1849344K)->117168K(1846784K) Eden: 1598976K(1598976K)->0K(1598976K) From: 116752K(250368K)->117168K(247808K)
[3714.278s][info ][gc,heap        ] GC(130) ParOldGen: 499826K(571392K)->499850K(571392K)
[3714.278s][info ][gc,metaspace   ] GC(130) Metaspace: 84404K(85632K)->84404K(85632K) NonClass: 72523K(73152K)->72523K(73152K) Class: 11881K(12480K)->11881K(12480K)
[3714.278s][info ][gc             ] GC(130) Pause Young (Allocation Failure) 2163M->602M(2361M) 21.809ms
[3714.278s][info ][gc,cpu         ] GC(130) User=0.09s Sys=0.00s Real=0.03s
[3714.278s][info ][safepoint      ] Safepoint "ParallelGCFailedAllocation", Time since last: 470384260 ns, Reaching safepoint: 43401 ns, At safepoint: 21873970 ns, Total: 21917371 ns
[3739.280s][info ][safepoint      ] Safepoint "Cleanup", Time since last: 25001688782 ns, Reaching safepoint: 49500 ns, At safepoint: 2300 ns, Total: 51800 ns
[3740.280s][info ][safepoint      ] Safepoint "Cleanup", Time since last: 1000113591 ns, Reaching safepoint: 37701 ns, At safepoint: 3000 ns, Total: 40701 ns
[3741.280s][info ][safepoint      ] Safepoint "Cleanup", Time since last: 1000109092 ns, Reaching safepoint: 55101 ns, At safepoint: 5300 ns, Total: 60401 ns
[3761.608s][info ][gc,start       ] GC(131) Pause Young (Allocation Failure)
[3761.634s][debug][gc,phases      ] GC(131) Scavenge 26.160ms
[3761.634s][debug][gc,ref         ] GC(131) Skipped phase 1 of Reference Processing: no references
[3761.634s][debug][gc,ref         ] GC(131) ReferenceProcessor::execute queues: 1, RefProcThreadModel::Single, marks_oops_alive: false
[3761.634s][debug][gc,ref         ] GC(131) Skipped phase 3 of Reference Processing: no references
[3761.634s][debug][gc,ref         ] GC(131) ReferenceProcessor::execute queues: 1, RefProcThreadModel::Single, marks_oops_alive: false
[3761.634s][debug][gc,phases      ] GC(131) Reference Processing 0.156ms
[3761.635s][debug][gc,phases      ] GC(131)   VM Weak                        Min:  0.0, Avg:  0.0, Max:  0.0, Diff:  0.0, Sum:  0.0, Workers: 4
[3761.635s][debug][gc,phases      ] GC(131)     Dead                           Min: 0, Avg:  0.0, Max: 0, Diff: 0, Sum: 0, Workers: 4
[3761.635s][debug][gc,phases      ] GC(131)     Total                          Min: 0, Avg: 200.0, Max: 424, Diff: 424, Sum: 800, Workers: 4
[3761.635s][debug][gc,phases      ] GC(131)   ObjectSynchronizer Weak        Min:  0.0, Avg:  0.0, Max:  0.0, Diff:  0.0, Sum:  0.0, Workers: 4
[3761.635s][debug][gc,phases      ] GC(131)     Dead                           Min: 0, Avg:  0.0, Max: 0, Diff: 0, Sum: 0, Workers: 4
[3761.635s][debug][gc,phases      ] GC(131)     Total                          Min: 0, Avg: 13.5, Max: 54, Diff: 54, Sum: 54, Workers: 4
[3761.635s][debug][gc,phases      ] GC(131)   JVMTI Tag Weak OopStorage      Min:  0.0, Avg:  0.0, Max:  0.0, Diff:  0.0, Sum:  0.0, Workers: 4
[3761.635s][debug][gc,phases      ] GC(131)     Dead                           Min: 0, Avg:  0.0, Max: 0, Diff: 0, Sum: 0, Workers: 4
[3761.635s][debug][gc,phases      ] GC(131)     Total                          Min: 0, Avg:  0.0, Max: 0, Diff: 0, Sum: 0, Workers: 4
[3761.635s][debug][gc,phases      ] GC(131)   StringTable Weak               Min:  0.0, Avg:  0.1, Max:  0.1, Diff:  0.1, Sum:  0.4, Workers: 4
[3761.635s][debug][gc,phases      ] GC(131)     Dead                           Min: 0, Avg:  0.0, Max: 0, Diff: 0, Sum: 0, Workers: 4
[3761.635s][debug][gc,phases      ] GC(131)     Total                          Min: 0, Avg: 11041.8, Max: 14983, Diff: 14983, Sum: 44167, Workers: 4
[3761.635s][debug][gc,phases      ] GC(131)   ResolvedMethodTable Weak       Min:  0.0, Avg:  0.0, Max:  0.0, Diff:  0.0, Sum:  0.1, Workers: 4
[3761.635s][debug][gc,phases      ] GC(131)     Dead                           Min: 0, Avg:  0.0, Max: 0, Diff: 0, Sum: 0, Workers: 4
[3761.635s][debug][gc,phases      ] GC(131)     Total                          Min: 0, Avg: 2492.0, Max: 3392, Diff: 3392, Sum: 9968, Workers: 4
[3761.635s][debug][gc,phases      ] GC(131)   JNI Weak                       Min:  0.0, Avg:  0.0, Max:  0.0, Diff:  0.0, Sum:  0.0, Workers: 4
[3761.635s][debug][gc,phases      ] GC(131)     Dead                           Min: 0, Avg:  0.0, Max: 0, Diff: 0, Sum: 0, Workers: 4
[3761.635s][debug][gc,phases      ] GC(131)     Total                          Min: 0, Avg: 11.2, Max: 45, Diff: 45, Sum: 45, Workers: 4
[3761.635s][debug][gc,phases      ] GC(131)   StringDedup Table Weak         Min:  0.0, Avg:  0.0, Max:  0.0, Diff:  0.0, Sum:  0.0, Workers: 4
[3761.635s][debug][gc,phases      ] GC(131)     Dead                           Min: 0, Avg:  0.0, Max: 0, Diff: 0, Sum: 0, Workers: 4
[3761.635s][debug][gc,phases      ] GC(131)     Total                          Min: 0, Avg:  0.0, Max: 0, Diff: 0, Sum: 0, Workers: 4
[3761.635s][debug][gc,phases      ] GC(131)   StringDedup Requests0 Weak     Min:  0.0, Avg:  0.0, Max:  0.0, Diff:  0.0, Sum:  0.0, Workers: 4
[3761.635s][debug][gc,phases      ] GC(131)     Dead                           Min: 0, Avg:  0.0, Max: 0, Diff: 0, Sum: 0, Workers: 4
[3761.635s][debug][gc,phases      ] GC(131)     Total                          Min: 0, Avg:  0.0, Max: 0, Diff: 0, Sum: 0, Workers: 4
[3761.635s][debug][gc,phases      ] GC(131)   StringDedup Requests1 Weak     Min:  0.0, Avg:  0.0, Max:  0.0, Diff:  0.0, Sum:  0.0, Workers: 4
[3761.635s][debug][gc,phases      ] GC(131)     Dead                           Min: 0, Avg:  0.0, Max: 0, Diff: 0, Sum: 0, Workers: 4
[3761.635s][debug][gc,phases      ] GC(131)     Total                          Min: 0, Avg:  0.0, Max: 0, Diff: 0, Sum: 0, Workers: 4
[3761.635s][debug][gc,phases      ] GC(131)   Weak JFR Old Object Samples    Min:  0.0, Avg:  0.0, Max:  0.0, Diff:  0.0, Sum:  0.0, Workers: 4
[3761.635s][debug][gc,phases      ] GC(131)     Dead                           Min: 0, Avg:  0.0, Max: 0, Diff: 0, Sum: 0, Workers: 4
[3761.635s][debug][gc,phases      ] GC(131)     Total                          Min: 0, Avg:  0.0, Max: 0, Diff: 0, Sum: 0, Workers: 4
[3761.635s][debug][gc,phases      ] GC(131) Weak Processing 0.433ms
[3761.635s][debug][gc,age         ] GC(131) Desired survivor size 246415360 bytes, new threshold 15 (max threshold 15)
[3761.635s][info ][gc,heap        ] GC(131) PSYoungGen: 1716144K(1846784K)->116752K(1856512K) Eden: 1598976K(1598976K)->0K(1611776K) From: 117168K(247808K)->116752K(244736K)
[3761.635s][info ][gc,heap        ] GC(131) ParOldGen: 499850K(571392K)->499858K(571392K)
[3761.635s][info ][gc,metaspace   ] GC(131) Metaspace: 84404K(85632K)->84404K(85632K) NonClass: 72523K(73152K)->72523K(73152K) Class: 11881K(12480K)->11881K(12480K)
[3761.635s][info ][gc             ] GC(131) Pause Young (Allocation Failure) 2164M->602M(2371M) 26.919ms
[3761.635s][info ][gc,cpu         ] GC(131) User=0.09s Sys=0.00s Real=0.02s
[3761.635s][info ][safepoint      ] Safepoint "ParallelGCFailedAllocation", Time since last: 20327593741 ns, Reaching safepoint: 105701 ns, At safepoint: 27006714 ns, Total: 27112415 ns
[3767.635s][info ][safepoint      ] Safepoint "Cleanup", Time since last: 6000462142 ns, Reaching safepoint: 44900 ns, At safepoint: 2900 ns, Total: 47800 ns
[3783.636s][info ][safepoint      ] Safepoint "Cleanup", Time since last: 16001103326 ns, Reaching safepoint: 38400 ns, At safepoint: 2500 ns, Total: 40900 ns
[3803.638s][info ][safepoint      ] Safepoint "Cleanup", Time since last: 20001260195 ns, Reaching safepoint: 51201 ns, At safepoint: 2700 ns, Total: 53901 ns
[3806.638s][info ][safepoint      ] Safepoint "Cleanup", Time since last: 3000277195 ns, Reaching safepoint: 45600 ns, At safepoint: 6100 ns, Total: 51700 ns
[3808.559s][info ][gc,start       ] GC(132) Pause Young (Allocation Failure)
[3808.580s][debug][gc,phases      ] GC(132) Scavenge 20.349ms
[3808.580s][debug][gc,ref         ] GC(132) Skipped phase 1 of Reference Processing: no references
[3808.580s][debug][gc,ref         ] GC(132) ReferenceProcessor::execute queues: 1, RefProcThreadModel::Single, marks_oops_alive: false
[3808.580s][debug][gc,ref         ] GC(132) Skipped phase 3 of Reference Processing: no references
[3808.580s][debug][gc,ref         ] GC(132) ReferenceProcessor::execute queues: 1, RefProcThreadModel::Single, marks_oops_alive: false
[3808.580s][debug][gc,phases      ] GC(132) Reference Processing 0.132ms
[3808.580s][debug][gc,phases      ] GC(132)   VM Weak                        Min:  0.0, Avg:  0.0, Max:  0.0, Diff:  0.0, Sum:  0.0, Workers: 4
[3808.580s][debug][gc,phases      ] GC(132)     Dead                           Min: 0, Avg:  0.0, Max: 0, Diff: 0, Sum: 0, Workers: 4
[3808.580s][debug][gc,phases      ] GC(132)     Total                          Min: 0, Avg: 200.0, Max: 569, Diff: 569, Sum: 800, Workers: 4
[3808.580s][debug][gc,phases      ] GC(132)   ObjectSynchronizer Weak        Min:  0.0, Avg:  0.0, Max:  0.0, Diff:  0.0, Sum:  0.0, Workers: 4
[3808.580s][debug][gc,phases      ] GC(132)     Dead                           Min: 0, Avg:  0.0, Max: 0, Diff: 0, Sum: 0, Workers: 4
[3808.580s][debug][gc,phases      ] GC(132)     Total                          Min: 0, Avg: 13.5, Max: 54, Diff: 54, Sum: 54, Workers: 4
[3808.580s][debug][gc,phases      ] GC(132)   JVMTI Tag Weak OopStorage      Min:  0.0, Avg:  0.0, Max:  0.0, Diff:  0.0, Sum:  0.0, Workers: 4
[3808.580s][debug][gc,phases      ] GC(132)     Dead                           Min: 0, Avg:  0.0, Max: 0, Diff: 0, Sum: 0, Workers: 4
[3808.580s][debug][gc,phases      ] GC(132)     Total                          Min: 0, Avg:  0.0, Max: 0, Diff: 0, Sum: 0, Workers: 4
[3808.580s][debug][gc,phases      ] GC(132)   StringTable Weak               Min:  0.0, Avg:  0.1, Max:  0.2, Diff:  0.2, Sum:  0.4, Workers: 4
[3808.580s][debug][gc,phases      ] GC(132)     Dead                           Min: 0, Avg:  0.2, Max: 1, Diff: 1, Sum: 1, Workers: 4
[3808.580s][debug][gc,phases      ] GC(132)     Total                          Min: 0, Avg: 11041.8, Max: 22472, Diff: 22472, Sum: 44167, Workers: 4
[3808.580s][debug][gc,phases      ] GC(132)   ResolvedMethodTable Weak       Min:  0.0, Avg:  0.0, Max:  0.0, Diff:  0.0, Sum:  0.1, Workers: 4
[3808.580s][debug][gc,phases      ] GC(132)     Dead                           Min: 0, Avg:  0.0, Max: 0, Diff: 0, Sum: 0, Workers: 4
[3808.580s][debug][gc,phases      ] GC(132)     Total                          Min: 0, Avg: 2492.2, Max: 5055, Diff: 5055, Sum: 9969, Workers: 4
[3808.580s][debug][gc,phases      ] GC(132)   JNI Weak                       Min:  0.0, Avg:  0.0, Max:  0.0, Diff:  0.0, Sum:  0.0, Workers: 4
[3808.580s][debug][gc,phases      ] GC(132)     Dead                           Min: 0, Avg:  0.0, Max: 0, Diff: 0, Sum: 0, Workers: 4
[3808.580s][debug][gc,phases      ] GC(132)     Total                          Min: 0, Avg: 11.2, Max: 45, Diff: 45, Sum: 45, Workers: 4
[3808.580s][debug][gc,phases      ] GC(132)   StringDedup Table Weak         Min:  0.0, Avg:  0.0, Max:  0.0, Diff:  0.0, Sum:  0.0, Workers: 4
[3808.580s][debug][gc,phases      ] GC(132)     Dead                           Min: 0, Avg:  0.0, Max: 0, Diff: 0, Sum: 0, Workers: 4
[3808.580s][debug][gc,phases      ] GC(132)     Total                          Min: 0, Avg:  0.0, Max: 0, Diff: 0, Sum: 0, Workers: 4
[3808.580s][debug][gc,phases      ] GC(132)   StringDedup Requests0 Weak     Min:  0.0, Avg:  0.0, Max:  0.0, Diff:  0.0, Sum:  0.0, Workers: 4
[3808.580s][debug][gc,phases      ] GC(132)     Dead                           Min: 0, Avg:  0.0, Max: 0, Diff: 0, Sum: 0, Workers: 4
[3808.580s][debug][gc,phases      ] GC(132)     Total                          Min: 0, Avg:  0.0, Max: 0, Diff: 0, Sum: 0, Workers: 4
[3808.580s][debug][gc,phases      ] GC(132)   StringDedup Requests1 Weak     Min:  0.0, Avg:  0.0, Max:  0.0, Diff:  0.0, Sum:  0.0, Workers: 4
[3808.580s][debug][gc,phases      ] GC(132)     Dead                           Min: 0, Avg:  0.0, Max: 0, Diff: 0, Sum: 0, Workers: 4
[3808.580s][debug][gc,phases      ] GC(132)     Total                          Min: 0, Avg:  0.0, Max: 0, Diff: 0, Sum: 0, Workers: 4
[3808.580s][debug][gc,phases      ] GC(132)   Weak JFR Old Object Samples    Min:  0.0, Avg:  0.0, Max:  0.0, Diff:  0.0, Sum:  0.0, Workers: 4
[3808.580s][debug][gc,phases      ] GC(132)     Dead                           Min: 0, Avg:  0.0, Max: 0, Diff: 0, Sum: 0, Workers: 4
[3808.580s][debug][gc,phases      ] GC(132)     Total                          Min: 0, Avg:  0.0, Max: 0, Diff: 0, Sum: 0, Workers: 4
[3808.580s][debug][gc,phases      ] GC(132) Weak Processing 0.501ms
[3808.580s][debug][gc,age         ] GC(132) Desired survivor size 242221056 bytes, new threshold 15 (max threshold 15)
[3808.580s][info ][gc,heap        ] GC(132) PSYoungGen: 1728528K(1856512K)->115536K(1852416K) Eden: 1611776K(1611776K)->0K(1611776K) From: 116752K(244736K)->115536K(240640K)
[3808.580s][info ][gc,heap        ] GC(132) ParOldGen: 499858K(571392K)->499866K(571392K)
[3808.580s][info ][gc,metaspace   ] GC(132) Metaspace: 84408K(85632K)->84408K(85632K) NonClass: 72526K(73152K)->72526K(73152K) Class: 11881K(12480K)->11881K(12480K)
[3808.580s][info ][gc             ] GC(132) Pause Young (Allocation Failure) 2176M->600M(2367M) 21.143ms
[3808.580s][info ][gc,cpu         ] GC(132) User=0.08s Sys=0.00s Real=0.02s
[3808.581s][info ][safepoint      ] Safepoint "ParallelGCFailedAllocation", Time since last: 1921120972 ns, Reaching safepoint: 35700 ns, At safepoint: 21226168 ns, Total: 21261868 ns
[3833.582s][info ][safepoint      ] Safepoint "Cleanup", Time since last: 25001762653 ns, Reaching safepoint: 45501 ns, At safepoint: 29500 ns, Total: 75001 ns
[3846.583s][info ][safepoint      ] Safepoint "Cleanup", Time since last: 13000957248 ns, Reaching safepoint: 54800 ns, At safepoint: 3300 ns, Total: 58100 ns
[3847.584s][info ][safepoint      ] Safepoint "Cleanup", Time since last: 1000133814 ns, Reaching safepoint: 55700 ns, At safepoint: 4600 ns, Total: 60300 ns
[3854.308s][info ][gc,start       ] GC(133) Pause Young (Allocation Failure)
[3854.333s][debug][gc,phases      ] GC(133) Scavenge 24.228ms
[3854.333s][debug][gc,ref         ] GC(133) Skipped phase 1 of Reference Processing: no references
[3854.333s][debug][gc,ref         ] GC(133) ReferenceProcessor::execute queues: 1, RefProcThreadModel::Single, marks_oops_alive: false
[3854.333s][debug][gc,ref         ] GC(133) Skipped phase 3 of Reference Processing: no references
[3854.333s][debug][gc,ref         ] GC(133) ReferenceProcessor::execute queues: 1, RefProcThreadModel::Single, marks_oops_alive: false
[3854.333s][debug][gc,phases      ] GC(133) Reference Processing 0.120ms
[3854.333s][debug][gc,phases      ] GC(133)   VM Weak                        Min:  0.0, Avg:  0.0, Max:  0.0, Diff:  0.0, Sum:  0.0, Workers: 4
[3854.333s][debug][gc,phases      ] GC(133)     Dead                           Min: 0, Avg:  0.0, Max: 0, Diff: 0, Sum: 0, Workers: 4
[3854.333s][debug][gc,phases      ] GC(133)     Total                          Min: 0, Avg: 200.0, Max: 317, Diff: 317, Sum: 800, Workers: 4
[3854.333s][debug][gc,phases      ] GC(133)   ObjectSynchronizer Weak        Min:  0.0, Avg:  0.0, Max:  0.0, Diff:  0.0, Sum:  0.0, Workers: 4
[3854.333s][debug][gc,phases      ] GC(133)     Dead                           Min: 0, Avg:  0.0, Max: 0, Diff: 0, Sum: 0, Workers: 4
[3854.333s][debug][gc,phases      ] GC(133)     Total                          Min: 0, Avg: 13.5, Max: 54, Diff: 54, Sum: 54, Workers: 4
[3854.333s][debug][gc,phases      ] GC(133)   JVMTI Tag Weak OopStorage      Min:  0.0, Avg:  0.0, Max:  0.0, Diff:  0.0, Sum:  0.0, Workers: 4
[3854.333s][debug][gc,phases      ] GC(133)     Dead                           Min: 0, Avg:  0.0, Max: 0, Diff: 0, Sum: 0, Workers: 4
[3854.333s][debug][gc,phases      ] GC(133)     Total                          Min: 0, Avg:  0.0, Max: 0, Diff: 0, Sum: 0, Workers: 4
[3854.333s][debug][gc,phases      ] GC(133)   StringTable Weak               Min:  0.0, Avg:  0.1, Max:  0.1, Diff:  0.1, Sum:  0.4, Workers: 4
[3854.333s][debug][gc,phases      ] GC(133)     Dead                           Min: 0, Avg:  0.0, Max: 0, Diff: 0, Sum: 0, Workers: 4
[3854.333s][debug][gc,phases      ] GC(133)     Total                          Min: 0, Avg: 11043.8, Max: 14784, Diff: 14784, Sum: 44175, Workers: 4
[3854.333s][debug][gc,phases      ] GC(133)   ResolvedMethodTable Weak       Min:  0.0, Avg:  0.0, Max:  0.0, Diff:  0.0, Sum:  0.1, Workers: 4
[3854.333s][debug][gc,phases      ] GC(133)     Dead                           Min: 0, Avg:  0.0, Max: 0, Diff: 0, Sum: 0, Workers: 4
[3854.333s][debug][gc,phases      ] GC(133)     Total                          Min: 0, Avg: 2492.2, Max: 3448, Diff: 3448, Sum: 9969, Workers: 4
[3854.333s][debug][gc,phases      ] GC(133)   JNI Weak                       Min:  0.0, Avg:  0.0, Max:  0.0, Diff:  0.0, Sum:  0.0, Workers: 4
[3854.333s][debug][gc,phases      ] GC(133)     Dead                           Min: 0, Avg:  0.0, Max: 0, Diff: 0, Sum: 0, Workers: 4
[3854.333s][debug][gc,phases      ] GC(133)     Total                          Min: 0, Avg: 11.2, Max: 45, Diff: 45, Sum: 45, Workers: 4
[3854.333s][debug][gc,phases      ] GC(133)   StringDedup Table Weak         Min:  0.0, Avg:  0.0, Max:  0.0, Diff:  0.0, Sum:  0.0, Workers: 4
[3854.333s][debug][gc,phases      ] GC(133)     Dead                           Min: 0, Avg:  0.0, Max: 0, Diff: 0, Sum: 0, Workers: 4
[3854.333s][debug][gc,phases      ] GC(133)     Total                          Min: 0, Avg:  0.0, Max: 0, Diff: 0, Sum: 0, Workers: 4
[3854.333s][debug][gc,phases      ] GC(133)   StringDedup Requests0 Weak     Min:  0.0, Avg:  0.0, Max:  0.0, Diff:  0.0, Sum:  0.0, Workers: 4
[3854.333s][debug][gc,phases      ] GC(133)     Dead                           Min: 0, Avg:  0.0, Max: 0, Diff: 0, Sum: 0, Workers: 4
[3854.333s][debug][gc,phases      ] GC(133)     Total                          Min: 0, Avg:  0.0, Max: 0, Diff: 0, Sum: 0, Workers: 4
[3854.333s][debug][gc,phases      ] GC(133)   StringDedup Requests1 Weak     Min:  0.0, Avg:  0.0, Max:  0.0, Diff:  0.0, Sum:  0.0, Workers: 4
[3854.333s][debug][gc,phases      ] GC(133)     Dead                           Min: 0, Avg:  0.0, Max: 0, Diff: 0, Sum: 0, Workers: 4
[3854.333s][debug][gc,phases      ] GC(133)     Total                          Min: 0, Avg:  0.0, Max: 0, Diff: 0, Sum: 0, Workers: 4
[3854.333s][debug][gc,phases      ] GC(133)   Weak JFR Old Object Samples    Min:  0.0, Avg:  0.0, Max:  0.0, Diff:  0.0, Sum:  0.0, Workers: 4
[3854.333s][debug][gc,phases      ] GC(133)     Dead                           Min: 0, Avg:  0.0, Max: 0, Diff: 0, Sum: 0, Workers: 4
[3854.333s][debug][gc,phases      ] GC(133)     Total                          Min: 0, Avg:  0.0, Max: 0, Diff: 0, Sum: 0, Workers: 4
[3854.333s][debug][gc,phases      ] GC(133) Weak Processing 0.401ms
[3854.333s][debug][gc,age         ] GC(133) Desired survivor size 237502464 bytes, new threshold 15 (max threshold 15)
[3854.333s][info ][gc,heap        ] GC(133) PSYoungGen: 1727312K(1852416K)->116081K(1865216K) Eden: 1611776K(1611776K)->0K(1628672K) From: 115536K(240640K)->116081K(236544K)
[3854.333s][info ][gc,heap        ] GC(133) ParOldGen: 499866K(571392K)->499874K(571392K)
[3854.333s][info ][gc,metaspace   ] GC(133) Metaspace: 84408K(85632K)->84408K(85632K) NonClass: 72527K(73152K)->72527K(73152K) Class: 11881K(12480K)->11881K(12480K)
[3854.333s][info ][gc             ] GC(133) Pause Young (Allocation Failure) 2174M->601M(2379M) 24.917ms
[3854.333s][info ][gc,cpu         ] GC(133) User=0.09s Sys=0.00s Real=0.02s
[3854.333s][info ][safepoint      ] Safepoint "ParallelGCFailedAllocation", Time since last: 6724753787 ns, Reaching safepoint: 34801 ns, At safepoint: 24993997 ns, Total: 25028798 ns
[3880.874s][info ][gc,start       ] GC(134) Pause Young (Allocation Failure)
[3880.894s][debug][gc,phases      ] GC(134) Scavenge 19.966ms
[3880.894s][debug][gc,ref         ] GC(134) Skipped phase 1 of Reference Processing: no references
[3880.894s][debug][gc,ref         ] GC(134) ReferenceProcessor::execute queues: 1, RefProcThreadModel::Single, marks_oops_alive: false
[3880.894s][debug][gc,ref         ] GC(134) Skipped phase 3 of Reference Processing: no references
[3880.894s][debug][gc,ref         ] GC(134) ReferenceProcessor::execute queues: 1, RefProcThreadModel::Single, marks_oops_alive: false
[3880.894s][debug][gc,phases      ] GC(134) Reference Processing 0.131ms
[3880.894s][debug][gc,phases      ] GC(134)   VM Weak                        Min:  0.0, Avg:  0.0, Max:  0.0, Diff:  0.0, Sum:  0.0, Workers: 4
[3880.894s][debug][gc,phases      ] GC(134)     Dead                           Min: 0, Avg:  0.0, Max: 0, Diff: 0, Sum: 0, Workers: 4
[3880.894s][debug][gc,phases      ] GC(134)     Total                          Min: 0, Avg: 200.0, Max: 509, Diff: 509, Sum: 800, Workers: 4
[3880.894s][debug][gc,phases      ] GC(134)   ObjectSynchronizer Weak        Min:  0.0, Avg:  0.0, Max:  0.0, Diff:  0.0, Sum:  0.0, Workers: 4
[3880.894s][debug][gc,phases      ] GC(134)     Dead                           Min: 0, Avg:  0.0, Max: 0, Diff: 0, Sum: 0, Workers: 4
[3880.894s][debug][gc,phases      ] GC(134)     Total                          Min: 0, Avg: 13.5, Max: 54, Diff: 54, Sum: 54, Workers: 4
[3880.894s][debug][gc,phases      ] GC(134)   JVMTI Tag Weak OopStorage      Min:  0.0, Avg:  0.0, Max:  0.0, Diff:  0.0, Sum:  0.0, Workers: 4
[3880.894s][debug][gc,phases      ] GC(134)     Dead                           Min: 0, Avg:  0.0, Max: 0, Diff: 0, Sum: 0, Workers: 4
[3880.894s][debug][gc,phases      ] GC(134)     Total                          Min: 0, Avg:  0.0, Max: 0, Diff: 0, Sum: 0, Workers: 4
[3880.894s][debug][gc,phases      ] GC(134)   StringTable Weak               Min:  0.0, Avg:  0.1, Max:  0.1, Diff:  0.1, Sum:  0.4, Workers: 4
[3880.894s][debug][gc,phases      ] GC(134)     Dead                           Min: 0, Avg:  0.0, Max: 0, Diff: 0, Sum: 0, Workers: 4
[3880.895s][debug][gc,phases      ] GC(134)     Total                          Min: 0, Avg: 11043.8, Max: 15808, Diff: 15808, Sum: 44175, Workers: 4
[3880.895s][debug][gc,phases      ] GC(134)   ResolvedMethodTable Weak       Min:  0.0, Avg:  0.0, Max:  0.0, Diff:  0.0, Sum:  0.1, Workers: 4
[3880.895s][debug][gc,phases      ] GC(134)     Dead                           Min: 0, Avg:  0.0, Max: 0, Diff: 0, Sum: 0, Workers: 4
[3880.895s][debug][gc,phases      ] GC(134)     Total                          Min: 0, Avg: 2492.2, Max: 3704, Diff: 3704, Sum: 9969, Workers: 4
[3880.895s][debug][gc,phases      ] GC(134)   JNI Weak                       Min:  0.0, Avg:  0.0, Max:  0.0, Diff:  0.0, Sum:  0.0, Workers: 4
[3880.895s][debug][gc,phases      ] GC(134)     Dead                           Min: 0, Avg:  0.0, Max: 0, Diff: 0, Sum: 0, Workers: 4
[3880.895s][debug][gc,phases      ] GC(134)     Total                          Min: 0, Avg: 11.2, Max: 45, Diff: 45, Sum: 45, Workers: 4
[3880.895s][debug][gc,phases      ] GC(134)   StringDedup Table Weak         Min:  0.0, Avg:  0.0, Max:  0.0, Diff:  0.0, Sum:  0.0, Workers: 4
[3880.895s][debug][gc,phases      ] GC(134)     Dead                           Min: 0, Avg:  0.0, Max: 0, Diff: 0, Sum: 0, Workers: 4
[3880.895s][debug][gc,phases      ] GC(134)     Total                          Min: 0, Avg:  0.0, Max: 0, Diff: 0, Sum: 0, Workers: 4
[3880.895s][debug][gc,phases      ] GC(134)   StringDedup Requests0 Weak     Min:  0.0, Avg:  0.0, Max:  0.0, Diff:  0.0, Sum:  0.0, Workers: 4
[3880.895s][debug][gc,phases      ] GC(134)     Dead                           Min: 0, Avg:  0.0, Max: 0, Diff: 0, Sum: 0, Workers: 4
[3880.895s][debug][gc,phases      ] GC(134)     Total                          Min: 0, Avg:  0.0, Max: 0, Diff: 0, Sum: 0, Workers: 4
[3880.895s][debug][gc,phases      ] GC(134)   StringDedup Requests1 Weak     Min:  0.0, Avg:  0.0, Max:  0.0, Diff:  0.0, Sum:  0.0, Workers: 4
[3880.895s][debug][gc,phases      ] GC(134)     Dead                           Min: 0, Avg:  0.0, Max: 0, Diff: 0, Sum: 0, Workers: 4
[3880.895s][debug][gc,phases      ] GC(134)     Total                          Min: 0, Avg:  0.0, Max: 0, Diff: 0, Sum: 0, Workers: 4
[3880.895s][debug][gc,phases      ] GC(134)   Weak JFR Old Object Samples    Min:  0.0, Avg:  0.0, Max:  0.0, Diff:  0.0, Sum:  0.0, Workers: 4
[3880.895s][debug][gc,phases      ] GC(134)     Dead                           Min: 0, Avg:  0.0, Max: 0, Diff: 0, Sum: 0, Workers: 4
[3880.895s][debug][gc,phases      ] GC(134)     Total                          Min: 0, Avg:  0.0, Max: 0, Diff: 0, Sum: 0, Workers: 4
[3880.895s][debug][gc,phases      ] GC(134) Weak Processing 0.439ms
[3880.895s][debug][gc,age         ] GC(134) Desired survivor size 243793920 bytes, new threshold 15 (max threshold 15)
[3880.895s][info ][gc,heap        ] GC(134) PSYoungGen: 1744753K(1865216K)->50767K(1679872K) Eden: 1628672K(1628672K)->0K(1628672K) From: 116081K(236544K)->50767K(51200K)
[3880.895s][info ][gc,heap        ] GC(134) ParOldGen: 499874K(571392K)->499882K(571392K)
[3880.895s][info ][gc,metaspace   ] GC(134) Metaspace: 84439K(85632K)->84439K(85632K) NonClass: 72557K(73152K)->72557K(73152K) Class: 11881K(12480K)->11881K(12480K)
[3880.895s][info ][gc             ] GC(134) Pause Young (Allocation Failure) 2192M->537M(2198M) 20.672ms
[3880.895s][info ][gc,cpu         ] GC(134) User=0.05s Sys=0.00s Real=0.02s
[3880.895s][info ][safepoint      ] Safepoint "ParallelGCFailedAllocation", Time since last: 26540451406 ns, Reaching safepoint: 216001 ns, At safepoint: 20750964 ns, Total: 20966965 ns
[3882.760s][info ][safepoint      ] Safepoint "ParallelGCFailedAllocation", Time since last: 1864835528 ns, Reaching safepoint: 38100 ns, At safepoint: 8600 ns, Total: 46700 ns
[3882.760s][info ][gc,start       ] GC(135) Pause Young (GCLocker Initiated GC)
[3882.794s][debug][gc,phases      ] GC(135) Scavenge 33.759ms
[3882.794s][debug][gc,ref         ] GC(135) Skipped phase 1 of Reference Processing: no references
[3882.794s][debug][gc,ref         ] GC(135) ReferenceProcessor::execute queues: 1, RefProcThreadModel::Single, marks_oops_alive: false
[3882.794s][debug][gc,ref         ] GC(135) Skipped phase 3 of Reference Processing: no references
[3882.794s][debug][gc,ref         ] GC(135) ReferenceProcessor::execute queues: 1, RefProcThreadModel::Single, marks_oops_alive: false
[3882.794s][debug][gc,phases      ] GC(135) Reference Processing 0.152ms
[3882.794s][debug][gc,phases      ] GC(135)   VM Weak                        Min:  0.0, Avg:  0.0, Max:  0.0, Diff:  0.0, Sum:  0.0, Workers: 4
[3882.794s][debug][gc,phases      ] GC(135)     Dead                           Min: 0, Avg:  0.0, Max: 0, Diff: 0, Sum: 0, Workers: 4
[3882.794s][debug][gc,phases      ] GC(135)     Total                          Min: 0, Avg: 200.0, Max: 505, Diff: 505, Sum: 800, Workers: 4
[3882.794s][debug][gc,phases      ] GC(135)   ObjectSynchronizer Weak        Min:  0.0, Avg:  0.0, Max:  0.0, Diff:  0.0, Sum:  0.0, Workers: 4
[3882.794s][debug][gc,phases      ] GC(135)     Dead                           Min: 0, Avg:  0.0, Max: 0, Diff: 0, Sum: 0, Workers: 4
[3882.794s][debug][gc,phases      ] GC(135)     Total                          Min: 0, Avg: 13.5, Max: 54, Diff: 54, Sum: 54, Workers: 4
[3882.794s][debug][gc,phases      ] GC(135)   JVMTI Tag Weak OopStorage      Min:  0.0, Avg:  0.0, Max:  0.0, Diff:  0.0, Sum:  0.0, Workers: 4
[3882.794s][debug][gc,phases      ] GC(135)     Dead                           Min: 0, Avg:  0.0, Max: 0, Diff: 0, Sum: 0, Workers: 4
[3882.794s][debug][gc,phases      ] GC(135)     Total                          Min: 0, Avg:  0.0, Max: 0, Diff: 0, Sum: 0, Workers: 4
[3882.794s][debug][gc,phases      ] GC(135)   StringTable Weak               Min:  0.0, Avg:  0.1, Max:  0.1, Diff:  0.1, Sum:  0.4, Workers: 4
[3882.794s][debug][gc,phases      ] GC(135)     Dead                           Min: 0, Avg:  0.0, Max: 0, Diff: 0, Sum: 0, Workers: 4
[3882.794s][debug][gc,phases      ] GC(135)     Total                          Min: 0, Avg: 11043.8, Max: 15056, Diff: 15056, Sum: 44175, Workers: 4
[3882.794s][debug][gc,phases      ] GC(135)   ResolvedMethodTable Weak       Min:  0.0, Avg:  0.0, Max:  0.0, Diff:  0.0, Sum:  0.1, Workers: 4
[3882.794s][debug][gc,phases      ] GC(135)     Dead                           Min: 0, Avg:  0.0, Max: 0, Diff: 0, Sum: 0, Workers: 4
[3882.794s][debug][gc,phases      ] GC(135)     Total                          Min: 0, Avg: 2492.2, Max: 3643, Diff: 3643, Sum: 9969, Workers: 4
[3882.794s][debug][gc,phases      ] GC(135)   JNI Weak                       Min:  0.0, Avg:  0.0, Max:  0.0, Diff:  0.0, Sum:  0.0, Workers: 4
[3882.794s][debug][gc,phases      ] GC(135)     Dead                           Min: 0, Avg:  0.0, Max: 0, Diff: 0, Sum: 0, Workers: 4
[3882.794s][debug][gc,phases      ] GC(135)     Total                          Min: 0, Avg: 11.2, Max: 45, Diff: 45, Sum: 45, Workers: 4
[3882.794s][debug][gc,phases      ] GC(135)   StringDedup Table Weak         Min:  0.0, Avg:  0.0, Max:  0.0, Diff:  0.0, Sum:  0.0, Workers: 4
[3882.794s][debug][gc,phases      ] GC(135)     Dead                           Min: 0, Avg:  0.0, Max: 0, Diff: 0, Sum: 0, Workers: 4
[3882.794s][debug][gc,phases      ] GC(135)     Total                          Min: 0, Avg:  0.0, Max: 0, Diff: 0, Sum: 0, Workers: 4
[3882.794s][debug][gc,phases      ] GC(135)   StringDedup Requests0 Weak     Min:  0.0, Avg:  0.0, Max:  0.0, Diff:  0.0, Sum:  0.0, Workers: 4
[3882.794s][debug][gc,phases      ] GC(135)     Dead                           Min: 0, Avg:  0.0, Max: 0, Diff: 0, Sum: 0, Workers: 4
[3882.794s][debug][gc,phases      ] GC(135)     Total                          Min: 0, Avg:  0.0, Max: 0, Diff: 0, Sum: 0, Workers: 4
[3882.794s][debug][gc,phases      ] GC(135)   StringDedup Requests1 Weak     Min:  0.0, Avg:  0.0, Max:  0.0, Diff:  0.0, Sum:  0.0, Workers: 4
[3882.794s][debug][gc,phases      ] GC(135)     Dead                           Min: 0, Avg:  0.0, Max: 0, Diff: 0, Sum: 0, Workers: 4
[3882.794s][debug][gc,phases      ] GC(135)     Total                          Min: 0, Avg:  0.0, Max: 0, Diff: 0, Sum: 0, Workers: 4
[3882.794s][debug][gc,phases      ] GC(135)   Weak JFR Old Object Samples    Min:  0.0, Avg:  0.0, Max:  0.0, Diff:  0.0, Sum:  0.0, Workers: 4
[3882.794s][debug][gc,phases      ] GC(135)     Dead                           Min: 0, Avg:  0.0, Max: 0, Diff: 0, Sum: 0, Workers: 4
[3882.794s][debug][gc,phases      ] GC(135)     Total                          Min: 0, Avg:  0.0, Max: 0, Diff: 0, Sum: 0, Workers: 4
[3882.794s][debug][gc,phases      ] GC(135) Weak Processing 0.373ms
[3882.794s][debug][gc,age         ] GC(135) Desired survivor size 233832448 bytes, new threshold 15 (max threshold 15)
[3882.794s][info ][gc,heap        ] GC(135) PSYoungGen: 1679439K(1679872K)->123616K(1868800K) Eden: 1628672K(1628672K)->0K(1630720K) From: 50767K(51200K)->123616K(238080K)
[3882.794s][info ][gc,heap        ] GC(135) ParOldGen: 499898K(571392K)->499914K(571392K)
[3882.794s][info ][gc,metaspace   ] GC(135) Metaspace: 84444K(85632K)->84444K(85632K) NonClass: 72562K(73152K)->72562K(73152K) Class: 11881K(12480K)->11881K(12480K)
[3882.794s][info ][gc             ] GC(135) Pause Young (GCLocker Initiated GC) 2128M->608M(2383M) 34.394ms
[3882.794s][info ][gc,cpu         ] GC(135) User=0.12s Sys=0.00s Real=0.03s
[3882.794s][info ][safepoint      ] Safepoint "ParallelGCSystemGC", Time since last: 60201 ns, Reaching safepoint: 13000 ns, At safepoint: 34452472 ns, Total: 34465472 ns
[3905.472s][info ][safepoint      ] Safepoint "ParallelGCFailedAllocation", Time since last: 22678092603 ns, Reaching safepoint: 120801 ns, At safepoint: 13000 ns, Total: 133801 ns
[3905.473s][info ][gc,start       ] GC(136) Pause Young (GCLocker Initiated GC)
[3905.494s][debug][gc,phases      ] GC(136) Scavenge 21.157ms
[3905.494s][debug][gc,ref         ] GC(136) Skipped phase 1 of Reference Processing: no references
[3905.494s][debug][gc,ref         ] GC(136) ReferenceProcessor::execute queues: 1, RefProcThreadModel::Single, marks_oops_alive: false
[3905.494s][debug][gc,ref         ] GC(136) Skipped phase 3 of Reference Processing: no references
[3905.494s][debug][gc,ref         ] GC(136) ReferenceProcessor::execute queues: 1, RefProcThreadModel::Single, marks_oops_alive: false
[3905.494s][debug][gc,phases      ] GC(136) Reference Processing 0.101ms
[3905.494s][debug][gc,phases      ] GC(136)   VM Weak                        Min:  0.0, Avg:  0.0, Max:  0.0, Diff:  0.0, Sum:  0.0, Workers: 4
[3905.494s][debug][gc,phases      ] GC(136)     Dead                           Min: 0, Avg:  0.0, Max: 0, Diff: 0, Sum: 0, Workers: 4
[3905.494s][debug][gc,phases      ] GC(136)     Total                          Min: 0, Avg: 200.0, Max: 800, Diff: 800, Sum: 800, Workers: 4
[3905.494s][debug][gc,phases      ] GC(136)   ObjectSynchronizer Weak        Min:  0.0, Avg:  0.0, Max:  0.0, Diff:  0.0, Sum:  0.0, Workers: 4
[3905.494s][debug][gc,phases      ] GC(136)     Dead                           Min: 0, Avg:  0.0, Max: 0, Diff: 0, Sum: 0, Workers: 4
[3905.494s][debug][gc,phases      ] GC(136)     Total                          Min: 0, Avg: 13.5, Max: 54, Diff: 54, Sum: 54, Workers: 4
[3905.494s][debug][gc,phases      ] GC(136)   JVMTI Tag Weak OopStorage      Min:  0.0, Avg:  0.0, Max:  0.0, Diff:  0.0, Sum:  0.0, Workers: 4
[3905.494s][debug][gc,phases      ] GC(136)     Dead                           Min: 0, Avg:  0.0, Max: 0, Diff: 0, Sum: 0, Workers: 4
[3905.494s][debug][gc,phases      ] GC(136)     Total                          Min: 0, Avg:  0.0, Max: 0, Diff: 0, Sum: 0, Workers: 4
[3905.494s][debug][gc,phases      ] GC(136)   StringTable Weak               Min:  0.0, Avg:  0.1, Max:  0.2, Diff:  0.2, Sum:  0.4, Workers: 4
[3905.494s][debug][gc,phases      ] GC(136)     Dead                           Min: 0, Avg:  0.0, Max: 0, Diff: 0, Sum: 0, Workers: 4
[3905.494s][debug][gc,phases      ] GC(136)     Total                          Min: 0, Avg: 11043.8, Max: 17471, Diff: 17471, Sum: 44175, Workers: 4
[3905.494s][debug][gc,phases      ] GC(136)   ResolvedMethodTable Weak       Min:  0.0, Avg:  0.0, Max:  0.0, Diff:  0.0, Sum:  0.1, Workers: 4
[3905.494s][debug][gc,phases      ] GC(136)     Dead                           Min: 0, Avg:  0.0, Max: 0, Diff: 0, Sum: 0, Workers: 4
[3905.494s][debug][gc,phases      ] GC(136)     Total                          Min: 0, Avg: 2492.2, Max: 3648, Diff: 3648, Sum: 9969, Workers: 4
[3905.494s][debug][gc,phases      ] GC(136)   JNI Weak                       Min:  0.0, Avg:  0.0, Max:  0.0, Diff:  0.0, Sum:  0.0, Workers: 4
[3905.494s][debug][gc,phases      ] GC(136)     Dead                           Min: 0, Avg:  0.0, Max: 0, Diff: 0, Sum: 0, Workers: 4
[3905.494s][debug][gc,phases      ] GC(136)     Total                          Min: 0, Avg: 11.2, Max: 45, Diff: 45, Sum: 45, Workers: 4
[3905.494s][debug][gc,phases      ] GC(136)   StringDedup Table Weak         Min:  0.0, Avg:  0.0, Max:  0.0, Diff:  0.0, Sum:  0.0, Workers: 4
[3905.494s][debug][gc,phases      ] GC(136)     Dead                           Min: 0, Avg:  0.0, Max: 0, Diff: 0, Sum: 0, Workers: 4
[3905.494s][debug][gc,phases      ] GC(136)     Total                          Min: 0, Avg:  0.0, Max: 0, Diff: 0, Sum: 0, Workers: 4
[3905.494s][debug][gc,phases      ] GC(136)   StringDedup Requests0 Weak     Min:  0.0, Avg:  0.0, Max:  0.0, Diff:  0.0, Sum:  0.0, Workers: 4
[3905.494s][debug][gc,phases      ] GC(136)     Dead                           Min: 0, Avg:  0.0, Max: 0, Diff: 0, Sum: 0, Workers: 4
[3905.494s][debug][gc,phases      ] GC(136)     Total                          Min: 0, Avg:  0.0, Max: 0, Diff: 0, Sum: 0, Workers: 4
[3905.494s][debug][gc,phases      ] GC(136)   StringDedup Requests1 Weak     Min:  0.0, Avg:  0.0, Max:  0.0, Diff:  0.0, Sum:  0.0, Workers: 4
[3905.494s][debug][gc,phases      ] GC(136)     Dead                           Min: 0, Avg:  0.0, Max: 0, Diff: 0, Sum: 0, Workers: 4
[3905.494s][debug][gc,phases      ] GC(136)     Total                          Min: 0, Avg:  0.0, Max: 0, Diff: 0, Sum: 0, Workers: 4
[3905.494s][debug][gc,phases      ] GC(136)   Weak JFR Old Object Samples    Min:  0.0, Avg:  0.0, Max:  0.0, Diff:  0.0, Sum:  0.0, Workers: 4
[3905.494s][debug][gc,phases      ] GC(136)     Dead                           Min: 0, Avg:  0.0, Max: 0, Diff: 0, Sum: 0, Workers: 4
[3905.494s][debug][gc,phases      ] GC(136)     Total                          Min: 0, Avg:  0.0, Max: 0, Diff: 0, Sum: 0, Workers: 4
[3905.494s][debug][gc,phases      ] GC(136) Weak Processing 0.364ms
[3905.494s][debug][gc,age         ] GC(136) Desired survivor size 237502464 bytes, new threshold 15 (max threshold 15)
[3905.494s][info ][gc,heap        ] GC(136) PSYoungGen: 1754336K(1868800K)->54833K(1859072K) Eden: 1630720K(1630720K)->0K(1630720K) From: 123616K(238080K)->54833K(228352K)
[3905.494s][info ][gc,heap        ] GC(136) ParOldGen: 500016K(571392K)->500064K(571392K)
[3905.494s][info ][gc,metaspace   ] GC(136) Metaspace: 84444K(85632K)->84444K(85632K) NonClass: 72562K(73152K)->72562K(73152K) Class: 11881K(12480K)->11881K(12480K)
[3905.494s][info ][gc             ] GC(136) Pause Young (GCLocker Initiated GC) 2201M->541M(2373M) 21.717ms
[3905.494s][info ][gc,cpu         ] GC(136) User=0.06s Sys=0.00s Real=0.02s
[3905.494s][info ][safepoint      ] Safepoint "ParallelGCSystemGC", Time since last: 64201 ns, Reaching safepoint: 90300 ns, At safepoint: 21784173 ns, Total: 21874473 ns
[3918.272s][info ][safepoint      ] Safepoint "Cleanup", Time since last: 12777806666 ns, Reaching safepoint: 68500 ns, At safepoint: 5600 ns, Total: 74100 ns
[3919.212s][info ][gc,start       ] GC(137) Pause Young (Allocation Failure)
[3919.242s][debug][gc,phases      ] GC(137) Scavenge 30.463ms
[3919.242s][debug][gc,ref         ] GC(137) Skipped phase 1 of Reference Processing: no references
[3919.242s][debug][gc,ref         ] GC(137) ReferenceProcessor::execute queues: 1, RefProcThreadModel::Single, marks_oops_alive: false
[3919.242s][debug][gc,ref         ] GC(137) Skipped phase 3 of Reference Processing: no references
[3919.242s][debug][gc,ref         ] GC(137) ReferenceProcessor::execute queues: 1, RefProcThreadModel::Single, marks_oops_alive: false
[3919.242s][debug][gc,phases      ] GC(137) Reference Processing 0.099ms
[3919.242s][debug][gc,phases      ] GC(137)   VM Weak                        Min:  0.0, Avg:  0.0, Max:  0.0, Diff:  0.0, Sum:  0.0, Workers: 4
[3919.242s][debug][gc,phases      ] GC(137)     Dead                           Min: 0, Avg:  0.0, Max: 0, Diff: 0, Sum: 0, Workers: 4
[3919.242s][debug][gc,phases      ] GC(137)     Total                          Min: 0, Avg: 200.0, Max: 622, Diff: 622, Sum: 800, Workers: 4
[3919.242s][debug][gc,phases      ] GC(137)   ObjectSynchronizer Weak        Min:  0.0, Avg:  0.0, Max:  0.0, Diff:  0.0, Sum:  0.0, Workers: 4
[3919.242s][debug][gc,phases      ] GC(137)     Dead                           Min: 0, Avg:  0.0, Max: 0, Diff: 0, Sum: 0, Workers: 4
[3919.242s][debug][gc,phases      ] GC(137)     Total                          Min: 0, Avg: 13.5, Max: 54, Diff: 54, Sum: 54, Workers: 4
[3919.242s][debug][gc,phases      ] GC(137)   JVMTI Tag Weak OopStorage      Min:  0.0, Avg:  0.0, Max:  0.0, Diff:  0.0, Sum:  0.0, Workers: 4
[3919.242s][debug][gc,phases      ] GC(137)     Dead                           Min: 0, Avg:  0.0, Max: 0, Diff: 0, Sum: 0, Workers: 4
[3919.242s][debug][gc,phases      ] GC(137)     Total                          Min: 0, Avg:  0.0, Max: 0, Diff: 0, Sum: 0, Workers: 4
[3919.242s][debug][gc,phases      ] GC(137)   StringTable Weak               Min:  0.0, Avg:  0.1, Max:  0.2, Diff:  0.2, Sum:  0.3, Workers: 4
[3919.242s][debug][gc,phases      ] GC(137)     Dead                           Min: 0, Avg:  0.0, Max: 0, Diff: 0, Sum: 0, Workers: 4
[3919.242s][debug][gc,phases      ] GC(137)     Total                          Min: 0, Avg: 11043.8, Max: 27536, Diff: 27536, Sum: 44175, Workers: 4
[3919.242s][debug][gc,phases      ] GC(137)   ResolvedMethodTable Weak       Min:  0.0, Avg:  0.0, Max:  0.0, Diff:  0.0, Sum:  0.1, Workers: 4
[3919.242s][debug][gc,phases      ] GC(137)     Dead                           Min: 0, Avg:  0.0, Max: 0, Diff: 0, Sum: 0, Workers: 4
[3919.242s][debug][gc,phases      ] GC(137)     Total                          Min: 0, Avg: 2492.2, Max: 6130, Diff: 6130, Sum: 9969, Workers: 4
[3919.242s][debug][gc,phases      ] GC(137)   JNI Weak                       Min:  0.0, Avg:  0.0, Max:  0.0, Diff:  0.0, Sum:  0.0, Workers: 4
[3919.242s][debug][gc,phases      ] GC(137)     Dead                           Min: 0, Avg:  0.0, Max: 0, Diff: 0, Sum: 0, Workers: 4
[3919.242s][debug][gc,phases      ] GC(137)     Total                          Min: 0, Avg: 11.2, Max: 45, Diff: 45, Sum: 45, Workers: 4
[3919.242s][debug][gc,phases      ] GC(137)   StringDedup Table Weak         Min:  0.0, Avg:  0.0, Max:  0.0, Diff:  0.0, Sum:  0.0, Workers: 4
[3919.243s][debug][gc,phases      ] GC(137)     Dead                           Min: 0, Avg:  0.0, Max: 0, Diff: 0, Sum: 0, Workers: 4
[3919.243s][debug][gc,phases      ] GC(137)     Total                          Min: 0, Avg:  0.0, Max: 0, Diff: 0, Sum: 0, Workers: 4
[3919.243s][debug][gc,phases      ] GC(137)   StringDedup Requests0 Weak     Min:  0.0, Avg:  0.0, Max:  0.0, Diff:  0.0, Sum:  0.0, Workers: 4
[3919.243s][debug][gc,phases      ] GC(137)     Dead                           Min: 0, Avg:  0.0, Max: 0, Diff: 0, Sum: 0, Workers: 4
[3919.243s][debug][gc,phases      ] GC(137)     Total                          Min: 0, Avg:  0.0, Max: 0, Diff: 0, Sum: 0, Workers: 4
[3919.243s][debug][gc,phases      ] GC(137)   StringDedup Requests1 Weak     Min:  0.0, Avg:  0.0, Max:  0.0, Diff:  0.0, Sum:  0.0, Workers: 4
[3919.243s][debug][gc,phases      ] GC(137)     Dead                           Min: 0, Avg:  0.0, Max: 0, Diff: 0, Sum: 0, Workers: 4
[3919.243s][debug][gc,phases      ] GC(137)     Total                          Min: 0, Avg:  0.0, Max: 0, Diff: 0, Sum: 0, Workers: 4
[3919.243s][debug][gc,phases      ] GC(137)   Weak JFR Old Object Samples    Min:  0.0, Avg:  0.0, Max:  0.0, Diff:  0.0, Sum:  0.0, Workers: 4
[3919.243s][debug][gc,phases      ] GC(137)     Dead                           Min: 0, Avg:  0.0, Max: 0, Diff: 0, Sum: 0, Workers: 4
[3919.243s][debug][gc,phases      ] GC(137)     Total                          Min: 0, Avg:  0.0, Max: 0, Diff: 0, Sum: 0, Workers: 4
[3919.243s][debug][gc,phases      ] GC(137) Weak Processing 0.379ms
[3919.243s][debug][gc,age         ] GC(137) Desired survivor size 228065280 bytes, new threshold 15 (max threshold 15)
[3919.243s][info ][gc,heap        ] GC(137) PSYoungGen: 1685553K(1859072K)->113280K(1874432K) Eden: 1630720K(1630720K)->0K(1642496K) From: 54833K(228352K)->113280K(231936K)
[3919.243s][info ][gc,heap        ] GC(137) ParOldGen: 500065K(571392K)->500297K(571392K)
[3919.243s][info ][gc,metaspace   ] GC(137) Metaspace: 84449K(85632K)->84449K(85632K) NonClass: 72568K(73152K)->72568K(73152K) Class: 11881K(12480K)->11881K(12480K)
[3919.243s][info ][gc             ] GC(137) Pause Young (Allocation Failure) 2134M->599M(2388M) 31.085ms
[3919.243s][info ][gc,cpu         ] GC(137) User=0.11s Sys=0.00s Real=0.03s
[3919.243s][info ][safepoint      ] Safepoint "ParallelGCFailedAllocation", Time since last: 939228229 ns, Reaching safepoint: 31900 ns, At safepoint: 31152846 ns, Total: 31184746 ns
[3935.609s][info ][safepoint      ] Safepoint "Cleanup", Time since last: 16365810434 ns, Reaching safepoint: 109301 ns, At safepoint: 6800 ns, Total: 116101 ns
[3946.610s][info ][safepoint      ] Safepoint "Cleanup", Time since last: 11000869363 ns, Reaching safepoint: 163401 ns, At safepoint: 12600 ns, Total: 176001 ns
[3957.611s][info ][safepoint      ] Safepoint "Cleanup", Time since last: 11000884128 ns, Reaching safepoint: 109101 ns, At safepoint: 4900 ns, Total: 114001 ns
[3961.611s][info ][safepoint      ] Safepoint "Cleanup", Time since last: 4000317208 ns, Reaching safepoint: 111001 ns, At safepoint: 2700 ns, Total: 113701 ns
[3965.313s][info ][gc,start       ] GC(138) Pause Young (Allocation Failure)
[3965.334s][debug][gc,phases      ] GC(138) Scavenge 21.583ms
[3965.334s][debug][gc,ref         ] GC(138) Skipped phase 1 of Reference Processing: no references
[3965.335s][debug][gc,ref         ] GC(138) ReferenceProcessor::execute queues: 1, RefProcThreadModel::Single, marks_oops_alive: false
[3965.335s][debug][gc,ref         ] GC(138) Skipped phase 3 of Reference Processing: no references
[3965.335s][debug][gc,ref         ] GC(138) ReferenceProcessor::execute queues: 1, RefProcThreadModel::Single, marks_oops_alive: false
[3965.335s][debug][gc,phases      ] GC(138) Reference Processing 0.101ms
[3965.335s][debug][gc,phases      ] GC(138)   VM Weak                        Min:  0.0, Avg:  0.0, Max:  0.0, Diff:  0.0, Sum:  0.0, Workers: 4
[3965.335s][debug][gc,phases      ] GC(138)     Dead                           Min: 0, Avg:  0.0, Max: 0, Diff: 0, Sum: 0, Workers: 4
[3965.335s][debug][gc,phases      ] GC(138)     Total                          Min: 0, Avg: 200.0, Max: 387, Diff: 387, Sum: 800, Workers: 4
[3965.335s][debug][gc,phases      ] GC(138)   ObjectSynchronizer Weak        Min:  0.0, Avg:  0.0, Max:  0.0, Diff:  0.0, Sum:  0.0, Workers: 4
[3965.335s][debug][gc,phases      ] GC(138)     Dead                           Min: 0, Avg:  0.0, Max: 0, Diff: 0, Sum: 0, Workers: 4
[3965.335s][debug][gc,phases      ] GC(138)     Total                          Min: 0, Avg: 13.5, Max: 54, Diff: 54, Sum: 54, Workers: 4
[3965.335s][debug][gc,phases      ] GC(138)   JVMTI Tag Weak OopStorage      Min:  0.0, Avg:  0.0, Max:  0.0, Diff:  0.0, Sum:  0.0, Workers: 4
[3965.335s][debug][gc,phases      ] GC(138)     Dead                           Min: 0, Avg:  0.0, Max: 0, Diff: 0, Sum: 0, Workers: 4
[3965.335s][debug][gc,phases      ] GC(138)     Total                          Min: 0, Avg:  0.0, Max: 0, Diff: 0, Sum: 0, Workers: 4
[3965.335s][debug][gc,phases      ] GC(138)   StringTable Weak               Min:  0.0, Avg:  0.1, Max:  0.1, Diff:  0.1, Sum:  0.4, Workers: 4
[3965.335s][debug][gc,phases      ] GC(138)     Dead                           Min: 0, Avg:  0.0, Max: 0, Diff: 0, Sum: 0, Workers: 4
[3965.335s][debug][gc,phases      ] GC(138)     Total                          Min: 0, Avg: 11044.2, Max: 14930, Diff: 14930, Sum: 44177, Workers: 4
[3965.335s][debug][gc,phases      ] GC(138)   ResolvedMethodTable Weak       Min:  0.0, Avg:  0.0, Max:  0.0, Diff:  0.0, Sum:  0.1, Workers: 4
[3965.335s][debug][gc,phases      ] GC(138)     Dead                           Min: 0, Avg:  0.0, Max: 0, Diff: 0, Sum: 0, Workers: 4
[3965.335s][debug][gc,phases      ] GC(138)     Total                          Min: 0, Avg: 2492.2, Max: 3392, Diff: 3392, Sum: 9969, Workers: 4
[3965.335s][debug][gc,phases      ] GC(138)   JNI Weak                       Min:  0.0, Avg:  0.0, Max:  0.0, Diff:  0.0, Sum:  0.0, Workers: 4
[3965.335s][debug][gc,phases      ] GC(138)     Dead                           Min: 0, Avg:  0.0, Max: 0, Diff: 0, Sum: 0, Workers: 4
[3965.335s][debug][gc,phases      ] GC(138)     Total                          Min: 0, Avg: 11.2, Max: 45, Diff: 45, Sum: 45, Workers: 4
[3965.335s][debug][gc,phases      ] GC(138)   StringDedup Table Weak         Min:  0.0, Avg:  0.0, Max:  0.0, Diff:  0.0, Sum:  0.0, Workers: 4
[3965.335s][debug][gc,phases      ] GC(138)     Dead                           Min: 0, Avg:  0.0, Max: 0, Diff: 0, Sum: 0, Workers: 4
[3965.335s][debug][gc,phases      ] GC(138)     Total                          Min: 0, Avg:  0.0, Max: 0, Diff: 0, Sum: 0, Workers: 4
[3965.335s][debug][gc,phases      ] GC(138)   StringDedup Requests0 Weak     Min:  0.0, Avg:  0.0, Max:  0.0, Diff:  0.0, Sum:  0.0, Workers: 4
[3965.335s][debug][gc,phases      ] GC(138)     Dead                           Min: 0, Avg:  0.0, Max: 0, Diff: 0, Sum: 0, Workers: 4
[3965.335s][debug][gc,phases      ] GC(138)     Total                          Min: 0, Avg:  0.0, Max: 0, Diff: 0, Sum: 0, Workers: 4
[3965.335s][debug][gc,phases      ] GC(138)   StringDedup Requests1 Weak     Min:  0.0, Avg:  0.0, Max:  0.0, Diff:  0.0, Sum:  0.0, Workers: 4
[3965.335s][debug][gc,phases      ] GC(138)     Dead                           Min: 0, Avg:  0.0, Max: 0, Diff: 0, Sum: 0, Workers: 4
[3965.335s][debug][gc,phases      ] GC(138)     Total                          Min: 0, Avg:  0.0, Max: 0, Diff: 0, Sum: 0, Workers: 4
[3965.335s][debug][gc,phases      ] GC(138)   Weak JFR Old Object Samples    Min:  0.0, Avg:  0.0, Max:  0.0, Diff:  0.0, Sum:  0.0, Workers: 4
[3965.335s][debug][gc,phases      ] GC(138)     Dead                           Min: 0, Avg:  0.0, Max: 0, Diff: 0, Sum: 0, Workers: 4
[3965.335s][debug][gc,phases      ] GC(138)     Total                          Min: 0, Avg:  0.0, Max: 0, Diff: 0, Sum: 0, Workers: 4
[3965.335s][debug][gc,phases      ] GC(138) Weak Processing 0.393ms
[3965.335s][debug][gc,age         ] GC(138) Desired survivor size 219152384 bytes, new threshold 15 (max threshold 15)
[3965.335s][info ][gc,heap        ] GC(138) PSYoungGen: 1755776K(1874432K)->113344K(1865216K) Eden: 1642496K(1642496K)->0K(1642496K) From: 113280K(231936K)->113344K(222720K)
[3965.335s][info ][gc,heap        ] GC(138) ParOldGen: 500297K(571392K)->500329K(571392K)
[3965.335s][info ][gc,metaspace   ] GC(138) Metaspace: 84480K(85696K)->84480K(85696K) NonClass: 72598K(73216K)->72598K(73216K) Class: 11881K(12480K)->11881K(12480K)
[3965.335s][info ][gc             ] GC(138) Pause Young (Allocation Failure) 2203M->599M(2379M) 22.208ms
[3965.335s][info ][gc,cpu         ] GC(138) User=0.08s Sys=0.00s Real=0.02s
[3965.335s][info ][safepoint      ] Safepoint "ParallelGCFailedAllocation", Time since last: 3701704177 ns, Reaching safepoint: 28701 ns, At safepoint: 22302475 ns, Total: 22331176 ns
[3991.337s][info ][safepoint      ] Safepoint "Cleanup", Time since last: 26001868931 ns, Reaching safepoint: 57501 ns, At safepoint: 3600 ns, Total: 61101 ns
[3997.337s][info ][safepoint      ] Safepoint "Cleanup", Time since last: 6000447274 ns, Reaching safepoint: 48800 ns, At safepoint: 3200 ns, Total: 52000 ns
[4000.338s][info ][safepoint      ] Safepoint "Cleanup", Time since last: 3000257626 ns, Reaching safepoint: 60601 ns, At safepoint: 10600 ns, Total: 71201 ns
[4013.158s][info ][gc,start       ] GC(139) Pause Young (Allocation Failure)
[4013.180s][debug][gc,phases      ] GC(139) Scavenge 22.479ms
[4013.180s][debug][gc,ref         ] GC(139) Skipped phase 1 of Reference Processing: no references
[4013.180s][debug][gc,ref         ] GC(139) ReferenceProcessor::execute queues: 1, RefProcThreadModel::Single, marks_oops_alive: false
[4013.181s][debug][gc,ref         ] GC(139) Skipped phase 3 of Reference Processing: no references
[4013.181s][debug][gc,ref         ] GC(139) ReferenceProcessor::execute queues: 1, RefProcThreadModel::Single, marks_oops_alive: false
[4013.181s][debug][gc,phases      ] GC(139) Reference Processing 0.228ms
[4013.181s][debug][gc,phases      ] GC(139)   VM Weak                        Min:  0.0, Avg:  0.0, Max:  0.0, Diff:  0.0, Sum:  0.0, Workers: 4
[4013.181s][debug][gc,phases      ] GC(139)     Dead                           Min: 0, Avg:  0.0, Max: 0, Diff: 0, Sum: 0, Workers: 4
[4013.181s][debug][gc,phases      ] GC(139)     Total                          Min: 0, Avg: 200.0, Max: 505, Diff: 505, Sum: 800, Workers: 4
[4013.181s][debug][gc,phases      ] GC(139)   ObjectSynchronizer Weak        Min:  0.0, Avg:  0.0, Max:  0.0, Diff:  0.0, Sum:  0.0, Workers: 4
[4013.181s][debug][gc,phases      ] GC(139)     Dead                           Min: 0, Avg:  0.0, Max: 0, Diff: 0, Sum: 0, Workers: 4
[4013.181s][debug][gc,phases      ] GC(139)     Total                          Min: 0, Avg: 13.5, Max: 54, Diff: 54, Sum: 54, Workers: 4
[4013.181s][debug][gc,phases      ] GC(139)   JVMTI Tag Weak OopStorage      Min:  0.0, Avg:  0.0, Max:  0.0, Diff:  0.0, Sum:  0.0, Workers: 4
[4013.181s][debug][gc,phases      ] GC(139)     Dead                           Min: 0, Avg:  0.0, Max: 0, Diff: 0, Sum: 0, Workers: 4
[4013.181s][debug][gc,phases      ] GC(139)     Total                          Min: 0, Avg:  0.0, Max: 0, Diff: 0, Sum: 0, Workers: 4
[4013.181s][debug][gc,phases      ] GC(139)   StringTable Weak               Min:  0.0, Avg:  0.1, Max:  0.1, Diff:  0.1, Sum:  0.4, Workers: 4
[4013.181s][debug][gc,phases      ] GC(139)     Dead                           Min: 0, Avg:  0.0, Max: 0, Diff: 0, Sum: 0, Workers: 4
[4013.181s][debug][gc,phases      ] GC(139)     Total                          Min: 0, Avg: 11044.2, Max: 15058, Diff: 15058, Sum: 44177, Workers: 4
[4013.181s][debug][gc,phases      ] GC(139)   ResolvedMethodTable Weak       Min:  0.0, Avg:  0.0, Max:  0.0, Diff:  0.0, Sum:  0.1, Workers: 4
[4013.181s][debug][gc,phases      ] GC(139)     Dead                           Min: 0, Avg:  0.0, Max: 0, Diff: 0, Sum: 0, Workers: 4
[4013.181s][debug][gc,phases      ] GC(139)     Total                          Min: 0, Avg: 2492.2, Max: 3456, Diff: 3456, Sum: 9969, Workers: 4
[4013.181s][debug][gc,phases      ] GC(139)   JNI Weak                       Min:  0.0, Avg:  0.0, Max:  0.0, Diff:  0.0, Sum:  0.0, Workers: 4
[4013.181s][debug][gc,phases      ] GC(139)     Dead                           Min: 0, Avg:  0.0, Max: 0, Diff: 0, Sum: 0, Workers: 4
[4013.181s][debug][gc,phases      ] GC(139)     Total                          Min: 0, Avg: 11.2, Max: 45, Diff: 45, Sum: 45, Workers: 4
[4013.181s][debug][gc,phases      ] GC(139)   StringDedup Table Weak         Min:  0.0, Avg:  0.0, Max:  0.0, Diff:  0.0, Sum:  0.0, Workers: 4
[4013.181s][debug][gc,phases      ] GC(139)     Dead                           Min: 0, Avg:  0.0, Max: 0, Diff: 0, Sum: 0, Workers: 4
[4013.181s][debug][gc,phases      ] GC(139)     Total                          Min: 0, Avg:  0.0, Max: 0, Diff: 0, Sum: 0, Workers: 4
[4013.181s][debug][gc,phases      ] GC(139)   StringDedup Requests0 Weak     Min:  0.0, Avg:  0.0, Max:  0.0, Diff:  0.0, Sum:  0.0, Workers: 4
[4013.181s][debug][gc,phases      ] GC(139)     Dead                           Min: 0, Avg:  0.0, Max: 0, Diff: 0, Sum: 0, Workers: 4
[4013.181s][debug][gc,phases      ] GC(139)     Total                          Min: 0, Avg:  0.0, Max: 0, Diff: 0, Sum: 0, Workers: 4
[4013.181s][debug][gc,phases      ] GC(139)   StringDedup Requests1 Weak     Min:  0.0, Avg:  0.0, Max:  0.0, Diff:  0.0, Sum:  0.0, Workers: 4
[4013.181s][debug][gc,phases      ] GC(139)     Dead                           Min: 0, Avg:  0.0, Max: 0, Diff: 0, Sum: 0, Workers: 4
[4013.181s][debug][gc,phases      ] GC(139)     Total                          Min: 0, Avg:  0.0, Max: 0, Diff: 0, Sum: 0, Workers: 4
[4013.181s][debug][gc,phases      ] GC(139)   Weak JFR Old Object Samples    Min:  0.0, Avg:  0.0, Max:  0.0, Diff:  0.0, Sum:  0.0, Workers: 4
[4013.181s][debug][gc,phases      ] GC(139)     Dead                           Min: 0, Avg:  0.0, Max: 0, Diff: 0, Sum: 0, Workers: 4
[4013.181s][debug][gc,phases      ] GC(139)     Total                          Min: 0, Avg:  0.0, Max: 0, Diff: 0, Sum: 0, Workers: 4
[4013.181s][debug][gc,phases      ] GC(139) Weak Processing 0.401ms
[4013.181s][debug][gc,age         ] GC(139) Desired survivor size 210763776 bytes, new threshold 15 (max threshold 15)
[4013.181s][info ][gc,heap        ] GC(139) PSYoungGen: 1755840K(1865216K)->113504K(1891328K) Eden: 1642496K(1642496K)->0K(1677312K) From: 113344K(222720K)->113504K(214016K)
[4013.181s][info ][gc,heap        ] GC(139) ParOldGen: 500329K(571392K)->500361K(571392K)
[4013.181s][info ][gc,metaspace   ] GC(139) Metaspace: 84481K(85696K)->84481K(85696K) NonClass: 72600K(73216K)->72600K(73216K) Class: 11881K(12480K)->11881K(12480K)
[4013.181s][info ][gc             ] GC(139) Pause Young (Allocation Failure) 2203M->599M(2405M) 23.265ms
[4013.181s][info ][gc,cpu         ] GC(139) User=0.09s Sys=0.00s Real=0.03s
[4013.181s][info ][safepoint      ] Safepoint "ParallelGCFailedAllocation", Time since last: 12819861561 ns, Reaching safepoint: 108901 ns, At safepoint: 23344084 ns, Total: 23452985 ns
[4035.183s][info ][safepoint      ] Safepoint "Cleanup", Time since last: 22001522904 ns, Reaching safepoint: 39900 ns, At safepoint: 2800 ns, Total: 42700 ns
[4049.184s][info ][safepoint      ] Safepoint "Cleanup", Time since last: 14001026595 ns, Reaching safepoint: 45701 ns, At safepoint: 2700 ns, Total: 48401 ns
[4064.557s][info ][gc,start       ] GC(140) Pause Young (Allocation Failure)
[4064.579s][debug][gc,phases      ] GC(140) Scavenge 21.220ms
[4064.579s][debug][gc,ref         ] GC(140) Skipped phase 1 of Reference Processing: no references
[4064.579s][debug][gc,ref         ] GC(140) ReferenceProcessor::execute queues: 1, RefProcThreadModel::Single, marks_oops_alive: false
[4064.579s][debug][gc,ref         ] GC(140) Skipped phase 3 of Reference Processing: no references
[4064.579s][debug][gc,ref         ] GC(140) ReferenceProcessor::execute queues: 1, RefProcThreadModel::Single, marks_oops_alive: false
[4064.579s][debug][gc,phases      ] GC(140) Reference Processing 0.130ms
[4064.579s][debug][gc,phases      ] GC(140)   VM Weak                        Min:  0.0, Avg:  0.0, Max:  0.0, Diff:  0.0, Sum:  0.0, Workers: 4
[4064.579s][debug][gc,phases      ] GC(140)     Dead                           Min: 0, Avg:  0.0, Max: 0, Diff: 0, Sum: 0, Workers: 4
[4064.579s][debug][gc,phases      ] GC(140)     Total                          Min: 0, Avg: 200.0, Max: 672, Diff: 672, Sum: 800, Workers: 4
[4064.579s][debug][gc,phases      ] GC(140)   ObjectSynchronizer Weak        Min:  0.0, Avg:  0.0, Max:  0.0, Diff:  0.0, Sum:  0.0, Workers: 4
[4064.579s][debug][gc,phases      ] GC(140)     Dead                           Min: 0, Avg:  0.0, Max: 0, Diff: 0, Sum: 0, Workers: 4
[4064.579s][debug][gc,phases      ] GC(140)     Total                          Min: 0, Avg: 13.5, Max: 54, Diff: 54, Sum: 54, Workers: 4
[4064.579s][debug][gc,phases      ] GC(140)   JVMTI Tag Weak OopStorage      Min:  0.0, Avg:  0.0, Max:  0.0, Diff:  0.0, Sum:  0.0, Workers: 4
[4064.579s][debug][gc,phases      ] GC(140)     Dead                           Min: 0, Avg:  0.0, Max: 0, Diff: 0, Sum: 0, Workers: 4
[4064.579s][debug][gc,phases      ] GC(140)     Total                          Min: 0, Avg:  0.0, Max: 0, Diff: 0, Sum: 0, Workers: 4
[4064.579s][debug][gc,phases      ] GC(140)   StringTable Weak               Min:  0.0, Avg:  0.1, Max:  0.2, Diff:  0.2, Sum:  0.5, Workers: 4
[4064.579s][debug][gc,phases      ] GC(140)     Dead                           Min: 0, Avg:  0.0, Max: 0, Diff: 0, Sum: 0, Workers: 4
[4064.579s][debug][gc,phases      ] GC(140)     Total                          Min: 0, Avg: 11044.5, Max: 16704, Diff: 16704, Sum: 44178, Workers: 4
[4064.579s][debug][gc,phases      ] GC(140)   ResolvedMethodTable Weak       Min:  0.0, Avg:  0.0, Max:  0.0, Diff:  0.0, Sum:  0.1, Workers: 4
[4064.579s][debug][gc,phases      ] GC(140)     Dead                           Min: 0, Avg:  0.0, Max: 0, Diff: 0, Sum: 0, Workers: 4
[4064.579s][debug][gc,phases      ] GC(140)     Total                          Min: 0, Avg: 2492.2, Max: 3648, Diff: 3648, Sum: 9969, Workers: 4
[4064.579s][debug][gc,phases      ] GC(140)   JNI Weak                       Min:  0.0, Avg:  0.0, Max:  0.0, Diff:  0.0, Sum:  0.0, Workers: 4
[4064.579s][debug][gc,phases      ] GC(140)     Dead                           Min: 0, Avg:  0.0, Max: 0, Diff: 0, Sum: 0, Workers: 4
[4064.579s][debug][gc,phases      ] GC(140)     Total                          Min: 0, Avg: 11.2, Max: 45, Diff: 45, Sum: 45, Workers: 4
[4064.579s][debug][gc,phases      ] GC(140)   StringDedup Table Weak         Min:  0.0, Avg:  0.0, Max:  0.0, Diff:  0.0, Sum:  0.0, Workers: 4
[4064.579s][debug][gc,phases      ] GC(140)     Dead                           Min: 0, Avg:  0.0, Max: 0, Diff: 0, Sum: 0, Workers: 4
[4064.579s][debug][gc,phases      ] GC(140)     Total                          Min: 0, Avg:  0.0, Max: 0, Diff: 0, Sum: 0, Workers: 4
[4064.579s][debug][gc,phases      ] GC(140)   StringDedup Requests0 Weak     Min:  0.0, Avg:  0.0, Max:  0.0, Diff:  0.0, Sum:  0.0, Workers: 4
[4064.579s][debug][gc,phases      ] GC(140)     Dead                           Min: 0, Avg:  0.0, Max: 0, Diff: 0, Sum: 0, Workers: 4
[4064.579s][debug][gc,phases      ] GC(140)     Total                          Min: 0, Avg:  0.0, Max: 0, Diff: 0, Sum: 0, Workers: 4
[4064.579s][debug][gc,phases      ] GC(140)   StringDedup Requests1 Weak     Min:  0.0, Avg:  0.0, Max:  0.0, Diff:  0.0, Sum:  0.0, Workers: 4
[4064.579s][debug][gc,phases      ] GC(140)     Dead                           Min: 0, Avg:  0.0, Max: 0, Diff: 0, Sum: 0, Workers: 4
[4064.579s][debug][gc,phases      ] GC(140)     Total                          Min: 0, Avg:  0.0, Max: 0, Diff: 0, Sum: 0, Workers: 4
[4064.579s][debug][gc,phases      ] GC(140)   Weak JFR Old Object Samples    Min:  0.0, Avg:  0.0, Max:  0.0, Diff:  0.0, Sum:  0.0, Workers: 4
[4064.579s][debug][gc,phases      ] GC(140)     Dead                           Min: 0, Avg:  0.0, Max: 0, Diff: 0, Sum: 0, Workers: 4
[4064.579s][debug][gc,phases      ] GC(140)     Total                          Min: 0, Avg:  0.0, Max: 0, Diff: 0, Sum: 0, Workers: 4
[4064.579s][debug][gc,phases      ] GC(140) Weak Processing 0.412ms
[4064.579s][debug][gc,age         ] GC(140) Desired survivor size 203423744 bytes, new threshold 15 (max threshold 15)
[4064.579s][info ][gc,heap        ] GC(140) PSYoungGen: 1790816K(1891328K)->114112K(1883136K) Eden: 1677312K(1677312K)->0K(1677312K) From: 113504K(214016K)->114112K(205824K)
[4064.579s][info ][gc,heap        ] GC(140) ParOldGen: 500361K(571392K)->500377K(571392K)
[4064.579s][info ][gc,metaspace   ] GC(140) Metaspace: 84489K(85696K)->84489K(85696K) NonClass: 72607K(73216K)->72607K(73216K) Class: 11881K(12480K)->11881K(12480K)
[4064.579s][info ][gc             ] GC(140) Pause Young (Allocation Failure) 2237M->600M(2397M) 21.940ms
[4064.579s][info ][gc,cpu         ] GC(140) User=0.08s Sys=0.00s Real=0.03s
[4064.579s][info ][safepoint      ] Safepoint "ParallelGCFailedAllocation", Time since last: 15373522907 ns, Reaching safepoint: 102901 ns, At safepoint: 22026674 ns, Total: 22129575 ns
[4079.581s][info ][safepoint      ] Safepoint "Cleanup", Time since last: 15001076996 ns, Reaching safepoint: 60001 ns, At safepoint: 2800 ns, Total: 62801 ns
[4086.581s][info ][safepoint      ] Safepoint "Cleanup", Time since last: 7000589201 ns, Reaching safepoint: 117300 ns, At safepoint: 5500 ns, Total: 122800 ns
[4086.972s][info ][gc,start       ] GC(141) Pause Young (Allocation Failure)
[4087.006s][debug][gc,phases      ] GC(141) Scavenge 34.109ms
[4087.006s][debug][gc,ref         ] GC(141) Skipped phase 1 of Reference Processing: no references
[4087.006s][debug][gc,ref         ] GC(141) ReferenceProcessor::execute queues: 1, RefProcThreadModel::Single, marks_oops_alive: false
[4087.006s][debug][gc,ref         ] GC(141) Skipped phase 3 of Reference Processing: no references
[4087.006s][debug][gc,ref         ] GC(141) ReferenceProcessor::execute queues: 1, RefProcThreadModel::Single, marks_oops_alive: false
[4087.006s][debug][gc,phases      ] GC(141) Reference Processing 0.124ms
[4087.006s][debug][gc,phases      ] GC(141)   VM Weak                        Min:  0.0, Avg:  0.0, Max:  0.0, Diff:  0.0, Sum:  0.0, Workers: 4
[4087.006s][debug][gc,phases      ] GC(141)     Dead                           Min: 0, Avg:  0.0, Max: 0, Diff: 0, Sum: 0, Workers: 4
[4087.006s][debug][gc,phases      ] GC(141)     Total                          Min: 0, Avg: 200.0, Max: 622, Diff: 622, Sum: 800, Workers: 4
[4087.006s][debug][gc,phases      ] GC(141)   ObjectSynchronizer Weak        Min:  0.0, Avg:  0.0, Max:  0.0, Diff:  0.0, Sum:  0.0, Workers: 4
[4087.006s][debug][gc,phases      ] GC(141)     Dead                           Min: 0, Avg:  0.0, Max: 0, Diff: 0, Sum: 0, Workers: 4
[4087.006s][debug][gc,phases      ] GC(141)     Total                          Min: 0, Avg: 13.5, Max: 54, Diff: 54, Sum: 54, Workers: 4
[4087.006s][debug][gc,phases      ] GC(141)   JVMTI Tag Weak OopStorage      Min:  0.0, Avg:  0.0, Max:  0.0, Diff:  0.0, Sum:  0.0, Workers: 4
[4087.006s][debug][gc,phases      ] GC(141)     Dead                           Min: 0, Avg:  0.0, Max: 0, Diff: 0, Sum: 0, Workers: 4
[4087.006s][debug][gc,phases      ] GC(141)     Total                          Min: 0, Avg:  0.0, Max: 0, Diff: 0, Sum: 0, Workers: 4
[4087.006s][debug][gc,phases      ] GC(141)   StringTable Weak               Min:  0.0, Avg:  0.1, Max:  0.1, Diff:  0.1, Sum:  0.4, Workers: 4
[4087.006s][debug][gc,phases      ] GC(141)     Dead                           Min: 0, Avg:  0.0, Max: 0, Diff: 0, Sum: 0, Workers: 4
[4087.006s][debug][gc,phases      ] GC(141)     Total                          Min: 0, Avg: 11044.5, Max: 17727, Diff: 17727, Sum: 44178, Workers: 4
[4087.006s][debug][gc,phases      ] GC(141)   ResolvedMethodTable Weak       Min:  0.0, Avg:  0.0, Max:  0.0, Diff:  0.0, Sum:  0.1, Workers: 4
[4087.006s][debug][gc,phases      ] GC(141)     Dead                           Min: 0, Avg:  0.0, Max: 0, Diff: 0, Sum: 0, Workers: 4
[4087.006s][debug][gc,phases      ] GC(141)     Total                          Min: 0, Avg: 2492.2, Max: 4337, Diff: 4337, Sum: 9969, Workers: 4
[4087.006s][debug][gc,phases      ] GC(141)   JNI Weak                       Min:  0.0, Avg:  0.0, Max:  0.0, Diff:  0.0, Sum:  0.0, Workers: 4
[4087.006s][debug][gc,phases      ] GC(141)     Dead                           Min: 0, Avg:  0.0, Max: 0, Diff: 0, Sum: 0, Workers: 4
[4087.006s][debug][gc,phases      ] GC(141)     Total                          Min: 0, Avg: 11.2, Max: 45, Diff: 45, Sum: 45, Workers: 4
[4087.006s][debug][gc,phases      ] GC(141)   StringDedup Table Weak         Min:  0.0, Avg:  0.0, Max:  0.0, Diff:  0.0, Sum:  0.0, Workers: 4
[4087.006s][debug][gc,phases      ] GC(141)     Dead                           Min: 0, Avg:  0.0, Max: 0, Diff: 0, Sum: 0, Workers: 4
[4087.006s][debug][gc,phases      ] GC(141)     Total                          Min: 0, Avg:  0.0, Max: 0, Diff: 0, Sum: 0, Workers: 4
[4087.006s][debug][gc,phases      ] GC(141)   StringDedup Requests0 Weak     Min:  0.0, Avg:  0.0, Max:  0.0, Diff:  0.0, Sum:  0.0, Workers: 4
[4087.006s][debug][gc,phases      ] GC(141)     Dead                           Min: 0, Avg:  0.0, Max: 0, Diff: 0, Sum: 0, Workers: 4
[4087.006s][debug][gc,phases      ] GC(141)     Total                          Min: 0, Avg:  0.0, Max: 0, Diff: 0, Sum: 0, Workers: 4
[4087.006s][debug][gc,phases      ] GC(141)   StringDedup Requests1 Weak     Min:  0.0, Avg:  0.0, Max:  0.0, Diff:  0.0, Sum:  0.0, Workers: 4
[4087.006s][debug][gc,phases      ] GC(141)     Dead                           Min: 0, Avg:  0.0, Max: 0, Diff: 0, Sum: 0, Workers: 4
[4087.006s][debug][gc,phases      ] GC(141)     Total                          Min: 0, Avg:  0.0, Max: 0, Diff: 0, Sum: 0, Workers: 4
[4087.006s][debug][gc,phases      ] GC(141)   Weak JFR Old Object Samples    Min:  0.0, Avg:  0.0, Max:  0.0, Diff:  0.0, Sum:  0.0, Workers: 4
[4087.006s][debug][gc,phases      ] GC(141)     Dead                           Min: 0, Avg:  0.0, Max: 0, Diff: 0, Sum: 0, Workers: 4
[4087.006s][debug][gc,phases      ] GC(141)     Total                          Min: 0, Avg:  0.0, Max: 0, Diff: 0, Sum: 0, Workers: 4
[4087.006s][debug][gc,phases      ] GC(141) Weak Processing 0.342ms
[4087.006s][debug][gc,age         ] GC(141) Desired survivor size 200278016 bytes, new threshold 15 (max threshold 15)
[4087.006s][info ][gc,heap        ] GC(141) PSYoungGen: 1791424K(1883136K)->91648K(1901568K) Eden: 1677312K(1677312K)->0K(1702912K) From: 114112K(205824K)->91648K(198656K)
[4087.006s][info ][gc,heap        ] GC(141) ParOldGen: 500377K(571392K)->500409K(571392K)
[4087.006s][info ][gc,metaspace   ] GC(141) Metaspace: 84492K(85696K)->84492K(85696K) NonClass: 72611K(73216K)->72611K(73216K) Class: 11881K(12480K)->11881K(12480K)
[4087.007s][info ][gc             ] GC(141) Pause Young (Allocation Failure) 2238M->578M(2415M) 34.701ms
[4087.007s][info ][gc,cpu         ] GC(141) User=0.11s Sys=0.00s Real=0.04s
[4087.007s][info ][safepoint      ] Safepoint "ParallelGCFailedAllocation", Time since last: 390394992 ns, Reaching safepoint: 110301 ns, At safepoint: 34779375 ns, Total: 34889676 ns
[4096.758s][info ][safepoint      ] Safepoint "ParallelGCFailedAllocation", Time since last: 9751781352 ns, Reaching safepoint: 33300 ns, At safepoint: 7800 ns, Total: 41100 ns
[4096.758s][info ][gc,start       ] GC(142) Pause Young (GCLocker Initiated GC)
[4096.794s][debug][gc,phases      ] GC(142) Scavenge 35.545ms
[4096.794s][debug][gc,ref         ] GC(142) Skipped phase 1 of Reference Processing: no references
[4096.794s][debug][gc,ref         ] GC(142) ReferenceProcessor::execute queues: 1, RefProcThreadModel::Single, marks_oops_alive: false
[4096.794s][debug][gc,ref         ] GC(142) Skipped phase 3 of Reference Processing: no references
[4096.794s][debug][gc,ref         ] GC(142) ReferenceProcessor::execute queues: 1, RefProcThreadModel::Single, marks_oops_alive: false
[4096.794s][debug][gc,phases      ] GC(142) Reference Processing 0.110ms
[4096.794s][debug][gc,phases      ] GC(142)   VM Weak                        Min:  0.0, Avg:  0.0, Max:  0.0, Diff:  0.0, Sum:  0.0, Workers: 4
[4096.794s][debug][gc,phases      ] GC(142)     Dead                           Min: 0, Avg:  0.0, Max: 0, Diff: 0, Sum: 0, Workers: 4
[4096.794s][debug][gc,phases      ] GC(142)     Total                          Min: 0, Avg: 200.0, Max: 800, Diff: 800, Sum: 800, Workers: 4
[4096.794s][debug][gc,phases      ] GC(142)   ObjectSynchronizer Weak        Min:  0.0, Avg:  0.0, Max:  0.0, Diff:  0.0, Sum:  0.0, Workers: 4
[4096.794s][debug][gc,phases      ] GC(142)     Dead                           Min: 0, Avg:  0.0, Max: 0, Diff: 0, Sum: 0, Workers: 4
[4096.794s][debug][gc,phases      ] GC(142)     Total                          Min: 0, Avg: 13.5, Max: 54, Diff: 54, Sum: 54, Workers: 4
[4096.795s][debug][gc,phases      ] GC(142)   JVMTI Tag Weak OopStorage      Min:  0.0, Avg:  0.0, Max:  0.0, Diff:  0.0, Sum:  0.0, Workers: 4
[4096.795s][debug][gc,phases      ] GC(142)     Dead                           Min: 0, Avg:  0.0, Max: 0, Diff: 0, Sum: 0, Workers: 4
[4096.795s][debug][gc,phases      ] GC(142)     Total                          Min: 0, Avg:  0.0, Max: 0, Diff: 0, Sum: 0, Workers: 4
[4096.795s][debug][gc,phases      ] GC(142)   StringTable Weak               Min:  0.0, Avg:  0.1, Max:  0.2, Diff:  0.2, Sum:  0.3, Workers: 4
[4096.795s][debug][gc,phases      ] GC(142)     Dead                           Min: 0, Avg:  0.0, Max: 0, Diff: 0, Sum: 0, Workers: 4
[4096.795s][debug][gc,phases      ] GC(142)     Total                          Min: 0, Avg: 11044.5, Max: 24978, Diff: 24978, Sum: 44178, Workers: 4
[4096.795s][debug][gc,phases      ] GC(142)   ResolvedMethodTable Weak       Min:  0.0, Avg:  0.0, Max:  0.0, Diff:  0.0, Sum:  0.1, Workers: 4
[4096.795s][debug][gc,phases      ] GC(142)     Dead                           Min: 0, Avg:  0.0, Max: 0, Diff: 0, Sum: 0, Workers: 4
[4096.795s][debug][gc,phases      ] GC(142)     Total                          Min: 0, Avg: 2492.2, Max: 5183, Diff: 5183, Sum: 9969, Workers: 4
[4096.795s][debug][gc,phases      ] GC(142)   JNI Weak                       Min:  0.0, Avg:  0.0, Max:  0.0, Diff:  0.0, Sum:  0.0, Workers: 4
[4096.795s][debug][gc,phases      ] GC(142)     Dead                           Min: 0, Avg:  0.0, Max: 0, Diff: 0, Sum: 0, Workers: 4
[4096.795s][debug][gc,phases      ] GC(142)     Total                          Min: 0, Avg: 11.2, Max: 45, Diff: 45, Sum: 45, Workers: 4
[4096.795s][debug][gc,phases      ] GC(142)   StringDedup Table Weak         Min:  0.0, Avg:  0.0, Max:  0.0, Diff:  0.0, Sum:  0.0, Workers: 4
[4096.795s][debug][gc,phases      ] GC(142)     Dead                           Min: 0, Avg:  0.0, Max: 0, Diff: 0, Sum: 0, Workers: 4
[4096.795s][debug][gc,phases      ] GC(142)     Total                          Min: 0, Avg:  0.0, Max: 0, Diff: 0, Sum: 0, Workers: 4
[4096.795s][debug][gc,phases      ] GC(142)   StringDedup Requests0 Weak     Min:  0.0, Avg:  0.0, Max:  0.0, Diff:  0.0, Sum:  0.0, Workers: 4
[4096.795s][debug][gc,phases      ] GC(142)     Dead                           Min: 0, Avg:  0.0, Max: 0, Diff: 0, Sum: 0, Workers: 4
[4096.795s][debug][gc,phases      ] GC(142)     Total                          Min: 0, Avg:  0.0, Max: 0, Diff: 0, Sum: 0, Workers: 4
[4096.795s][debug][gc,phases      ] GC(142)   StringDedup Requests1 Weak     Min:  0.0, Avg:  0.0, Max:  0.0, Diff:  0.0, Sum:  0.0, Workers: 4
[4096.795s][debug][gc,phases      ] GC(142)     Dead                           Min: 0, Avg:  0.0, Max: 0, Diff: 0, Sum: 0, Workers: 4
[4096.795s][debug][gc,phases      ] GC(142)     Total                          Min: 0, Avg:  0.0, Max: 0, Diff: 0, Sum: 0, Workers: 4
[4096.795s][debug][gc,phases      ] GC(142)   Weak JFR Old Object Samples    Min:  0.0, Avg:  0.0, Max:  0.0, Diff:  0.0, Sum:  0.0, Workers: 4
[4096.795s][debug][gc,phases      ] GC(142)     Dead                           Min: 0, Avg:  0.0, Max: 0, Diff: 0, Sum: 0, Workers: 4
[4096.795s][debug][gc,phases      ] GC(142)     Total                          Min: 0, Avg:  0.0, Max: 0, Diff: 0, Sum: 0, Workers: 4
[4096.795s][debug][gc,phases      ] GC(142) Weak Processing 0.379ms
[4096.795s][debug][gc,age         ] GC(142) Desired survivor size 193462272 bytes, new threshold 15 (max threshold 15)
[4096.795s][info ][gc,heap        ] GC(142) PSYoungGen: 1794560K(1901568K)->120848K(1898496K) Eden: 1702912K(1702912K)->0K(1702912K) From: 91648K(198656K)->120848K(195584K)
[4096.795s][info ][gc,heap        ] GC(142) ParOldGen: 500410K(571392K)->500426K(571392K)
[4096.795s][info ][gc,metaspace   ] GC(142) Metaspace: 84494K(85696K)->84494K(85696K) NonClass: 72612K(73216K)->72612K(73216K) Class: 11881K(12480K)->11881K(12480K)
[4096.795s][info ][gc             ] GC(142) Pause Young (GCLocker Initiated GC) 2241M->606M(2412M) 36.137ms
[4096.795s][info ][gc,cpu         ] GC(142) User=0.12s Sys=0.00s Real=0.03s
[4096.795s][info ][safepoint      ] Safepoint "ParallelGCSystemGC", Time since last: 60701 ns, Reaching safepoint: 33400 ns, At safepoint: 36196086 ns, Total: 36229486 ns
[4099.795s][info ][safepoint      ] Safepoint "Cleanup", Time since last: 3000227102 ns, Reaching safepoint: 58500 ns, At safepoint: 3100 ns, Total: 61600 ns
[4102.795s][info ][safepoint      ] Safepoint "Cleanup", Time since last: 3000246001 ns, Reaching safepoint: 52101 ns, At safepoint: 3400 ns, Total: 55501 ns
[4113.796s][info ][safepoint      ] Safepoint "Cleanup", Time since last: 11000777287 ns, Reaching safepoint: 44000 ns, At safepoint: 3001 ns, Total: 47001 ns
[4116.796s][info ][safepoint      ] Safepoint "Cleanup", Time since last: 3000255892 ns, Reaching safepoint: 47701 ns, At safepoint: 2800 ns, Total: 50501 ns
[4118.797s][info ][safepoint      ] Safepoint "Cleanup", Time since last: 2000180827 ns, Reaching safepoint: 49001 ns, At safepoint: 5800 ns, Total: 54801 ns
[4124.455s][info ][safepoint      ] Safepoint "Cleanup", Time since last: 5658741384 ns, Reaching safepoint: 36400 ns, At safepoint: 4300 ns, Total: 40700 ns
[4125.456s][info ][safepoint      ] Safepoint "Cleanup", Time since last: 1000115216 ns, Reaching safepoint: 111301 ns, At safepoint: 8100 ns, Total: 119401 ns
[4126.456s][info ][safepoint      ] Safepoint "Cleanup", Time since last: 1000112717 ns, Reaching safepoint: 114500 ns, At safepoint: 8601 ns, Total: 123101 ns
[4127.456s][info ][safepoint      ] Safepoint "Cleanup", Time since last: 1000118516 ns, Reaching safepoint: 116801 ns, At safepoint: 6800 ns, Total: 123601 ns
[4128.456s][info ][safepoint      ] Safepoint "Cleanup", Time since last: 1000122817 ns, Reaching safepoint: 120801 ns, At safepoint: 5600 ns, Total: 126401 ns
[4129.457s][info ][safepoint      ] Safepoint "Cleanup", Time since last: 1000110416 ns, Reaching safepoint: 116501 ns, At safepoint: 7900 ns, Total: 124401 ns
[4130.457s][info ][safepoint      ] Safepoint "Cleanup", Time since last: 1000115317 ns, Reaching safepoint: 111401 ns, At safepoint: 5900 ns, Total: 117301 ns
[4132.457s][info ][safepoint      ] Safepoint "Cleanup", Time since last: 2000204833 ns, Reaching safepoint: 119001 ns, At safepoint: 4700 ns, Total: 123701 ns
[4138.458s][info ][safepoint      ] Safepoint "Cleanup", Time since last: 6000488496 ns, Reaching safepoint: 112901 ns, At safepoint: 6700 ns, Total: 119601 ns
[4139.458s][info ][safepoint      ] Safepoint "Cleanup", Time since last: 1000109316 ns, Reaching safepoint: 110701 ns, At safepoint: 5600 ns, Total: 116301 ns
[4140.108s][info ][gc,start       ] GC(143) Pause Young (Allocation Failure)
[4140.138s][debug][gc,phases      ] GC(143) Scavenge 29.774ms
[4140.138s][debug][gc,ref         ] GC(143) Skipped phase 1 of Reference Processing: no references
[4140.138s][debug][gc,ref         ] GC(143) ReferenceProcessor::execute queues: 1, RefProcThreadModel::Single, marks_oops_alive: false
[4140.138s][debug][gc,ref         ] GC(143) Skipped phase 3 of Reference Processing: no references
[4140.138s][debug][gc,ref         ] GC(143) ReferenceProcessor::execute queues: 1, RefProcThreadModel::Single, marks_oops_alive: false
[4140.138s][debug][gc,phases      ] GC(143) Reference Processing 0.102ms
[4140.139s][debug][gc,phases      ] GC(143)   VM Weak                        Min:  0.0, Avg:  0.0, Max:  0.0, Diff:  0.0, Sum:  0.0, Workers: 4
[4140.139s][debug][gc,phases      ] GC(143)     Dead                           Min: 0, Avg:  0.0, Max: 0, Diff: 0, Sum: 0, Workers: 4
[4140.139s][debug][gc,phases      ] GC(143)     Total                          Min: 0, Avg: 200.0, Max: 420, Diff: 420, Sum: 800, Workers: 4
[4140.139s][debug][gc,phases      ] GC(143)   ObjectSynchronizer Weak        Min:  0.0, Avg:  0.0, Max:  0.0, Diff:  0.0, Sum:  0.0, Workers: 4
[4140.139s][debug][gc,phases      ] GC(143)     Dead                           Min: 0, Avg:  0.0, Max: 0, Diff: 0, Sum: 0, Workers: 4
[4140.139s][debug][gc,phases      ] GC(143)     Total                          Min: 0, Avg: 13.5, Max: 54, Diff: 54, Sum: 54, Workers: 4
[4140.139s][debug][gc,phases      ] GC(143)   JVMTI Tag Weak OopStorage      Min:  0.0, Avg:  0.0, Max:  0.0, Diff:  0.0, Sum:  0.0, Workers: 4
[4140.139s][debug][gc,phases      ] GC(143)     Dead                           Min: 0, Avg:  0.0, Max: 0, Diff: 0, Sum: 0, Workers: 4
[4140.139s][debug][gc,phases      ] GC(143)     Total                          Min: 0, Avg:  0.0, Max: 0, Diff: 0, Sum: 0, Workers: 4
[4140.139s][debug][gc,phases      ] GC(143)   StringTable Weak               Min:  0.0, Avg:  0.1, Max:  0.1, Diff:  0.1, Sum:  0.4, Workers: 4
[4140.139s][debug][gc,phases      ] GC(143)     Dead                           Min: 0, Avg:  0.5, Max: 2, Diff: 2, Sum: 2, Workers: 4
[4140.139s][debug][gc,phases      ] GC(143)     Total                          Min: 0, Avg: 11046.8, Max: 15069, Diff: 15069, Sum: 44187, Workers: 4
[4140.139s][debug][gc,phases      ] GC(143)   ResolvedMethodTable Weak       Min:  0.0, Avg:  0.0, Max:  0.0, Diff:  0.0, Sum:  0.1, Workers: 4
[4140.139s][debug][gc,phases      ] GC(143)     Dead                           Min: 0, Avg:  0.0, Max: 0, Diff: 0, Sum: 0, Workers: 4
[4140.139s][debug][gc,phases      ] GC(143)     Total                          Min: 0, Avg: 2493.8, Max: 3383, Diff: 3383, Sum: 9975, Workers: 4
[4140.139s][debug][gc,phases      ] GC(143)   JNI Weak                       Min:  0.0, Avg:  0.0, Max:  0.0, Diff:  0.0, Sum:  0.0, Workers: 4
[4140.139s][debug][gc,phases      ] GC(143)     Dead                           Min: 0, Avg:  0.0, Max: 0, Diff: 0, Sum: 0, Workers: 4
[4140.139s][debug][gc,phases      ] GC(143)     Total                          Min: 0, Avg: 11.2, Max: 45, Diff: 45, Sum: 45, Workers: 4
[4140.139s][debug][gc,phases      ] GC(143)   StringDedup Table Weak         Min:  0.0, Avg:  0.0, Max:  0.0, Diff:  0.0, Sum:  0.0, Workers: 4
[4140.139s][debug][gc,phases      ] GC(143)     Dead                           Min: 0, Avg:  0.0, Max: 0, Diff: 0, Sum: 0, Workers: 4
[4140.139s][debug][gc,phases      ] GC(143)     Total                          Min: 0, Avg:  0.0, Max: 0, Diff: 0, Sum: 0, Workers: 4
[4140.139s][debug][gc,phases      ] GC(143)   StringDedup Requests0 Weak     Min:  0.0, Avg:  0.0, Max:  0.0, Diff:  0.0, Sum:  0.0, Workers: 4
[4140.139s][debug][gc,phases      ] GC(143)     Dead                           Min: 0, Avg:  0.0, Max: 0, Diff: 0, Sum: 0, Workers: 4
[4140.139s][debug][gc,phases      ] GC(143)     Total                          Min: 0, Avg:  0.0, Max: 0, Diff: 0, Sum: 0, Workers: 4
[4140.139s][debug][gc,phases      ] GC(143)   StringDedup Requests1 Weak     Min:  0.0, Avg:  0.0, Max:  0.0, Diff:  0.0, Sum:  0.0, Workers: 4
[4140.139s][debug][gc,phases      ] GC(143)     Dead                           Min: 0, Avg:  0.0, Max: 0, Diff: 0, Sum: 0, Workers: 4
[4140.139s][debug][gc,phases      ] GC(143)     Total                          Min: 0, Avg:  0.0, Max: 0, Diff: 0, Sum: 0, Workers: 4
[4140.139s][debug][gc,phases      ] GC(143)   Weak JFR Old Object Samples    Min:  0.0, Avg:  0.0, Max:  0.0, Diff:  0.0, Sum:  0.0, Workers: 4
[4140.139s][debug][gc,phases      ] GC(143)     Dead                           Min: 0, Avg:  0.0, Max: 0, Diff: 0, Sum: 0, Workers: 4
[4140.139s][debug][gc,phases      ] GC(143)     Total                          Min: 0, Avg:  0.0, Max: 0, Diff: 0, Sum: 0, Workers: 4
[4140.139s][debug][gc,phases      ] GC(143) Weak Processing 0.353ms
[4140.139s][debug][gc,age         ] GC(143) Desired survivor size 187170816 bytes, new threshold 15 (max threshold 15)
[4140.139s][info ][gc,heap        ] GC(143) PSYoungGen: 1823760K(1898496K)->119728K(1914368K) Eden: 1702912K(1702912K)->0K(1725440K) From: 120848K(195584K)->119728K(188928K)
[4140.139s][info ][gc,heap        ] GC(143) ParOldGen: 500427K(571392K)->501579K(571392K)
[4140.139s][info ][gc,metaspace   ] GC(143) Metaspace: 84517K(85696K)->84517K(85696K) NonClass: 72631K(73216K)->72631K(73216K) Class: 11886K(12480K)->11886K(12480K)
[4140.139s][info ][gc             ] GC(143) Pause Young (Allocation Failure) 2269M->606M(2427M) 30.349ms
[4140.139s][info ][gc,cpu         ] GC(143) User=0.11s Sys=0.00s Real=0.03s
[4140.139s][info ][safepoint      ] Safepoint "ParallelGCFailedAllocation", Time since last: 650304848 ns, Reaching safepoint: 27400 ns, At safepoint: 30423641 ns, Total: 30451041 ns
[4141.139s][info ][safepoint      ] Safepoint "Cleanup", Time since last: 1000085514 ns, Reaching safepoint: 52100 ns, At safepoint: 3000 ns, Total: 55100 ns
[4157.140s][info ][safepoint      ] Safepoint "Cleanup", Time since last: 16001147882 ns, Reaching safepoint: 60201 ns, At safepoint: 4000 ns, Total: 64201 ns
[4160.140s][info ][safepoint      ] Safepoint "Cleanup", Time since last: 3000281906 ns, Reaching safepoint: 64300 ns, At safepoint: 15300 ns, Total: 79600 ns
[4166.141s][info ][safepoint      ] Safepoint "Cleanup", Time since last: 6000476377 ns, Reaching safepoint: 47400 ns, At safepoint: 4800 ns, Total: 52200 ns
[4170.141s][info ][safepoint      ] Safepoint "Cleanup", Time since last: 4000309522 ns, Reaching safepoint: 48601 ns, At safepoint: 2800 ns, Total: 51401 ns
[4173.142s][info ][safepoint      ] Safepoint "Cleanup", Time since last: 3000278916 ns, Reaching safepoint: 54000 ns, At safepoint: 3000 ns, Total: 57000 ns
[4192.143s][info ][safepoint      ] Safepoint "Cleanup", Time since last: 19001325018 ns, Reaching safepoint: 57101 ns, At safepoint: 3900 ns, Total: 61001 ns
[4195.143s][info ][safepoint      ] Safepoint "Cleanup", Time since last: 3000201093 ns, Reaching safepoint: 47600 ns, At safepoint: 6300 ns, Total: 53900 ns
[4198.405s][info ][gc,start       ] GC(144) Pause Young (Allocation Failure)
[4198.429s][debug][gc,phases      ] GC(144) Scavenge 23.786ms
[4198.429s][debug][gc,ref         ] GC(144) Skipped phase 1 of Reference Processing: no references
[4198.429s][debug][gc,ref         ] GC(144) ReferenceProcessor::execute queues: 1, RefProcThreadModel::Single, marks_oops_alive: false
[4198.429s][debug][gc,ref         ] GC(144) Skipped phase 3 of Reference Processing: no references
[4198.429s][debug][gc,ref         ] GC(144) ReferenceProcessor::execute queues: 1, RefProcThreadModel::Single, marks_oops_alive: false
[4198.429s][debug][gc,phases      ] GC(144) Reference Processing 0.135ms
[4198.430s][debug][gc,phases      ] GC(144)   VM Weak                        Min:  0.0, Avg:  0.0, Max:  0.0, Diff:  0.0, Sum:  0.0, Workers: 4
[4198.430s][debug][gc,phases      ] GC(144)     Dead                           Min: 0, Avg:  0.0, Max: 0, Diff: 0, Sum: 0, Workers: 4
[4198.430s][debug][gc,phases      ] GC(144)     Total                          Min: 0, Avg: 202.0, Max: 680, Diff: 680, Sum: 808, Workers: 4
[4198.430s][debug][gc,phases      ] GC(144)   ObjectSynchronizer Weak        Min:  0.0, Avg:  0.0, Max:  0.0, Diff:  0.0, Sum:  0.0, Workers: 4
[4198.430s][debug][gc,phases      ] GC(144)     Dead                           Min: 0, Avg:  0.0, Max: 0, Diff: 0, Sum: 0, Workers: 4
[4198.430s][debug][gc,phases      ] GC(144)     Total                          Min: 0, Avg: 13.5, Max: 54, Diff: 54, Sum: 54, Workers: 4
[4198.430s][debug][gc,phases      ] GC(144)   JVMTI Tag Weak OopStorage      Min:  0.0, Avg:  0.0, Max:  0.0, Diff:  0.0, Sum:  0.0, Workers: 4
[4198.430s][debug][gc,phases      ] GC(144)     Dead                           Min: 0, Avg:  0.0, Max: 0, Diff: 0, Sum: 0, Workers: 4
[4198.430s][debug][gc,phases      ] GC(144)     Total                          Min: 0, Avg:  0.0, Max: 0, Diff: 0, Sum: 0, Workers: 4
[4198.430s][debug][gc,phases      ] GC(144)   StringTable Weak               Min:  0.0, Avg:  0.1, Max:  0.1, Diff:  0.1, Sum:  0.4, Workers: 4
[4198.430s][debug][gc,phases      ] GC(144)     Dead                           Min: 0, Avg:  0.8, Max: 3, Diff: 3, Sum: 3, Workers: 4
[4198.430s][debug][gc,phases      ] GC(144)     Total                          Min: 0, Avg: 11050.5, Max: 15936, Diff: 15936, Sum: 44202, Workers: 4
[4198.430s][debug][gc,phases      ] GC(144)   ResolvedMethodTable Weak       Min:  0.0, Avg:  0.0, Max:  0.0, Diff:  0.0, Sum:  0.1, Workers: 4
[4198.430s][debug][gc,phases      ] GC(144)     Dead                           Min: 0, Avg:  0.0, Max: 0, Diff: 0, Sum: 0, Workers: 4
[4198.430s][debug][gc,phases      ] GC(144)     Total                          Min: 0, Avg: 2500.0, Max: 3600, Diff: 3600, Sum: 10000, Workers: 4
[4198.430s][debug][gc,phases      ] GC(144)   JNI Weak                       Min:  0.0, Avg:  0.0, Max:  0.0, Diff:  0.0, Sum:  0.0, Workers: 4
[4198.430s][debug][gc,phases      ] GC(144)     Dead                           Min: 0, Avg:  0.0, Max: 0, Diff: 0, Sum: 0, Workers: 4
[4198.430s][debug][gc,phases      ] GC(144)     Total                          Min: 0, Avg: 11.2, Max: 45, Diff: 45, Sum: 45, Workers: 4
[4198.430s][debug][gc,phases      ] GC(144)   StringDedup Table Weak         Min:  0.0, Avg:  0.0, Max:  0.0, Diff:  0.0, Sum:  0.0, Workers: 4
[4198.430s][debug][gc,phases      ] GC(144)     Dead                           Min: 0, Avg:  0.0, Max: 0, Diff: 0, Sum: 0, Workers: 4
[4198.430s][debug][gc,phases      ] GC(144)     Total                          Min: 0, Avg:  0.0, Max: 0, Diff: 0, Sum: 0, Workers: 4
[4198.430s][debug][gc,phases      ] GC(144)   StringDedup Requests0 Weak     Min:  0.0, Avg:  0.0, Max:  0.0, Diff:  0.0, Sum:  0.0, Workers: 4
[4198.430s][debug][gc,phases      ] GC(144)     Dead                           Min: 0, Avg:  0.0, Max: 0, Diff: 0, Sum: 0, Workers: 4
[4198.430s][debug][gc,phases      ] GC(144)     Total                          Min: 0, Avg:  0.0, Max: 0, Diff: 0, Sum: 0, Workers: 4
[4198.430s][debug][gc,phases      ] GC(144)   StringDedup Requests1 Weak     Min:  0.0, Avg:  0.0, Max:  0.0, Diff:  0.0, Sum:  0.0, Workers: 4
[4198.430s][debug][gc,phases      ] GC(144)     Dead                           Min: 0, Avg:  0.0, Max: 0, Diff: 0, Sum: 0, Workers: 4
[4198.430s][debug][gc,phases      ] GC(144)     Total                          Min: 0, Avg:  0.0, Max: 0, Diff: 0, Sum: 0, Workers: 4
[4198.430s][debug][gc,phases      ] GC(144)   Weak JFR Old Object Samples    Min:  0.0, Avg:  0.0, Max:  0.0, Diff:  0.0, Sum:  0.0, Workers: 4
[4198.430s][debug][gc,phases      ] GC(144)     Dead                           Min: 0, Avg:  0.0, Max: 0, Diff: 0, Sum: 0, Workers: 4
[4198.430s][debug][gc,phases      ] GC(144)     Total                          Min: 0, Avg:  0.0, Max: 0, Diff: 0, Sum: 0, Workers: 4
[4198.430s][debug][gc,phases      ] GC(144) Weak Processing 0.392ms
[4198.430s][debug][gc,age         ] GC(144) Desired survivor size 181403648 bytes, new threshold 15 (max threshold 15)
[4198.430s][info ][gc,heap        ] GC(144) PSYoungGen: 1845168K(1914368K)->119776K(1908224K) Eden: 1725440K(1725440K)->0K(1725440K) From: 119728K(188928K)->119776K(182784K)
[4198.430s][info ][gc,heap        ] GC(144) ParOldGen: 501579K(571392K)->501615K(571392K)
[4198.430s][info ][gc,metaspace   ] GC(144) Metaspace: 84570K(85696K)->84570K(85696K) NonClass: 72675K(73216K)->72675K(73216K) Class: 11894K(12480K)->11894K(12480K)
[4198.430s][info ][gc             ] GC(144) Pause Young (Allocation Failure) 2291M->606M(2421M) 24.460ms
[4198.430s][info ][gc,cpu         ] GC(144) User=0.09s Sys=0.00s Real=0.03s
[4198.430s][info ][safepoint      ] Safepoint "ParallelGCFailedAllocation", Time since last: 3262012366 ns, Reaching safepoint: 29300 ns, At safepoint: 24534294 ns, Total: 24563594 ns
[4201.430s][info ][safepoint      ] Safepoint "Cleanup", Time since last: 3000198004 ns, Reaching safepoint: 53701 ns, At safepoint: 5900 ns, Total: 59601 ns
[4217.431s][info ][safepoint      ] Safepoint "Cleanup", Time since last: 16001122811 ns, Reaching safepoint: 40000 ns, At safepoint: 2900 ns, Total: 42900 ns
[4218.432s][info ][safepoint      ] Safepoint "Cleanup", Time since last: 1000124952 ns, Reaching safepoint: 58800 ns, At safepoint: 14001 ns, Total: 72801 ns
[4226.432s][info ][safepoint      ] Safepoint "Cleanup", Time since last: 8000571228 ns, Reaching safepoint: 54100 ns, At safepoint: 4700 ns, Total: 58800 ns
[4236.433s][info ][safepoint      ] Safepoint "Cleanup", Time since last: 10000693278 ns, Reaching safepoint: 44600 ns, At safepoint: 2500 ns, Total: 47100 ns
[4242.433s][info ][safepoint      ] Safepoint "Cleanup", Time since last: 6000471413 ns, Reaching safepoint: 58000 ns, At safepoint: 3400 ns, Total: 61400 ns
[4243.434s][info ][safepoint      ] Safepoint "Cleanup", Time since last: 1000123877 ns, Reaching safepoint: 55701 ns, At safepoint: 10100 ns, Total: 65801 ns
[4246.434s][info ][safepoint      ] Safepoint "Cleanup", Time since last: 3000249828 ns, Reaching safepoint: 46701 ns, At safepoint: 5000 ns, Total: 51701 ns
[4256.710s][info ][gc,start       ] GC(145) Pause Young (Allocation Failure)
[4256.740s][debug][gc,phases      ] GC(145) Scavenge 29.319ms
[4256.740s][debug][gc,ref         ] GC(145) Skipped phase 1 of Reference Processing: no references
[4256.740s][debug][gc,ref         ] GC(145) ReferenceProcessor::execute queues: 1, RefProcThreadModel::Single, marks_oops_alive: false
[4256.740s][debug][gc,ref         ] GC(145) Skipped phase 3 of Reference Processing: no references
[4256.740s][debug][gc,ref         ] GC(145) ReferenceProcessor::execute queues: 1, RefProcThreadModel::Single, marks_oops_alive: false
[4256.740s][debug][gc,phases      ] GC(145) Reference Processing 0.104ms
[4256.740s][debug][gc,phases      ] GC(145)   VM Weak                        Min:  0.0, Avg:  0.0, Max:  0.0, Diff:  0.0, Sum:  0.0, Workers: 4
[4256.740s][debug][gc,phases      ] GC(145)     Dead                           Min: 0, Avg:  0.0, Max: 0, Diff: 0, Sum: 0, Workers: 4
[4256.740s][debug][gc,phases      ] GC(145)     Total                          Min: 0, Avg: 202.0, Max: 455, Diff: 455, Sum: 808, Workers: 4
[4256.740s][debug][gc,phases      ] GC(145)   ObjectSynchronizer Weak        Min:  0.0, Avg:  0.0, Max:  0.0, Diff:  0.0, Sum:  0.0, Workers: 4
[4256.740s][debug][gc,phases      ] GC(145)     Dead                           Min: 0, Avg:  0.0, Max: 0, Diff: 0, Sum: 0, Workers: 4
[4256.740s][debug][gc,phases      ] GC(145)     Total                          Min: 0, Avg: 13.5, Max: 54, Diff: 54, Sum: 54, Workers: 4
[4256.740s][debug][gc,phases      ] GC(145)   JVMTI Tag Weak OopStorage      Min:  0.0, Avg:  0.0, Max:  0.0, Diff:  0.0, Sum:  0.0, Workers: 4
[4256.740s][debug][gc,phases      ] GC(145)     Dead                           Min: 0, Avg:  0.0, Max: 0, Diff: 0, Sum: 0, Workers: 4
[4256.740s][debug][gc,phases      ] GC(145)     Total                          Min: 0, Avg:  0.0, Max: 0, Diff: 0, Sum: 0, Workers: 4
[4256.740s][debug][gc,phases      ] GC(145)   StringTable Weak               Min:  0.0, Avg:  0.1, Max:  0.1, Diff:  0.1, Sum:  0.4, Workers: 4
[4256.740s][debug][gc,phases      ] GC(145)     Dead                           Min: 0, Avg:  0.0, Max: 0, Diff: 0, Sum: 0, Workers: 4
[4256.740s][debug][gc,phases      ] GC(145)     Total                          Min: 0, Avg: 11051.2, Max: 15022, Diff: 15022, Sum: 44205, Workers: 4
[4256.740s][debug][gc,phases      ] GC(145)   ResolvedMethodTable Weak       Min:  0.0, Avg:  0.0, Max:  0.0, Diff:  0.0, Sum:  0.1, Workers: 4
[4256.740s][debug][gc,phases      ] GC(145)     Dead                           Min: 0, Avg:  0.0, Max: 0, Diff: 0, Sum: 0, Workers: 4
[4256.740s][debug][gc,phases      ] GC(145)     Total                          Min: 0, Avg: 2500.0, Max: 3456, Diff: 3456, Sum: 10000, Workers: 4
[4256.740s][debug][gc,phases      ] GC(145)   JNI Weak                       Min:  0.0, Avg:  0.0, Max:  0.0, Diff:  0.0, Sum:  0.0, Workers: 4
[4256.740s][debug][gc,phases      ] GC(145)     Dead                           Min: 0, Avg:  0.0, Max: 0, Diff: 0, Sum: 0, Workers: 4
[4256.740s][debug][gc,phases      ] GC(145)     Total                          Min: 0, Avg: 11.2, Max: 45, Diff: 45, Sum: 45, Workers: 4
[4256.740s][debug][gc,phases      ] GC(145)   StringDedup Table Weak         Min:  0.0, Avg:  0.0, Max:  0.0, Diff:  0.0, Sum:  0.0, Workers: 4
[4256.740s][debug][gc,phases      ] GC(145)     Dead                           Min: 0, Avg:  0.0, Max: 0, Diff: 0, Sum: 0, Workers: 4
[4256.740s][debug][gc,phases      ] GC(145)     Total                          Min: 0, Avg:  0.0, Max: 0, Diff: 0, Sum: 0, Workers: 4
[4256.740s][debug][gc,phases      ] GC(145)   StringDedup Requests0 Weak     Min:  0.0, Avg:  0.0, Max:  0.0, Diff:  0.0, Sum:  0.0, Workers: 4
[4256.740s][debug][gc,phases      ] GC(145)     Dead                           Min: 0, Avg:  0.0, Max: 0, Diff: 0, Sum: 0, Workers: 4
[4256.740s][debug][gc,phases      ] GC(145)     Total                          Min: 0, Avg:  0.0, Max: 0, Diff: 0, Sum: 0, Workers: 4
[4256.740s][debug][gc,phases      ] GC(145)   StringDedup Requests1 Weak     Min:  0.0, Avg:  0.0, Max:  0.0, Diff:  0.0, Sum:  0.0, Workers: 4
[4256.740s][debug][gc,phases      ] GC(145)     Dead                           Min: 0, Avg:  0.0, Max: 0, Diff: 0, Sum: 0, Workers: 4
[4256.740s][debug][gc,phases      ] GC(145)     Total                          Min: 0, Avg:  0.0, Max: 0, Diff: 0, Sum: 0, Workers: 4
[4256.740s][debug][gc,phases      ] GC(145)   Weak JFR Old Object Samples    Min:  0.0, Avg:  0.0, Max:  0.0, Diff:  0.0, Sum:  0.0, Workers: 4
[4256.740s][debug][gc,phases      ] GC(145)     Dead                           Min: 0, Avg:  0.0, Max: 0, Diff: 0, Sum: 0, Workers: 4
[4256.740s][debug][gc,phases      ] GC(145)     Total                          Min: 0, Avg:  0.0, Max: 0, Diff: 0, Sum: 0, Workers: 4
[4256.740s][debug][gc,phases      ] GC(145) Weak Processing 0.338ms
[4256.740s][debug][gc,age         ] GC(145) Desired survivor size 176160768 bytes, new threshold 15 (max threshold 15)
[4256.740s][info ][gc,heap        ] GC(145) PSYoungGen: 1845216K(1908224K)->119984K(1925120K) Eden: 1725440K(1725440K)->0K(1747968K) From: 119776K(182784K)->119984K(177152K)
[4256.740s][info ][gc,heap        ] GC(145) ParOldGen: 501615K(571392K)->501647K(571392K)
[4256.740s][info ][gc,metaspace   ] GC(145) Metaspace: 84583K(85696K)->84583K(85696K) NonClass: 72689K(73216K)->72689K(73216K) Class: 11894K(12480K)->11894K(12480K)
[4256.740s][info ][gc             ] GC(145) Pause Young (Allocation Failure) 2291M->607M(2438M) 29.887ms
[4256.740s][info ][gc,cpu         ] GC(145) User=0.10s Sys=0.00s Real=0.03s
[4256.740s][info ][safepoint      ] Safepoint "ParallelGCFailedAllocation", Time since last: 10276304961 ns, Reaching safepoint: 45800 ns, At safepoint: 29953734 ns, Total: 29999534 ns
[4311.744s][info ][safepoint      ] Safepoint "Cleanup", Time since last: 55003729816 ns, Reaching safepoint: 44800 ns, At safepoint: 27000 ns, Total: 71800 ns
[4317.507s][info ][gc,start       ] GC(146) Pause Young (Allocation Failure)
[4317.532s][debug][gc,phases      ] GC(146) Scavenge 25.563ms
[4317.532s][debug][gc,ref         ] GC(146) Skipped phase 1 of Reference Processing: no references
[4317.532s][debug][gc,ref         ] GC(146) ReferenceProcessor::execute queues: 1, RefProcThreadModel::Single, marks_oops_alive: false
[4317.532s][debug][gc,ref         ] GC(146) Skipped phase 3 of Reference Processing: no references
[4317.532s][debug][gc,ref         ] GC(146) ReferenceProcessor::execute queues: 1, RefProcThreadModel::Single, marks_oops_alive: false
[4317.532s][debug][gc,phases      ] GC(146) Reference Processing 0.146ms
[4317.533s][debug][gc,phases      ] GC(146)   VM Weak                        Min:  0.0, Avg:  0.0, Max:  0.0, Diff:  0.0, Sum:  0.0, Workers: 4
[4317.533s][debug][gc,phases      ] GC(146)     Dead                           Min: 0, Avg:  0.0, Max: 0, Diff: 0, Sum: 0, Workers: 4
[4317.533s][debug][gc,phases      ] GC(146)     Total                          Min: 0, Avg: 202.0, Max: 513, Diff: 513, Sum: 808, Workers: 4
[4317.533s][debug][gc,phases      ] GC(146)   ObjectSynchronizer Weak        Min:  0.0, Avg:  0.0, Max:  0.0, Diff:  0.0, Sum:  0.0, Workers: 4
[4317.533s][debug][gc,phases      ] GC(146)     Dead                           Min: 0, Avg:  0.0, Max: 0, Diff: 0, Sum: 0, Workers: 4
[4317.533s][debug][gc,phases      ] GC(146)     Total                          Min: 0, Avg: 13.5, Max: 54, Diff: 54, Sum: 54, Workers: 4
[4317.533s][debug][gc,phases      ] GC(146)   JVMTI Tag Weak OopStorage      Min:  0.0, Avg:  0.0, Max:  0.0, Diff:  0.0, Sum:  0.0, Workers: 4
[4317.533s][debug][gc,phases      ] GC(146)     Dead                           Min: 0, Avg:  0.0, Max: 0, Diff: 0, Sum: 0, Workers: 4
[4317.533s][debug][gc,phases      ] GC(146)     Total                          Min: 0, Avg:  0.0, Max: 0, Diff: 0, Sum: 0, Workers: 4
[4317.533s][debug][gc,phases      ] GC(146)   StringTable Weak               Min:  0.0, Avg:  0.2, Max:  0.3, Diff:  0.3, Sum:  0.6, Workers: 4
[4317.533s][debug][gc,phases      ] GC(146)     Dead                           Min: 0, Avg:  0.0, Max: 0, Diff: 0, Sum: 0, Workers: 4
[4317.533s][debug][gc,phases      ] GC(146)     Total                          Min: 0, Avg: 11051.2, Max: 22255, Diff: 22255, Sum: 44205, Workers: 4
[4317.533s][debug][gc,phases      ] GC(146)   ResolvedMethodTable Weak       Min:  0.0, Avg:  0.0, Max:  0.1, Diff:  0.1, Sum:  0.1, Workers: 4
[4317.533s][debug][gc,phases      ] GC(146)     Dead                           Min: 0, Avg:  0.0, Max: 0, Diff: 0, Sum: 0, Workers: 4
[4317.533s][debug][gc,phases      ] GC(146)     Total                          Min: 0, Avg: 2500.0, Max: 5120, Diff: 5120, Sum: 10000, Workers: 4
[4317.533s][debug][gc,phases      ] GC(146)   JNI Weak                       Min:  0.0, Avg:  0.0, Max:  0.0, Diff:  0.0, Sum:  0.0, Workers: 4
[4317.533s][debug][gc,phases      ] GC(146)     Dead                           Min: 0, Avg:  0.0, Max: 0, Diff: 0, Sum: 0, Workers: 4
[4317.533s][debug][gc,phases      ] GC(146)     Total                          Min: 0, Avg: 11.2, Max: 45, Diff: 45, Sum: 45, Workers: 4
[4317.533s][debug][gc,phases      ] GC(146)   StringDedup Table Weak         Min:  0.0, Avg:  0.0, Max:  0.0, Diff:  0.0, Sum:  0.0, Workers: 4
[4317.533s][debug][gc,phases      ] GC(146)     Dead                           Min: 0, Avg:  0.0, Max: 0, Diff: 0, Sum: 0, Workers: 4
[4317.533s][debug][gc,phases      ] GC(146)     Total                          Min: 0, Avg:  0.0, Max: 0, Diff: 0, Sum: 0, Workers: 4
[4317.533s][debug][gc,phases      ] GC(146)   StringDedup Requests0 Weak     Min:  0.0, Avg:  0.0, Max:  0.0, Diff:  0.0, Sum:  0.0, Workers: 4
[4317.533s][debug][gc,phases      ] GC(146)     Dead                           Min: 0, Avg:  0.0, Max: 0, Diff: 0, Sum: 0, Workers: 4
[4317.533s][debug][gc,phases      ] GC(146)     Total                          Min: 0, Avg:  0.0, Max: 0, Diff: 0, Sum: 0, Workers: 4
[4317.533s][debug][gc,phases      ] GC(146)   StringDedup Requests1 Weak     Min:  0.0, Avg:  0.0, Max:  0.0, Diff:  0.0, Sum:  0.0, Workers: 4
[4317.533s][debug][gc,phases      ] GC(146)     Dead                           Min: 0, Avg:  0.0, Max: 0, Diff: 0, Sum: 0, Workers: 4
[4317.533s][debug][gc,phases      ] GC(146)     Total                          Min: 0, Avg:  0.0, Max: 0, Diff: 0, Sum: 0, Workers: 4
[4317.533s][debug][gc,phases      ] GC(146)   Weak JFR Old Object Samples    Min:  0.0, Avg:  0.0, Max:  0.0, Diff:  0.0, Sum:  0.0, Workers: 4
[4317.533s][debug][gc,phases      ] GC(146)     Dead                           Min: 0, Avg:  0.0, Max: 0, Diff: 0, Sum: 0, Workers: 4
[4317.533s][debug][gc,phases      ] GC(146)     Total                          Min: 0, Avg:  0.0, Max: 0, Diff: 0, Sum: 0, Workers: 4
[4317.533s][debug][gc,phases      ] GC(146) Weak Processing 0.656ms
[4317.533s][debug][gc,age         ] GC(146) Desired survivor size 171442176 bytes, new threshold 15 (max threshold 15)
[4317.533s][info ][gc,heap        ] GC(146) PSYoungGen: 1867952K(1925120K)->119968K(1920000K) Eden: 1747968K(1747968K)->0K(1747968K) From: 119984K(177152K)->119968K(172032K)
[4317.533s][info ][gc,heap        ] GC(146) ParOldGen: 501647K(571392K)->501679K(571392K)
[4317.533s][info ][gc,metaspace   ] GC(146) Metaspace: 84592K(85696K)->84592K(85696K) NonClass: 72697K(73216K)->72697K(73216K) Class: 11894K(12480K)->11894K(12480K)
[4317.533s][info ][gc             ] GC(146) Pause Young (Allocation Failure) 2314M->607M(2433M) 26.534ms
[4317.533s][info ][gc,cpu         ] GC(146) User=0.09s Sys=0.00s Real=0.02s
[4317.533s][info ][safepoint      ] Safepoint "ParallelGCFailedAllocation", Time since last: 5762406763 ns, Reaching safepoint: 97800 ns, At safepoint: 26623516 ns, Total: 26721316 ns
[4321.534s][info ][safepoint      ] Safepoint "Cleanup", Time since last: 4000310028 ns, Reaching safepoint: 60001 ns, At safepoint: 8100 ns, Total: 68101 ns
[4322.534s][info ][safepoint      ] Safepoint "Cleanup", Time since last: 1000120382 ns, Reaching safepoint: 54601 ns, At safepoint: 3000 ns, Total: 57601 ns
[4344.535s][info ][safepoint      ] Safepoint "Cleanup", Time since last: 22001535982 ns, Reaching safepoint: 43500 ns, At safepoint: 3100 ns, Total: 46600 ns
[4367.537s][info ][safepoint      ] Safepoint "Cleanup", Time since last: 23001663964 ns, Reaching safepoint: 49401 ns, At safepoint: 6000 ns, Total: 55401 ns
[4373.538s][info ][safepoint      ] Safepoint "Cleanup", Time since last: 6000479377 ns, Reaching safepoint: 84400 ns, At safepoint: 4600 ns, Total: 89000 ns
[4378.262s][info ][gc,start       ] GC(147) Pause Young (Allocation Failure)
[4378.293s][debug][gc,phases      ] GC(147) Scavenge 30.575ms
[4378.293s][debug][gc,ref         ] GC(147) Skipped phase 1 of Reference Processing: no references
[4378.293s][debug][gc,ref         ] GC(147) ReferenceProcessor::execute queues: 1, RefProcThreadModel::Single, marks_oops_alive: false
[4378.293s][debug][gc,ref         ] GC(147) Skipped phase 3 of Reference Processing: no references
[4378.293s][debug][gc,ref         ] GC(147) ReferenceProcessor::execute queues: 1, RefProcThreadModel::Single, marks_oops_alive: false
[4378.293s][debug][gc,phases      ] GC(147) Reference Processing 0.119ms
[4378.293s][debug][gc,phases      ] GC(147)   VM Weak                        Min:  0.0, Avg:  0.0, Max:  0.0, Diff:  0.0, Sum:  0.0, Workers: 4
[4378.293s][debug][gc,phases      ] GC(147)     Dead                           Min: 0, Avg:  0.0, Max: 0, Diff: 0, Sum: 0, Workers: 4
[4378.293s][debug][gc,phases      ] GC(147)     Total                          Min: 0, Avg: 202.0, Max: 744, Diff: 744, Sum: 808, Workers: 4
[4378.293s][debug][gc,phases      ] GC(147)   ObjectSynchronizer Weak        Min:  0.0, Avg:  0.0, Max:  0.0, Diff:  0.0, Sum:  0.0, Workers: 4
[4378.293s][debug][gc,phases      ] GC(147)     Dead                           Min: 0, Avg:  0.0, Max: 0, Diff: 0, Sum: 0, Workers: 4
[4378.293s][debug][gc,phases      ] GC(147)     Total                          Min: 0, Avg: 13.5, Max: 54, Diff: 54, Sum: 54, Workers: 4
[4378.293s][debug][gc,phases      ] GC(147)   JVMTI Tag Weak OopStorage      Min:  0.0, Avg:  0.0, Max:  0.0, Diff:  0.0, Sum:  0.0, Workers: 4
[4378.293s][debug][gc,phases      ] GC(147)     Dead                           Min: 0, Avg:  0.0, Max: 0, Diff: 0, Sum: 0, Workers: 4
[4378.293s][debug][gc,phases      ] GC(147)     Total                          Min: 0, Avg:  0.0, Max: 0, Diff: 0, Sum: 0, Workers: 4
[4378.293s][debug][gc,phases      ] GC(147)   StringTable Weak               Min:  0.0, Avg:  0.1, Max:  0.2, Diff:  0.2, Sum:  0.3, Workers: 4
[4378.293s][debug][gc,phases      ] GC(147)     Dead                           Min: 0, Avg:  0.0, Max: 0, Diff: 0, Sum: 0, Workers: 4
[4378.293s][debug][gc,phases      ] GC(147)     Total                          Min: 0, Avg: 11051.2, Max: 25904, Diff: 25904, Sum: 44205, Workers: 4
[4378.293s][debug][gc,phases      ] GC(147)   ResolvedMethodTable Weak       Min:  0.0, Avg:  0.0, Max:  0.0, Diff:  0.0, Sum:  0.1, Workers: 4
[4378.293s][debug][gc,phases      ] GC(147)     Dead                           Min: 0, Avg:  0.0, Max: 0, Diff: 0, Sum: 0, Workers: 4
[4378.293s][debug][gc,phases      ] GC(147)     Total                          Min: 0, Avg: 2500.0, Max: 5568, Diff: 5568, Sum: 10000, Workers: 4
[4378.293s][debug][gc,phases      ] GC(147)   JNI Weak                       Min:  0.0, Avg:  0.0, Max:  0.0, Diff:  0.0, Sum:  0.0, Workers: 4
[4378.293s][debug][gc,phases      ] GC(147)     Dead                           Min: 0, Avg:  0.0, Max: 0, Diff: 0, Sum: 0, Workers: 4
[4378.293s][debug][gc,phases      ] GC(147)     Total                          Min: 0, Avg: 11.2, Max: 45, Diff: 45, Sum: 45, Workers: 4
[4378.293s][debug][gc,phases      ] GC(147)   StringDedup Table Weak         Min:  0.0, Avg:  0.0, Max:  0.0, Diff:  0.0, Sum:  0.0, Workers: 4
[4378.293s][debug][gc,phases      ] GC(147)     Dead                           Min: 0, Avg:  0.0, Max: 0, Diff: 0, Sum: 0, Workers: 4
[4378.293s][debug][gc,phases      ] GC(147)     Total                          Min: 0, Avg:  0.0, Max: 0, Diff: 0, Sum: 0, Workers: 4
[4378.293s][debug][gc,phases      ] GC(147)   StringDedup Requests0 Weak     Min:  0.0, Avg:  0.0, Max:  0.0, Diff:  0.0, Sum:  0.0, Workers: 4
[4378.293s][debug][gc,phases      ] GC(147)     Dead                           Min: 0, Avg:  0.0, Max: 0, Diff: 0, Sum: 0, Workers: 4
[4378.293s][debug][gc,phases      ] GC(147)     Total                          Min: 0, Avg:  0.0, Max: 0, Diff: 0, Sum: 0, Workers: 4
[4378.293s][debug][gc,phases      ] GC(147)   StringDedup Requests1 Weak     Min:  0.0, Avg:  0.0, Max:  0.0, Diff:  0.0, Sum:  0.0, Workers: 4
[4378.293s][debug][gc,phases      ] GC(147)     Dead                           Min: 0, Avg:  0.0, Max: 0, Diff: 0, Sum: 0, Workers: 4
[4378.293s][debug][gc,phases      ] GC(147)     Total                          Min: 0, Avg:  0.0, Max: 0, Diff: 0, Sum: 0, Workers: 4
[4378.293s][debug][gc,phases      ] GC(147)   Weak JFR Old Object Samples    Min:  0.0, Avg:  0.0, Max:  0.0, Diff:  0.0, Sum:  0.0, Workers: 4
[4378.293s][debug][gc,phases      ] GC(147)     Dead                           Min: 0, Avg:  0.0, Max: 0, Diff: 0, Sum: 0, Workers: 4
[4378.293s][debug][gc,phases      ] GC(147)     Total                          Min: 0, Avg:  0.0, Max: 0, Diff: 0, Sum: 0, Workers: 4
[4378.293s][debug][gc,phases      ] GC(147) Weak Processing 0.383ms
[4378.293s][debug][gc,age         ] GC(147) Desired survivor size 167247872 bytes, new threshold 15 (max threshold 15)
[4378.293s][info ][gc,heap        ] GC(147) PSYoungGen: 1867936K(1920000K)->120192K(1933824K) Eden: 1747968K(1747968K)->0K(1766400K) From: 119968K(172032K)->120192K(167424K)
[4378.293s][info ][gc,heap        ] GC(147) ParOldGen: 501679K(571392K)->501711K(571392K)
[4378.293s][info ][gc,metaspace   ] GC(147) Metaspace: 84596K(85760K)->84596K(85760K) NonClass: 72701K(73280K)->72701K(73280K) Class: 11894K(12480K)->11894K(12480K)
[4378.293s][info ][gc             ] GC(147) Pause Young (Allocation Failure) 2314M->607M(2446M) 31.230ms
[4378.293s][info ][gc,cpu         ] GC(147) User=0.10s Sys=0.00s Real=0.03s
[4378.293s][info ][safepoint      ] Safepoint "ParallelGCFailedAllocation", Time since last: 4724231763 ns, Reaching safepoint: 72600 ns, At safepoint: 31304846 ns, Total: 31377446 ns
[4401.295s][info ][safepoint      ] Safepoint "Cleanup", Time since last: 23001486525 ns, Reaching safepoint: 46800 ns, At safepoint: 3500 ns, Total: 50300 ns
[4422.296s][info ][safepoint      ] Safepoint "Cleanup", Time since last: 21001346444 ns, Reaching safepoint: 46301 ns, At safepoint: 3000 ns, Total: 49301 ns
[4435.297s][info ][safepoint      ] Safepoint "Cleanup", Time since last: 13000840720 ns, Reaching safepoint: 68000 ns, At safepoint: 2600 ns, Total: 70600 ns
[4436.297s][info ][safepoint      ] Safepoint "Cleanup", Time since last: 1000116481 ns, Reaching safepoint: 45400 ns, At safepoint: 2600 ns, Total: 48000 ns
[4439.356s][info ][gc,start       ] GC(148) Pause Young (Allocation Failure)
[4439.382s][debug][gc,phases      ] GC(148) Scavenge 26.039ms
[4439.382s][debug][gc,ref         ] GC(148) Skipped phase 1 of Reference Processing: no references
[4439.382s][debug][gc,ref         ] GC(148) ReferenceProcessor::execute queues: 1, RefProcThreadModel::Single, marks_oops_alive: false
[4439.382s][debug][gc,ref         ] GC(148) Skipped phase 3 of Reference Processing: no references
[4439.382s][debug][gc,ref         ] GC(148) ReferenceProcessor::execute queues: 1, RefProcThreadModel::Single, marks_oops_alive: false
[4439.382s][debug][gc,phases      ] GC(148) Reference Processing 0.106ms
[4439.382s][debug][gc,phases      ] GC(148)   VM Weak                        Min:  0.0, Avg:  0.0, Max:  0.0, Diff:  0.0, Sum:  0.0, Workers: 4
[4439.382s][debug][gc,phases      ] GC(148)     Dead                           Min: 0, Avg:  0.0, Max: 0, Diff: 0, Sum: 0, Workers: 4
[4439.382s][debug][gc,phases      ] GC(148)     Total                          Min: 0, Avg: 202.0, Max: 513, Diff: 513, Sum: 808, Workers: 4
[4439.382s][debug][gc,phases      ] GC(148)   ObjectSynchronizer Weak        Min:  0.0, Avg:  0.0, Max:  0.0, Diff:  0.0, Sum:  0.0, Workers: 4
[4439.382s][debug][gc,phases      ] GC(148)     Dead                           Min: 0, Avg:  0.0, Max: 0, Diff: 0, Sum: 0, Workers: 4
[4439.382s][debug][gc,phases      ] GC(148)     Total                          Min: 0, Avg: 13.5, Max: 54, Diff: 54, Sum: 54, Workers: 4
[4439.382s][debug][gc,phases      ] GC(148)   JVMTI Tag Weak OopStorage      Min:  0.0, Avg:  0.0, Max:  0.0, Diff:  0.0, Sum:  0.0, Workers: 4
[4439.382s][debug][gc,phases      ] GC(148)     Dead                           Min: 0, Avg:  0.0, Max: 0, Diff: 0, Sum: 0, Workers: 4
[4439.382s][debug][gc,phases      ] GC(148)     Total                          Min: 0, Avg:  0.0, Max: 0, Diff: 0, Sum: 0, Workers: 4
[4439.382s][debug][gc,phases      ] GC(148)   StringTable Weak               Min:  0.0, Avg:  0.1, Max:  0.2, Diff:  0.2, Sum:  0.3, Workers: 4
[4439.382s][debug][gc,phases      ] GC(148)     Dead                           Min: 0, Avg:  0.0, Max: 0, Diff: 0, Sum: 0, Workers: 4
[4439.382s][debug][gc,phases      ] GC(148)     Total                          Min: 0, Avg: 11051.2, Max: 25647, Diff: 25647, Sum: 44205, Workers: 4
[4439.382s][debug][gc,phases      ] GC(148)   ResolvedMethodTable Weak       Min:  0.0, Avg:  0.0, Max:  0.0, Diff:  0.0, Sum:  0.1, Workers: 4
[4439.382s][debug][gc,phases      ] GC(148)     Dead                           Min: 0, Avg:  0.0, Max: 0, Diff: 0, Sum: 0, Workers: 4
[4439.382s][debug][gc,phases      ] GC(148)     Total                          Min: 0, Avg: 2500.0, Max: 5632, Diff: 5632, Sum: 10000, Workers: 4
[4439.382s][debug][gc,phases      ] GC(148)   JNI Weak                       Min:  0.0, Avg:  0.0, Max:  0.0, Diff:  0.0, Sum:  0.0, Workers: 4
[4439.382s][debug][gc,phases      ] GC(148)     Dead                           Min: 0, Avg:  0.0, Max: 0, Diff: 0, Sum: 0, Workers: 4
[4439.382s][debug][gc,phases      ] GC(148)     Total                          Min: 0, Avg: 11.2, Max: 45, Diff: 45, Sum: 45, Workers: 4
[4439.382s][debug][gc,phases      ] GC(148)   StringDedup Table Weak         Min:  0.0, Avg:  0.0, Max:  0.0, Diff:  0.0, Sum:  0.0, Workers: 4
[4439.383s][debug][gc,phases      ] GC(148)     Dead                           Min: 0, Avg:  0.0, Max: 0, Diff: 0, Sum: 0, Workers: 4
[4439.383s][debug][gc,phases      ] GC(148)     Total                          Min: 0, Avg:  0.0, Max: 0, Diff: 0, Sum: 0, Workers: 4
[4439.383s][debug][gc,phases      ] GC(148)   StringDedup Requests0 Weak     Min:  0.0, Avg:  0.0, Max:  0.0, Diff:  0.0, Sum:  0.0, Workers: 4
[4439.383s][debug][gc,phases      ] GC(148)     Dead                           Min: 0, Avg:  0.0, Max: 0, Diff: 0, Sum: 0, Workers: 4
[4439.383s][debug][gc,phases      ] GC(148)     Total                          Min: 0, Avg:  0.0, Max: 0, Diff: 0, Sum: 0, Workers: 4
[4439.383s][debug][gc,phases      ] GC(148)   StringDedup Requests1 Weak     Min:  0.0, Avg:  0.0, Max:  0.0, Diff:  0.0, Sum:  0.0, Workers: 4
[4439.383s][debug][gc,phases      ] GC(148)     Dead                           Min: 0, Avg:  0.0, Max: 0, Diff: 0, Sum: 0, Workers: 4
[4439.383s][debug][gc,phases      ] GC(148)     Total                          Min: 0, Avg:  0.0, Max: 0, Diff: 0, Sum: 0, Workers: 4
[4439.383s][debug][gc,phases      ] GC(148)   Weak JFR Old Object Samples    Min:  0.0, Avg:  0.0, Max:  0.0, Diff:  0.0, Sum:  0.0, Workers: 4
[4439.383s][debug][gc,phases      ] GC(148)     Dead                           Min: 0, Avg:  0.0, Max: 0, Diff: 0, Sum: 0, Workers: 4
[4439.383s][debug][gc,phases      ] GC(148)     Total                          Min: 0, Avg:  0.0, Max: 0, Diff: 0, Sum: 0, Workers: 4
[4439.383s][debug][gc,phases      ] GC(148) Weak Processing 0.369ms
[4439.383s][debug][gc,age         ] GC(148) Desired survivor size 163053568 bytes, new threshold 15 (max threshold 15)
[4439.383s][info ][gc,heap        ] GC(148) PSYoungGen: 1886592K(1933824K)->119808K(1929728K) Eden: 1766400K(1766400K)->0K(1766400K) From: 120192K(167424K)->119808K(163328K)
[4439.383s][info ][gc,heap        ] GC(148) ParOldGen: 501711K(571392K)->501743K(571392K)
[4439.383s][info ][gc,metaspace   ] GC(148) Metaspace: 84607K(85760K)->84607K(85760K) NonClass: 72712K(73280K)->72712K(73280K) Class: 11894K(12480K)->11894K(12480K)
[4439.383s][info ][gc             ] GC(148) Pause Young (Allocation Failure) 2332M->606M(2442M) 26.639ms
[4439.383s][info ][gc,cpu         ] GC(148) User=0.10s Sys=0.00s Real=0.03s
[4439.383s][info ][safepoint      ] Safepoint "ParallelGCFailedAllocation", Time since last: 3058620185 ns, Reaching safepoint: 76800 ns, At safepoint: 26714313 ns, Total: 26791113 ns
[4459.384s][info ][safepoint      ] Safepoint "Cleanup", Time since last: 20001458505 ns, Reaching safepoint: 46300 ns, At safepoint: 3300 ns, Total: 49600 ns
[4461.384s][info ][safepoint      ] Safepoint "Cleanup", Time since last: 2000203124 ns, Reaching safepoint: 49900 ns, At safepoint: 4301 ns, Total: 54201 ns
[4498.806s][info ][gc,start       ] GC(149) Pause Young (Allocation Failure)
[4498.836s][debug][gc,phases      ] GC(149) Scavenge 29.842ms
[4498.836s][debug][gc,ref         ] GC(149) Skipped phase 1 of Reference Processing: no references
[4498.836s][debug][gc,ref         ] GC(149) ReferenceProcessor::execute queues: 1, RefProcThreadModel::Single, marks_oops_alive: false
[4498.836s][debug][gc,ref         ] GC(149) Skipped phase 3 of Reference Processing: no references
[4498.836s][debug][gc,ref         ] GC(149) ReferenceProcessor::execute queues: 1, RefProcThreadModel::Single, marks_oops_alive: false
[4498.836s][debug][gc,phases      ] GC(149) Reference Processing 0.134ms
[4498.836s][debug][gc,phases      ] GC(149)   VM Weak                        Min:  0.0, Avg:  0.0, Max:  0.0, Diff:  0.0, Sum:  0.0, Workers: 4
[4498.836s][debug][gc,phases      ] GC(149)     Dead                           Min: 0, Avg:  0.0, Max: 0, Diff: 0, Sum: 0, Workers: 4
[4498.836s][debug][gc,phases      ] GC(149)     Total                          Min: 0, Avg: 202.0, Max: 513, Diff: 513, Sum: 808, Workers: 4
[4498.837s][debug][gc,phases      ] GC(149)   ObjectSynchronizer Weak        Min:  0.0, Avg:  0.0, Max:  0.0, Diff:  0.0, Sum:  0.0, Workers: 4
[4498.837s][debug][gc,phases      ] GC(149)     Dead                           Min: 0, Avg:  0.0, Max: 0, Diff: 0, Sum: 0, Workers: 4
[4498.837s][debug][gc,phases      ] GC(149)     Total                          Min: 0, Avg: 13.5, Max: 54, Diff: 54, Sum: 54, Workers: 4
[4498.837s][debug][gc,phases      ] GC(149)   JVMTI Tag Weak OopStorage      Min:  0.0, Avg:  0.0, Max:  0.0, Diff:  0.0, Sum:  0.0, Workers: 4
[4498.837s][debug][gc,phases      ] GC(149)     Dead                           Min: 0, Avg:  0.0, Max: 0, Diff: 0, Sum: 0, Workers: 4
[4498.837s][debug][gc,phases      ] GC(149)     Total                          Min: 0, Avg:  0.0, Max: 0, Diff: 0, Sum: 0, Workers: 4
[4498.837s][debug][gc,phases      ] GC(149)   StringTable Weak               Min:  0.0, Avg:  0.1, Max:  0.1, Diff:  0.1, Sum:  0.4, Workers: 4
[4498.837s][debug][gc,phases      ] GC(149)     Dead                           Min: 0, Avg:  0.0, Max: 0, Diff: 0, Sum: 0, Workers: 4
[4498.837s][debug][gc,phases      ] GC(149)     Total                          Min: 0, Avg: 11051.2, Max: 15104, Diff: 15104, Sum: 44205, Workers: 4
[4498.837s][debug][gc,phases      ] GC(149)   ResolvedMethodTable Weak       Min:  0.0, Avg:  0.0, Max:  0.0, Diff:  0.0, Sum:  0.1, Workers: 4
[4498.837s][debug][gc,phases      ] GC(149)     Dead                           Min: 0, Avg:  0.0, Max: 0, Diff: 0, Sum: 0, Workers: 4
[4498.837s][debug][gc,phases      ] GC(149)     Total                          Min: 0, Avg: 2500.0, Max: 3392, Diff: 3392, Sum: 10000, Workers: 4
[4498.837s][debug][gc,phases      ] GC(149)   JNI Weak                       Min:  0.0, Avg:  0.0, Max:  0.0, Diff:  0.0, Sum:  0.0, Workers: 4
[4498.837s][debug][gc,phases      ] GC(149)     Dead                           Min: 0, Avg:  0.0, Max: 0, Diff: 0, Sum: 0, Workers: 4
[4498.837s][debug][gc,phases      ] GC(149)     Total                          Min: 0, Avg: 11.2, Max: 45, Diff: 45, Sum: 45, Workers: 4
[4498.837s][debug][gc,phases      ] GC(149)   StringDedup Table Weak         Min:  0.0, Avg:  0.0, Max:  0.0, Diff:  0.0, Sum:  0.0, Workers: 4
[4498.837s][debug][gc,phases      ] GC(149)     Dead                           Min: 0, Avg:  0.0, Max: 0, Diff: 0, Sum: 0, Workers: 4
[4498.837s][debug][gc,phases      ] GC(149)     Total                          Min: 0, Avg:  0.0, Max: 0, Diff: 0, Sum: 0, Workers: 4
[4498.837s][debug][gc,phases      ] GC(149)   StringDedup Requests0 Weak     Min:  0.0, Avg:  0.0, Max:  0.0, Diff:  0.0, Sum:  0.0, Workers: 4
[4498.837s][debug][gc,phases      ] GC(149)     Dead                           Min: 0, Avg:  0.0, Max: 0, Diff: 0, Sum: 0, Workers: 4
[4498.837s][debug][gc,phases      ] GC(149)     Total                          Min: 0, Avg:  0.0, Max: 0, Diff: 0, Sum: 0, Workers: 4
[4498.837s][debug][gc,phases      ] GC(149)   StringDedup Requests1 Weak     Min:  0.0, Avg:  0.0, Max:  0.0, Diff:  0.0, Sum:  0.0, Workers: 4
[4498.837s][debug][gc,phases      ] GC(149)     Dead                           Min: 0, Avg:  0.0, Max: 0, Diff: 0, Sum: 0, Workers: 4
[4498.837s][debug][gc,phases      ] GC(149)     Total                          Min: 0, Avg:  0.0, Max: 0, Diff: 0, Sum: 0, Workers: 4
[4498.837s][debug][gc,phases      ] GC(149)   Weak JFR Old Object Samples    Min:  0.0, Avg:  0.0, Max:  0.0, Diff:  0.0, Sum:  0.0, Workers: 4
[4498.837s][debug][gc,phases      ] GC(149)     Dead                           Min: 0, Avg:  0.0, Max: 0, Diff: 0, Sum: 0, Workers: 4
[4498.837s][debug][gc,phases      ] GC(149)     Total                          Min: 0, Avg:  0.0, Max: 0, Diff: 0, Sum: 0, Workers: 4
[4498.837s][debug][gc,phases      ] GC(149) Weak Processing 0.348ms
[4498.837s][debug][gc,age         ] GC(149) Desired survivor size 158859264 bytes, new threshold 15 (max threshold 15)
[4498.837s][info ][gc,heap        ] GC(149) PSYoungGen: 1886208K(1929728K)->118816K(1942016K) Eden: 1766400K(1766400K)->0K(1782784K) From: 119808K(163328K)->118816K(159232K)
[4498.837s][info ][gc,heap        ] GC(149) ParOldGen: 501743K(571392K)->503076K(571392K)
[4498.837s][info ][gc,metaspace   ] GC(149) Metaspace: 84609K(85760K)->84609K(85760K) NonClass: 72714K(73280K)->72714K(73280K) Class: 11894K(12480K)->11894K(12480K)
[4498.837s][info ][gc             ] GC(149) Pause Young (Allocation Failure) 2331M->607M(2454M) 30.484ms
[4498.837s][info ][gc,cpu         ] GC(149) User=0.10s Sys=0.00s Real=0.02s
[4498.837s][info ][safepoint      ] Safepoint "ParallelGCFailedAllocation", Time since last: 37421646782 ns, Reaching safepoint: 104801 ns, At safepoint: 30557642 ns, Total: 30662443 ns
[4509.838s][info ][safepoint      ] Safepoint "Cleanup", Time since last: 11000750740 ns, Reaching safepoint: 53001 ns, At safepoint: 4700 ns, Total: 57701 ns
[4540.840s][info ][safepoint      ] Safepoint "Cleanup", Time since last: 31002145866 ns, Reaching safepoint: 63401 ns, At safepoint: 8100 ns, Total: 71501 ns
[4543.840s][info ][safepoint      ] Safepoint "Cleanup", Time since last: 3000259175 ns, Reaching safepoint: 45900 ns, At safepoint: 3300 ns, Total: 49200 ns
[4558.208s][info ][gc,start       ] GC(150) Pause Young (Allocation Failure)
[4558.234s][debug][gc,phases      ] GC(150) Scavenge 26.047ms
[4558.234s][debug][gc,ref         ] GC(150) Skipped phase 1 of Reference Processing: no references
[4558.234s][debug][gc,ref         ] GC(150) ReferenceProcessor::execute queues: 1, RefProcThreadModel::Single, marks_oops_alive: false
[4558.234s][debug][gc,ref         ] GC(150) Skipped phase 3 of Reference Processing: no references
[4558.234s][debug][gc,ref         ] GC(150) ReferenceProcessor::execute queues: 1, RefProcThreadModel::Single, marks_oops_alive: false
[4558.234s][debug][gc,phases      ] GC(150) Reference Processing 0.107ms
[4558.234s][debug][gc,phases      ] GC(150)   VM Weak                        Min:  0.0, Avg:  0.0, Max:  0.0, Diff:  0.0, Sum:  0.0, Workers: 4
[4558.234s][debug][gc,phases      ] GC(150)     Dead                           Min: 0, Avg:  0.0, Max: 0, Diff: 0, Sum: 0, Workers: 4
[4558.235s][debug][gc,phases      ] GC(150)     Total                          Min: 0, Avg: 202.0, Max: 558, Diff: 558, Sum: 808, Workers: 4
[4558.235s][debug][gc,phases      ] GC(150)   ObjectSynchronizer Weak        Min:  0.0, Avg:  0.0, Max:  0.0, Diff:  0.0, Sum:  0.0, Workers: 4
[4558.235s][debug][gc,phases      ] GC(150)     Dead                           Min: 0, Avg:  0.0, Max: 0, Diff: 0, Sum: 0, Workers: 4
[4558.235s][debug][gc,phases      ] GC(150)     Total                          Min: 0, Avg: 13.5, Max: 54, Diff: 54, Sum: 54, Workers: 4
[4558.235s][debug][gc,phases      ] GC(150)   JVMTI Tag Weak OopStorage      Min:  0.0, Avg:  0.0, Max:  0.0, Diff:  0.0, Sum:  0.0, Workers: 4
[4558.235s][debug][gc,phases      ] GC(150)     Dead                           Min: 0, Avg:  0.0, Max: 0, Diff: 0, Sum: 0, Workers: 4
[4558.235s][debug][gc,phases      ] GC(150)     Total                          Min: 0, Avg:  0.0, Max: 0, Diff: 0, Sum: 0, Workers: 4
[4558.235s][debug][gc,phases      ] GC(150)   StringTable Weak               Min:  0.0, Avg:  0.1, Max:  0.2, Diff:  0.2, Sum:  0.4, Workers: 4
[4558.235s][debug][gc,phases      ] GC(150)     Dead                           Min: 0, Avg:  0.0, Max: 0, Diff: 0, Sum: 0, Workers: 4
[4558.235s][debug][gc,phases      ] GC(150)     Total                          Min: 0, Avg: 11052.5, Max: 25021, Diff: 25021, Sum: 44210, Workers: 4
[4558.235s][debug][gc,phases      ] GC(150)   ResolvedMethodTable Weak       Min:  0.0, Avg:  0.0, Max:  0.0, Diff:  0.0, Sum:  0.1, Workers: 4
[4558.235s][debug][gc,phases      ] GC(150)     Dead                           Min: 0, Avg:  0.0, Max: 0, Diff: 0, Sum: 0, Workers: 4
[4558.235s][debug][gc,phases      ] GC(150)     Total                          Min: 0, Avg: 2500.0, Max: 5136, Diff: 5136, Sum: 10000, Workers: 4
[4558.235s][debug][gc,phases      ] GC(150)   JNI Weak                       Min:  0.0, Avg:  0.0, Max:  0.0, Diff:  0.0, Sum:  0.0, Workers: 4
[4558.235s][debug][gc,phases      ] GC(150)     Dead                           Min: 0, Avg:  0.0, Max: 0, Diff: 0, Sum: 0, Workers: 4
[4558.235s][debug][gc,phases      ] GC(150)     Total                          Min: 0, Avg: 11.2, Max: 45, Diff: 45, Sum: 45, Workers: 4
[4558.235s][debug][gc,phases      ] GC(150)   StringDedup Table Weak         Min:  0.0, Avg:  0.0, Max:  0.0, Diff:  0.0, Sum:  0.0, Workers: 4
[4558.235s][debug][gc,phases      ] GC(150)     Dead                           Min: 0, Avg:  0.0, Max: 0, Diff: 0, Sum: 0, Workers: 4
[4558.235s][debug][gc,phases      ] GC(150)     Total                          Min: 0, Avg:  0.0, Max: 0, Diff: 0, Sum: 0, Workers: 4
[4558.235s][debug][gc,phases      ] GC(150)   StringDedup Requests0 Weak     Min:  0.0, Avg:  0.0, Max:  0.0, Diff:  0.0, Sum:  0.0, Workers: 4
[4558.235s][debug][gc,phases      ] GC(150)     Dead                           Min: 0, Avg:  0.0, Max: 0, Diff: 0, Sum: 0, Workers: 4
[4558.235s][debug][gc,phases      ] GC(150)     Total                          Min: 0, Avg:  0.0, Max: 0, Diff: 0, Sum: 0, Workers: 4
[4558.235s][debug][gc,phases      ] GC(150)   StringDedup Requests1 Weak     Min:  0.0, Avg:  0.0, Max:  0.0, Diff:  0.0, Sum:  0.0, Workers: 4
[4558.235s][debug][gc,phases      ] GC(150)     Dead                           Min: 0, Avg:  0.0, Max: 0, Diff: 0, Sum: 0, Workers: 4
[4558.235s][debug][gc,phases      ] GC(150)     Total                          Min: 0, Avg:  0.0, Max: 0, Diff: 0, Sum: 0, Workers: 4
[4558.235s][debug][gc,phases      ] GC(150)   Weak JFR Old Object Samples    Min:  0.0, Avg:  0.0, Max:  0.0, Diff:  0.0, Sum:  0.0, Workers: 4
[4558.235s][debug][gc,phases      ] GC(150)     Dead                           Min: 0, Avg:  0.0, Max: 0, Diff: 0, Sum: 0, Workers: 4
[4558.235s][debug][gc,phases      ] GC(150)     Total                          Min: 0, Avg:  0.0, Max: 0, Diff: 0, Sum: 0, Workers: 4
[4558.235s][debug][gc,phases      ] GC(150) Weak Processing 0.414ms
[4558.235s][debug][gc,age         ] GC(150) Desired survivor size 155713536 bytes, new threshold 15 (max threshold 15)
[4558.235s][info ][gc,heap        ] GC(150) PSYoungGen: 1901600K(1942016K)->119056K(1937920K) Eden: 1782784K(1782784K)->0K(1782784K) From: 118816K(159232K)->119056K(155136K)
[4558.235s][info ][gc,heap        ] GC(150) ParOldGen: 503076K(571392K)->503324K(571392K)
[4558.235s][info ][gc,metaspace   ] GC(150) Metaspace: 84615K(85760K)->84615K(85760K) NonClass: 72720K(73280K)->72720K(73280K) Class: 11894K(12480K)->11894K(12480K)
[4558.235s][info ][gc             ] GC(150) Pause Young (Allocation Failure) 2348M->607M(2450M) 26.703ms
[4558.235s][info ][gc,cpu         ] GC(150) User=0.09s Sys=0.00s Real=0.02s
[4558.235s][info ][safepoint      ] Safepoint "ParallelGCFailedAllocation", Time since last: 14367773481 ns, Reaching safepoint: 109001 ns, At safepoint: 26776713 ns, Total: 26885714 ns
[4565.235s][info ][safepoint      ] Safepoint "Cleanup", Time since last: 7000508269 ns, Reaching safepoint: 47100 ns, At safepoint: 31001 ns, Total: 78101 ns
[4584.237s][info ][safepoint      ] Safepoint "Cleanup", Time since last: 19001477902 ns, Reaching safepoint: 55700 ns, At safepoint: 4700 ns, Total: 60400 ns
[4592.238s][info ][safepoint      ] Safepoint "Cleanup", Time since last: 8000705479 ns, Reaching safepoint: 69100 ns, At safepoint: 5700 ns, Total: 74800 ns
[4616.239s][info ][safepoint      ] Safepoint "Cleanup", Time since last: 24001696298 ns, Reaching safepoint: 54601 ns, At safepoint: 2900 ns, Total: 57501 ns
[4617.861s][info ][gc,start       ] GC(151) Pause Young (Allocation Failure)
[4617.891s][debug][gc,phases      ] GC(151) Scavenge 30.434ms
[4617.891s][debug][gc,ref         ] GC(151) Skipped phase 1 of Reference Processing: no references
[4617.891s][debug][gc,ref         ] GC(151) ReferenceProcessor::execute queues: 1, RefProcThreadModel::Single, marks_oops_alive: false
[4617.891s][debug][gc,ref         ] GC(151) Skipped phase 3 of Reference Processing: no references
[4617.891s][debug][gc,ref         ] GC(151) ReferenceProcessor::execute queues: 1, RefProcThreadModel::Single, marks_oops_alive: false
[4617.891s][debug][gc,phases      ] GC(151) Reference Processing 0.102ms
[4617.892s][debug][gc,phases      ] GC(151)   VM Weak                        Min:  0.0, Avg:  0.0, Max:  0.0, Diff:  0.0, Sum:  0.0, Workers: 4
[4617.892s][debug][gc,phases      ] GC(151)     Dead                           Min: 0, Avg:  0.0, Max: 0, Diff: 0, Sum: 0, Workers: 4
[4617.892s][debug][gc,phases      ] GC(151)     Total                          Min: 0, Avg: 202.0, Max: 488, Diff: 488, Sum: 808, Workers: 4
[4617.892s][debug][gc,phases      ] GC(151)   ObjectSynchronizer Weak        Min:  0.0, Avg:  0.0, Max:  0.0, Diff:  0.0, Sum:  0.0, Workers: 4
[4617.892s][debug][gc,phases      ] GC(151)     Dead                           Min: 0, Avg:  0.0, Max: 0, Diff: 0, Sum: 0, Workers: 4
[4617.892s][debug][gc,phases      ] GC(151)     Total                          Min: 0, Avg: 13.5, Max: 54, Diff: 54, Sum: 54, Workers: 4
[4617.892s][debug][gc,phases      ] GC(151)   JVMTI Tag Weak OopStorage      Min:  0.0, Avg:  0.0, Max:  0.0, Diff:  0.0, Sum:  0.0, Workers: 4
[4617.892s][debug][gc,phases      ] GC(151)     Dead                           Min: 0, Avg:  0.0, Max: 0, Diff: 0, Sum: 0, Workers: 4
[4617.892s][debug][gc,phases      ] GC(151)     Total                          Min: 0, Avg:  0.0, Max: 0, Diff: 0, Sum: 0, Workers: 4
[4617.892s][debug][gc,phases      ] GC(151)   StringTable Weak               Min:  0.0, Avg:  0.1, Max:  0.1, Diff:  0.1, Sum:  0.4, Workers: 4
[4617.892s][debug][gc,phases      ] GC(151)     Dead                           Min: 0, Avg:  0.0, Max: 0, Diff: 0, Sum: 0, Workers: 4
[4617.892s][debug][gc,phases      ] GC(151)     Total                          Min: 0, Avg: 11052.5, Max: 15039, Diff: 15039, Sum: 44210, Workers: 4
[4617.892s][debug][gc,phases      ] GC(151)   ResolvedMethodTable Weak       Min:  0.0, Avg:  0.0, Max:  0.0, Diff:  0.0, Sum:  0.1, Workers: 4
[4617.892s][debug][gc,phases      ] GC(151)     Dead                           Min: 0, Avg:  0.0, Max: 0, Diff: 0, Sum: 0, Workers: 4
[4617.892s][debug][gc,phases      ] GC(151)     Total                          Min: 0, Avg: 2500.0, Max: 3392, Diff: 3392, Sum: 10000, Workers: 4
[4617.892s][debug][gc,phases      ] GC(151)   JNI Weak                       Min:  0.0, Avg:  0.0, Max:  0.0, Diff:  0.0, Sum:  0.0, Workers: 4
[4617.892s][debug][gc,phases      ] GC(151)     Dead                           Min: 0, Avg:  0.0, Max: 0, Diff: 0, Sum: 0, Workers: 4
[4617.892s][debug][gc,phases      ] GC(151)     Total                          Min: 0, Avg: 11.2, Max: 45, Diff: 45, Sum: 45, Workers: 4
[4617.892s][debug][gc,phases      ] GC(151)   StringDedup Table Weak         Min:  0.0, Avg:  0.0, Max:  0.0, Diff:  0.0, Sum:  0.0, Workers: 4
[4617.892s][debug][gc,phases      ] GC(151)     Dead                           Min: 0, Avg:  0.0, Max: 0, Diff: 0, Sum: 0, Workers: 4
[4617.892s][debug][gc,phases      ] GC(151)     Total                          Min: 0, Avg:  0.0, Max: 0, Diff: 0, Sum: 0, Workers: 4
[4617.892s][debug][gc,phases      ] GC(151)   StringDedup Requests0 Weak     Min:  0.0, Avg:  0.0, Max:  0.0, Diff:  0.0, Sum:  0.0, Workers: 4
[4617.892s][debug][gc,phases      ] GC(151)     Dead                           Min: 0, Avg:  0.0, Max: 0, Diff: 0, Sum: 0, Workers: 4
[4617.892s][debug][gc,phases      ] GC(151)     Total                          Min: 0, Avg:  0.0, Max: 0, Diff: 0, Sum: 0, Workers: 4
[4617.892s][debug][gc,phases      ] GC(151)   StringDedup Requests1 Weak     Min:  0.0, Avg:  0.0, Max:  0.0, Diff:  0.0, Sum:  0.0, Workers: 4
[4617.892s][debug][gc,phases      ] GC(151)     Dead                           Min: 0, Avg:  0.0, Max: 0, Diff: 0, Sum: 0, Workers: 4
[4617.892s][debug][gc,phases      ] GC(151)     Total                          Min: 0, Avg:  0.0, Max: 0, Diff: 0, Sum: 0, Workers: 4
[4617.892s][debug][gc,phases      ] GC(151)   Weak JFR Old Object Samples    Min:  0.0, Avg:  0.0, Max:  0.0, Diff:  0.0, Sum:  0.0, Workers: 4
[4617.892s][debug][gc,phases      ] GC(151)     Dead                           Min: 0, Avg:  0.0, Max: 0, Diff: 0, Sum: 0, Workers: 4
[4617.892s][debug][gc,phases      ] GC(151)     Total                          Min: 0, Avg:  0.0, Max: 0, Diff: 0, Sum: 0, Workers: 4
[4617.892s][debug][gc,phases      ] GC(151) Weak Processing 0.338ms
[4617.892s][debug][gc,age         ] GC(151) Desired survivor size 152567808 bytes, new threshold 15 (max threshold 15)
[4617.892s][info ][gc,heap        ] GC(151) PSYoungGen: 1901840K(1937920K)->116976K(1948160K) Eden: 1782784K(1782784K)->0K(1796096K) From: 119056K(155136K)->116976K(152064K)
[4617.892s][info ][gc,heap        ] GC(151) ParOldGen: 503324K(571392K)->505088K(571392K)
[4617.892s][info ][gc,metaspace   ] GC(151) Metaspace: 84621K(85760K)->84621K(85760K) NonClass: 72726K(73280K)->72726K(73280K) Class: 11894K(12480K)->11894K(12480K)
[4617.892s][info ][gc             ] GC(151) Pause Young (Allocation Failure) 2348M->607M(2460M) 30.996ms
[4617.892s][info ][gc,cpu         ] GC(151) User=0.11s Sys=0.00s Real=0.03s
[4617.892s][info ][safepoint      ] Safepoint "ParallelGCFailedAllocation", Time since last: 1621418650 ns, Reaching safepoint: 46300 ns, At safepoint: 31067047 ns, Total: 31113347 ns
[4618.892s][info ][safepoint      ] Safepoint "Cleanup", Time since last: 1000099426 ns, Reaching safepoint: 50300 ns, At safepoint: 3500 ns, Total: 53800 ns
[4623.892s][info ][safepoint      ] Safepoint "Cleanup", Time since last: 5000324871 ns, Reaching safepoint: 43000 ns, At safepoint: 3801 ns, Total: 46801 ns
[4642.894s][info ][safepoint      ] Safepoint "Cleanup", Time since last: 19001264138 ns, Reaching safepoint: 53801 ns, At safepoint: 2700 ns, Total: 56501 ns
[4644.894s][info ][safepoint      ] Safepoint "Cleanup", Time since last: 2000164599 ns, Reaching safepoint: 44000 ns, At safepoint: 2600 ns, Total: 46600 ns
[4657.895s][info ][safepoint      ] Safepoint "Cleanup", Time since last: 13000966444 ns, Reaching safepoint: 48301 ns, At safepoint: 3500 ns, Total: 51801 ns
[4669.855s][info ][gc,start       ] GC(152) Pause Young (Allocation Failure)
[4669.881s][debug][gc,phases      ] GC(152) Scavenge 25.936ms
[4669.881s][debug][gc,ref         ] GC(152) Skipped phase 1 of Reference Processing: no references
[4669.881s][debug][gc,ref         ] GC(152) ReferenceProcessor::execute queues: 1, RefProcThreadModel::Single, marks_oops_alive: false
[4669.881s][debug][gc,ref         ] GC(152) Skipped phase 3 of Reference Processing: no references
[4669.881s][debug][gc,ref         ] GC(152) ReferenceProcessor::execute queues: 1, RefProcThreadModel::Single, marks_oops_alive: false
[4669.881s][debug][gc,phases      ] GC(152) Reference Processing 0.140ms
[4669.881s][debug][gc,phases      ] GC(152)   VM Weak                        Min:  0.0, Avg:  0.0, Max:  0.0, Diff:  0.0, Sum:  0.0, Workers: 4
[4669.881s][debug][gc,phases      ] GC(152)     Dead                           Min: 0, Avg:  0.0, Max: 0, Diff: 0, Sum: 0, Workers: 4
[4669.881s][debug][gc,phases      ] GC(152)     Total                          Min: 0, Avg: 203.0, Max: 424, Diff: 424, Sum: 812, Workers: 4
[4669.881s][debug][gc,phases      ] GC(152)   ObjectSynchronizer Weak        Min:  0.0, Avg:  0.0, Max:  0.0, Diff:  0.0, Sum:  0.0, Workers: 4
[4669.881s][debug][gc,phases      ] GC(152)     Dead                           Min: 0, Avg:  0.0, Max: 0, Diff: 0, Sum: 0, Workers: 4
[4669.881s][debug][gc,phases      ] GC(152)     Total                          Min: 0, Avg: 13.5, Max: 54, Diff: 54, Sum: 54, Workers: 4
[4669.881s][debug][gc,phases      ] GC(152)   JVMTI Tag Weak OopStorage      Min:  0.0, Avg:  0.0, Max:  0.0, Diff:  0.0, Sum:  0.0, Workers: 4
[4669.881s][debug][gc,phases      ] GC(152)     Dead                           Min: 0, Avg:  0.0, Max: 0, Diff: 0, Sum: 0, Workers: 4
[4669.881s][debug][gc,phases      ] GC(152)     Total                          Min: 0, Avg:  0.0, Max: 0, Diff: 0, Sum: 0, Workers: 4
[4669.881s][debug][gc,phases      ] GC(152)   StringTable Weak               Min:  0.0, Avg:  0.1, Max:  0.1, Diff:  0.1, Sum:  0.4, Workers: 4
[4669.881s][debug][gc,phases      ] GC(152)     Dead                           Min: 0, Avg:  0.0, Max: 0, Diff: 0, Sum: 0, Workers: 4
[4669.881s][debug][gc,phases      ] GC(152)     Total                          Min: 0, Avg: 11052.8, Max: 15039, Diff: 15039, Sum: 44211, Workers: 4
[4669.881s][debug][gc,phases      ] GC(152)   ResolvedMethodTable Weak       Min:  0.0, Avg:  0.0, Max:  0.0, Diff:  0.0, Sum:  0.1, Workers: 4
[4669.881s][debug][gc,phases      ] GC(152)     Dead                           Min: 0, Avg:  0.0, Max: 0, Diff: 0, Sum: 0, Workers: 4
[4669.881s][debug][gc,phases      ] GC(152)     Total                          Min: 0, Avg: 2502.5, Max: 3712, Diff: 3712, Sum: 10010, Workers: 4
[4669.881s][debug][gc,phases      ] GC(152)   JNI Weak                       Min:  0.0, Avg:  0.0, Max:  0.0, Diff:  0.0, Sum:  0.0, Workers: 4
[4669.881s][debug][gc,phases      ] GC(152)     Dead                           Min: 0, Avg:  0.0, Max: 0, Diff: 0, Sum: 0, Workers: 4
[4669.881s][debug][gc,phases      ] GC(152)     Total                          Min: 0, Avg: 11.2, Max: 45, Diff: 45, Sum: 45, Workers: 4
[4669.881s][debug][gc,phases      ] GC(152)   StringDedup Table Weak         Min:  0.0, Avg:  0.0, Max:  0.0, Diff:  0.0, Sum:  0.0, Workers: 4
[4669.881s][debug][gc,phases      ] GC(152)     Dead                           Min: 0, Avg:  0.0, Max: 0, Diff: 0, Sum: 0, Workers: 4
[4669.881s][debug][gc,phases      ] GC(152)     Total                          Min: 0, Avg:  0.0, Max: 0, Diff: 0, Sum: 0, Workers: 4
[4669.881s][debug][gc,phases      ] GC(152)   StringDedup Requests0 Weak     Min:  0.0, Avg:  0.0, Max:  0.0, Diff:  0.0, Sum:  0.0, Workers: 4
[4669.881s][debug][gc,phases      ] GC(152)     Dead                           Min: 0, Avg:  0.0, Max: 0, Diff: 0, Sum: 0, Workers: 4
[4669.881s][debug][gc,phases      ] GC(152)     Total                          Min: 0, Avg:  0.0, Max: 0, Diff: 0, Sum: 0, Workers: 4
[4669.881s][debug][gc,phases      ] GC(152)   StringDedup Requests1 Weak     Min:  0.0, Avg:  0.0, Max:  0.0, Diff:  0.0, Sum:  0.0, Workers: 4
[4669.881s][debug][gc,phases      ] GC(152)     Dead                           Min: 0, Avg:  0.0, Max: 0, Diff: 0, Sum: 0, Workers: 4
[4669.881s][debug][gc,phases      ] GC(152)     Total                          Min: 0, Avg:  0.0, Max: 0, Diff: 0, Sum: 0, Workers: 4
[4669.881s][debug][gc,phases      ] GC(152)   Weak JFR Old Object Samples    Min:  0.0, Avg:  0.0, Max:  0.0, Diff:  0.0, Sum:  0.0, Workers: 4
[4669.881s][debug][gc,phases      ] GC(152)     Dead                           Min: 0, Avg:  0.0, Max: 0, Diff: 0, Sum: 0, Workers: 4
[4669.881s][debug][gc,phases      ] GC(152)     Total                          Min: 0, Avg:  0.0, Max: 0, Diff: 0, Sum: 0, Workers: 4
[4669.881s][debug][gc,phases      ] GC(152) Weak Processing 0.372ms
[4669.881s][debug][gc,age         ] GC(152) Desired survivor size 149946368 bytes, new threshold 15 (max threshold 15)
[4669.881s][info ][gc,heap        ] GC(152) PSYoungGen: 1913072K(1948160K)->115152K(1945088K) Eden: 1796096K(1796096K)->0K(1796096K) From: 116976K(152064K)->115152K(148992K)
[4669.881s][info ][gc,heap        ] GC(152) ParOldGen: 505088K(571392K)->506177K(571392K)
[4669.881s][info ][gc,metaspace   ] GC(152) Metaspace: 84640K(85760K)->84640K(85760K) NonClass: 72742K(73280K)->72742K(73280K) Class: 11897K(12480K)->11897K(12480K)
[4669.881s][info ][gc             ] GC(152) Pause Young (Allocation Failure) 2361M->606M(2457M) 26.613ms
[4669.881s][info ][gc,cpu         ] GC(152) User=0.09s Sys=0.00s Real=0.03s
[4669.882s][info ][safepoint      ] Safepoint "ParallelGCFailedAllocation", Time since last: 11959832113 ns, Reaching safepoint: 45800 ns, At safepoint: 26695112 ns, Total: 26740912 ns
[4674.882s][info ][safepoint      ] Safepoint "Cleanup", Time since last: 5000372552 ns, Reaching safepoint: 53200 ns, At safepoint: 3500 ns, Total: 56700 ns
[4676.882s][info ][safepoint      ] Safepoint "Cleanup", Time since last: 2000198962 ns, Reaching safepoint: 44800 ns, At safepoint: 2700 ns, Total: 47500 ns
[4692.883s][info ][safepoint      ] Safepoint "Cleanup", Time since last: 16001199840 ns, Reaching safepoint: 41700 ns, At safepoint: 2800 ns, Total: 44500 ns
[4694.884s][info ][safepoint      ] Safepoint "Cleanup", Time since last: 2000194912 ns, Reaching safepoint: 42900 ns, At safepoint: 2700 ns, Total: 45600 ns
[4703.299s][info ][safepoint      ] Safepoint "ParallelGCFailedAllocation", Time since last: 8414826287 ns, Reaching safepoint: 99801 ns, At safepoint: 37700 ns, Total: 137501 ns
[4703.299s][info ][gc,start       ] GC(153) Pause Young (GCLocker Initiated GC)
[4703.339s][debug][gc,phases      ] GC(153) Scavenge 40.422ms
[4703.339s][debug][gc,ref         ] GC(153) Skipped phase 1 of Reference Processing: no references
[4703.339s][debug][gc,ref         ] GC(153) ReferenceProcessor::execute queues: 1, RefProcThreadModel::Single, marks_oops_alive: false
[4703.339s][debug][gc,ref         ] GC(153) Skipped phase 3 of Reference Processing: no references
[4703.339s][debug][gc,ref         ] GC(153) ReferenceProcessor::execute queues: 1, RefProcThreadModel::Single, marks_oops_alive: false
[4703.339s][debug][gc,phases      ] GC(153) Reference Processing 0.112ms
[4703.340s][debug][gc,phases      ] GC(153)   VM Weak                        Min:  0.0, Avg:  0.0, Max:  0.0, Diff:  0.0, Sum:  0.0, Workers: 4
[4703.340s][debug][gc,phases      ] GC(153)     Dead                           Min: 0, Avg:  0.0, Max: 0, Diff: 0, Sum: 0, Workers: 4
[4703.340s][debug][gc,phases      ] GC(153)     Total                          Min: 0, Avg: 203.0, Max: 488, Diff: 488, Sum: 812, Workers: 4
[4703.340s][debug][gc,phases      ] GC(153)   ObjectSynchronizer Weak        Min:  0.0, Avg:  0.0, Max:  0.0, Diff:  0.0, Sum:  0.0, Workers: 4
[4703.340s][debug][gc,phases      ] GC(153)     Dead                           Min: 0, Avg:  0.0, Max: 0, Diff: 0, Sum: 0, Workers: 4
[4703.340s][debug][gc,phases      ] GC(153)     Total                          Min: 0, Avg: 13.5, Max: 54, Diff: 54, Sum: 54, Workers: 4
[4703.340s][debug][gc,phases      ] GC(153)   JVMTI Tag Weak OopStorage      Min:  0.0, Avg:  0.0, Max:  0.0, Diff:  0.0, Sum:  0.0, Workers: 4
[4703.340s][debug][gc,phases      ] GC(153)     Dead                           Min: 0, Avg:  0.0, Max: 0, Diff: 0, Sum: 0, Workers: 4
[4703.340s][debug][gc,phases      ] GC(153)     Total                          Min: 0, Avg:  0.0, Max: 0, Diff: 0, Sum: 0, Workers: 4
[4703.340s][debug][gc,phases      ] GC(153)   StringTable Weak               Min:  0.0, Avg:  0.1, Max:  0.2, Diff:  0.2, Sum:  0.4, Workers: 4
[4703.340s][debug][gc,phases      ] GC(153)     Dead                           Min: 0, Avg:  0.0, Max: 0, Diff: 0, Sum: 0, Workers: 4
[4703.340s][debug][gc,phases      ] GC(153)     Total                          Min: 0, Avg: 11052.8, Max: 27188, Diff: 27188, Sum: 44211, Workers: 4
[4703.340s][debug][gc,phases      ] GC(153)   ResolvedMethodTable Weak       Min:  0.0, Avg:  0.0, Max:  0.0, Diff:  0.0, Sum:  0.1, Workers: 4
[4703.340s][debug][gc,phases      ] GC(153)     Dead                           Min: 0, Avg:  0.0, Max: 0, Diff: 0, Sum: 0, Workers: 4
[4703.340s][debug][gc,phases      ] GC(153)     Total                          Min: 0, Avg: 2502.5, Max: 5760, Diff: 5760, Sum: 10010, Workers: 4
[4703.340s][debug][gc,phases      ] GC(153)   JNI Weak                       Min:  0.0, Avg:  0.0, Max:  0.0, Diff:  0.0, Sum:  0.0, Workers: 4
[4703.340s][debug][gc,phases      ] GC(153)     Dead                           Min: 0, Avg:  0.0, Max: 0, Diff: 0, Sum: 0, Workers: 4
[4703.340s][debug][gc,phases      ] GC(153)     Total                          Min: 0, Avg: 11.2, Max: 45, Diff: 45, Sum: 45, Workers: 4
[4703.340s][debug][gc,phases      ] GC(153)   StringDedup Table Weak         Min:  0.0, Avg:  0.0, Max:  0.0, Diff:  0.0, Sum:  0.0, Workers: 4
[4703.340s][debug][gc,phases      ] GC(153)     Dead                           Min: 0, Avg:  0.0, Max: 0, Diff: 0, Sum: 0, Workers: 4
[4703.340s][debug][gc,phases      ] GC(153)     Total                          Min: 0, Avg:  0.0, Max: 0, Diff: 0, Sum: 0, Workers: 4
[4703.340s][debug][gc,phases      ] GC(153)   StringDedup Requests0 Weak     Min:  0.0, Avg:  0.0, Max:  0.0, Diff:  0.0, Sum:  0.0, Workers: 4
[4703.340s][debug][gc,phases      ] GC(153)     Dead                           Min: 0, Avg:  0.0, Max: 0, Diff: 0, Sum: 0, Workers: 4
[4703.340s][debug][gc,phases      ] GC(153)     Total                          Min: 0, Avg:  0.0, Max: 0, Diff: 0, Sum: 0, Workers: 4
[4703.340s][debug][gc,phases      ] GC(153)   StringDedup Requests1 Weak     Min:  0.0, Avg:  0.0, Max:  0.0, Diff:  0.0, Sum:  0.0, Workers: 4
[4703.340s][debug][gc,phases      ] GC(153)     Dead                           Min: 0, Avg:  0.0, Max: 0, Diff: 0, Sum: 0, Workers: 4
[4703.340s][debug][gc,phases      ] GC(153)     Total                          Min: 0, Avg:  0.0, Max: 0, Diff: 0, Sum: 0, Workers: 4
[4703.340s][debug][gc,phases      ] GC(153)   Weak JFR Old Object Samples    Min:  0.0, Avg:  0.0, Max:  0.0, Diff:  0.0, Sum:  0.0, Workers: 4
[4703.340s][debug][gc,phases      ] GC(153)     Dead                           Min: 0, Avg:  0.0, Max: 0, Diff: 0, Sum: 0, Workers: 4
[4703.340s][debug][gc,phases      ] GC(153)     Total                          Min: 0, Avg:  0.0, Max: 0, Diff: 0, Sum: 0, Workers: 4
[4703.340s][debug][gc,phases      ] GC(153) Weak Processing 0.397ms
[4703.340s][debug][gc,age         ] GC(153) Desired survivor size 158859264 bytes, new threshold 14 (max threshold 15)
[4703.340s][info ][gc,heap        ] GC(153) PSYoungGen: 1911248K(1945088K)->146400K(1933312K) Eden: 1796096K(1796096K)->0K(1786880K) From: 115152K(148992K)->146400K(146432K)
[4703.340s][info ][gc,heap        ] GC(153) ParOldGen: 506177K(571392K)->509154K(571392K)
[4703.340s][info ][gc,metaspace   ] GC(153) Metaspace: 84646K(85760K)->84646K(85760K) NonClass: 72748K(73280K)->72748K(73280K) Class: 11897K(12480K)->11897K(12480K)
[4703.340s][info ][gc             ] GC(153) Pause Young (GCLocker Initiated GC) 2360M->640M(2446M) 41.035ms
[4703.340s][info ][gc,cpu         ] GC(153) User=0.14s Sys=0.00s Real=0.04s
[4703.340s][info ][safepoint      ] Safepoint "ParallelGCSystemGC", Time since last: 70200 ns, Reaching safepoint: 96201 ns, At safepoint: 41102125 ns, Total: 41198326 ns
[4704.340s][info ][safepoint      ] Safepoint "Cleanup", Time since last: 1000084900 ns, Reaching safepoint: 107101 ns, At safepoint: 5700 ns, Total: 112801 ns
[4711.341s][info ][safepoint      ] Safepoint "Cleanup", Time since last: 7000566579 ns, Reaching safepoint: 54801 ns, At safepoint: 3100 ns, Total: 57901 ns
[4720.341s][info ][safepoint      ] Safepoint "Cleanup", Time since last: 9000652075 ns, Reaching safepoint: 46900 ns, At safepoint: 3000 ns, Total: 49900 ns
[4722.342s][info ][safepoint      ] Safepoint "Cleanup", Time since last: 2000154281 ns, Reaching safepoint: 49501 ns, At safepoint: 4700 ns, Total: 54201 ns
[4723.342s][info ][safepoint      ] Safepoint "Cleanup", Time since last: 1000104840 ns, Reaching safepoint: 43800 ns, At safepoint: 3100 ns, Total: 46900 ns
[4730.342s][info ][safepoint      ] Safepoint "Cleanup", Time since last: 7000517163 ns, Reaching safepoint: 51101 ns, At safepoint: 5600 ns, Total: 56701 ns
[4735.316s][info ][safepoint      ] Safepoint "Cleanup", Time since last: 4973651815 ns, Reaching safepoint: 47300 ns, At safepoint: 3800 ns, Total: 51100 ns
[4736.316s][info ][safepoint      ] Safepoint "Cleanup", Time since last: 1000113242 ns, Reaching safepoint: 85200 ns, At safepoint: 27201 ns, Total: 112401 ns
[4738.317s][info ][safepoint      ] Safepoint "Cleanup", Time since last: 2000195183 ns, Reaching safepoint: 57900 ns, At safepoint: 8600 ns, Total: 66500 ns
[4749.061s][info ][gc,start       ] GC(154) Pause Young (Allocation Failure)
[4749.097s][debug][gc,phases      ] GC(154) Scavenge 35.697ms
[4749.097s][debug][gc,ref         ] GC(154) Skipped phase 1 of Reference Processing: no references
[4749.097s][debug][gc,ref         ] GC(154) ReferenceProcessor::execute queues: 1, RefProcThreadModel::Single, marks_oops_alive: false
[4749.097s][debug][gc,ref         ] GC(154) Skipped phase 3 of Reference Processing: no references
[4749.097s][debug][gc,ref         ] GC(154) ReferenceProcessor::execute queues: 1, RefProcThreadModel::Single, marks_oops_alive: false
[4749.097s][debug][gc,phases      ] GC(154) Reference Processing 0.102ms
[4749.097s][debug][gc,phases      ] GC(154)   VM Weak                        Min:  0.0, Avg:  0.0, Max:  0.0, Diff:  0.0, Sum:  0.0, Workers: 4
[4749.097s][debug][gc,phases      ] GC(154)     Dead                           Min: 0, Avg:  0.0, Max: 0, Diff: 0, Sum: 0, Workers: 4
[4749.097s][debug][gc,phases      ] GC(154)     Total                          Min: 0, Avg: 203.0, Max: 684, Diff: 684, Sum: 812, Workers: 4
[4749.097s][debug][gc,phases      ] GC(154)   ObjectSynchronizer Weak        Min:  0.0, Avg:  0.0, Max:  0.0, Diff:  0.0, Sum:  0.0, Workers: 4
[4749.097s][debug][gc,phases      ] GC(154)     Dead                           Min: 0, Avg:  0.0, Max: 0, Diff: 0, Sum: 0, Workers: 4
[4749.097s][debug][gc,phases      ] GC(154)     Total                          Min: 0, Avg: 13.5, Max: 54, Diff: 54, Sum: 54, Workers: 4
[4749.097s][debug][gc,phases      ] GC(154)   JVMTI Tag Weak OopStorage      Min:  0.0, Avg:  0.0, Max:  0.0, Diff:  0.0, Sum:  0.0, Workers: 4
[4749.097s][debug][gc,phases      ] GC(154)     Dead                           Min: 0, Avg:  0.0, Max: 0, Diff: 0, Sum: 0, Workers: 4
[4749.097s][debug][gc,phases      ] GC(154)     Total                          Min: 0, Avg:  0.0, Max: 0, Diff: 0, Sum: 0, Workers: 4
[4749.097s][debug][gc,phases      ] GC(154)   StringTable Weak               Min:  0.0, Avg:  0.1, Max:  0.1, Diff:  0.1, Sum:  0.4, Workers: 4
[4749.097s][debug][gc,phases      ] GC(154)     Dead                           Min: 0, Avg:  0.0, Max: 0, Diff: 0, Sum: 0, Workers: 4
[4749.097s][debug][gc,phases      ] GC(154)     Total                          Min: 0, Avg: 11053.2, Max: 16960, Diff: 16960, Sum: 44213, Workers: 4
[4749.097s][debug][gc,phases      ] GC(154)   ResolvedMethodTable Weak       Min:  0.0, Avg:  0.0, Max:  0.0, Diff:  0.0, Sum:  0.1, Workers: 4
[4749.097s][debug][gc,phases      ] GC(154)     Dead                           Min: 0, Avg:  0.0, Max: 0, Diff: 0, Sum: 0, Workers: 4
[4749.097s][debug][gc,phases      ] GC(154)     Total                          Min: 0, Avg: 2503.5, Max: 3904, Diff: 3904, Sum: 10014, Workers: 4
[4749.097s][debug][gc,phases      ] GC(154)   JNI Weak                       Min:  0.0, Avg:  0.0, Max:  0.0, Diff:  0.0, Sum:  0.0, Workers: 4
[4749.097s][debug][gc,phases      ] GC(154)     Dead                           Min: 0, Avg:  0.0, Max: 0, Diff: 0, Sum: 0, Workers: 4
[4749.097s][debug][gc,phases      ] GC(154)     Total                          Min: 0, Avg: 11.2, Max: 45, Diff: 45, Sum: 45, Workers: 4
[4749.097s][debug][gc,phases      ] GC(154)   StringDedup Table Weak         Min:  0.0, Avg:  0.0, Max:  0.0, Diff:  0.0, Sum:  0.0, Workers: 4
[4749.097s][debug][gc,phases      ] GC(154)     Dead                           Min: 0, Avg:  0.0, Max: 0, Diff: 0, Sum: 0, Workers: 4
[4749.097s][debug][gc,phases      ] GC(154)     Total                          Min: 0, Avg:  0.0, Max: 0, Diff: 0, Sum: 0, Workers: 4
[4749.097s][debug][gc,phases      ] GC(154)   StringDedup Requests0 Weak     Min:  0.0, Avg:  0.0, Max:  0.0, Diff:  0.0, Sum:  0.0, Workers: 4
[4749.097s][debug][gc,phases      ] GC(154)     Dead                           Min: 0, Avg:  0.0, Max: 0, Diff: 0, Sum: 0, Workers: 4
[4749.097s][debug][gc,phases      ] GC(154)     Total                          Min: 0, Avg:  0.0, Max: 0, Diff: 0, Sum: 0, Workers: 4
[4749.097s][debug][gc,phases      ] GC(154)   StringDedup Requests1 Weak     Min:  0.0, Avg:  0.0, Max:  0.0, Diff:  0.0, Sum:  0.0, Workers: 4
[4749.097s][debug][gc,phases      ] GC(154)     Dead                           Min: 0, Avg:  0.0, Max: 0, Diff: 0, Sum: 0, Workers: 4
[4749.097s][debug][gc,phases      ] GC(154)     Total                          Min: 0, Avg:  0.0, Max: 0, Diff: 0, Sum: 0, Workers: 4
[4749.097s][debug][gc,phases      ] GC(154)   Weak JFR Old Object Samples    Min:  0.0, Avg:  0.0, Max:  0.0, Diff:  0.0, Sum:  0.0, Workers: 4
[4749.097s][debug][gc,phases      ] GC(154)     Dead                           Min: 0, Avg:  0.0, Max: 0, Diff: 0, Sum: 0, Workers: 4
[4749.097s][debug][gc,phases      ] GC(154)     Total                          Min: 0, Avg:  0.0, Max: 0, Diff: 0, Sum: 0, Workers: 4
[4749.097s][debug][gc,phases      ] GC(154) Weak Processing 0.334ms
[4749.097s][debug][gc,age         ] GC(154) Desired survivor size 160956416 bytes, new threshold 15 (max threshold 15)
[4749.097s][info ][gc,heap        ] GC(154) PSYoungGen: 1933280K(1933312K)->135600K(1922560K) Eden: 1786880K(1786880K)->0K(1786880K) From: 146400K(146432K)->135600K(135680K)
[4749.097s][info ][gc,heap        ] GC(154) ParOldGen: 509171K(571392K)->509960K(571392K)
[4749.097s][info ][gc,metaspace   ] GC(154) Metaspace: 84671K(85824K)->84671K(85824K) NonClass: 72773K(73344K)->72773K(73344K) Class: 11898K(12480K)->11898K(12480K)
[4749.097s][info ][gc             ] GC(154) Pause Young (Allocation Failure) 2385M->630M(2435M) 36.255ms
[4749.097s][info ][gc,cpu         ] GC(154) User=0.11s Sys=0.00s Real=0.03s
[4749.097s][info ][safepoint      ] Safepoint "ParallelGCFailedAllocation", Time since last: 10744291308 ns, Reaching safepoint: 108701 ns, At safepoint: 36342187 ns, Total: 36450888 ns
[4759.098s][info ][safepoint      ] Safepoint "Cleanup", Time since last: 10000632759 ns, Reaching safepoint: 137602 ns, At safepoint: 27900 ns, Total: 165502 ns
[4779.099s][info ][safepoint      ] Safepoint "Cleanup", Time since last: 20001301881 ns, Reaching safepoint: 49800 ns, At safepoint: 6401 ns, Total: 56201 ns
[4785.100s][info ][safepoint      ] Safepoint "Cleanup", Time since last: 6000389705 ns, Reaching safepoint: 45600 ns, At safepoint: 3200 ns, Total: 48800 ns
[4786.100s][info ][safepoint      ] Safepoint "Cleanup", Time since last: 1000115398 ns, Reaching safepoint: 51400 ns, At safepoint: 5400 ns, Total: 56800 ns
[4797.708s][info ][gc,start       ] GC(155) Pause Young (Allocation Failure)
[4797.760s][debug][gc,phases      ] GC(155) Scavenge 52.386ms
[4797.760s][debug][gc,ref         ] GC(155) Skipped phase 1 of Reference Processing: no references
[4797.760s][debug][gc,ref         ] GC(155) ReferenceProcessor::execute queues: 1, RefProcThreadModel::Single, marks_oops_alive: false
[4797.760s][debug][gc,ref         ] GC(155) Skipped phase 3 of Reference Processing: no references
[4797.760s][debug][gc,ref         ] GC(155) ReferenceProcessor::execute queues: 1, RefProcThreadModel::Single, marks_oops_alive: false
[4797.760s][debug][gc,phases      ] GC(155) Reference Processing 0.115ms
[4797.761s][debug][gc,phases      ] GC(155)   VM Weak                        Min:  0.0, Avg:  0.0, Max:  0.0, Diff:  0.0, Sum:  0.0, Workers: 4
[4797.761s][debug][gc,phases      ] GC(155)     Dead                           Min: 0, Avg:  0.0, Max: 0, Diff: 0, Sum: 0, Workers: 4
[4797.761s][debug][gc,phases      ] GC(155)     Total                          Min: 0, Avg: 203.0, Max: 684, Diff: 684, Sum: 812, Workers: 4
[4797.761s][debug][gc,phases      ] GC(155)   ObjectSynchronizer Weak        Min:  0.0, Avg:  0.0, Max:  0.0, Diff:  0.0, Sum:  0.0, Workers: 4
[4797.761s][debug][gc,phases      ] GC(155)     Dead                           Min: 0, Avg:  0.0, Max: 0, Diff: 0, Sum: 0, Workers: 4
[4797.761s][debug][gc,phases      ] GC(155)     Total                          Min: 0, Avg: 13.5, Max: 54, Diff: 54, Sum: 54, Workers: 4
[4797.761s][debug][gc,phases      ] GC(155)   JVMTI Tag Weak OopStorage      Min:  0.0, Avg:  0.0, Max:  0.0, Diff:  0.0, Sum:  0.0, Workers: 4
[4797.761s][debug][gc,phases      ] GC(155)     Dead                           Min: 0, Avg:  0.0, Max: 0, Diff: 0, Sum: 0, Workers: 4
[4797.761s][debug][gc,phases      ] GC(155)     Total                          Min: 0, Avg:  0.0, Max: 0, Diff: 0, Sum: 0, Workers: 4
[4797.761s][debug][gc,phases      ] GC(155)   StringTable Weak               Min:  0.0, Avg:  0.1, Max:  0.1, Diff:  0.1, Sum:  0.4, Workers: 4
[4797.761s][debug][gc,phases      ] GC(155)     Dead                           Min: 0, Avg:  0.0, Max: 0, Diff: 0, Sum: 0, Workers: 4
[4797.761s][debug][gc,phases      ] GC(155)     Total                          Min: 0, Avg: 11053.2, Max: 18424, Diff: 18424, Sum: 44213, Workers: 4
[4797.761s][debug][gc,phases      ] GC(155)   ResolvedMethodTable Weak       Min:  0.0, Avg:  0.0, Max:  0.0, Diff:  0.0, Sum:  0.1, Workers: 4
[4797.761s][debug][gc,phases      ] GC(155)     Dead                           Min: 0, Avg:  0.0, Max: 0, Diff: 0, Sum: 0, Workers: 4
[4797.761s][debug][gc,phases      ] GC(155)     Total                          Min: 0, Avg: 2503.5, Max: 3998, Diff: 3998, Sum: 10014, Workers: 4
[4797.761s][debug][gc,phases      ] GC(155)   JNI Weak                       Min:  0.0, Avg:  0.0, Max:  0.0, Diff:  0.0, Sum:  0.0, Workers: 4
[4797.761s][debug][gc,phases      ] GC(155)     Dead                           Min: 0, Avg:  0.0, Max: 0, Diff: 0, Sum: 0, Workers: 4
[4797.761s][debug][gc,phases      ] GC(155)     Total                          Min: 0, Avg: 11.2, Max: 45, Diff: 45, Sum: 45, Workers: 4
[4797.761s][debug][gc,phases      ] GC(155)   StringDedup Table Weak         Min:  0.0, Avg:  0.0, Max:  0.0, Diff:  0.0, Sum:  0.0, Workers: 4
[4797.761s][debug][gc,phases      ] GC(155)     Dead                           Min: 0, Avg:  0.0, Max: 0, Diff: 0, Sum: 0, Workers: 4
[4797.761s][debug][gc,phases      ] GC(155)     Total                          Min: 0, Avg:  0.0, Max: 0, Diff: 0, Sum: 0, Workers: 4
[4797.761s][debug][gc,phases      ] GC(155)   StringDedup Requests0 Weak     Min:  0.0, Avg:  0.0, Max:  0.0, Diff:  0.0, Sum:  0.0, Workers: 4
[4797.761s][debug][gc,phases      ] GC(155)     Dead                           Min: 0, Avg:  0.0, Max: 0, Diff: 0, Sum: 0, Workers: 4
[4797.761s][debug][gc,phases      ] GC(155)     Total                          Min: 0, Avg:  0.0, Max: 0, Diff: 0, Sum: 0, Workers: 4
[4797.761s][debug][gc,phases      ] GC(155)   StringDedup Requests1 Weak     Min:  0.0, Avg:  0.0, Max:  0.0, Diff:  0.0, Sum:  0.0, Workers: 4
[4797.761s][debug][gc,phases      ] GC(155)     Dead                           Min: 0, Avg:  0.0, Max: 0, Diff: 0, Sum: 0, Workers: 4
[4797.761s][debug][gc,phases      ] GC(155)     Total                          Min: 0, Avg:  0.0, Max: 0, Diff: 0, Sum: 0, Workers: 4
[4797.761s][debug][gc,phases      ] GC(155)   Weak JFR Old Object Samples    Min:  0.0, Avg:  0.0, Max:  0.0, Diff:  0.0, Sum:  0.0, Workers: 4
[4797.761s][debug][gc,phases      ] GC(155)     Dead                           Min: 0, Avg:  0.0, Max: 0, Diff: 0, Sum: 0, Workers: 4
[4797.761s][debug][gc,phases      ] GC(155)     Total                          Min: 0, Avg:  0.0, Max: 0, Diff: 0, Sum: 0, Workers: 4
[4797.761s][debug][gc,phases      ] GC(155) Weak Processing 0.335ms
[4797.761s][debug][gc,age         ] GC(155) Desired survivor size 178782208 bytes, new threshold 14 (max threshold 15)
[4797.761s][info ][gc,heap        ] GC(155) PSYoungGen: 1922480K(1922560K)->157168K(1905152K) Eden: 1786880K(1786880K)->0K(1747968K) From: 135600K(135680K)->157168K(157184K)
[4797.761s][info ][gc,heap        ] GC(155) ParOldGen: 509960K(571392K)->532424K(571392K)
[4797.761s][info ][gc,metaspace   ] GC(155) Metaspace: 84677K(85824K)->84677K(85824K) NonClass: 72779K(73344K)->72779K(73344K) Class: 11898K(12480K)->11898K(12480K)
[4797.761s][info ][gc             ] GC(155) Pause Young (Allocation Failure) 2375M->673M(2418M) 52.965ms
[4797.761s][info ][gc,cpu         ] GC(155) User=0.19s Sys=0.01s Real=0.05s
[4797.761s][info ][safepoint      ] Safepoint "ParallelGCFailedAllocation", Time since last: 11607720774 ns, Reaching safepoint: 80901 ns, At safepoint: 53044919 ns, Total: 53125820 ns
[4801.761s][info ][safepoint      ] Safepoint "Cleanup", Time since last: 4000297394 ns, Reaching safepoint: 47200 ns, At safepoint: 3200 ns, Total: 50400 ns
[4812.762s][info ][safepoint      ] Safepoint "Cleanup", Time since last: 11000674684 ns, Reaching safepoint: 67801 ns, At safepoint: 29500 ns, Total: 97301 ns
[4817.763s][info ][safepoint      ] Safepoint "Cleanup", Time since last: 5000398803 ns, Reaching safepoint: 56000 ns, At safepoint: 5201 ns, Total: 61201 ns
[4822.763s][info ][safepoint      ] Safepoint "Cleanup", Time since last: 5000337101 ns, Reaching safepoint: 44200 ns, At safepoint: 5400 ns, Total: 49600 ns
[4872.766s][info ][safepoint      ] Safepoint "Cleanup", Time since last: 50003337561 ns, Reaching safepoint: 51700 ns, At safepoint: 3200 ns, Total: 54900 ns
[4877.767s][info ][safepoint      ] Safepoint "Cleanup", Time since last: 5000382334 ns, Reaching safepoint: 48601 ns, At safepoint: 3100 ns, Total: 51701 ns
[4922.614s][info ][gc,heap,exit   ] Heap
[4922.614s][info ][gc,heap,exit   ]  PSYoungGen      total 1905152K, used 706517K [0x0000000780000000, 0x0000000800000000, 0x0000000800000000)
[4922.614s][info ][gc,heap,exit   ]   eden space 1747968K, 31% used [0x0000000780000000,0x00000007a1879408,0x00000007eab00000)
[4922.614s][info ][gc,heap,exit   ]   from space 157184K, 99% used [0x00000007f6680000,0x00000007ffffc300,0x0000000800000000)
[4922.614s][info ][gc,heap,exit   ]   to   space 174592K, 0% used [0x00000007eab00000,0x00000007eab00000,0x00000007f5580000)
[4922.614s][info ][gc,heap,exit   ]  ParOldGen       total 571392K, used 532424K [0x0000000740000000, 0x0000000762e00000, 0x0000000780000000)
[4922.614s][info ][gc,heap,exit   ]   object space 571392K, 93% used [0x0000000740000000,0x00000007607f20e8,0x0000000762e00000)
[4922.614s][info ][gc,heap,exit   ]  Metaspace       used 84810K, committed 85952K, reserved 1179648K
[4922.614s][info ][gc,heap,exit   ]   class space    used 11910K, committed 12480K, reserved 1048576K
