[0.003s][info][gc] Using Parallel
[0.003s][info][gc,init] Version: 17.0.7+7-LTS (release)
[0.004s][info][gc,init] CPUs: 4 total, 4 available
[0.004s][info][gc,init] Memory: 15991M
[0.004s][info][gc,init] Large Page Support: Disabled
[0.004s][info][gc,init] NUMA Support: Disabled
[0.004s][info][gc,init] Compressed Oops: Enabled (Zero based)
[0.004s][info][gc,init] Alignments: Space 512K, Generation 512K, Heap 2M
[0.004s][info][gc,init] Heap Min Capacity: 2054M
[0.004s][info][gc,init] Heap Initial Capacity: 2054M
[0.004s][info][gc,init] Heap Max Capacity: 3G
[0.004s][info][gc,init] Pre-touch: Disabled
[0.004s][info][gc,init] Parallel Workers: 4
[0.004s][info][gc,metaspace] CDS archive(s) mapped at: [0x0000000800000000-0x0000000800be1000-0x0000000800be1000), size 12455936, SharedBaseAddress: 0x0000000800000000, ArchiveRelocationMode: 0.
[0.004s][info][gc,metaspace] Compressed class space mapped at: 0x0000000801000000-0x0000000841000000, reserved size: 1073741824
[0.004s][info][gc,metaspace] Narrow klass base: 0x0000000800000000, Narrow klass shift: 0, Narrow klass range: 0x100000000
[0.758s][info][safepoint   ] Safepoint "ICBufferFull", Time since last: 745343639 ns, Reaching safepoint: 138201 ns, At safepoint: 1800 ns, Total: 140001 ns
[1.144s][info][safepoint   ] Safepoint "ICBufferFull", Time since last: 384999743 ns, Reaching safepoint: 293103 ns, At safepoint: 6900 ns, Total: 300003 ns
[1.674s][info][safepoint   ] Safepoint "ICBufferFull", Time since last: 530429794 ns, Reaching safepoint: 266503 ns, At safepoint: 10100 ns, Total: 276603 ns
[1.697s][info][gc,start    ] GC(0) Pause Young (Metadata GC Threshold)
[1.714s][debug][gc,phases   ] GC(0) Scavenge 16.751ms
[1.714s][debug][gc,ref      ] GC(0) Skipped phase 1 of Reference Processing: no references
[1.714s][debug][gc,ref      ] GC(0) ReferenceProcessor::execute queues: 3, RefProcThreadModel::Multi, marks_oops_alive: false
[1.714s][debug][gc,ref      ] GC(0) Skipped phase 3 of Reference Processing: no references
[1.714s][debug][gc,ref      ] GC(0) ReferenceProcessor::execute queues: 1, RefProcThreadModel::Single, marks_oops_alive: false
[1.714s][debug][gc,phases   ] GC(0) Reference Processing 0.430ms
[1.714s][debug][gc,phases   ] GC(0)   VM Weak                        Min:  0.0, Avg:  0.0, Max:  0.0, Diff:  0.0, Sum:  0.0, Workers: 4
[1.714s][debug][gc,phases   ] GC(0)     Dead                           Min: 0, Avg:  0.0, Max: 0, Diff: 0, Sum: 0, Workers: 4
[1.714s][debug][gc,phases   ] GC(0)     Total                          Min: 0, Avg: 57.8, Max: 128, Diff: 128, Sum: 231, Workers: 4
[1.714s][debug][gc,phases   ] GC(0)   ObjectSynchronizer Weak        Min:  0.0, Avg:  0.0, Max:  0.0, Diff:  0.0, Sum:  0.0, Workers: 4
[1.714s][debug][gc,phases   ] GC(0)     Dead                           Min: 0, Avg:  0.8, Max: 3, Diff: 3, Sum: 3, Workers: 4
[1.714s][debug][gc,phases   ] GC(0)     Total                          Min: 0, Avg:  2.2, Max: 9, Diff: 9, Sum: 9, Workers: 4
[1.714s][debug][gc,phases   ] GC(0)   JVMTI Tag Weak OopStorage      Min:  0.0, Avg:  0.0, Max:  0.0, Diff:  0.0, Sum:  0.0, Workers: 4
[1.714s][debug][gc,phases   ] GC(0)     Dead                           Min: 0, Avg:  0.0, Max: 0, Diff: 0, Sum: 0, Workers: 4
[1.714s][debug][gc,phases   ] GC(0)     Total                          Min: 0, Avg:  0.0, Max: 0, Diff: 0, Sum: 0, Workers: 4
[1.714s][debug][gc,phases   ] GC(0)   StringTable Weak               Min:  0.0, Avg:  0.1, Max:  0.1, Diff:  0.1, Sum:  0.3, Workers: 4
[1.715s][debug][gc,phases   ] GC(0)     Dead                           Min: 0, Avg:  6.5, Max: 17, Diff: 17, Sum: 26, Workers: 4
[1.715s][debug][gc,phases   ] GC(0)     Total                          Min: 0, Avg: 3286.8, Max: 4763, Diff: 4763, Sum: 13147, Workers: 4
[1.715s][debug][gc,phases   ] GC(0)   ResolvedMethodTable Weak       Min:  0.0, Avg:  0.0, Max:  0.0, Diff:  0.0, Sum:  0.0, Workers: 4
[1.715s][debug][gc,phases   ] GC(0)     Dead                           Min: 0, Avg: 18.5, Max: 33, Diff: 33, Sum: 74, Workers: 4
[1.715s][debug][gc,phases   ] GC(0)     Total                          Min: 0, Avg: 317.2, Max: 448, Diff: 448, Sum: 1269, Workers: 4
[1.715s][debug][gc,phases   ] GC(0)   JNI Weak                       Min:  0.0, Avg:  0.0, Max:  0.0, Diff:  0.0, Sum:  0.0, Workers: 4
[1.715s][debug][gc,phases   ] GC(0)     Dead                           Min: 0, Avg:  0.0, Max: 0, Diff: 0, Sum: 0, Workers: 4
[1.715s][debug][gc,phases   ] GC(0)     Total                          Min: 0, Avg: 11.2, Max: 45, Diff: 45, Sum: 45, Workers: 4
[1.715s][debug][gc,phases   ] GC(0)   StringDedup Table Weak         Min:  0.0, Avg:  0.0, Max:  0.0, Diff:  0.0, Sum:  0.0, Workers: 4
[1.715s][debug][gc,phases   ] GC(0)     Dead                           Min: 0, Avg:  0.0, Max: 0, Diff: 0, Sum: 0, Workers: 4
[1.715s][debug][gc,phases   ] GC(0)     Total                          Min: 0, Avg:  0.0, Max: 0, Diff: 0, Sum: 0, Workers: 4
[1.715s][debug][gc,phases   ] GC(0)   StringDedup Requests0 Weak     Min:  0.0, Avg:  0.0, Max:  0.0, Diff:  0.0, Sum:  0.0, Workers: 4
[1.715s][debug][gc,phases   ] GC(0)     Dead                           Min: 0, Avg:  0.0, Max: 0, Diff: 0, Sum: 0, Workers: 4
[1.715s][debug][gc,phases   ] GC(0)     Total                          Min: 0, Avg:  0.0, Max: 0, Diff: 0, Sum: 0, Workers: 4
[1.715s][debug][gc,phases   ] GC(0)   StringDedup Requests1 Weak     Min:  0.0, Avg:  0.0, Max:  0.0, Diff:  0.0, Sum:  0.0, Workers: 4
[1.715s][debug][gc,phases   ] GC(0)     Dead                           Min: 0, Avg:  0.0, Max: 0, Diff: 0, Sum: 0, Workers: 4
[1.715s][debug][gc,phases   ] GC(0)     Total                          Min: 0, Avg:  0.0, Max: 0, Diff: 0, Sum: 0, Workers: 4
[1.715s][debug][gc,phases   ] GC(0)   Weak JFR Old Object Samples    Min:  0.0, Avg:  0.0, Max:  0.0, Diff:  0.0, Sum:  0.0, Workers: 4
[1.715s][debug][gc,phases   ] GC(0)     Dead                           Min: 0, Avg:  0.0, Max: 0, Diff: 0, Sum: 0, Workers: 4
[1.715s][debug][gc,phases   ] GC(0)     Total                          Min: 0, Avg:  0.0, Max: 0, Diff: 0, Sum: 0, Workers: 4
[1.715s][debug][gc,phases   ] GC(0) Weak Processing 0.280ms
[1.715s][debug][gc,age      ] GC(0) Desired survivor size 536870912 bytes, new threshold 7 (max threshold 15)
[1.715s][info ][gc,heap     ] GC(0) PSYoungGen: 251675K(1572864K)->31548K(1572864K) Eden: 251675K(1048576K)->0K(1048576K) From: 0K(524288K)->31548K(524288K)
[1.715s][info ][gc,heap     ] GC(0) ParOldGen: 0K(6144K)->104K(6144K)
[1.715s][info ][gc,metaspace] GC(0) Metaspace: 21140K(21504K)->21140K(21504K) NonClass: 18683K(18880K)->18683K(18880K) Class: 2457K(2624K)->2457K(2624K)
[1.715s][info ][gc          ] GC(0) Pause Young (Metadata GC Threshold) 245M->30M(1542M) 17.768ms
[1.715s][info ][gc,cpu      ] GC(0) User=0.05s Sys=0.01s Real=0.02s
[1.715s][debug][gc,phases   ] GC(1) Pre Compact 0.011ms
[1.715s][info ][gc,start    ] GC(1) Pause Full (Metadata GC Threshold)
[1.715s][info ][gc,phases,start] GC(1) Marking Phase
[1.723s][debug][gc,phases      ] GC(1) Par Mark 7.825ms
[1.723s][debug][gc,ref         ] GC(1) Skipped phase 1 of Reference Processing: no references
[1.723s][debug][gc,ref         ] GC(1) ReferenceProcessor::execute queues: 3, RefProcThreadModel::Multi, marks_oops_alive: false
[1.723s][debug][gc,ref         ] GC(1) Skipped phase 3 of Reference Processing: no references
[1.723s][debug][gc,ref         ] GC(1) ReferenceProcessor::execute queues: 1, RefProcThreadModel::Single, marks_oops_alive: false
[1.723s][debug][gc,phases      ] GC(1) Reference Processing 0.107ms
[1.723s][debug][gc,phases      ] GC(1)   VM Weak                        Min:  0.0, Avg:  0.0, Max:  0.0, Diff:  0.0, Sum:  0.0, Workers: 4
[1.723s][debug][gc,phases      ] GC(1)     Dead                           Min: 0, Avg:  0.0, Max: 0, Diff: 0, Sum: 0, Workers: 4
[1.723s][debug][gc,phases      ] GC(1)     Total                          Min: 0, Avg: 57.8, Max: 128, Diff: 128, Sum: 231, Workers: 4
[1.723s][debug][gc,phases      ] GC(1)   ObjectSynchronizer Weak        Min:  0.0, Avg:  0.0, Max:  0.0, Diff:  0.0, Sum:  0.0, Workers: 4
[1.723s][debug][gc,phases      ] GC(1)     Dead                           Min: 0, Avg:  0.0, Max: 0, Diff: 0, Sum: 0, Workers: 4
[1.723s][debug][gc,phases      ] GC(1)     Total                          Min: 0, Avg:  2.2, Max: 9, Diff: 9, Sum: 9, Workers: 4
[1.723s][debug][gc,phases      ] GC(1)   JVMTI Tag Weak OopStorage      Min:  0.0, Avg:  0.0, Max:  0.0, Diff:  0.0, Sum:  0.0, Workers: 4
[1.723s][debug][gc,phases      ] GC(1)     Dead                           Min: 0, Avg:  0.0, Max: 0, Diff: 0, Sum: 0, Workers: 4
[1.723s][debug][gc,phases      ] GC(1)     Total                          Min: 0, Avg:  0.0, Max: 0, Diff: 0, Sum: 0, Workers: 4
[1.723s][debug][gc,phases      ] GC(1)   StringTable Weak               Min:  0.0, Avg:  0.0, Max:  0.1, Diff:  0.1, Sum:  0.2, Workers: 4
[1.723s][debug][gc,phases      ] GC(1)     Dead                           Min: 0, Avg:  0.0, Max: 0, Diff: 0, Sum: 0, Workers: 4
[1.723s][debug][gc,phases      ] GC(1)     Total                          Min: 0, Avg: 3286.8, Max: 4544, Diff: 4544, Sum: 13147, Workers: 4
[1.723s][debug][gc,phases      ] GC(1)   ResolvedMethodTable Weak       Min:  0.0, Avg:  0.0, Max:  0.0, Diff:  0.0, Sum:  0.0, Workers: 4
[1.723s][debug][gc,phases      ] GC(1)     Dead                           Min: 0, Avg:  0.0, Max: 0, Diff: 0, Sum: 0, Workers: 4
[1.723s][debug][gc,phases      ] GC(1)     Total                          Min: 0, Avg: 317.2, Max: 501, Diff: 501, Sum: 1269, Workers: 4
[1.723s][debug][gc,phases      ] GC(1)   JNI Weak                       Min:  0.0, Avg:  0.0, Max:  0.0, Diff:  0.0, Sum:  0.0, Workers: 4
[1.723s][debug][gc,phases      ] GC(1)     Dead                           Min: 0, Avg:  0.0, Max: 0, Diff: 0, Sum: 0, Workers: 4
[1.723s][debug][gc,phases      ] GC(1)     Total                          Min: 0, Avg: 11.2, Max: 45, Diff: 45, Sum: 45, Workers: 4
[1.723s][debug][gc,phases      ] GC(1)   StringDedup Table Weak         Min:  0.0, Avg:  0.0, Max:  0.0, Diff:  0.0, Sum:  0.0, Workers: 4
[1.723s][debug][gc,phases      ] GC(1)     Dead                           Min: 0, Avg:  0.0, Max: 0, Diff: 0, Sum: 0, Workers: 4
[1.723s][debug][gc,phases      ] GC(1)     Total                          Min: 0, Avg:  0.0, Max: 0, Diff: 0, Sum: 0, Workers: 4
[1.723s][debug][gc,phases      ] GC(1)   StringDedup Requests0 Weak     Min:  0.0, Avg:  0.0, Max:  0.0, Diff:  0.0, Sum:  0.0, Workers: 4
[1.723s][debug][gc,phases      ] GC(1)     Dead                           Min: 0, Avg:  0.0, Max: 0, Diff: 0, Sum: 0, Workers: 4
[1.723s][debug][gc,phases      ] GC(1)     Total                          Min: 0, Avg:  0.0, Max: 0, Diff: 0, Sum: 0, Workers: 4
[1.723s][debug][gc,phases      ] GC(1)   StringDedup Requests1 Weak     Min:  0.0, Avg:  0.0, Max:  0.0, Diff:  0.0, Sum:  0.0, Workers: 4
[1.723s][debug][gc,phases      ] GC(1)     Dead                           Min: 0, Avg:  0.0, Max: 0, Diff: 0, Sum: 0, Workers: 4
[1.723s][debug][gc,phases      ] GC(1)     Total                          Min: 0, Avg:  0.0, Max: 0, Diff: 0, Sum: 0, Workers: 4
[1.723s][debug][gc,phases      ] GC(1)   Weak JFR Old Object Samples    Min:  0.0, Avg:  0.0, Max:  0.0, Diff:  0.0, Sum:  0.0, Workers: 4
[1.723s][debug][gc,phases      ] GC(1)     Dead                           Min: 0, Avg:  0.0, Max: 0, Diff: 0, Sum: 0, Workers: 4
[1.723s][debug][gc,phases      ] GC(1)     Total                          Min: 0, Avg:  0.0, Max: 0, Diff: 0, Sum: 0, Workers: 4
[1.723s][debug][gc,phases      ] GC(1) Weak Processing 0.203ms
[1.723s][debug][gc,phases      ] GC(1) ClassLoaderData 0.021ms
[1.723s][debug][gc,phases      ] GC(1) Trigger cleanups 0.000ms
[1.726s][debug][gc,phases      ] GC(1) Class Unloading 3.642ms
[1.727s][info ][gc,phases      ] GC(1) Marking Phase 11.852ms
[1.727s][info ][gc,phases,start] GC(1) Summary Phase
[1.727s][info ][gc,phases      ] GC(1) Summary Phase 0.007ms
[1.727s][info ][gc,phases,start] GC(1) Adjust Roots
[1.730s][info ][gc,phases      ] GC(1) Adjust Roots 3.747ms
[1.730s][info ][gc,phases,start] GC(1) Compaction Phase
[1.749s][info ][gc,phases      ] GC(1) Compaction Phase 18.235ms
[1.749s][info ][gc,phases,start] GC(1) Post Compact
[1.749s][info ][gc,phases      ] GC(1) Post Compact 0.922ms
[1.749s][info ][gc,heap        ] GC(1) PSYoungGen: 31548K(1572864K)->25786K(1572864K) Eden: 0K(1048576K)->0K(1048576K) From: 31548K(524288K)->25786K(524288K)
[1.749s][info ][gc,heap        ] GC(1) ParOldGen: 104K(6144K)->5686K(6144K)
[1.749s][info ][gc,metaspace   ] GC(1) Metaspace: 21140K(21504K)->21140K(21504K) NonClass: 18683K(18880K)->18683K(18880K) Class: 2457K(2624K)->2457K(2624K)
[1.749s][info ][gc             ] GC(1) Pause Full (Metadata GC Threshold) 30M->30M(1542M) 34.849ms
[1.750s][info ][gc,cpu         ] GC(1) User=0.09s Sys=0.00s Real=0.04s
[1.750s][info ][safepoint      ] Safepoint "CollectForMetadataAllocation", Time since last: 22498924 ns, Reaching safepoint: 45101 ns, At safepoint: 52716926 ns, Total: 52762027 ns
[1.897s][info ][safepoint      ] Safepoint "ICBufferFull", Time since last: 147517072 ns, Reaching safepoint: 236103 ns, At safepoint: 8900 ns, Total: 245003 ns
[2.015s][info ][safepoint      ] Safepoint "ICBufferFull", Time since last: 117646274 ns, Reaching safepoint: 142901 ns, At safepoint: 4800 ns, Total: 147701 ns
[2.179s][info ][safepoint      ] Safepoint "ICBufferFull", Time since last: 163805735 ns, Reaching safepoint: 158702 ns, At safepoint: 3700 ns, Total: 162402 ns
[2.512s][info ][safepoint      ] Safepoint "ICBufferFull", Time since last: 333014624 ns, Reaching safepoint: 159201 ns, At safepoint: 5600 ns, Total: 164801 ns
[2.641s][info ][safepoint      ] Safepoint "ICBufferFull", Time since last: 128374779 ns, Reaching safepoint: 239003 ns, At safepoint: 7300 ns, Total: 246303 ns
[2.802s][info ][safepoint      ] Safepoint "ICBufferFull", Time since last: 161384007 ns, Reaching safepoint: 213602 ns, At safepoint: 4500 ns, Total: 218102 ns
[3.063s][info ][safepoint      ] Safepoint "ICBufferFull", Time since last: 260137990 ns, Reaching safepoint: 182902 ns, At safepoint: 7500 ns, Total: 190402 ns
[3.184s][info ][safepoint      ] Safepoint "ICBufferFull", Time since last: 121502310 ns, Reaching safepoint: 186502 ns, At safepoint: 8600 ns, Total: 195102 ns
[3.425s][info ][safepoint      ] Safepoint "ICBufferFull", Time since last: 239805988 ns, Reaching safepoint: 246602 ns, At safepoint: 3100 ns, Total: 249702 ns
[3.670s][info ][safepoint      ] Safepoint "ICBufferFull", Time since last: 245699847 ns, Reaching safepoint: 179602 ns, At safepoint: 7000 ns, Total: 186602 ns
[3.811s][info ][gc,start       ] GC(2) Pause Young (Metadata GC Threshold)
[3.868s][debug][gc,phases      ] GC(2) Scavenge 57.560ms
[3.868s][debug][gc,ref         ] GC(2) Skipped phase 1 of Reference Processing: no references
[3.869s][debug][gc,ref         ] GC(2) ReferenceProcessor::execute queues: 4, RefProcThreadModel::Multi, marks_oops_alive: false
[3.869s][debug][gc,ref         ] GC(2) Skipped phase 3 of Reference Processing: no references
[3.869s][debug][gc,ref         ] GC(2) ReferenceProcessor::execute queues: 1, RefProcThreadModel::Single, marks_oops_alive: false
[3.869s][debug][gc,phases      ] GC(2) Reference Processing 0.595ms
[3.869s][debug][gc,phases      ] GC(2)   VM Weak                        Min:  0.0, Avg:  0.0, Max:  0.0, Diff:  0.0, Sum:  0.0, Workers: 4
[3.869s][debug][gc,phases      ] GC(2)     Dead                           Min: 0, Avg:  0.0, Max: 0, Diff: 0, Sum: 0, Workers: 4
[3.869s][debug][gc,phases      ] GC(2)     Total                          Min: 0, Avg: 91.5, Max: 320, Diff: 320, Sum: 366, Workers: 4
[3.869s][debug][gc,phases      ] GC(2)   ObjectSynchronizer Weak        Min:  0.0, Avg:  0.0, Max:  0.0, Diff:  0.0, Sum:  0.0, Workers: 4
[3.869s][debug][gc,phases      ] GC(2)     Dead                           Min: 0, Avg:  0.0, Max: 0, Diff: 0, Sum: 0, Workers: 4
[3.869s][debug][gc,phases      ] GC(2)     Total                          Min: 0, Avg:  2.2, Max: 9, Diff: 9, Sum: 9, Workers: 4
[3.869s][debug][gc,phases      ] GC(2)   JVMTI Tag Weak OopStorage      Min:  0.0, Avg:  0.0, Max:  0.0, Diff:  0.0, Sum:  0.0, Workers: 4
[3.869s][debug][gc,phases      ] GC(2)     Dead                           Min: 0, Avg:  0.0, Max: 0, Diff: 0, Sum: 0, Workers: 4
[3.869s][debug][gc,phases      ] GC(2)     Total                          Min: 0, Avg:  0.0, Max: 0, Diff: 0, Sum: 0, Workers: 4
[3.869s][debug][gc,phases      ] GC(2)   StringTable Weak               Min:  0.0, Avg:  0.1, Max:  0.3, Diff:  0.3, Sum:  0.6, Workers: 4
[3.869s][debug][gc,phases      ] GC(2)     Dead                           Min: 0, Avg:  2.2, Max: 7, Diff: 7, Sum: 9, Workers: 4
[3.869s][debug][gc,phases      ] GC(2)     Total                          Min: 0, Avg: 6564.0, Max: 16448, Diff: 16448, Sum: 26256, Workers: 4
[3.869s][debug][gc,phases      ] GC(2)   ResolvedMethodTable Weak       Min:  0.0, Avg:  0.0, Max:  0.0, Diff:  0.0, Sum:  0.1, Workers: 4
[3.869s][debug][gc,phases      ] GC(2)     Dead                           Min: 0, Avg: 14.2, Max: 30, Diff: 30, Sum: 57, Workers: 4
[3.869s][debug][gc,phases      ] GC(2)     Total                          Min: 0, Avg: 612.0, Max: 1552, Diff: 1552, Sum: 2448, Workers: 4
[3.869s][debug][gc,phases      ] GC(2)   JNI Weak                       Min:  0.0, Avg:  0.0, Max:  0.0, Diff:  0.0, Sum:  0.0, Workers: 4
[3.869s][debug][gc,phases      ] GC(2)     Dead                           Min: 0, Avg:  0.0, Max: 0, Diff: 0, Sum: 0, Workers: 4
[3.869s][debug][gc,phases      ] GC(2)     Total                          Min: 0, Avg: 11.5, Max: 46, Diff: 46, Sum: 46, Workers: 4
[3.870s][debug][gc,phases      ] GC(2)   StringDedup Table Weak         Min:  0.0, Avg:  0.0, Max:  0.0, Diff:  0.0, Sum:  0.0, Workers: 4
[3.870s][debug][gc,phases      ] GC(2)     Dead                           Min: 0, Avg:  0.0, Max: 0, Diff: 0, Sum: 0, Workers: 4
[3.870s][debug][gc,phases      ] GC(2)     Total                          Min: 0, Avg:  0.0, Max: 0, Diff: 0, Sum: 0, Workers: 4
[3.870s][debug][gc,phases      ] GC(2)   StringDedup Requests0 Weak     Min:  0.0, Avg:  0.0, Max:  0.0, Diff:  0.0, Sum:  0.0, Workers: 4
[3.870s][debug][gc,phases      ] GC(2)     Dead                           Min: 0, Avg:  0.0, Max: 0, Diff: 0, Sum: 0, Workers: 4
[3.870s][debug][gc,phases      ] GC(2)     Total                          Min: 0, Avg:  0.0, Max: 0, Diff: 0, Sum: 0, Workers: 4
[3.870s][debug][gc,phases      ] GC(2)   StringDedup Requests1 Weak     Min:  0.0, Avg:  0.0, Max:  0.0, Diff:  0.0, Sum:  0.0, Workers: 4
[3.870s][debug][gc,phases      ] GC(2)     Dead                           Min: 0, Avg:  0.0, Max: 0, Diff: 0, Sum: 0, Workers: 4
[3.870s][debug][gc,phases      ] GC(2)     Total                          Min: 0, Avg:  0.0, Max: 0, Diff: 0, Sum: 0, Workers: 4
[3.870s][debug][gc,phases      ] GC(2)   Weak JFR Old Object Samples    Min:  0.0, Avg:  0.0, Max:  0.0, Diff:  0.0, Sum:  0.0, Workers: 4
[3.870s][debug][gc,phases      ] GC(2)     Dead                           Min: 0, Avg:  0.0, Max: 0, Diff: 0, Sum: 0, Workers: 4
[3.870s][debug][gc,phases      ] GC(2)     Total                          Min: 0, Avg:  0.0, Max: 0, Diff: 0, Sum: 0, Workers: 4
[3.870s][debug][gc,phases      ] GC(2) Weak Processing 0.482ms
[3.870s][debug][gc,age         ] GC(2) Desired survivor size 536870912 bytes, new threshold 7 (max threshold 15)
[3.870s][info ][gc,heap        ] GC(2) PSYoungGen: 571048K(1572864K)->83770K(1572864K) Eden: 545261K(1048576K)->0K(1048576K) From: 25786K(524288K)->83770K(524288K)
[3.870s][info ][gc,heap        ] GC(2) ParOldGen: 5686K(6144K)->5702K(6144K)
[3.870s][info ][gc,metaspace   ] GC(2) Metaspace: 35327K(35840K)->35327K(35840K) NonClass: 30759K(31040K)->30759K(31040K) Class: 4567K(4800K)->4567K(4800K)
[3.870s][info ][gc             ] GC(2) Pause Young (Metadata GC Threshold) 563M->87M(1542M) 58.747ms
[3.870s][info ][gc,cpu         ] GC(2) User=0.16s Sys=0.02s Real=0.06s
[3.870s][debug][gc,phases      ] GC(3) Pre Compact 0.007ms
[3.870s][info ][gc,start       ] GC(3) Pause Full (Metadata GC Threshold)
[3.870s][info ][gc,phases,start] GC(3) Marking Phase
[3.902s][debug][gc,phases      ] GC(3) Par Mark 32.706ms
[3.902s][debug][gc,ref         ] GC(3) Skipped phase 1 of Reference Processing: no references
[3.903s][debug][gc,ref         ] GC(3) ReferenceProcessor::execute queues: 4, RefProcThreadModel::Multi, marks_oops_alive: false
[3.903s][debug][gc,ref         ] GC(3) Skipped phase 3 of Reference Processing: no references
[3.903s][debug][gc,ref         ] GC(3) ReferenceProcessor::execute queues: 1, RefProcThreadModel::Single, marks_oops_alive: false
[3.903s][debug][gc,phases      ] GC(3) Reference Processing 0.380ms
[3.903s][debug][gc,phases      ] GC(3)   VM Weak                        Min:  0.0, Avg:  0.0, Max:  0.0, Diff:  0.0, Sum:  0.0, Workers: 4
[3.903s][debug][gc,phases      ] GC(3)     Dead                           Min: 0, Avg:  0.0, Max: 0, Diff: 0, Sum: 0, Workers: 4
[3.903s][debug][gc,phases      ] GC(3)     Total                          Min: 0, Avg: 91.5, Max: 192, Diff: 192, Sum: 366, Workers: 4
[3.903s][debug][gc,phases      ] GC(3)   ObjectSynchronizer Weak        Min:  0.0, Avg:  0.0, Max:  0.0, Diff:  0.0, Sum:  0.0, Workers: 4
[3.903s][debug][gc,phases      ] GC(3)     Dead                           Min: 0, Avg:  0.0, Max: 0, Diff: 0, Sum: 0, Workers: 4
[3.903s][debug][gc,phases      ] GC(3)     Total                          Min: 0, Avg:  2.2, Max: 9, Diff: 9, Sum: 9, Workers: 4
[3.903s][debug][gc,phases      ] GC(3)   JVMTI Tag Weak OopStorage      Min:  0.0, Avg:  0.0, Max:  0.0, Diff:  0.0, Sum:  0.0, Workers: 4
[3.903s][debug][gc,phases      ] GC(3)     Dead                           Min: 0, Avg:  0.0, Max: 0, Diff: 0, Sum: 0, Workers: 4
[3.903s][debug][gc,phases      ] GC(3)     Total                          Min: 0, Avg:  0.0, Max: 0, Diff: 0, Sum: 0, Workers: 4
[3.903s][debug][gc,phases      ] GC(3)   StringTable Weak               Min:  0.0, Avg:  0.1, Max:  0.1, Diff:  0.1, Sum:  0.3, Workers: 4
[3.903s][debug][gc,phases      ] GC(3)     Dead                           Min: 0, Avg:  0.0, Max: 0, Diff: 0, Sum: 0, Workers: 4
[3.903s][debug][gc,phases      ] GC(3)     Total                          Min: 0, Avg: 6564.0, Max: 9856, Diff: 9856, Sum: 26256, Workers: 4
[3.903s][debug][gc,phases      ] GC(3)   ResolvedMethodTable Weak       Min:  0.0, Avg:  0.0, Max:  0.0, Diff:  0.0, Sum:  0.0, Workers: 4
[3.903s][debug][gc,phases      ] GC(3)     Dead                           Min: 0, Avg:  0.0, Max: 0, Diff: 0, Sum: 0, Workers: 4
[3.903s][debug][gc,phases      ] GC(3)     Total                          Min: 0, Avg: 612.0, Max: 848, Diff: 848, Sum: 2448, Workers: 4
[3.903s][debug][gc,phases      ] GC(3)   JNI Weak                       Min:  0.0, Avg:  0.0, Max:  0.0, Diff:  0.0, Sum:  0.0, Workers: 4
[3.903s][debug][gc,phases      ] GC(3)     Dead                           Min: 0, Avg:  0.0, Max: 0, Diff: 0, Sum: 0, Workers: 4
[3.903s][debug][gc,phases      ] GC(3)     Total                          Min: 0, Avg: 11.5, Max: 46, Diff: 46, Sum: 46, Workers: 4
[3.903s][debug][gc,phases      ] GC(3)   StringDedup Table Weak         Min:  0.0, Avg:  0.0, Max:  0.0, Diff:  0.0, Sum:  0.0, Workers: 4
[3.903s][debug][gc,phases      ] GC(3)     Dead                           Min: 0, Avg:  0.0, Max: 0, Diff: 0, Sum: 0, Workers: 4
[3.903s][debug][gc,phases      ] GC(3)     Total                          Min: 0, Avg:  0.0, Max: 0, Diff: 0, Sum: 0, Workers: 4
[3.903s][debug][gc,phases      ] GC(3)   StringDedup Requests0 Weak     Min:  0.0, Avg:  0.0, Max:  0.0, Diff:  0.0, Sum:  0.0, Workers: 4
[3.903s][debug][gc,phases      ] GC(3)     Dead                           Min: 0, Avg:  0.0, Max: 0, Diff: 0, Sum: 0, Workers: 4
[3.903s][debug][gc,phases      ] GC(3)     Total                          Min: 0, Avg:  0.0, Max: 0, Diff: 0, Sum: 0, Workers: 4
[3.903s][debug][gc,phases      ] GC(3)   StringDedup Requests1 Weak     Min:  0.0, Avg:  0.0, Max:  0.0, Diff:  0.0, Sum:  0.0, Workers: 4
[3.903s][debug][gc,phases      ] GC(3)     Dead                           Min: 0, Avg:  0.0, Max: 0, Diff: 0, Sum: 0, Workers: 4
[3.903s][debug][gc,phases      ] GC(3)     Total                          Min: 0, Avg:  0.0, Max: 0, Diff: 0, Sum: 0, Workers: 4
[3.903s][debug][gc,phases      ] GC(3)   Weak JFR Old Object Samples    Min:  0.0, Avg:  0.0, Max:  0.0, Diff:  0.0, Sum:  0.0, Workers: 4
[3.903s][debug][gc,phases      ] GC(3)     Dead                           Min: 0, Avg:  0.0, Max: 0, Diff: 0, Sum: 0, Workers: 4
[3.903s][debug][gc,phases      ] GC(3)     Total                          Min: 0, Avg:  0.0, Max: 0, Diff: 0, Sum: 0, Workers: 4
[3.903s][debug][gc,phases      ] GC(3) Weak Processing 0.271ms
[3.903s][debug][gc,phases      ] GC(3) ClassLoaderData 0.045ms
[3.903s][debug][gc,phases      ] GC(3) Trigger cleanups 0.000ms
[3.909s][debug][gc,phases      ] GC(3) Class Unloading 5.445ms
[3.909s][info ][gc,phases      ] GC(3) Marking Phase 38.929ms
[3.909s][info ][gc,phases,start] GC(3) Summary Phase
[3.909s][info ][gc,phases      ] GC(3) Summary Phase 0.005ms
[3.909s][info ][gc,phases,start] GC(3) Adjust Roots
[3.917s][info ][gc,phases      ] GC(3) Adjust Roots 8.918ms
[3.918s][info ][gc,phases,start] GC(3) Compaction Phase
[4.290s][info ][gc,phases      ] GC(3) Compaction Phase 372.676ms
[4.290s][info ][gc,phases,start] GC(3) Post Compact
[4.291s][info ][gc,phases      ] GC(3) Post Compact 1.147ms
[4.291s][info ][gc,heap        ] GC(3) PSYoungGen: 83770K(1572864K)->83587K(1572864K) Eden: 0K(1048576K)->0K(1048576K) From: 83770K(524288K)->83587K(524288K)
[4.291s][info ][gc,heap        ] GC(3) ParOldGen: 5702K(6144K)->5648K(6144K)
[4.291s][info ][gc,metaspace   ] GC(3) Metaspace: 35327K(35840K)->35327K(35840K) NonClass: 30759K(31040K)->30759K(31040K) Class: 4567K(4800K)->4567K(4800K)
[4.291s][info ][gc             ] GC(3) Pause Full (Metadata GC Threshold) 87M->87M(1542M) 421.798ms
[4.291s][info ][gc,cpu         ] GC(3) User=0.87s Sys=0.01s Real=0.42s
[4.291s][info ][safepoint      ] Safepoint "CollectForMetadataAllocation", Time since last: 140155995 ns, Reaching safepoint: 211002 ns, At safepoint: 480650986 ns, Total: 480861988 ns
[4.660s][info ][safepoint      ] Safepoint "ICBufferFull", Time since last: 368651971 ns, Reaching safepoint: 239403 ns, At safepoint: 12100 ns, Total: 251503 ns
[5.278s][info ][safepoint      ] Safepoint "ICBufferFull", Time since last: 617235346 ns, Reaching safepoint: 194402 ns, At safepoint: 4900 ns, Total: 199302 ns
[5.481s][info ][safepoint      ] Safepoint "ICBufferFull", Time since last: 203342925 ns, Reaching safepoint: 259602 ns, At safepoint: 6200 ns, Total: 265802 ns
[5.588s][info ][safepoint      ] Safepoint "ICBufferFull", Time since last: 105308649 ns, Reaching safepoint: 914709 ns, At safepoint: 6800 ns, Total: 921509 ns
[5.739s][info ][safepoint      ] Safepoint "ICBufferFull", Time since last: 151488008 ns, Reaching safepoint: 165702 ns, At safepoint: 1800 ns, Total: 167502 ns
[5.942s][info ][safepoint      ] Safepoint "ICBufferFull", Time since last: 202713719 ns, Reaching safepoint: 235402 ns, At safepoint: 5700 ns, Total: 241102 ns
[6.070s][info ][safepoint      ] Safepoint "ICBufferFull", Time since last: 127878673 ns, Reaching safepoint: 142002 ns, At safepoint: 3500 ns, Total: 145502 ns
[6.363s][info ][safepoint      ] Safepoint "ICBufferFull", Time since last: 292899116 ns, Reaching safepoint: 237403 ns, At safepoint: 8200 ns, Total: 245603 ns
[6.369s][info ][gc,start       ] GC(4) Pause Young (Metadata GC Threshold)
[6.431s][debug][gc,phases      ] GC(4) Scavenge 62.578ms
[6.431s][debug][gc,ref         ] GC(4) Skipped phase 1 of Reference Processing: no references
[6.431s][debug][gc,ref         ] GC(4) ReferenceProcessor::execute queues: 4, RefProcThreadModel::Multi, marks_oops_alive: false
[6.432s][debug][gc,ref         ] GC(4) Skipped phase 3 of Reference Processing: no references
[6.432s][debug][gc,ref         ] GC(4) ReferenceProcessor::execute queues: 4, RefProcThreadModel::Multi, marks_oops_alive: false
[6.432s][debug][gc,phases      ] GC(4) Reference Processing 0.799ms
[6.432s][debug][gc,phases      ] GC(4)   VM Weak                        Min:  0.0, Avg:  0.0, Max:  0.0, Diff:  0.0, Sum:  0.0, Workers: 4
[6.432s][debug][gc,phases      ] GC(4)     Dead                           Min: 0, Avg:  0.0, Max: 0, Diff: 0, Sum: 0, Workers: 4
[6.432s][debug][gc,phases      ] GC(4)     Total                          Min: 64, Avg: 136.8, Max: 227, Diff: 163, Sum: 547, Workers: 4
[6.432s][debug][gc,phases      ] GC(4)   ObjectSynchronizer Weak        Min:  0.0, Avg:  0.0, Max:  0.0, Diff:  0.0, Sum:  0.0, Workers: 4
[6.432s][debug][gc,phases      ] GC(4)     Dead                           Min: 0, Avg:  0.8, Max: 3, Diff: 3, Sum: 3, Workers: 4
[6.432s][debug][gc,phases      ] GC(4)     Total                          Min: 0, Avg:  4.8, Max: 19, Diff: 19, Sum: 19, Workers: 4
[6.432s][debug][gc,phases      ] GC(4)   JVMTI Tag Weak OopStorage      Min:  0.0, Avg:  0.0, Max:  0.0, Diff:  0.0, Sum:  0.0, Workers: 4
[6.432s][debug][gc,phases      ] GC(4)     Dead                           Min: 0, Avg:  0.0, Max: 0, Diff: 0, Sum: 0, Workers: 4
[6.432s][debug][gc,phases      ] GC(4)     Total                          Min: 0, Avg:  0.0, Max: 0, Diff: 0, Sum: 0, Workers: 4
[6.432s][debug][gc,phases      ] GC(4)   StringTable Weak               Min:  0.3, Avg:  0.3, Max:  0.3, Diff:  0.0, Sum:  1.1, Workers: 4
[6.432s][debug][gc,phases      ] GC(4)     Dead                           Min: 3, Avg:  4.8, Max: 7, Diff: 4, Sum: 19, Workers: 4
[6.432s][debug][gc,phases      ] GC(4)     Total                          Min: 8320, Avg: 9162.0, Max: 10112, Diff: 1792, Sum: 36648, Workers: 4
[6.432s][debug][gc,phases      ] GC(4)   ResolvedMethodTable Weak       Min:  0.0, Avg:  0.1, Max:  0.1, Diff:  0.0, Sum:  0.2, Workers: 4
[6.432s][debug][gc,phases      ] GC(4)     Dead                           Min: 24, Avg: 49.8, Max: 112, Diff: 88, Sum: 199, Workers: 4
[6.432s][debug][gc,phases      ] GC(4)     Total                          Min: 576, Avg: 1585.0, Max: 2052, Diff: 1476, Sum: 6340, Workers: 4
[6.432s][debug][gc,phases      ] GC(4)   JNI Weak                       Min:  0.0, Avg:  0.0, Max:  0.0, Diff:  0.0, Sum:  0.0, Workers: 4
[6.432s][debug][gc,phases      ] GC(4)     Dead                           Min: 0, Avg:  0.0, Max: 0, Diff: 0, Sum: 0, Workers: 4
[6.432s][debug][gc,phases      ] GC(4)     Total                          Min: 0, Avg: 12.0, Max: 45, Diff: 45, Sum: 48, Workers: 4
[6.432s][debug][gc,phases      ] GC(4)   StringDedup Table Weak         Min:  0.0, Avg:  0.0, Max:  0.0, Diff:  0.0, Sum:  0.0, Workers: 4
[6.432s][debug][gc,phases      ] GC(4)     Dead                           Min: 0, Avg:  0.0, Max: 0, Diff: 0, Sum: 0, Workers: 4
[6.432s][debug][gc,phases      ] GC(4)     Total                          Min: 0, Avg:  0.0, Max: 0, Diff: 0, Sum: 0, Workers: 4
[6.432s][debug][gc,phases      ] GC(4)   StringDedup Requests0 Weak     Min:  0.0, Avg:  0.0, Max:  0.0, Diff:  0.0, Sum:  0.0, Workers: 4
[6.432s][debug][gc,phases      ] GC(4)     Dead                           Min: 0, Avg:  0.0, Max: 0, Diff: 0, Sum: 0, Workers: 4
[6.432s][debug][gc,phases      ] GC(4)     Total                          Min: 0, Avg:  0.0, Max: 0, Diff: 0, Sum: 0, Workers: 4
[6.432s][debug][gc,phases      ] GC(4)   StringDedup Requests1 Weak     Min:  0.0, Avg:  0.0, Max:  0.0, Diff:  0.0, Sum:  0.0, Workers: 4
[6.432s][debug][gc,phases      ] GC(4)     Dead                           Min: 0, Avg:  0.0, Max: 0, Diff: 0, Sum: 0, Workers: 4
[6.432s][debug][gc,phases      ] GC(4)     Total                          Min: 0, Avg:  0.0, Max: 0, Diff: 0, Sum: 0, Workers: 4
[6.432s][debug][gc,phases      ] GC(4)   Weak JFR Old Object Samples    Min:  0.0, Avg:  0.0, Max:  0.0, Diff:  0.0, Sum:  0.0, Workers: 4
[6.432s][debug][gc,phases      ] GC(4)     Dead                           Min: 0, Avg:  0.0, Max: 0, Diff: 0, Sum: 0, Workers: 4
[6.432s][debug][gc,phases      ] GC(4)     Total                          Min: 0, Avg:  0.0, Max: 0, Diff: 0, Sum: 0, Workers: 4
[6.432s][debug][gc,phases      ] GC(4) Weak Processing 0.488ms
[6.432s][debug][gc,age         ] GC(4) Desired survivor size 536870912 bytes, new threshold 7 (max threshold 15)
[6.433s][info ][gc,heap        ] GC(4) PSYoungGen: 603711K(1572864K)->114832K(1572864K) Eden: 520124K(1048576K)->0K(1048576K) From: 83587K(524288K)->114832K(524288K)
[6.433s][info ][gc,heap        ] GC(4) ParOldGen: 5648K(6144K)->5656K(6144K)
[6.433s][info ][gc,metaspace   ] GC(4) Metaspace: 59089K(59776K)->59089K(59776K) NonClass: 50256K(50624K)->50256K(50624K) Class: 8833K(9152K)->8833K(9152K)
[6.433s][info ][gc             ] GC(4) Pause Young (Metadata GC Threshold) 595M->117M(1542M) 63.972ms
[6.433s][info ][gc,cpu         ] GC(4) User=0.19s Sys=0.02s Real=0.06s
[6.433s][debug][gc,phases      ] GC(5) Pre Compact 0.008ms
[6.433s][info ][gc,start       ] GC(5) Pause Full (Metadata GC Threshold)
[6.433s][info ][gc,phases,start] GC(5) Marking Phase
[6.477s][debug][gc,phases      ] GC(5) Par Mark 44.760ms
[6.477s][debug][gc,ref         ] GC(5) Skipped phase 1 of Reference Processing: no references
[6.478s][debug][gc,ref         ] GC(5) ReferenceProcessor::execute queues: 4, RefProcThreadModel::Multi, marks_oops_alive: false
[6.478s][debug][gc,ref         ] GC(5) Skipped phase 3 of Reference Processing: no references
[6.478s][debug][gc,ref         ] GC(5) ReferenceProcessor::execute queues: 1, RefProcThreadModel::Single, marks_oops_alive: false
[6.478s][debug][gc,phases      ] GC(5) Reference Processing 0.375ms
[6.478s][debug][gc,phases      ] GC(5)   VM Weak                        Min:  0.0, Avg:  0.0, Max:  0.0, Diff:  0.0, Sum:  0.0, Workers: 4
[6.478s][debug][gc,phases      ] GC(5)     Dead                           Min: 0, Avg:  0.0, Max: 0, Diff: 0, Sum: 0, Workers: 4
[6.478s][debug][gc,phases      ] GC(5)     Total                          Min: 0, Avg: 136.8, Max: 256, Diff: 256, Sum: 547, Workers: 4
[6.478s][debug][gc,phases      ] GC(5)   ObjectSynchronizer Weak        Min:  0.0, Avg:  0.0, Max:  0.0, Diff:  0.0, Sum:  0.0, Workers: 4
[6.478s][debug][gc,phases      ] GC(5)     Dead                           Min: 0, Avg:  0.0, Max: 0, Diff: 0, Sum: 0, Workers: 4
[6.478s][debug][gc,phases      ] GC(5)     Total                          Min: 0, Avg:  4.8, Max: 19, Diff: 19, Sum: 19, Workers: 4
[6.478s][debug][gc,phases      ] GC(5)   JVMTI Tag Weak OopStorage      Min:  0.0, Avg:  0.0, Max:  0.0, Diff:  0.0, Sum:  0.0, Workers: 4
[6.478s][debug][gc,phases      ] GC(5)     Dead                           Min: 0, Avg:  0.0, Max: 0, Diff: 0, Sum: 0, Workers: 4
[6.478s][debug][gc,phases      ] GC(5)     Total                          Min: 0, Avg:  0.0, Max: 0, Diff: 0, Sum: 0, Workers: 4
[6.478s][debug][gc,phases      ] GC(5)   StringTable Weak               Min:  0.1, Avg:  0.1, Max:  0.1, Diff:  0.0, Sum:  0.5, Workers: 4
[6.478s][debug][gc,phases      ] GC(5)     Dead                           Min: 0, Avg:  0.0, Max: 0, Diff: 0, Sum: 0, Workers: 4
[6.478s][debug][gc,phases      ] GC(5)     Total                          Min: 8640, Avg: 9162.0, Max: 9728, Diff: 1088, Sum: 36648, Workers: 4
[6.478s][debug][gc,phases      ] GC(5)   ResolvedMethodTable Weak       Min:  0.0, Avg:  0.0, Max:  0.0, Diff:  0.0, Sum:  0.1, Workers: 4
[6.478s][debug][gc,phases      ] GC(5)     Dead                           Min: 0, Avg:  0.0, Max: 0, Diff: 0, Sum: 0, Workers: 4
[6.478s][debug][gc,phases      ] GC(5)     Total                          Min: 704, Avg: 1585.0, Max: 2048, Diff: 1344, Sum: 6340, Workers: 4
[6.478s][debug][gc,phases      ] GC(5)   JNI Weak                       Min:  0.0, Avg:  0.0, Max:  0.0, Diff:  0.0, Sum:  0.0, Workers: 4
[6.478s][debug][gc,phases      ] GC(5)     Dead                           Min: 0, Avg:  0.0, Max: 0, Diff: 0, Sum: 0, Workers: 4
[6.478s][debug][gc,phases      ] GC(5)     Total                          Min: 0, Avg: 12.0, Max: 45, Diff: 45, Sum: 48, Workers: 4
[6.478s][debug][gc,phases      ] GC(5)   StringDedup Table Weak         Min:  0.0, Avg:  0.0, Max:  0.0, Diff:  0.0, Sum:  0.0, Workers: 4
[6.478s][debug][gc,phases      ] GC(5)     Dead                           Min: 0, Avg:  0.0, Max: 0, Diff: 0, Sum: 0, Workers: 4
[6.478s][debug][gc,phases      ] GC(5)     Total                          Min: 0, Avg:  0.0, Max: 0, Diff: 0, Sum: 0, Workers: 4
[6.478s][debug][gc,phases      ] GC(5)   StringDedup Requests0 Weak     Min:  0.0, Avg:  0.0, Max:  0.0, Diff:  0.0, Sum:  0.0, Workers: 4
[6.478s][debug][gc,phases      ] GC(5)     Dead                           Min: 0, Avg:  0.0, Max: 0, Diff: 0, Sum: 0, Workers: 4
[6.478s][debug][gc,phases      ] GC(5)     Total                          Min: 0, Avg:  0.0, Max: 0, Diff: 0, Sum: 0, Workers: 4
[6.478s][debug][gc,phases      ] GC(5)   StringDedup Requests1 Weak     Min:  0.0, Avg:  0.0, Max:  0.0, Diff:  0.0, Sum:  0.0, Workers: 4
[6.478s][debug][gc,phases      ] GC(5)     Dead                           Min: 0, Avg:  0.0, Max: 0, Diff: 0, Sum: 0, Workers: 4
[6.478s][debug][gc,phases      ] GC(5)     Total                          Min: 0, Avg:  0.0, Max: 0, Diff: 0, Sum: 0, Workers: 4
[6.478s][debug][gc,phases      ] GC(5)   Weak JFR Old Object Samples    Min:  0.0, Avg:  0.0, Max:  0.0, Diff:  0.0, Sum:  0.0, Workers: 4
[6.478s][debug][gc,phases      ] GC(5)     Dead                           Min: 0, Avg:  0.0, Max: 0, Diff: 0, Sum: 0, Workers: 4
[6.478s][debug][gc,phases      ] GC(5)     Total                          Min: 0, Avg:  0.0, Max: 0, Diff: 0, Sum: 0, Workers: 4
[6.478s][debug][gc,phases      ] GC(5) Weak Processing 0.284ms
[6.478s][debug][gc,phases      ] GC(5) ClassLoaderData 0.064ms
[6.478s][debug][gc,phases      ] GC(5) Trigger cleanups 0.000ms
[6.485s][debug][gc,phases      ] GC(5) Class Unloading 6.529ms
[6.485s][info ][gc,phases      ] GC(5) Marking Phase 52.069ms
[6.485s][info ][gc,phases,start] GC(5) Summary Phase
[6.485s][info ][gc,phases      ] GC(5) Summary Phase 0.005ms
[6.485s][info ][gc,phases,start] GC(5) Adjust Roots
[6.493s][info ][gc,phases      ] GC(5) Adjust Roots 8.544ms
[6.493s][info ][gc,phases,start] GC(5) Compaction Phase
[6.979s][info ][gc,phases      ] GC(5) Compaction Phase 485.504ms
[6.979s][info ][gc,phases,start] GC(5) Post Compact
[6.980s][info ][gc,phases      ] GC(5) Post Compact 1.170ms
[6.980s][info ][gc,heap        ] GC(5) PSYoungGen: 114832K(1572864K)->114572K(1572864K) Eden: 0K(1048576K)->0K(1048576K) From: 114832K(524288K)->114572K(524288K)
[6.980s][info ][gc,heap        ] GC(5) ParOldGen: 5656K(6144K)->5652K(6144K)
[6.980s][info ][gc,metaspace   ] GC(5) Metaspace: 59089K(59776K)->59089K(59776K) NonClass: 50256K(50624K)->50256K(50624K) Class: 8833K(9152K)->8833K(9152K)
[6.980s][info ][gc             ] GC(5) Pause Full (Metadata GC Threshold) 117M->117M(1542M) 547.393ms
[6.980s][info ][gc,cpu         ] GC(5) User=1.16s Sys=0.01s Real=0.55s
[6.982s][info ][safepoint      ] Safepoint "CollectForMetadataAllocation", Time since last: 5002650 ns, Reaching safepoint: 124401 ns, At safepoint: 613161405 ns, Total: 613285806 ns
[7.205s][info ][safepoint      ] Safepoint "ICBufferFull", Time since last: 223415825 ns, Reaching safepoint: 221402 ns, At safepoint: 6100 ns, Total: 227502 ns
[8.006s][info ][safepoint      ] Safepoint "ICBufferFull", Time since last: 800089367 ns, Reaching safepoint: 167502 ns, At safepoint: 2700 ns, Total: 170202 ns
[8.251s][info ][safepoint      ] Safepoint "ICBufferFull", Time since last: 245272942 ns, Reaching safepoint: 140401 ns, At safepoint: 4700 ns, Total: 145101 ns
[8.444s][info ][safepoint      ] Safepoint "ICBufferFull", Time since last: 193156824 ns, Reaching safepoint: 149301 ns, At safepoint: 4900 ns, Total: 154201 ns
[8.444s][info ][safepoint      ] Safepoint "ICBufferFull", Time since last: 54901 ns, Reaching safepoint: 90101 ns, At safepoint: 6900 ns, Total: 97001 ns
[8.445s][info ][safepoint      ] Safepoint "ICBufferFull", Time since last: 42000 ns, Reaching safepoint: 81101 ns, At safepoint: 7700 ns, Total: 88801 ns
[9.622s][info ][safepoint      ] Safepoint "Cleanup", Time since last: 1177409524 ns, Reaching safepoint: 275303 ns, At safepoint: 13400 ns, Total: 288703 ns
[10.739s][info ][safepoint      ] Safepoint "Cleanup", Time since last: 1116224707 ns, Reaching safepoint: 128701 ns, At safepoint: 6800 ns, Total: 135501 ns
[11.339s][info ][safepoint      ] Safepoint "ParallelGCFailedAllocation", Time since last: 600581055 ns, Reaching safepoint: 119101 ns, At safepoint: 12600 ns, Total: 131701 ns
[11.339s][info ][gc,start       ] GC(6) Pause Young (GCLocker Initiated GC)
[11.650s][debug][gc,phases      ] GC(6) Scavenge 310.328ms
[11.650s][debug][gc,ref         ] GC(6) Skipped phase 1 of Reference Processing: no references
[11.650s][debug][gc,ref         ] GC(6) ReferenceProcessor::execute queues: 4, RefProcThreadModel::Multi, marks_oops_alive: false
[11.651s][debug][gc,ref         ] GC(6) Skipped phase 3 of Reference Processing: no references
[11.651s][debug][gc,ref         ] GC(6) ReferenceProcessor::execute queues: 1, RefProcThreadModel::Single, marks_oops_alive: false
[11.651s][debug][gc,phases      ] GC(6) Reference Processing 1.012ms
[11.651s][debug][gc,phases      ] GC(6)   VM Weak                        Min:  0.0, Avg:  0.0, Max:  0.0, Diff:  0.0, Sum:  0.0, Workers: 4
[11.652s][debug][gc,phases      ] GC(6)     Dead                           Min: 0, Avg:  0.0, Max: 0, Diff: 0, Sum: 0, Workers: 4
[11.652s][debug][gc,phases      ] GC(6)     Total                          Min: 0, Avg: 154.2, Max: 297, Diff: 297, Sum: 617, Workers: 4
[11.652s][debug][gc,phases      ] GC(6)   ObjectSynchronizer Weak        Min:  0.0, Avg:  0.0, Max:  0.0, Diff:  0.0, Sum:  0.0, Workers: 4
[11.652s][debug][gc,phases      ] GC(6)     Dead                           Min: 0, Avg:  0.0, Max: 0, Diff: 0, Sum: 0, Workers: 4
[11.652s][debug][gc,phases      ] GC(6)     Total                          Min: 0, Avg:  5.5, Max: 22, Diff: 22, Sum: 22, Workers: 4
[11.652s][debug][gc,phases      ] GC(6)   JVMTI Tag Weak OopStorage      Min:  0.0, Avg:  0.0, Max:  0.0, Diff:  0.0, Sum:  0.0, Workers: 4
[11.652s][debug][gc,phases      ] GC(6)     Dead                           Min: 0, Avg:  0.0, Max: 0, Diff: 0, Sum: 0, Workers: 4
[11.652s][debug][gc,phases      ] GC(6)     Total                          Min: 0, Avg:  0.0, Max: 0, Diff: 0, Sum: 0, Workers: 4
[11.652s][debug][gc,phases      ] GC(6)   StringTable Weak               Min:  0.0, Avg:  0.3, Max:  0.4, Diff:  0.4, Sum:  1.3, Workers: 4
[11.652s][debug][gc,phases      ] GC(6)     Dead                           Min: 0, Avg:  3.0, Max: 7, Diff: 7, Sum: 12, Workers: 4
[11.652s][debug][gc,phases      ] GC(6)     Total                          Min: 0, Avg: 9805.0, Max: 13440, Diff: 13440, Sum: 39220, Workers: 4
[11.652s][debug][gc,phases      ] GC(6)   ResolvedMethodTable Weak       Min:  0.0, Avg:  0.1, Max:  0.1, Diff:  0.1, Sum:  0.3, Workers: 4
[11.652s][debug][gc,phases      ] GC(6)     Dead                           Min: 0, Avg: 53.0, Max: 164, Diff: 164, Sum: 212, Workers: 4
[11.652s][debug][gc,phases      ] GC(6)     Total                          Min: 0, Avg: 1754.0, Max: 2496, Diff: 2496, Sum: 7016, Workers: 4
[11.652s][debug][gc,phases      ] GC(6)   JNI Weak                       Min:  0.0, Avg:  0.0, Max:  0.0, Diff:  0.0, Sum:  0.0, Workers: 4
[11.652s][debug][gc,phases      ] GC(6)     Dead                           Min: 0, Avg:  0.0, Max: 0, Diff: 0, Sum: 0, Workers: 4
[11.652s][debug][gc,phases      ] GC(6)     Total                          Min: 0, Avg: 11.2, Max: 45, Diff: 45, Sum: 45, Workers: 4
[11.652s][debug][gc,phases      ] GC(6)   StringDedup Table Weak         Min:  0.0, Avg:  0.0, Max:  0.0, Diff:  0.0, Sum:  0.0, Workers: 4
[11.652s][debug][gc,phases      ] GC(6)     Dead                           Min: 0, Avg:  0.0, Max: 0, Diff: 0, Sum: 0, Workers: 4
[11.652s][debug][gc,phases      ] GC(6)     Total                          Min: 0, Avg:  0.0, Max: 0, Diff: 0, Sum: 0, Workers: 4
[11.652s][debug][gc,phases      ] GC(6)   StringDedup Requests0 Weak     Min:  0.0, Avg:  0.0, Max:  0.0, Diff:  0.0, Sum:  0.0, Workers: 4
[11.652s][debug][gc,phases      ] GC(6)     Dead                           Min: 0, Avg:  0.0, Max: 0, Diff: 0, Sum: 0, Workers: 4
[11.652s][debug][gc,phases      ] GC(6)     Total                          Min: 0, Avg:  0.0, Max: 0, Diff: 0, Sum: 0, Workers: 4
[11.652s][debug][gc,phases      ] GC(6)   StringDedup Requests1 Weak     Min:  0.0, Avg:  0.0, Max:  0.0, Diff:  0.0, Sum:  0.0, Workers: 4
[11.652s][debug][gc,phases      ] GC(6)     Dead                           Min: 0, Avg:  0.0, Max: 0, Diff: 0, Sum: 0, Workers: 4
[11.652s][debug][gc,phases      ] GC(6)     Total                          Min: 0, Avg:  0.0, Max: 0, Diff: 0, Sum: 0, Workers: 4
[11.652s][debug][gc,phases      ] GC(6)   Weak JFR Old Object Samples    Min:  0.0, Avg:  0.0, Max:  0.0, Diff:  0.0, Sum:  0.0, Workers: 4
[11.652s][debug][gc,phases      ] GC(6)     Dead                           Min: 0, Avg:  0.0, Max: 0, Diff: 0, Sum: 0, Workers: 4
[11.652s][debug][gc,phases      ] GC(6)     Total                          Min: 0, Avg:  0.0, Max: 0, Diff: 0, Sum: 0, Workers: 4
[11.652s][debug][gc,phases      ] GC(6) Weak Processing 0.782ms
[11.652s][debug][gc,age         ] GC(6) Desired survivor size 536870912 bytes, new threshold 7 (max threshold 15)
[11.652s][info ][gc,heap        ] GC(6) PSYoungGen: 1163148K(1572864K)->523937K(1572864K) Eden: 1048576K(1048576K)->0K(1048576K) From: 114572K(524288K)->523937K(524288K)
[11.652s][info ][gc,heap        ] GC(6) ParOldGen: 5654K(6144K)->5695K(6144K)
[11.652s][info ][gc,metaspace   ] GC(6) Metaspace: 67088K(67904K)->67088K(67904K) NonClass: 57226K(57664K)->57226K(57664K) Class: 9862K(10240K)->9862K(10240K)
[11.652s][info ][gc             ] GC(6) Pause Young (GCLocker Initiated GC) 1141M->517M(1542M) 312.251ms
[11.652s][info ][gc,cpu         ] GC(6) User=0.95s Sys=0.11s Real=0.31s
[11.652s][info ][safepoint      ] Safepoint "ParallelGCSystemGC", Time since last: 70501 ns, Reaching safepoint: 16800 ns, At safepoint: 312334297 ns, Total: 312351097 ns
[11.991s][info ][safepoint      ] Safepoint "ICBufferFull", Time since last: 338879160 ns, Reaching safepoint: 235302 ns, At safepoint: 12200 ns, Total: 247502 ns
[12.183s][info ][safepoint      ] Safepoint "ICBufferFull", Time since last: 192029204 ns, Reaching safepoint: 174302 ns, At safepoint: 3300 ns, Total: 177602 ns
[12.697s][info ][safepoint      ] Safepoint "ICBufferFull", Time since last: 513905095 ns, Reaching safepoint: 219502 ns, At safepoint: 7000 ns, Total: 226502 ns
[12.907s][info ][safepoint      ] Safepoint "ICBufferFull", Time since last: 209631979 ns, Reaching safepoint: 171202 ns, At safepoint: 5000 ns, Total: 176202 ns
[13.545s][info ][safepoint      ] Safepoint "ICBufferFull", Time since last: 638024525 ns, Reaching safepoint: 223803 ns, At safepoint: 11100 ns, Total: 234903 ns
[13.630s][info ][gc,start       ] GC(7) Pause Young (Allocation Failure)
[13.903s][debug][gc,phases      ] GC(7) Scavenge 272.687ms
[13.903s][debug][gc,ref         ] GC(7) Skipped phase 1 of Reference Processing: no references
[13.903s][debug][gc,ref         ] GC(7) ReferenceProcessor::execute queues: 4, RefProcThreadModel::Multi, marks_oops_alive: false
[13.903s][debug][gc,ref         ] GC(7) Skipped phase 3 of Reference Processing: no references
[13.903s][debug][gc,ref         ] GC(7) ReferenceProcessor::execute queues: 1, RefProcThreadModel::Single, marks_oops_alive: false
[13.903s][debug][gc,phases      ] GC(7) Reference Processing 0.757ms
[13.904s][debug][gc,phases      ] GC(7)   VM Weak                        Min:  0.0, Avg:  0.0, Max:  0.0, Diff:  0.0, Sum:  0.0, Workers: 4
[13.904s][debug][gc,phases      ] GC(7)     Dead                           Min: 0, Avg:  0.0, Max: 0, Diff: 0, Sum: 0, Workers: 4
[13.904s][debug][gc,phases      ] GC(7)     Total                          Min: 0, Avg: 160.2, Max: 385, Diff: 385, Sum: 641, Workers: 4
[13.904s][debug][gc,phases      ] GC(7)   ObjectSynchronizer Weak        Min:  0.0, Avg:  0.0, Max:  0.0, Diff:  0.0, Sum:  0.0, Workers: 4
[13.904s][debug][gc,phases      ] GC(7)     Dead                           Min: 0, Avg:  0.0, Max: 0, Diff: 0, Sum: 0, Workers: 4
[13.904s][debug][gc,phases      ] GC(7)     Total                          Min: 0, Avg:  5.5, Max: 22, Diff: 22, Sum: 22, Workers: 4
[13.904s][debug][gc,phases      ] GC(7)   JVMTI Tag Weak OopStorage      Min:  0.0, Avg:  0.0, Max:  0.0, Diff:  0.0, Sum:  0.0, Workers: 4
[13.904s][debug][gc,phases      ] GC(7)     Dead                           Min: 0, Avg:  0.0, Max: 0, Diff: 0, Sum: 0, Workers: 4
[13.904s][debug][gc,phases      ] GC(7)     Total                          Min: 0, Avg:  0.0, Max: 0, Diff: 0, Sum: 0, Workers: 4
[13.904s][debug][gc,phases      ] GC(7)   StringTable Weak               Min:  0.3, Avg:  0.3, Max:  0.3, Diff:  0.0, Sum:  1.2, Workers: 4
[13.904s][debug][gc,phases      ] GC(7)     Dead                           Min: 0, Avg:  1.5, Max: 5, Diff: 5, Sum: 6, Workers: 4
[13.904s][debug][gc,phases      ] GC(7)     Total                          Min: 9152, Avg: 9929.2, Max: 10496, Diff: 1344, Sum: 39717, Workers: 4
[13.904s][debug][gc,phases      ] GC(7)   ResolvedMethodTable Weak       Min:  0.1, Avg:  0.1, Max:  0.1, Diff:  0.0, Sum:  0.2, Workers: 4
[13.904s][debug][gc,phases      ] GC(7)     Dead                           Min: 1, Avg: 12.8, Max: 30, Diff: 29, Sum: 51, Workers: 4
[13.904s][debug][gc,phases      ] GC(7)     Total                          Min: 1599, Avg: 1814.2, Max: 2048, Diff: 449, Sum: 7257, Workers: 4
[13.904s][debug][gc,phases      ] GC(7)   JNI Weak                       Min:  0.0, Avg:  0.0, Max:  0.0, Diff:  0.0, Sum:  0.0, Workers: 4
[13.904s][debug][gc,phases      ] GC(7)     Dead                           Min: 0, Avg:  0.0, Max: 0, Diff: 0, Sum: 0, Workers: 4
[13.904s][debug][gc,phases      ] GC(7)     Total                          Min: 0, Avg: 11.5, Max: 46, Diff: 46, Sum: 46, Workers: 4
[13.904s][debug][gc,phases      ] GC(7)   StringDedup Table Weak         Min:  0.0, Avg:  0.0, Max:  0.0, Diff:  0.0, Sum:  0.0, Workers: 4
[13.904s][debug][gc,phases      ] GC(7)     Dead                           Min: 0, Avg:  0.0, Max: 0, Diff: 0, Sum: 0, Workers: 4
[13.904s][debug][gc,phases      ] GC(7)     Total                          Min: 0, Avg:  0.0, Max: 0, Diff: 0, Sum: 0, Workers: 4
[13.904s][debug][gc,phases      ] GC(7)   StringDedup Requests0 Weak     Min:  0.0, Avg:  0.0, Max:  0.0, Diff:  0.0, Sum:  0.0, Workers: 4
[13.904s][debug][gc,phases      ] GC(7)     Dead                           Min: 0, Avg:  0.0, Max: 0, Diff: 0, Sum: 0, Workers: 4
[13.904s][debug][gc,phases      ] GC(7)     Total                          Min: 0, Avg:  0.0, Max: 0, Diff: 0, Sum: 0, Workers: 4
[13.904s][debug][gc,phases      ] GC(7)   StringDedup Requests1 Weak     Min:  0.0, Avg:  0.0, Max:  0.0, Diff:  0.0, Sum:  0.0, Workers: 4
[13.904s][debug][gc,phases      ] GC(7)     Dead                           Min: 0, Avg:  0.0, Max: 0, Diff: 0, Sum: 0, Workers: 4
[13.904s][debug][gc,phases      ] GC(7)     Total                          Min: 0, Avg:  0.0, Max: 0, Diff: 0, Sum: 0, Workers: 4
[13.904s][debug][gc,phases      ] GC(7)   Weak JFR Old Object Samples    Min:  0.0, Avg:  0.0, Max:  0.0, Diff:  0.0, Sum:  0.0, Workers: 4
[13.904s][debug][gc,phases      ] GC(7)     Dead                           Min: 0, Avg:  0.0, Max: 0, Diff: 0, Sum: 0, Workers: 4
[13.904s][debug][gc,phases      ] GC(7)     Total                          Min: 0, Avg:  0.0, Max: 0, Diff: 0, Sum: 0, Workers: 4
[13.904s][debug][gc,phases      ] GC(7) Weak Processing 0.527ms
[13.904s][debug][gc,age         ] GC(7) Desired survivor size 536870912 bytes, new threshold 6 (max threshold 15)
[13.904s][info ][gc,heap        ] GC(7) PSYoungGen: 1572513K(1572864K)->524274K(1572864K) Eden: 1048576K(1048576K)->0K(1048576K) From: 523937K(524288K)->524274K(524288K)
[13.904s][info ][gc,heap        ] GC(7) ParOldGen: 5697K(6144K)->14033K(14336K)
[13.904s][info ][gc,metaspace   ] GC(7) Metaspace: 68669K(69504K)->68669K(69504K) NonClass: 58629K(59072K)->58629K(59072K) Class: 10040K(10432K)->10040K(10432K)
[13.904s][info ][gc             ] GC(7) Pause Young (Allocation Failure) 1541M->525M(1550M) 274.097ms
[13.904s][info ][gc,cpu         ] GC(7) User=0.82s Sys=0.14s Real=0.27s
[13.904s][debug][gc,phases      ] GC(8) Pre Compact 0.008ms
[13.904s][info ][gc,start       ] GC(8) Pause Full (Ergonomics)
[13.904s][info ][gc,phases,start] GC(8) Marking Phase
[14.139s][debug][gc,phases      ] GC(8) Par Mark 234.958ms
[14.139s][debug][gc,ref         ] GC(8) Skipped phase 1 of Reference Processing: no references
[14.139s][debug][gc,ref         ] GC(8) ReferenceProcessor::execute queues: 4, RefProcThreadModel::Multi, marks_oops_alive: false
[14.140s][debug][gc,ref         ] GC(8) Skipped phase 3 of Reference Processing: no references
[14.140s][debug][gc,ref         ] GC(8) ReferenceProcessor::execute queues: 1, RefProcThreadModel::Single, marks_oops_alive: false
[14.140s][debug][gc,phases      ] GC(8) Reference Processing 0.552ms
[14.140s][debug][gc,phases      ] GC(8)   VM Weak                        Min:  0.0, Avg:  0.0, Max:  0.0, Diff:  0.0, Sum:  0.0, Workers: 4
[14.140s][debug][gc,phases      ] GC(8)     Dead                           Min: 0, Avg:  0.5, Max: 2, Diff: 2, Sum: 2, Workers: 4
[14.140s][debug][gc,phases      ] GC(8)     Total                          Min: 0, Avg: 160.2, Max: 385, Diff: 385, Sum: 641, Workers: 4
[14.140s][debug][gc,phases      ] GC(8)   ObjectSynchronizer Weak        Min:  0.0, Avg:  0.0, Max:  0.0, Diff:  0.0, Sum:  0.0, Workers: 4
[14.140s][debug][gc,phases      ] GC(8)     Dead                           Min: 0, Avg:  0.0, Max: 0, Diff: 0, Sum: 0, Workers: 4
[14.140s][debug][gc,phases      ] GC(8)     Total                          Min: 0, Avg:  5.5, Max: 22, Diff: 22, Sum: 22, Workers: 4
[14.140s][debug][gc,phases      ] GC(8)   JVMTI Tag Weak OopStorage      Min:  0.0, Avg:  0.0, Max:  0.0, Diff:  0.0, Sum:  0.0, Workers: 4
[14.140s][debug][gc,phases      ] GC(8)     Dead                           Min: 0, Avg:  0.0, Max: 0, Diff: 0, Sum: 0, Workers: 4
[14.140s][debug][gc,phases      ] GC(8)     Total                          Min: 0, Avg:  0.0, Max: 0, Diff: 0, Sum: 0, Workers: 4
[14.140s][debug][gc,phases      ] GC(8)   StringTable Weak               Min:  0.0, Avg:  0.1, Max:  0.2, Diff:  0.2, Sum:  0.5, Workers: 4
[14.140s][debug][gc,phases      ] GC(8)     Dead                           Min: 0, Avg:  0.0, Max: 0, Diff: 0, Sum: 0, Workers: 4
[14.140s][debug][gc,phases      ] GC(8)     Total                          Min: 0, Avg: 9929.2, Max: 15040, Diff: 15040, Sum: 39717, Workers: 4
[14.140s][debug][gc,phases      ] GC(8)   ResolvedMethodTable Weak       Min:  0.0, Avg:  0.0, Max:  0.0, Diff:  0.0, Sum:  0.1, Workers: 4
[14.140s][debug][gc,phases      ] GC(8)     Dead                           Min: 0, Avg:  0.8, Max: 2, Diff: 2, Sum: 3, Workers: 4
[14.140s][debug][gc,phases      ] GC(8)     Total                          Min: 0, Avg: 1814.2, Max: 2624, Diff: 2624, Sum: 7257, Workers: 4
[14.140s][debug][gc,phases      ] GC(8)   JNI Weak                       Min:  0.0, Avg:  0.0, Max:  0.0, Diff:  0.0, Sum:  0.0, Workers: 4
[14.140s][debug][gc,phases      ] GC(8)     Dead                           Min: 0, Avg:  0.0, Max: 0, Diff: 0, Sum: 0, Workers: 4
[14.140s][debug][gc,phases      ] GC(8)     Total                          Min: 0, Avg: 11.5, Max: 46, Diff: 46, Sum: 46, Workers: 4
[14.140s][debug][gc,phases      ] GC(8)   StringDedup Table Weak         Min:  0.0, Avg:  0.0, Max:  0.0, Diff:  0.0, Sum:  0.0, Workers: 4
[14.140s][debug][gc,phases      ] GC(8)     Dead                           Min: 0, Avg:  0.0, Max: 0, Diff: 0, Sum: 0, Workers: 4
[14.140s][debug][gc,phases      ] GC(8)     Total                          Min: 0, Avg:  0.0, Max: 0, Diff: 0, Sum: 0, Workers: 4
[14.140s][debug][gc,phases      ] GC(8)   StringDedup Requests0 Weak     Min:  0.0, Avg:  0.0, Max:  0.0, Diff:  0.0, Sum:  0.0, Workers: 4
[14.140s][debug][gc,phases      ] GC(8)     Dead                           Min: 0, Avg:  0.0, Max: 0, Diff: 0, Sum: 0, Workers: 4
[14.140s][debug][gc,phases      ] GC(8)     Total                          Min: 0, Avg:  0.0, Max: 0, Diff: 0, Sum: 0, Workers: 4
[14.140s][debug][gc,phases      ] GC(8)   StringDedup Requests1 Weak     Min:  0.0, Avg:  0.0, Max:  0.0, Diff:  0.0, Sum:  0.0, Workers: 4
[14.140s][debug][gc,phases      ] GC(8)     Dead                           Min: 0, Avg:  0.0, Max: 0, Diff: 0, Sum: 0, Workers: 4
[14.140s][debug][gc,phases      ] GC(8)     Total                          Min: 0, Avg:  0.0, Max: 0, Diff: 0, Sum: 0, Workers: 4
[14.140s][debug][gc,phases      ] GC(8)   Weak JFR Old Object Samples    Min:  0.0, Avg:  0.0, Max:  0.0, Diff:  0.0, Sum:  0.0, Workers: 4
[14.140s][debug][gc,phases      ] GC(8)     Dead                           Min: 0, Avg:  0.0, Max: 0, Diff: 0, Sum: 0, Workers: 4
[14.140s][debug][gc,phases      ] GC(8)     Total                          Min: 0, Avg:  0.0, Max: 0, Diff: 0, Sum: 0, Workers: 4
[14.140s][debug][gc,phases      ] GC(8) Weak Processing 0.358ms
[14.140s][debug][gc,phases      ] GC(8) ClassLoaderData 0.150ms
[14.140s][debug][gc,phases      ] GC(8) Trigger cleanups 0.007ms
[14.155s][debug][gc,phases      ] GC(8) Class Unloading 15.433ms
[14.155s][info ][gc,phases      ] GC(8) Marking Phase 251.465ms
[14.156s][info ][gc,phases,start] GC(8) Summary Phase
[14.156s][info ][gc,phases      ] GC(8) Summary Phase 0.013ms
[14.156s][info ][gc,phases,start] GC(8) Adjust Roots
[14.169s][info ][gc,phases      ] GC(8) Adjust Roots 13.556ms
[14.169s][info ][gc,phases,start] GC(8) Compaction Phase
[15.619s][info ][gc,phases      ] GC(8) Compaction Phase 1449.905ms
[15.619s][info ][gc,phases,start] GC(8) Post Compact
[15.622s][info ][gc,phases      ] GC(8) Post Compact 2.589ms
[15.622s][info ][gc,heap        ] GC(8) PSYoungGen: 524274K(1572864K)->520971K(1572864K) Eden: 0K(1048576K)->0K(1048576K) From: 524274K(524288K)->520971K(524288K)
[15.622s][info ][gc,heap        ] GC(8) ParOldGen: 14033K(14336K)->14133K(31232K)
[15.622s][info ][gc,metaspace   ] GC(8) Metaspace: 68669K(69504K)->68666K(69504K) NonClass: 58629K(59072K)->58626K(59072K) Class: 10040K(10432K)->10039K(10432K)
[15.622s][info ][gc             ] GC(8) Pause Full (Ergonomics) 525M->522M(1566M) 1717.713ms
[15.622s][info ][gc,cpu         ] GC(8) User=4.87s Sys=0.03s Real=1.72s
[15.622s][info ][safepoint      ] Safepoint "ParallelGCFailedAllocation", Time since last: 84492138 ns, Reaching safepoint: 38900 ns, At safepoint: 1991913149 ns, Total: 1991952049 ns
[16.215s][info ][safepoint      ] Safepoint "ICBufferFull", Time since last: 593200782 ns, Reaching safepoint: 245902 ns, At safepoint: 4700 ns, Total: 250602 ns
[16.215s][info ][safepoint      ] Safepoint "ICBufferFull", Time since last: 81901 ns, Reaching safepoint: 93401 ns, At safepoint: 5300 ns, Total: 98701 ns
[16.708s][info ][safepoint      ] Safepoint "ICBufferFull", Time since last: 492794386 ns, Reaching safepoint: 127202 ns, At safepoint: 5100 ns, Total: 132302 ns
[16.856s][info ][safepoint      ] Safepoint "ICBufferFull", Time since last: 147645763 ns, Reaching safepoint: 191902 ns, At safepoint: 7900 ns, Total: 199802 ns
[16.992s][info ][safepoint      ] Safepoint "ICBufferFull", Time since last: 135064240 ns, Reaching safepoint: 250802 ns, At safepoint: 14300 ns, Total: 265102 ns
[17.130s][info ][safepoint      ] Safepoint "ICBufferFull", Time since last: 138271571 ns, Reaching safepoint: 145902 ns, At safepoint: 8200 ns, Total: 154102 ns
[17.530s][info ][safepoint      ] Safepoint "ICBufferFull", Time since last: 399736763 ns, Reaching safepoint: 236402 ns, At safepoint: 14300 ns, Total: 250702 ns
[18.064s][info ][safepoint      ] Safepoint "ICBufferFull", Time since last: 534299198 ns, Reaching safepoint: 196502 ns, At safepoint: 6500 ns, Total: 203002 ns
[18.673s][info ][safepoint      ] Safepoint "ICBufferFull", Time since last: 608717152 ns, Reaching safepoint: 307903 ns, At safepoint: 10500 ns, Total: 318403 ns
[18.813s][info ][safepoint      ] Safepoint "ICBufferFull", Time since last: 139280900 ns, Reaching safepoint: 268503 ns, At safepoint: 7500 ns, Total: 276003 ns
[18.985s][info ][gc,start       ] GC(9) Pause Young (Allocation Failure)
[19.090s][debug][gc,phases      ] GC(9) Scavenge 104.543ms
[19.090s][debug][gc,ref         ] GC(9) Skipped phase 1 of Reference Processing: no references
[19.090s][debug][gc,ref         ] GC(9) ReferenceProcessor::execute queues: 4, RefProcThreadModel::Multi, marks_oops_alive: false
[19.091s][debug][gc,ref         ] GC(9) ReferenceProcessor::execute queues: 4, RefProcThreadModel::Multi, marks_oops_alive: true
[19.091s][debug][gc,ref         ] GC(9) ReferenceProcessor::execute queues: 1, RefProcThreadModel::Single, marks_oops_alive: false
[19.091s][debug][gc,phases      ] GC(9) Reference Processing 0.537ms
[19.091s][debug][gc,phases      ] GC(9)   VM Weak                        Min:  0.0, Avg:  0.0, Max:  0.0, Diff:  0.0, Sum:  0.0, Workers: 4
[19.091s][debug][gc,phases      ] GC(9)     Dead                           Min: 0, Avg:  0.0, Max: 0, Diff: 0, Sum: 0, Workers: 4
[19.091s][debug][gc,phases      ] GC(9)     Total                          Min: 92, Avg: 167.0, Max: 256, Diff: 164, Sum: 668, Workers: 4
[19.091s][debug][gc,phases      ] GC(9)   ObjectSynchronizer Weak        Min:  0.0, Avg:  0.0, Max:  0.0, Diff:  0.0, Sum:  0.0, Workers: 4
[19.091s][debug][gc,phases      ] GC(9)     Dead                           Min: 0, Avg:  0.5, Max: 2, Diff: 2, Sum: 2, Workers: 4
[19.091s][debug][gc,phases      ] GC(9)     Total                          Min: 0, Avg:  6.2, Max: 25, Diff: 25, Sum: 25, Workers: 4
[19.091s][debug][gc,phases      ] GC(9)   JVMTI Tag Weak OopStorage      Min:  0.0, Avg:  0.0, Max:  0.0, Diff:  0.0, Sum:  0.0, Workers: 4
[19.091s][debug][gc,phases      ] GC(9)     Dead                           Min: 0, Avg:  0.0, Max: 0, Diff: 0, Sum: 0, Workers: 4
[19.091s][debug][gc,phases      ] GC(9)     Total                          Min: 0, Avg:  0.0, Max: 0, Diff: 0, Sum: 0, Workers: 4
[19.091s][debug][gc,phases      ] GC(9)   StringTable Weak               Min:  0.3, Avg:  0.3, Max:  0.3, Diff:  0.0, Sum:  1.3, Workers: 4
[19.091s][debug][gc,phases      ] GC(9)     Dead                           Min: 2, Avg:  2.2, Max: 3, Diff: 1, Sum: 9, Workers: 4
[19.091s][debug][gc,phases      ] GC(9)     Total                          Min: 9280, Avg: 10314.5, Max: 10986, Diff: 1706, Sum: 41258, Workers: 4
[19.091s][debug][gc,phases      ] GC(9)   ResolvedMethodTable Weak       Min:  0.1, Avg:  0.1, Max:  0.1, Diff:  0.0, Sum:  0.3, Workers: 4
[19.091s][debug][gc,phases      ] GC(9)     Dead                           Min: 1, Avg: 40.2, Max: 57, Diff: 56, Sum: 161, Workers: 4
[19.091s][debug][gc,phases      ] GC(9)     Total                          Min: 1856, Avg: 2026.8, Max: 2155, Diff: 299, Sum: 8107, Workers: 4
[19.091s][debug][gc,phases      ] GC(9)   JNI Weak                       Min:  0.0, Avg:  0.0, Max:  0.0, Diff:  0.0, Sum:  0.0, Workers: 4
[19.091s][debug][gc,phases      ] GC(9)     Dead                           Min: 0, Avg:  0.0, Max: 0, Diff: 0, Sum: 0, Workers: 4
[19.091s][debug][gc,phases      ] GC(9)     Total                          Min: 0, Avg: 21.2, Max: 50, Diff: 50, Sum: 85, Workers: 4
[19.091s][debug][gc,phases      ] GC(9)   StringDedup Table Weak         Min:  0.0, Avg:  0.0, Max:  0.0, Diff:  0.0, Sum:  0.0, Workers: 4
[19.091s][debug][gc,phases      ] GC(9)     Dead                           Min: 0, Avg:  0.0, Max: 0, Diff: 0, Sum: 0, Workers: 4
[19.091s][debug][gc,phases      ] GC(9)     Total                          Min: 0, Avg:  0.0, Max: 0, Diff: 0, Sum: 0, Workers: 4
[19.091s][debug][gc,phases      ] GC(9)   StringDedup Requests0 Weak     Min:  0.0, Avg:  0.0, Max:  0.0, Diff:  0.0, Sum:  0.0, Workers: 4
[19.091s][debug][gc,phases      ] GC(9)     Dead                           Min: 0, Avg:  0.0, Max: 0, Diff: 0, Sum: 0, Workers: 4
[19.091s][debug][gc,phases      ] GC(9)     Total                          Min: 0, Avg:  0.0, Max: 0, Diff: 0, Sum: 0, Workers: 4
[19.091s][debug][gc,phases      ] GC(9)   StringDedup Requests1 Weak     Min:  0.0, Avg:  0.0, Max:  0.0, Diff:  0.0, Sum:  0.0, Workers: 4
[19.091s][debug][gc,phases      ] GC(9)     Dead                           Min: 0, Avg:  0.0, Max: 0, Diff: 0, Sum: 0, Workers: 4
[19.091s][debug][gc,phases      ] GC(9)     Total                          Min: 0, Avg:  0.0, Max: 0, Diff: 0, Sum: 0, Workers: 4
[19.091s][debug][gc,phases      ] GC(9)   Weak JFR Old Object Samples    Min:  0.0, Avg:  0.0, Max:  0.0, Diff:  0.0, Sum:  0.0, Workers: 4
[19.091s][debug][gc,phases      ] GC(9)     Dead                           Min: 0, Avg:  0.0, Max: 0, Diff: 0, Sum: 0, Workers: 4
[19.091s][debug][gc,phases      ] GC(9)     Total                          Min: 0, Avg:  0.0, Max: 0, Diff: 0, Sum: 0, Workers: 4
[19.091s][debug][gc,phases      ] GC(9) Weak Processing 0.574ms
[19.091s][debug][gc,age         ] GC(9) Desired survivor size 536870912 bytes, new threshold 5 (max threshold 15)
[19.091s][info ][gc,heap        ] GC(9) PSYoungGen: 1569547K(1572864K)->310455K(1572864K) Eden: 1048576K(1048576K)->0K(1048576K) From: 520971K(524288K)->310455K(524288K)
[19.091s][info ][gc,heap        ] GC(9) ParOldGen: 14133K(31232K)->14149K(31232K)
[19.091s][info ][gc,metaspace   ] GC(9) Metaspace: 74015K(74816K)->74015K(74816K) NonClass: 63168K(63616K)->63168K(63616K) Class: 10847K(11200K)->10847K(11200K)
[19.091s][info ][gc             ] GC(9) Pause Young (Allocation Failure) 1546M->316M(1566M) 105.781ms
[19.091s][info ][gc,cpu         ] GC(9) User=0.37s Sys=0.00s Real=0.11s
[19.091s][info ][safepoint      ] Safepoint "ParallelGCFailedAllocation", Time since last: 172177032 ns, Reaching safepoint: 259302 ns, At safepoint: 105867365 ns, Total: 106126667 ns
[20.092s][info ][safepoint      ] Safepoint "Cleanup", Time since last: 1000085456 ns, Reaching safepoint: 182902 ns, At safepoint: 9000 ns, Total: 191902 ns
[20.289s][info ][safepoint      ] Safepoint "ICBufferFull", Time since last: 197129483 ns, Reaching safepoint: 192702 ns, At safepoint: 8600 ns, Total: 201302 ns
[20.419s][info ][safepoint      ] Safepoint "ICBufferFull", Time since last: 129381001 ns, Reaching safepoint: 198202 ns, At safepoint: 3500 ns, Total: 201702 ns
[20.622s][info ][safepoint      ] Safepoint "ICBufferFull", Time since last: 199482806 ns, Reaching safepoint: 4364544 ns, At safepoint: 7100 ns, Total: 4371644 ns
[20.878s][info ][safepoint      ] Safepoint "ICBufferFull", Time since last: 255157765 ns, Reaching safepoint: 231703 ns, At safepoint: 6300 ns, Total: 238003 ns
[21.204s][info ][safepoint      ] Safepoint "ICBufferFull", Time since last: 326333081 ns, Reaching safepoint: 272603 ns, At safepoint: 11400 ns, Total: 284003 ns
[21.666s][info ][safepoint      ] Safepoint "ICBufferFull", Time since last: 461249538 ns, Reaching safepoint: 413205 ns, At safepoint: 8200 ns, Total: 421405 ns
[21.885s][info ][gc,start       ] GC(10) Pause Young (Allocation Failure)
[21.994s][debug][gc,phases      ] GC(10) Scavenge 109.353ms
[21.994s][debug][gc,ref         ] GC(10) Skipped phase 1 of Reference Processing: no references
[21.994s][debug][gc,ref         ] GC(10) ReferenceProcessor::execute queues: 4, RefProcThreadModel::Multi, marks_oops_alive: false
[21.995s][debug][gc,ref         ] GC(10) Skipped phase 3 of Reference Processing: no references
[21.995s][debug][gc,ref         ] GC(10) ReferenceProcessor::execute queues: 1, RefProcThreadModel::Single, marks_oops_alive: false
[21.995s][debug][gc,phases      ] GC(10) Reference Processing 0.380ms
[21.995s][debug][gc,phases      ] GC(10)   VM Weak                        Min:  0.0, Avg:  0.0, Max:  0.0, Diff:  0.0, Sum:  0.0, Workers: 4
[21.995s][debug][gc,phases      ] GC(10)     Dead                           Min: 0, Avg:  0.0, Max: 0, Diff: 0, Sum: 0, Workers: 4
[21.995s][debug][gc,phases      ] GC(10)     Total                          Min: 0, Avg: 173.0, Max: 436, Diff: 436, Sum: 692, Workers: 4
[21.995s][debug][gc,phases      ] GC(10)   ObjectSynchronizer Weak        Min:  0.0, Avg:  0.0, Max:  0.0, Diff:  0.0, Sum:  0.0, Workers: 4
[21.995s][debug][gc,phases      ] GC(10)     Dead                           Min: 0, Avg:  0.0, Max: 0, Diff: 0, Sum: 0, Workers: 4
[21.995s][debug][gc,phases      ] GC(10)     Total                          Min: 0, Avg:  6.5, Max: 26, Diff: 26, Sum: 26, Workers: 4
[21.995s][debug][gc,phases      ] GC(10)   JVMTI Tag Weak OopStorage      Min:  0.0, Avg:  0.0, Max:  0.0, Diff:  0.0, Sum:  0.0, Workers: 4
[21.995s][debug][gc,phases      ] GC(10)     Dead                           Min: 0, Avg:  0.0, Max: 0, Diff: 0, Sum: 0, Workers: 4
[21.995s][debug][gc,phases      ] GC(10)     Total                          Min: 0, Avg:  0.0, Max: 0, Diff: 0, Sum: 0, Workers: 4
[21.995s][debug][gc,phases      ] GC(10)   StringTable Weak               Min:  0.0, Avg:  0.3, Max:  0.3, Diff:  0.3, Sum:  1.0, Workers: 4
[21.995s][debug][gc,phases      ] GC(10)     Dead                           Min: 0, Avg:  2.0, Max: 6, Diff: 6, Sum: 8, Workers: 4
[21.995s][debug][gc,phases      ] GC(10)     Total                          Min: 0, Avg: 10425.2, Max: 17573, Diff: 17573, Sum: 41701, Workers: 4
[21.995s][debug][gc,phases      ] GC(10)   ResolvedMethodTable Weak       Min:  0.0, Avg:  0.1, Max:  0.1, Diff:  0.1, Sum:  0.2, Workers: 4
[21.995s][debug][gc,phases      ] GC(10)     Dead                           Min: 0, Avg: 10.5, Max: 19, Diff: 19, Sum: 42, Workers: 4
[21.995s][debug][gc,phases      ] GC(10)     Total                          Min: 0, Avg: 2091.5, Max: 3505, Diff: 3505, Sum: 8366, Workers: 4
[21.995s][debug][gc,phases      ] GC(10)   JNI Weak                       Min:  0.0, Avg:  0.0, Max:  0.0, Diff:  0.0, Sum:  0.0, Workers: 4
[21.995s][debug][gc,phases      ] GC(10)     Dead                           Min: 0, Avg:  0.0, Max: 0, Diff: 0, Sum: 0, Workers: 4
[21.995s][debug][gc,phases      ] GC(10)     Total                          Min: 0, Avg: 39.0, Max: 103, Diff: 103, Sum: 156, Workers: 4
[21.995s][debug][gc,phases      ] GC(10)   StringDedup Table Weak         Min:  0.0, Avg:  0.0, Max:  0.0, Diff:  0.0, Sum:  0.0, Workers: 4
[21.995s][debug][gc,phases      ] GC(10)     Dead                           Min: 0, Avg:  0.0, Max: 0, Diff: 0, Sum: 0, Workers: 4
[21.995s][debug][gc,phases      ] GC(10)     Total                          Min: 0, Avg:  0.0, Max: 0, Diff: 0, Sum: 0, Workers: 4
[21.995s][debug][gc,phases      ] GC(10)   StringDedup Requests0 Weak     Min:  0.0, Avg:  0.0, Max:  0.0, Diff:  0.0, Sum:  0.0, Workers: 4
[21.995s][debug][gc,phases      ] GC(10)     Dead                           Min: 0, Avg:  0.0, Max: 0, Diff: 0, Sum: 0, Workers: 4
[21.995s][debug][gc,phases      ] GC(10)     Total                          Min: 0, Avg:  0.0, Max: 0, Diff: 0, Sum: 0, Workers: 4
[21.995s][debug][gc,phases      ] GC(10)   StringDedup Requests1 Weak     Min:  0.0, Avg:  0.0, Max:  0.0, Diff:  0.0, Sum:  0.0, Workers: 4
[21.995s][debug][gc,phases      ] GC(10)     Dead                           Min: 0, Avg:  0.0, Max: 0, Diff: 0, Sum: 0, Workers: 4
[21.995s][debug][gc,phases      ] GC(10)     Total                          Min: 0, Avg:  0.0, Max: 0, Diff: 0, Sum: 0, Workers: 4
[21.995s][debug][gc,phases      ] GC(10)   Weak JFR Old Object Samples    Min:  0.0, Avg:  0.0, Max:  0.0, Diff:  0.0, Sum:  0.0, Workers: 4
[21.995s][debug][gc,phases      ] GC(10)     Dead                           Min: 0, Avg:  0.0, Max: 0, Diff: 0, Sum: 0, Workers: 4
[21.995s][debug][gc,phases      ] GC(10)     Total                          Min: 0, Avg:  0.0, Max: 0, Diff: 0, Sum: 0, Workers: 4
[21.995s][debug][gc,phases      ] GC(10) Weak Processing 0.601ms
[21.995s][debug][gc,age         ] GC(10) Desired survivor size 536870912 bytes, new threshold 4 (max threshold 15)
[21.995s][info ][gc,heap        ] GC(10) PSYoungGen: 1359031K(1572864K)->229236K(1572864K) Eden: 1048576K(1048576K)->0K(1048576K) From: 310455K(524288K)->229236K(524288K)
[21.995s][info ][gc,heap        ] GC(10) ParOldGen: 14149K(31232K)->94896K(95232K)
[21.995s][info ][gc,metaspace   ] GC(10) Metaspace: 75849K(76800K)->75849K(76800K) NonClass: 64832K(65344K)->64832K(65344K) Class: 11017K(11456K)->11017K(11456K)
[21.995s][info ][gc             ] GC(10) Pause Young (Allocation Failure) 1340M->316M(1629M) 110.451ms
[21.995s][info ][gc,cpu         ] GC(10) User=0.38s Sys=0.00s Real=0.11s
[21.995s][debug][gc,phases      ] GC(11) Pre Compact 0.009ms
[21.995s][info ][gc,start       ] GC(11) Pause Full (Ergonomics)
[21.995s][info ][gc,phases,start] GC(11) Marking Phase
[22.090s][debug][gc,phases      ] GC(11) Par Mark 94.576ms
[22.090s][debug][gc,ref         ] GC(11) Skipped phase 1 of Reference Processing: no references
[22.090s][debug][gc,ref         ] GC(11) ReferenceProcessor::execute queues: 4, RefProcThreadModel::Multi, marks_oops_alive: false
[22.090s][debug][gc,ref         ] GC(11) Skipped phase 3 of Reference Processing: no references
[22.090s][debug][gc,ref         ] GC(11) ReferenceProcessor::execute queues: 1, RefProcThreadModel::Single, marks_oops_alive: false
[22.090s][debug][gc,phases      ] GC(11) Reference Processing 0.487ms
[22.091s][debug][gc,phases      ] GC(11)   VM Weak                        Min:  0.0, Avg:  0.0, Max:  0.0, Diff:  0.0, Sum:  0.0, Workers: 4
[22.091s][debug][gc,phases      ] GC(11)     Dead                           Min: 0, Avg:  0.0, Max: 0, Diff: 0, Sum: 0, Workers: 4
[22.091s][debug][gc,phases      ] GC(11)     Total                          Min: 0, Avg: 173.0, Max: 308, Diff: 308, Sum: 692, Workers: 4
[22.091s][debug][gc,phases      ] GC(11)   ObjectSynchronizer Weak        Min:  0.0, Avg:  0.0, Max:  0.0, Diff:  0.0, Sum:  0.0, Workers: 4
[22.091s][debug][gc,phases      ] GC(11)     Dead                           Min: 0, Avg:  0.0, Max: 0, Diff: 0, Sum: 0, Workers: 4
[22.091s][debug][gc,phases      ] GC(11)     Total                          Min: 0, Avg:  6.5, Max: 26, Diff: 26, Sum: 26, Workers: 4
[22.091s][debug][gc,phases      ] GC(11)   JVMTI Tag Weak OopStorage      Min:  0.0, Avg:  0.0, Max:  0.0, Diff:  0.0, Sum:  0.0, Workers: 4
[22.091s][debug][gc,phases      ] GC(11)     Dead                           Min: 0, Avg:  0.0, Max: 0, Diff: 0, Sum: 0, Workers: 4
[22.091s][debug][gc,phases      ] GC(11)     Total                          Min: 0, Avg:  0.0, Max: 0, Diff: 0, Sum: 0, Workers: 4
[22.091s][debug][gc,phases      ] GC(11)   StringTable Weak               Min:  0.1, Avg:  0.2, Max:  0.2, Diff:  0.1, Sum:  0.7, Workers: 4
[22.091s][debug][gc,phases      ] GC(11)     Dead                           Min: 0, Avg:  0.0, Max: 0, Diff: 0, Sum: 0, Workers: 4
[22.091s][debug][gc,phases      ] GC(11)     Total                          Min: 4480, Avg: 10425.2, Max: 13376, Diff: 8896, Sum: 41701, Workers: 4
[22.091s][debug][gc,phases      ] GC(11)   ResolvedMethodTable Weak       Min:  0.0, Avg:  0.0, Max:  0.0, Diff:  0.0, Sum:  0.1, Workers: 4
[22.091s][debug][gc,phases      ] GC(11)     Dead                           Min: 0, Avg:  0.0, Max: 0, Diff: 0, Sum: 0, Workers: 4
[22.091s][debug][gc,phases      ] GC(11)     Total                          Min: 0, Avg: 2091.5, Max: 2931, Diff: 2931, Sum: 8366, Workers: 4
[22.091s][debug][gc,phases      ] GC(11)   JNI Weak                       Min:  0.0, Avg:  0.0, Max:  0.0, Diff:  0.0, Sum:  0.0, Workers: 4
[22.091s][debug][gc,phases      ] GC(11)     Dead                           Min: 0, Avg:  0.0, Max: 0, Diff: 0, Sum: 0, Workers: 4
[22.091s][debug][gc,phases      ] GC(11)     Total                          Min: 0, Avg: 39.0, Max: 100, Diff: 100, Sum: 156, Workers: 4
[22.091s][debug][gc,phases      ] GC(11)   StringDedup Table Weak         Min:  0.0, Avg:  0.0, Max:  0.0, Diff:  0.0, Sum:  0.0, Workers: 4
[22.091s][debug][gc,phases      ] GC(11)     Dead                           Min: 0, Avg:  0.0, Max: 0, Diff: 0, Sum: 0, Workers: 4
[22.091s][debug][gc,phases      ] GC(11)     Total                          Min: 0, Avg:  0.0, Max: 0, Diff: 0, Sum: 0, Workers: 4
[22.091s][debug][gc,phases      ] GC(11)   StringDedup Requests0 Weak     Min:  0.0, Avg:  0.0, Max:  0.0, Diff:  0.0, Sum:  0.0, Workers: 4
[22.091s][debug][gc,phases      ] GC(11)     Dead                           Min: 0, Avg:  0.0, Max: 0, Diff: 0, Sum: 0, Workers: 4
[22.091s][debug][gc,phases      ] GC(11)     Total                          Min: 0, Avg:  0.0, Max: 0, Diff: 0, Sum: 0, Workers: 4
[22.091s][debug][gc,phases      ] GC(11)   StringDedup Requests1 Weak     Min:  0.0, Avg:  0.0, Max:  0.0, Diff:  0.0, Sum:  0.0, Workers: 4
[22.091s][debug][gc,phases      ] GC(11)     Dead                           Min: 0, Avg:  0.0, Max: 0, Diff: 0, Sum: 0, Workers: 4
[22.091s][debug][gc,phases      ] GC(11)     Total                          Min: 0, Avg:  0.0, Max: 0, Diff: 0, Sum: 0, Workers: 4
[22.091s][debug][gc,phases      ] GC(11)   Weak JFR Old Object Samples    Min:  0.0, Avg:  0.0, Max:  0.0, Diff:  0.0, Sum:  0.0, Workers: 4
[22.091s][debug][gc,phases      ] GC(11)     Dead                           Min: 0, Avg:  0.0, Max: 0, Diff: 0, Sum: 0, Workers: 4
[22.091s][debug][gc,phases      ] GC(11)     Total                          Min: 0, Avg:  0.0, Max: 0, Diff: 0, Sum: 0, Workers: 4
[22.091s][debug][gc,phases      ] GC(11) Weak Processing 0.389ms
[22.091s][debug][gc,phases      ] GC(11) ClassLoaderData 0.086ms
[22.091s][debug][gc,phases      ] GC(11) Trigger cleanups 0.000ms
[22.103s][debug][gc,phases      ] GC(11) Class Unloading 12.404ms
[22.103s][info ][gc,phases      ] GC(11) Marking Phase 108.029ms
[22.103s][info ][gc,phases,start] GC(11) Summary Phase
[22.103s][info ][gc,phases      ] GC(11) Summary Phase 0.009ms
[22.103s][info ][gc,phases,start] GC(11) Adjust Roots
[22.118s][info ][gc,phases      ] GC(11) Adjust Roots 15.131ms
[22.118s][info ][gc,phases,start] GC(11) Compaction Phase
[22.545s][info ][gc,phases      ] GC(11) Compaction Phase 426.113ms
[22.545s][info ][gc,phases,start] GC(11) Post Compact
[22.547s][info ][gc,phases      ] GC(11) Post Compact 1.954ms
[22.547s][info ][gc,heap        ] GC(11) PSYoungGen: 229236K(1572864K)->225480K(1572864K) Eden: 0K(1048576K)->0K(1048576K) From: 229236K(524288K)->225480K(524288K)
[22.547s][info ][gc,heap        ] GC(11) ParOldGen: 94896K(95232K)->95014K(159744K)
[22.547s][info ][gc,metaspace   ] GC(11) Metaspace: 75849K(76800K)->75849K(76800K) NonClass: 64832K(65344K)->64832K(65344K) Class: 11017K(11456K)->11017K(11456K)
[22.547s][info ][gc             ] GC(11) Pause Full (Ergonomics) 316M->312M(1692M) 551.471ms
[22.547s][info ][gc,cpu         ] GC(11) User=1.68s Sys=0.02s Real=0.56s
[22.547s][info ][safepoint      ] Safepoint "ParallelGCFailedAllocation", Time since last: 218482197 ns, Reaching safepoint: 192802 ns, At safepoint: 662068257 ns, Total: 662261059 ns
[23.056s][info ][safepoint      ] Safepoint "ICBufferFull", Time since last: 508841517 ns, Reaching safepoint: 191102 ns, At safepoint: 9900 ns, Total: 201002 ns
[23.413s][info ][safepoint      ] Safepoint "ICBufferFull", Time since last: 356665187 ns, Reaching safepoint: 235802 ns, At safepoint: 8200 ns, Total: 244002 ns
[24.413s][info ][safepoint      ] Safepoint "Cleanup", Time since last: 1000106657 ns, Reaching safepoint: 184102 ns, At safepoint: 8000 ns, Total: 192102 ns
[24.757s][info ][gc,start       ] GC(12) Pause Young (Allocation Failure)
[24.849s][debug][gc,phases      ] GC(12) Scavenge 91.772ms
[24.849s][debug][gc,ref         ] GC(12) Skipped phase 1 of Reference Processing: no references
[24.849s][debug][gc,ref         ] GC(12) ReferenceProcessor::execute queues: 1, RefProcThreadModel::Single, marks_oops_alive: false
[24.849s][debug][gc,ref         ] GC(12) ReferenceProcessor::execute queues: 4, RefProcThreadModel::Multi, marks_oops_alive: true
[24.849s][debug][gc,ref         ] GC(12) ReferenceProcessor::execute queues: 1, RefProcThreadModel::Single, marks_oops_alive: false
[24.849s][debug][gc,phases      ] GC(12) Reference Processing 0.192ms
[24.849s][debug][gc,phases      ] GC(12)   VM Weak                        Min:  0.0, Avg:  0.0, Max:  0.0, Diff:  0.0, Sum:  0.0, Workers: 4
[24.849s][debug][gc,phases      ] GC(12)     Dead                           Min: 0, Avg:  0.0, Max: 0, Diff: 0, Sum: 0, Workers: 4
[24.849s][debug][gc,phases      ] GC(12)     Total                          Min: 0, Avg: 173.0, Max: 448, Diff: 448, Sum: 692, Workers: 4
[24.849s][debug][gc,phases      ] GC(12)   ObjectSynchronizer Weak        Min:  0.0, Avg:  0.0, Max:  0.0, Diff:  0.0, Sum:  0.0, Workers: 4
[24.849s][debug][gc,phases      ] GC(12)     Dead                           Min: 0, Avg:  0.0, Max: 0, Diff: 0, Sum: 0, Workers: 4
[24.849s][debug][gc,phases      ] GC(12)     Total                          Min: 0, Avg:  7.0, Max: 28, Diff: 28, Sum: 28, Workers: 4
[24.849s][debug][gc,phases      ] GC(12)   JVMTI Tag Weak OopStorage      Min:  0.0, Avg:  0.0, Max:  0.0, Diff:  0.0, Sum:  0.0, Workers: 4
[24.849s][debug][gc,phases      ] GC(12)     Dead                           Min: 0, Avg:  0.0, Max: 0, Diff: 0, Sum: 0, Workers: 4
[24.849s][debug][gc,phases      ] GC(12)     Total                          Min: 0, Avg:  0.0, Max: 0, Diff: 0, Sum: 0, Workers: 4
[24.849s][debug][gc,phases      ] GC(12)   StringTable Weak               Min:  0.2, Avg:  0.2, Max:  0.2, Diff:  0.0, Sum:  0.8, Workers: 4
[24.849s][debug][gc,phases      ] GC(12)     Dead                           Min: 0, Avg:  0.0, Max: 0, Diff: 0, Sum: 0, Workers: 4
[24.849s][debug][gc,phases      ] GC(12)     Total                          Min: 10112, Avg: 10439.5, Max: 10688, Diff: 576, Sum: 41758, Workers: 4
[24.849s][debug][gc,phases      ] GC(12)   ResolvedMethodTable Weak       Min:  0.1, Avg:  0.1, Max:  0.1, Diff:  0.0, Sum:  0.2, Workers: 4
[24.849s][debug][gc,phases      ] GC(12)     Dead                           Min: 0, Avg:  0.0, Max: 0, Diff: 0, Sum: 0, Workers: 4
[24.849s][debug][gc,phases      ] GC(12)     Total                          Min: 1909, Avg: 2007.8, Max: 2094, Diff: 185, Sum: 8031, Workers: 4
[24.849s][debug][gc,phases      ] GC(12)   JNI Weak                       Min:  0.0, Avg:  0.0, Max:  0.0, Diff:  0.0, Sum:  0.0, Workers: 4
[24.849s][debug][gc,phases      ] GC(12)     Dead                           Min: 0, Avg:  0.0, Max: 0, Diff: 0, Sum: 0, Workers: 4
[24.849s][debug][gc,phases      ] GC(12)     Total                          Min: 0, Avg: 23.2, Max: 57, Diff: 57, Sum: 93, Workers: 4
[24.849s][debug][gc,phases      ] GC(12)   StringDedup Table Weak         Min:  0.0, Avg:  0.0, Max:  0.0, Diff:  0.0, Sum:  0.0, Workers: 4
[24.849s][debug][gc,phases      ] GC(12)     Dead                           Min: 0, Avg:  0.0, Max: 0, Diff: 0, Sum: 0, Workers: 4
[24.849s][debug][gc,phases      ] GC(12)     Total                          Min: 0, Avg:  0.0, Max: 0, Diff: 0, Sum: 0, Workers: 4
[24.849s][debug][gc,phases      ] GC(12)   StringDedup Requests0 Weak     Min:  0.0, Avg:  0.0, Max:  0.0, Diff:  0.0, Sum:  0.0, Workers: 4
[24.849s][debug][gc,phases      ] GC(12)     Dead                           Min: 0, Avg:  0.0, Max: 0, Diff: 0, Sum: 0, Workers: 4
[24.849s][debug][gc,phases      ] GC(12)     Total                          Min: 0, Avg:  0.0, Max: 0, Diff: 0, Sum: 0, Workers: 4
[24.849s][debug][gc,phases      ] GC(12)   StringDedup Requests1 Weak     Min:  0.0, Avg:  0.0, Max:  0.0, Diff:  0.0, Sum:  0.0, Workers: 4
[24.849s][debug][gc,phases      ] GC(12)     Dead                           Min: 0, Avg:  0.0, Max: 0, Diff: 0, Sum: 0, Workers: 4
[24.849s][debug][gc,phases      ] GC(12)     Total                          Min: 0, Avg:  0.0, Max: 0, Diff: 0, Sum: 0, Workers: 4
[24.849s][debug][gc,phases      ] GC(12)   Weak JFR Old Object Samples    Min:  0.0, Avg:  0.0, Max:  0.0, Diff:  0.0, Sum:  0.0, Workers: 4
[24.849s][debug][gc,phases      ] GC(12)     Dead                           Min: 0, Avg:  0.0, Max: 0, Diff: 0, Sum: 0, Workers: 4
[24.849s][debug][gc,phases      ] GC(12)     Total                          Min: 0, Avg:  0.0, Max: 0, Diff: 0, Sum: 0, Workers: 4
[24.849s][debug][gc,phases      ] GC(12) Weak Processing 0.405ms
[24.849s][debug][gc,age         ] GC(12) Desired survivor size 536870912 bytes, new threshold 3 (max threshold 15)
[24.849s][info ][gc,heap        ] GC(12) PSYoungGen: 1274056K(1572864K)->240400K(1572864K) Eden: 1048576K(1048576K)->0K(1048576K) From: 225480K(524288K)->240400K(524288K)
[24.849s][info ][gc,heap        ] GC(12) ParOldGen: 95014K(159744K)->152578K(159744K)
[24.849s][info ][gc,metaspace   ] GC(12) Metaspace: 76218K(77120K)->76218K(77120K) NonClass: 65181K(65664K)->65181K(65664K) Class: 11036K(11456K)->11036K(11456K)
[24.849s][info ][gc             ] GC(12) Pause Young (Allocation Failure) 1336M->383M(1692M) 92.515ms
[24.849s][info ][gc,cpu         ] GC(12) User=0.32s Sys=0.00s Real=0.10s
[24.849s][debug][gc,phases      ] GC(13) Pre Compact 0.009ms
[24.849s][info ][gc,start       ] GC(13) Pause Full (Ergonomics)
[24.849s][info ][gc,phases,start] GC(13) Marking Phase
[24.962s][debug][gc,phases      ] GC(13) Par Mark 112.216ms
[24.962s][debug][gc,ref         ] GC(13) Skipped phase 1 of Reference Processing: no references
[24.962s][debug][gc,ref         ] GC(13) ReferenceProcessor::execute queues: 4, RefProcThreadModel::Multi, marks_oops_alive: false
[24.962s][debug][gc,ref         ] GC(13) Skipped phase 3 of Reference Processing: no references
[24.962s][debug][gc,ref         ] GC(13) ReferenceProcessor::execute queues: 1, RefProcThreadModel::Single, marks_oops_alive: false
[24.962s][debug][gc,phases      ] GC(13) Reference Processing 0.454ms
[24.963s][debug][gc,phases      ] GC(13)   VM Weak                        Min:  0.0, Avg:  0.0, Max:  0.0, Diff:  0.0, Sum:  0.0, Workers: 4
[24.963s][debug][gc,phases      ] GC(13)     Dead                           Min: 0, Avg:  0.0, Max: 0, Diff: 0, Sum: 0, Workers: 4
[24.963s][debug][gc,phases      ] GC(13)     Total                          Min: 0, Avg: 173.0, Max: 320, Diff: 320, Sum: 692, Workers: 4
[24.963s][debug][gc,phases      ] GC(13)   ObjectSynchronizer Weak        Min:  0.0, Avg:  0.0, Max:  0.0, Diff:  0.0, Sum:  0.0, Workers: 4
[24.963s][debug][gc,phases      ] GC(13)     Dead                           Min: 0, Avg:  0.0, Max: 0, Diff: 0, Sum: 0, Workers: 4
[24.963s][debug][gc,phases      ] GC(13)     Total                          Min: 0, Avg:  7.0, Max: 28, Diff: 28, Sum: 28, Workers: 4
[24.963s][debug][gc,phases      ] GC(13)   JVMTI Tag Weak OopStorage      Min:  0.0, Avg:  0.0, Max:  0.0, Diff:  0.0, Sum:  0.0, Workers: 4
[24.963s][debug][gc,phases      ] GC(13)     Dead                           Min: 0, Avg:  0.0, Max: 0, Diff: 0, Sum: 0, Workers: 4
[24.963s][debug][gc,phases      ] GC(13)     Total                          Min: 0, Avg:  0.0, Max: 0, Diff: 0, Sum: 0, Workers: 4
[24.963s][debug][gc,phases      ] GC(13)   StringTable Weak               Min:  0.0, Avg:  0.2, Max:  0.2, Diff:  0.2, Sum:  0.6, Workers: 4
[24.963s][debug][gc,phases      ] GC(13)     Dead                           Min: 0, Avg:  0.0, Max: 0, Diff: 0, Sum: 0, Workers: 4
[24.963s][debug][gc,phases      ] GC(13)     Total                          Min: 0, Avg: 10439.5, Max: 14592, Diff: 14592, Sum: 41758, Workers: 4
[24.963s][debug][gc,phases      ] GC(13)   ResolvedMethodTable Weak       Min:  0.0, Avg:  0.0, Max:  0.0, Diff:  0.0, Sum:  0.1, Workers: 4
[24.963s][debug][gc,phases      ] GC(13)     Dead                           Min: 0, Avg:  0.0, Max: 0, Diff: 0, Sum: 0, Workers: 4
[24.963s][debug][gc,phases      ] GC(13)     Total                          Min: 0, Avg: 2007.8, Max: 2771, Diff: 2771, Sum: 8031, Workers: 4
[24.963s][debug][gc,phases      ] GC(13)   JNI Weak                       Min:  0.0, Avg:  0.0, Max:  0.0, Diff:  0.0, Sum:  0.0, Workers: 4
[24.963s][debug][gc,phases      ] GC(13)     Dead                           Min: 0, Avg:  0.0, Max: 0, Diff: 0, Sum: 0, Workers: 4
[24.963s][debug][gc,phases      ] GC(13)     Total                          Min: 0, Avg: 23.2, Max: 47, Diff: 47, Sum: 93, Workers: 4
[24.963s][debug][gc,phases      ] GC(13)   StringDedup Table Weak         Min:  0.0, Avg:  0.0, Max:  0.0, Diff:  0.0, Sum:  0.0, Workers: 4
[24.963s][debug][gc,phases      ] GC(13)     Dead                           Min: 0, Avg:  0.0, Max: 0, Diff: 0, Sum: 0, Workers: 4
[24.963s][debug][gc,phases      ] GC(13)     Total                          Min: 0, Avg:  0.0, Max: 0, Diff: 0, Sum: 0, Workers: 4
[24.963s][debug][gc,phases      ] GC(13)   StringDedup Requests0 Weak     Min:  0.0, Avg:  0.0, Max:  0.0, Diff:  0.0, Sum:  0.0, Workers: 4
[24.963s][debug][gc,phases      ] GC(13)     Dead                           Min: 0, Avg:  0.0, Max: 0, Diff: 0, Sum: 0, Workers: 4
[24.963s][debug][gc,phases      ] GC(13)     Total                          Min: 0, Avg:  0.0, Max: 0, Diff: 0, Sum: 0, Workers: 4
[24.963s][debug][gc,phases      ] GC(13)   StringDedup Requests1 Weak     Min:  0.0, Avg:  0.0, Max:  0.0, Diff:  0.0, Sum:  0.0, Workers: 4
[24.963s][debug][gc,phases      ] GC(13)     Dead                           Min: 0, Avg:  0.0, Max: 0, Diff: 0, Sum: 0, Workers: 4
[24.963s][debug][gc,phases      ] GC(13)     Total                          Min: 0, Avg:  0.0, Max: 0, Diff: 0, Sum: 0, Workers: 4
[24.963s][debug][gc,phases      ] GC(13)   Weak JFR Old Object Samples    Min:  0.0, Avg:  0.0, Max:  0.0, Diff:  0.0, Sum:  0.0, Workers: 4
[24.963s][debug][gc,phases      ] GC(13)     Dead                           Min: 0, Avg:  0.0, Max: 0, Diff: 0, Sum: 0, Workers: 4
[24.963s][debug][gc,phases      ] GC(13)     Total                          Min: 0, Avg:  0.0, Max: 0, Diff: 0, Sum: 0, Workers: 4
[24.963s][debug][gc,phases      ] GC(13) Weak Processing 0.396ms
[24.963s][debug][gc,phases      ] GC(13) ClassLoaderData 0.086ms
[24.963s][debug][gc,phases      ] GC(13) Trigger cleanups 0.000ms
[24.976s][debug][gc,phases      ] GC(13) Class Unloading 13.216ms
[24.976s][info ][gc,phases      ] GC(13) Marking Phase 126.457ms
[24.976s][info ][gc,phases,start] GC(13) Summary Phase
[24.976s][info ][gc,phases      ] GC(13) Summary Phase 0.021ms
[24.976s][info ][gc,phases,start] GC(13) Adjust Roots
[24.989s][info ][gc,phases      ] GC(13) Adjust Roots 12.928ms
[24.989s][info ][gc,phases,start] GC(13) Compaction Phase
[25.192s][info ][gc,phases      ] GC(13) Compaction Phase 203.097ms
[25.192s][info ][gc,phases,start] GC(13) Post Compact
[25.193s][info ][gc,phases      ] GC(13) Post Compact 1.403ms
[25.194s][info ][gc,heap        ] GC(13) PSYoungGen: 240400K(1572864K)->224336K(1572864K) Eden: 0K(1048576K)->0K(1048576K) From: 240400K(524288K)->224336K(524288K)
[25.194s][info ][gc,heap        ] GC(13) ParOldGen: 152578K(159744K)->159462K(249856K)
[25.194s][info ][gc,metaspace   ] GC(13) Metaspace: 76218K(77120K)->76218K(77120K) NonClass: 65181K(65664K)->65181K(65664K) Class: 11036K(11456K)->11036K(11456K)
[25.194s][info ][gc             ] GC(13) Pause Full (Ergonomics) 383M->374M(1780M) 344.159ms
[25.194s][info ][gc,cpu         ] GC(13) User=1.14s Sys=0.02s Real=0.34s
[25.194s][info ][safepoint      ] Safepoint "ParallelGCFailedAllocation", Time since last: 343682356 ns, Reaching safepoint: 145901 ns, At safepoint: 437178997 ns, Total: 437324898 ns
[26.132s][info ][safepoint      ] Safepoint "ICBufferFull", Time since last: 938052532 ns, Reaching safepoint: 275703 ns, At safepoint: 6400 ns, Total: 282103 ns
[27.133s][info ][safepoint      ] Safepoint "Cleanup", Time since last: 1000084099 ns, Reaching safepoint: 184801 ns, At safepoint: 4800 ns, Total: 189601 ns
[27.918s][info ][safepoint      ] Safepoint "ICBufferFull", Time since last: 785161414 ns, Reaching safepoint: 225502 ns, At safepoint: 7601 ns, Total: 233103 ns
[28.613s][info ][safepoint      ] Safepoint "ICBufferFull", Time since last: 695128117 ns, Reaching safepoint: 254503 ns, At safepoint: 9700 ns, Total: 264203 ns
[29.614s][info ][safepoint      ] Safepoint "Cleanup", Time since last: 1000120753 ns, Reaching safepoint: 241702 ns, At safepoint: 6900 ns, Total: 248602 ns
[30.614s][info ][safepoint      ] Safepoint "Cleanup", Time since last: 1000127253 ns, Reaching safepoint: 298403 ns, At safepoint: 20301 ns, Total: 318704 ns
[31.613s][info ][safepoint      ] Safepoint "ICBufferFull", Time since last: 998574237 ns, Reaching safepoint: 231102 ns, At safepoint: 7000 ns, Total: 238102 ns
[32.613s][info ][safepoint      ] Safepoint "Cleanup", Time since last: 1000115453 ns, Reaching safepoint: 216903 ns, At safepoint: 8500 ns, Total: 225403 ns
[33.614s][info ][safepoint      ] Safepoint "Cleanup", Time since last: 1000115853 ns, Reaching safepoint: 203602 ns, At safepoint: 9000 ns, Total: 212602 ns
[34.614s][info ][safepoint      ] Safepoint "Cleanup", Time since last: 1000115951 ns, Reaching safepoint: 172802 ns, At safepoint: 4900 ns, Total: 177702 ns
[35.614s][info ][safepoint      ] Safepoint "Cleanup", Time since last: 1000106020 ns, Reaching safepoint: 139302 ns, At safepoint: 5700 ns, Total: 145002 ns
[35.939s][info ][gc,start       ] GC(14) Pause Young (Allocation Failure)
[36.032s][debug][gc,phases      ] GC(14) Scavenge 92.822ms
[36.032s][debug][gc,ref         ] GC(14) Skipped phase 1 of Reference Processing: no references
[36.032s][debug][gc,ref         ] GC(14) ReferenceProcessor::execute queues: 1, RefProcThreadModel::Single, marks_oops_alive: false
[36.032s][debug][gc,ref         ] GC(14) Skipped phase 3 of Reference Processing: no references
[36.032s][debug][gc,ref         ] GC(14) ReferenceProcessor::execute queues: 1, RefProcThreadModel::Single, marks_oops_alive: false
[36.032s][debug][gc,phases      ] GC(14) Reference Processing 0.108ms
[36.032s][debug][gc,phases      ] GC(14)   VM Weak                        Min:  0.0, Avg:  0.0, Max:  0.0, Diff:  0.0, Sum:  0.0, Workers: 4
[36.032s][debug][gc,phases      ] GC(14)     Dead                           Min: 0, Avg:  0.0, Max: 0, Diff: 0, Sum: 0, Workers: 4
[36.032s][debug][gc,phases      ] GC(14)     Total                          Min: 0, Avg: 174.0, Max: 376, Diff: 376, Sum: 696, Workers: 4
[36.032s][debug][gc,phases      ] GC(14)   ObjectSynchronizer Weak        Min:  0.0, Avg:  0.0, Max:  0.0, Diff:  0.0, Sum:  0.0, Workers: 4
[36.032s][debug][gc,phases      ] GC(14)     Dead                           Min: 0, Avg:  0.0, Max: 0, Diff: 0, Sum: 0, Workers: 4
[36.032s][debug][gc,phases      ] GC(14)     Total                          Min: 0, Avg:  7.0, Max: 28, Diff: 28, Sum: 28, Workers: 4
[36.032s][debug][gc,phases      ] GC(14)   JVMTI Tag Weak OopStorage      Min:  0.0, Avg:  0.0, Max:  0.0, Diff:  0.0, Sum:  0.0, Workers: 4
[36.032s][debug][gc,phases      ] GC(14)     Dead                           Min: 0, Avg:  0.0, Max: 0, Diff: 0, Sum: 0, Workers: 4
[36.032s][debug][gc,phases      ] GC(14)     Total                          Min: 0, Avg:  0.0, Max: 0, Diff: 0, Sum: 0, Workers: 4
[36.032s][debug][gc,phases      ] GC(14)   StringTable Weak               Min:  0.0, Avg:  0.1, Max:  0.1, Diff:  0.1, Sum:  0.4, Workers: 4
[36.032s][debug][gc,phases      ] GC(14)     Dead                           Min: 0, Avg:  0.2, Max: 1, Diff: 1, Sum: 1, Workers: 4
[36.032s][debug][gc,phases      ] GC(14)     Total                          Min: 0, Avg: 10557.0, Max: 18304, Diff: 18304, Sum: 42228, Workers: 4
[36.032s][debug][gc,phases      ] GC(14)   ResolvedMethodTable Weak       Min:  0.0, Avg:  0.0, Max:  0.0, Diff:  0.0, Sum:  0.1, Workers: 4
[36.032s][debug][gc,phases      ] GC(14)     Dead                           Min: 0, Avg:  0.0, Max: 0, Diff: 0, Sum: 0, Workers: 4
[36.032s][debug][gc,phases      ] GC(14)     Total                          Min: 0, Avg: 2020.2, Max: 2756, Diff: 2756, Sum: 8081, Workers: 4
[36.032s][debug][gc,phases      ] GC(14)   JNI Weak                       Min:  0.0, Avg:  0.0, Max:  0.0, Diff:  0.0, Sum:  0.0, Workers: 4
[36.032s][debug][gc,phases      ] GC(14)     Dead                           Min: 0, Avg:  0.0, Max: 0, Diff: 0, Sum: 0, Workers: 4
[36.032s][debug][gc,phases      ] GC(14)     Total                          Min: 0, Avg: 12.8, Max: 51, Diff: 51, Sum: 51, Workers: 4
[36.032s][debug][gc,phases      ] GC(14)   StringDedup Table Weak         Min:  0.0, Avg:  0.0, Max:  0.0, Diff:  0.0, Sum:  0.0, Workers: 4
[36.032s][debug][gc,phases      ] GC(14)     Dead                           Min: 0, Avg:  0.0, Max: 0, Diff: 0, Sum: 0, Workers: 4
[36.032s][debug][gc,phases      ] GC(14)     Total                          Min: 0, Avg:  0.0, Max: 0, Diff: 0, Sum: 0, Workers: 4
[36.032s][debug][gc,phases      ] GC(14)   StringDedup Requests0 Weak     Min:  0.0, Avg:  0.0, Max:  0.0, Diff:  0.0, Sum:  0.0, Workers: 4
[36.032s][debug][gc,phases      ] GC(14)     Dead                           Min: 0, Avg:  0.0, Max: 0, Diff: 0, Sum: 0, Workers: 4
[36.032s][debug][gc,phases      ] GC(14)     Total                          Min: 0, Avg:  0.0, Max: 0, Diff: 0, Sum: 0, Workers: 4
[36.032s][debug][gc,phases      ] GC(14)   StringDedup Requests1 Weak     Min:  0.0, Avg:  0.0, Max:  0.0, Diff:  0.0, Sum:  0.0, Workers: 4
[36.032s][debug][gc,phases      ] GC(14)     Dead                           Min: 0, Avg:  0.0, Max: 0, Diff: 0, Sum: 0, Workers: 4
[36.032s][debug][gc,phases      ] GC(14)     Total                          Min: 0, Avg:  0.0, Max: 0, Diff: 0, Sum: 0, Workers: 4
[36.032s][debug][gc,phases      ] GC(14)   Weak JFR Old Object Samples    Min:  0.0, Avg:  0.0, Max:  0.0, Diff:  0.0, Sum:  0.0, Workers: 4
[36.032s][debug][gc,phases      ] GC(14)     Dead                           Min: 0, Avg:  0.0, Max: 0, Diff: 0, Sum: 0, Workers: 4
[36.032s][debug][gc,phases      ] GC(14)     Total                          Min: 0, Avg:  0.0, Max: 0, Diff: 0, Sum: 0, Workers: 4
[36.032s][debug][gc,phases      ] GC(14) Weak Processing 0.326ms
[36.032s][debug][gc,age         ] GC(14) Desired survivor size 536870912 bytes, new threshold 2 (max threshold 15)
[36.032s][info ][gc,heap        ] GC(14) PSYoungGen: 1272912K(1572864K)->118184K(1572864K) Eden: 1048576K(1048576K)->0K(1048576K) From: 224336K(524288K)->118184K(524288K)
[36.032s][info ][gc,heap        ] GC(14) ParOldGen: 159462K(249856K)->276026K(276480K)
[36.032s][info ][gc,metaspace   ] GC(14) Metaspace: 76834K(77760K)->76834K(77760K) NonClass: 65771K(66240K)->65771K(66240K) Class: 11062K(11520K)->11062K(11520K)
[36.032s][info ][gc             ] GC(14) Pause Young (Allocation Failure) 1398M->384M(1806M) 93.385ms
[36.032s][info ][gc,cpu         ] GC(14) User=0.29s Sys=0.03s Real=0.09s
[36.032s][debug][gc,phases      ] GC(15) Pre Compact 0.008ms
[36.032s][info ][gc,start       ] GC(15) Pause Full (Ergonomics)
[36.032s][info ][gc,phases,start] GC(15) Marking Phase
[36.141s][debug][gc,phases      ] GC(15) Par Mark 108.503ms
[36.141s][debug][gc,ref         ] GC(15) Skipped phase 1 of Reference Processing: no references
[36.141s][debug][gc,ref         ] GC(15) ReferenceProcessor::execute queues: 4, RefProcThreadModel::Multi, marks_oops_alive: false
[36.141s][debug][gc,ref         ] GC(15) ReferenceProcessor::execute queues: 4, RefProcThreadModel::Multi, marks_oops_alive: true
[36.141s][debug][gc,ref         ] GC(15) ReferenceProcessor::execute queues: 1, RefProcThreadModel::Single, marks_oops_alive: false
[36.141s][debug][gc,phases      ] GC(15) Reference Processing 0.660ms
[36.142s][debug][gc,phases      ] GC(15)   VM Weak                        Min:  0.0, Avg:  0.0, Max:  0.0, Diff:  0.0, Sum:  0.0, Workers: 4
[36.142s][debug][gc,phases      ] GC(15)     Dead                           Min: 0, Avg:  0.0, Max: 0, Diff: 0, Sum: 0, Workers: 4
[36.142s][debug][gc,phases      ] GC(15)     Total                          Min: 0, Avg: 174.0, Max: 448, Diff: 448, Sum: 696, Workers: 4
[36.142s][debug][gc,phases      ] GC(15)   ObjectSynchronizer Weak        Min:  0.0, Avg:  0.0, Max:  0.0, Diff:  0.0, Sum:  0.0, Workers: 4
[36.142s][debug][gc,phases      ] GC(15)     Dead                           Min: 0, Avg:  0.0, Max: 0, Diff: 0, Sum: 0, Workers: 4
[36.142s][debug][gc,phases      ] GC(15)     Total                          Min: 0, Avg:  7.0, Max: 28, Diff: 28, Sum: 28, Workers: 4
[36.142s][debug][gc,phases      ] GC(15)   JVMTI Tag Weak OopStorage      Min:  0.0, Avg:  0.0, Max:  0.0, Diff:  0.0, Sum:  0.0, Workers: 4
[36.142s][debug][gc,phases      ] GC(15)     Dead                           Min: 0, Avg:  0.0, Max: 0, Diff: 0, Sum: 0, Workers: 4
[36.142s][debug][gc,phases      ] GC(15)     Total                          Min: 0, Avg:  0.0, Max: 0, Diff: 0, Sum: 0, Workers: 4
[36.142s][debug][gc,phases      ] GC(15)   StringTable Weak               Min:  0.0, Avg:  0.1, Max:  0.2, Diff:  0.2, Sum:  0.5, Workers: 4
[36.142s][debug][gc,phases      ] GC(15)     Dead                           Min: 0, Avg:  0.0, Max: 0, Diff: 0, Sum: 0, Workers: 4
[36.142s][debug][gc,phases      ] GC(15)     Total                          Min: 0, Avg: 10557.0, Max: 15924, Diff: 15924, Sum: 42228, Workers: 4
[36.142s][debug][gc,phases      ] GC(15)   ResolvedMethodTable Weak       Min:  0.0, Avg:  0.0, Max:  0.0, Diff:  0.0, Sum:  0.1, Workers: 4
[36.142s][debug][gc,phases      ] GC(15)     Dead                           Min: 0, Avg:  0.0, Max: 0, Diff: 0, Sum: 0, Workers: 4
[36.142s][debug][gc,phases      ] GC(15)     Total                          Min: 0, Avg: 2020.2, Max: 3055, Diff: 3055, Sum: 8081, Workers: 4
[36.142s][debug][gc,phases      ] GC(15)   JNI Weak                       Min:  0.0, Avg:  0.0, Max:  0.0, Diff:  0.0, Sum:  0.0, Workers: 4
[36.142s][debug][gc,phases      ] GC(15)     Dead                           Min: 0, Avg:  0.0, Max: 0, Diff: 0, Sum: 0, Workers: 4
[36.142s][debug][gc,phases      ] GC(15)     Total                          Min: 0, Avg: 12.8, Max: 51, Diff: 51, Sum: 51, Workers: 4
[36.142s][debug][gc,phases      ] GC(15)   StringDedup Table Weak         Min:  0.0, Avg:  0.0, Max:  0.0, Diff:  0.0, Sum:  0.0, Workers: 4
[36.142s][debug][gc,phases      ] GC(15)     Dead                           Min: 0, Avg:  0.0, Max: 0, Diff: 0, Sum: 0, Workers: 4
[36.142s][debug][gc,phases      ] GC(15)     Total                          Min: 0, Avg:  0.0, Max: 0, Diff: 0, Sum: 0, Workers: 4
[36.142s][debug][gc,phases      ] GC(15)   StringDedup Requests0 Weak     Min:  0.0, Avg:  0.0, Max:  0.0, Diff:  0.0, Sum:  0.0, Workers: 4
[36.142s][debug][gc,phases      ] GC(15)     Dead                           Min: 0, Avg:  0.0, Max: 0, Diff: 0, Sum: 0, Workers: 4
[36.142s][debug][gc,phases      ] GC(15)     Total                          Min: 0, Avg:  0.0, Max: 0, Diff: 0, Sum: 0, Workers: 4
[36.142s][debug][gc,phases      ] GC(15)   StringDedup Requests1 Weak     Min:  0.0, Avg:  0.0, Max:  0.0, Diff:  0.0, Sum:  0.0, Workers: 4
[36.142s][debug][gc,phases      ] GC(15)     Dead                           Min: 0, Avg:  0.0, Max: 0, Diff: 0, Sum: 0, Workers: 4
[36.142s][debug][gc,phases      ] GC(15)     Total                          Min: 0, Avg:  0.0, Max: 0, Diff: 0, Sum: 0, Workers: 4
[36.142s][debug][gc,phases      ] GC(15)   Weak JFR Old Object Samples    Min:  0.0, Avg:  0.0, Max:  0.0, Diff:  0.0, Sum:  0.0, Workers: 4
[36.142s][debug][gc,phases      ] GC(15)     Dead                           Min: 0, Avg:  0.0, Max: 0, Diff: 0, Sum: 0, Workers: 4
[36.142s][debug][gc,phases      ] GC(15)     Total                          Min: 0, Avg:  0.0, Max: 0, Diff: 0, Sum: 0, Workers: 4
[36.142s][debug][gc,phases      ] GC(15) Weak Processing 0.406ms
[36.142s][debug][gc,phases      ] GC(15) ClassLoaderData 0.082ms
[36.142s][debug][gc,phases      ] GC(15) Trigger cleanups 0.000ms
[36.156s][debug][gc,phases      ] GC(15) Class Unloading 14.266ms
[36.156s][info ][gc,phases      ] GC(15) Marking Phase 123.977ms
[36.156s][info ][gc,phases,start] GC(15) Summary Phase
[36.156s][info ][gc,phases      ] GC(15) Summary Phase 0.009ms
[36.156s][info ][gc,phases,start] GC(15) Adjust Roots
[36.167s][info ][gc,phases      ] GC(15) Adjust Roots 10.454ms
[36.167s][info ][gc,phases,start] GC(15) Compaction Phase
[36.342s][info ][gc,phases      ] GC(15) Compaction Phase 175.743ms
[36.342s][info ][gc,phases,start] GC(15) Post Compact
[36.344s][info ][gc,phases      ] GC(15) Post Compact 1.144ms
[36.344s][info ][gc,heap        ] GC(15) PSYoungGen: 118184K(1572864K)->108450K(1572864K) Eden: 0K(1048576K)->0K(1048576K) From: 118184K(524288K)->108450K(524288K)
[36.344s][info ][gc,heap        ] GC(15) ParOldGen: 276026K(276480K)->276377K(415744K)
[36.344s][info ][gc,metaspace   ] GC(15) Metaspace: 76834K(77760K)->76834K(77760K) NonClass: 65771K(66240K)->65771K(66240K) Class: 11062K(11520K)->11062K(11520K)
[36.344s][info ][gc             ] GC(15) Pause Full (Ergonomics) 384M->375M(1942M) 311.664ms
[36.344s][info ][gc,cpu         ] GC(15) User=1.00s Sys=0.01s Real=0.31s
[36.344s][info ][safepoint      ] Safepoint "ParallelGCFailedAllocation", Time since last: 324244916 ns, Reaching safepoint: 115801 ns, At safepoint: 405156619 ns, Total: 405272420 ns
[37.652s][info ][safepoint      ] Safepoint "Cleanup", Time since last: 1308349377 ns, Reaching safepoint: 124501 ns, At safepoint: 4700 ns, Total: 129201 ns
[38.652s][info ][safepoint      ] Safepoint "Cleanup", Time since last: 1000105220 ns, Reaching safepoint: 95601 ns, At safepoint: 2300 ns, Total: 97901 ns
[39.653s][info ][safepoint      ] Safepoint "Cleanup", Time since last: 1000108620 ns, Reaching safepoint: 80401 ns, At safepoint: 6500 ns, Total: 86901 ns
[40.653s][info ][safepoint      ] Safepoint "Cleanup", Time since last: 1000098420 ns, Reaching safepoint: 98701 ns, At safepoint: 2500 ns, Total: 101201 ns
[41.653s][info ][safepoint      ] Safepoint "Cleanup", Time since last: 1000087920 ns, Reaching safepoint: 71601 ns, At safepoint: 2400 ns, Total: 74001 ns
[42.653s][info ][safepoint      ] Safepoint "Cleanup", Time since last: 1000099820 ns, Reaching safepoint: 65800 ns, At safepoint: 2300 ns, Total: 68100 ns
[43.653s][info ][safepoint      ] Safepoint "Cleanup", Time since last: 1000093021 ns, Reaching safepoint: 58901 ns, At safepoint: 3000 ns, Total: 61901 ns
[44.654s][info ][safepoint      ] Safepoint "Cleanup", Time since last: 1000126321 ns, Reaching safepoint: 87701 ns, At safepoint: 2400 ns, Total: 90101 ns
[45.654s][info ][safepoint      ] Safepoint "Cleanup", Time since last: 1000083921 ns, Reaching safepoint: 53401 ns, At safepoint: 2800 ns, Total: 56201 ns
[46.654s][info ][safepoint      ] Safepoint "Cleanup", Time since last: 1000096021 ns, Reaching safepoint: 86501 ns, At safepoint: 5900 ns, Total: 92401 ns
[47.654s][info ][safepoint      ] Safepoint "Cleanup", Time since last: 1000095621 ns, Reaching safepoint: 54600 ns, At safepoint: 2700 ns, Total: 57300 ns
[48.654s][info ][safepoint      ] Safepoint "Cleanup", Time since last: 1000103421 ns, Reaching safepoint: 71101 ns, At safepoint: 5400 ns, Total: 76501 ns
[49.654s][info ][safepoint      ] Safepoint "Cleanup", Time since last: 1000106921 ns, Reaching safepoint: 58501 ns, At safepoint: 2900 ns, Total: 61401 ns
[50.655s][info ][safepoint      ] Safepoint "Cleanup", Time since last: 1000101720 ns, Reaching safepoint: 38101 ns, At safepoint: 2400 ns, Total: 40501 ns
[52.421s][info ][safepoint      ] Safepoint "Cleanup", Time since last: 1765986000 ns, Reaching safepoint: 157201 ns, At safepoint: 6300 ns, Total: 163501 ns
[53.535s][info ][safepoint      ] Safepoint "Cleanup", Time since last: 1113833738 ns, Reaching safepoint: 74801 ns, At safepoint: 2700 ns, Total: 77501 ns
[54.535s][info ][safepoint      ] Safepoint "Cleanup", Time since last: 1000101011 ns, Reaching safepoint: 73300 ns, At safepoint: 5800 ns, Total: 79100 ns
[56.019s][info ][safepoint      ] Safepoint "Cleanup", Time since last: 1484243609 ns, Reaching safepoint: 144001 ns, At safepoint: 5900 ns, Total: 149901 ns
[57.019s][info ][safepoint      ] Safepoint "Cleanup", Time since last: 1000123211 ns, Reaching safepoint: 130601 ns, At safepoint: 13200 ns, Total: 143801 ns
[58.020s][info ][safepoint      ] Safepoint "Cleanup", Time since last: 1000105411 ns, Reaching safepoint: 133601 ns, At safepoint: 5400 ns, Total: 139001 ns
[58.618s][info ][safepoint      ] Safepoint "ParallelGCFailedAllocation", Time since last: 598074527 ns, Reaching safepoint: 135302 ns, At safepoint: 11900 ns, Total: 147202 ns
[58.618s][info ][gc,start       ] GC(16) Pause Young (GCLocker Initiated GC)
[58.690s][debug][gc,phases      ] GC(16) Scavenge 71.766ms
[58.690s][debug][gc,ref         ] GC(16) Skipped phase 1 of Reference Processing: no references
[58.690s][debug][gc,ref         ] GC(16) ReferenceProcessor::execute queues: 1, RefProcThreadModel::Single, marks_oops_alive: false
[58.690s][debug][gc,ref         ] GC(16) Skipped phase 3 of Reference Processing: no references
[58.690s][debug][gc,ref         ] GC(16) ReferenceProcessor::execute queues: 1, RefProcThreadModel::Single, marks_oops_alive: false
[58.690s][debug][gc,phases      ] GC(16) Reference Processing 0.105ms
[58.690s][debug][gc,phases      ] GC(16)   VM Weak                        Min:  0.0, Avg:  0.0, Max:  0.0, Diff:  0.0, Sum:  0.0, Workers: 4
[58.690s][debug][gc,phases      ] GC(16)     Dead                           Min: 0, Avg:  0.0, Max: 0, Diff: 0, Sum: 0, Workers: 4
[58.690s][debug][gc,phases      ] GC(16)     Total                          Min: 0, Avg: 174.2, Max: 569, Diff: 569, Sum: 697, Workers: 4
[58.690s][debug][gc,phases      ] GC(16)   ObjectSynchronizer Weak        Min:  0.0, Avg:  0.0, Max:  0.0, Diff:  0.0, Sum:  0.0, Workers: 4
[58.690s][debug][gc,phases      ] GC(16)     Dead                           Min: 0, Avg:  0.0, Max: 0, Diff: 0, Sum: 0, Workers: 4
[58.690s][debug][gc,phases      ] GC(16)     Total                          Min: 0, Avg:  7.0, Max: 28, Diff: 28, Sum: 28, Workers: 4
[58.690s][debug][gc,phases      ] GC(16)   JVMTI Tag Weak OopStorage      Min:  0.0, Avg:  0.0, Max:  0.0, Diff:  0.0, Sum:  0.0, Workers: 4
[58.690s][debug][gc,phases      ] GC(16)     Dead                           Min: 0, Avg:  0.0, Max: 0, Diff: 0, Sum: 0, Workers: 4
[58.690s][debug][gc,phases      ] GC(16)     Total                          Min: 0, Avg:  0.0, Max: 0, Diff: 0, Sum: 0, Workers: 4
[58.690s][debug][gc,phases      ] GC(16)   StringTable Weak               Min:  0.0, Avg:  0.1, Max:  0.1, Diff:  0.1, Sum:  0.4, Workers: 4
[58.690s][debug][gc,phases      ] GC(16)     Dead                           Min: 0, Avg:  0.5, Max: 1, Diff: 1, Sum: 2, Workers: 4
[58.690s][debug][gc,phases      ] GC(16)     Total                          Min: 0, Avg: 10603.5, Max: 18479, Diff: 18479, Sum: 42414, Workers: 4
[58.690s][debug][gc,phases      ] GC(16)   ResolvedMethodTable Weak       Min:  0.0, Avg:  0.0, Max:  0.0, Diff:  0.0, Sum:  0.1, Workers: 4
[58.690s][debug][gc,phases      ] GC(16)     Dead                           Min: 0, Avg:  4.0, Max: 16, Diff: 16, Sum: 16, Workers: 4
[58.690s][debug][gc,phases      ] GC(16)     Total                          Min: 0, Avg: 2042.0, Max: 3774, Diff: 3774, Sum: 8168, Workers: 4
[58.690s][debug][gc,phases      ] GC(16)   JNI Weak                       Min:  0.0, Avg:  0.0, Max:  0.0, Diff:  0.0, Sum:  0.0, Workers: 4
[58.690s][debug][gc,phases      ] GC(16)     Dead                           Min: 0, Avg:  0.0, Max: 0, Diff: 0, Sum: 0, Workers: 4
[58.690s][debug][gc,phases      ] GC(16)     Total                          Min: 0, Avg: 11.2, Max: 45, Diff: 45, Sum: 45, Workers: 4
[58.690s][debug][gc,phases      ] GC(16)   StringDedup Table Weak         Min:  0.0, Avg:  0.0, Max:  0.0, Diff:  0.0, Sum:  0.0, Workers: 4
[58.690s][debug][gc,phases      ] GC(16)     Dead                           Min: 0, Avg:  0.0, Max: 0, Diff: 0, Sum: 0, Workers: 4
[58.690s][debug][gc,phases      ] GC(16)     Total                          Min: 0, Avg:  0.0, Max: 0, Diff: 0, Sum: 0, Workers: 4
[58.690s][debug][gc,phases      ] GC(16)   StringDedup Requests0 Weak     Min:  0.0, Avg:  0.0, Max:  0.0, Diff:  0.0, Sum:  0.0, Workers: 4
[58.690s][debug][gc,phases      ] GC(16)     Dead                           Min: 0, Avg:  0.0, Max: 0, Diff: 0, Sum: 0, Workers: 4
[58.690s][debug][gc,phases      ] GC(16)     Total                          Min: 0, Avg:  0.0, Max: 0, Diff: 0, Sum: 0, Workers: 4
[58.690s][debug][gc,phases      ] GC(16)   StringDedup Requests1 Weak     Min:  0.0, Avg:  0.0, Max:  0.0, Diff:  0.0, Sum:  0.0, Workers: 4
[58.690s][debug][gc,phases      ] GC(16)     Dead                           Min: 0, Avg:  0.0, Max: 0, Diff: 0, Sum: 0, Workers: 4
[58.690s][debug][gc,phases      ] GC(16)     Total                          Min: 0, Avg:  0.0, Max: 0, Diff: 0, Sum: 0, Workers: 4
[58.690s][debug][gc,phases      ] GC(16)   Weak JFR Old Object Samples    Min:  0.0, Avg:  0.0, Max:  0.0, Diff:  0.0, Sum:  0.0, Workers: 4
[58.690s][debug][gc,phases      ] GC(16)     Dead                           Min: 0, Avg:  0.0, Max: 0, Diff: 0, Sum: 0, Workers: 4
[58.690s][debug][gc,phases      ] GC(16)     Total                          Min: 0, Avg:  0.0, Max: 0, Diff: 0, Sum: 0, Workers: 4
[58.690s][debug][gc,phases      ] GC(16) Weak Processing 0.314ms
[58.690s][debug][gc,age         ] GC(16) Desired survivor size 536870912 bytes, new threshold 1 (max threshold 15)
[58.690s][info ][gc,heap        ] GC(16) PSYoungGen: 1157026K(1572864K)->37824K(1572864K) Eden: 1048576K(1048576K)->0K(1048576K) From: 108450K(524288K)->37824K(524288K)
[58.690s][info ][gc,heap        ] GC(16) ParOldGen: 276393K(415744K)->371717K(415744K)
[58.690s][info ][gc,metaspace   ] GC(16) Metaspace: 77310K(78144K)->77310K(78144K) NonClass: 66196K(66624K)->66196K(66624K) Class: 11114K(11520K)->11114K(11520K)
[58.690s][info ][gc             ] GC(16) Pause Young (GCLocker Initiated GC) 1399M->399M(1942M) 72.295ms
[58.690s][info ][gc,cpu         ] GC(16) User=0.20s Sys=0.04s Real=0.07s
[58.690s][debug][gc,phases      ] GC(17) Pre Compact 0.008ms
[58.690s][info ][gc,start       ] GC(17) Pause Full (Ergonomics)
[58.690s][info ][gc,phases,start] GC(17) Marking Phase
[58.802s][debug][gc,phases      ] GC(17) Par Mark 111.376ms
[58.802s][debug][gc,ref         ] GC(17) Skipped phase 1 of Reference Processing: no references
[58.802s][debug][gc,ref         ] GC(17) ReferenceProcessor::execute queues: 4, RefProcThreadModel::Multi, marks_oops_alive: false
[58.802s][debug][gc,ref         ] GC(17) Skipped phase 3 of Reference Processing: no references
[58.802s][debug][gc,ref         ] GC(17) ReferenceProcessor::execute queues: 1, RefProcThreadModel::Single, marks_oops_alive: false
[58.802s][debug][gc,phases      ] GC(17) Reference Processing 0.478ms
[58.803s][debug][gc,phases      ] GC(17)   VM Weak                        Min:  0.0, Avg:  0.0, Max:  0.0, Diff:  0.0, Sum:  0.0, Workers: 4
[58.803s][debug][gc,phases      ] GC(17)     Dead                           Min: 0, Avg:  0.0, Max: 0, Diff: 0, Sum: 0, Workers: 4
[58.803s][debug][gc,phases      ] GC(17)     Total                          Min: 64, Avg: 174.2, Max: 313, Diff: 249, Sum: 697, Workers: 4
[58.803s][debug][gc,phases      ] GC(17)   ObjectSynchronizer Weak        Min:  0.0, Avg:  0.0, Max:  0.0, Diff:  0.0, Sum:  0.0, Workers: 4
[58.803s][debug][gc,phases      ] GC(17)     Dead                           Min: 0, Avg:  0.0, Max: 0, Diff: 0, Sum: 0, Workers: 4
[58.803s][debug][gc,phases      ] GC(17)     Total                          Min: 0, Avg:  7.0, Max: 28, Diff: 28, Sum: 28, Workers: 4
[58.803s][debug][gc,phases      ] GC(17)   JVMTI Tag Weak OopStorage      Min:  0.0, Avg:  0.0, Max:  0.0, Diff:  0.0, Sum:  0.0, Workers: 4
[58.803s][debug][gc,phases      ] GC(17)     Dead                           Min: 0, Avg:  0.0, Max: 0, Diff: 0, Sum: 0, Workers: 4
[58.803s][debug][gc,phases      ] GC(17)     Total                          Min: 0, Avg:  0.0, Max: 0, Diff: 0, Sum: 0, Workers: 4
[58.803s][debug][gc,phases      ] GC(17)   StringTable Weak               Min:  0.2, Avg:  0.2, Max:  0.2, Diff:  0.0, Sum:  0.7, Workers: 4
[58.803s][debug][gc,phases      ] GC(17)     Dead                           Min: 0, Avg:  0.0, Max: 0, Diff: 0, Sum: 0, Workers: 4
[58.803s][debug][gc,phases      ] GC(17)     Total                          Min: 9262, Avg: 10603.5, Max: 11392, Diff: 2130, Sum: 42414, Workers: 4
[58.803s][debug][gc,phases      ] GC(17)   ResolvedMethodTable Weak       Min:  0.0, Avg:  0.0, Max:  0.0, Diff:  0.0, Sum:  0.1, Workers: 4
[58.803s][debug][gc,phases      ] GC(17)     Dead                           Min: 0, Avg:  0.0, Max: 0, Diff: 0, Sum: 0, Workers: 4
[58.803s][debug][gc,phases      ] GC(17)     Total                          Min: 1975, Avg: 2042.0, Max: 2191, Diff: 216, Sum: 8168, Workers: 4
[58.803s][debug][gc,phases      ] GC(17)   JNI Weak                       Min:  0.0, Avg:  0.0, Max:  0.0, Diff:  0.0, Sum:  0.0, Workers: 4
[58.803s][debug][gc,phases      ] GC(17)     Dead                           Min: 0, Avg:  0.0, Max: 0, Diff: 0, Sum: 0, Workers: 4
[58.803s][debug][gc,phases      ] GC(17)     Total                          Min: 0, Avg: 11.2, Max: 45, Diff: 45, Sum: 45, Workers: 4
[58.803s][debug][gc,phases      ] GC(17)   StringDedup Table Weak         Min:  0.0, Avg:  0.0, Max:  0.0, Diff:  0.0, Sum:  0.0, Workers: 4
[58.803s][debug][gc,phases      ] GC(17)     Dead                           Min: 0, Avg:  0.0, Max: 0, Diff: 0, Sum: 0, Workers: 4
[58.803s][debug][gc,phases      ] GC(17)     Total                          Min: 0, Avg:  0.0, Max: 0, Diff: 0, Sum: 0, Workers: 4
[58.803s][debug][gc,phases      ] GC(17)   StringDedup Requests0 Weak     Min:  0.0, Avg:  0.0, Max:  0.0, Diff:  0.0, Sum:  0.0, Workers: 4
[58.803s][debug][gc,phases      ] GC(17)     Dead                           Min: 0, Avg:  0.0, Max: 0, Diff: 0, Sum: 0, Workers: 4
[58.803s][debug][gc,phases      ] GC(17)     Total                          Min: 0, Avg:  0.0, Max: 0, Diff: 0, Sum: 0, Workers: 4
[58.803s][debug][gc,phases      ] GC(17)   StringDedup Requests1 Weak     Min:  0.0, Avg:  0.0, Max:  0.0, Diff:  0.0, Sum:  0.0, Workers: 4
[58.803s][debug][gc,phases      ] GC(17)     Dead                           Min: 0, Avg:  0.0, Max: 0, Diff: 0, Sum: 0, Workers: 4
[58.803s][debug][gc,phases      ] GC(17)     Total                          Min: 0, Avg:  0.0, Max: 0, Diff: 0, Sum: 0, Workers: 4
[58.803s][debug][gc,phases      ] GC(17)   Weak JFR Old Object Samples    Min:  0.0, Avg:  0.0, Max:  0.0, Diff:  0.0, Sum:  0.0, Workers: 4
[58.803s][debug][gc,phases      ] GC(17)     Dead                           Min: 0, Avg:  0.0, Max: 0, Diff: 0, Sum: 0, Workers: 4
[58.803s][debug][gc,phases      ] GC(17)     Total                          Min: 0, Avg:  0.0, Max: 0, Diff: 0, Sum: 0, Workers: 4
[58.803s][debug][gc,phases      ] GC(17) Weak Processing 0.354ms
[58.803s][debug][gc,phases      ] GC(17) ClassLoaderData 0.081ms
[58.803s][debug][gc,phases      ] GC(17) Trigger cleanups 0.000ms
[58.816s][debug][gc,phases      ] GC(17) Class Unloading 13.162ms
[58.816s][info ][gc,phases      ] GC(17) Marking Phase 125.511ms
[58.816s][info ][gc,phases,start] GC(17) Summary Phase
[58.816s][info ][gc,phases      ] GC(17) Summary Phase 0.013ms
[58.816s][info ][gc,phases,start] GC(17) Adjust Roots
[58.826s][info ][gc,phases      ] GC(17) Adjust Roots 9.694ms
[58.826s][info ][gc,phases,start] GC(17) Compaction Phase
[58.942s][info ][gc,phases      ] GC(17) Compaction Phase 116.421ms
[58.942s][info ][gc,phases,start] GC(17) Post Compact
[58.943s][info ][gc,phases      ] GC(17) Post Compact 1.024ms
[58.943s][info ][gc,heap        ] GC(17) PSYoungGen: 37824K(1572864K)->0K(1572864K) Eden: 0K(1048576K)->0K(1048576K) From: 37824K(524288K)->0K(524288K)
[58.943s][info ][gc,heap        ] GC(17) ParOldGen: 371717K(415744K)->396971K(568320K)
[58.943s][info ][gc,metaspace   ] GC(17) Metaspace: 77310K(78144K)->77310K(78144K) NonClass: 66196K(66624K)->66196K(66624K) Class: 11114K(11520K)->11114K(11520K)
[58.943s][info ][gc             ] GC(17) Pause Full (Ergonomics) 399M->387M(2091M) 252.981ms
[58.943s][info ][gc,cpu         ] GC(17) User=0.83s Sys=0.01s Real=0.25s
[58.943s][info ][safepoint      ] Safepoint "ParallelGCSystemGC", Time since last: 71801 ns, Reaching safepoint: 29400 ns, At safepoint: 325389533 ns, Total: 325418933 ns
[59.944s][info ][safepoint      ] Safepoint "Cleanup", Time since last: 1000086535 ns, Reaching safepoint: 49400 ns, At safepoint: 2100 ns, Total: 51500 ns
[60.944s][info ][safepoint      ] Safepoint "Cleanup", Time since last: 1000061535 ns, Reaching safepoint: 42501 ns, At safepoint: 2400 ns, Total: 44901 ns
[61.948s][info ][safepoint      ] Safepoint "Cleanup", Time since last: 1004113175 ns, Reaching safepoint: 181002 ns, At safepoint: 7300 ns, Total: 188302 ns
[62.948s][info ][safepoint      ] Safepoint "Cleanup", Time since last: 1000102636 ns, Reaching safepoint: 93601 ns, At safepoint: 3800 ns, Total: 97401 ns
[63.948s][info ][safepoint      ] Safepoint "Cleanup", Time since last: 1000088435 ns, Reaching safepoint: 95901 ns, At safepoint: 3000 ns, Total: 98901 ns
[64.949s][info ][safepoint      ] Safepoint "Cleanup", Time since last: 1000094735 ns, Reaching safepoint: 62501 ns, At safepoint: 2200 ns, Total: 64701 ns
[65.949s][info ][safepoint      ] Safepoint "Cleanup", Time since last: 1000105436 ns, Reaching safepoint: 105801 ns, At safepoint: 2900 ns, Total: 108701 ns
[66.949s][info ][safepoint      ] Safepoint "Cleanup", Time since last: 1000095531 ns, Reaching safepoint: 115401 ns, At safepoint: 2600 ns, Total: 118001 ns
[67.949s][info ][safepoint      ] Safepoint "Cleanup", Time since last: 1000098824 ns, Reaching safepoint: 45701 ns, At safepoint: 2300 ns, Total: 48001 ns
[68.066s][info ][gc,start       ] GC(18) Pause Young (Allocation Failure)
[68.102s][debug][gc,phases      ] GC(18) Scavenge 35.543ms
[68.102s][debug][gc,ref         ] GC(18) Skipped phase 1 of Reference Processing: no references
[68.102s][debug][gc,ref         ] GC(18) ReferenceProcessor::execute queues: 1, RefProcThreadModel::Single, marks_oops_alive: false
[68.102s][debug][gc,ref         ] GC(18) Skipped phase 3 of Reference Processing: no references
[68.102s][debug][gc,ref         ] GC(18) ReferenceProcessor::execute queues: 1, RefProcThreadModel::Single, marks_oops_alive: false
[68.102s][debug][gc,phases      ] GC(18) Reference Processing 0.111ms
[68.102s][debug][gc,phases      ] GC(18)   VM Weak                        Min:  0.0, Avg:  0.0, Max:  0.0, Diff:  0.0, Sum:  0.0, Workers: 4
[68.102s][debug][gc,phases      ] GC(18)     Dead                           Min: 0, Avg:  0.0, Max: 0, Diff: 0, Sum: 0, Workers: 4
[68.102s][debug][gc,phases      ] GC(18)     Total                          Min: 0, Avg: 174.2, Max: 697, Diff: 697, Sum: 697, Workers: 4
[68.102s][debug][gc,phases      ] GC(18)   ObjectSynchronizer Weak        Min:  0.0, Avg:  0.0, Max:  0.0, Diff:  0.0, Sum:  0.0, Workers: 4
[68.102s][debug][gc,phases      ] GC(18)     Dead                           Min: 0, Avg:  0.0, Max: 0, Diff: 0, Sum: 0, Workers: 4
[68.102s][debug][gc,phases      ] GC(18)     Total                          Min: 0, Avg:  7.0, Max: 28, Diff: 28, Sum: 28, Workers: 4
[68.102s][debug][gc,phases      ] GC(18)   JVMTI Tag Weak OopStorage      Min:  0.0, Avg:  0.0, Max:  0.0, Diff:  0.0, Sum:  0.0, Workers: 4
[68.102s][debug][gc,phases      ] GC(18)     Dead                           Min: 0, Avg:  0.0, Max: 0, Diff: 0, Sum: 0, Workers: 4
[68.102s][debug][gc,phases      ] GC(18)     Total                          Min: 0, Avg:  0.0, Max: 0, Diff: 0, Sum: 0, Workers: 4
[68.102s][debug][gc,phases      ] GC(18)   StringTable Weak               Min:  0.0, Avg:  0.1, Max:  0.2, Diff:  0.2, Sum:  0.3, Workers: 4
[68.102s][debug][gc,phases      ] GC(18)     Dead                           Min: 0, Avg:  0.2, Max: 1, Diff: 1, Sum: 1, Workers: 4
[68.102s][debug][gc,phases      ] GC(18)     Total                          Min: 0, Avg: 10613.0, Max: 29524, Diff: 29524, Sum: 42452, Workers: 4
[68.102s][debug][gc,phases      ] GC(18)   ResolvedMethodTable Weak       Min:  0.0, Avg:  0.0, Max:  0.0, Diff:  0.0, Sum:  0.1, Workers: 4
[68.102s][debug][gc,phases      ] GC(18)     Dead                           Min: 0, Avg:  3.5, Max: 14, Diff: 14, Sum: 14, Workers: 4
[68.102s][debug][gc,phases      ] GC(18)     Total                          Min: 0, Avg: 2046.5, Max: 4118, Diff: 4118, Sum: 8186, Workers: 4
[68.102s][debug][gc,phases      ] GC(18)   JNI Weak                       Min:  0.0, Avg:  0.0, Max:  0.0, Diff:  0.0, Sum:  0.0, Workers: 4
[68.102s][debug][gc,phases      ] GC(18)     Dead                           Min: 0, Avg:  0.0, Max: 0, Diff: 0, Sum: 0, Workers: 4
[68.102s][debug][gc,phases      ] GC(18)     Total                          Min: 0, Avg: 11.2, Max: 45, Diff: 45, Sum: 45, Workers: 4
[68.102s][debug][gc,phases      ] GC(18)   StringDedup Table Weak         Min:  0.0, Avg:  0.0, Max:  0.0, Diff:  0.0, Sum:  0.0, Workers: 4
[68.102s][debug][gc,phases      ] GC(18)     Dead                           Min: 0, Avg:  0.0, Max: 0, Diff: 0, Sum: 0, Workers: 4
[68.102s][debug][gc,phases      ] GC(18)     Total                          Min: 0, Avg:  0.0, Max: 0, Diff: 0, Sum: 0, Workers: 4
[68.102s][debug][gc,phases      ] GC(18)   StringDedup Requests0 Weak     Min:  0.0, Avg:  0.0, Max:  0.0, Diff:  0.0, Sum:  0.0, Workers: 4
[68.102s][debug][gc,phases      ] GC(18)     Dead                           Min: 0, Avg:  0.0, Max: 0, Diff: 0, Sum: 0, Workers: 4
[68.102s][debug][gc,phases      ] GC(18)     Total                          Min: 0, Avg:  0.0, Max: 0, Diff: 0, Sum: 0, Workers: 4
[68.102s][debug][gc,phases      ] GC(18)   StringDedup Requests1 Weak     Min:  0.0, Avg:  0.0, Max:  0.0, Diff:  0.0, Sum:  0.0, Workers: 4
[68.102s][debug][gc,phases      ] GC(18)     Dead                           Min: 0, Avg:  0.0, Max: 0, Diff: 0, Sum: 0, Workers: 4
[68.102s][debug][gc,phases      ] GC(18)     Total                          Min: 0, Avg:  0.0, Max: 0, Diff: 0, Sum: 0, Workers: 4
[68.102s][debug][gc,phases      ] GC(18)   Weak JFR Old Object Samples    Min:  0.0, Avg:  0.0, Max:  0.0, Diff:  0.0, Sum:  0.0, Workers: 4
[68.102s][debug][gc,phases      ] GC(18)     Dead                           Min: 0, Avg:  0.0, Max: 0, Diff: 0, Sum: 0, Workers: 4
[68.102s][debug][gc,phases      ] GC(18)     Total                          Min: 0, Avg:  0.0, Max: 0, Diff: 0, Sum: 0, Workers: 4
[68.102s][debug][gc,phases      ] GC(18) Weak Processing 0.480ms
[68.102s][debug][gc,age         ] GC(18) Desired survivor size 536870912 bytes, new threshold 1 (max threshold 15)
[68.102s][info ][gc,heap        ] GC(18) PSYoungGen: 1048576K(1572864K)->49568K(1572864K) Eden: 1048576K(1048576K)->0K(1048576K) From: 0K(524288K)->49568K(524288K)
[68.102s][info ][gc,heap        ] GC(18) ParOldGen: 396973K(568320K)->396981K(568320K)
[68.103s][info ][gc,metaspace   ] GC(18) Metaspace: 77399K(78208K)->77399K(78208K) NonClass: 66276K(66688K)->66276K(66688K) Class: 11122K(11520K)->11122K(11520K)
[68.103s][info ][gc             ] GC(18) Pause Young (Allocation Failure) 1411M->436M(2091M) 36.258ms
[68.103s][info ][gc,cpu         ] GC(18) User=0.05s Sys=0.00s Real=0.03s
[68.103s][info ][safepoint      ] Safepoint "ParallelGCFailedAllocation", Time since last: 117085962 ns, Reaching safepoint: 48700 ns, At safepoint: 36336661 ns, Total: 36385361 ns
[70.103s][info ][safepoint      ] Safepoint "Cleanup", Time since last: 2000144647 ns, Reaching safepoint: 39501 ns, At safepoint: 2600 ns, Total: 42101 ns
[71.103s][info ][safepoint      ] Safepoint "Cleanup", Time since last: 1000097824 ns, Reaching safepoint: 66000 ns, At safepoint: 2500 ns, Total: 68500 ns
[72.216s][info ][safepoint      ] Safepoint "Cleanup", Time since last: 1113145946 ns, Reaching safepoint: 148302 ns, At safepoint: 7300 ns, Total: 155602 ns
[73.216s][info ][safepoint      ] Safepoint "Cleanup", Time since last: 1000105024 ns, Reaching safepoint: 142401 ns, At safepoint: 4000 ns, Total: 146401 ns
[74.217s][info ][safepoint      ] Safepoint "Cleanup", Time since last: 1000105224 ns, Reaching safepoint: 111801 ns, At safepoint: 10400 ns, Total: 122201 ns
[75.217s][info ][safepoint      ] Safepoint "Cleanup", Time since last: 1000120922 ns, Reaching safepoint: 192502 ns, At safepoint: 9300 ns, Total: 201802 ns
[76.217s][info ][safepoint      ] Safepoint "Cleanup", Time since last: 1000104621 ns, Reaching safepoint: 112601 ns, At safepoint: 6200 ns, Total: 118801 ns
[77.217s][info ][safepoint      ] Safepoint "Cleanup", Time since last: 1000098720 ns, Reaching safepoint: 126501 ns, At safepoint: 6200 ns, Total: 132701 ns
[78.218s][info ][safepoint      ] Safepoint "Cleanup", Time since last: 1000099320 ns, Reaching safepoint: 139202 ns, At safepoint: 7400 ns, Total: 146602 ns
[79.218s][info ][safepoint      ] Safepoint "Cleanup", Time since last: 1000101820 ns, Reaching safepoint: 137001 ns, At safepoint: 7301 ns, Total: 144302 ns
[80.218s][info ][safepoint      ] Safepoint "Cleanup", Time since last: 1000103820 ns, Reaching safepoint: 111701 ns, At safepoint: 5200 ns, Total: 116901 ns
[82.218s][info ][safepoint      ] Safepoint "Cleanup", Time since last: 2000182840 ns, Reaching safepoint: 108001 ns, At safepoint: 5400 ns, Total: 113401 ns
[83.219s][info ][safepoint      ] Safepoint "Cleanup", Time since last: 1000106219 ns, Reaching safepoint: 117301 ns, At safepoint: 4800 ns, Total: 122101 ns
[84.219s][info ][safepoint      ] Safepoint "Cleanup", Time since last: 1000079917 ns, Reaching safepoint: 42500 ns, At safepoint: 4100 ns, Total: 46600 ns
[85.219s][info ][safepoint      ] Safepoint "Cleanup", Time since last: 1000102118 ns, Reaching safepoint: 46400 ns, At safepoint: 2200 ns, Total: 48600 ns
[86.219s][info ][safepoint      ] Safepoint "Cleanup", Time since last: 1000108117 ns, Reaching safepoint: 117802 ns, At safepoint: 4600 ns, Total: 122402 ns
[87.219s][info ][safepoint      ] Safepoint "Cleanup", Time since last: 1000109317 ns, Reaching safepoint: 149501 ns, At safepoint: 4400 ns, Total: 153901 ns
[89.222s][info ][safepoint      ] Safepoint "Cleanup", Time since last: 2000168534 ns, Reaching safepoint: 2152622 ns, At safepoint: 8800 ns, Total: 2161422 ns
[90.222s][info ][safepoint      ] Safepoint "Cleanup", Time since last: 1000102217 ns, Reaching safepoint: 51401 ns, At safepoint: 3600 ns, Total: 55001 ns
[91.222s][info ][safepoint      ] Safepoint "Cleanup", Time since last: 1000101682 ns, Reaching safepoint: 132702 ns, At safepoint: 4000 ns, Total: 136702 ns
[92.227s][info ][safepoint      ] Safepoint "Cleanup", Time since last: 1000097959 ns, Reaching safepoint: 4288942 ns, At safepoint: 9700 ns, Total: 4298642 ns
[93.227s][info ][safepoint      ] Safepoint "Cleanup", Time since last: 1000116060 ns, Reaching safepoint: 58901 ns, At safepoint: 2400 ns, Total: 61301 ns
[94.227s][info ][safepoint      ] Safepoint "Cleanup", Time since last: 1000099459 ns, Reaching safepoint: 53000 ns, At safepoint: 2700 ns, Total: 55700 ns
[95.227s][info ][safepoint      ] Safepoint "Cleanup", Time since last: 1000099360 ns, Reaching safepoint: 43200 ns, At safepoint: 2100 ns, Total: 45300 ns
[95.614s][info ][gc,start       ] GC(19) Pause Young (Allocation Failure)
[95.648s][debug][gc,phases      ] GC(19) Scavenge 34.550ms
[95.649s][debug][gc,ref         ] GC(19) Skipped phase 1 of Reference Processing: no references
[95.649s][debug][gc,ref         ] GC(19) ReferenceProcessor::execute queues: 1, RefProcThreadModel::Single, marks_oops_alive: false
[95.649s][debug][gc,ref         ] GC(19) Skipped phase 3 of Reference Processing: no references
[95.649s][debug][gc,ref         ] GC(19) ReferenceProcessor::execute queues: 1, RefProcThreadModel::Single, marks_oops_alive: false
[95.649s][debug][gc,phases      ] GC(19) Reference Processing 0.120ms
[95.649s][debug][gc,phases      ] GC(19)   VM Weak                        Min:  0.0, Avg:  0.0, Max:  0.0, Diff:  0.0, Sum:  0.0, Workers: 4
[95.649s][debug][gc,phases      ] GC(19)     Dead                           Min: 0, Avg:  0.0, Max: 0, Diff: 0, Sum: 0, Workers: 4
[95.649s][debug][gc,phases      ] GC(19)     Total                          Min: 0, Avg: 175.8, Max: 703, Diff: 703, Sum: 703, Workers: 4
[95.649s][debug][gc,phases      ] GC(19)   ObjectSynchronizer Weak        Min:  0.0, Avg:  0.0, Max:  0.0, Diff:  0.0, Sum:  0.0, Workers: 4
[95.649s][debug][gc,phases      ] GC(19)     Dead                           Min: 0, Avg:  0.0, Max: 0, Diff: 0, Sum: 0, Workers: 4
[95.649s][debug][gc,phases      ] GC(19)     Total                          Min: 0, Avg:  7.0, Max: 28, Diff: 28, Sum: 28, Workers: 4
[95.649s][debug][gc,phases      ] GC(19)   JVMTI Tag Weak OopStorage      Min:  0.0, Avg:  0.0, Max:  0.0, Diff:  0.0, Sum:  0.0, Workers: 4
[95.649s][debug][gc,phases      ] GC(19)     Dead                           Min: 0, Avg:  0.0, Max: 0, Diff: 0, Sum: 0, Workers: 4
[95.649s][debug][gc,phases      ] GC(19)     Total                          Min: 0, Avg:  0.0, Max: 0, Diff: 0, Sum: 0, Workers: 4
[95.649s][debug][gc,phases      ] GC(19)   StringTable Weak               Min:  0.0, Avg:  0.1, Max:  0.4, Diff:  0.4, Sum:  0.4, Workers: 4
[95.649s][debug][gc,phases      ] GC(19)     Dead                           Min: 0, Avg:  0.0, Max: 0, Diff: 0, Sum: 0, Workers: 4
[95.649s][debug][gc,phases      ] GC(19)     Total                          Min: 0, Avg: 10629.2, Max: 42517, Diff: 42517, Sum: 42517, Workers: 4
[95.649s][debug][gc,phases      ] GC(19)   ResolvedMethodTable Weak       Min:  0.0, Avg:  0.0, Max:  0.1, Diff:  0.1, Sum:  0.1, Workers: 4
[95.649s][debug][gc,phases      ] GC(19)     Dead                           Min: 0, Avg:  0.2, Max: 1, Diff: 1, Sum: 1, Workers: 4
[95.649s][debug][gc,phases      ] GC(19)     Total                          Min: 0, Avg: 2053.2, Max: 8213, Diff: 8213, Sum: 8213, Workers: 4
[95.649s][debug][gc,phases      ] GC(19)   JNI Weak                       Min:  0.0, Avg:  0.0, Max:  0.0, Diff:  0.0, Sum:  0.0, Workers: 4
[95.649s][debug][gc,phases      ] GC(19)     Dead                           Min: 0, Avg:  0.0, Max: 0, Diff: 0, Sum: 0, Workers: 4
[95.649s][debug][gc,phases      ] GC(19)     Total                          Min: 0, Avg: 11.2, Max: 45, Diff: 45, Sum: 45, Workers: 4
[95.649s][debug][gc,phases      ] GC(19)   StringDedup Table Weak         Min:  0.0, Avg:  0.0, Max:  0.0, Diff:  0.0, Sum:  0.0, Workers: 4
[95.649s][debug][gc,phases      ] GC(19)     Dead                           Min: 0, Avg:  0.0, Max: 0, Diff: 0, Sum: 0, Workers: 4
[95.649s][debug][gc,phases      ] GC(19)     Total                          Min: 0, Avg:  0.0, Max: 0, Diff: 0, Sum: 0, Workers: 4
[95.649s][debug][gc,phases      ] GC(19)   StringDedup Requests0 Weak     Min:  0.0, Avg:  0.0, Max:  0.0, Diff:  0.0, Sum:  0.0, Workers: 4
[95.649s][debug][gc,phases      ] GC(19)     Dead                           Min: 0, Avg:  0.0, Max: 0, Diff: 0, Sum: 0, Workers: 4
[95.649s][debug][gc,phases      ] GC(19)     Total                          Min: 0, Avg:  0.0, Max: 0, Diff: 0, Sum: 0, Workers: 4
[95.649s][debug][gc,phases      ] GC(19)   StringDedup Requests1 Weak     Min:  0.0, Avg:  0.0, Max:  0.0, Diff:  0.0, Sum:  0.0, Workers: 4
[95.649s][debug][gc,phases      ] GC(19)     Dead                           Min: 0, Avg:  0.0, Max: 0, Diff: 0, Sum: 0, Workers: 4
[95.649s][debug][gc,phases      ] GC(19)     Total                          Min: 0, Avg:  0.0, Max: 0, Diff: 0, Sum: 0, Workers: 4
[95.649s][debug][gc,phases      ] GC(19)   Weak JFR Old Object Samples    Min:  0.0, Avg:  0.0, Max:  0.0, Diff:  0.0, Sum:  0.0, Workers: 4
[95.649s][debug][gc,phases      ] GC(19)     Dead                           Min: 0, Avg:  0.0, Max: 0, Diff: 0, Sum: 0, Workers: 4
[95.649s][debug][gc,phases      ] GC(19)     Total                          Min: 0, Avg:  0.0, Max: 0, Diff: 0, Sum: 0, Workers: 4
[95.649s][debug][gc,phases      ] GC(19) Weak Processing 0.689ms
[95.649s][debug][gc,age         ] GC(19) Desired survivor size 536870912 bytes, new threshold 1 (max threshold 15)
[95.649s][info ][gc,heap        ] GC(19) PSYoungGen: 1098144K(1572864K)->5744K(1572864K) Eden: 1048576K(1048576K)->0K(1048576K) From: 49568K(524288K)->5744K(524288K)
[95.649s][info ][gc,heap        ] GC(19) ParOldGen: 396981K(568320K)->447589K(568320K)
[95.649s][info ][gc,metaspace   ] GC(19) Metaspace: 77573K(78528K)->77573K(78528K) NonClass: 66438K(66944K)->66438K(66944K) Class: 11135K(11584K)->11135K(11584K)
[95.649s][info ][gc             ] GC(19) Pause Young (Allocation Failure) 1460M->442M(2091M) 35.493ms
[95.649s][info ][gc,cpu         ] GC(19) User=0.06s Sys=0.01s Real=0.04s
[95.649s][info ][safepoint      ] Safepoint "ParallelGCFailedAllocation", Time since last: 386736413 ns, Reaching safepoint: 40200 ns, At safepoint: 35575151 ns, Total: 35615351 ns
[96.650s][info ][safepoint      ] Safepoint "Cleanup", Time since last: 1000078159 ns, Reaching safepoint: 41900 ns, At safepoint: 2500 ns, Total: 44400 ns
[98.650s][info ][safepoint      ] Safepoint "Cleanup", Time since last: 2000122518 ns, Reaching safepoint: 36500 ns, At safepoint: 2300 ns, Total: 38800 ns
[99.650s][info ][safepoint      ] Safepoint "Cleanup", Time since last: 1000101056 ns, Reaching safepoint: 43501 ns, At safepoint: 9400 ns, Total: 52901 ns
[100.650s][info ][safepoint      ] Safepoint "Cleanup", Time since last: 1000104156 ns, Reaching safepoint: 62400 ns, At safepoint: 2300 ns, Total: 64700 ns
[101.650s][info ][safepoint      ] Safepoint "Cleanup", Time since last: 1000096756 ns, Reaching safepoint: 52900 ns, At safepoint: 6401 ns, Total: 59301 ns
[102.650s][info ][safepoint      ] Safepoint "Cleanup", Time since last: 1000093355 ns, Reaching safepoint: 52101 ns, At safepoint: 6500 ns, Total: 58601 ns
[103.650s][info ][safepoint      ] Safepoint "Cleanup", Time since last: 1000099156 ns, Reaching safepoint: 42500 ns, At safepoint: 6700 ns, Total: 49200 ns
[104.651s][info ][safepoint      ] Safepoint "Cleanup", Time since last: 1000096356 ns, Reaching safepoint: 44700 ns, At safepoint: 5900 ns, Total: 50600 ns
[106.651s][info ][safepoint      ] Safepoint "Cleanup", Time since last: 2000161112 ns, Reaching safepoint: 49600 ns, At safepoint: 6900 ns, Total: 56500 ns
[107.651s][info ][safepoint      ] Safepoint "Cleanup", Time since last: 1000068187 ns, Reaching safepoint: 45001 ns, At safepoint: 14000 ns, Total: 59001 ns
[108.844s][info ][safepoint      ] Safepoint "Cleanup", Time since last: 1192641790 ns, Reaching safepoint: 109201 ns, At safepoint: 8101 ns, Total: 117302 ns
[109.356s][info ][gc,start       ] GC(20) Pause Young (Allocation Failure)
[109.390s][debug][gc,phases      ] GC(20) Scavenge 33.126ms
[109.390s][debug][gc,ref         ] GC(20) Skipped phase 1 of Reference Processing: no references
[109.390s][debug][gc,ref         ] GC(20) Skipped phase 2 of Reference Processing: no references
[109.390s][debug][gc,ref         ] GC(20) Skipped phase 3 of Reference Processing: no references
[109.390s][debug][gc,ref         ] GC(20) Skipped phase 4 of Reference Processing: no references
[109.390s][debug][gc,phases      ] GC(20) Reference Processing 0.030ms
[109.390s][debug][gc,phases      ] GC(20)   VM Weak                        Min:  0.0, Avg:  0.0, Max:  0.0, Diff:  0.0, Sum:  0.0, Workers: 4
[109.390s][debug][gc,phases      ] GC(20)     Dead                           Min: 0, Avg:  0.0, Max: 0, Diff: 0, Sum: 0, Workers: 4
[109.390s][debug][gc,phases      ] GC(20)     Total                          Min: 64, Avg: 175.8, Max: 256, Diff: 192, Sum: 703, Workers: 4
[109.390s][debug][gc,phases      ] GC(20)   ObjectSynchronizer Weak        Min:  0.0, Avg:  0.0, Max:  0.0, Diff:  0.0, Sum:  0.0, Workers: 4
[109.390s][debug][gc,phases      ] GC(20)     Dead                           Min: 0, Avg:  0.0, Max: 0, Diff: 0, Sum: 0, Workers: 4
[109.390s][debug][gc,phases      ] GC(20)     Total                          Min: 0, Avg:  7.0, Max: 28, Diff: 28, Sum: 28, Workers: 4
[109.390s][debug][gc,phases      ] GC(20)   JVMTI Tag Weak OopStorage      Min:  0.0, Avg:  0.0, Max:  0.0, Diff:  0.0, Sum:  0.0, Workers: 4
[109.390s][debug][gc,phases      ] GC(20)     Dead                           Min: 0, Avg:  0.0, Max: 0, Diff: 0, Sum: 0, Workers: 4
[109.390s][debug][gc,phases      ] GC(20)     Total                          Min: 0, Avg:  0.0, Max: 0, Diff: 0, Sum: 0, Workers: 4
[109.390s][debug][gc,phases      ] GC(20)   StringTable Weak               Min:  0.1, Avg:  0.1, Max:  0.1, Diff:  0.0, Sum:  0.5, Workers: 4
[109.390s][debug][gc,phases      ] GC(20)     Dead                           Min: 0, Avg:  0.0, Max: 0, Diff: 0, Sum: 0, Workers: 4
[109.390s][debug][gc,phases      ] GC(20)     Total                          Min: 9920, Avg: 10630.8, Max: 11328, Diff: 1408, Sum: 42523, Workers: 4
[109.390s][debug][gc,phases      ] GC(20)   ResolvedMethodTable Weak       Min:  0.0, Avg:  0.0, Max:  0.0, Diff:  0.0, Sum:  0.1, Workers: 4
[109.390s][debug][gc,phases      ] GC(20)     Dead                           Min: 0, Avg:  0.0, Max: 0, Diff: 0, Sum: 0, Workers: 4
[109.390s][debug][gc,phases      ] GC(20)     Total                          Min: 1934, Avg: 2053.2, Max: 2218, Diff: 284, Sum: 8213, Workers: 4
[109.390s][debug][gc,phases      ] GC(20)   JNI Weak                       Min:  0.0, Avg:  0.0, Max:  0.0, Diff:  0.0, Sum:  0.0, Workers: 4
[109.390s][debug][gc,phases      ] GC(20)     Dead                           Min: 0, Avg:  0.0, Max: 0, Diff: 0, Sum: 0, Workers: 4
[109.390s][debug][gc,phases      ] GC(20)     Total                          Min: 0, Avg: 11.2, Max: 45, Diff: 45, Sum: 45, Workers: 4
[109.390s][debug][gc,phases      ] GC(20)   StringDedup Table Weak         Min:  0.0, Avg:  0.0, Max:  0.0, Diff:  0.0, Sum:  0.0, Workers: 4
[109.390s][debug][gc,phases      ] GC(20)     Dead                           Min: 0, Avg:  0.0, Max: 0, Diff: 0, Sum: 0, Workers: 4
[109.390s][debug][gc,phases      ] GC(20)     Total                          Min: 0, Avg:  0.0, Max: 0, Diff: 0, Sum: 0, Workers: 4
[109.390s][debug][gc,phases      ] GC(20)   StringDedup Requests0 Weak     Min:  0.0, Avg:  0.0, Max:  0.0, Diff:  0.0, Sum:  0.0, Workers: 4
[109.390s][debug][gc,phases      ] GC(20)     Dead                           Min: 0, Avg:  0.0, Max: 0, Diff: 0, Sum: 0, Workers: 4
[109.390s][debug][gc,phases      ] GC(20)     Total                          Min: 0, Avg:  0.0, Max: 0, Diff: 0, Sum: 0, Workers: 4
[109.390s][debug][gc,phases      ] GC(20)   StringDedup Requests1 Weak     Min:  0.0, Avg:  0.0, Max:  0.0, Diff:  0.0, Sum:  0.0, Workers: 4
[109.390s][debug][gc,phases      ] GC(20)     Dead                           Min: 0, Avg:  0.0, Max: 0, Diff: 0, Sum: 0, Workers: 4
[109.390s][debug][gc,phases      ] GC(20)     Total                          Min: 0, Avg:  0.0, Max: 0, Diff: 0, Sum: 0, Workers: 4
[109.390s][debug][gc,phases      ] GC(20)   Weak JFR Old Object Samples    Min:  0.0, Avg:  0.0, Max:  0.0, Diff:  0.0, Sum:  0.0, Workers: 4
[109.390s][debug][gc,phases      ] GC(20)     Dead                           Min: 0, Avg:  0.0, Max: 0, Diff: 0, Sum: 0, Workers: 4
[109.390s][debug][gc,phases      ] GC(20)     Total                          Min: 0, Avg:  0.0, Max: 0, Diff: 0, Sum: 0, Workers: 4
[109.390s][debug][gc,phases      ] GC(20) Weak Processing 0.296ms
[109.390s][debug][gc,age         ] GC(20) Desired survivor size 536870912 bytes, new threshold 1 (max threshold 15)
[109.390s][info ][gc,heap        ] GC(20) PSYoungGen: 1054320K(1572864K)->81168K(1572864K) Eden: 1048576K(1048576K)->0K(1048576K) From: 5744K(524288K)->81168K(524288K)
[109.390s][info ][gc,heap        ] GC(20) ParOldGen: 447589K(568320K)->450721K(568320K)
[109.390s][info ][gc,metaspace   ] GC(20) Metaspace: 77602K(78528K)->77602K(78528K) NonClass: 66466K(66944K)->66466K(66944K) Class: 11135K(11584K)->11135K(11584K)
[109.390s][info ][gc             ] GC(20) Pause Young (Allocation Failure) 1466M->519M(2091M) 33.560ms
[109.390s][info ][gc,cpu         ] GC(20) User=0.11s Sys=0.00s Real=0.04s
[109.390s][info ][safepoint      ] Safepoint "ParallelGCFailedAllocation", Time since last: 512477466 ns, Reaching safepoint: 140201 ns, At safepoint: 33620333 ns, Total: 33760534 ns
[110.594s][info ][safepoint      ] Safepoint "Cleanup", Time since last: 1204365506 ns, Reaching safepoint: 58401 ns, At safepoint: 3500 ns, Total: 61901 ns
[111.595s][info ][safepoint      ] Safepoint "Cleanup", Time since last: 1000099787 ns, Reaching safepoint: 40900 ns, At safepoint: 3100 ns, Total: 44000 ns
[113.595s][info ][safepoint      ] Safepoint "Cleanup", Time since last: 2000160974 ns, Reaching safepoint: 51001 ns, At safepoint: 3200 ns, Total: 54201 ns
[114.595s][info ][safepoint      ] Safepoint "Cleanup", Time since last: 1000096287 ns, Reaching safepoint: 53900 ns, At safepoint: 3200 ns, Total: 57100 ns
[115.595s][info ][safepoint      ] Safepoint "Cleanup", Time since last: 1000104909 ns, Reaching safepoint: 66001 ns, At safepoint: 3000 ns, Total: 69001 ns
[116.595s][info ][safepoint      ] Safepoint "Cleanup", Time since last: 1000102711 ns, Reaching safepoint: 60400 ns, At safepoint: 2700 ns, Total: 63100 ns
[117.595s][info ][safepoint      ] Safepoint "Cleanup", Time since last: 1000101410 ns, Reaching safepoint: 49501 ns, At safepoint: 2500 ns, Total: 52001 ns
[118.596s][info ][safepoint      ] Safepoint "Cleanup", Time since last: 1000094010 ns, Reaching safepoint: 48101 ns, At safepoint: 2100 ns, Total: 50201 ns
[119.596s][info ][safepoint      ] Safepoint "Cleanup", Time since last: 1000103110 ns, Reaching safepoint: 51201 ns, At safepoint: 2400 ns, Total: 53601 ns
[120.596s][info ][safepoint      ] Safepoint "Cleanup", Time since last: 1000092510 ns, Reaching safepoint: 63001 ns, At safepoint: 2400 ns, Total: 65401 ns
[121.596s][info ][safepoint      ] Safepoint "Cleanup", Time since last: 1000101710 ns, Reaching safepoint: 73701 ns, At safepoint: 2500 ns, Total: 76201 ns
[122.596s][info ][safepoint      ] Safepoint "Cleanup", Time since last: 1000093410 ns, Reaching safepoint: 52200 ns, At safepoint: 6101 ns, Total: 58301 ns
[123.596s][info ][safepoint      ] Safepoint "Cleanup", Time since last: 1000095114 ns, Reaching safepoint: 69301 ns, At safepoint: 2500 ns, Total: 71801 ns
[124.597s][info ][safepoint      ] Safepoint "Cleanup", Time since last: 1000081815 ns, Reaching safepoint: 118201 ns, At safepoint: 4200 ns, Total: 122401 ns
[125.597s][info ][safepoint      ] Safepoint "Cleanup", Time since last: 1000103415 ns, Reaching safepoint: 44100 ns, At safepoint: 8400 ns, Total: 52500 ns
[126.597s][info ][safepoint      ] Safepoint "Cleanup", Time since last: 1000115915 ns, Reaching safepoint: 103401 ns, At safepoint: 11701 ns, Total: 115102 ns
[127.597s][info ][safepoint      ] Safepoint "Cleanup", Time since last: 1000100115 ns, Reaching safepoint: 56200 ns, At safepoint: 3000 ns, Total: 59200 ns
[128.597s][info ][safepoint      ] Safepoint "Cleanup", Time since last: 1000108715 ns, Reaching safepoint: 48601 ns, At safepoint: 6700 ns, Total: 55301 ns
[129.597s][info ][safepoint      ] Safepoint "Cleanup", Time since last: 1000104515 ns, Reaching safepoint: 45600 ns, At safepoint: 3300 ns, Total: 48900 ns
[130.598s][info ][safepoint      ] Safepoint "Cleanup", Time since last: 1000095315 ns, Reaching safepoint: 53501 ns, At safepoint: 3000 ns, Total: 56501 ns
[131.598s][info ][safepoint      ] Safepoint "Cleanup", Time since last: 1000093923 ns, Reaching safepoint: 60200 ns, At safepoint: 4300 ns, Total: 64500 ns
[132.598s][info ][safepoint      ] Safepoint "Cleanup", Time since last: 1000086331 ns, Reaching safepoint: 39700 ns, At safepoint: 3000 ns, Total: 42700 ns
[133.598s][info ][safepoint      ] Safepoint "Cleanup", Time since last: 1000094531 ns, Reaching safepoint: 57100 ns, At safepoint: 6500 ns, Total: 63600 ns
[134.598s][info ][safepoint      ] Safepoint "Cleanup", Time since last: 1000098031 ns, Reaching safepoint: 47800 ns, At safepoint: 6700 ns, Total: 54500 ns
[135.470s][info ][gc,start       ] GC(21) Pause Young (Allocation Failure)
[135.514s][debug][gc,phases      ] GC(21) Scavenge 43.626ms
[135.514s][debug][gc,ref         ] GC(21) Skipped phase 1 of Reference Processing: no references
[135.514s][debug][gc,ref         ] GC(21) ReferenceProcessor::execute queues: 1, RefProcThreadModel::Single, marks_oops_alive: false
[135.514s][debug][gc,ref         ] GC(21) Skipped phase 3 of Reference Processing: no references
[135.514s][debug][gc,ref         ] GC(21) Skipped phase 4 of Reference Processing: no references
[135.514s][debug][gc,phases      ] GC(21) Reference Processing 0.120ms
[135.514s][debug][gc,phases      ] GC(21)   VM Weak                        Min:  0.0, Avg:  0.0, Max:  0.0, Diff:  0.0, Sum:  0.0, Workers: 4
[135.514s][debug][gc,phases      ] GC(21)     Dead                           Min: 0, Avg:  0.0, Max: 0, Diff: 0, Sum: 0, Workers: 4
[135.514s][debug][gc,phases      ] GC(21)     Total                          Min: 0, Avg: 175.8, Max: 703, Diff: 703, Sum: 703, Workers: 4
[135.514s][debug][gc,phases      ] GC(21)   ObjectSynchronizer Weak        Min:  0.0, Avg:  0.0, Max:  0.0, Diff:  0.0, Sum:  0.0, Workers: 4
[135.514s][debug][gc,phases      ] GC(21)     Dead                           Min: 0, Avg:  0.0, Max: 0, Diff: 0, Sum: 0, Workers: 4
[135.514s][debug][gc,phases      ] GC(21)     Total                          Min: 0, Avg:  7.0, Max: 28, Diff: 28, Sum: 28, Workers: 4
[135.514s][debug][gc,phases      ] GC(21)   JVMTI Tag Weak OopStorage      Min:  0.0, Avg:  0.0, Max:  0.0, Diff:  0.0, Sum:  0.0, Workers: 4
[135.514s][debug][gc,phases      ] GC(21)     Dead                           Min: 0, Avg:  0.0, Max: 0, Diff: 0, Sum: 0, Workers: 4
[135.514s][debug][gc,phases      ] GC(21)     Total                          Min: 0, Avg:  0.0, Max: 0, Diff: 0, Sum: 0, Workers: 4
[135.514s][debug][gc,phases      ] GC(21)   StringTable Weak               Min:  0.0, Avg:  0.1, Max:  0.1, Diff:  0.1, Sum:  0.4, Workers: 4
[135.514s][debug][gc,phases      ] GC(21)     Dead                           Min: 0, Avg:  0.0, Max: 0, Diff: 0, Sum: 0, Workers: 4
[135.514s][debug][gc,phases      ] GC(21)     Total                          Min: 0, Avg: 10633.0, Max: 15460, Diff: 15460, Sum: 42532, Workers: 4
[135.514s][debug][gc,phases      ] GC(21)   ResolvedMethodTable Weak       Min:  0.0, Avg:  0.0, Max:  0.0, Diff:  0.0, Sum:  0.1, Workers: 4
[135.514s][debug][gc,phases      ] GC(21)     Dead                           Min: 0, Avg:  0.0, Max: 0, Diff: 0, Sum: 0, Workers: 4
[135.514s][debug][gc,phases      ] GC(21)     Total                          Min: 0, Avg: 2053.2, Max: 2847, Diff: 2847, Sum: 8213, Workers: 4
[135.514s][debug][gc,phases      ] GC(21)   JNI Weak                       Min:  0.0, Avg:  0.0, Max:  0.0, Diff:  0.0, Sum:  0.0, Workers: 4
[135.514s][debug][gc,phases      ] GC(21)     Dead                           Min: 0, Avg:  0.0, Max: 0, Diff: 0, Sum: 0, Workers: 4
[135.514s][debug][gc,phases      ] GC(21)     Total                          Min: 0, Avg: 11.2, Max: 45, Diff: 45, Sum: 45, Workers: 4
[135.514s][debug][gc,phases      ] GC(21)   StringDedup Table Weak         Min:  0.0, Avg:  0.0, Max:  0.0, Diff:  0.0, Sum:  0.0, Workers: 4
[135.514s][debug][gc,phases      ] GC(21)     Dead                           Min: 0, Avg:  0.0, Max: 0, Diff: 0, Sum: 0, Workers: 4
[135.514s][debug][gc,phases      ] GC(21)     Total                          Min: 0, Avg:  0.0, Max: 0, Diff: 0, Sum: 0, Workers: 4
[135.514s][debug][gc,phases      ] GC(21)   StringDedup Requests0 Weak     Min:  0.0, Avg:  0.0, Max:  0.0, Diff:  0.0, Sum:  0.0, Workers: 4
[135.514s][debug][gc,phases      ] GC(21)     Dead                           Min: 0, Avg:  0.0, Max: 0, Diff: 0, Sum: 0, Workers: 4
[135.514s][debug][gc,phases      ] GC(21)     Total                          Min: 0, Avg:  0.0, Max: 0, Diff: 0, Sum: 0, Workers: 4
[135.514s][debug][gc,phases      ] GC(21)   StringDedup Requests1 Weak     Min:  0.0, Avg:  0.0, Max:  0.0, Diff:  0.0, Sum:  0.0, Workers: 4
[135.514s][debug][gc,phases      ] GC(21)     Dead                           Min: 0, Avg:  0.0, Max: 0, Diff: 0, Sum: 0, Workers: 4
[135.514s][debug][gc,phases      ] GC(21)     Total                          Min: 0, Avg:  0.0, Max: 0, Diff: 0, Sum: 0, Workers: 4
[135.514s][debug][gc,phases      ] GC(21)   Weak JFR Old Object Samples    Min:  0.0, Avg:  0.0, Max:  0.0, Diff:  0.0, Sum:  0.0, Workers: 4
[135.514s][debug][gc,phases      ] GC(21)     Dead                           Min: 0, Avg:  0.0, Max: 0, Diff: 0, Sum: 0, Workers: 4
[135.514s][debug][gc,phases      ] GC(21)     Total                          Min: 0, Avg:  0.0, Max: 0, Diff: 0, Sum: 0, Workers: 4
[135.514s][debug][gc,phases      ] GC(21) Weak Processing 0.398ms
[135.514s][debug][gc,age         ] GC(21) Desired survivor size 531628032 bytes, new threshold 2 (max threshold 15)
[135.514s][info ][gc,heap        ] GC(21) PSYoungGen: 1129744K(1572864K)->14384K(1572864K) Eden: 1048576K(1048576K)->0K(1048576K) From: 81168K(524288K)->14384K(524288K)
[135.514s][info ][gc,heap        ] GC(21) ParOldGen: 450721K(568320K)->494670K(568320K)
[135.514s][info ][gc,metaspace   ] GC(21) Metaspace: 77681K(78592K)->77681K(78592K) NonClass: 66545K(67008K)->66545K(67008K) Class: 11136K(11584K)->11136K(11584K)
[135.514s][info ][gc             ] GC(21) Pause Young (Allocation Failure) 1543M->497M(2091M) 44.287ms
[135.514s][info ][gc,cpu         ] GC(21) User=0.06s Sys=0.01s Real=0.04s
[135.514s][debug][gc,phases      ] GC(22) Pre Compact 0.014ms
[135.514s][info ][gc,start       ] GC(22) Pause Full (Ergonomics)
[135.514s][info ][gc,phases,start] GC(22) Marking Phase
[135.725s][debug][gc,phases      ] GC(22) Par Mark 210.471ms
[135.725s][debug][gc,ref         ] GC(22) Skipped phase 1 of Reference Processing: no references
[135.725s][debug][gc,ref         ] GC(22) ReferenceProcessor::execute queues: 4, RefProcThreadModel::Multi, marks_oops_alive: false
[135.729s][debug][gc,ref         ] GC(22) Skipped phase 3 of Reference Processing: no references
[135.729s][debug][gc,ref         ] GC(22) ReferenceProcessor::execute queues: 1, RefProcThreadModel::Single, marks_oops_alive: false
[135.729s][debug][gc,phases      ] GC(22) Reference Processing 3.985ms
[135.730s][debug][gc,phases      ] GC(22)   VM Weak                        Min:  0.0, Avg:  0.0, Max:  0.0, Diff:  0.0, Sum:  0.0, Workers: 4
[135.730s][debug][gc,phases      ] GC(22)     Dead                           Min: 0, Avg:  0.0, Max: 0, Diff: 0, Sum: 0, Workers: 4
[135.730s][debug][gc,phases      ] GC(22)     Total                          Min: 0, Avg: 175.8, Max: 703, Diff: 703, Sum: 703, Workers: 4
[135.730s][debug][gc,phases      ] GC(22)   ObjectSynchronizer Weak        Min:  0.0, Avg:  0.0, Max:  0.0, Diff:  0.0, Sum:  0.0, Workers: 4
[135.730s][debug][gc,phases      ] GC(22)     Dead                           Min: 0, Avg:  0.0, Max: 0, Diff: 0, Sum: 0, Workers: 4
[135.730s][debug][gc,phases      ] GC(22)     Total                          Min: 0, Avg:  7.0, Max: 28, Diff: 28, Sum: 28, Workers: 4
[135.730s][debug][gc,phases      ] GC(22)   JVMTI Tag Weak OopStorage      Min:  0.0, Avg:  0.0, Max:  0.0, Diff:  0.0, Sum:  0.0, Workers: 4
[135.730s][debug][gc,phases      ] GC(22)     Dead                           Min: 0, Avg:  0.0, Max: 0, Diff: 0, Sum: 0, Workers: 4
[135.730s][debug][gc,phases      ] GC(22)     Total                          Min: 0, Avg:  0.0, Max: 0, Diff: 0, Sum: 0, Workers: 4
[135.730s][debug][gc,phases      ] GC(22)   StringTable Weak               Min:  0.0, Avg:  0.1, Max:  0.6, Diff:  0.6, Sum:  0.6, Workers: 4
[135.730s][debug][gc,phases      ] GC(22)     Dead                           Min: 0, Avg:  0.0, Max: 0, Diff: 0, Sum: 0, Workers: 4
[135.730s][debug][gc,phases      ] GC(22)     Total                          Min: 0, Avg: 10633.0, Max: 42532, Diff: 42532, Sum: 42532, Workers: 4
[135.730s][debug][gc,phases      ] GC(22)   ResolvedMethodTable Weak       Min:  0.0, Avg:  0.0, Max:  0.1, Diff:  0.1, Sum:  0.1, Workers: 4
[135.730s][debug][gc,phases      ] GC(22)     Dead                           Min: 0, Avg:  0.0, Max: 0, Diff: 0, Sum: 0, Workers: 4
[135.730s][debug][gc,phases      ] GC(22)     Total                          Min: 0, Avg: 2053.2, Max: 8213, Diff: 8213, Sum: 8213, Workers: 4
[135.730s][debug][gc,phases      ] GC(22)   JNI Weak                       Min:  0.0, Avg:  0.0, Max:  0.0, Diff:  0.0, Sum:  0.0, Workers: 4
[135.730s][debug][gc,phases      ] GC(22)     Dead                           Min: 0, Avg:  0.0, Max: 0, Diff: 0, Sum: 0, Workers: 4
[135.730s][debug][gc,phases      ] GC(22)     Total                          Min: 0, Avg: 11.2, Max: 45, Diff: 45, Sum: 45, Workers: 4
[135.730s][debug][gc,phases      ] GC(22)   StringDedup Table Weak         Min:  0.0, Avg:  0.0, Max:  0.0, Diff:  0.0, Sum:  0.0, Workers: 4
[135.730s][debug][gc,phases      ] GC(22)     Dead                           Min: 0, Avg:  0.0, Max: 0, Diff: 0, Sum: 0, Workers: 4
[135.730s][debug][gc,phases      ] GC(22)     Total                          Min: 0, Avg:  0.0, Max: 0, Diff: 0, Sum: 0, Workers: 4
[135.730s][debug][gc,phases      ] GC(22)   StringDedup Requests0 Weak     Min:  0.0, Avg:  0.0, Max:  0.0, Diff:  0.0, Sum:  0.0, Workers: 4
[135.730s][debug][gc,phases      ] GC(22)     Dead                           Min: 0, Avg:  0.0, Max: 0, Diff: 0, Sum: 0, Workers: 4
[135.730s][debug][gc,phases      ] GC(22)     Total                          Min: 0, Avg:  0.0, Max: 0, Diff: 0, Sum: 0, Workers: 4
[135.730s][debug][gc,phases      ] GC(22)   StringDedup Requests1 Weak     Min:  0.0, Avg:  0.0, Max:  0.0, Diff:  0.0, Sum:  0.0, Workers: 4
[135.730s][debug][gc,phases      ] GC(22)     Dead                           Min: 0, Avg:  0.0, Max: 0, Diff: 0, Sum: 0, Workers: 4
[135.730s][debug][gc,phases      ] GC(22)     Total                          Min: 0, Avg:  0.0, Max: 0, Diff: 0, Sum: 0, Workers: 4
[135.730s][debug][gc,phases      ] GC(22)   Weak JFR Old Object Samples    Min:  0.0, Avg:  0.0, Max:  0.0, Diff:  0.0, Sum:  0.0, Workers: 4
[135.730s][debug][gc,phases      ] GC(22)     Dead                           Min: 0, Avg:  0.0, Max: 0, Diff: 0, Sum: 0, Workers: 4
[135.730s][debug][gc,phases      ] GC(22)     Total                          Min: 0, Avg:  0.0, Max: 0, Diff: 0, Sum: 0, Workers: 4
[135.730s][debug][gc,phases      ] GC(22) Weak Processing 0.932ms
[135.730s][debug][gc,phases      ] GC(22) ClassLoaderData 0.086ms
[135.730s][debug][gc,phases      ] GC(22) Trigger cleanups 0.001ms
[135.755s][debug][gc,phases      ] GC(22) Class Unloading 25.016ms
[135.755s][info ][gc,phases      ] GC(22) Marking Phase 240.567ms
[135.755s][info ][gc,phases,start] GC(22) Summary Phase
[135.755s][info ][gc,phases      ] GC(22) Summary Phase 0.024ms
[135.755s][info ][gc,phases,start] GC(22) Adjust Roots
[135.770s][info ][gc,phases      ] GC(22) Adjust Roots 15.367ms
[135.770s][info ][gc,phases,start] GC(22) Compaction Phase
[136.061s][info ][gc,phases      ] GC(22) Compaction Phase 290.850ms
[136.061s][info ][gc,phases,start] GC(22) Post Compact
[136.062s][info ][gc,phases      ] GC(22) Post Compact 0.980ms
[136.062s][info ][gc,heap        ] GC(22) PSYoungGen: 14384K(1572864K)->0K(1577984K) Eden: 0K(1048576K)->0K(1058816K) From: 14384K(524288K)->0K(519168K)
[136.062s][info ][gc,heap        ] GC(22) ParOldGen: 494670K(568320K)->445312K(628736K)
[136.062s][info ][gc,metaspace   ] GC(22) Metaspace: 77681K(78592K)->77681K(78592K) NonClass: 66545K(67008K)->66545K(67008K) Class: 11136K(11584K)->11136K(11584K)
[136.062s][info ][gc             ] GC(22) Pause Full (Ergonomics) 497M->434M(2155M) 548.057ms
[136.062s][info ][gc,cpu         ] GC(22) User=1.05s Sys=0.00s Real=0.55s
[136.062s][info ][safepoint      ] Safepoint "ParallelGCFailedAllocation", Time since last: 871754944 ns, Reaching safepoint: 53500 ns, At safepoint: 592490843 ns, Total: 592544343 ns
[137.063s][info ][safepoint      ] Safepoint "Cleanup", Time since last: 1000097930 ns, Reaching safepoint: 102401 ns, At safepoint: 7800 ns, Total: 110201 ns
[138.066s][info ][safepoint      ] Safepoint "Cleanup", Time since last: 1002987160 ns, Reaching safepoint: 52101 ns, At safepoint: 9600 ns, Total: 61701 ns
[139.068s][info ][safepoint      ] Safepoint "Cleanup", Time since last: 1000221624 ns, Reaching safepoint: 1836818 ns, At safepoint: 13201 ns, Total: 1850019 ns
[140.220s][info ][safepoint      ] Safepoint "Cleanup", Time since last: 1152497028 ns, Reaching safepoint: 156702 ns, At safepoint: 4200 ns, Total: 160902 ns
[141.224s][info ][safepoint      ] Safepoint "Cleanup", Time since last: 1003574100 ns, Reaching safepoint: 63601 ns, At safepoint: 2800 ns, Total: 66401 ns
[143.224s][info ][safepoint      ] Safepoint "Cleanup", Time since last: 2000168429 ns, Reaching safepoint: 127901 ns, At safepoint: 3600 ns, Total: 131501 ns
[144.225s][info ][safepoint      ] Safepoint "Cleanup", Time since last: 1000093565 ns, Reaching safepoint: 88001 ns, At safepoint: 2100 ns, Total: 90101 ns
[145.225s][info ][safepoint      ] Safepoint "Cleanup", Time since last: 1000090764 ns, Reaching safepoint: 56901 ns, At safepoint: 2100 ns, Total: 59001 ns
[146.225s][info ][safepoint      ] Safepoint "Cleanup", Time since last: 1000110865 ns, Reaching safepoint: 63300 ns, At safepoint: 2400 ns, Total: 65700 ns
[147.225s][info ][safepoint      ] Safepoint "Cleanup", Time since last: 1000101006 ns, Reaching safepoint: 39201 ns, At safepoint: 2400 ns, Total: 41601 ns
[148.225s][info ][safepoint      ] Safepoint "Cleanup", Time since last: 1000078473 ns, Reaching safepoint: 56201 ns, At safepoint: 2600 ns, Total: 58801 ns
[149.226s][info ][safepoint      ] Safepoint "Cleanup", Time since last: 1000109673 ns, Reaching safepoint: 506105 ns, At safepoint: 7800 ns, Total: 513905 ns
[150.226s][info ][safepoint      ] Safepoint "Cleanup", Time since last: 1000099474 ns, Reaching safepoint: 37300 ns, At safepoint: 18700 ns, Total: 56000 ns
[151.226s][info ][safepoint      ] Safepoint "Cleanup", Time since last: 1000100074 ns, Reaching safepoint: 91301 ns, At safepoint: 6700 ns, Total: 98001 ns
[152.226s][info ][safepoint      ] Safepoint "Cleanup", Time since last: 1000095273 ns, Reaching safepoint: 48601 ns, At safepoint: 2900 ns, Total: 51501 ns
[153.226s][info ][safepoint      ] Safepoint "Cleanup", Time since last: 1000090073 ns, Reaching safepoint: 66101 ns, At safepoint: 7800 ns, Total: 73901 ns
[154.227s][info ][safepoint      ] Safepoint "Cleanup", Time since last: 1000097874 ns, Reaching safepoint: 63300 ns, At safepoint: 7300 ns, Total: 70600 ns
[155.227s][info ][safepoint      ] Safepoint "Cleanup", Time since last: 1000095147 ns, Reaching safepoint: 44206 ns, At safepoint: 2700 ns, Total: 46906 ns
[156.227s][info ][safepoint      ] Safepoint "Cleanup", Time since last: 1000099380 ns, Reaching safepoint: 53501 ns, At safepoint: 3800 ns, Total: 57301 ns
[157.227s][info ][safepoint      ] Safepoint "Cleanup", Time since last: 1000101544 ns, Reaching safepoint: 53901 ns, At safepoint: 2500 ns, Total: 56401 ns
[159.227s][info ][safepoint      ] Safepoint "Cleanup", Time since last: 2000159788 ns, Reaching safepoint: 40001 ns, At safepoint: 2500 ns, Total: 42501 ns
[159.665s][info ][gc,start       ] GC(23) Pause Young (Allocation Failure)
[159.673s][debug][gc,phases      ] GC(23) Scavenge 8.138ms
[159.673s][debug][gc,ref         ] GC(23) Skipped phase 1 of Reference Processing: no references
[159.673s][debug][gc,ref         ] GC(23) ReferenceProcessor::execute queues: 1, RefProcThreadModel::Single, marks_oops_alive: false
[159.673s][debug][gc,ref         ] GC(23) Skipped phase 3 of Reference Processing: no references
[159.673s][debug][gc,ref         ] GC(23) ReferenceProcessor::execute queues: 1, RefProcThreadModel::Single, marks_oops_alive: false
[159.673s][debug][gc,phases      ] GC(23) Reference Processing 0.107ms
[159.674s][debug][gc,phases      ] GC(23)   VM Weak                        Min:  0.0, Avg:  0.0, Max:  0.0, Diff:  0.0, Sum:  0.0, Workers: 4
[159.674s][debug][gc,phases      ] GC(23)     Dead                           Min: 0, Avg:  0.0, Max: 0, Diff: 0, Sum: 0, Workers: 4
[159.674s][debug][gc,phases      ] GC(23)     Total                          Min: 0, Avg: 179.5, Max: 398, Diff: 398, Sum: 718, Workers: 4
[159.674s][debug][gc,phases      ] GC(23)   ObjectSynchronizer Weak        Min:  0.0, Avg:  0.0, Max:  0.0, Diff:  0.0, Sum:  0.0, Workers: 4
[159.674s][debug][gc,phases      ] GC(23)     Dead                           Min: 0, Avg:  0.0, Max: 0, Diff: 0, Sum: 0, Workers: 4
[159.674s][debug][gc,phases      ] GC(23)     Total                          Min: 0, Avg:  7.0, Max: 28, Diff: 28, Sum: 28, Workers: 4
[159.674s][debug][gc,phases      ] GC(23)   JVMTI Tag Weak OopStorage      Min:  0.0, Avg:  0.0, Max:  0.0, Diff:  0.0, Sum:  0.0, Workers: 4
[159.674s][debug][gc,phases      ] GC(23)     Dead                           Min: 0, Avg:  0.0, Max: 0, Diff: 0, Sum: 0, Workers: 4
[159.674s][debug][gc,phases      ] GC(23)     Total                          Min: 0, Avg:  0.0, Max: 0, Diff: 0, Sum: 0, Workers: 4
[159.674s][debug][gc,phases      ] GC(23)   StringTable Weak               Min:  0.0, Avg:  0.1, Max:  0.1, Diff:  0.1, Sum:  0.3, Workers: 4
[159.674s][debug][gc,phases      ] GC(23)     Dead                           Min: 0, Avg:  0.8, Max: 2, Diff: 2, Sum: 3, Workers: 4
[159.674s][debug][gc,phases      ] GC(23)     Total                          Min: 0, Avg: 10659.2, Max: 17997, Diff: 17997, Sum: 42637, Workers: 4
[159.674s][debug][gc,phases      ] GC(23)   ResolvedMethodTable Weak       Min:  0.0, Avg:  0.0, Max:  0.0, Diff:  0.0, Sum:  0.1, Workers: 4
[159.674s][debug][gc,phases      ] GC(23)     Dead                           Min: 0, Avg:  0.0, Max: 0, Diff: 0, Sum: 0, Workers: 4
[159.674s][debug][gc,phases      ] GC(23)     Total                          Min: 0, Avg: 2078.2, Max: 3346, Diff: 3346, Sum: 8313, Workers: 4
[159.674s][debug][gc,phases      ] GC(23)   JNI Weak                       Min:  0.0, Avg:  0.0, Max:  0.0, Diff:  0.0, Sum:  0.0, Workers: 4
[159.674s][debug][gc,phases      ] GC(23)     Dead                           Min: 0, Avg:  0.0, Max: 0, Diff: 0, Sum: 0, Workers: 4
[159.674s][debug][gc,phases      ] GC(23)     Total                          Min: 0, Avg: 11.2, Max: 45, Diff: 45, Sum: 45, Workers: 4
[159.674s][debug][gc,phases      ] GC(23)   StringDedup Table Weak         Min:  0.0, Avg:  0.0, Max:  0.0, Diff:  0.0, Sum:  0.0, Workers: 4
[159.674s][debug][gc,phases      ] GC(23)     Dead                           Min: 0, Avg:  0.0, Max: 0, Diff: 0, Sum: 0, Workers: 4
[159.674s][debug][gc,phases      ] GC(23)     Total                          Min: 0, Avg:  0.0, Max: 0, Diff: 0, Sum: 0, Workers: 4
[159.674s][debug][gc,phases      ] GC(23)   StringDedup Requests0 Weak     Min:  0.0, Avg:  0.0, Max:  0.0, Diff:  0.0, Sum:  0.0, Workers: 4
[159.674s][debug][gc,phases      ] GC(23)     Dead                           Min: 0, Avg:  0.0, Max: 0, Diff: 0, Sum: 0, Workers: 4
[159.674s][debug][gc,phases      ] GC(23)     Total                          Min: 0, Avg:  0.0, Max: 0, Diff: 0, Sum: 0, Workers: 4
[159.674s][debug][gc,phases      ] GC(23)   StringDedup Requests1 Weak     Min:  0.0, Avg:  0.0, Max:  0.0, Diff:  0.0, Sum:  0.0, Workers: 4
[159.674s][debug][gc,phases      ] GC(23)     Dead                           Min: 0, Avg:  0.0, Max: 0, Diff: 0, Sum: 0, Workers: 4
[159.674s][debug][gc,phases      ] GC(23)     Total                          Min: 0, Avg:  0.0, Max: 0, Diff: 0, Sum: 0, Workers: 4
[159.674s][debug][gc,phases      ] GC(23)   Weak JFR Old Object Samples    Min:  0.0, Avg:  0.0, Max:  0.0, Diff:  0.0, Sum:  0.0, Workers: 4
[159.674s][debug][gc,phases      ] GC(23)     Dead                           Min: 0, Avg:  0.0, Max: 0, Diff: 0, Sum: 0, Workers: 4
[159.674s][debug][gc,phases      ] GC(23)     Total                          Min: 0, Avg:  0.0, Max: 0, Diff: 0, Sum: 0, Workers: 4
[159.674s][debug][gc,phases      ] GC(23) Weak Processing 0.326ms
[159.674s][debug][gc,age         ] GC(23) Desired survivor size 520093696 bytes, new threshold 3 (max threshold 15)
[159.674s][info ][gc,heap        ] GC(23) PSYoungGen: 1058816K(1577984K)->12160K(1577984K) Eden: 1058816K(1058816K)->0K(1058816K) From: 0K(519168K)->12160K(519168K)
[159.674s][info ][gc,heap        ] GC(23) ParOldGen: 445312K(628736K)->445320K(628736K)
[159.674s][info ][gc,metaspace   ] GC(23) Metaspace: 78134K(79040K)->78134K(79040K) NonClass: 66927K(67392K)->66927K(67392K) Class: 11206K(11648K)->11206K(11648K)
[159.674s][info ][gc             ] GC(23) Pause Young (Allocation Failure) 1468M->446M(2155M) 8.674ms
[159.674s][info ][gc,cpu         ] GC(23) User=0.02s Sys=0.00s Real=0.01s
[159.674s][info ][safepoint      ] Safepoint "ParallelGCFailedAllocation", Time since last: 437599051 ns, Reaching safepoint: 102801 ns, At safepoint: 8739987 ns, Total: 8842788 ns
[160.674s][info ][safepoint      ] Safepoint "Cleanup", Time since last: 1000038544 ns, Reaching safepoint: 44200 ns, At safepoint: 2300 ns, Total: 46500 ns
[161.674s][info ][safepoint      ] Safepoint "Cleanup", Time since last: 1000103944 ns, Reaching safepoint: 36301 ns, At safepoint: 2300 ns, Total: 38601 ns
[165.674s][info ][safepoint      ] Safepoint "Cleanup", Time since last: 4000247291 ns, Reaching safepoint: 45301 ns, At safepoint: 2300 ns, Total: 47601 ns
[166.674s][info ][safepoint      ] Safepoint "Cleanup", Time since last: 1000112653 ns, Reaching safepoint: 49101 ns, At safepoint: 2400 ns, Total: 51501 ns
[167.675s][info ][safepoint      ] Safepoint "Cleanup", Time since last: 1000059993 ns, Reaching safepoint: 47101 ns, At safepoint: 3400 ns, Total: 50501 ns
[168.675s][info ][safepoint      ] Safepoint "Cleanup", Time since last: 1000077994 ns, Reaching safepoint: 37600 ns, At safepoint: 22901 ns, Total: 60501 ns
[169.675s][info ][safepoint      ] Safepoint "Cleanup", Time since last: 1000104894 ns, Reaching safepoint: 35300 ns, At safepoint: 2600 ns, Total: 37900 ns
[170.675s][info ][safepoint      ] Safepoint "Cleanup", Time since last: 1000080394 ns, Reaching safepoint: 41601 ns, At safepoint: 3500 ns, Total: 45101 ns
[172.676s][info ][safepoint      ] Safepoint "Cleanup", Time since last: 2000648717 ns, Reaching safepoint: 44001 ns, At safepoint: 6700 ns, Total: 50701 ns
[175.676s][info ][safepoint      ] Safepoint "Cleanup", Time since last: 3000241907 ns, Reaching safepoint: 53300 ns, At safepoint: 2900 ns, Total: 56200 ns
[181.676s][info ][safepoint      ] Safepoint "Cleanup", Time since last: 6000427127 ns, Reaching safepoint: 41101 ns, At safepoint: 5100 ns, Total: 46201 ns
[182.677s][info ][safepoint      ] Safepoint "Cleanup", Time since last: 1000121816 ns, Reaching safepoint: 46401 ns, At safepoint: 6300 ns, Total: 52701 ns
[187.677s][info ][safepoint      ] Safepoint "Cleanup", Time since last: 5000369612 ns, Reaching safepoint: 44600 ns, At safepoint: 3700 ns, Total: 48300 ns
[191.677s][info ][safepoint      ] Safepoint "Cleanup", Time since last: 4000305177 ns, Reaching safepoint: 38601 ns, At safepoint: 3100 ns, Total: 41701 ns
[192.678s][info ][safepoint      ] Safepoint "Cleanup", Time since last: 1000120669 ns, Reaching safepoint: 63001 ns, At safepoint: 6500 ns, Total: 69501 ns
[195.773s][info ][safepoint      ] Safepoint "Cleanup", Time since last: 3095225357 ns, Reaching safepoint: 111201 ns, At safepoint: 5700 ns, Total: 116901 ns
[196.773s][info ][safepoint      ] Safepoint "Cleanup", Time since last: 1000121313 ns, Reaching safepoint: 134602 ns, At safepoint: 5100 ns, Total: 139702 ns
[199.470s][info ][safepoint      ] Safepoint "Cleanup", Time since last: 2696469105 ns, Reaching safepoint: 151902 ns, At safepoint: 21601 ns, Total: 173503 ns
[200.470s][info ][safepoint      ] Safepoint "Cleanup", Time since last: 1000111412 ns, Reaching safepoint: 146102 ns, At safepoint: 8200 ns, Total: 154302 ns
[207.471s][info ][safepoint      ] Safepoint "Cleanup", Time since last: 7001190652 ns, Reaching safepoint: 42501 ns, At safepoint: 4600 ns, Total: 47101 ns
[209.718s][info ][gc,start       ] GC(24) Pause Young (Allocation Failure)
[209.724s][debug][gc,phases      ] GC(24) Scavenge 5.516ms
[209.724s][debug][gc,ref         ] GC(24) Skipped phase 1 of Reference Processing: no references
[209.724s][debug][gc,ref         ] GC(24) ReferenceProcessor::execute queues: 1, RefProcThreadModel::Single, marks_oops_alive: false
[209.724s][debug][gc,ref         ] GC(24) Skipped phase 3 of Reference Processing: no references
[209.724s][debug][gc,ref         ] GC(24) ReferenceProcessor::execute queues: 1, RefProcThreadModel::Single, marks_oops_alive: false
[209.724s][debug][gc,phases      ] GC(24) Reference Processing 0.109ms
[209.724s][debug][gc,phases      ] GC(24)   VM Weak                        Min:  0.0, Avg:  0.0, Max:  0.0, Diff:  0.0, Sum:  0.0, Workers: 4
[209.724s][debug][gc,phases      ] GC(24)     Dead                           Min: 0, Avg:  0.0, Max: 0, Diff: 0, Sum: 0, Workers: 4
[209.724s][debug][gc,phases      ] GC(24)     Total                          Min: 0, Avg: 179.5, Max: 512, Diff: 512, Sum: 718, Workers: 4
[209.724s][debug][gc,phases      ] GC(24)   ObjectSynchronizer Weak        Min:  0.0, Avg:  0.0, Max:  0.0, Diff:  0.0, Sum:  0.0, Workers: 4
[209.724s][debug][gc,phases      ] GC(24)     Dead                           Min: 0, Avg:  0.0, Max: 0, Diff: 0, Sum: 0, Workers: 4
[209.724s][debug][gc,phases      ] GC(24)     Total                          Min: 0, Avg:  7.0, Max: 28, Diff: 28, Sum: 28, Workers: 4
[209.724s][debug][gc,phases      ] GC(24)   JVMTI Tag Weak OopStorage      Min:  0.0, Avg:  0.0, Max:  0.0, Diff:  0.0, Sum:  0.0, Workers: 4
[209.724s][debug][gc,phases      ] GC(24)     Dead                           Min: 0, Avg:  0.0, Max: 0, Diff: 0, Sum: 0, Workers: 4
[209.724s][debug][gc,phases      ] GC(24)     Total                          Min: 0, Avg:  0.0, Max: 0, Diff: 0, Sum: 0, Workers: 4
[209.724s][debug][gc,phases      ] GC(24)   StringTable Weak               Min:  0.1, Avg:  0.1, Max:  0.1, Diff:  0.0, Sum:  0.4, Workers: 4
[209.724s][debug][gc,phases      ] GC(24)     Dead                           Min: 0, Avg:  0.0, Max: 0, Diff: 0, Sum: 0, Workers: 4
[209.724s][debug][gc,phases      ] GC(24)     Total                          Min: 10432, Avg: 10661.0, Max: 10900, Diff: 468, Sum: 42644, Workers: 4
[209.724s][debug][gc,phases      ] GC(24)   ResolvedMethodTable Weak       Min:  0.0, Avg:  0.0, Max:  0.0, Diff:  0.0, Sum:  0.1, Workers: 4
[209.724s][debug][gc,phases      ] GC(24)     Dead                           Min: 0, Avg:  0.0, Max: 0, Diff: 0, Sum: 0, Workers: 4
[209.724s][debug][gc,phases      ] GC(24)     Total                          Min: 1906, Avg: 2078.5, Max: 2285, Diff: 379, Sum: 8314, Workers: 4
[209.724s][debug][gc,phases      ] GC(24)   JNI Weak                       Min:  0.0, Avg:  0.0, Max:  0.0, Diff:  0.0, Sum:  0.0, Workers: 4
[209.724s][debug][gc,phases      ] GC(24)     Dead                           Min: 0, Avg:  0.0, Max: 0, Diff: 0, Sum: 0, Workers: 4
[209.724s][debug][gc,phases      ] GC(24)     Total                          Min: 0, Avg: 11.2, Max: 45, Diff: 45, Sum: 45, Workers: 4
[209.724s][debug][gc,phases      ] GC(24)   StringDedup Table Weak         Min:  0.0, Avg:  0.0, Max:  0.0, Diff:  0.0, Sum:  0.0, Workers: 4
[209.724s][debug][gc,phases      ] GC(24)     Dead                           Min: 0, Avg:  0.0, Max: 0, Diff: 0, Sum: 0, Workers: 4
[209.724s][debug][gc,phases      ] GC(24)     Total                          Min: 0, Avg:  0.0, Max: 0, Diff: 0, Sum: 0, Workers: 4
[209.724s][debug][gc,phases      ] GC(24)   StringDedup Requests0 Weak     Min:  0.0, Avg:  0.0, Max:  0.0, Diff:  0.0, Sum:  0.0, Workers: 4
[209.724s][debug][gc,phases      ] GC(24)     Dead                           Min: 0, Avg:  0.0, Max: 0, Diff: 0, Sum: 0, Workers: 4
[209.724s][debug][gc,phases      ] GC(24)     Total                          Min: 0, Avg:  0.0, Max: 0, Diff: 0, Sum: 0, Workers: 4
[209.724s][debug][gc,phases      ] GC(24)   StringDedup Requests1 Weak     Min:  0.0, Avg:  0.0, Max:  0.0, Diff:  0.0, Sum:  0.0, Workers: 4
[209.724s][debug][gc,phases      ] GC(24)     Dead                           Min: 0, Avg:  0.0, Max: 0, Diff: 0, Sum: 0, Workers: 4
[209.724s][debug][gc,phases      ] GC(24)     Total                          Min: 0, Avg:  0.0, Max: 0, Diff: 0, Sum: 0, Workers: 4
[209.724s][debug][gc,phases      ] GC(24)   Weak JFR Old Object Samples    Min:  0.0, Avg:  0.0, Max:  0.0, Diff:  0.0, Sum:  0.0, Workers: 4
[209.724s][debug][gc,phases      ] GC(24)     Dead                           Min: 0, Avg:  0.0, Max: 0, Diff: 0, Sum: 0, Workers: 4
[209.724s][debug][gc,phases      ] GC(24)     Total                          Min: 0, Avg:  0.0, Max: 0, Diff: 0, Sum: 0, Workers: 4
[209.724s][debug][gc,phases      ] GC(24) Weak Processing 0.290ms
[209.724s][debug][gc,age         ] GC(24) Desired survivor size 505413632 bytes, new threshold 4 (max threshold 15)
[209.724s][info ][gc,heap        ] GC(24) PSYoungGen: 1070976K(1577984K)->13056K(1603584K) Eden: 1058816K(1058816K)->0K(1095680K) From: 12160K(519168K)->13056K(507904K)
[209.724s][info ][gc,heap        ] GC(24) ParOldGen: 445320K(628736K)->445320K(628736K)
[209.724s][info ][gc,metaspace   ] GC(24) Metaspace: 78166K(79104K)->78166K(79104K) NonClass: 66958K(67456K)->66958K(67456K) Class: 11207K(11648K)->11207K(11648K)
[209.724s][info ][gc             ] GC(24) Pause Young (Allocation Failure) 1480M->447M(2180M) 6.059ms
[209.724s][info ][gc,cpu         ] GC(24) User=0.02s Sys=0.00s Real=0.00s
[209.724s][info ][safepoint      ] Safepoint "ParallelGCFailedAllocation", Time since last: 2246756499 ns, Reaching safepoint: 40401 ns, At safepoint: 6132778 ns, Total: 6173179 ns
[211.724s][info ][safepoint      ] Safepoint "Cleanup", Time since last: 2000150366 ns, Reaching safepoint: 58000 ns, At safepoint: 8101 ns, Total: 66101 ns
[213.725s][info ][safepoint      ] Safepoint "Cleanup", Time since last: 2000171668 ns, Reaching safepoint: 60201 ns, At safepoint: 4600 ns, Total: 64801 ns
[215.725s][info ][safepoint      ] Safepoint "Cleanup", Time since last: 2000171969 ns, Reaching safepoint: 49100 ns, At safepoint: 2600 ns, Total: 51700 ns
[216.725s][info ][safepoint      ] Safepoint "Cleanup", Time since last: 1000107735 ns, Reaching safepoint: 45501 ns, At safepoint: 4600 ns, Total: 50101 ns
[217.725s][info ][safepoint      ] Safepoint "Cleanup", Time since last: 1000102534 ns, Reaching safepoint: 57601 ns, At safepoint: 2400 ns, Total: 60001 ns
[218.725s][info ][safepoint      ] Safepoint "Cleanup", Time since last: 1000109435 ns, Reaching safepoint: 67301 ns, At safepoint: 8500 ns, Total: 75801 ns
[219.726s][info ][safepoint      ] Safepoint "Cleanup", Time since last: 1000105392 ns, Reaching safepoint: 50500 ns, At safepoint: 3000 ns, Total: 53500 ns
[221.220s][info ][safepoint      ] Safepoint "Cleanup", Time since last: 1493913514 ns, Reaching safepoint: 134202 ns, At safepoint: 4500 ns, Total: 138702 ns
[222.220s][info ][safepoint      ] Safepoint "Cleanup", Time since last: 1000099596 ns, Reaching safepoint: 80101 ns, At safepoint: 2600 ns, Total: 82701 ns
[223.220s][info ][safepoint      ] Safepoint "Cleanup", Time since last: 1000105395 ns, Reaching safepoint: 141202 ns, At safepoint: 7300 ns, Total: 148502 ns
[224.220s][info ][safepoint      ] Safepoint "Cleanup", Time since last: 1000119296 ns, Reaching safepoint: 144302 ns, At safepoint: 8600 ns, Total: 152902 ns
[225.220s][info ][safepoint      ] Safepoint "Cleanup", Time since last: 1000077495 ns, Reaching safepoint: 46001 ns, At safepoint: 2200 ns, Total: 48201 ns
[226.221s][info ][safepoint      ] Safepoint "Cleanup", Time since last: 1000107296 ns, Reaching safepoint: 50800 ns, At safepoint: 4501 ns, Total: 55301 ns
[227.221s][info ][safepoint      ] Safepoint "Cleanup", Time since last: 1000124157 ns, Reaching safepoint: 38000 ns, At safepoint: 2800 ns, Total: 40800 ns
[229.221s][info ][safepoint      ] Safepoint "Cleanup", Time since last: 2000150124 ns, Reaching safepoint: 113501 ns, At safepoint: 7600 ns, Total: 121101 ns
[229.454s][info ][gc,start       ] GC(25) Pause Young (Allocation Failure)
[229.485s][debug][gc,phases      ] GC(25) Scavenge 30.856ms
[229.485s][debug][gc,ref         ] GC(25) Skipped phase 1 of Reference Processing: no references
[229.485s][debug][gc,ref         ] GC(25) ReferenceProcessor::execute queues: 1, RefProcThreadModel::Single, marks_oops_alive: false
[229.485s][debug][gc,ref         ] GC(25) Skipped phase 3 of Reference Processing: no references
[229.485s][debug][gc,ref         ] GC(25) ReferenceProcessor::execute queues: 1, RefProcThreadModel::Single, marks_oops_alive: false
[229.485s][debug][gc,phases      ] GC(25) Reference Processing 0.121ms
[229.485s][debug][gc,phases      ] GC(25)   VM Weak                        Min:  0.0, Avg:  0.0, Max:  0.0, Diff:  0.0, Sum:  0.0, Workers: 4
[229.485s][debug][gc,phases      ] GC(25)     Dead                           Min: 0, Avg:  0.0, Max: 0, Diff: 0, Sum: 0, Workers: 4
[229.485s][debug][gc,phases      ] GC(25)     Total                          Min: 0, Avg: 183.8, Max: 415, Diff: 415, Sum: 735, Workers: 4
[229.485s][debug][gc,phases      ] GC(25)   ObjectSynchronizer Weak        Min:  0.0, Avg:  0.0, Max:  0.0, Diff:  0.0, Sum:  0.0, Workers: 4
[229.485s][debug][gc,phases      ] GC(25)     Dead                           Min: 0, Avg:  0.0, Max: 0, Diff: 0, Sum: 0, Workers: 4
[229.485s][debug][gc,phases      ] GC(25)     Total                          Min: 0, Avg:  7.5, Max: 30, Diff: 30, Sum: 30, Workers: 4
[229.485s][debug][gc,phases      ] GC(25)   JVMTI Tag Weak OopStorage      Min:  0.0, Avg:  0.0, Max:  0.0, Diff:  0.0, Sum:  0.0, Workers: 4
[229.485s][debug][gc,phases      ] GC(25)     Dead                           Min: 0, Avg:  0.0, Max: 0, Diff: 0, Sum: 0, Workers: 4
[229.485s][debug][gc,phases      ] GC(25)     Total                          Min: 0, Avg:  0.0, Max: 0, Diff: 0, Sum: 0, Workers: 4
[229.485s][debug][gc,phases      ] GC(25)   StringTable Weak               Min:  0.0, Avg:  0.1, Max:  0.1, Diff:  0.1, Sum:  0.4, Workers: 4
[229.485s][debug][gc,phases      ] GC(25)     Dead                           Min: 0, Avg:  0.5, Max: 2, Diff: 2, Sum: 2, Workers: 4
[229.485s][debug][gc,phases      ] GC(25)     Total                          Min: 0, Avg: 10681.2, Max: 18624, Diff: 18624, Sum: 42725, Workers: 4
[229.485s][debug][gc,phases      ] GC(25)   ResolvedMethodTable Weak       Min:  0.0, Avg:  0.0, Max:  0.0, Diff:  0.0, Sum:  0.1, Workers: 4
[229.485s][debug][gc,phases      ] GC(25)     Dead                           Min: 0, Avg:  4.2, Max: 17, Diff: 17, Sum: 17, Workers: 4
[229.485s][debug][gc,phases      ] GC(25)     Total                          Min: 0, Avg: 2114.2, Max: 3712, Diff: 3712, Sum: 8457, Workers: 4
[229.485s][debug][gc,phases      ] GC(25)   JNI Weak                       Min:  0.0, Avg:  0.0, Max:  0.0, Diff:  0.0, Sum:  0.0, Workers: 4
[229.485s][debug][gc,phases      ] GC(25)     Dead                           Min: 0, Avg:  0.0, Max: 0, Diff: 0, Sum: 0, Workers: 4
[229.485s][debug][gc,phases      ] GC(25)     Total                          Min: 0, Avg: 11.2, Max: 45, Diff: 45, Sum: 45, Workers: 4
[229.485s][debug][gc,phases      ] GC(25)   StringDedup Table Weak         Min:  0.0, Avg:  0.0, Max:  0.0, Diff:  0.0, Sum:  0.0, Workers: 4
[229.485s][debug][gc,phases      ] GC(25)     Dead                           Min: 0, Avg:  0.0, Max: 0, Diff: 0, Sum: 0, Workers: 4
[229.485s][debug][gc,phases      ] GC(25)     Total                          Min: 0, Avg:  0.0, Max: 0, Diff: 0, Sum: 0, Workers: 4
[229.485s][debug][gc,phases      ] GC(25)   StringDedup Requests0 Weak     Min:  0.0, Avg:  0.0, Max:  0.0, Diff:  0.0, Sum:  0.0, Workers: 4
[229.485s][debug][gc,phases      ] GC(25)     Dead                           Min: 0, Avg:  0.0, Max: 0, Diff: 0, Sum: 0, Workers: 4
[229.485s][debug][gc,phases      ] GC(25)     Total                          Min: 0, Avg:  0.0, Max: 0, Diff: 0, Sum: 0, Workers: 4
[229.485s][debug][gc,phases      ] GC(25)   StringDedup Requests1 Weak     Min:  0.0, Avg:  0.0, Max:  0.0, Diff:  0.0, Sum:  0.0, Workers: 4
[229.485s][debug][gc,phases      ] GC(25)     Dead                           Min: 0, Avg:  0.0, Max: 0, Diff: 0, Sum: 0, Workers: 4
[229.485s][debug][gc,phases      ] GC(25)     Total                          Min: 0, Avg:  0.0, Max: 0, Diff: 0, Sum: 0, Workers: 4
[229.485s][debug][gc,phases      ] GC(25)   Weak JFR Old Object Samples    Min:  0.0, Avg:  0.0, Max:  0.0, Diff:  0.0, Sum:  0.0, Workers: 4
[229.485s][debug][gc,phases      ] GC(25)     Dead                           Min: 0, Avg:  0.0, Max: 0, Diff: 0, Sum: 0, Workers: 4
[229.485s][debug][gc,phases      ] GC(25)     Total                          Min: 0, Avg:  0.0, Max: 0, Diff: 0, Sum: 0, Workers: 4
[229.485s][debug][gc,phases      ] GC(25) Weak Processing 0.321ms
[229.485s][debug][gc,age         ] GC(25) Desired survivor size 476053504 bytes, new threshold 5 (max threshold 15)
[229.485s][info ][gc,heap        ] GC(25) PSYoungGen: 1108736K(1603584K)->87818K(1589248K) Eden: 1095680K(1095680K)->0K(1095680K) From: 13056K(507904K)->87818K(493568K)
[229.485s][info ][gc,heap        ] GC(25) ParOldGen: 445320K(628736K)->445328K(628736K)
[229.485s][info ][gc,metaspace   ] GC(25) Metaspace: 78439K(79360K)->78439K(79360K) NonClass: 67182K(67648K)->67182K(67648K) Class: 11257K(11712K)->11257K(11712K)
[229.486s][info ][gc             ] GC(25) Pause Young (Allocation Failure) 1517M->520M(2166M) 31.427ms
[229.486s][info ][gc,cpu         ] GC(25) User=0.11s Sys=0.00s Real=0.03s
[229.486s][info ][safepoint      ] Safepoint "ParallelGCFailedAllocation", Time since last: 232829360 ns, Reaching safepoint: 144602 ns, At safepoint: 31497700 ns, Total: 31642302 ns
[230.486s][info ][safepoint      ] Safepoint "Cleanup", Time since last: 1000082412 ns, Reaching safepoint: 91901 ns, At safepoint: 5400 ns, Total: 97301 ns
[231.486s][info ][safepoint      ] Safepoint "Cleanup", Time since last: 1000107912 ns, Reaching safepoint: 40701 ns, At safepoint: 2800 ns, Total: 43501 ns
[232.486s][info ][safepoint      ] Safepoint "Cleanup", Time since last: 1000104712 ns, Reaching safepoint: 122102 ns, At safepoint: 4500 ns, Total: 126602 ns
[233.486s][info ][safepoint      ] Safepoint "Cleanup", Time since last: 1000101312 ns, Reaching safepoint: 78801 ns, At safepoint: 5900 ns, Total: 84701 ns
[234.487s][info ][safepoint      ] Safepoint "Cleanup", Time since last: 1000115512 ns, Reaching safepoint: 153102 ns, At safepoint: 9900 ns, Total: 163002 ns
[235.487s][info ][safepoint      ] Safepoint "Cleanup", Time since last: 1000106126 ns, Reaching safepoint: 53401 ns, At safepoint: 2000 ns, Total: 55401 ns
[236.487s][info ][safepoint      ] Safepoint "Cleanup", Time since last: 1000094016 ns, Reaching safepoint: 60501 ns, At safepoint: 4500 ns, Total: 65001 ns
[237.487s][info ][safepoint      ] Safepoint "Cleanup", Time since last: 1000106917 ns, Reaching safepoint: 37100 ns, At safepoint: 2700 ns, Total: 39800 ns
[239.487s][info ][safepoint      ] Safepoint "Cleanup", Time since last: 2000167533 ns, Reaching safepoint: 38201 ns, At safepoint: 5100 ns, Total: 43301 ns
[240.487s][info ][safepoint      ] Safepoint "Cleanup", Time since last: 1000103616 ns, Reaching safepoint: 38501 ns, At safepoint: 2500 ns, Total: 41001 ns
[241.488s][info ][safepoint      ] Safepoint "Cleanup", Time since last: 1000095817 ns, Reaching safepoint: 47600 ns, At safepoint: 7100 ns, Total: 54700 ns
[242.488s][info ][safepoint      ] Safepoint "Cleanup", Time since last: 1000059016 ns, Reaching safepoint: 43101 ns, At safepoint: 2900 ns, Total: 46001 ns
[243.488s][info ][safepoint      ] Safepoint "Cleanup", Time since last: 1000100352 ns, Reaching safepoint: 72701 ns, At safepoint: 3000 ns, Total: 75701 ns
[244.518s][info ][safepoint      ] Safepoint "Cleanup", Time since last: 1030248625 ns, Reaching safepoint: 152002 ns, At safepoint: 5400 ns, Total: 157402 ns
[245.518s][info ][safepoint      ] Safepoint "Cleanup", Time since last: 1000130345 ns, Reaching safepoint: 136102 ns, At safepoint: 7600 ns, Total: 143702 ns
[246.519s][info ][safepoint      ] Safepoint "Cleanup", Time since last: 1000103345 ns, Reaching safepoint: 55100 ns, At safepoint: 5000 ns, Total: 60100 ns
[247.519s][info ][safepoint      ] Safepoint "Cleanup", Time since last: 1000117245 ns, Reaching safepoint: 111202 ns, At safepoint: 5100 ns, Total: 116302 ns
[248.519s][info ][safepoint      ] Safepoint "Cleanup", Time since last: 1000117644 ns, Reaching safepoint: 107602 ns, At safepoint: 6100 ns, Total: 113702 ns
[249.519s][info ][safepoint      ] Safepoint "Cleanup", Time since last: 1000097544 ns, Reaching safepoint: 60501 ns, At safepoint: 4500 ns, Total: 65001 ns
[250.520s][info ][safepoint      ] Safepoint "Cleanup", Time since last: 1000110745 ns, Reaching safepoint: 135002 ns, At safepoint: 7200 ns, Total: 142202 ns
[251.520s][info ][safepoint      ] Safepoint "Cleanup", Time since last: 1000107762 ns, Reaching safepoint: 42300 ns, At safepoint: 1900 ns, Total: 44200 ns
[252.520s][info ][safepoint      ] Safepoint "Cleanup", Time since last: 1000096228 ns, Reaching safepoint: 44501 ns, At safepoint: 2400 ns, Total: 46901 ns
[253.520s][info ][safepoint      ] Safepoint "Cleanup", Time since last: 1000108128 ns, Reaching safepoint: 116602 ns, At safepoint: 5800 ns, Total: 122402 ns
[254.868s][info ][gc,start       ] GC(26) Pause Young (Allocation Failure)
[254.884s][debug][gc,phases      ] GC(26) Scavenge 16.257ms
[254.884s][debug][gc,ref         ] GC(26) Skipped phase 1 of Reference Processing: no references
[254.884s][debug][gc,ref         ] GC(26) ReferenceProcessor::execute queues: 1, RefProcThreadModel::Single, marks_oops_alive: false
[254.884s][debug][gc,ref         ] GC(26) Skipped phase 3 of Reference Processing: no references
[254.884s][debug][gc,ref         ] GC(26) ReferenceProcessor::execute queues: 1, RefProcThreadModel::Single, marks_oops_alive: false
[254.884s][debug][gc,phases      ] GC(26) Reference Processing 0.111ms
[254.884s][debug][gc,phases      ] GC(26)   VM Weak                        Min:  0.0, Avg:  0.0, Max:  0.0, Diff:  0.0, Sum:  0.0, Workers: 4
[254.884s][debug][gc,phases      ] GC(26)     Dead                           Min: 0, Avg:  0.0, Max: 0, Diff: 0, Sum: 0, Workers: 4
[254.884s][debug][gc,phases      ] GC(26)     Total                          Min: 0, Avg: 185.2, Max: 741, Diff: 741, Sum: 741, Workers: 4
[254.884s][debug][gc,phases      ] GC(26)   ObjectSynchronizer Weak        Min:  0.0, Avg:  0.0, Max:  0.0, Diff:  0.0, Sum:  0.0, Workers: 4
[254.884s][debug][gc,phases      ] GC(26)     Dead                           Min: 0, Avg:  0.0, Max: 0, Diff: 0, Sum: 0, Workers: 4
[254.884s][debug][gc,phases      ] GC(26)     Total                          Min: 0, Avg:  7.5, Max: 30, Diff: 30, Sum: 30, Workers: 4
[254.884s][debug][gc,phases      ] GC(26)   JVMTI Tag Weak OopStorage      Min:  0.0, Avg:  0.0, Max:  0.0, Diff:  0.0, Sum:  0.0, Workers: 4
[254.884s][debug][gc,phases      ] GC(26)     Dead                           Min: 0, Avg:  0.0, Max: 0, Diff: 0, Sum: 0, Workers: 4
[254.884s][debug][gc,phases      ] GC(26)     Total                          Min: 0, Avg:  0.0, Max: 0, Diff: 0, Sum: 0, Workers: 4
[254.884s][debug][gc,phases      ] GC(26)   StringTable Weak               Min:  0.0, Avg:  0.1, Max:  0.1, Diff:  0.1, Sum:  0.4, Workers: 4
[254.884s][debug][gc,phases      ] GC(26)     Dead                           Min: 0, Avg:  0.5, Max: 2, Diff: 2, Sum: 2, Workers: 4
[254.884s][debug][gc,phases      ] GC(26)     Total                          Min: 0, Avg: 10688.0, Max: 19392, Diff: 19392, Sum: 42752, Workers: 4
[254.884s][debug][gc,phases      ] GC(26)   ResolvedMethodTable Weak       Min:  0.0, Avg:  0.0, Max:  0.0, Diff:  0.0, Sum:  0.1, Workers: 4
[254.884s][debug][gc,phases      ] GC(26)     Dead                           Min: 0, Avg:  0.0, Max: 0, Diff: 0, Sum: 0, Workers: 4
[254.884s][debug][gc,phases      ] GC(26)     Total                          Min: 448, Avg: 2122.5, Max: 2858, Diff: 2410, Sum: 8490, Workers: 4
[254.884s][debug][gc,phases      ] GC(26)   JNI Weak                       Min:  0.0, Avg:  0.0, Max:  0.0, Diff:  0.0, Sum:  0.0, Workers: 4
[254.884s][debug][gc,phases      ] GC(26)     Dead                           Min: 0, Avg:  0.0, Max: 0, Diff: 0, Sum: 0, Workers: 4
[254.884s][debug][gc,phases      ] GC(26)     Total                          Min: 0, Avg: 11.2, Max: 45, Diff: 45, Sum: 45, Workers: 4
[254.884s][debug][gc,phases      ] GC(26)   StringDedup Table Weak         Min:  0.0, Avg:  0.0, Max:  0.0, Diff:  0.0, Sum:  0.0, Workers: 4
[254.884s][debug][gc,phases      ] GC(26)     Dead                           Min: 0, Avg:  0.0, Max: 0, Diff: 0, Sum: 0, Workers: 4
[254.884s][debug][gc,phases      ] GC(26)     Total                          Min: 0, Avg:  0.0, Max: 0, Diff: 0, Sum: 0, Workers: 4
[254.884s][debug][gc,phases      ] GC(26)   StringDedup Requests0 Weak     Min:  0.0, Avg:  0.0, Max:  0.0, Diff:  0.0, Sum:  0.0, Workers: 4
[254.884s][debug][gc,phases      ] GC(26)     Dead                           Min: 0, Avg:  0.0, Max: 0, Diff: 0, Sum: 0, Workers: 4
[254.884s][debug][gc,phases      ] GC(26)     Total                          Min: 0, Avg:  0.0, Max: 0, Diff: 0, Sum: 0, Workers: 4
[254.884s][debug][gc,phases      ] GC(26)   StringDedup Requests1 Weak     Min:  0.0, Avg:  0.0, Max:  0.0, Diff:  0.0, Sum:  0.0, Workers: 4
[254.884s][debug][gc,phases      ] GC(26)     Dead                           Min: 0, Avg:  0.0, Max: 0, Diff: 0, Sum: 0, Workers: 4
[254.884s][debug][gc,phases      ] GC(26)     Total                          Min: 0, Avg:  0.0, Max: 0, Diff: 0, Sum: 0, Workers: 4
[254.884s][debug][gc,phases      ] GC(26)   Weak JFR Old Object Samples    Min:  0.0, Avg:  0.0, Max:  0.0, Diff:  0.0, Sum:  0.0, Workers: 4
[254.884s][debug][gc,phases      ] GC(26)     Dead                           Min: 0, Avg:  0.0, Max: 0, Diff: 0, Sum: 0, Workers: 4
[254.884s][debug][gc,phases      ] GC(26)     Total                          Min: 0, Avg:  0.0, Max: 0, Diff: 0, Sum: 0, Workers: 4
[254.884s][debug][gc,phases      ] GC(26) Weak Processing 0.346ms
[254.884s][debug][gc,age         ] GC(26) Desired survivor size 453509120 bytes, new threshold 6 (max threshold 15)
[254.884s][info ][gc,heap        ] GC(26) PSYoungGen: 1183498K(1589248K)->56810K(1654272K) Eden: 1095680K(1095680K)->0K(1189376K) From: 87818K(493568K)->56810K(464896K)
[254.884s][info ][gc,heap        ] GC(26) ParOldGen: 445328K(628736K)->445336K(628736K)
[254.884s][info ][gc,metaspace   ] GC(26) Metaspace: 78612K(79552K)->78612K(79552K) NonClass: 67342K(67840K)->67342K(67840K) Class: 11269K(11712K)->11269K(11712K)
[254.884s][info ][gc             ] GC(26) Pause Young (Allocation Failure) 1590M->490M(2229M) 16.836ms
[254.885s][info ][gc,cpu         ] GC(26) User=0.05s Sys=0.00s Real=0.01s
[254.885s][info ][safepoint      ] Safepoint "ParallelGCFailedAllocation", Time since last: 1347519841 ns, Reaching safepoint: 35301 ns, At safepoint: 16902805 ns, Total: 16938106 ns
[255.885s][info ][safepoint      ] Safepoint "Cleanup", Time since last: 1000075728 ns, Reaching safepoint: 49500 ns, At safepoint: 4000 ns, Total: 53500 ns
[256.885s][info ][safepoint      ] Safepoint "Cleanup", Time since last: 1000102829 ns, Reaching safepoint: 46400 ns, At safepoint: 2400 ns, Total: 48800 ns
[257.885s][info ][safepoint      ] Safepoint "Cleanup", Time since last: 1000103729 ns, Reaching safepoint: 105201 ns, At safepoint: 8800 ns, Total: 114001 ns
[258.901s][info ][safepoint      ] Safepoint "Cleanup", Time since last: 1015831154 ns, Reaching safepoint: 61901 ns, At safepoint: 2300 ns, Total: 64201 ns
[259.901s][info ][safepoint      ] Safepoint "Cleanup", Time since last: 1000129234 ns, Reaching safepoint: 50901 ns, At safepoint: 2700 ns, Total: 53601 ns
[260.901s][info ][safepoint      ] Safepoint "Cleanup", Time since last: 1000119634 ns, Reaching safepoint: 58300 ns, At safepoint: 5000 ns, Total: 63300 ns
[261.901s][info ][safepoint      ] Safepoint "Cleanup", Time since last: 1000127234 ns, Reaching safepoint: 50201 ns, At safepoint: 3700 ns, Total: 53901 ns
[262.902s][info ][safepoint      ] Safepoint "Cleanup", Time since last: 1000107434 ns, Reaching safepoint: 48800 ns, At safepoint: 2900 ns, Total: 51700 ns
[264.902s][info ][safepoint      ] Safepoint "Cleanup", Time since last: 2000187567 ns, Reaching safepoint: 52301 ns, At safepoint: 4700 ns, Total: 57001 ns
[265.902s][info ][safepoint      ] Safepoint "Cleanup", Time since last: 1000115834 ns, Reaching safepoint: 43100 ns, At safepoint: 2600 ns, Total: 45700 ns
[266.902s][info ][safepoint      ] Safepoint "Cleanup", Time since last: 1000126450 ns, Reaching safepoint: 53701 ns, At safepoint: 3200 ns, Total: 56901 ns
[267.902s][info ][safepoint      ] Safepoint "Cleanup", Time since last: 1000104439 ns, Reaching safepoint: 34300 ns, At safepoint: 2600 ns, Total: 36900 ns
[268.903s][info ][safepoint      ] Safepoint "Cleanup", Time since last: 1000103340 ns, Reaching safepoint: 45900 ns, At safepoint: 4600 ns, Total: 50500 ns
[269.903s][info ][safepoint      ] Safepoint "Cleanup", Time since last: 1000104427 ns, Reaching safepoint: 41601 ns, At safepoint: 2600 ns, Total: 44201 ns
[270.903s][info ][safepoint      ] Safepoint "Cleanup", Time since last: 1000124503 ns, Reaching safepoint: 49601 ns, At safepoint: 2500 ns, Total: 52101 ns
[271.903s][info ][safepoint      ] Safepoint "Cleanup", Time since last: 1000104703 ns, Reaching safepoint: 79701 ns, At safepoint: 5900 ns, Total: 85601 ns
[272.903s][info ][safepoint      ] Safepoint "Cleanup", Time since last: 1000112803 ns, Reaching safepoint: 46901 ns, At safepoint: 4100 ns, Total: 51001 ns
[273.903s][info ][safepoint      ] Safepoint "Cleanup", Time since last: 1000104703 ns, Reaching safepoint: 47601 ns, At safepoint: 4200 ns, Total: 51801 ns
[274.904s][info ][safepoint      ] Safepoint "Cleanup", Time since last: 1000115140 ns, Reaching safepoint: 49701 ns, At safepoint: 2100 ns, Total: 51801 ns
[276.904s][info ][safepoint      ] Safepoint "Cleanup", Time since last: 2000166013 ns, Reaching safepoint: 37700 ns, At safepoint: 4301 ns, Total: 42001 ns
[278.904s][info ][safepoint      ] Safepoint "Cleanup", Time since last: 2000182613 ns, Reaching safepoint: 52001 ns, At safepoint: 4800 ns, Total: 56801 ns
[279.904s][info ][safepoint      ] Safepoint "Cleanup", Time since last: 1000110807 ns, Reaching safepoint: 39900 ns, At safepoint: 3400 ns, Total: 43300 ns
[280.904s][info ][safepoint      ] Safepoint "Cleanup", Time since last: 1000110007 ns, Reaching safepoint: 44001 ns, At safepoint: 7000 ns, Total: 51001 ns
[281.904s][info ][safepoint      ] Safepoint "Cleanup", Time since last: 1000103206 ns, Reaching safepoint: 50401 ns, At safepoint: 2600 ns, Total: 53001 ns
[283.905s][info ][safepoint      ] Safepoint "Cleanup", Time since last: 2000129956 ns, Reaching safepoint: 66401 ns, At safepoint: 2600 ns, Total: 69001 ns
[284.905s][info ][safepoint      ] Safepoint "Cleanup", Time since last: 1000122837 ns, Reaching safepoint: 40801 ns, At safepoint: 2800 ns, Total: 43601 ns
[286.905s][info ][safepoint      ] Safepoint "Cleanup", Time since last: 2000154974 ns, Reaching safepoint: 64100 ns, At safepoint: 2600 ns, Total: 66700 ns
[287.132s][info ][gc,start       ] GC(27) Pause Young (Allocation Failure)
[287.146s][debug][gc,phases      ] GC(27) Scavenge 14.601ms
[287.147s][debug][gc,ref         ] GC(27) Skipped phase 1 of Reference Processing: no references
[287.147s][debug][gc,ref         ] GC(27) ReferenceProcessor::execute queues: 1, RefProcThreadModel::Single, marks_oops_alive: false
[287.147s][debug][gc,ref         ] GC(27) Skipped phase 3 of Reference Processing: no references
[287.147s][debug][gc,ref         ] GC(27) ReferenceProcessor::execute queues: 1, RefProcThreadModel::Single, marks_oops_alive: false
[287.147s][debug][gc,phases      ] GC(27) Reference Processing 0.132ms
[287.147s][debug][gc,phases      ] GC(27)   VM Weak                        Min:  0.0, Avg:  0.0, Max:  0.0, Diff:  0.0, Sum:  0.0, Workers: 4
[287.147s][debug][gc,phases      ] GC(27)     Dead                           Min: 0, Avg:  0.0, Max: 0, Diff: 0, Sum: 0, Workers: 4
[287.147s][debug][gc,phases      ] GC(27)     Total                          Min: 0, Avg: 186.0, Max: 512, Diff: 512, Sum: 744, Workers: 4
[287.147s][debug][gc,phases      ] GC(27)   ObjectSynchronizer Weak        Min:  0.0, Avg:  0.0, Max:  0.0, Diff:  0.0, Sum:  0.0, Workers: 4
[287.147s][debug][gc,phases      ] GC(27)     Dead                           Min: 0, Avg:  0.0, Max: 0, Diff: 0, Sum: 0, Workers: 4
[287.147s][debug][gc,phases      ] GC(27)     Total                          Min: 0, Avg:  7.5, Max: 30, Diff: 30, Sum: 30, Workers: 4
[287.147s][debug][gc,phases      ] GC(27)   JVMTI Tag Weak OopStorage      Min:  0.0, Avg:  0.0, Max:  0.0, Diff:  0.0, Sum:  0.0, Workers: 4
[287.147s][debug][gc,phases      ] GC(27)     Dead                           Min: 0, Avg:  0.0, Max: 0, Diff: 0, Sum: 0, Workers: 4
[287.147s][debug][gc,phases      ] GC(27)     Total                          Min: 0, Avg:  0.0, Max: 0, Diff: 0, Sum: 0, Workers: 4
[287.147s][debug][gc,phases      ] GC(27)   StringTable Weak               Min:  0.0, Avg:  0.1, Max:  0.1, Diff:  0.1, Sum:  0.4, Workers: 4
[287.147s][debug][gc,phases      ] GC(27)     Dead                           Min: 0, Avg:  0.5, Max: 2, Diff: 2, Sum: 2, Workers: 4
[287.147s][debug][gc,phases      ] GC(27)     Total                          Min: 0, Avg: 10692.8, Max: 17877, Diff: 17877, Sum: 42771, Workers: 4
[287.147s][debug][gc,phases      ] GC(27)   ResolvedMethodTable Weak       Min:  0.0, Avg:  0.0, Max:  0.0, Diff:  0.0, Sum:  0.1, Workers: 4
[287.147s][debug][gc,phases      ] GC(27)     Dead                           Min: 0, Avg:  0.0, Max: 0, Diff: 0, Sum: 0, Workers: 4
[287.147s][debug][gc,phases      ] GC(27)     Total                          Min: 0, Avg: 2128.5, Max: 3520, Diff: 3520, Sum: 8514, Workers: 4
[287.147s][debug][gc,phases      ] GC(27)   JNI Weak                       Min:  0.0, Avg:  0.0, Max:  0.0, Diff:  0.0, Sum:  0.0, Workers: 4
[287.147s][debug][gc,phases      ] GC(27)     Dead                           Min: 0, Avg:  0.0, Max: 0, Diff: 0, Sum: 0, Workers: 4
[287.147s][debug][gc,phases      ] GC(27)     Total                          Min: 0, Avg: 11.2, Max: 45, Diff: 45, Sum: 45, Workers: 4
[287.147s][debug][gc,phases      ] GC(27)   StringDedup Table Weak         Min:  0.0, Avg:  0.0, Max:  0.0, Diff:  0.0, Sum:  0.0, Workers: 4
[287.147s][debug][gc,phases      ] GC(27)     Dead                           Min: 0, Avg:  0.0, Max: 0, Diff: 0, Sum: 0, Workers: 4
[287.147s][debug][gc,phases      ] GC(27)     Total                          Min: 0, Avg:  0.0, Max: 0, Diff: 0, Sum: 0, Workers: 4
[287.147s][debug][gc,phases      ] GC(27)   StringDedup Requests0 Weak     Min:  0.0, Avg:  0.0, Max:  0.0, Diff:  0.0, Sum:  0.0, Workers: 4
[287.147s][debug][gc,phases      ] GC(27)     Dead                           Min: 0, Avg:  0.0, Max: 0, Diff: 0, Sum: 0, Workers: 4
[287.147s][debug][gc,phases      ] GC(27)     Total                          Min: 0, Avg:  0.0, Max: 0, Diff: 0, Sum: 0, Workers: 4
[287.147s][debug][gc,phases      ] GC(27)   StringDedup Requests1 Weak     Min:  0.0, Avg:  0.0, Max:  0.0, Diff:  0.0, Sum:  0.0, Workers: 4
[287.147s][debug][gc,phases      ] GC(27)     Dead                           Min: 0, Avg:  0.0, Max: 0, Diff: 0, Sum: 0, Workers: 4
[287.147s][debug][gc,phases      ] GC(27)     Total                          Min: 0, Avg:  0.0, Max: 0, Diff: 0, Sum: 0, Workers: 4
[287.147s][debug][gc,phases      ] GC(27)   Weak JFR Old Object Samples    Min:  0.0, Avg:  0.0, Max:  0.0, Diff:  0.0, Sum:  0.0, Workers: 4
[287.147s][debug][gc,phases      ] GC(27)     Dead                           Min: 0, Avg:  0.0, Max: 0, Diff: 0, Sum: 0, Workers: 4
[287.147s][debug][gc,phases      ] GC(27)     Total                          Min: 0, Avg:  0.0, Max: 0, Diff: 0, Sum: 0, Workers: 4
[287.147s][debug][gc,phases      ] GC(27) Weak Processing 0.341ms
[287.147s][debug][gc,age         ] GC(27) Desired survivor size 431489024 bytes, new threshold 7 (max threshold 15)
[287.147s][info ][gc,heap        ] GC(27) PSYoungGen: 1246186K(1654272K)->57482K(1632256K) Eden: 1189376K(1189376K)->0K(1189376K) From: 56810K(464896K)->57482K(442880K)
[287.147s][info ][gc,heap        ] GC(27) ParOldGen: 445336K(628736K)->445344K(628736K)
[287.147s][info ][gc,metaspace   ] GC(27) Metaspace: 78696K(79616K)->78696K(79616K) NonClass: 67417K(67904K)->67417K(67904K) Class: 11278K(11712K)->11278K(11712K)
[287.147s][info ][gc             ] GC(27) Pause Young (Allocation Failure) 1651M->491M(2208M) 15.227ms
[287.147s][info ][gc,cpu         ] GC(27) User=0.05s Sys=0.00s Real=0.02s
[287.147s][info ][safepoint      ] Safepoint "ParallelGCFailedAllocation", Time since last: 226758030 ns, Reaching safepoint: 24300 ns, At safepoint: 15297584 ns, Total: 15321884 ns
[289.147s][info ][safepoint      ] Safepoint "Cleanup", Time since last: 2000126473 ns, Reaching safepoint: 41601 ns, At safepoint: 3300 ns, Total: 44901 ns
[290.147s][info ][safepoint      ] Safepoint "Cleanup", Time since last: 1000108537 ns, Reaching safepoint: 44001 ns, At safepoint: 2400 ns, Total: 46401 ns
[291.148s][info ][safepoint      ] Safepoint "Cleanup", Time since last: 1000102232 ns, Reaching safepoint: 126702 ns, At safepoint: 4600 ns, Total: 131302 ns
[292.148s][info ][safepoint      ] Safepoint "Cleanup", Time since last: 1000107138 ns, Reaching safepoint: 48400 ns, At safepoint: 3100 ns, Total: 51500 ns
[293.920s][info ][safepoint      ] Safepoint "Cleanup", Time since last: 1772187942 ns, Reaching safepoint: 127001 ns, At safepoint: 9701 ns, Total: 136702 ns
[294.920s][info ][safepoint      ] Safepoint "Cleanup", Time since last: 1000095038 ns, Reaching safepoint: 47600 ns, At safepoint: 7000 ns, Total: 54600 ns
[295.920s][info ][safepoint      ] Safepoint "Cleanup", Time since last: 1000114941 ns, Reaching safepoint: 46401 ns, At safepoint: 3900 ns, Total: 50301 ns
[296.921s][info ][safepoint      ] Safepoint "Cleanup", Time since last: 1000117657 ns, Reaching safepoint: 49601 ns, At safepoint: 2600 ns, Total: 52201 ns
[299.921s][info ][safepoint      ] Safepoint "Cleanup", Time since last: 3000248789 ns, Reaching safepoint: 47700 ns, At safepoint: 5500 ns, Total: 53200 ns
[300.921s][info ][safepoint      ] Safepoint "Cleanup", Time since last: 1000101374 ns, Reaching safepoint: 40901 ns, At safepoint: 2500 ns, Total: 43401 ns
[302.819s][info ][safepoint      ] Safepoint "Cleanup", Time since last: 1898193505 ns, Reaching safepoint: 79301 ns, At safepoint: 5700 ns, Total: 85001 ns
[304.615s][info ][gc,start       ] GC(28) Pause Young (Allocation Failure)
[304.641s][debug][gc,phases      ] GC(28) Scavenge 25.924ms
[304.641s][debug][gc,ref         ] GC(28) Skipped phase 1 of Reference Processing: no references
[304.641s][debug][gc,ref         ] GC(28) ReferenceProcessor::execute queues: 1, RefProcThreadModel::Single, marks_oops_alive: false
[304.641s][debug][gc,ref         ] GC(28) Skipped phase 3 of Reference Processing: no references
[304.641s][debug][gc,ref         ] GC(28) ReferenceProcessor::execute queues: 1, RefProcThreadModel::Single, marks_oops_alive: false
[304.641s][debug][gc,phases      ] GC(28) Reference Processing 0.128ms
[304.641s][debug][gc,phases      ] GC(28)   VM Weak                        Min:  0.0, Avg:  0.0, Max:  0.0, Diff:  0.0, Sum:  0.0, Workers: 4
[304.641s][debug][gc,phases      ] GC(28)     Dead                           Min: 0, Avg:  0.0, Max: 0, Diff: 0, Sum: 0, Workers: 4
[304.641s][debug][gc,phases      ] GC(28)     Total                          Min: 0, Avg: 186.0, Max: 704, Diff: 704, Sum: 744, Workers: 4
[304.641s][debug][gc,phases      ] GC(28)   ObjectSynchronizer Weak        Min:  0.0, Avg:  0.0, Max:  0.0, Diff:  0.0, Sum:  0.0, Workers: 4
[304.641s][debug][gc,phases      ] GC(28)     Dead                           Min: 0, Avg:  0.0, Max: 0, Diff: 0, Sum: 0, Workers: 4
[304.641s][debug][gc,phases      ] GC(28)     Total                          Min: 0, Avg:  7.5, Max: 30, Diff: 30, Sum: 30, Workers: 4
[304.641s][debug][gc,phases      ] GC(28)   JVMTI Tag Weak OopStorage      Min:  0.0, Avg:  0.0, Max:  0.0, Diff:  0.0, Sum:  0.0, Workers: 4
[304.641s][debug][gc,phases      ] GC(28)     Dead                           Min: 0, Avg:  0.0, Max: 0, Diff: 0, Sum: 0, Workers: 4
[304.641s][debug][gc,phases      ] GC(28)     Total                          Min: 0, Avg:  0.0, Max: 0, Diff: 0, Sum: 0, Workers: 4
[304.641s][debug][gc,phases      ] GC(28)   StringTable Weak               Min:  0.0, Avg:  0.1, Max:  0.1, Diff:  0.1, Sum:  0.4, Workers: 4
[304.641s][debug][gc,phases      ] GC(28)     Dead                           Min: 0, Avg:  0.0, Max: 0, Diff: 0, Sum: 0, Workers: 4
[304.641s][debug][gc,phases      ] GC(28)     Total                          Min: 0, Avg: 10693.8, Max: 16216, Diff: 16216, Sum: 42775, Workers: 4
[304.641s][debug][gc,phases      ] GC(28)   ResolvedMethodTable Weak       Min:  0.0, Avg:  0.0, Max:  0.0, Diff:  0.0, Sum:  0.1, Workers: 4
[304.641s][debug][gc,phases      ] GC(28)     Dead                           Min: 0, Avg:  0.0, Max: 0, Diff: 0, Sum: 0, Workers: 4
[304.641s][debug][gc,phases      ] GC(28)     Total                          Min: 0, Avg: 2128.5, Max: 3520, Diff: 3520, Sum: 8514, Workers: 4
[304.641s][debug][gc,phases      ] GC(28)   JNI Weak                       Min:  0.0, Avg:  0.0, Max:  0.0, Diff:  0.0, Sum:  0.0, Workers: 4
[304.641s][debug][gc,phases      ] GC(28)     Dead                           Min: 0, Avg:  0.0, Max: 0, Diff: 0, Sum: 0, Workers: 4
[304.641s][debug][gc,phases      ] GC(28)     Total                          Min: 0, Avg: 11.2, Max: 45, Diff: 45, Sum: 45, Workers: 4
[304.641s][debug][gc,phases      ] GC(28)   StringDedup Table Weak         Min:  0.0, Avg:  0.0, Max:  0.0, Diff:  0.0, Sum:  0.0, Workers: 4
[304.641s][debug][gc,phases      ] GC(28)     Dead                           Min: 0, Avg:  0.0, Max: 0, Diff: 0, Sum: 0, Workers: 4
[304.641s][debug][gc,phases      ] GC(28)     Total                          Min: 0, Avg:  0.0, Max: 0, Diff: 0, Sum: 0, Workers: 4
[304.641s][debug][gc,phases      ] GC(28)   StringDedup Requests0 Weak     Min:  0.0, Avg:  0.0, Max:  0.0, Diff:  0.0, Sum:  0.0, Workers: 4
[304.641s][debug][gc,phases      ] GC(28)     Dead                           Min: 0, Avg:  0.0, Max: 0, Diff: 0, Sum: 0, Workers: 4
[304.641s][debug][gc,phases      ] GC(28)     Total                          Min: 0, Avg:  0.0, Max: 0, Diff: 0, Sum: 0, Workers: 4
[304.641s][debug][gc,phases      ] GC(28)   StringDedup Requests1 Weak     Min:  0.0, Avg:  0.0, Max:  0.0, Diff:  0.0, Sum:  0.0, Workers: 4
[304.641s][debug][gc,phases      ] GC(28)     Dead                           Min: 0, Avg:  0.0, Max: 0, Diff: 0, Sum: 0, Workers: 4
[304.641s][debug][gc,phases      ] GC(28)     Total                          Min: 0, Avg:  0.0, Max: 0, Diff: 0, Sum: 0, Workers: 4
[304.641s][debug][gc,phases      ] GC(28)   Weak JFR Old Object Samples    Min:  0.0, Avg:  0.0, Max:  0.0, Diff:  0.0, Sum:  0.0, Workers: 4
[304.641s][debug][gc,phases      ] GC(28)     Dead                           Min: 0, Avg:  0.0, Max: 0, Diff: 0, Sum: 0, Workers: 4
[304.641s][debug][gc,phases      ] GC(28)     Total                          Min: 0, Avg:  0.0, Max: 0, Diff: 0, Sum: 0, Workers: 4
[304.642s][debug][gc,phases      ] GC(28) Weak Processing 0.362ms
[304.642s][debug][gc,age         ] GC(28) Desired survivor size 402653184 bytes, new threshold 8 (max threshold 15)
[304.642s][info ][gc,heap        ] GC(28) PSYoungGen: 1246858K(1632256K)->97706K(1703936K) Eden: 1189376K(1189376K)->0K(1282560K) From: 57482K(442880K)->97706K(421376K)
[304.642s][info ][gc,heap        ] GC(28) ParOldGen: 445344K(628736K)->445352K(628736K)
[304.642s][info ][gc,metaspace   ] GC(28) Metaspace: 78769K(79680K)->78769K(79680K) NonClass: 67491K(67968K)->67491K(67968K) Class: 11278K(11712K)->11278K(11712K)
[304.642s][info ][gc             ] GC(28) Pause Young (Allocation Failure) 1652M->530M(2278M) 26.554ms
[304.642s][info ][gc,cpu         ] GC(28) User=0.09s Sys=0.00s Real=0.03s
[304.642s][info ][safepoint      ] Safepoint "ParallelGCFailedAllocation", Time since last: 1795486456 ns, Reaching safepoint: 107501 ns, At safepoint: 26640325 ns, Total: 26747826 ns
[305.642s][info ][safepoint      ] Safepoint "Cleanup", Time since last: 1000084773 ns, Reaching safepoint: 76801 ns, At safepoint: 6600 ns, Total: 83401 ns
[306.642s][info ][safepoint      ] Safepoint "Cleanup", Time since last: 1000106974 ns, Reaching safepoint: 46100 ns, At safepoint: 25901 ns, Total: 72001 ns
[309.642s][info ][safepoint      ] Safepoint "Cleanup", Time since last: 3000210378 ns, Reaching safepoint: 42301 ns, At safepoint: 2900 ns, Total: 45201 ns
[310.642s][info ][safepoint      ] Safepoint "Cleanup", Time since last: 1000103786 ns, Reaching safepoint: 65301 ns, At safepoint: 4700 ns, Total: 70001 ns
[311.643s][info ][safepoint      ] Safepoint "Cleanup", Time since last: 1000111087 ns, Reaching safepoint: 57700 ns, At safepoint: 2400 ns, Total: 60100 ns
[314.643s][info ][safepoint      ] Safepoint "Cleanup", Time since last: 3000226058 ns, Reaching safepoint: 59701 ns, At safepoint: 6100 ns, Total: 65801 ns
[315.643s][info ][safepoint      ] Safepoint "Cleanup", Time since last: 1000103539 ns, Reaching safepoint: 53501 ns, At safepoint: 2700 ns, Total: 56201 ns
[316.643s][info ][safepoint      ] Safepoint "Cleanup", Time since last: 1000102370 ns, Reaching safepoint: 44600 ns, At safepoint: 2200 ns, Total: 46800 ns
[317.710s][info ][safepoint      ] Safepoint "Cleanup", Time since last: 1066702247 ns, Reaching safepoint: 123401 ns, At safepoint: 5800 ns, Total: 129201 ns
[318.710s][info ][safepoint      ] Safepoint "Cleanup", Time since last: 1000132270 ns, Reaching safepoint: 48401 ns, At safepoint: 2300 ns, Total: 50701 ns
[320.710s][info ][safepoint      ] Safepoint "Cleanup", Time since last: 2000178439 ns, Reaching safepoint: 49500 ns, At safepoint: 2500 ns, Total: 52000 ns
[321.711s][info ][safepoint      ] Safepoint "Cleanup", Time since last: 1000113270 ns, Reaching safepoint: 62401 ns, At safepoint: 3200 ns, Total: 65601 ns
[322.711s][info ][safepoint      ] Safepoint "Cleanup", Time since last: 1000112070 ns, Reaching safepoint: 96101 ns, At safepoint: 4900 ns, Total: 101001 ns
[324.711s][info ][safepoint      ] Safepoint "Cleanup", Time since last: 2000191541 ns, Reaching safepoint: 61001 ns, At safepoint: 3100 ns, Total: 64101 ns
[327.714s][info ][safepoint      ] Safepoint "Cleanup", Time since last: 3002659900 ns, Reaching safepoint: 131401 ns, At safepoint: 6700 ns, Total: 138101 ns
[328.714s][info ][safepoint      ] Safepoint "Cleanup", Time since last: 1000113425 ns, Reaching safepoint: 175402 ns, At safepoint: 6400 ns, Total: 181802 ns
[329.715s][info ][safepoint      ] Safepoint "Cleanup", Time since last: 1000403428 ns, Reaching safepoint: 192602 ns, At safepoint: 5600 ns, Total: 198202 ns
[329.910s][info ][safepoint      ] Safepoint "ParallelGCFailedAllocation", Time since last: 195222388 ns, Reaching safepoint: 104302 ns, At safepoint: 10400 ns, Total: 114702 ns
[329.911s][info ][gc,start       ] GC(29) Pause Young (GCLocker Initiated GC)
[329.940s][debug][gc,phases      ] GC(29) Scavenge 28.767ms
[329.940s][debug][gc,ref         ] GC(29) Skipped phase 1 of Reference Processing: no references
[329.940s][debug][gc,ref         ] GC(29) ReferenceProcessor::execute queues: 1, RefProcThreadModel::Single, marks_oops_alive: false
[329.940s][debug][gc,ref         ] GC(29) Skipped phase 3 of Reference Processing: no references
[329.940s][debug][gc,ref         ] GC(29) ReferenceProcessor::execute queues: 1, RefProcThreadModel::Single, marks_oops_alive: false
[329.940s][debug][gc,phases      ] GC(29) Reference Processing 0.122ms
[329.940s][debug][gc,phases      ] GC(29)   VM Weak                        Min:  0.0, Avg:  0.0, Max:  0.0, Diff:  0.0, Sum:  0.0, Workers: 4
[329.940s][debug][gc,phases      ] GC(29)     Dead                           Min: 0, Avg:  0.0, Max: 0, Diff: 0, Sum: 0, Workers: 4
[329.940s][debug][gc,phases      ] GC(29)     Total                          Min: 0, Avg: 187.8, Max: 495, Diff: 495, Sum: 751, Workers: 4
[329.940s][debug][gc,phases      ] GC(29)   ObjectSynchronizer Weak        Min:  0.0, Avg:  0.0, Max:  0.0, Diff:  0.0, Sum:  0.0, Workers: 4
[329.940s][debug][gc,phases      ] GC(29)     Dead                           Min: 0, Avg:  0.0, Max: 0, Diff: 0, Sum: 0, Workers: 4
[329.940s][debug][gc,phases      ] GC(29)     Total                          Min: 0, Avg:  7.5, Max: 30, Diff: 30, Sum: 30, Workers: 4
[329.940s][debug][gc,phases      ] GC(29)   JVMTI Tag Weak OopStorage      Min:  0.0, Avg:  0.0, Max:  0.0, Diff:  0.0, Sum:  0.0, Workers: 4
[329.940s][debug][gc,phases      ] GC(29)     Dead                           Min: 0, Avg:  0.0, Max: 0, Diff: 0, Sum: 0, Workers: 4
[329.940s][debug][gc,phases      ] GC(29)     Total                          Min: 0, Avg:  0.0, Max: 0, Diff: 0, Sum: 0, Workers: 4
[329.940s][debug][gc,phases      ] GC(29)   StringTable Weak               Min:  0.0, Avg:  0.1, Max:  0.1, Diff:  0.1, Sum:  0.4, Workers: 4
[329.940s][debug][gc,phases      ] GC(29)     Dead                           Min: 0, Avg:  0.5, Max: 2, Diff: 2, Sum: 2, Workers: 4
[329.940s][debug][gc,phases      ] GC(29)     Total                          Min: 0, Avg: 10723.8, Max: 18383, Diff: 18383, Sum: 42895, Workers: 4
[329.940s][debug][gc,phases      ] GC(29)   ResolvedMethodTable Weak       Min:  0.0, Avg:  0.0, Max:  0.0, Diff:  0.0, Sum:  0.1, Workers: 4
[329.940s][debug][gc,phases      ] GC(29)     Dead                           Min: 0, Avg:  0.0, Max: 0, Diff: 0, Sum: 0, Workers: 4
[329.940s][debug][gc,phases      ] GC(29)     Total                          Min: 0, Avg: 2151.2, Max: 3485, Diff: 3485, Sum: 8605, Workers: 4
[329.940s][debug][gc,phases      ] GC(29)   JNI Weak                       Min:  0.0, Avg:  0.0, Max:  0.0, Diff:  0.0, Sum:  0.0, Workers: 4
[329.940s][debug][gc,phases      ] GC(29)     Dead                           Min: 0, Avg:  0.0, Max: 0, Diff: 0, Sum: 0, Workers: 4
[329.940s][debug][gc,phases      ] GC(29)     Total                          Min: 0, Avg: 11.2, Max: 45, Diff: 45, Sum: 45, Workers: 4
[329.940s][debug][gc,phases      ] GC(29)   StringDedup Table Weak         Min:  0.0, Avg:  0.0, Max:  0.0, Diff:  0.0, Sum:  0.0, Workers: 4
[329.940s][debug][gc,phases      ] GC(29)     Dead                           Min: 0, Avg:  0.0, Max: 0, Diff: 0, Sum: 0, Workers: 4
[329.940s][debug][gc,phases      ] GC(29)     Total                          Min: 0, Avg:  0.0, Max: 0, Diff: 0, Sum: 0, Workers: 4
[329.940s][debug][gc,phases      ] GC(29)   StringDedup Requests0 Weak     Min:  0.0, Avg:  0.0, Max:  0.0, Diff:  0.0, Sum:  0.0, Workers: 4
[329.940s][debug][gc,phases      ] GC(29)     Dead                           Min: 0, Avg:  0.0, Max: 0, Diff: 0, Sum: 0, Workers: 4
[329.940s][debug][gc,phases      ] GC(29)     Total                          Min: 0, Avg:  0.0, Max: 0, Diff: 0, Sum: 0, Workers: 4
[329.940s][debug][gc,phases      ] GC(29)   StringDedup Requests1 Weak     Min:  0.0, Avg:  0.0, Max:  0.0, Diff:  0.0, Sum:  0.0, Workers: 4
[329.940s][debug][gc,phases      ] GC(29)     Dead                           Min: 0, Avg:  0.0, Max: 0, Diff: 0, Sum: 0, Workers: 4
[329.940s][debug][gc,phases      ] GC(29)     Total                          Min: 0, Avg:  0.0, Max: 0, Diff: 0, Sum: 0, Workers: 4
[329.940s][debug][gc,phases      ] GC(29)   Weak JFR Old Object Samples    Min:  0.0, Avg:  0.0, Max:  0.0, Diff:  0.0, Sum:  0.0, Workers: 4
[329.940s][debug][gc,phases      ] GC(29)     Dead                           Min: 0, Avg:  0.0, Max: 0, Diff: 0, Sum: 0, Workers: 4
[329.940s][debug][gc,phases      ] GC(29)     Total                          Min: 0, Avg:  0.0, Max: 0, Diff: 0, Sum: 0, Workers: 4
[329.940s][debug][gc,phases      ] GC(29) Weak Processing 0.326ms
[329.940s][debug][gc,age         ] GC(29) Desired survivor size 377487360 bytes, new threshold 9 (max threshold 15)
[329.940s][info ][gc,heap        ] GC(29) PSYoungGen: 1380266K(1703936K)->121986K(1675776K) Eden: 1282560K(1282560K)->0K(1282560K) From: 97706K(421376K)->121986K(393216K)
[329.940s][info ][gc,heap        ] GC(29) ParOldGen: 445426K(628736K)->445434K(628736K)
[329.940s][info ][gc,metaspace   ] GC(29) Metaspace: 79077K(80000K)->79077K(80000K) NonClass: 67751K(68224K)->67751K(68224K) Class: 11325K(11776K)->11325K(11776K)
[329.940s][info ][gc             ] GC(29) Pause Young (GCLocker Initiated GC) 1782M->554M(2250M) 29.318ms
[329.940s][info ][gc,cpu         ] GC(29) User=0.10s Sys=0.00s Real=0.03s
[329.940s][info ][safepoint      ] Safepoint "ParallelGCSystemGC", Time since last: 978411 ns, Reaching safepoint: 15500 ns, At safepoint: 29381345 ns, Total: 29396845 ns
[330.941s][info ][safepoint      ] Safepoint "Cleanup", Time since last: 1000037616 ns, Reaching safepoint: 115101 ns, At safepoint: 2100 ns, Total: 117201 ns
[331.941s][info ][safepoint      ] Safepoint "Cleanup", Time since last: 1000114881 ns, Reaching safepoint: 47901 ns, At safepoint: 2100 ns, Total: 50001 ns
[332.941s][info ][safepoint      ] Safepoint "Cleanup", Time since last: 1000063180 ns, Reaching safepoint: 56301 ns, At safepoint: 2900 ns, Total: 59201 ns
[333.941s][info ][safepoint      ] Safepoint "Cleanup", Time since last: 1000103180 ns, Reaching safepoint: 51701 ns, At safepoint: 3800 ns, Total: 55501 ns
[334.941s][info ][safepoint      ] Safepoint "Cleanup", Time since last: 1000120681 ns, Reaching safepoint: 74100 ns, At safepoint: 3200 ns, Total: 77300 ns
[335.941s][info ][safepoint      ] Safepoint "Cleanup", Time since last: 1000107781 ns, Reaching safepoint: 45501 ns, At safepoint: 3400 ns, Total: 48901 ns
[336.942s][info ][safepoint      ] Safepoint "Cleanup", Time since last: 1000122380 ns, Reaching safepoint: 60401 ns, At safepoint: 2700 ns, Total: 63101 ns
[337.942s][info ][safepoint      ] Safepoint "Cleanup", Time since last: 1000098009 ns, Reaching safepoint: 35401 ns, At safepoint: 2600 ns, Total: 38001 ns
[338.942s][info ][safepoint      ] Safepoint "Cleanup", Time since last: 1000060451 ns, Reaching safepoint: 60000 ns, At safepoint: 3100 ns, Total: 63100 ns
[339.942s][info ][safepoint      ] Safepoint "Cleanup", Time since last: 1000109844 ns, Reaching safepoint: 43301 ns, At safepoint: 3000 ns, Total: 46301 ns
[340.942s][info ][safepoint      ] Safepoint "Cleanup", Time since last: 1000107244 ns, Reaching safepoint: 61800 ns, At safepoint: 4800 ns, Total: 66600 ns
[341.942s][info ][safepoint      ] Safepoint "Cleanup", Time since last: 1000102944 ns, Reaching safepoint: 42301 ns, At safepoint: 2200 ns, Total: 44501 ns
[342.942s][info ][safepoint      ] Safepoint "Cleanup", Time since last: 1000099343 ns, Reaching safepoint: 50501 ns, At safepoint: 2300 ns, Total: 52801 ns
[343.943s][info ][safepoint      ] Safepoint "Cleanup", Time since last: 1000101244 ns, Reaching safepoint: 60900 ns, At safepoint: 6200 ns, Total: 67100 ns
[344.943s][info ][safepoint      ] Safepoint "Cleanup", Time since last: 1000106344 ns, Reaching safepoint: 68101 ns, At safepoint: 2400 ns, Total: 70501 ns
[345.943s][info ][safepoint      ] Safepoint "Cleanup", Time since last: 1000099744 ns, Reaching safepoint: 43100 ns, At safepoint: 13500 ns, Total: 56600 ns
[345.966s][info ][gc,start       ] GC(30) Pause Young (Allocation Failure)
[346.001s][debug][gc,phases      ] GC(30) Scavenge 35.294ms
[346.001s][debug][gc,ref         ] GC(30) Skipped phase 1 of Reference Processing: no references
[346.001s][debug][gc,ref         ] GC(30) ReferenceProcessor::execute queues: 1, RefProcThreadModel::Single, marks_oops_alive: false
[346.001s][debug][gc,ref         ] GC(30) Skipped phase 3 of Reference Processing: no references
[346.001s][debug][gc,ref         ] GC(30) ReferenceProcessor::execute queues: 1, RefProcThreadModel::Single, marks_oops_alive: false
[346.001s][debug][gc,phases      ] GC(30) Reference Processing 0.119ms
[346.001s][debug][gc,phases      ] GC(30)   VM Weak                        Min:  0.0, Avg:  0.0, Max:  0.0, Diff:  0.0, Sum:  0.0, Workers: 4
[346.002s][debug][gc,phases      ] GC(30)     Dead                           Min: 0, Avg:  0.0, Max: 0, Diff: 0, Sum: 0, Workers: 4
[346.002s][debug][gc,phases      ] GC(30)     Total                          Min: 0, Avg: 187.8, Max: 576, Diff: 576, Sum: 751, Workers: 4
[346.002s][debug][gc,phases      ] GC(30)   ObjectSynchronizer Weak        Min:  0.0, Avg:  0.0, Max:  0.0, Diff:  0.0, Sum:  0.0, Workers: 4
[346.002s][debug][gc,phases      ] GC(30)     Dead                           Min: 0, Avg:  0.0, Max: 0, Diff: 0, Sum: 0, Workers: 4
[346.002s][debug][gc,phases      ] GC(30)     Total                          Min: 0, Avg:  7.5, Max: 30, Diff: 30, Sum: 30, Workers: 4
[346.002s][debug][gc,phases      ] GC(30)   JVMTI Tag Weak OopStorage      Min:  0.0, Avg:  0.0, Max:  0.0, Diff:  0.0, Sum:  0.0, Workers: 4
[346.002s][debug][gc,phases      ] GC(30)     Dead                           Min: 0, Avg:  0.0, Max: 0, Diff: 0, Sum: 0, Workers: 4
[346.002s][debug][gc,phases      ] GC(30)     Total                          Min: 0, Avg:  0.0, Max: 0, Diff: 0, Sum: 0, Workers: 4
[346.002s][debug][gc,phases      ] GC(30)   StringTable Weak               Min:  0.0, Avg:  0.1, Max:  0.1, Diff:  0.1, Sum:  0.4, Workers: 4
[346.002s][debug][gc,phases      ] GC(30)     Dead                           Min: 0, Avg:  0.0, Max: 0, Diff: 0, Sum: 0, Workers: 4
[346.002s][debug][gc,phases      ] GC(30)     Total                          Min: 0, Avg: 10729.2, Max: 16549, Diff: 16549, Sum: 42917, Workers: 4
[346.002s][debug][gc,phases      ] GC(30)   ResolvedMethodTable Weak       Min:  0.0, Avg:  0.0, Max:  0.0, Diff:  0.0, Sum:  0.1, Workers: 4
[346.002s][debug][gc,phases      ] GC(30)     Dead                           Min: 0, Avg:  0.0, Max: 0, Diff: 0, Sum: 0, Workers: 4
[346.002s][debug][gc,phases      ] GC(30)     Total                          Min: 0, Avg: 2151.2, Max: 3549, Diff: 3549, Sum: 8605, Workers: 4
[346.002s][debug][gc,phases      ] GC(30)   JNI Weak                       Min:  0.0, Avg:  0.0, Max:  0.0, Diff:  0.0, Sum:  0.0, Workers: 4
[346.002s][debug][gc,phases      ] GC(30)     Dead                           Min: 0, Avg:  0.0, Max: 0, Diff: 0, Sum: 0, Workers: 4
[346.002s][debug][gc,phases      ] GC(30)     Total                          Min: 0, Avg: 11.2, Max: 45, Diff: 45, Sum: 45, Workers: 4
[346.002s][debug][gc,phases      ] GC(30)   StringDedup Table Weak         Min:  0.0, Avg:  0.0, Max:  0.0, Diff:  0.0, Sum:  0.0, Workers: 4
[346.002s][debug][gc,phases      ] GC(30)     Dead                           Min: 0, Avg:  0.0, Max: 0, Diff: 0, Sum: 0, Workers: 4
[346.002s][debug][gc,phases      ] GC(30)     Total                          Min: 0, Avg:  0.0, Max: 0, Diff: 0, Sum: 0, Workers: 4
[346.002s][debug][gc,phases      ] GC(30)   StringDedup Requests0 Weak     Min:  0.0, Avg:  0.0, Max:  0.0, Diff:  0.0, Sum:  0.0, Workers: 4
[346.002s][debug][gc,phases      ] GC(30)     Dead                           Min: 0, Avg:  0.0, Max: 0, Diff: 0, Sum: 0, Workers: 4
[346.002s][debug][gc,phases      ] GC(30)     Total                          Min: 0, Avg:  0.0, Max: 0, Diff: 0, Sum: 0, Workers: 4
[346.002s][debug][gc,phases      ] GC(30)   StringDedup Requests1 Weak     Min:  0.0, Avg:  0.0, Max:  0.0, Diff:  0.0, Sum:  0.0, Workers: 4
[346.002s][debug][gc,phases      ] GC(30)     Dead                           Min: 0, Avg:  0.0, Max: 0, Diff: 0, Sum: 0, Workers: 4
[346.002s][debug][gc,phases      ] GC(30)     Total                          Min: 0, Avg:  0.0, Max: 0, Diff: 0, Sum: 0, Workers: 4
[346.002s][debug][gc,phases      ] GC(30)   Weak JFR Old Object Samples    Min:  0.0, Avg:  0.0, Max:  0.0, Diff:  0.0, Sum:  0.0, Workers: 4
[346.002s][debug][gc,phases      ] GC(30)     Dead                           Min: 0, Avg:  0.0, Max: 0, Diff: 0, Sum: 0, Workers: 4
[346.002s][debug][gc,phases      ] GC(30)     Total                          Min: 0, Avg:  0.0, Max: 0, Diff: 0, Sum: 0, Workers: 4
[346.002s][debug][gc,phases      ] GC(30) Weak Processing 0.321ms
[346.002s][debug][gc,age         ] GC(30) Desired survivor size 365428736 bytes, new threshold 10 (max threshold 15)
[346.002s][info ][gc,heap        ] GC(30) PSYoungGen: 1404546K(1675776K)->149226K(1740288K) Eden: 1282560K(1282560K)->0K(1371648K) From: 121986K(393216K)->149226K(368640K)
[346.002s][info ][gc,heap        ] GC(30) ParOldGen: 445436K(628736K)->445444K(628736K)
[346.002s][info ][gc,metaspace   ] GC(30) Metaspace: 79163K(80128K)->79163K(80128K) NonClass: 67838K(68352K)->67838K(68352K) Class: 11325K(11776K)->11325K(11776K)
[346.002s][info ][gc             ] GC(30) Pause Young (Allocation Failure) 1806M->580M(2313M) 35.868ms
[346.002s][info ][gc,cpu         ] GC(30) User=0.13s Sys=0.00s Real=0.03s
[346.002s][info ][safepoint      ] Safepoint "ParallelGCFailedAllocation", Time since last: 22680567 ns, Reaching safepoint: 123601 ns, At safepoint: 35937322 ns, Total: 36060923 ns
[347.002s][info ][safepoint      ] Safepoint "Cleanup", Time since last: 1000084029 ns, Reaching safepoint: 43100 ns, At safepoint: 6901 ns, Total: 50001 ns
[348.002s][info ][safepoint      ] Safepoint "Cleanup", Time since last: 1000105439 ns, Reaching safepoint: 45801 ns, At safepoint: 6500 ns, Total: 52301 ns
[349.002s][info ][safepoint      ] Safepoint "Cleanup", Time since last: 1000061639 ns, Reaching safepoint: 51501 ns, At safepoint: 2400 ns, Total: 53901 ns
[350.002s][info ][safepoint      ] Safepoint "Cleanup", Time since last: 1000094440 ns, Reaching safepoint: 46600 ns, At safepoint: 3400 ns, Total: 50000 ns
[351.002s][info ][safepoint      ] Safepoint "Cleanup", Time since last: 1000105540 ns, Reaching safepoint: 51701 ns, At safepoint: 2900 ns, Total: 54601 ns
[352.617s][info ][safepoint      ] Safepoint "Cleanup", Time since last: 1614864894 ns, Reaching safepoint: 118802 ns, At safepoint: 8600 ns, Total: 127402 ns
[353.618s][info ][safepoint      ] Safepoint "Cleanup", Time since last: 1000111540 ns, Reaching safepoint: 203402 ns, At safepoint: 10500 ns, Total: 213902 ns
[354.618s][info ][safepoint      ] Safepoint "Cleanup", Time since last: 1000120940 ns, Reaching safepoint: 134102 ns, At safepoint: 6800 ns, Total: 140902 ns
[355.618s][info ][safepoint      ] Safepoint "Cleanup", Time since last: 1000128348 ns, Reaching safepoint: 121801 ns, At safepoint: 5700 ns, Total: 127501 ns
[356.618s][info ][safepoint      ] Safepoint "Cleanup", Time since last: 1000107650 ns, Reaching safepoint: 32200 ns, At safepoint: 2201 ns, Total: 34401 ns
[358.619s][info ][safepoint      ] Safepoint "Cleanup", Time since last: 2000186399 ns, Reaching safepoint: 147802 ns, At safepoint: 4800 ns, Total: 152602 ns
[359.619s][info ][safepoint      ] Safepoint "Cleanup", Time since last: 1000107450 ns, Reaching safepoint: 124802 ns, At safepoint: 9500 ns, Total: 134302 ns
[360.619s][info ][safepoint      ] Safepoint "Cleanup", Time since last: 1000244251 ns, Reaching safepoint: 55001 ns, At safepoint: 6900 ns, Total: 61901 ns
[361.619s][info ][safepoint      ] Safepoint "Cleanup", Time since last: 1000099450 ns, Reaching safepoint: 49401 ns, At safepoint: 4400 ns, Total: 53801 ns
[362.620s][info ][safepoint      ] Safepoint "Cleanup", Time since last: 1000127550 ns, Reaching safepoint: 135002 ns, At safepoint: 4400 ns, Total: 139402 ns
[363.620s][info ][safepoint      ] Safepoint "Cleanup", Time since last: 1000110911 ns, Reaching safepoint: 41101 ns, At safepoint: 2800 ns, Total: 43901 ns
[364.620s][info ][safepoint      ] Safepoint "Cleanup", Time since last: 1000113098 ns, Reaching safepoint: 127001 ns, At safepoint: 4300 ns, Total: 131301 ns
[365.620s][info ][safepoint      ] Safepoint "Cleanup", Time since last: 1000100598 ns, Reaching safepoint: 60701 ns, At safepoint: 5000 ns, Total: 65701 ns
[366.620s][info ][safepoint      ] Safepoint "Cleanup", Time since last: 1000108998 ns, Reaching safepoint: 61601 ns, At safepoint: 2900 ns, Total: 64501 ns
[367.621s][info ][safepoint      ] Safepoint "Cleanup", Time since last: 1000119898 ns, Reaching safepoint: 128002 ns, At safepoint: 7500 ns, Total: 135502 ns
[368.621s][info ][safepoint      ] Safepoint "Cleanup", Time since last: 1000109098 ns, Reaching safepoint: 55301 ns, At safepoint: 2400 ns, Total: 57701 ns
[369.621s][info ][safepoint      ] Safepoint "Cleanup", Time since last: 1000109698 ns, Reaching safepoint: 40900 ns, At safepoint: 10601 ns, Total: 51501 ns
[370.305s][info ][gc,start       ] GC(31) Pause Young (Allocation Failure)
[370.355s][debug][gc,phases      ] GC(31) Scavenge 50.181ms
[370.355s][debug][gc,ref         ] GC(31) Skipped phase 1 of Reference Processing: no references
[370.355s][debug][gc,ref         ] GC(31) ReferenceProcessor::execute queues: 1, RefProcThreadModel::Single, marks_oops_alive: false
[370.355s][debug][gc,ref         ] GC(31) Skipped phase 3 of Reference Processing: no references
[370.355s][debug][gc,ref         ] GC(31) ReferenceProcessor::execute queues: 1, RefProcThreadModel::Single, marks_oops_alive: false
[370.355s][debug][gc,phases      ] GC(31) Reference Processing 0.141ms
[370.355s][debug][gc,phases      ] GC(31)   VM Weak                        Min:  0.0, Avg:  0.0, Max:  0.0, Diff:  0.0, Sum:  0.0, Workers: 4
[370.355s][debug][gc,phases      ] GC(31)     Dead                           Min: 0, Avg:  0.0, Max: 0, Diff: 0, Sum: 0, Workers: 4
[370.355s][debug][gc,phases      ] GC(31)     Total                          Min: 0, Avg: 188.8, Max: 307, Diff: 307, Sum: 755, Workers: 4
[370.355s][debug][gc,phases      ] GC(31)   ObjectSynchronizer Weak        Min:  0.0, Avg:  0.0, Max:  0.0, Diff:  0.0, Sum:  0.0, Workers: 4
[370.355s][debug][gc,phases      ] GC(31)     Dead                           Min: 0, Avg:  0.0, Max: 0, Diff: 0, Sum: 0, Workers: 4
[370.355s][debug][gc,phases      ] GC(31)     Total                          Min: 0, Avg:  7.5, Max: 30, Diff: 30, Sum: 30, Workers: 4
[370.355s][debug][gc,phases      ] GC(31)   JVMTI Tag Weak OopStorage      Min:  0.0, Avg:  0.0, Max:  0.0, Diff:  0.0, Sum:  0.0, Workers: 4
[370.355s][debug][gc,phases      ] GC(31)     Dead                           Min: 0, Avg:  0.0, Max: 0, Diff: 0, Sum: 0, Workers: 4
[370.355s][debug][gc,phases      ] GC(31)     Total                          Min: 0, Avg:  0.0, Max: 0, Diff: 0, Sum: 0, Workers: 4
[370.355s][debug][gc,phases      ] GC(31)   StringTable Weak               Min:  0.1, Avg:  0.1, Max:  0.1, Diff:  0.0, Sum:  0.4, Workers: 4
[370.355s][debug][gc,phases      ] GC(31)     Dead                           Min: 0, Avg:  0.0, Max: 0, Diff: 0, Sum: 0, Workers: 4
[370.355s][debug][gc,phases      ] GC(31)     Total                          Min: 10432, Avg: 10738.8, Max: 11147, Diff: 715, Sum: 42955, Workers: 4
[370.356s][debug][gc,phases      ] GC(31)   ResolvedMethodTable Weak       Min:  0.0, Avg:  0.0, Max:  0.0, Diff:  0.0, Sum:  0.1, Workers: 4
[370.356s][debug][gc,phases      ] GC(31)     Dead                           Min: 0, Avg:  0.0, Max: 0, Diff: 0, Sum: 0, Workers: 4
[370.356s][debug][gc,phases      ] GC(31)     Total                          Min: 1280, Avg: 2154.5, Max: 2752, Diff: 1472, Sum: 8618, Workers: 4
[370.356s][debug][gc,phases      ] GC(31)   JNI Weak                       Min:  0.0, Avg:  0.0, Max:  0.0, Diff:  0.0, Sum:  0.0, Workers: 4
[370.356s][debug][gc,phases      ] GC(31)     Dead                           Min: 0, Avg:  0.0, Max: 0, Diff: 0, Sum: 0, Workers: 4
[370.356s][debug][gc,phases      ] GC(31)     Total                          Min: 0, Avg: 11.5, Max: 46, Diff: 46, Sum: 46, Workers: 4
[370.356s][debug][gc,phases      ] GC(31)   StringDedup Table Weak         Min:  0.0, Avg:  0.0, Max:  0.0, Diff:  0.0, Sum:  0.0, Workers: 4
[370.356s][debug][gc,phases      ] GC(31)     Dead                           Min: 0, Avg:  0.0, Max: 0, Diff: 0, Sum: 0, Workers: 4
[370.356s][debug][gc,phases      ] GC(31)     Total                          Min: 0, Avg:  0.0, Max: 0, Diff: 0, Sum: 0, Workers: 4
[370.356s][debug][gc,phases      ] GC(31)   StringDedup Requests0 Weak     Min:  0.0, Avg:  0.0, Max:  0.0, Diff:  0.0, Sum:  0.0, Workers: 4
[370.356s][debug][gc,phases      ] GC(31)     Dead                           Min: 0, Avg:  0.0, Max: 0, Diff: 0, Sum: 0, Workers: 4
[370.356s][debug][gc,phases      ] GC(31)     Total                          Min: 0, Avg:  0.0, Max: 0, Diff: 0, Sum: 0, Workers: 4
[370.356s][debug][gc,phases      ] GC(31)   StringDedup Requests1 Weak     Min:  0.0, Avg:  0.0, Max:  0.0, Diff:  0.0, Sum:  0.0, Workers: 4
[370.356s][debug][gc,phases      ] GC(31)     Dead                           Min: 0, Avg:  0.0, Max: 0, Diff: 0, Sum: 0, Workers: 4
[370.356s][debug][gc,phases      ] GC(31)     Total                          Min: 0, Avg:  0.0, Max: 0, Diff: 0, Sum: 0, Workers: 4
[370.356s][debug][gc,phases      ] GC(31)   Weak JFR Old Object Samples    Min:  0.0, Avg:  0.0, Max:  0.0, Diff:  0.0, Sum:  0.0, Workers: 4
[370.356s][debug][gc,phases      ] GC(31)     Dead                           Min: 0, Avg:  0.0, Max: 0, Diff: 0, Sum: 0, Workers: 4
[370.356s][debug][gc,phases      ] GC(31)     Total                          Min: 0, Avg:  0.0, Max: 0, Diff: 0, Sum: 0, Workers: 4
[370.356s][debug][gc,phases      ] GC(31) Weak Processing 0.294ms
[370.356s][debug][gc,age         ] GC(31) Desired survivor size 374865920 bytes, new threshold 11 (max threshold 15)
[370.356s][info ][gc,heap        ] GC(31) PSYoungGen: 1520874K(1740288K)->206266K(1728512K) Eden: 1371648K(1371648K)->0K(1371648K) From: 149226K(368640K)->206266K(356864K)
[370.356s][info ][gc,heap        ] GC(31) ParOldGen: 445444K(628736K)->445444K(628736K)
[370.356s][info ][gc,metaspace   ] GC(31) Metaspace: 79266K(80192K)->79266K(80192K) NonClass: 67933K(68416K)->67933K(68416K) Class: 11333K(11776K)->11333K(11776K)
[370.356s][info ][gc             ] GC(31) Pause Young (Allocation Failure) 1920M->636M(2302M) 50.734ms
[370.356s][info ][gc,cpu         ] GC(31) User=0.18s Sys=0.00s Real=0.05s
[370.356s][info ][safepoint      ] Safepoint "ParallelGCFailedAllocation", Time since last: 683702928 ns, Reaching safepoint: 116502 ns, At safepoint: 50807889 ns, Total: 50924391 ns
[371.356s][info ][safepoint      ] Safepoint "Cleanup", Time since last: 1000064365 ns, Reaching safepoint: 78601 ns, At safepoint: 5400 ns, Total: 84001 ns
[372.356s][info ][safepoint      ] Safepoint "Cleanup", Time since last: 1000112473 ns, Reaching safepoint: 45301 ns, At safepoint: 4600 ns, Total: 49901 ns
[374.356s][info ][safepoint      ] Safepoint "Cleanup", Time since last: 2000147145 ns, Reaching safepoint: 44700 ns, At safepoint: 3400 ns, Total: 48100 ns
[375.356s][info ][safepoint      ] Safepoint "Cleanup", Time since last: 1000107473 ns, Reaching safepoint: 79901 ns, At safepoint: 5400 ns, Total: 85301 ns
[376.357s][info ][safepoint      ] Safepoint "Cleanup", Time since last: 1000112273 ns, Reaching safepoint: 47000 ns, At safepoint: 2400 ns, Total: 49400 ns
[377.357s][info ][safepoint      ] Safepoint "Cleanup", Time since last: 1000100824 ns, Reaching safepoint: 42901 ns, At safepoint: 3900 ns, Total: 46801 ns
[381.357s][info ][safepoint      ] Safepoint "Cleanup", Time since last: 4000270544 ns, Reaching safepoint: 48501 ns, At safepoint: 4400 ns, Total: 52901 ns
[382.357s][info ][safepoint      ] Safepoint "Cleanup", Time since last: 1000099344 ns, Reaching safepoint: 67401 ns, At safepoint: 3400 ns, Total: 70801 ns
[384.357s][info ][safepoint      ] Safepoint "Cleanup", Time since last: 2000141889 ns, Reaching safepoint: 44600 ns, At safepoint: 2400 ns, Total: 47000 ns
[386.358s][info ][safepoint      ] Safepoint "Cleanup", Time since last: 2000161689 ns, Reaching safepoint: 66101 ns, At safepoint: 5600 ns, Total: 71701 ns
[387.358s][info ][safepoint      ] Safepoint "Cleanup", Time since last: 1000106311 ns, Reaching safepoint: 45401 ns, At safepoint: 4600 ns, Total: 50001 ns
[388.358s][info ][safepoint      ] Safepoint "Cleanup", Time since last: 1000104572 ns, Reaching safepoint: 56801 ns, At safepoint: 2100 ns, Total: 58901 ns
[390.117s][info ][safepoint      ] Safepoint "Cleanup", Time since last: 1758839452 ns, Reaching safepoint: 174602 ns, At safepoint: 6501 ns, Total: 181103 ns
[391.356s][info ][safepoint      ] Safepoint "Cleanup", Time since last: 1238679533 ns, Reaching safepoint: 109801 ns, At safepoint: 6100 ns, Total: 115901 ns
[392.356s][info ][safepoint      ] Safepoint "Cleanup", Time since last: 1000097673 ns, Reaching safepoint: 60700 ns, At safepoint: 2800 ns, Total: 63500 ns
[394.006s][info ][safepoint      ] Safepoint "Cleanup", Time since last: 1650416098 ns, Reaching safepoint: 53701 ns, At safepoint: 3200 ns, Total: 56901 ns
[397.007s][info ][safepoint      ] Safepoint "Cleanup", Time since last: 3000194538 ns, Reaching safepoint: 49100 ns, At safepoint: 3700 ns, Total: 52800 ns
[397.606s][info ][gc,start       ] GC(32) Pause Young (Allocation Failure)
[397.655s][debug][gc,phases      ] GC(32) Scavenge 49.410ms
[397.655s][debug][gc,ref         ] GC(32) Skipped phase 1 of Reference Processing: no references
[397.655s][debug][gc,ref         ] GC(32) ReferenceProcessor::execute queues: 1, RefProcThreadModel::Single, marks_oops_alive: false
[397.655s][debug][gc,ref         ] GC(32) Skipped phase 3 of Reference Processing: no references
[397.655s][debug][gc,ref         ] GC(32) ReferenceProcessor::execute queues: 1, RefProcThreadModel::Single, marks_oops_alive: false
[397.655s][debug][gc,phases      ] GC(32) Reference Processing 0.153ms
[397.656s][debug][gc,phases      ] GC(32)   VM Weak                        Min:  0.0, Avg:  0.0, Max:  0.0, Diff:  0.0, Sum:  0.0, Workers: 4
[397.656s][debug][gc,phases      ] GC(32)     Dead                           Min: 0, Avg:  0.0, Max: 0, Diff: 0, Sum: 0, Workers: 4
[397.656s][debug][gc,phases      ] GC(32)     Total                          Min: 0, Avg: 206.0, Max: 440, Diff: 440, Sum: 824, Workers: 4
[397.656s][debug][gc,phases      ] GC(32)   ObjectSynchronizer Weak        Min:  0.0, Avg:  0.0, Max:  0.0, Diff:  0.0, Sum:  0.0, Workers: 4
[397.656s][debug][gc,phases      ] GC(32)     Dead                           Min: 0, Avg:  0.0, Max: 0, Diff: 0, Sum: 0, Workers: 4
[397.656s][debug][gc,phases      ] GC(32)     Total                          Min: 0, Avg:  7.5, Max: 30, Diff: 30, Sum: 30, Workers: 4
[397.656s][debug][gc,phases      ] GC(32)   JVMTI Tag Weak OopStorage      Min:  0.0, Avg:  0.0, Max:  0.0, Diff:  0.0, Sum:  0.0, Workers: 4
[397.656s][debug][gc,phases      ] GC(32)     Dead                           Min: 0, Avg:  0.0, Max: 0, Diff: 0, Sum: 0, Workers: 4
[397.656s][debug][gc,phases      ] GC(32)     Total                          Min: 0, Avg:  0.0, Max: 0, Diff: 0, Sum: 0, Workers: 4
[397.656s][debug][gc,phases      ] GC(32)   StringTable Weak               Min:  0.1, Avg:  0.1, Max:  0.1, Diff:  0.0, Sum:  0.4, Workers: 4
[397.656s][debug][gc,phases      ] GC(32)     Dead                           Min: 0, Avg:  0.5, Max: 1, Diff: 1, Sum: 2, Workers: 4
[397.656s][debug][gc,phases      ] GC(32)     Total                          Min: 10304, Avg: 10784.5, Max: 11200, Diff: 896, Sum: 43138, Workers: 4
[397.656s][debug][gc,phases      ] GC(32)   ResolvedMethodTable Weak       Min:  0.0, Avg:  0.0, Max:  0.0, Diff:  0.0, Sum:  0.1, Workers: 4
[397.656s][debug][gc,phases      ] GC(32)     Dead                           Min: 0, Avg:  3.8, Max: 15, Diff: 15, Sum: 15, Workers: 4
[397.656s][debug][gc,phases      ] GC(32)     Total                          Min: 1920, Avg: 2230.5, Max: 2495, Diff: 575, Sum: 8922, Workers: 4
[397.656s][debug][gc,phases      ] GC(32)   JNI Weak                       Min:  0.0, Avg:  0.0, Max:  0.0, Diff:  0.0, Sum:  0.0, Workers: 4
[397.656s][debug][gc,phases      ] GC(32)     Dead                           Min: 0, Avg:  0.0, Max: 0, Diff: 0, Sum: 0, Workers: 4
[397.656s][debug][gc,phases      ] GC(32)     Total                          Min: 0, Avg: 11.2, Max: 45, Diff: 45, Sum: 45, Workers: 4
[397.656s][debug][gc,phases      ] GC(32)   StringDedup Table Weak         Min:  0.0, Avg:  0.0, Max:  0.0, Diff:  0.0, Sum:  0.0, Workers: 4
[397.656s][debug][gc,phases      ] GC(32)     Dead                           Min: 0, Avg:  0.0, Max: 0, Diff: 0, Sum: 0, Workers: 4
[397.656s][debug][gc,phases      ] GC(32)     Total                          Min: 0, Avg:  0.0, Max: 0, Diff: 0, Sum: 0, Workers: 4
[397.656s][debug][gc,phases      ] GC(32)   StringDedup Requests0 Weak     Min:  0.0, Avg:  0.0, Max:  0.0, Diff:  0.0, Sum:  0.0, Workers: 4
[397.656s][debug][gc,phases      ] GC(32)     Dead                           Min: 0, Avg:  0.0, Max: 0, Diff: 0, Sum: 0, Workers: 4
[397.656s][debug][gc,phases      ] GC(32)     Total                          Min: 0, Avg:  0.0, Max: 0, Diff: 0, Sum: 0, Workers: 4
[397.656s][debug][gc,phases      ] GC(32)   StringDedup Requests1 Weak     Min:  0.0, Avg:  0.0, Max:  0.0, Diff:  0.0, Sum:  0.0, Workers: 4
[397.656s][debug][gc,phases      ] GC(32)     Dead                           Min: 0, Avg:  0.0, Max: 0, Diff: 0, Sum: 0, Workers: 4
[397.656s][debug][gc,phases      ] GC(32)     Total                          Min: 0, Avg:  0.0, Max: 0, Diff: 0, Sum: 0, Workers: 4
[397.656s][debug][gc,phases      ] GC(32)   Weak JFR Old Object Samples    Min:  0.0, Avg:  0.0, Max:  0.0, Diff:  0.0, Sum:  0.0, Workers: 4
[397.656s][debug][gc,phases      ] GC(32)     Dead                           Min: 0, Avg:  0.0, Max: 0, Diff: 0, Sum: 0, Workers: 4
[397.656s][debug][gc,phases      ] GC(32)     Total                          Min: 0, Avg:  0.0, Max: 0, Diff: 0, Sum: 0, Workers: 4
[397.656s][debug][gc,phases      ] GC(32) Weak Processing 0.295ms
[397.656s][debug][gc,age         ] GC(32) Desired survivor size 379060224 bytes, new threshold 12 (max threshold 15)
[397.656s][info ][gc,heap        ] GC(32) PSYoungGen: 1577914K(1728512K)->201754K(1722880K) Eden: 1371648K(1371648K)->0K(1356800K) From: 206266K(356864K)->201754K(366080K)
[397.656s][info ][gc,heap        ] GC(32) ParOldGen: 445444K(628736K)->445452K(628736K)
[397.656s][info ][gc,metaspace   ] GC(32) Metaspace: 80025K(81088K)->80025K(81088K) NonClass: 68563K(69120K)->68563K(69120K) Class: 11461K(11968K)->11461K(11968K)
[397.656s][info ][gc             ] GC(32) Pause Young (Allocation Failure) 1975M->632M(2296M) 49.963ms
[397.656s][info ][gc,cpu         ] GC(32) User=0.17s Sys=0.00s Real=0.04s
[397.656s][info ][safepoint      ] Safepoint "ParallelGCFailedAllocation", Time since last: 599014124 ns, Reaching safepoint: 112601 ns, At safepoint: 50030270 ns, Total: 50142871 ns
[398.692s][info ][safepoint      ] Safepoint "Cleanup", Time since last: 1036339406 ns, Reaching safepoint: 58101 ns, At safepoint: 2700 ns, Total: 60801 ns
[399.692s][info ][safepoint      ] Safepoint "Cleanup", Time since last: 1000097792 ns, Reaching safepoint: 53001 ns, At safepoint: 2800 ns, Total: 55801 ns
[400.692s][info ][safepoint      ] Safepoint "Cleanup", Time since last: 1000104893 ns, Reaching safepoint: 40500 ns, At safepoint: 2500 ns, Total: 43000 ns
[401.693s][info ][safepoint      ] Safepoint "Cleanup", Time since last: 1000085293 ns, Reaching safepoint: 58100 ns, At safepoint: 2300 ns, Total: 60400 ns
[402.693s][info ][safepoint      ] Safepoint "Cleanup", Time since last: 1000104493 ns, Reaching safepoint: 124301 ns, At safepoint: 5801 ns, Total: 130102 ns
[403.693s][info ][safepoint      ] Safepoint "Cleanup", Time since last: 1000108356 ns, Reaching safepoint: 71400 ns, At safepoint: 3300 ns, Total: 74700 ns
[404.693s][info ][safepoint      ] Safepoint "Cleanup", Time since last: 1000101674 ns, Reaching safepoint: 41200 ns, At safepoint: 2400 ns, Total: 43600 ns
[405.693s][info ][safepoint      ] Safepoint "Cleanup", Time since last: 1000094074 ns, Reaching safepoint: 48500 ns, At safepoint: 2300 ns, Total: 50800 ns
[406.693s][info ][safepoint      ] Safepoint "Cleanup", Time since last: 1000100474 ns, Reaching safepoint: 58300 ns, At safepoint: 3500 ns, Total: 61800 ns
[407.694s][info ][safepoint      ] Safepoint "Cleanup", Time since last: 1000103374 ns, Reaching safepoint: 50200 ns, At safepoint: 2000 ns, Total: 52200 ns
[408.694s][info ][safepoint      ] Safepoint "Cleanup", Time since last: 1000111574 ns, Reaching safepoint: 39200 ns, At safepoint: 2200 ns, Total: 41400 ns
[409.694s][info ][safepoint      ] Safepoint "Cleanup", Time since last: 1000091874 ns, Reaching safepoint: 116001 ns, At safepoint: 6800 ns, Total: 122801 ns
[410.694s][info ][safepoint      ] Safepoint "Cleanup", Time since last: 1000099973 ns, Reaching safepoint: 46801 ns, At safepoint: 4700 ns, Total: 51501 ns
[411.694s][info ][safepoint      ] Safepoint "Cleanup", Time since last: 1000095891 ns, Reaching safepoint: 52100 ns, At safepoint: 3300 ns, Total: 55400 ns
[412.694s][info ][safepoint      ] Safepoint "Cleanup", Time since last: 1000100336 ns, Reaching safepoint: 48501 ns, At safepoint: 2500 ns, Total: 51001 ns
[413.695s][info ][safepoint      ] Safepoint "Cleanup", Time since last: 1000127736 ns, Reaching safepoint: 69001 ns, At safepoint: 5300 ns, Total: 74301 ns
[414.695s][info ][safepoint      ] Safepoint "Cleanup", Time since last: 1000117436 ns, Reaching safepoint: 83301 ns, At safepoint: 4600 ns, Total: 87901 ns
[415.695s][info ][safepoint      ] Safepoint "Cleanup", Time since last: 1000110236 ns, Reaching safepoint: 59001 ns, At safepoint: 4900 ns, Total: 63901 ns
[416.695s][info ][safepoint      ] Safepoint "Cleanup", Time since last: 1000109436 ns, Reaching safepoint: 80101 ns, At safepoint: 5200 ns, Total: 85301 ns
[417.695s][info ][safepoint      ] Safepoint "Cleanup", Time since last: 1000102193 ns, Reaching safepoint: 60600 ns, At safepoint: 2200 ns, Total: 62800 ns
[418.736s][info ][safepoint      ] Safepoint "Cleanup", Time since last: 1040934033 ns, Reaching safepoint: 81901 ns, At safepoint: 5400 ns, Total: 87301 ns
[421.737s][info ][safepoint      ] Safepoint "Cleanup", Time since last: 3000228271 ns, Reaching safepoint: 49601 ns, At safepoint: 2400 ns, Total: 52001 ns
[422.737s][info ][safepoint      ] Safepoint "Cleanup", Time since last: 1000058620 ns, Reaching safepoint: 62401 ns, At safepoint: 2800 ns, Total: 65201 ns
[423.737s][info ][safepoint      ] Safepoint "Cleanup", Time since last: 1000106821 ns, Reaching safepoint: 55201 ns, At safepoint: 2700 ns, Total: 57901 ns
[424.737s][info ][safepoint      ] Safepoint "Cleanup", Time since last: 1000112721 ns, Reaching safepoint: 70701 ns, At safepoint: 10800 ns, Total: 81501 ns
[425.737s][info ][safepoint      ] Safepoint "Cleanup", Time since last: 1000117121 ns, Reaching safepoint: 50101 ns, At safepoint: 3700 ns, Total: 53801 ns
[427.738s][info ][safepoint      ] Safepoint "Cleanup", Time since last: 2000127353 ns, Reaching safepoint: 38100 ns, At safepoint: 2400 ns, Total: 40500 ns
[428.738s][info ][safepoint      ] Safepoint "Cleanup", Time since last: 1000109914 ns, Reaching safepoint: 73201 ns, At safepoint: 2600 ns, Total: 75801 ns
[429.738s][info ][safepoint      ] Safepoint "Cleanup", Time since last: 1000095414 ns, Reaching safepoint: 62801 ns, At safepoint: 2100 ns, Total: 64901 ns
[430.738s][info ][safepoint      ] Safepoint "Cleanup", Time since last: 1000102414 ns, Reaching safepoint: 139802 ns, At safepoint: 4400 ns, Total: 144202 ns
[431.738s][info ][safepoint      ] Safepoint "Cleanup", Time since last: 1000095814 ns, Reaching safepoint: 96001 ns, At safepoint: 6300 ns, Total: 102301 ns
[432.003s][info ][gc,start       ] GC(33) Pause Young (Allocation Failure)
[432.064s][debug][gc,phases      ] GC(33) Scavenge 60.686ms
[432.064s][debug][gc,ref         ] GC(33) Skipped phase 1 of Reference Processing: no references
[432.064s][debug][gc,ref         ] GC(33) ReferenceProcessor::execute queues: 1, RefProcThreadModel::Single, marks_oops_alive: false
[432.064s][debug][gc,ref         ] GC(33) Skipped phase 3 of Reference Processing: no references
[432.064s][debug][gc,ref         ] GC(33) ReferenceProcessor::execute queues: 1, RefProcThreadModel::Single, marks_oops_alive: false
[432.064s][debug][gc,phases      ] GC(33) Reference Processing 0.248ms
[432.064s][debug][gc,phases      ] GC(33)   VM Weak                        Min:  0.0, Avg:  0.0, Max:  0.0, Diff:  0.0, Sum:  0.0, Workers: 4
[432.064s][debug][gc,phases      ] GC(33)     Dead                           Min: 0, Avg:  0.0, Max: 0, Diff: 0, Sum: 0, Workers: 4
[432.064s][debug][gc,phases      ] GC(33)     Total                          Min: 0, Avg: 217.5, Max: 614, Diff: 614, Sum: 870, Workers: 4
[432.064s][debug][gc,phases      ] GC(33)   ObjectSynchronizer Weak        Min:  0.0, Avg:  0.0, Max:  0.0, Diff:  0.0, Sum:  0.0, Workers: 4
[432.064s][debug][gc,phases      ] GC(33)     Dead                           Min: 0, Avg:  0.0, Max: 0, Diff: 0, Sum: 0, Workers: 4
[432.064s][debug][gc,phases      ] GC(33)     Total                          Min: 0, Avg:  7.5, Max: 30, Diff: 30, Sum: 30, Workers: 4
[432.064s][debug][gc,phases      ] GC(33)   JVMTI Tag Weak OopStorage      Min:  0.0, Avg:  0.0, Max:  0.0, Diff:  0.0, Sum:  0.0, Workers: 4
[432.064s][debug][gc,phases      ] GC(33)     Dead                           Min: 0, Avg:  0.0, Max: 0, Diff: 0, Sum: 0, Workers: 4
[432.064s][debug][gc,phases      ] GC(33)     Total                          Min: 0, Avg:  0.0, Max: 0, Diff: 0, Sum: 0, Workers: 4
[432.064s][debug][gc,phases      ] GC(33)   StringTable Weak               Min:  0.0, Avg:  0.1, Max:  0.1, Diff:  0.1, Sum:  0.4, Workers: 4
[432.064s][debug][gc,phases      ] GC(33)     Dead                           Min: 0, Avg:  0.8, Max: 2, Diff: 2, Sum: 3, Workers: 4
[432.064s][debug][gc,phases      ] GC(33)     Total                          Min: 0, Avg: 10813.5, Max: 14592, Diff: 14592, Sum: 43254, Workers: 4
[432.064s][debug][gc,phases      ] GC(33)   ResolvedMethodTable Weak       Min:  0.0, Avg:  0.0, Max:  0.0, Diff:  0.0, Sum:  0.1, Workers: 4
[432.064s][debug][gc,phases      ] GC(33)     Dead                           Min: 0, Avg:  0.0, Max: 0, Diff: 0, Sum: 0, Workers: 4
[432.064s][debug][gc,phases      ] GC(33)     Total                          Min: 0, Avg: 2295.0, Max: 3263, Diff: 3263, Sum: 9180, Workers: 4
[432.064s][debug][gc,phases      ] GC(33)   JNI Weak                       Min:  0.0, Avg:  0.0, Max:  0.0, Diff:  0.0, Sum:  0.0, Workers: 4
[432.064s][debug][gc,phases      ] GC(33)     Dead                           Min: 0, Avg:  0.0, Max: 0, Diff: 0, Sum: 0, Workers: 4
[432.064s][debug][gc,phases      ] GC(33)     Total                          Min: 0, Avg: 11.2, Max: 45, Diff: 45, Sum: 45, Workers: 4
[432.064s][debug][gc,phases      ] GC(33)   StringDedup Table Weak         Min:  0.0, Avg:  0.0, Max:  0.0, Diff:  0.0, Sum:  0.0, Workers: 4
[432.064s][debug][gc,phases      ] GC(33)     Dead                           Min: 0, Avg:  0.0, Max: 0, Diff: 0, Sum: 0, Workers: 4
[432.064s][debug][gc,phases      ] GC(33)     Total                          Min: 0, Avg:  0.0, Max: 0, Diff: 0, Sum: 0, Workers: 4
[432.064s][debug][gc,phases      ] GC(33)   StringDedup Requests0 Weak     Min:  0.0, Avg:  0.0, Max:  0.0, Diff:  0.0, Sum:  0.0, Workers: 4
[432.064s][debug][gc,phases      ] GC(33)     Dead                           Min: 0, Avg:  0.0, Max: 0, Diff: 0, Sum: 0, Workers: 4
[432.064s][debug][gc,phases      ] GC(33)     Total                          Min: 0, Avg:  0.0, Max: 0, Diff: 0, Sum: 0, Workers: 4
[432.065s][debug][gc,phases      ] GC(33)   StringDedup Requests1 Weak     Min:  0.0, Avg:  0.0, Max:  0.0, Diff:  0.0, Sum:  0.0, Workers: 4
[432.065s][debug][gc,phases      ] GC(33)     Dead                           Min: 0, Avg:  0.0, Max: 0, Diff: 0, Sum: 0, Workers: 4
[432.065s][debug][gc,phases      ] GC(33)     Total                          Min: 0, Avg:  0.0, Max: 0, Diff: 0, Sum: 0, Workers: 4
[432.065s][debug][gc,phases      ] GC(33)   Weak JFR Old Object Samples    Min:  0.0, Avg:  0.0, Max:  0.0, Diff:  0.0, Sum:  0.0, Workers: 4
[432.065s][debug][gc,phases      ] GC(33)     Dead                           Min: 0, Avg:  0.0, Max: 0, Diff: 0, Sum: 0, Workers: 4
[432.065s][debug][gc,phases      ] GC(33)     Total                          Min: 0, Avg:  0.0, Max: 0, Diff: 0, Sum: 0, Workers: 4
[432.065s][debug][gc,phases      ] GC(33) Weak Processing 0.438ms
[432.065s][debug][gc,age         ] GC(33) Desired survivor size 392691712 bytes, new threshold 13 (max threshold 15)
[432.065s][info ][gc,heap        ] GC(33) PSYoungGen: 1558554K(1722880K)->232906K(1589760K) Eden: 1356800K(1356800K)->0K(1356800K) From: 201754K(366080K)->232906K(232960K)
[432.065s][info ][gc,heap        ] GC(33) ParOldGen: 445452K(628736K)->445460K(628736K)
[432.065s][info ][gc,metaspace   ] GC(33) Metaspace: 80566K(81728K)->80566K(81728K) NonClass: 69009K(69632K)->69009K(69632K) Class: 11557K(12096K)->11557K(12096K)
[432.065s][info ][gc             ] GC(33) Pause Young (Allocation Failure) 1957M->662M(2166M) 61.517ms
[432.065s][info ][gc,cpu         ] GC(33) User=0.20s Sys=0.00s Real=0.06s
[432.065s][info ][safepoint      ] Safepoint "ParallelGCFailedAllocation", Time since last: 264651161 ns, Reaching safepoint: 106902 ns, At safepoint: 61600766 ns, Total: 61707668 ns
[433.065s][info ][safepoint      ] Safepoint "Cleanup", Time since last: 1000100414 ns, Reaching safepoint: 141001 ns, At safepoint: 5500 ns, Total: 146501 ns
[434.065s][info ][safepoint      ] Safepoint "Cleanup", Time since last: 1000122015 ns, Reaching safepoint: 142301 ns, At safepoint: 6700 ns, Total: 149001 ns
[436.066s][info ][safepoint      ] Safepoint "Cleanup", Time since last: 2000183532 ns, Reaching safepoint: 128801 ns, At safepoint: 9800 ns, Total: 138601 ns
[437.066s][info ][safepoint      ] Safepoint "Cleanup", Time since last: 1000129618 ns, Reaching safepoint: 140902 ns, At safepoint: 7500 ns, Total: 148402 ns
[438.066s][info ][safepoint      ] Safepoint "Cleanup", Time since last: 1000128118 ns, Reaching safepoint: 125501 ns, At safepoint: 6400 ns, Total: 131901 ns
[439.066s][info ][safepoint      ] Safepoint "Cleanup", Time since last: 1000119618 ns, Reaching safepoint: 110601 ns, At safepoint: 7700 ns, Total: 118301 ns
[440.066s][info ][safepoint      ] Safepoint "Cleanup", Time since last: 1000100018 ns, Reaching safepoint: 111401 ns, At safepoint: 9200 ns, Total: 120601 ns
[441.067s][info ][safepoint      ] Safepoint "Cleanup", Time since last: 1000118272 ns, Reaching safepoint: 113201 ns, At safepoint: 9700 ns, Total: 122901 ns
[442.140s][info ][safepoint      ] Safepoint "Cleanup", Time since last: 1072679375 ns, Reaching safepoint: 75001 ns, At safepoint: 8300 ns, Total: 83301 ns
[443.140s][info ][safepoint      ] Safepoint "Cleanup", Time since last: 1000104317 ns, Reaching safepoint: 123102 ns, At safepoint: 4300 ns, Total: 127402 ns
[444.140s][info ][safepoint      ] Safepoint "Cleanup", Time since last: 1000105142 ns, Reaching safepoint: 40900 ns, At safepoint: 2100 ns, Total: 43000 ns
[445.140s][info ][safepoint      ] Safepoint "Cleanup", Time since last: 1000109742 ns, Reaching safepoint: 52701 ns, At safepoint: 5200 ns, Total: 57901 ns
[446.140s][info ][safepoint      ] Safepoint "Cleanup", Time since last: 1000102042 ns, Reaching safepoint: 45600 ns, At safepoint: 2300 ns, Total: 47900 ns
[447.140s][info ][safepoint      ] Safepoint "Cleanup", Time since last: 1000100442 ns, Reaching safepoint: 43501 ns, At safepoint: 2200 ns, Total: 45701 ns
[448.140s][info ][safepoint      ] Safepoint "Cleanup", Time since last: 1000053141 ns, Reaching safepoint: 71701 ns, At safepoint: 2700 ns, Total: 74401 ns
[449.141s][info ][safepoint      ] Safepoint "Cleanup", Time since last: 1000091742 ns, Reaching safepoint: 56400 ns, At safepoint: 2300 ns, Total: 58700 ns
[450.141s][info ][safepoint      ] Safepoint "Cleanup", Time since last: 1000104215 ns, Reaching safepoint: 56400 ns, At safepoint: 4600 ns, Total: 61000 ns
[451.141s][info ][safepoint      ] Safepoint "Cleanup", Time since last: 1000106267 ns, Reaching safepoint: 53300 ns, At safepoint: 2800 ns, Total: 56100 ns
[452.141s][info ][safepoint      ] Safepoint "Cleanup", Time since last: 1000066938 ns, Reaching safepoint: 45101 ns, At safepoint: 3700 ns, Total: 48801 ns
[453.141s][info ][safepoint      ] Safepoint "Cleanup", Time since last: 1000098739 ns, Reaching safepoint: 38900 ns, At safepoint: 3100 ns, Total: 42000 ns
[453.718s][info ][safepoint      ] Safepoint "ParallelGCFailedAllocation", Time since last: 576553118 ns, Reaching safepoint: 155701 ns, At safepoint: 17201 ns, Total: 172902 ns
[453.718s][info ][gc,start       ] GC(34) Pause Young (Allocation Failure)
[453.777s][debug][gc,phases      ] GC(34) Scavenge 59.034ms
[453.777s][debug][gc,ref         ] GC(34) Skipped phase 1 of Reference Processing: no references
[453.777s][debug][gc,ref         ] GC(34) ReferenceProcessor::execute queues: 1, RefProcThreadModel::Single, marks_oops_alive: false
[453.777s][debug][gc,ref         ] GC(34) Skipped phase 3 of Reference Processing: no references
[453.777s][debug][gc,ref         ] GC(34) ReferenceProcessor::execute queues: 1, RefProcThreadModel::Single, marks_oops_alive: false
[453.777s][debug][gc,phases      ] GC(34) Reference Processing 0.165ms
[453.778s][debug][gc,phases      ] GC(34)   VM Weak                        Min:  0.0, Avg:  0.0, Max:  0.0, Diff:  0.0, Sum:  0.0, Workers: 4
[453.778s][debug][gc,phases      ] GC(34)     Dead                           Min: 0, Avg:  0.0, Max: 0, Diff: 0, Sum: 0, Workers: 4
[453.778s][debug][gc,phases      ] GC(34)     Total                          Min: 64, Avg: 217.5, Max: 384, Diff: 320, Sum: 870, Workers: 4
[453.778s][debug][gc,phases      ] GC(34)   ObjectSynchronizer Weak        Min:  0.0, Avg:  0.0, Max:  0.0, Diff:  0.0, Sum:  0.0, Workers: 4
[453.778s][debug][gc,phases      ] GC(34)     Dead                           Min: 0, Avg:  0.0, Max: 0, Diff: 0, Sum: 0, Workers: 4
[453.778s][debug][gc,phases      ] GC(34)     Total                          Min: 0, Avg:  7.5, Max: 30, Diff: 30, Sum: 30, Workers: 4
[453.778s][debug][gc,phases      ] GC(34)   JVMTI Tag Weak OopStorage      Min:  0.0, Avg:  0.0, Max:  0.0, Diff:  0.0, Sum:  0.0, Workers: 4
[453.778s][debug][gc,phases      ] GC(34)     Dead                           Min: 0, Avg:  0.0, Max: 0, Diff: 0, Sum: 0, Workers: 4
[453.778s][debug][gc,phases      ] GC(34)     Total                          Min: 0, Avg:  0.0, Max: 0, Diff: 0, Sum: 0, Workers: 4
[453.778s][debug][gc,phases      ] GC(34)   StringTable Weak               Min:  0.1, Avg:  0.1, Max:  0.1, Diff:  0.0, Sum:  0.4, Workers: 4
[453.778s][debug][gc,phases      ] GC(34)     Dead                           Min: 0, Avg:  0.5, Max: 2, Diff: 2, Sum: 2, Workers: 4
[453.778s][debug][gc,phases      ] GC(34)     Total                          Min: 10240, Avg: 10819.2, Max: 11150, Diff: 910, Sum: 43277, Workers: 4
[453.778s][debug][gc,phases      ] GC(34)   ResolvedMethodTable Weak       Min:  0.0, Avg:  0.0, Max:  0.0, Diff:  0.0, Sum:  0.1, Workers: 4
[453.778s][debug][gc,phases      ] GC(34)     Dead                           Min: 0, Avg:  0.0, Max: 0, Diff: 0, Sum: 0, Workers: 4
[453.778s][debug][gc,phases      ] GC(34)     Total                          Min: 2037, Avg: 2301.0, Max: 2559, Diff: 522, Sum: 9204, Workers: 4
[453.778s][debug][gc,phases      ] GC(34)   JNI Weak                       Min:  0.0, Avg:  0.0, Max:  0.0, Diff:  0.0, Sum:  0.0, Workers: 4
[453.778s][debug][gc,phases      ] GC(34)     Dead                           Min: 0, Avg:  0.0, Max: 0, Diff: 0, Sum: 0, Workers: 4
[453.778s][debug][gc,phases      ] GC(34)     Total                          Min: 0, Avg: 11.2, Max: 45, Diff: 45, Sum: 45, Workers: 4
[453.778s][debug][gc,phases      ] GC(34)   StringDedup Table Weak         Min:  0.0, Avg:  0.0, Max:  0.0, Diff:  0.0, Sum:  0.0, Workers: 4
[453.778s][debug][gc,phases      ] GC(34)     Dead                           Min: 0, Avg:  0.0, Max: 0, Diff: 0, Sum: 0, Workers: 4
[453.778s][debug][gc,phases      ] GC(34)     Total                          Min: 0, Avg:  0.0, Max: 0, Diff: 0, Sum: 0, Workers: 4
[453.778s][debug][gc,phases      ] GC(34)   StringDedup Requests0 Weak     Min:  0.0, Avg:  0.0, Max:  0.0, Diff:  0.0, Sum:  0.0, Workers: 4
[453.778s][debug][gc,phases      ] GC(34)     Dead                           Min: 0, Avg:  0.0, Max: 0, Diff: 0, Sum: 0, Workers: 4
[453.778s][debug][gc,phases      ] GC(34)     Total                          Min: 0, Avg:  0.0, Max: 0, Diff: 0, Sum: 0, Workers: 4
[453.778s][debug][gc,phases      ] GC(34)   StringDedup Requests1 Weak     Min:  0.0, Avg:  0.0, Max:  0.0, Diff:  0.0, Sum:  0.0, Workers: 4
[453.778s][debug][gc,phases      ] GC(34)     Dead                           Min: 0, Avg:  0.0, Max: 0, Diff: 0, Sum: 0, Workers: 4
[453.778s][debug][gc,phases      ] GC(34)     Total                          Min: 0, Avg:  0.0, Max: 0, Diff: 0, Sum: 0, Workers: 4
[453.778s][debug][gc,phases      ] GC(34)   Weak JFR Old Object Samples    Min:  0.0, Avg:  0.0, Max:  0.0, Diff:  0.0, Sum:  0.0, Workers: 4
[453.778s][debug][gc,phases      ] GC(34)     Dead                           Min: 0, Avg:  0.0, Max: 0, Diff: 0, Sum: 0, Workers: 4
[453.778s][debug][gc,phases      ] GC(34)     Total                          Min: 0, Avg:  0.0, Max: 0, Diff: 0, Sum: 0, Workers: 4
[453.778s][debug][gc,phases      ] GC(34) Weak Processing 0.331ms
[453.778s][debug][gc,age         ] GC(34) Desired survivor size 401080320 bytes, new threshold 14 (max threshold 15)
[453.778s][info ][gc,heap        ] GC(34) PSYoungGen: 1589706K(1589760K)->231146K(1697280K) Eden: 1356800K(1356800K)->0K(1313792K) From: 232906K(232960K)->231146K(383488K)
[453.778s][info ][gc,heap        ] GC(34) ParOldGen: 445461K(628736K)->445461K(628736K)
[453.778s][info ][gc,metaspace   ] GC(34) Metaspace: 80659K(81792K)->80659K(81792K) NonClass: 69091K(69696K)->69091K(69696K) Class: 11568K(12096K)->11568K(12096K)
[453.778s][info ][gc             ] GC(34) Pause Young (Allocation Failure) 1987M->660M(2271M) 59.637ms
[453.778s][info ][gc,cpu         ] GC(34) User=0.19s Sys=0.00s Real=0.06s
[453.778s][info ][safepoint      ] Safepoint "ParallelGCFailedAllocation", Time since last: 76900 ns, Reaching safepoint: 94801 ns, At safepoint: 59711024 ns, Total: 59805825 ns
[454.778s][info ][safepoint      ] Safepoint "Cleanup", Time since last: 1000091938 ns, Reaching safepoint: 143302 ns, At safepoint: 8300 ns, Total: 151602 ns
[455.778s][info ][safepoint      ] Safepoint "Cleanup", Time since last: 1000102338 ns, Reaching safepoint: 64501 ns, At safepoint: 3000 ns, Total: 67501 ns
[456.778s][info ][safepoint      ] Safepoint "Cleanup", Time since last: 1000058638 ns, Reaching safepoint: 44001 ns, At safepoint: 2400 ns, Total: 46401 ns
[458.779s][info ][safepoint      ] Safepoint "Cleanup", Time since last: 2000165776 ns, Reaching safepoint: 68301 ns, At safepoint: 4700 ns, Total: 73001 ns
[459.779s][info ][safepoint      ] Safepoint "Cleanup", Time since last: 1000109504 ns, Reaching safepoint: 67201 ns, At safepoint: 2800 ns, Total: 70001 ns
[460.779s][info ][safepoint      ] Safepoint "Cleanup", Time since last: 1000103875 ns, Reaching safepoint: 52900 ns, At safepoint: 2000 ns, Total: 54900 ns
[461.779s][info ][safepoint      ] Safepoint "Cleanup", Time since last: 1000106875 ns, Reaching safepoint: 43101 ns, At safepoint: 2000 ns, Total: 45101 ns
[463.528s][info ][safepoint      ] Safepoint "Cleanup", Time since last: 1748699889 ns, Reaching safepoint: 79400 ns, At safepoint: 2801 ns, Total: 82201 ns
[464.528s][info ][safepoint      ] Safepoint "Cleanup", Time since last: 1000101474 ns, Reaching safepoint: 63501 ns, At safepoint: 7500 ns, Total: 71001 ns
[465.528s][info ][safepoint      ] Safepoint "Cleanup", Time since last: 1000102275 ns, Reaching safepoint: 44100 ns, At safepoint: 2200 ns, Total: 46300 ns
[466.528s][info ][safepoint      ] Safepoint "Cleanup", Time since last: 1000100275 ns, Reaching safepoint: 47300 ns, At safepoint: 2201 ns, Total: 49501 ns
[467.528s][info ][safepoint      ] Safepoint "Cleanup", Time since last: 1000110271 ns, Reaching safepoint: 47000 ns, At safepoint: 5200 ns, Total: 52200 ns
[468.529s][info ][safepoint      ] Safepoint "Cleanup", Time since last: 1000097710 ns, Reaching safepoint: 42701 ns, At safepoint: 4000 ns, Total: 46701 ns
[469.529s][info ][safepoint      ] Safepoint "Cleanup", Time since last: 1000088310 ns, Reaching safepoint: 49101 ns, At safepoint: 2300 ns, Total: 51401 ns
[470.890s][info ][gc,start       ] GC(35) Pause Young (Allocation Failure)
[470.938s][debug][gc,phases      ] GC(35) Scavenge 48.337ms
[470.938s][debug][gc,ref         ] GC(35) Skipped phase 1 of Reference Processing: no references
[470.938s][debug][gc,ref         ] GC(35) ReferenceProcessor::execute queues: 1, RefProcThreadModel::Single, marks_oops_alive: false
[470.938s][debug][gc,ref         ] GC(35) Skipped phase 3 of Reference Processing: no references
[470.938s][debug][gc,ref         ] GC(35) ReferenceProcessor::execute queues: 1, RefProcThreadModel::Single, marks_oops_alive: false
[470.938s][debug][gc,phases      ] GC(35) Reference Processing 0.163ms
[470.939s][debug][gc,phases      ] GC(35)   VM Weak                        Min:  0.0, Avg:  0.0, Max:  0.0, Diff:  0.0, Sum:  0.0, Workers: 4
[470.939s][debug][gc,phases      ] GC(35)     Dead                           Min: 0, Avg:  0.0, Max: 0, Diff: 0, Sum: 0, Workers: 4
[470.939s][debug][gc,phases      ] GC(35)     Total                          Min: 0, Avg: 217.5, Max: 640, Diff: 640, Sum: 870, Workers: 4
[470.939s][debug][gc,phases      ] GC(35)   ObjectSynchronizer Weak        Min:  0.0, Avg:  0.0, Max:  0.0, Diff:  0.0, Sum:  0.0, Workers: 4
[470.939s][debug][gc,phases      ] GC(35)     Dead                           Min: 0, Avg:  0.0, Max: 0, Diff: 0, Sum: 0, Workers: 4
[470.939s][debug][gc,phases      ] GC(35)     Total                          Min: 0, Avg:  7.5, Max: 30, Diff: 30, Sum: 30, Workers: 4
[470.939s][debug][gc,phases      ] GC(35)   JVMTI Tag Weak OopStorage      Min:  0.0, Avg:  0.0, Max:  0.0, Diff:  0.0, Sum:  0.0, Workers: 4
[470.939s][debug][gc,phases      ] GC(35)     Dead                           Min: 0, Avg:  0.0, Max: 0, Diff: 0, Sum: 0, Workers: 4
[470.939s][debug][gc,phases      ] GC(35)     Total                          Min: 0, Avg:  0.0, Max: 0, Diff: 0, Sum: 0, Workers: 4
[470.939s][debug][gc,phases      ] GC(35)   StringTable Weak               Min:  0.0, Avg:  0.1, Max:  0.1, Diff:  0.1, Sum:  0.4, Workers: 4
[470.939s][debug][gc,phases      ] GC(35)     Dead                           Min: 0, Avg:  0.2, Max: 1, Diff: 1, Sum: 1, Workers: 4
[470.939s][debug][gc,phases      ] GC(35)     Total                          Min: 0, Avg: 10826.5, Max: 18028, Diff: 18028, Sum: 43306, Workers: 4
[470.939s][debug][gc,phases      ] GC(35)   ResolvedMethodTable Weak       Min:  0.0, Avg:  0.0, Max:  0.0, Diff:  0.0, Sum:  0.1, Workers: 4
[470.939s][debug][gc,phases      ] GC(35)     Dead                           Min: 0, Avg:  4.2, Max: 11, Diff: 11, Sum: 17, Workers: 4
[470.939s][debug][gc,phases      ] GC(35)     Total                          Min: 0, Avg: 2303.0, Max: 4156, Diff: 4156, Sum: 9212, Workers: 4
[470.939s][debug][gc,phases      ] GC(35)   JNI Weak                       Min:  0.0, Avg:  0.0, Max:  0.0, Diff:  0.0, Sum:  0.0, Workers: 4
[470.939s][debug][gc,phases      ] GC(35)     Dead                           Min: 0, Avg:  0.0, Max: 0, Diff: 0, Sum: 0, Workers: 4
[470.939s][debug][gc,phases      ] GC(35)     Total                          Min: 0, Avg: 11.2, Max: 45, Diff: 45, Sum: 45, Workers: 4
[470.939s][debug][gc,phases      ] GC(35)   StringDedup Table Weak         Min:  0.0, Avg:  0.0, Max:  0.0, Diff:  0.0, Sum:  0.0, Workers: 4
[470.939s][debug][gc,phases      ] GC(35)     Dead                           Min: 0, Avg:  0.0, Max: 0, Diff: 0, Sum: 0, Workers: 4
[470.939s][debug][gc,phases      ] GC(35)     Total                          Min: 0, Avg:  0.0, Max: 0, Diff: 0, Sum: 0, Workers: 4
[470.939s][debug][gc,phases      ] GC(35)   StringDedup Requests0 Weak     Min:  0.0, Avg:  0.0, Max:  0.0, Diff:  0.0, Sum:  0.0, Workers: 4
[470.939s][debug][gc,phases      ] GC(35)     Dead                           Min: 0, Avg:  0.0, Max: 0, Diff: 0, Sum: 0, Workers: 4
[470.939s][debug][gc,phases      ] GC(35)     Total                          Min: 0, Avg:  0.0, Max: 0, Diff: 0, Sum: 0, Workers: 4
[470.939s][debug][gc,phases      ] GC(35)   StringDedup Requests1 Weak     Min:  0.0, Avg:  0.0, Max:  0.0, Diff:  0.0, Sum:  0.0, Workers: 4
[470.939s][debug][gc,phases      ] GC(35)     Dead                           Min: 0, Avg:  0.0, Max: 0, Diff: 0, Sum: 0, Workers: 4
[470.939s][debug][gc,phases      ] GC(35)     Total                          Min: 0, Avg:  0.0, Max: 0, Diff: 0, Sum: 0, Workers: 4
[470.939s][debug][gc,phases      ] GC(35)   Weak JFR Old Object Samples    Min:  0.0, Avg:  0.0, Max:  0.0, Diff:  0.0, Sum:  0.0, Workers: 4
[470.939s][debug][gc,phases      ] GC(35)     Dead                           Min: 0, Avg:  0.0, Max: 0, Diff: 0, Sum: 0, Workers: 4
[470.939s][debug][gc,phases      ] GC(35)     Total                          Min: 0, Avg:  0.0, Max: 0, Diff: 0, Sum: 0, Workers: 4
[470.939s][debug][gc,phases      ] GC(35) Weak Processing 0.340ms
[470.939s][debug][gc,age         ] GC(35) Desired survivor size 400031744 bytes, new threshold 15 (max threshold 15)
[470.939s][info ][gc,heap        ] GC(35) PSYoungGen: 1544938K(1697280K)->213615K(1705472K) Eden: 1313792K(1313792K)->0K(1313792K) From: 231146K(383488K)->213615K(391680K)
[470.939s][info ][gc,heap        ] GC(35) ParOldGen: 445461K(628736K)->445469K(628736K)
[470.939s][info ][gc,metaspace   ] GC(35) Metaspace: 80755K(81856K)->80755K(81856K) NonClass: 69183K(69760K)->69183K(69760K) Class: 11572K(12096K)->11572K(12096K)
[470.939s][info ][gc             ] GC(35) Pause Young (Allocation Failure) 1943M->643M(2279M) 48.969ms
[470.939s][info ][gc,cpu         ] GC(35) User=0.18s Sys=0.00s Real=0.05s
[470.939s][info ][safepoint      ] Safepoint "ParallelGCFailedAllocation", Time since last: 1360865581 ns, Reaching safepoint: 44401 ns, At safepoint: 49037340 ns, Total: 49081741 ns
[471.939s][info ][safepoint      ] Safepoint "Cleanup", Time since last: 1000080910 ns, Reaching safepoint: 46500 ns, At safepoint: 7600 ns, Total: 54100 ns
[472.939s][info ][safepoint      ] Safepoint "Cleanup", Time since last: 1000110511 ns, Reaching safepoint: 48200 ns, At safepoint: 3700 ns, Total: 51900 ns
[473.939s][info ][safepoint      ] Safepoint "Cleanup", Time since last: 1000098410 ns, Reaching safepoint: 57601 ns, At safepoint: 2800 ns, Total: 60401 ns
[474.939s][info ][safepoint      ] Safepoint "Cleanup", Time since last: 1000110610 ns, Reaching safepoint: 134602 ns, At safepoint: 6100 ns, Total: 140702 ns
[475.940s][info ][safepoint      ] Safepoint "Cleanup", Time since last: 1000106888 ns, Reaching safepoint: 51100 ns, At safepoint: 3000 ns, Total: 54100 ns
[476.940s][info ][safepoint      ] Safepoint "Cleanup", Time since last: 1000111880 ns, Reaching safepoint: 62300 ns, At safepoint: 2500 ns, Total: 64800 ns
[477.940s][info ][safepoint      ] Safepoint "Cleanup", Time since last: 1000094379 ns, Reaching safepoint: 42501 ns, At safepoint: 2700 ns, Total: 45201 ns
[478.940s][info ][safepoint      ] Safepoint "Cleanup", Time since last: 1000094279 ns, Reaching safepoint: 46800 ns, At safepoint: 7500 ns, Total: 54300 ns
[480.940s][info ][safepoint      ] Safepoint "Cleanup", Time since last: 2000170758 ns, Reaching safepoint: 83201 ns, At safepoint: 5300 ns, Total: 88501 ns
[481.940s][info ][safepoint      ] Safepoint "Cleanup", Time since last: 1000112380 ns, Reaching safepoint: 64500 ns, At safepoint: 4500 ns, Total: 69000 ns
[482.941s][info ][safepoint      ] Safepoint "Cleanup", Time since last: 1000106979 ns, Reaching safepoint: 43101 ns, At safepoint: 3100 ns, Total: 46201 ns
[483.941s][info ][safepoint      ] Safepoint "Cleanup", Time since last: 1000104783 ns, Reaching safepoint: 58400 ns, At safepoint: 2600 ns, Total: 61000 ns
[485.035s][info ][safepoint      ] Safepoint "Cleanup", Time since last: 1094137111 ns, Reaching safepoint: 78501 ns, At safepoint: 2200 ns, Total: 80701 ns
[486.035s][info ][safepoint      ] Safepoint "Cleanup", Time since last: 1000098187 ns, Reaching safepoint: 69401 ns, At safepoint: 2500 ns, Total: 71901 ns
[487.035s][info ][safepoint      ] Safepoint "Cleanup", Time since last: 1000091587 ns, Reaching safepoint: 103001 ns, At safepoint: 6801 ns, Total: 109802 ns
[488.065s][info ][gc,start       ] GC(36) Pause Young (Allocation Failure)
[488.122s][debug][gc,phases      ] GC(36) Scavenge 57.620ms
[488.122s][debug][gc,ref         ] GC(36) Skipped phase 1 of Reference Processing: no references
[488.122s][debug][gc,ref         ] GC(36) ReferenceProcessor::execute queues: 1, RefProcThreadModel::Single, marks_oops_alive: false
[488.122s][debug][gc,ref         ] GC(36) Skipped phase 3 of Reference Processing: no references
[488.122s][debug][gc,ref         ] GC(36) ReferenceProcessor::execute queues: 1, RefProcThreadModel::Single, marks_oops_alive: false
[488.122s][debug][gc,phases      ] GC(36) Reference Processing 0.127ms
[488.123s][debug][gc,phases      ] GC(36)   VM Weak                        Min:  0.0, Avg:  0.0, Max:  0.0, Diff:  0.0, Sum:  0.0, Workers: 4
[488.123s][debug][gc,phases      ] GC(36)     Dead                           Min: 0, Avg:  0.0, Max: 0, Diff: 0, Sum: 0, Workers: 4
[488.123s][debug][gc,phases      ] GC(36)     Total                          Min: 0, Avg: 218.0, Max: 488, Diff: 488, Sum: 872, Workers: 4
[488.123s][debug][gc,phases      ] GC(36)   ObjectSynchronizer Weak        Min:  0.0, Avg:  0.0, Max:  0.0, Diff:  0.0, Sum:  0.0, Workers: 4
[488.123s][debug][gc,phases      ] GC(36)     Dead                           Min: 0, Avg:  0.0, Max: 0, Diff: 0, Sum: 0, Workers: 4
[488.123s][debug][gc,phases      ] GC(36)     Total                          Min: 0, Avg:  7.5, Max: 30, Diff: 30, Sum: 30, Workers: 4
[488.123s][debug][gc,phases      ] GC(36)   JVMTI Tag Weak OopStorage      Min:  0.0, Avg:  0.0, Max:  0.0, Diff:  0.0, Sum:  0.0, Workers: 4
[488.123s][debug][gc,phases      ] GC(36)     Dead                           Min: 0, Avg:  0.0, Max: 0, Diff: 0, Sum: 0, Workers: 4
[488.123s][debug][gc,phases      ] GC(36)     Total                          Min: 0, Avg:  0.0, Max: 0, Diff: 0, Sum: 0, Workers: 4
[488.123s][debug][gc,phases      ] GC(36)   StringTable Weak               Min:  0.0, Avg:  0.1, Max:  0.1, Diff:  0.1, Sum:  0.4, Workers: 4
[488.123s][debug][gc,phases      ] GC(36)     Dead                           Min: 0, Avg:  0.5, Max: 1, Diff: 1, Sum: 2, Workers: 4
[488.123s][debug][gc,phases      ] GC(36)     Total                          Min: 0, Avg: 10838.2, Max: 14655, Diff: 14655, Sum: 43353, Workers: 4
[488.123s][debug][gc,phases      ] GC(36)   ResolvedMethodTable Weak       Min:  0.0, Avg:  0.0, Max:  0.0, Diff:  0.0, Sum:  0.1, Workers: 4
[488.123s][debug][gc,phases      ] GC(36)     Dead                           Min: 0, Avg:  0.0, Max: 0, Diff: 0, Sum: 0, Workers: 4
[488.123s][debug][gc,phases      ] GC(36)     Total                          Min: 0, Avg: 2318.0, Max: 3320, Diff: 3320, Sum: 9272, Workers: 4
[488.123s][debug][gc,phases      ] GC(36)   JNI Weak                       Min:  0.0, Avg:  0.0, Max:  0.0, Diff:  0.0, Sum:  0.0, Workers: 4
[488.123s][debug][gc,phases      ] GC(36)     Dead                           Min: 0, Avg:  0.0, Max: 0, Diff: 0, Sum: 0, Workers: 4
[488.123s][debug][gc,phases      ] GC(36)     Total                          Min: 0, Avg: 11.2, Max: 45, Diff: 45, Sum: 45, Workers: 4
[488.123s][debug][gc,phases      ] GC(36)   StringDedup Table Weak         Min:  0.0, Avg:  0.0, Max:  0.0, Diff:  0.0, Sum:  0.0, Workers: 4
[488.123s][debug][gc,phases      ] GC(36)     Dead                           Min: 0, Avg:  0.0, Max: 0, Diff: 0, Sum: 0, Workers: 4
[488.123s][debug][gc,phases      ] GC(36)     Total                          Min: 0, Avg:  0.0, Max: 0, Diff: 0, Sum: 0, Workers: 4
[488.123s][debug][gc,phases      ] GC(36)   StringDedup Requests0 Weak     Min:  0.0, Avg:  0.0, Max:  0.0, Diff:  0.0, Sum:  0.0, Workers: 4
[488.123s][debug][gc,phases      ] GC(36)     Dead                           Min: 0, Avg:  0.0, Max: 0, Diff: 0, Sum: 0, Workers: 4
[488.123s][debug][gc,phases      ] GC(36)     Total                          Min: 0, Avg:  0.0, Max: 0, Diff: 0, Sum: 0, Workers: 4
[488.123s][debug][gc,phases      ] GC(36)   StringDedup Requests1 Weak     Min:  0.0, Avg:  0.0, Max:  0.0, Diff:  0.0, Sum:  0.0, Workers: 4
[488.123s][debug][gc,phases      ] GC(36)     Dead                           Min: 0, Avg:  0.0, Max: 0, Diff: 0, Sum: 0, Workers: 4
[488.123s][debug][gc,phases      ] GC(36)     Total                          Min: 0, Avg:  0.0, Max: 0, Diff: 0, Sum: 0, Workers: 4
[488.123s][debug][gc,phases      ] GC(36)   Weak JFR Old Object Samples    Min:  0.0, Avg:  0.0, Max:  0.0, Diff:  0.0, Sum:  0.0, Workers: 4
[488.123s][debug][gc,phases      ] GC(36)     Dead                           Min: 0, Avg:  0.0, Max: 0, Diff: 0, Sum: 0, Workers: 4
[488.123s][debug][gc,phases      ] GC(36)     Total                          Min: 0, Avg:  0.0, Max: 0, Diff: 0, Sum: 0, Workers: 4
[488.123s][debug][gc,phases      ] GC(36) Weak Processing 0.346ms
[488.123s][debug][gc,age         ] GC(36) Desired survivor size 404750336 bytes, new threshold 15 (max threshold 15)
[488.123s][info ][gc,heap        ] GC(36) PSYoungGen: 1527407K(1705472K)->233380K(1697280K) Eden: 1313792K(1313792K)->0K(1306624K) From: 213615K(391680K)->233380K(390656K)
[488.123s][info ][gc,heap        ] GC(36) ParOldGen: 445469K(628736K)->445477K(628736K)
[488.123s][info ][gc,metaspace   ] GC(36) Metaspace: 80940K(81984K)->80940K(81984K) NonClass: 69337K(69888K)->69337K(69888K) Class: 11602K(12096K)->11602K(12096K)
[488.123s][info ][gc             ] GC(36) Pause Young (Allocation Failure) 1926M->662M(2271M) 58.218ms
[488.123s][info ][gc,cpu         ] GC(36) User=0.20s Sys=0.00s Real=0.06s
[488.123s][info ][safepoint      ] Safepoint "ParallelGCFailedAllocation", Time since last: 1028919301 ns, Reaching safepoint: 222902 ns, At safepoint: 58296635 ns, Total: 58519537 ns
[489.123s][info ][safepoint      ] Safepoint "Cleanup", Time since last: 1000035086 ns, Reaching safepoint: 52501 ns, At safepoint: 2300 ns, Total: 54801 ns
[490.123s][info ][safepoint      ] Safepoint "Cleanup", Time since last: 1000105587 ns, Reaching safepoint: 52801 ns, At safepoint: 2700 ns, Total: 55501 ns
[491.123s][info ][safepoint      ] Safepoint "Cleanup", Time since last: 1000062471 ns, Reaching safepoint: 33600 ns, At safepoint: 1800 ns, Total: 35400 ns
[492.123s][info ][safepoint      ] Safepoint "Cleanup", Time since last: 1000121916 ns, Reaching safepoint: 57001 ns, At safepoint: 7100 ns, Total: 64101 ns
[493.124s][info ][safepoint      ] Safepoint "Cleanup", Time since last: 1000119015 ns, Reaching safepoint: 76501 ns, At safepoint: 2700 ns, Total: 79201 ns
[494.124s][info ][safepoint      ] Safepoint "Cleanup", Time since last: 1000103516 ns, Reaching safepoint: 110901 ns, At safepoint: 7100 ns, Total: 118001 ns
[495.124s][info ][safepoint      ] Safepoint "Cleanup", Time since last: 1000106516 ns, Reaching safepoint: 54100 ns, At safepoint: 2300 ns, Total: 56400 ns
[498.124s][info ][safepoint      ] Safepoint "Cleanup", Time since last: 3000231353 ns, Reaching safepoint: 37200 ns, At safepoint: 2400 ns, Total: 39600 ns
[499.124s][info ][safepoint      ] Safepoint "Cleanup", Time since last: 1000107587 ns, Reaching safepoint: 66700 ns, At safepoint: 2500 ns, Total: 69200 ns
[500.125s][info ][safepoint      ] Safepoint "Cleanup", Time since last: 1000111418 ns, Reaching safepoint: 42301 ns, At safepoint: 5400 ns, Total: 47701 ns
[501.125s][info ][safepoint      ] Safepoint "Cleanup", Time since last: 1000107318 ns, Reaching safepoint: 60300 ns, At safepoint: 2900 ns, Total: 63200 ns
[502.125s][info ][safepoint      ] Safepoint "Cleanup", Time since last: 1000100318 ns, Reaching safepoint: 46701 ns, At safepoint: 2400 ns, Total: 49101 ns
[503.125s][info ][safepoint      ] Safepoint "Cleanup", Time since last: 1000098118 ns, Reaching safepoint: 41900 ns, At safepoint: 3000 ns, Total: 44900 ns
[504.125s][info ][safepoint      ] Safepoint "Cleanup", Time since last: 1000097018 ns, Reaching safepoint: 48601 ns, At safepoint: 3600 ns, Total: 52201 ns
[505.125s][info ][safepoint      ] Safepoint "Cleanup", Time since last: 1000115918 ns, Reaching safepoint: 47000 ns, At safepoint: 2200 ns, Total: 49200 ns
[506.126s][info ][safepoint      ] Safepoint "Cleanup", Time since last: 1000108918 ns, Reaching safepoint: 58201 ns, At safepoint: 5100 ns, Total: 63301 ns
[507.126s][info ][safepoint      ] Safepoint "Cleanup", Time since last: 1000084715 ns, Reaching safepoint: 40500 ns, At safepoint: 2200 ns, Total: 42700 ns
[508.126s][info ][safepoint      ] Safepoint "Cleanup", Time since last: 1000073394 ns, Reaching safepoint: 66201 ns, At safepoint: 4700 ns, Total: 70901 ns
[509.126s][info ][safepoint      ] Safepoint "Cleanup", Time since last: 1000106595 ns, Reaching safepoint: 50900 ns, At safepoint: 2400 ns, Total: 53300 ns
[510.126s][info ][safepoint      ] Safepoint "Cleanup", Time since last: 1000103195 ns, Reaching safepoint: 48600 ns, At safepoint: 2800 ns, Total: 51400 ns
[511.126s][info ][safepoint      ] Safepoint "Cleanup", Time since last: 1000104095 ns, Reaching safepoint: 57801 ns, At safepoint: 4900 ns, Total: 62701 ns
[512.126s][info ][safepoint      ] Safepoint "Cleanup", Time since last: 1000113394 ns, Reaching safepoint: 49401 ns, At safepoint: 2300 ns, Total: 51701 ns
[512.765s][info ][gc,start       ] GC(37) Pause Young (Allocation Failure)
[512.808s][debug][gc,phases      ] GC(37) Scavenge 42.407ms
[512.808s][debug][gc,ref         ] GC(37) Skipped phase 1 of Reference Processing: no references
[512.808s][debug][gc,ref         ] GC(37) ReferenceProcessor::execute queues: 1, RefProcThreadModel::Single, marks_oops_alive: false
[512.808s][debug][gc,ref         ] GC(37) Skipped phase 3 of Reference Processing: no references
[512.808s][debug][gc,ref         ] GC(37) ReferenceProcessor::execute queues: 1, RefProcThreadModel::Single, marks_oops_alive: false
[512.808s][debug][gc,phases      ] GC(37) Reference Processing 0.239ms
[512.808s][debug][gc,phases      ] GC(37)   VM Weak                        Min:  0.0, Avg:  0.0, Max:  0.0, Diff:  0.0, Sum:  0.0, Workers: 4
[512.808s][debug][gc,phases      ] GC(37)     Dead                           Min: 0, Avg:  0.0, Max: 0, Diff: 0, Sum: 0, Workers: 4
[512.808s][debug][gc,phases      ] GC(37)     Total                          Min: 0, Avg: 220.0, Max: 640, Diff: 640, Sum: 880, Workers: 4
[512.808s][debug][gc,phases      ] GC(37)   ObjectSynchronizer Weak        Min:  0.0, Avg:  0.0, Max:  0.0, Diff:  0.0, Sum:  0.0, Workers: 4
[512.808s][debug][gc,phases      ] GC(37)     Dead                           Min: 0, Avg:  0.0, Max: 0, Diff: 0, Sum: 0, Workers: 4
[512.808s][debug][gc,phases      ] GC(37)     Total                          Min: 0, Avg:  7.5, Max: 30, Diff: 30, Sum: 30, Workers: 4
[512.808s][debug][gc,phases      ] GC(37)   JVMTI Tag Weak OopStorage      Min:  0.0, Avg:  0.0, Max:  0.0, Diff:  0.0, Sum:  0.0, Workers: 4
[512.808s][debug][gc,phases      ] GC(37)     Dead                           Min: 0, Avg:  0.0, Max: 0, Diff: 0, Sum: 0, Workers: 4
[512.808s][debug][gc,phases      ] GC(37)     Total                          Min: 0, Avg:  0.0, Max: 0, Diff: 0, Sum: 0, Workers: 4
[512.808s][debug][gc,phases      ] GC(37)   StringTable Weak               Min:  0.0, Avg:  0.1, Max:  0.2, Diff:  0.2, Sum:  0.4, Workers: 4
[512.808s][debug][gc,phases      ] GC(37)     Dead                           Min: 0, Avg:  0.5, Max: 2, Diff: 2, Sum: 2, Workers: 4
[512.808s][debug][gc,phases      ] GC(37)     Total                          Min: 0, Avg: 10853.0, Max: 21908, Diff: 21908, Sum: 43412, Workers: 4
[512.808s][debug][gc,phases      ] GC(37)   ResolvedMethodTable Weak       Min:  0.0, Avg:  0.0, Max:  0.1, Diff:  0.1, Sum:  0.1, Workers: 4
[512.808s][debug][gc,phases      ] GC(37)     Dead                           Min: 0, Avg:  4.5, Max: 12, Diff: 12, Sum: 18, Workers: 4
[512.808s][debug][gc,phases      ] GC(37)     Total                          Min: 0, Avg: 2326.5, Max: 4736, Diff: 4736, Sum: 9306, Workers: 4
[512.808s][debug][gc,phases      ] GC(37)   JNI Weak                       Min:  0.0, Avg:  0.0, Max:  0.0, Diff:  0.0, Sum:  0.0, Workers: 4
[512.808s][debug][gc,phases      ] GC(37)     Dead                           Min: 0, Avg:  0.0, Max: 0, Diff: 0, Sum: 0, Workers: 4
[512.808s][debug][gc,phases      ] GC(37)     Total                          Min: 0, Avg: 11.2, Max: 45, Diff: 45, Sum: 45, Workers: 4
[512.808s][debug][gc,phases      ] GC(37)   StringDedup Table Weak         Min:  0.0, Avg:  0.0, Max:  0.0, Diff:  0.0, Sum:  0.0, Workers: 4
[512.808s][debug][gc,phases      ] GC(37)     Dead                           Min: 0, Avg:  0.0, Max: 0, Diff: 0, Sum: 0, Workers: 4
[512.808s][debug][gc,phases      ] GC(37)     Total                          Min: 0, Avg:  0.0, Max: 0, Diff: 0, Sum: 0, Workers: 4
[512.808s][debug][gc,phases      ] GC(37)   StringDedup Requests0 Weak     Min:  0.0, Avg:  0.0, Max:  0.0, Diff:  0.0, Sum:  0.0, Workers: 4
[512.808s][debug][gc,phases      ] GC(37)     Dead                           Min: 0, Avg:  0.0, Max: 0, Diff: 0, Sum: 0, Workers: 4
[512.808s][debug][gc,phases      ] GC(37)     Total                          Min: 0, Avg:  0.0, Max: 0, Diff: 0, Sum: 0, Workers: 4
[512.808s][debug][gc,phases      ] GC(37)   StringDedup Requests1 Weak     Min:  0.0, Avg:  0.0, Max:  0.0, Diff:  0.0, Sum:  0.0, Workers: 4
[512.808s][debug][gc,phases      ] GC(37)     Dead                           Min: 0, Avg:  0.0, Max: 0, Diff: 0, Sum: 0, Workers: 4
[512.808s][debug][gc,phases      ] GC(37)     Total                          Min: 0, Avg:  0.0, Max: 0, Diff: 0, Sum: 0, Workers: 4
[512.808s][debug][gc,phases      ] GC(37)   Weak JFR Old Object Samples    Min:  0.0, Avg:  0.0, Max:  0.0, Diff:  0.0, Sum:  0.0, Workers: 4
[512.808s][debug][gc,phases      ] GC(37)     Dead                           Min: 0, Avg:  0.0, Max: 0, Diff: 0, Sum: 0, Workers: 4
[512.808s][debug][gc,phases      ] GC(37)     Total                          Min: 0, Avg:  0.0, Max: 0, Diff: 0, Sum: 0, Workers: 4
[512.809s][debug][gc,phases      ] GC(37) Weak Processing 0.493ms
[512.809s][debug][gc,age         ] GC(37) Desired survivor size 395837440 bytes, new threshold 15 (max threshold 15)
[512.809s][info ][gc,heap        ] GC(37) PSYoungGen: 1540004K(1697280K)->203236K(1701888K) Eden: 1306624K(1306624K)->0K(1306624K) From: 233380K(390656K)->203236K(395264K)
[512.809s][info ][gc,heap        ] GC(37) ParOldGen: 445477K(628736K)->445485K(628736K)
[512.809s][info ][gc,metaspace   ] GC(37) Metaspace: 81172K(82304K)->81172K(82304K) NonClass: 69547K(70144K)->69547K(70144K) Class: 11625K(12160K)->11625K(12160K)
[512.809s][info ][gc             ] GC(37) Pause Young (Allocation Failure) 1938M->633M(2276M) 43.275ms
[512.809s][info ][gc,cpu         ] GC(37) User=0.16s Sys=0.00s Real=0.05s
[512.809s][info ][safepoint      ] Safepoint "ParallelGCFailedAllocation", Time since last: 638688457 ns, Reaching safepoint: 131402 ns, At safepoint: 43353172 ns, Total: 43484574 ns
[513.831s][info ][safepoint      ] Safepoint "Cleanup", Time since last: 1021931932 ns, Reaching safepoint: 68601 ns, At safepoint: 2300 ns, Total: 70901 ns
[515.831s][info ][safepoint      ] Safepoint "Cleanup", Time since last: 2000172231 ns, Reaching safepoint: 133301 ns, At safepoint: 6601 ns, Total: 139902 ns
[516.831s][info ][safepoint      ] Safepoint "Cleanup", Time since last: 1000107924 ns, Reaching safepoint: 122201 ns, At safepoint: 8000 ns, Total: 130201 ns
[517.831s][info ][safepoint      ] Safepoint "Cleanup", Time since last: 1000100624 ns, Reaching safepoint: 141802 ns, At safepoint: 7300 ns, Total: 149102 ns
[518.832s][info ][safepoint      ] Safepoint "Cleanup", Time since last: 1000096424 ns, Reaching safepoint: 82101 ns, At safepoint: 2700 ns, Total: 84801 ns
[519.832s][info ][safepoint      ] Safepoint "Cleanup", Time since last: 1000112824 ns, Reaching safepoint: 53101 ns, At safepoint: 2600 ns, Total: 55701 ns
[520.867s][info ][safepoint      ] Safepoint "Cleanup", Time since last: 1035544307 ns, Reaching safepoint: 148202 ns, At safepoint: 8100 ns, Total: 156302 ns
[521.868s][info ][safepoint      ] Safepoint "Cleanup", Time since last: 1000120024 ns, Reaching safepoint: 132102 ns, At safepoint: 5100 ns, Total: 137202 ns
[522.868s][info ][safepoint      ] Safepoint "Cleanup", Time since last: 1000107724 ns, Reaching safepoint: 122101 ns, At safepoint: 6000 ns, Total: 128101 ns
[523.868s][info ][safepoint      ] Safepoint "Cleanup", Time since last: 1000117133 ns, Reaching safepoint: 119601 ns, At safepoint: 6100 ns, Total: 125701 ns
[525.869s][info ][safepoint      ] Safepoint "Cleanup", Time since last: 2000183768 ns, Reaching safepoint: 150401 ns, At safepoint: 7500 ns, Total: 157901 ns
[526.066s][info ][gc,start       ] GC(38) Pause Young (Allocation Failure)
[526.122s][debug][gc,phases      ] GC(38) Scavenge 56.490ms
[526.122s][debug][gc,ref         ] GC(38) Skipped phase 1 of Reference Processing: no references
[526.122s][debug][gc,ref         ] GC(38) ReferenceProcessor::execute queues: 1, RefProcThreadModel::Single, marks_oops_alive: false
[526.122s][debug][gc,ref         ] GC(38) Skipped phase 3 of Reference Processing: no references
[526.122s][debug][gc,ref         ] GC(38) ReferenceProcessor::execute queues: 1, RefProcThreadModel::Single, marks_oops_alive: false
[526.122s][debug][gc,phases      ] GC(38) Reference Processing 0.158ms
[526.123s][debug][gc,phases      ] GC(38)   VM Weak                        Min:  0.0, Avg:  0.0, Max:  0.0, Diff:  0.0, Sum:  0.0, Workers: 4
[526.123s][debug][gc,phases      ] GC(38)     Dead                           Min: 0, Avg:  0.0, Max: 0, Diff: 0, Sum: 0, Workers: 4
[526.123s][debug][gc,phases      ] GC(38)     Total                          Min: 0, Avg: 223.0, Max: 640, Diff: 640, Sum: 892, Workers: 4
[526.123s][debug][gc,phases      ] GC(38)   ObjectSynchronizer Weak        Min:  0.0, Avg:  0.0, Max:  0.0, Diff:  0.0, Sum:  0.0, Workers: 4
[526.123s][debug][gc,phases      ] GC(38)     Dead                           Min: 0, Avg:  0.0, Max: 0, Diff: 0, Sum: 0, Workers: 4
[526.123s][debug][gc,phases      ] GC(38)     Total                          Min: 0, Avg:  7.5, Max: 30, Diff: 30, Sum: 30, Workers: 4
[526.123s][debug][gc,phases      ] GC(38)   JVMTI Tag Weak OopStorage      Min:  0.0, Avg:  0.0, Max:  0.0, Diff:  0.0, Sum:  0.0, Workers: 4
[526.123s][debug][gc,phases      ] GC(38)     Dead                           Min: 0, Avg:  0.0, Max: 0, Diff: 0, Sum: 0, Workers: 4
[526.123s][debug][gc,phases      ] GC(38)     Total                          Min: 0, Avg:  0.0, Max: 0, Diff: 0, Sum: 0, Workers: 4
[526.123s][debug][gc,phases      ] GC(38)   StringTable Weak               Min:  0.0, Avg:  0.1, Max:  0.1, Diff:  0.1, Sum:  0.4, Workers: 4
[526.123s][debug][gc,phases      ] GC(38)     Dead                           Min: 0, Avg:  0.2, Max: 1, Diff: 1, Sum: 1, Workers: 4
[526.123s][debug][gc,phases      ] GC(38)     Total                          Min: 0, Avg: 10856.8, Max: 14948, Diff: 14948, Sum: 43427, Workers: 4
[526.123s][debug][gc,phases      ] GC(38)   ResolvedMethodTable Weak       Min:  0.0, Avg:  0.0, Max:  0.0, Diff:  0.0, Sum:  0.1, Workers: 4
[526.123s][debug][gc,phases      ] GC(38)     Dead                           Min: 0, Avg:  0.0, Max: 0, Diff: 0, Sum: 0, Workers: 4
[526.123s][debug][gc,phases      ] GC(38)     Total                          Min: 0, Avg: 2335.2, Max: 3328, Diff: 3328, Sum: 9341, Workers: 4
[526.123s][debug][gc,phases      ] GC(38)   JNI Weak                       Min:  0.0, Avg:  0.0, Max:  0.0, Diff:  0.0, Sum:  0.0, Workers: 4
[526.123s][debug][gc,phases      ] GC(38)     Dead                           Min: 0, Avg:  0.0, Max: 0, Diff: 0, Sum: 0, Workers: 4
[526.123s][debug][gc,phases      ] GC(38)     Total                          Min: 0, Avg: 11.2, Max: 45, Diff: 45, Sum: 45, Workers: 4
[526.123s][debug][gc,phases      ] GC(38)   StringDedup Table Weak         Min:  0.0, Avg:  0.0, Max:  0.0, Diff:  0.0, Sum:  0.0, Workers: 4
[526.123s][debug][gc,phases      ] GC(38)     Dead                           Min: 0, Avg:  0.0, Max: 0, Diff: 0, Sum: 0, Workers: 4
[526.123s][debug][gc,phases      ] GC(38)     Total                          Min: 0, Avg:  0.0, Max: 0, Diff: 0, Sum: 0, Workers: 4
[526.123s][debug][gc,phases      ] GC(38)   StringDedup Requests0 Weak     Min:  0.0, Avg:  0.0, Max:  0.0, Diff:  0.0, Sum:  0.0, Workers: 4
[526.123s][debug][gc,phases      ] GC(38)     Dead                           Min: 0, Avg:  0.0, Max: 0, Diff: 0, Sum: 0, Workers: 4
[526.123s][debug][gc,phases      ] GC(38)     Total                          Min: 0, Avg:  0.0, Max: 0, Diff: 0, Sum: 0, Workers: 4
[526.123s][debug][gc,phases      ] GC(38)   StringDedup Requests1 Weak     Min:  0.0, Avg:  0.0, Max:  0.0, Diff:  0.0, Sum:  0.0, Workers: 4
[526.123s][debug][gc,phases      ] GC(38)     Dead                           Min: 0, Avg:  0.0, Max: 0, Diff: 0, Sum: 0, Workers: 4
[526.123s][debug][gc,phases      ] GC(38)     Total                          Min: 0, Avg:  0.0, Max: 0, Diff: 0, Sum: 0, Workers: 4
[526.123s][debug][gc,phases      ] GC(38)   Weak JFR Old Object Samples    Min:  0.0, Avg:  0.0, Max:  0.0, Diff:  0.0, Sum:  0.0, Workers: 4
[526.123s][debug][gc,phases      ] GC(38)     Dead                           Min: 0, Avg:  0.0, Max: 0, Diff: 0, Sum: 0, Workers: 4
[526.123s][debug][gc,phases      ] GC(38)     Total                          Min: 0, Avg:  0.0, Max: 0, Diff: 0, Sum: 0, Workers: 4
[526.123s][debug][gc,phases      ] GC(38) Weak Processing 0.338ms
[526.123s][debug][gc,age         ] GC(38) Desired survivor size 391118848 bytes, new threshold 15 (max threshold 15)
[526.123s][info ][gc,heap        ] GC(38) PSYoungGen: 1509860K(1701888K)->215863K(1715200K) Eden: 1306624K(1306624K)->0K(1328640K) From: 203236K(395264K)->215863K(386560K)
[526.123s][info ][gc,heap        ] GC(38) ParOldGen: 445485K(628736K)->452179K(628736K)
[526.123s][info ][gc,metaspace   ] GC(38) Metaspace: 81257K(82368K)->81257K(82368K) NonClass: 69622K(70208K)->69622K(70208K) Class: 11634K(12160K)->11634K(12160K)
[526.123s][info ][gc             ] GC(38) Pause Young (Allocation Failure) 1909M->652M(2289M) 57.129ms
[526.123s][info ][gc,cpu         ] GC(38) User=0.19s Sys=0.00s Real=0.06s
[526.123s][info ][safepoint      ] Safepoint "ParallelGCFailedAllocation", Time since last: 196842533 ns, Reaching safepoint: 125701 ns, At safepoint: 57207320 ns, Total: 57333021 ns
[527.123s][info ][safepoint      ] Safepoint "Cleanup", Time since last: 1000049133 ns, Reaching safepoint: 37501 ns, At safepoint: 3200 ns, Total: 40701 ns
[528.123s][info ][safepoint      ] Safepoint "Cleanup", Time since last: 1000110234 ns, Reaching safepoint: 117701 ns, At safepoint: 4400 ns, Total: 122101 ns
[530.123s][info ][safepoint      ] Safepoint "Cleanup", Time since last: 2000169767 ns, Reaching safepoint: 117302 ns, At safepoint: 5800 ns, Total: 123102 ns
[531.123s][info ][safepoint      ] Safepoint "Cleanup", Time since last: 1000110911 ns, Reaching safepoint: 40701 ns, At safepoint: 2700 ns, Total: 43401 ns
[532.124s][info ][safepoint      ] Safepoint "Cleanup", Time since last: 1000070504 ns, Reaching safepoint: 28500 ns, At safepoint: 2100 ns, Total: 30600 ns
[533.124s][info ][safepoint      ] Safepoint "Cleanup", Time since last: 1000099204 ns, Reaching safepoint: 40501 ns, At safepoint: 2600 ns, Total: 43101 ns
[534.124s][info ][safepoint      ] Safepoint "Cleanup", Time since last: 1000140405 ns, Reaching safepoint: 120801 ns, At safepoint: 4400 ns, Total: 125201 ns
[535.124s][info ][safepoint      ] Safepoint "Cleanup", Time since last: 1000112504 ns, Reaching safepoint: 34301 ns, At safepoint: 3200 ns, Total: 37501 ns
[536.124s][info ][safepoint      ] Safepoint "Cleanup", Time since last: 1000102304 ns, Reaching safepoint: 51500 ns, At safepoint: 6501 ns, Total: 58001 ns
[537.124s][info ][safepoint      ] Safepoint "Cleanup", Time since last: 1000105104 ns, Reaching safepoint: 52400 ns, At safepoint: 5700 ns, Total: 58100 ns
[539.125s][info ][safepoint      ] Safepoint "Cleanup", Time since last: 2000168309 ns, Reaching safepoint: 53701 ns, At safepoint: 3500 ns, Total: 57201 ns
[544.125s][info ][safepoint      ] Safepoint "Cleanup", Time since last: 5000346635 ns, Reaching safepoint: 48601 ns, At safepoint: 2300 ns, Total: 50901 ns
[547.125s][info ][safepoint      ] Safepoint "Cleanup", Time since last: 3000225175 ns, Reaching safepoint: 42901 ns, At safepoint: 6900 ns, Total: 49801 ns
[550.126s][info ][safepoint      ] Safepoint "Cleanup", Time since last: 3000234804 ns, Reaching safepoint: 40900 ns, At safepoint: 6300 ns, Total: 47200 ns
[551.222s][info ][safepoint      ] Safepoint "Cleanup", Time since last: 1096283466 ns, Reaching safepoint: 37300 ns, At safepoint: 5000 ns, Total: 42300 ns
[552.222s][info ][safepoint      ] Safepoint "Cleanup", Time since last: 1000111969 ns, Reaching safepoint: 120801 ns, At safepoint: 7900 ns, Total: 128701 ns
[553.222s][info ][safepoint      ] Safepoint "Cleanup", Time since last: 1000107269 ns, Reaching safepoint: 112001 ns, At safepoint: 6000 ns, Total: 118001 ns
[557.223s][info ][safepoint      ] Safepoint "Cleanup", Time since last: 4000314572 ns, Reaching safepoint: 118501 ns, At safepoint: 7200 ns, Total: 125701 ns
[558.223s][info ][safepoint      ] Safepoint "Cleanup", Time since last: 1000105461 ns, Reaching safepoint: 41200 ns, At safepoint: 2200 ns, Total: 43400 ns
[559.223s][info ][safepoint      ] Safepoint "Cleanup", Time since last: 1000105960 ns, Reaching safepoint: 113102 ns, At safepoint: 6000 ns, Total: 119102 ns
[561.224s][info ][safepoint      ] Safepoint "Cleanup", Time since last: 2000168320 ns, Reaching safepoint: 120101 ns, At safepoint: 6100 ns, Total: 126201 ns
[561.466s][info ][gc,start       ] GC(39) Pause Young (Allocation Failure)
[561.512s][debug][gc,phases      ] GC(39) Scavenge 45.408ms
[561.512s][debug][gc,ref         ] GC(39) Skipped phase 1 of Reference Processing: no references
[561.512s][debug][gc,ref         ] GC(39) ReferenceProcessor::execute queues: 1, RefProcThreadModel::Single, marks_oops_alive: false
[561.512s][debug][gc,ref         ] GC(39) Skipped phase 3 of Reference Processing: no references
[561.512s][debug][gc,ref         ] GC(39) ReferenceProcessor::execute queues: 1, RefProcThreadModel::Single, marks_oops_alive: false
[561.512s][debug][gc,phases      ] GC(39) Reference Processing 0.172ms
[561.512s][debug][gc,phases      ] GC(39)   VM Weak                        Min:  0.0, Avg:  0.0, Max:  0.0, Diff:  0.0, Sum:  0.0, Workers: 4
[561.512s][debug][gc,phases      ] GC(39)     Dead                           Min: 0, Avg:  0.0, Max: 0, Diff: 0, Sum: 0, Workers: 4
[561.512s][debug][gc,phases      ] GC(39)     Total                          Min: 0, Avg: 223.5, Max: 448, Diff: 448, Sum: 894, Workers: 4
[561.512s][debug][gc,phases      ] GC(39)   ObjectSynchronizer Weak        Min:  0.0, Avg:  0.0, Max:  0.0, Diff:  0.0, Sum:  0.0, Workers: 4
[561.512s][debug][gc,phases      ] GC(39)     Dead                           Min: 0, Avg:  0.0, Max: 0, Diff: 0, Sum: 0, Workers: 4
[561.512s][debug][gc,phases      ] GC(39)     Total                          Min: 0, Avg:  7.5, Max: 30, Diff: 30, Sum: 30, Workers: 4
[561.512s][debug][gc,phases      ] GC(39)   JVMTI Tag Weak OopStorage      Min:  0.0, Avg:  0.0, Max:  0.0, Diff:  0.0, Sum:  0.0, Workers: 4
[561.512s][debug][gc,phases      ] GC(39)     Dead                           Min: 0, Avg:  0.0, Max: 0, Diff: 0, Sum: 0, Workers: 4
[561.512s][debug][gc,phases      ] GC(39)     Total                          Min: 0, Avg:  0.0, Max: 0, Diff: 0, Sum: 0, Workers: 4
[561.512s][debug][gc,phases      ] GC(39)   StringTable Weak               Min:  0.0, Avg:  0.1, Max:  0.1, Diff:  0.1, Sum:  0.4, Workers: 4
[561.512s][debug][gc,phases      ] GC(39)     Dead                           Min: 0, Avg:  1.0, Max: 3, Diff: 3, Sum: 4, Workers: 4
[561.512s][debug][gc,phases      ] GC(39)     Total                          Min: 0, Avg: 10864.0, Max: 14657, Diff: 14657, Sum: 43456, Workers: 4
[561.512s][debug][gc,phases      ] GC(39)   ResolvedMethodTable Weak       Min:  0.0, Avg:  0.0, Max:  0.0, Diff:  0.0, Sum:  0.1, Workers: 4
[561.512s][debug][gc,phases      ] GC(39)     Dead                           Min: 0, Avg:  0.0, Max: 0, Diff: 0, Sum: 0, Workers: 4
[561.512s][debug][gc,phases      ] GC(39)     Total                          Min: 0, Avg: 2342.0, Max: 3328, Diff: 3328, Sum: 9368, Workers: 4
[561.512s][debug][gc,phases      ] GC(39)   JNI Weak                       Min:  0.0, Avg:  0.0, Max:  0.0, Diff:  0.0, Sum:  0.0, Workers: 4
[561.512s][debug][gc,phases      ] GC(39)     Dead                           Min: 0, Avg:  0.0, Max: 0, Diff: 0, Sum: 0, Workers: 4
[561.512s][debug][gc,phases      ] GC(39)     Total                          Min: 0, Avg: 11.2, Max: 45, Diff: 45, Sum: 45, Workers: 4
[561.512s][debug][gc,phases      ] GC(39)   StringDedup Table Weak         Min:  0.0, Avg:  0.0, Max:  0.0, Diff:  0.0, Sum:  0.0, Workers: 4
[561.512s][debug][gc,phases      ] GC(39)     Dead                           Min: 0, Avg:  0.0, Max: 0, Diff: 0, Sum: 0, Workers: 4
[561.512s][debug][gc,phases      ] GC(39)     Total                          Min: 0, Avg:  0.0, Max: 0, Diff: 0, Sum: 0, Workers: 4
[561.512s][debug][gc,phases      ] GC(39)   StringDedup Requests0 Weak     Min:  0.0, Avg:  0.0, Max:  0.0, Diff:  0.0, Sum:  0.0, Workers: 4
[561.512s][debug][gc,phases      ] GC(39)     Dead                           Min: 0, Avg:  0.0, Max: 0, Diff: 0, Sum: 0, Workers: 4
[561.512s][debug][gc,phases      ] GC(39)     Total                          Min: 0, Avg:  0.0, Max: 0, Diff: 0, Sum: 0, Workers: 4
[561.512s][debug][gc,phases      ] GC(39)   StringDedup Requests1 Weak     Min:  0.0, Avg:  0.0, Max:  0.0, Diff:  0.0, Sum:  0.0, Workers: 4
[561.512s][debug][gc,phases      ] GC(39)     Dead                           Min: 0, Avg:  0.0, Max: 0, Diff: 0, Sum: 0, Workers: 4
[561.512s][debug][gc,phases      ] GC(39)     Total                          Min: 0, Avg:  0.0, Max: 0, Diff: 0, Sum: 0, Workers: 4
[561.512s][debug][gc,phases      ] GC(39)   Weak JFR Old Object Samples    Min:  0.0, Avg:  0.0, Max:  0.0, Diff:  0.0, Sum:  0.0, Workers: 4
[561.512s][debug][gc,phases      ] GC(39)     Dead                           Min: 0, Avg:  0.0, Max: 0, Diff: 0, Sum: 0, Workers: 4
[561.512s][debug][gc,phases      ] GC(39)     Total                          Min: 0, Avg:  0.0, Max: 0, Diff: 0, Sum: 0, Workers: 4
[561.512s][debug][gc,phases      ] GC(39) Weak Processing 0.349ms
[561.512s][debug][gc,age         ] GC(39) Desired survivor size 384827392 bytes, new threshold 15 (max threshold 15)
[561.512s][info ][gc,heap        ] GC(39) PSYoungGen: 1544503K(1715200K)->213332K(1710592K) Eden: 1328640K(1328640K)->0K(1328640K) From: 215863K(386560K)->213332K(381952K)
[561.512s][info ][gc,heap        ] GC(39) ParOldGen: 452179K(628736K)->452555K(628736K)
[561.512s][info ][gc,metaspace   ] GC(39) Metaspace: 81461K(82560K)->81461K(82560K) NonClass: 69809K(70400K)->69809K(70400K) Class: 11651K(12160K)->11651K(12160K)
[561.512s][info ][gc             ] GC(39) Pause Young (Allocation Failure) 1949M->650M(2284M) 46.049ms
[561.512s][info ][gc,cpu         ] GC(39) User=0.16s Sys=0.00s Real=0.04s
[561.512s][info ][safepoint      ] Safepoint "ParallelGCFailedAllocation", Time since last: 242674138 ns, Reaching safepoint: 25601 ns, At safepoint: 46117682 ns, Total: 46143283 ns
[563.513s][info ][safepoint      ] Safepoint "Cleanup", Time since last: 2000167454 ns, Reaching safepoint: 44500 ns, At safepoint: 2400 ns, Total: 46900 ns
[564.513s][info ][safepoint      ] Safepoint "Cleanup", Time since last: 1000115746 ns, Reaching safepoint: 51001 ns, At safepoint: 5100 ns, Total: 56101 ns
[565.513s][info ][safepoint      ] Safepoint "Cleanup", Time since last: 1000075745 ns, Reaching safepoint: 106601 ns, At safepoint: 5900 ns, Total: 112501 ns
[566.513s][info ][safepoint      ] Safepoint "Cleanup", Time since last: 1000130746 ns, Reaching safepoint: 134801 ns, At safepoint: 6800 ns, Total: 141601 ns
[567.513s][info ][safepoint      ] Safepoint "Cleanup", Time since last: 1000124198 ns, Reaching safepoint: 115401 ns, At safepoint: 5700 ns, Total: 121101 ns
[569.514s][info ][safepoint      ] Safepoint "Cleanup", Time since last: 2000189223 ns, Reaching safepoint: 113701 ns, At safepoint: 3500 ns, Total: 117201 ns
[572.514s][info ][safepoint      ] Safepoint "Cleanup", Time since last: 3000254497 ns, Reaching safepoint: 146701 ns, At safepoint: 5400 ns, Total: 152101 ns
[573.514s][info ][safepoint      ] Safepoint "Cleanup", Time since last: 1000104764 ns, Reaching safepoint: 121301 ns, At safepoint: 7300 ns, Total: 128601 ns
[574.515s][info ][safepoint      ] Safepoint "Cleanup", Time since last: 1000122164 ns, Reaching safepoint: 133201 ns, At safepoint: 7401 ns, Total: 140602 ns
[575.515s][info ][safepoint      ] Safepoint "Cleanup", Time since last: 1000125763 ns, Reaching safepoint: 123502 ns, At safepoint: 10500 ns, Total: 134002 ns
[579.515s][info ][safepoint      ] Safepoint "Cleanup", Time since last: 4000374700 ns, Reaching safepoint: 111601 ns, At safepoint: 5900 ns, Total: 117501 ns
[580.516s][info ][safepoint      ] Safepoint "Cleanup", Time since last: 1000122159 ns, Reaching safepoint: 113201 ns, At safepoint: 3100 ns, Total: 116301 ns
[583.516s][info ][safepoint      ] Safepoint "Cleanup", Time since last: 3000283274 ns, Reaching safepoint: 123301 ns, At safepoint: 32701 ns, Total: 156002 ns
[585.516s][info ][safepoint      ] Safepoint "Cleanup", Time since last: 2000209192 ns, Reaching safepoint: 137001 ns, At safepoint: 7100 ns, Total: 144101 ns
[586.517s][info ][safepoint      ] Safepoint "Cleanup", Time since last: 1000128826 ns, Reaching safepoint: 117801 ns, At safepoint: 5800 ns, Total: 123601 ns
[587.517s][info ][safepoint      ] Safepoint "Cleanup", Time since last: 1000133558 ns, Reaching safepoint: 124002 ns, At safepoint: 6800 ns, Total: 130802 ns
[590.517s][info ][safepoint      ] Safepoint "Cleanup", Time since last: 3000272920 ns, Reaching safepoint: 112102 ns, At safepoint: 8700 ns, Total: 120802 ns
[592.518s][info ][safepoint      ] Safepoint "Cleanup", Time since last: 2000200947 ns, Reaching safepoint: 134702 ns, At safepoint: 6700 ns, Total: 141402 ns
[596.518s][info ][safepoint      ] Safepoint "Cleanup", Time since last: 4000311550 ns, Reaching safepoint: 118301 ns, At safepoint: 6300 ns, Total: 124601 ns
[596.669s][info ][gc,start       ] GC(40) Pause Young (Allocation Failure)
[596.718s][debug][gc,phases      ] GC(40) Scavenge 49.037ms
[596.718s][debug][gc,ref         ] GC(40) Skipped phase 1 of Reference Processing: no references
[596.718s][debug][gc,ref         ] GC(40) ReferenceProcessor::execute queues: 1, RefProcThreadModel::Single, marks_oops_alive: false
[596.718s][debug][gc,ref         ] GC(40) Skipped phase 3 of Reference Processing: no references
[596.718s][debug][gc,ref         ] GC(40) ReferenceProcessor::execute queues: 1, RefProcThreadModel::Single, marks_oops_alive: false
[596.718s][debug][gc,phases      ] GC(40) Reference Processing 0.227ms
[596.718s][debug][gc,phases      ] GC(40)   VM Weak                        Min:  0.0, Avg:  0.0, Max:  0.0, Diff:  0.0, Sum:  0.0, Workers: 4
[596.718s][debug][gc,phases      ] GC(40)     Dead                           Min: 0, Avg:  0.0, Max: 0, Diff: 0, Sum: 0, Workers: 4
[596.718s][debug][gc,phases      ] GC(40)     Total                          Min: 0, Avg: 225.5, Max: 512, Diff: 512, Sum: 902, Workers: 4
[596.718s][debug][gc,phases      ] GC(40)   ObjectSynchronizer Weak        Min:  0.0, Avg:  0.0, Max:  0.0, Diff:  0.0, Sum:  0.0, Workers: 4
[596.718s][debug][gc,phases      ] GC(40)     Dead                           Min: 0, Avg:  0.0, Max: 0, Diff: 0, Sum: 0, Workers: 4
[596.718s][debug][gc,phases      ] GC(40)     Total                          Min: 0, Avg:  7.8, Max: 31, Diff: 31, Sum: 31, Workers: 4
[596.718s][debug][gc,phases      ] GC(40)   JVMTI Tag Weak OopStorage      Min:  0.0, Avg:  0.0, Max:  0.0, Diff:  0.0, Sum:  0.0, Workers: 4
[596.718s][debug][gc,phases      ] GC(40)     Dead                           Min: 0, Avg:  0.0, Max: 0, Diff: 0, Sum: 0, Workers: 4
[596.718s][debug][gc,phases      ] GC(40)     Total                          Min: 0, Avg:  0.0, Max: 0, Diff: 0, Sum: 0, Workers: 4
[596.718s][debug][gc,phases      ] GC(40)   StringTable Weak               Min:  0.0, Avg:  0.1, Max:  0.1, Diff:  0.1, Sum:  0.4, Workers: 4
[596.718s][debug][gc,phases      ] GC(40)     Dead                           Min: 0, Avg:  0.8, Max: 3, Diff: 3, Sum: 3, Workers: 4
[596.718s][debug][gc,phases      ] GC(40)     Total                          Min: 0, Avg: 10870.0, Max: 14683, Diff: 14683, Sum: 43480, Workers: 4
[596.718s][debug][gc,phases      ] GC(40)   ResolvedMethodTable Weak       Min:  0.0, Avg:  0.0, Max:  0.0, Diff:  0.0, Sum:  0.1, Workers: 4
[596.718s][debug][gc,phases      ] GC(40)     Dead                           Min: 0, Avg:  0.0, Max: 0, Diff: 0, Sum: 0, Workers: 4
[596.718s][debug][gc,phases      ] GC(40)     Total                          Min: 0, Avg: 2352.8, Max: 3328, Diff: 3328, Sum: 9411, Workers: 4
[596.718s][debug][gc,phases      ] GC(40)   JNI Weak                       Min:  0.0, Avg:  0.0, Max:  0.0, Diff:  0.0, Sum:  0.0, Workers: 4
[596.718s][debug][gc,phases      ] GC(40)     Dead                           Min: 0, Avg:  0.0, Max: 0, Diff: 0, Sum: 0, Workers: 4
[596.718s][debug][gc,phases      ] GC(40)     Total                          Min: 0, Avg: 11.2, Max: 45, Diff: 45, Sum: 45, Workers: 4
[596.718s][debug][gc,phases      ] GC(40)   StringDedup Table Weak         Min:  0.0, Avg:  0.0, Max:  0.0, Diff:  0.0, Sum:  0.0, Workers: 4
[596.718s][debug][gc,phases      ] GC(40)     Dead                           Min: 0, Avg:  0.0, Max: 0, Diff: 0, Sum: 0, Workers: 4
[596.718s][debug][gc,phases      ] GC(40)     Total                          Min: 0, Avg:  0.0, Max: 0, Diff: 0, Sum: 0, Workers: 4
[596.718s][debug][gc,phases      ] GC(40)   StringDedup Requests0 Weak     Min:  0.0, Avg:  0.0, Max:  0.0, Diff:  0.0, Sum:  0.0, Workers: 4
[596.718s][debug][gc,phases      ] GC(40)     Dead                           Min: 0, Avg:  0.0, Max: 0, Diff: 0, Sum: 0, Workers: 4
[596.718s][debug][gc,phases      ] GC(40)     Total                          Min: 0, Avg:  0.0, Max: 0, Diff: 0, Sum: 0, Workers: 4
[596.718s][debug][gc,phases      ] GC(40)   StringDedup Requests1 Weak     Min:  0.0, Avg:  0.0, Max:  0.0, Diff:  0.0, Sum:  0.0, Workers: 4
[596.718s][debug][gc,phases      ] GC(40)     Dead                           Min: 0, Avg:  0.0, Max: 0, Diff: 0, Sum: 0, Workers: 4
[596.718s][debug][gc,phases      ] GC(40)     Total                          Min: 0, Avg:  0.0, Max: 0, Diff: 0, Sum: 0, Workers: 4
[596.718s][debug][gc,phases      ] GC(40)   Weak JFR Old Object Samples    Min:  0.0, Avg:  0.0, Max:  0.0, Diff:  0.0, Sum:  0.0, Workers: 4
[596.718s][debug][gc,phases      ] GC(40)     Dead                           Min: 0, Avg:  0.0, Max: 0, Diff: 0, Sum: 0, Workers: 4
[596.718s][debug][gc,phases      ] GC(40)     Total                          Min: 0, Avg:  0.0, Max: 0, Diff: 0, Sum: 0, Workers: 4
[596.718s][debug][gc,phases      ] GC(40) Weak Processing 0.373ms
[596.718s][debug][gc,age         ] GC(40) Desired survivor size 374341632 bytes, new threshold 15 (max threshold 15)
[596.718s][info ][gc,heap        ] GC(40) PSYoungGen: 1541972K(1710592K)->204078K(1731584K) Eden: 1328640K(1328640K)->0K(1355776K) From: 213332K(381952K)->204078K(375808K)
[596.718s][info ][gc,heap        ] GC(40) ParOldGen: 452555K(628736K)->461827K(628736K)
[596.718s][info ][gc,metaspace   ] GC(40) Metaspace: 81609K(82816K)->81609K(82816K) NonClass: 69941K(70592K)->69941K(70592K) Class: 11667K(12224K)->11667K(12224K)
[596.718s][info ][gc             ] GC(40) Pause Young (Allocation Failure) 1947M->650M(2305M) 49.771ms
[596.718s][info ][gc,cpu         ] GC(40) User=0.18s Sys=0.00s Real=0.05s
[596.718s][info ][safepoint      ] Safepoint "ParallelGCFailedAllocation", Time since last: 150470077 ns, Reaching safepoint: 42501 ns, At safepoint: 49846822 ns, Total: 49889323 ns
[597.719s][info ][safepoint      ] Safepoint "Cleanup", Time since last: 1000104182 ns, Reaching safepoint: 122802 ns, At safepoint: 6600 ns, Total: 129402 ns
[598.719s][info ][safepoint      ] Safepoint "Cleanup", Time since last: 1000109482 ns, Reaching safepoint: 122902 ns, At safepoint: 5600 ns, Total: 128502 ns
[599.719s][info ][safepoint      ] Safepoint "Cleanup", Time since last: 1000126282 ns, Reaching safepoint: 111401 ns, At safepoint: 5101 ns, Total: 116502 ns
[601.719s][info ][safepoint      ] Safepoint "Cleanup", Time since last: 2000175264 ns, Reaching safepoint: 106801 ns, At safepoint: 5300 ns, Total: 112101 ns
[603.720s][info ][safepoint      ] Safepoint "Cleanup", Time since last: 2000186669 ns, Reaching safepoint: 121402 ns, At safepoint: 26400 ns, Total: 147802 ns
[604.720s][info ][safepoint      ] Safepoint "Cleanup", Time since last: 1000110190 ns, Reaching safepoint: 134401 ns, At safepoint: 5200 ns, Total: 139601 ns
[606.720s][info ][safepoint      ] Safepoint "Cleanup", Time since last: 2000176579 ns, Reaching safepoint: 136901 ns, At safepoint: 4500 ns, Total: 141401 ns
[609.721s][info ][safepoint      ] Safepoint "Cleanup", Time since last: 3000248969 ns, Reaching safepoint: 140701 ns, At safepoint: 8600 ns, Total: 149301 ns
[610.721s][info ][safepoint      ] Safepoint "Cleanup", Time since last: 1000132590 ns, Reaching safepoint: 40800 ns, At safepoint: 4100 ns, Total: 44900 ns
[611.721s][info ][safepoint      ] Safepoint "Cleanup", Time since last: 1000102604 ns, Reaching safepoint: 118701 ns, At safepoint: 6500 ns, Total: 125201 ns
[612.721s][info ][safepoint      ] Safepoint "Cleanup", Time since last: 1000125796 ns, Reaching safepoint: 130901 ns, At safepoint: 6400 ns, Total: 137301 ns
[613.722s][info ][safepoint      ] Safepoint "Cleanup", Time since last: 1000127496 ns, Reaching safepoint: 43800 ns, At safepoint: 2600 ns, Total: 46400 ns
[614.722s][info ][safepoint      ] Safepoint "Cleanup", Time since last: 1000124096 ns, Reaching safepoint: 102101 ns, At safepoint: 8800 ns, Total: 110901 ns
[615.722s][info ][safepoint      ] Safepoint "Cleanup", Time since last: 1000097796 ns, Reaching safepoint: 42401 ns, At safepoint: 3500 ns, Total: 45901 ns
[616.722s][info ][safepoint      ] Safepoint "Cleanup", Time since last: 1000170396 ns, Reaching safepoint: 178002 ns, At safepoint: 10600 ns, Total: 188602 ns
[617.723s][info ][safepoint      ] Safepoint "Cleanup", Time since last: 1000102080 ns, Reaching safepoint: 53300 ns, At safepoint: 4800 ns, Total: 58100 ns
[618.723s][info ][safepoint      ] Safepoint "Cleanup", Time since last: 1000104976 ns, Reaching safepoint: 126202 ns, At safepoint: 4800 ns, Total: 131002 ns
[619.738s][info ][gc,start       ] GC(41) Pause Young (Allocation Failure)
[619.782s][debug][gc,phases      ] GC(41) Scavenge 44.260ms
[619.782s][debug][gc,ref         ] GC(41) Skipped phase 1 of Reference Processing: no references
[619.782s][debug][gc,ref         ] GC(41) ReferenceProcessor::execute queues: 1, RefProcThreadModel::Single, marks_oops_alive: false
[619.783s][debug][gc,ref         ] GC(41) Skipped phase 3 of Reference Processing: no references
[619.783s][debug][gc,ref         ] GC(41) ReferenceProcessor::execute queues: 1, RefProcThreadModel::Single, marks_oops_alive: false
[619.783s][debug][gc,phases      ] GC(41) Reference Processing 0.173ms
[619.783s][debug][gc,phases      ] GC(41)   VM Weak                        Min:  0.0, Avg:  0.0, Max:  0.0, Diff:  0.0, Sum:  0.0, Workers: 4
[619.783s][debug][gc,phases      ] GC(41)     Dead                           Min: 0, Avg:  0.0, Max: 0, Diff: 0, Sum: 0, Workers: 4
[619.783s][debug][gc,phases      ] GC(41)     Total                          Min: 0, Avg: 225.5, Max: 640, Diff: 640, Sum: 902, Workers: 4
[619.783s][debug][gc,phases      ] GC(41)   ObjectSynchronizer Weak        Min:  0.0, Avg:  0.0, Max:  0.0, Diff:  0.0, Sum:  0.0, Workers: 4
[619.783s][debug][gc,phases      ] GC(41)     Dead                           Min: 0, Avg:  2.2, Max: 9, Diff: 9, Sum: 9, Workers: 4
[619.783s][debug][gc,phases      ] GC(41)     Total                          Min: 0, Avg: 10.0, Max: 40, Diff: 40, Sum: 40, Workers: 4
[619.783s][debug][gc,phases      ] GC(41)   JVMTI Tag Weak OopStorage      Min:  0.0, Avg:  0.0, Max:  0.0, Diff:  0.0, Sum:  0.0, Workers: 4
[619.783s][debug][gc,phases      ] GC(41)     Dead                           Min: 0, Avg:  0.0, Max: 0, Diff: 0, Sum: 0, Workers: 4
[619.783s][debug][gc,phases      ] GC(41)     Total                          Min: 0, Avg:  0.0, Max: 0, Diff: 0, Sum: 0, Workers: 4
[619.783s][debug][gc,phases      ] GC(41)   StringTable Weak               Min:  0.0, Avg:  0.1, Max:  0.1, Diff:  0.1, Sum:  0.4, Workers: 4
[619.783s][debug][gc,phases      ] GC(41)     Dead                           Min: 0, Avg:  0.5, Max: 2, Diff: 2, Sum: 2, Workers: 4
[619.783s][debug][gc,phases      ] GC(41)     Total                          Min: 0, Avg: 10874.8, Max: 16510, Diff: 16510, Sum: 43499, Workers: 4
[619.783s][debug][gc,phases      ] GC(41)   ResolvedMethodTable Weak       Min:  0.0, Avg:  0.0, Max:  0.0, Diff:  0.0, Sum:  0.1, Workers: 4
[619.783s][debug][gc,phases      ] GC(41)     Dead                           Min: 0, Avg:  0.0, Max: 0, Diff: 0, Sum: 0, Workers: 4
[619.783s][debug][gc,phases      ] GC(41)     Total                          Min: 0, Avg: 2356.2, Max: 3904, Diff: 3904, Sum: 9425, Workers: 4
[619.783s][debug][gc,phases      ] GC(41)   JNI Weak                       Min:  0.0, Avg:  0.0, Max:  0.0, Diff:  0.0, Sum:  0.0, Workers: 4
[619.783s][debug][gc,phases      ] GC(41)     Dead                           Min: 0, Avg:  0.0, Max: 0, Diff: 0, Sum: 0, Workers: 4
[619.783s][debug][gc,phases      ] GC(41)     Total                          Min: 0, Avg: 11.2, Max: 45, Diff: 45, Sum: 45, Workers: 4
[619.783s][debug][gc,phases      ] GC(41)   StringDedup Table Weak         Min:  0.0, Avg:  0.0, Max:  0.0, Diff:  0.0, Sum:  0.0, Workers: 4
[619.783s][debug][gc,phases      ] GC(41)     Dead                           Min: 0, Avg:  0.0, Max: 0, Diff: 0, Sum: 0, Workers: 4
[619.783s][debug][gc,phases      ] GC(41)     Total                          Min: 0, Avg:  0.0, Max: 0, Diff: 0, Sum: 0, Workers: 4
[619.783s][debug][gc,phases      ] GC(41)   StringDedup Requests0 Weak     Min:  0.0, Avg:  0.0, Max:  0.0, Diff:  0.0, Sum:  0.0, Workers: 4
[619.783s][debug][gc,phases      ] GC(41)     Dead                           Min: 0, Avg:  0.0, Max: 0, Diff: 0, Sum: 0, Workers: 4
[619.783s][debug][gc,phases      ] GC(41)     Total                          Min: 0, Avg:  0.0, Max: 0, Diff: 0, Sum: 0, Workers: 4
[619.783s][debug][gc,phases      ] GC(41)   StringDedup Requests1 Weak     Min:  0.0, Avg:  0.0, Max:  0.0, Diff:  0.0, Sum:  0.0, Workers: 4
[619.783s][debug][gc,phases      ] GC(41)     Dead                           Min: 0, Avg:  0.0, Max: 0, Diff: 0, Sum: 0, Workers: 4
[619.783s][debug][gc,phases      ] GC(41)     Total                          Min: 0, Avg:  0.0, Max: 0, Diff: 0, Sum: 0, Workers: 4
[619.783s][debug][gc,phases      ] GC(41)   Weak JFR Old Object Samples    Min:  0.0, Avg:  0.0, Max:  0.0, Diff:  0.0, Sum:  0.0, Workers: 4
[619.783s][debug][gc,phases      ] GC(41)     Dead                           Min: 0, Avg:  0.0, Max: 0, Diff: 0, Sum: 0, Workers: 4
[619.783s][debug][gc,phases      ] GC(41)     Total                          Min: 0, Avg:  0.0, Max: 0, Diff: 0, Sum: 0, Workers: 4
[619.783s][debug][gc,phases      ] GC(41) Weak Processing 0.337ms
[619.783s][debug][gc,age         ] GC(41) Desired survivor size 360710144 bytes, new threshold 15 (max threshold 15)
[619.783s][info ][gc,heap        ] GC(41) PSYoungGen: 1559854K(1731584K)->193884K(1721344K) Eden: 1355776K(1355776K)->0K(1355776K) From: 204078K(375808K)->193884K(365568K)
[619.783s][info ][gc,heap        ] GC(41) ParOldGen: 461827K(628736K)->466795K(628736K)
[619.783s][info ][gc,metaspace   ] GC(41) Metaspace: 81681K(82816K)->81681K(82816K) NonClass: 70007K(70592K)->70007K(70592K) Class: 11674K(12224K)->11674K(12224K)
[619.783s][info ][gc             ] GC(41) Pause Young (Allocation Failure) 1974M->645M(2295M) 44.900ms
[619.783s][info ][gc,cpu         ] GC(41) User=0.15s Sys=0.00s Real=0.04s
[619.783s][info ][safepoint      ] Safepoint "ParallelGCFailedAllocation", Time since last: 1015106748 ns, Reaching safepoint: 94101 ns, At safepoint: 44971073 ns, Total: 45065174 ns
[620.783s][info ][safepoint      ] Safepoint "Cleanup", Time since last: 1000083600 ns, Reaching safepoint: 51200 ns, At safepoint: 2200 ns, Total: 53400 ns
[621.783s][info ][safepoint      ] Safepoint "Cleanup", Time since last: 1000093001 ns, Reaching safepoint: 63101 ns, At safepoint: 3600 ns, Total: 66701 ns
[622.882s][info ][safepoint      ] Safepoint "Cleanup", Time since last: 1098937038 ns, Reaching safepoint: 73301 ns, At safepoint: 2700 ns, Total: 76001 ns
[623.882s][info ][safepoint      ] Safepoint "Cleanup", Time since last: 1000095200 ns, Reaching safepoint: 39601 ns, At safepoint: 3300 ns, Total: 42901 ns
[624.883s][info ][safepoint      ] Safepoint "Cleanup", Time since last: 1000087500 ns, Reaching safepoint: 72101 ns, At safepoint: 2100 ns, Total: 74201 ns
[626.624s][info ][safepoint      ] Safepoint "Cleanup", Time since last: 1740919878 ns, Reaching safepoint: 120602 ns, At safepoint: 4600 ns, Total: 125202 ns
[627.624s][info ][safepoint      ] Safepoint "Cleanup", Time since last: 1000107522 ns, Reaching safepoint: 187602 ns, At safepoint: 23301 ns, Total: 210903 ns
[628.624s][info ][safepoint      ] Safepoint "Cleanup", Time since last: 1000102549 ns, Reaching safepoint: 70600 ns, At safepoint: 5300 ns, Total: 75900 ns
[630.624s][info ][safepoint      ] Safepoint "Cleanup", Time since last: 2000148798 ns, Reaching safepoint: 54100 ns, At safepoint: 2800 ns, Total: 56900 ns
[631.624s][info ][safepoint      ] Safepoint "Cleanup", Time since last: 1000101549 ns, Reaching safepoint: 37901 ns, At safepoint: 2300 ns, Total: 40201 ns
[632.625s][info ][safepoint      ] Safepoint "Cleanup", Time since last: 1000111649 ns, Reaching safepoint: 126701 ns, At safepoint: 4900 ns, Total: 131601 ns
[633.625s][info ][safepoint      ] Safepoint "Cleanup", Time since last: 1000108149 ns, Reaching safepoint: 130702 ns, At safepoint: 6800 ns, Total: 137502 ns
[634.625s][info ][safepoint      ] Safepoint "Cleanup", Time since last: 1000109449 ns, Reaching safepoint: 45900 ns, At safepoint: 2300 ns, Total: 48200 ns
[635.625s][info ][safepoint      ] Safepoint "Cleanup", Time since last: 1000104166 ns, Reaching safepoint: 37600 ns, At safepoint: 3501 ns, Total: 41101 ns
[637.625s][info ][safepoint      ] Safepoint "Cleanup", Time since last: 2000120557 ns, Reaching safepoint: 42700 ns, At safepoint: 5200 ns, Total: 47900 ns
[638.626s][info ][safepoint      ] Safepoint "Cleanup", Time since last: 1000089479 ns, Reaching safepoint: 40200 ns, At safepoint: 2201 ns, Total: 42401 ns
[639.626s][info ][safepoint      ] Safepoint "Cleanup", Time since last: 1000064078 ns, Reaching safepoint: 36901 ns, At safepoint: 2400 ns, Total: 39301 ns
[643.626s][info ][safepoint      ] Safepoint "Cleanup", Time since last: 4000289420 ns, Reaching safepoint: 38800 ns, At safepoint: 2100 ns, Total: 40900 ns
[644.626s][info ][safepoint      ] Safepoint "Cleanup", Time since last: 1000105391 ns, Reaching safepoint: 40701 ns, At safepoint: 2200 ns, Total: 42901 ns
[645.626s][info ][safepoint      ] Safepoint "Cleanup", Time since last: 1000111791 ns, Reaching safepoint: 44600 ns, At safepoint: 2100 ns, Total: 46700 ns
[646.626s][info ][safepoint      ] Safepoint "Cleanup", Time since last: 1000108291 ns, Reaching safepoint: 38501 ns, At safepoint: 2700 ns, Total: 41201 ns
[647.627s][info ][safepoint      ] Safepoint "Cleanup", Time since last: 1000103391 ns, Reaching safepoint: 106101 ns, At safepoint: 5300 ns, Total: 111401 ns
[648.627s][info ][safepoint      ] Safepoint "Cleanup", Time since last: 1000098991 ns, Reaching safepoint: 42600 ns, At safepoint: 2300 ns, Total: 44900 ns
[650.627s][info ][safepoint      ] Safepoint "Cleanup", Time since last: 2000153381 ns, Reaching safepoint: 36501 ns, At safepoint: 4000 ns, Total: 40501 ns
[651.627s][info ][safepoint      ] Safepoint "Cleanup", Time since last: 1000059857 ns, Reaching safepoint: 36000 ns, At safepoint: 6100 ns, Total: 42100 ns
[656.000s][info ][gc,start       ] GC(42) Pause Young (Allocation Failure)
[656.045s][debug][gc,phases      ] GC(42) Scavenge 44.939ms
[656.045s][debug][gc,ref         ] GC(42) Skipped phase 1 of Reference Processing: no references
[656.045s][debug][gc,ref         ] GC(42) ReferenceProcessor::execute queues: 1, RefProcThreadModel::Single, marks_oops_alive: false
[656.045s][debug][gc,ref         ] GC(42) Skipped phase 3 of Reference Processing: no references
[656.045s][debug][gc,ref         ] GC(42) ReferenceProcessor::execute queues: 1, RefProcThreadModel::Single, marks_oops_alive: false
[656.045s][debug][gc,phases      ] GC(42) Reference Processing 0.160ms
[656.046s][debug][gc,phases      ] GC(42)   VM Weak                        Min:  0.0, Avg:  0.0, Max:  0.0, Diff:  0.0, Sum:  0.0, Workers: 4
[656.046s][debug][gc,phases      ] GC(42)     Dead                           Min: 0, Avg:  0.0, Max: 0, Diff: 0, Sum: 0, Workers: 4
[656.046s][debug][gc,phases      ] GC(42)     Total                          Min: 0, Avg: 228.5, Max: 594, Diff: 594, Sum: 914, Workers: 4
[656.046s][debug][gc,phases      ] GC(42)   ObjectSynchronizer Weak        Min:  0.0, Avg:  0.0, Max:  0.0, Diff:  0.0, Sum:  0.0, Workers: 4
[656.046s][debug][gc,phases      ] GC(42)     Dead                           Min: 0, Avg:  0.0, Max: 0, Diff: 0, Sum: 0, Workers: 4
[656.046s][debug][gc,phases      ] GC(42)     Total                          Min: 0, Avg: 10.0, Max: 40, Diff: 40, Sum: 40, Workers: 4
[656.046s][debug][gc,phases      ] GC(42)   JVMTI Tag Weak OopStorage      Min:  0.0, Avg:  0.0, Max:  0.0, Diff:  0.0, Sum:  0.0, Workers: 4
[656.046s][debug][gc,phases      ] GC(42)     Dead                           Min: 0, Avg:  0.0, Max: 0, Diff: 0, Sum: 0, Workers: 4
[656.046s][debug][gc,phases      ] GC(42)     Total                          Min: 0, Avg:  0.0, Max: 0, Diff: 0, Sum: 0, Workers: 4
[656.046s][debug][gc,phases      ] GC(42)   StringTable Weak               Min:  0.0, Avg:  0.1, Max:  0.1, Diff:  0.1, Sum:  0.4, Workers: 4
[656.046s][debug][gc,phases      ] GC(42)     Dead                           Min: 0, Avg:  0.5, Max: 2, Diff: 2, Sum: 2, Workers: 4
[656.046s][debug][gc,phases      ] GC(42)     Total                          Min: 0, Avg: 10886.5, Max: 18048, Diff: 18048, Sum: 43546, Workers: 4
[656.046s][debug][gc,phases      ] GC(42)   ResolvedMethodTable Weak       Min:  0.0, Avg:  0.1, Max:  0.1, Diff:  0.1, Sum:  0.2, Workers: 4
[656.046s][debug][gc,phases      ] GC(42)     Dead                           Min: 0, Avg:  4.2, Max: 17, Diff: 17, Sum: 17, Workers: 4
[656.046s][debug][gc,phases      ] GC(42)     Total                          Min: 0, Avg: 2379.2, Max: 4015, Diff: 4015, Sum: 9517, Workers: 4
[656.046s][debug][gc,phases      ] GC(42)   JNI Weak                       Min:  0.0, Avg:  0.0, Max:  0.0, Diff:  0.0, Sum:  0.0, Workers: 4
[656.046s][debug][gc,phases      ] GC(42)     Dead                           Min: 0, Avg:  0.0, Max: 0, Diff: 0, Sum: 0, Workers: 4
[656.046s][debug][gc,phases      ] GC(42)     Total                          Min: 0, Avg: 11.2, Max: 45, Diff: 45, Sum: 45, Workers: 4
[656.046s][debug][gc,phases      ] GC(42)   StringDedup Table Weak         Min:  0.0, Avg:  0.0, Max:  0.0, Diff:  0.0, Sum:  0.0, Workers: 4
[656.046s][debug][gc,phases      ] GC(42)     Dead                           Min: 0, Avg:  0.0, Max: 0, Diff: 0, Sum: 0, Workers: 4
[656.046s][debug][gc,phases      ] GC(42)     Total                          Min: 0, Avg:  0.0, Max: 0, Diff: 0, Sum: 0, Workers: 4
[656.046s][debug][gc,phases      ] GC(42)   StringDedup Requests0 Weak     Min:  0.0, Avg:  0.0, Max:  0.0, Diff:  0.0, Sum:  0.0, Workers: 4
[656.046s][debug][gc,phases      ] GC(42)     Dead                           Min: 0, Avg:  0.0, Max: 0, Diff: 0, Sum: 0, Workers: 4
[656.046s][debug][gc,phases      ] GC(42)     Total                          Min: 0, Avg:  0.0, Max: 0, Diff: 0, Sum: 0, Workers: 4
[656.046s][debug][gc,phases      ] GC(42)   StringDedup Requests1 Weak     Min:  0.0, Avg:  0.0, Max:  0.0, Diff:  0.0, Sum:  0.0, Workers: 4
[656.046s][debug][gc,phases      ] GC(42)     Dead                           Min: 0, Avg:  0.0, Max: 0, Diff: 0, Sum: 0, Workers: 4
[656.046s][debug][gc,phases      ] GC(42)     Total                          Min: 0, Avg:  0.0, Max: 0, Diff: 0, Sum: 0, Workers: 4
[656.046s][debug][gc,phases      ] GC(42)   Weak JFR Old Object Samples    Min:  0.0, Avg:  0.0, Max:  0.0, Diff:  0.0, Sum:  0.0, Workers: 4
[656.046s][debug][gc,phases      ] GC(42)     Dead                           Min: 0, Avg:  0.0, Max: 0, Diff: 0, Sum: 0, Workers: 4
[656.046s][debug][gc,phases      ] GC(42)     Total                          Min: 0, Avg:  0.0, Max: 0, Diff: 0, Sum: 0, Workers: 4
[656.046s][debug][gc,phases      ] GC(42) Weak Processing 0.395ms
[656.046s][debug][gc,age         ] GC(42) Desired survivor size 347602944 bytes, new threshold 15 (max threshold 15)
[656.046s][info ][gc,heap        ] GC(42) PSYoungGen: 1549660K(1721344K)->194301K(1757696K) Eden: 1355776K(1355776K)->0K(1405440K) From: 193884K(365568K)->194301K(352256K)
[656.046s][info ][gc,heap        ] GC(42) ParOldGen: 466795K(628736K)->467210K(628736K)
[656.046s][info ][gc,metaspace   ] GC(42) Metaspace: 81944K(83072K)->81944K(83072K) NonClass: 70232K(70848K)->70232K(70848K) Class: 11712K(12224K)->11712K(12224K)
[656.046s][info ][gc             ] GC(42) Pause Young (Allocation Failure) 1969M->646M(2330M) 45.614ms
[656.046s][info ][gc,cpu         ] GC(42) User=0.16s Sys=0.00s Real=0.05s
[656.046s][info ][safepoint      ] Safepoint "ParallelGCFailedAllocation", Time since last: 4373086259 ns, Reaching safepoint: 104201 ns, At safepoint: 45680563 ns, Total: 45784764 ns
[657.046s][info ][safepoint      ] Safepoint "Cleanup", Time since last: 1000083421 ns, Reaching safepoint: 43201 ns, At safepoint: 3300 ns, Total: 46501 ns
[658.387s][info ][safepoint      ] Safepoint "Cleanup", Time since last: 1341251474 ns, Reaching safepoint: 57901 ns, At safepoint: 2600 ns, Total: 60501 ns
[659.388s][info ][safepoint      ] Safepoint "Cleanup", Time since last: 1000103981 ns, Reaching safepoint: 50900 ns, At safepoint: 6700 ns, Total: 57600 ns
[660.388s][info ][safepoint      ] Safepoint "Cleanup", Time since last: 1000105057 ns, Reaching safepoint: 41300 ns, At safepoint: 3000 ns, Total: 44300 ns
[661.388s][info ][safepoint      ] Safepoint "Cleanup", Time since last: 1000100757 ns, Reaching safepoint: 35900 ns, At safepoint: 4800 ns, Total: 40700 ns
[662.388s][info ][safepoint      ] Safepoint "Cleanup", Time since last: 1000100957 ns, Reaching safepoint: 46900 ns, At safepoint: 3200 ns, Total: 50100 ns
[665.388s][info ][safepoint      ] Safepoint "Cleanup", Time since last: 3000242470 ns, Reaching safepoint: 44800 ns, At safepoint: 24800 ns, Total: 69600 ns
[666.388s][info ][safepoint      ] Safepoint "Cleanup", Time since last: 1000098557 ns, Reaching safepoint: 29600 ns, At safepoint: 2800 ns, Total: 32400 ns
[668.389s][info ][safepoint      ] Safepoint "Cleanup", Time since last: 2000144781 ns, Reaching safepoint: 53100 ns, At safepoint: 2400 ns, Total: 55500 ns
[671.389s][info ][safepoint      ] Safepoint "Cleanup", Time since last: 3000199168 ns, Reaching safepoint: 44300 ns, At safepoint: 2200 ns, Total: 46500 ns
[672.389s][info ][safepoint      ] Safepoint "Cleanup", Time since last: 1000082890 ns, Reaching safepoint: 43700 ns, At safepoint: 2900 ns, Total: 46600 ns
[673.389s][info ][safepoint      ] Safepoint "Cleanup", Time since last: 1000099290 ns, Reaching safepoint: 67200 ns, At safepoint: 2400 ns, Total: 69600 ns
[674.923s][info ][safepoint      ] Safepoint "Cleanup", Time since last: 1533471171 ns, Reaching safepoint: 151801 ns, At safepoint: 7100 ns, Total: 158901 ns
[676.923s][info ][safepoint      ] Safepoint "Cleanup", Time since last: 2000116041 ns, Reaching safepoint: 48801 ns, At safepoint: 2000 ns, Total: 50801 ns
[677.415s][info ][gc,start       ] GC(43) Pause Young (Allocation Failure)
[677.460s][debug][gc,phases      ] GC(43) Scavenge 45.459ms
[677.460s][debug][gc,ref         ] GC(43) Skipped phase 1 of Reference Processing: no references
[677.460s][debug][gc,ref         ] GC(43) ReferenceProcessor::execute queues: 1, RefProcThreadModel::Single, marks_oops_alive: false
[677.460s][debug][gc,ref         ] GC(43) Skipped phase 3 of Reference Processing: no references
[677.460s][debug][gc,ref         ] GC(43) ReferenceProcessor::execute queues: 1, RefProcThreadModel::Single, marks_oops_alive: false
[677.460s][debug][gc,phases      ] GC(43) Reference Processing 0.213ms
[677.461s][debug][gc,phases      ] GC(43)   VM Weak                        Min:  0.0, Avg:  0.0, Max:  0.0, Diff:  0.0, Sum:  0.0, Workers: 4
[677.461s][debug][gc,phases      ] GC(43)     Dead                           Min: 0, Avg:  0.0, Max: 0, Diff: 0, Sum: 0, Workers: 4
[677.461s][debug][gc,phases      ] GC(43)     Total                          Min: 0, Avg: 228.5, Max: 530, Diff: 530, Sum: 914, Workers: 4
[677.461s][debug][gc,phases      ] GC(43)   ObjectSynchronizer Weak        Min:  0.0, Avg:  0.0, Max:  0.0, Diff:  0.0, Sum:  0.0, Workers: 4
[677.461s][debug][gc,phases      ] GC(43)     Dead                           Min: 0, Avg:  0.0, Max: 0, Diff: 0, Sum: 0, Workers: 4
[677.461s][debug][gc,phases      ] GC(43)     Total                          Min: 0, Avg: 10.0, Max: 40, Diff: 40, Sum: 40, Workers: 4
[677.461s][debug][gc,phases      ] GC(43)   JVMTI Tag Weak OopStorage      Min:  0.0, Avg:  0.0, Max:  0.0, Diff:  0.0, Sum:  0.0, Workers: 4
[677.461s][debug][gc,phases      ] GC(43)     Dead                           Min: 0, Avg:  0.0, Max: 0, Diff: 0, Sum: 0, Workers: 4
[677.461s][debug][gc,phases      ] GC(43)     Total                          Min: 0, Avg:  0.0, Max: 0, Diff: 0, Sum: 0, Workers: 4
[677.461s][debug][gc,phases      ] GC(43)   StringTable Weak               Min:  0.0, Avg:  0.1, Max:  0.3, Diff:  0.3, Sum:  0.5, Workers: 4
[677.461s][debug][gc,phases      ] GC(43)     Dead                           Min: 0, Avg:  0.0, Max: 0, Diff: 0, Sum: 0, Workers: 4
[677.461s][debug][gc,phases      ] GC(43)     Total                          Min: 0, Avg: 10888.2, Max: 22433, Diff: 22433, Sum: 43553, Workers: 4
[677.461s][debug][gc,phases      ] GC(43)   ResolvedMethodTable Weak       Min:  0.0, Avg:  0.0, Max:  0.1, Diff:  0.1, Sum:  0.1, Workers: 4
[677.461s][debug][gc,phases      ] GC(43)     Dead                           Min: 0, Avg:  0.0, Max: 0, Diff: 0, Sum: 0, Workers: 4
[677.461s][debug][gc,phases      ] GC(43)     Total                          Min: 0, Avg: 2379.2, Max: 7215, Diff: 7215, Sum: 9517, Workers: 4
[677.461s][debug][gc,phases      ] GC(43)   JNI Weak                       Min:  0.0, Avg:  0.0, Max:  0.0, Diff:  0.0, Sum:  0.0, Workers: 4
[677.461s][debug][gc,phases      ] GC(43)     Dead                           Min: 0, Avg:  0.0, Max: 0, Diff: 0, Sum: 0, Workers: 4
[677.461s][debug][gc,phases      ] GC(43)     Total                          Min: 0, Avg: 11.2, Max: 45, Diff: 45, Sum: 45, Workers: 4
[677.461s][debug][gc,phases      ] GC(43)   StringDedup Table Weak         Min:  0.0, Avg:  0.0, Max:  0.0, Diff:  0.0, Sum:  0.0, Workers: 4
[677.461s][debug][gc,phases      ] GC(43)     Dead                           Min: 0, Avg:  0.0, Max: 0, Diff: 0, Sum: 0, Workers: 4
[677.461s][debug][gc,phases      ] GC(43)     Total                          Min: 0, Avg:  0.0, Max: 0, Diff: 0, Sum: 0, Workers: 4
[677.461s][debug][gc,phases      ] GC(43)   StringDedup Requests0 Weak     Min:  0.0, Avg:  0.0, Max:  0.0, Diff:  0.0, Sum:  0.0, Workers: 4
[677.461s][debug][gc,phases      ] GC(43)     Dead                           Min: 0, Avg:  0.0, Max: 0, Diff: 0, Sum: 0, Workers: 4
[677.461s][debug][gc,phases      ] GC(43)     Total                          Min: 0, Avg:  0.0, Max: 0, Diff: 0, Sum: 0, Workers: 4
[677.461s][debug][gc,phases      ] GC(43)   StringDedup Requests1 Weak     Min:  0.0, Avg:  0.0, Max:  0.0, Diff:  0.0, Sum:  0.0, Workers: 4
[677.461s][debug][gc,phases      ] GC(43)     Dead                           Min: 0, Avg:  0.0, Max: 0, Diff: 0, Sum: 0, Workers: 4
[677.461s][debug][gc,phases      ] GC(43)     Total                          Min: 0, Avg:  0.0, Max: 0, Diff: 0, Sum: 0, Workers: 4
[677.461s][debug][gc,phases      ] GC(43)   Weak JFR Old Object Samples    Min:  0.0, Avg:  0.0, Max:  0.0, Diff:  0.0, Sum:  0.0, Workers: 4
[677.461s][debug][gc,phases      ] GC(43)     Dead                           Min: 0, Avg:  0.0, Max: 0, Diff: 0, Sum: 0, Workers: 4
[677.461s][debug][gc,phases      ] GC(43)     Total                          Min: 0, Avg:  0.0, Max: 0, Diff: 0, Sum: 0, Workers: 4
[677.461s][debug][gc,phases      ] GC(43) Weak Processing 0.548ms
[677.461s][debug][gc,age         ] GC(43) Desired survivor size 343408640 bytes, new threshold 15 (max threshold 15)
[677.461s][info ][gc,heap        ] GC(43) PSYoungGen: 1599741K(1757696K)->213293K(1744896K) Eden: 1405440K(1405440K)->0K(1405440K) From: 194301K(352256K)->213293K(339456K)
[677.461s][info ][gc,heap        ] GC(43) ParOldGen: 467210K(628736K)->468003K(628736K)
[677.461s][info ][gc,metaspace   ] GC(43) Metaspace: 81957K(83072K)->81957K(83072K) NonClass: 70244K(70848K)->70244K(70848K) Class: 11712K(12224K)->11712K(12224K)
[677.461s][info ][gc             ] GC(43) Pause Young (Allocation Failure) 2018M->665M(2318M) 46.356ms
[677.461s][info ][gc,cpu         ] GC(43) User=0.16s Sys=0.00s Real=0.05s
[677.461s][info ][safepoint      ] Safepoint "ParallelGCFailedAllocation", Time since last: 491568332 ns, Reaching safepoint: 49300 ns, At safepoint: 46434176 ns, Total: 46483476 ns
[678.461s][info ][safepoint      ] Safepoint "Cleanup", Time since last: 1000087637 ns, Reaching safepoint: 46201 ns, At safepoint: 2600 ns, Total: 48801 ns
[679.461s][info ][safepoint      ] Safepoint "Cleanup", Time since last: 1000117538 ns, Reaching safepoint: 39200 ns, At safepoint: 3800 ns, Total: 43000 ns
[681.462s][info ][safepoint      ] Safepoint "Cleanup", Time since last: 2000190275 ns, Reaching safepoint: 50401 ns, At safepoint: 11200 ns, Total: 61601 ns
[683.462s][info ][safepoint      ] Safepoint "Cleanup", Time since last: 2000178387 ns, Reaching safepoint: 42701 ns, At safepoint: 2400 ns, Total: 45101 ns
[684.462s][info ][safepoint      ] Safepoint "Cleanup", Time since last: 1000091878 ns, Reaching safepoint: 53000 ns, At safepoint: 2700 ns, Total: 55700 ns
[685.462s][info ][safepoint      ] Safepoint "Cleanup", Time since last: 1000116378 ns, Reaching safepoint: 49301 ns, At safepoint: 3000 ns, Total: 52301 ns
[686.462s][info ][safepoint      ] Safepoint "Cleanup", Time since last: 1000108478 ns, Reaching safepoint: 48400 ns, At safepoint: 2300 ns, Total: 50700 ns
[687.462s][info ][safepoint      ] Safepoint "Cleanup", Time since last: 1000109679 ns, Reaching safepoint: 37000 ns, At safepoint: 2200 ns, Total: 39200 ns
[691.317s][info ][safepoint      ] Safepoint "Cleanup", Time since last: 3854378513 ns, Reaching safepoint: 106401 ns, At safepoint: 5300 ns, Total: 111701 ns
[692.317s][info ][safepoint      ] Safepoint "Cleanup", Time since last: 1000118589 ns, Reaching safepoint: 130102 ns, At safepoint: 5500 ns, Total: 135602 ns
[695.318s][info ][safepoint      ] Safepoint "Cleanup", Time since last: 3000270267 ns, Reaching safepoint: 110901 ns, At safepoint: 3600 ns, Total: 114501 ns
[696.318s][info ][safepoint      ] Safepoint "Cleanup", Time since last: 1000128389 ns, Reaching safepoint: 115101 ns, At safepoint: 4400 ns, Total: 119501 ns
[697.318s][info ][safepoint      ] Safepoint "Cleanup", Time since last: 1000123090 ns, Reaching safepoint: 110001 ns, At safepoint: 5900 ns, Total: 115901 ns
[700.717s][info ][gc,start       ] GC(44) Pause Young (Allocation Failure)
[700.764s][debug][gc,phases      ] GC(44) Scavenge 47.020ms
[700.764s][debug][gc,ref         ] GC(44) Skipped phase 1 of Reference Processing: no references
[700.764s][debug][gc,ref         ] GC(44) ReferenceProcessor::execute queues: 1, RefProcThreadModel::Single, marks_oops_alive: false
[700.764s][debug][gc,ref         ] GC(44) Skipped phase 3 of Reference Processing: no references
[700.764s][debug][gc,ref         ] GC(44) ReferenceProcessor::execute queues: 1, RefProcThreadModel::Single, marks_oops_alive: false
[700.764s][debug][gc,phases      ] GC(44) Reference Processing 0.149ms
[700.764s][debug][gc,phases      ] GC(44)   VM Weak                        Min:  0.0, Avg:  0.0, Max:  0.0, Diff:  0.0, Sum:  0.0, Workers: 4
[700.764s][debug][gc,phases      ] GC(44)     Dead                           Min: 0, Avg:  0.0, Max: 0, Diff: 0, Sum: 0, Workers: 4
[700.764s][debug][gc,phases      ] GC(44)     Total                          Min: 0, Avg: 229.5, Max: 598, Diff: 598, Sum: 918, Workers: 4
[700.764s][debug][gc,phases      ] GC(44)   ObjectSynchronizer Weak        Min:  0.0, Avg:  0.0, Max:  0.0, Diff:  0.0, Sum:  0.0, Workers: 4
[700.764s][debug][gc,phases      ] GC(44)     Dead                           Min: 0, Avg:  0.0, Max: 0, Diff: 0, Sum: 0, Workers: 4
[700.764s][debug][gc,phases      ] GC(44)     Total                          Min: 0, Avg: 10.0, Max: 40, Diff: 40, Sum: 40, Workers: 4
[700.764s][debug][gc,phases      ] GC(44)   JVMTI Tag Weak OopStorage      Min:  0.0, Avg:  0.0, Max:  0.0, Diff:  0.0, Sum:  0.0, Workers: 4
[700.764s][debug][gc,phases      ] GC(44)     Dead                           Min: 0, Avg:  0.0, Max: 0, Diff: 0, Sum: 0, Workers: 4
[700.764s][debug][gc,phases      ] GC(44)     Total                          Min: 0, Avg:  0.0, Max: 0, Diff: 0, Sum: 0, Workers: 4
[700.764s][debug][gc,phases      ] GC(44)   StringTable Weak               Min:  0.0, Avg:  0.1, Max:  0.1, Diff:  0.1, Sum:  0.4, Workers: 4
[700.764s][debug][gc,phases      ] GC(44)     Dead                           Min: 0, Avg:  0.0, Max: 0, Diff: 0, Sum: 0, Workers: 4
[700.764s][debug][gc,phases      ] GC(44)     Total                          Min: 0, Avg: 10892.2, Max: 14720, Diff: 14720, Sum: 43569, Workers: 4
[700.764s][debug][gc,phases      ] GC(44)   ResolvedMethodTable Weak       Min:  0.0, Avg:  0.0, Max:  0.0, Diff:  0.0, Sum:  0.1, Workers: 4
[700.764s][debug][gc,phases      ] GC(44)     Dead                           Min: 0, Avg:  0.0, Max: 0, Diff: 0, Sum: 0, Workers: 4
[700.764s][debug][gc,phases      ] GC(44)     Total                          Min: 0, Avg: 2382.8, Max: 3387, Diff: 3387, Sum: 9531, Workers: 4
[700.764s][debug][gc,phases      ] GC(44)   JNI Weak                       Min:  0.0, Avg:  0.0, Max:  0.0, Diff:  0.0, Sum:  0.0, Workers: 4
[700.764s][debug][gc,phases      ] GC(44)     Dead                           Min: 0, Avg:  0.0, Max: 0, Diff: 0, Sum: 0, Workers: 4
[700.764s][debug][gc,phases      ] GC(44)     Total                          Min: 0, Avg: 11.2, Max: 45, Diff: 45, Sum: 45, Workers: 4
[700.764s][debug][gc,phases      ] GC(44)   StringDedup Table Weak         Min:  0.0, Avg:  0.0, Max:  0.0, Diff:  0.0, Sum:  0.0, Workers: 4
[700.764s][debug][gc,phases      ] GC(44)     Dead                           Min: 0, Avg:  0.0, Max: 0, Diff: 0, Sum: 0, Workers: 4
[700.764s][debug][gc,phases      ] GC(44)     Total                          Min: 0, Avg:  0.0, Max: 0, Diff: 0, Sum: 0, Workers: 4
[700.764s][debug][gc,phases      ] GC(44)   StringDedup Requests0 Weak     Min:  0.0, Avg:  0.0, Max:  0.0, Diff:  0.0, Sum:  0.0, Workers: 4
[700.764s][debug][gc,phases      ] GC(44)     Dead                           Min: 0, Avg:  0.0, Max: 0, Diff: 0, Sum: 0, Workers: 4
[700.764s][debug][gc,phases      ] GC(44)     Total                          Min: 0, Avg:  0.0, Max: 0, Diff: 0, Sum: 0, Workers: 4
[700.764s][debug][gc,phases      ] GC(44)   StringDedup Requests1 Weak     Min:  0.0, Avg:  0.0, Max:  0.0, Diff:  0.0, Sum:  0.0, Workers: 4
[700.764s][debug][gc,phases      ] GC(44)     Dead                           Min: 0, Avg:  0.0, Max: 0, Diff: 0, Sum: 0, Workers: 4
[700.764s][debug][gc,phases      ] GC(44)     Total                          Min: 0, Avg:  0.0, Max: 0, Diff: 0, Sum: 0, Workers: 4
[700.764s][debug][gc,phases      ] GC(44)   Weak JFR Old Object Samples    Min:  0.0, Avg:  0.0, Max:  0.0, Diff:  0.0, Sum:  0.0, Workers: 4
[700.764s][debug][gc,phases      ] GC(44)     Dead                           Min: 0, Avg:  0.0, Max: 0, Diff: 0, Sum: 0, Workers: 4
[700.764s][debug][gc,phases      ] GC(44)     Total                          Min: 0, Avg:  0.0, Max: 0, Diff: 0, Sum: 0, Workers: 4
[700.764s][debug][gc,phases      ] GC(44) Weak Processing 0.348ms
[700.765s][debug][gc,age         ] GC(44) Desired survivor size 337641472 bytes, new threshold 15 (max threshold 15)
[700.765s][info ][gc,heap        ] GC(44) PSYoungGen: 1618733K(1744896K)->210994K(1767424K) Eden: 1405440K(1405440K)->0K(1432064K) From: 213293K(339456K)->210994K(335360K)
[700.765s][info ][gc,heap        ] GC(44) ParOldGen: 468003K(628736K)->469024K(628736K)
[700.765s][info ][gc,metaspace   ] GC(44) Metaspace: 81992K(83136K)->81992K(83136K) NonClass: 70275K(70912K)->70275K(70912K) Class: 11717K(12224K)->11717K(12224K)
[700.765s][info ][gc             ] GC(44) Pause Young (Allocation Failure) 2037M->664M(2340M) 47.642ms
[700.765s][info ][gc,cpu         ] GC(44) User=0.17s Sys=0.01s Real=0.05s
[700.765s][info ][safepoint      ] Safepoint "ParallelGCFailedAllocation", Time since last: 3398781423 ns, Reaching safepoint: 46101 ns, At safepoint: 47712401 ns, Total: 47758502 ns
[704.765s][info ][safepoint      ] Safepoint "Cleanup", Time since last: 4000300980 ns, Reaching safepoint: 115201 ns, At safepoint: 5800 ns, Total: 121001 ns
[708.765s][info ][safepoint      ] Safepoint "Cleanup", Time since last: 4000353490 ns, Reaching safepoint: 119101 ns, At safepoint: 8400 ns, Total: 127501 ns
[710.766s][info ][safepoint      ] Safepoint "Cleanup", Time since last: 2000204076 ns, Reaching safepoint: 143001 ns, At safepoint: 10900 ns, Total: 153901 ns
[715.766s][info ][safepoint      ] Safepoint "Cleanup", Time since last: 5000424968 ns, Reaching safepoint: 132001 ns, At safepoint: 9201 ns, Total: 141202 ns
[717.767s][info ][safepoint      ] Safepoint "Cleanup", Time since last: 2000202608 ns, Reaching safepoint: 106901 ns, At safepoint: 2900 ns, Total: 109801 ns
[719.767s][info ][safepoint      ] Safepoint "Cleanup", Time since last: 2000257210 ns, Reaching safepoint: 110201 ns, At safepoint: 6900 ns, Total: 117101 ns
[720.767s][info ][safepoint      ] Safepoint "Cleanup", Time since last: 1000127304 ns, Reaching safepoint: 117402 ns, At safepoint: 5500 ns, Total: 122902 ns
[723.768s][info ][safepoint      ] Safepoint "Cleanup", Time since last: 3000282611 ns, Reaching safepoint: 133502 ns, At safepoint: 6900 ns, Total: 140402 ns
[726.768s][info ][safepoint      ] Safepoint "Cleanup", Time since last: 3000282206 ns, Reaching safepoint: 127902 ns, At safepoint: 16800 ns, Total: 144702 ns
[727.768s][info ][safepoint      ] Safepoint "Cleanup", Time since last: 1000108502 ns, Reaching safepoint: 113302 ns, At safepoint: 5600 ns, Total: 118902 ns
[728.769s][info ][safepoint      ] Safepoint "Cleanup", Time since last: 1000119102 ns, Reaching safepoint: 118001 ns, At safepoint: 6400 ns, Total: 124401 ns
[731.769s][info ][safepoint      ] Safepoint "Cleanup", Time since last: 3000285367 ns, Reaching safepoint: 118401 ns, At safepoint: 5700 ns, Total: 124101 ns
[733.769s][info ][safepoint      ] Safepoint "Cleanup", Time since last: 2000206915 ns, Reaching safepoint: 116901 ns, At safepoint: 5300 ns, Total: 122201 ns
[735.770s][info ][safepoint      ] Safepoint "Cleanup", Time since last: 2000135914 ns, Reaching safepoint: 120601 ns, At safepoint: 8300 ns, Total: 128901 ns
[736.770s][info ][safepoint      ] Safepoint "Cleanup", Time since last: 1000115657 ns, Reaching safepoint: 116201 ns, At safepoint: 9900 ns, Total: 126101 ns
[736.966s][info ][gc,start       ] GC(45) Pause Young (Allocation Failure)
[737.004s][debug][gc,phases      ] GC(45) Scavenge 38.012ms
[737.004s][debug][gc,ref         ] GC(45) Skipped phase 1 of Reference Processing: no references
[737.004s][debug][gc,ref         ] GC(45) ReferenceProcessor::execute queues: 1, RefProcThreadModel::Single, marks_oops_alive: false
[737.004s][debug][gc,ref         ] GC(45) Skipped phase 3 of Reference Processing: no references
[737.004s][debug][gc,ref         ] GC(45) ReferenceProcessor::execute queues: 1, RefProcThreadModel::Single, marks_oops_alive: false
[737.004s][debug][gc,phases      ] GC(45) Reference Processing 0.145ms
[737.005s][debug][gc,phases      ] GC(45)   VM Weak                        Min:  0.0, Avg:  0.0, Max:  0.0, Diff:  0.0, Sum:  0.0, Workers: 4
[737.005s][debug][gc,phases      ] GC(45)     Dead                           Min: 0, Avg:  0.0, Max: 0, Diff: 0, Sum: 0, Workers: 4
[737.005s][debug][gc,phases      ] GC(45)     Total                          Min: 0, Avg: 229.5, Max: 406, Diff: 406, Sum: 918, Workers: 4
[737.005s][debug][gc,phases      ] GC(45)   ObjectSynchronizer Weak        Min:  0.0, Avg:  0.0, Max:  0.0, Diff:  0.0, Sum:  0.0, Workers: 4
[737.005s][debug][gc,phases      ] GC(45)     Dead                           Min: 0, Avg:  0.0, Max: 0, Diff: 0, Sum: 0, Workers: 4
[737.005s][debug][gc,phases      ] GC(45)     Total                          Min: 0, Avg: 10.0, Max: 40, Diff: 40, Sum: 40, Workers: 4
[737.005s][debug][gc,phases      ] GC(45)   JVMTI Tag Weak OopStorage      Min:  0.0, Avg:  0.0, Max:  0.0, Diff:  0.0, Sum:  0.0, Workers: 4
[737.005s][debug][gc,phases      ] GC(45)     Dead                           Min: 0, Avg:  0.0, Max: 0, Diff: 0, Sum: 0, Workers: 4
[737.005s][debug][gc,phases      ] GC(45)     Total                          Min: 0, Avg:  0.0, Max: 0, Diff: 0, Sum: 0, Workers: 4
[737.005s][debug][gc,phases      ] GC(45)   StringTable Weak               Min:  0.0, Avg:  0.1, Max:  0.1, Diff:  0.1, Sum:  0.4, Workers: 4
[737.005s][debug][gc,phases      ] GC(45)     Dead                           Min: 0, Avg:  0.0, Max: 0, Diff: 0, Sum: 0, Workers: 4
[737.005s][debug][gc,phases      ] GC(45)     Total                          Min: 0, Avg: 10893.2, Max: 18560, Diff: 18560, Sum: 43573, Workers: 4
[737.005s][debug][gc,phases      ] GC(45)   ResolvedMethodTable Weak       Min:  0.0, Avg:  0.0, Max:  0.0, Diff:  0.0, Sum:  0.1, Workers: 4
[737.005s][debug][gc,phases      ] GC(45)     Dead                           Min: 0, Avg:  0.0, Max: 0, Diff: 0, Sum: 0, Workers: 4
[737.005s][debug][gc,phases      ] GC(45)     Total                          Min: 0, Avg: 2382.8, Max: 3515, Diff: 3515, Sum: 9531, Workers: 4
[737.005s][debug][gc,phases      ] GC(45)   JNI Weak                       Min:  0.0, Avg:  0.0, Max:  0.0, Diff:  0.0, Sum:  0.0, Workers: 4
[737.005s][debug][gc,phases      ] GC(45)     Dead                           Min: 0, Avg:  0.0, Max: 0, Diff: 0, Sum: 0, Workers: 4
[737.005s][debug][gc,phases      ] GC(45)     Total                          Min: 0, Avg: 11.2, Max: 45, Diff: 45, Sum: 45, Workers: 4
[737.005s][debug][gc,phases      ] GC(45)   StringDedup Table Weak         Min:  0.0, Avg:  0.0, Max:  0.0, Diff:  0.0, Sum:  0.0, Workers: 4
[737.005s][debug][gc,phases      ] GC(45)     Dead                           Min: 0, Avg:  0.0, Max: 0, Diff: 0, Sum: 0, Workers: 4
[737.005s][debug][gc,phases      ] GC(45)     Total                          Min: 0, Avg:  0.0, Max: 0, Diff: 0, Sum: 0, Workers: 4
[737.005s][debug][gc,phases      ] GC(45)   StringDedup Requests0 Weak     Min:  0.0, Avg:  0.0, Max:  0.0, Diff:  0.0, Sum:  0.0, Workers: 4
[737.005s][debug][gc,phases      ] GC(45)     Dead                           Min: 0, Avg:  0.0, Max: 0, Diff: 0, Sum: 0, Workers: 4
[737.005s][debug][gc,phases      ] GC(45)     Total                          Min: 0, Avg:  0.0, Max: 0, Diff: 0, Sum: 0, Workers: 4
[737.005s][debug][gc,phases      ] GC(45)   StringDedup Requests1 Weak     Min:  0.0, Avg:  0.0, Max:  0.0, Diff:  0.0, Sum:  0.0, Workers: 4
[737.005s][debug][gc,phases      ] GC(45)     Dead                           Min: 0, Avg:  0.0, Max: 0, Diff: 0, Sum: 0, Workers: 4
[737.005s][debug][gc,phases      ] GC(45)     Total                          Min: 0, Avg:  0.0, Max: 0, Diff: 0, Sum: 0, Workers: 4
[737.005s][debug][gc,phases      ] GC(45)   Weak JFR Old Object Samples    Min:  0.0, Avg:  0.0, Max:  0.0, Diff:  0.0, Sum:  0.0, Workers: 4
[737.005s][debug][gc,phases      ] GC(45)     Dead                           Min: 0, Avg:  0.0, Max: 0, Diff: 0, Sum: 0, Workers: 4
[737.005s][debug][gc,phases      ] GC(45)     Total                          Min: 0, Avg:  0.0, Max: 0, Diff: 0, Sum: 0, Workers: 4
[737.005s][debug][gc,phases      ] GC(45) Weak Processing 0.332ms
[737.005s][debug][gc,age         ] GC(45) Desired survivor size 322961408 bytes, new threshold 15 (max threshold 15)
[737.005s][info ][gc,heap        ] GC(45) PSYoungGen: 1643058K(1767424K)->188466K(1761792K) Eden: 1432064K(1432064K)->0K(1432064K) From: 210994K(335360K)->188466K(329728K)
[737.005s][info ][gc,heap        ] GC(45) ParOldGen: 469024K(628736K)->469687K(628736K)
[737.005s][info ][gc,metaspace   ] GC(45) Metaspace: 82036K(83136K)->82036K(83136K) NonClass: 70319K(70912K)->70319K(70912K) Class: 11717K(12224K)->11717K(12224K)
[737.005s][info ][gc             ] GC(45) Pause Young (Allocation Failure) 2062M->642M(2334M) 38.603ms
[737.005s][info ][gc,cpu         ] GC(45) User=0.14s Sys=0.00s Real=0.03s
[737.005s][info ][safepoint      ] Safepoint "ParallelGCFailedAllocation", Time since last: 196220574 ns, Reaching safepoint: 41100 ns, At safepoint: 38669289 ns, Total: 38710389 ns
[738.005s][info ][safepoint      ] Safepoint "Cleanup", Time since last: 1000076157 ns, Reaching safepoint: 61901 ns, At safepoint: 6400 ns, Total: 68301 ns
[739.005s][info ][safepoint      ] Safepoint "Cleanup", Time since last: 1000112757 ns, Reaching safepoint: 50200 ns, At safepoint: 3800 ns, Total: 54000 ns
[740.005s][info ][safepoint      ] Safepoint "Cleanup", Time since last: 1000121438 ns, Reaching safepoint: 60701 ns, At safepoint: 2800 ns, Total: 63501 ns
[741.005s][info ][safepoint      ] Safepoint "Cleanup", Time since last: 1000105283 ns, Reaching safepoint: 47701 ns, At safepoint: 2800 ns, Total: 50501 ns
[744.006s][info ][safepoint      ] Safepoint "Cleanup", Time since last: 3000235748 ns, Reaching safepoint: 50201 ns, At safepoint: 2900 ns, Total: 53101 ns
[745.006s][info ][safepoint      ] Safepoint "Cleanup", Time since last: 1000122583 ns, Reaching safepoint: 51901 ns, At safepoint: 2800 ns, Total: 54701 ns
[746.006s][info ][safepoint      ] Safepoint "Cleanup", Time since last: 1000119183 ns, Reaching safepoint: 45501 ns, At safepoint: 2800 ns, Total: 48301 ns
[747.006s][info ][safepoint      ] Safepoint "Cleanup", Time since last: 1000103983 ns, Reaching safepoint: 46500 ns, At safepoint: 2600 ns, Total: 49100 ns
[748.006s][info ][safepoint      ] Safepoint "Cleanup", Time since last: 1000100475 ns, Reaching safepoint: 46700 ns, At safepoint: 7500 ns, Total: 54200 ns
[750.007s][info ][safepoint      ] Safepoint "Cleanup", Time since last: 2000164045 ns, Reaching safepoint: 41300 ns, At safepoint: 5800 ns, Total: 47100 ns
[752.007s][info ][safepoint      ] Safepoint "Cleanup", Time since last: 2000175245 ns, Reaching safepoint: 51701 ns, At safepoint: 5100 ns, Total: 56801 ns
[756.007s][info ][safepoint      ] Safepoint "Cleanup", Time since last: 4000306047 ns, Reaching safepoint: 42900 ns, At safepoint: 3900 ns, Total: 46800 ns
[758.007s][info ][safepoint      ] Safepoint "Cleanup", Time since last: 2000192175 ns, Reaching safepoint: 42000 ns, At safepoint: 3600 ns, Total: 45600 ns
[759.008s][info ][safepoint      ] Safepoint "Cleanup", Time since last: 1000065537 ns, Reaching safepoint: 39201 ns, At safepoint: 2900 ns, Total: 42101 ns
[761.008s][info ][safepoint      ] Safepoint "Cleanup", Time since last: 2000175874 ns, Reaching safepoint: 55300 ns, At safepoint: 3200 ns, Total: 58500 ns
[762.008s][info ][safepoint      ] Safepoint "Cleanup", Time since last: 1000113638 ns, Reaching safepoint: 68601 ns, At safepoint: 5600 ns, Total: 74201 ns
[764.008s][info ][safepoint      ] Safepoint "Cleanup", Time since last: 2000187403 ns, Reaching safepoint: 63001 ns, At safepoint: 3000 ns, Total: 66001 ns
[765.008s][info ][safepoint      ] Safepoint "Cleanup", Time since last: 1000103860 ns, Reaching safepoint: 46300 ns, At safepoint: 2200 ns, Total: 48500 ns
[766.009s][info ][safepoint      ] Safepoint "Cleanup", Time since last: 1000111960 ns, Reaching safepoint: 51501 ns, At safepoint: 2600 ns, Total: 54101 ns
[767.009s][info ][safepoint      ] Safepoint "Cleanup", Time since last: 1000111660 ns, Reaching safepoint: 46700 ns, At safepoint: 2700 ns, Total: 49400 ns
[770.009s][info ][safepoint      ] Safepoint "Cleanup", Time since last: 3000231979 ns, Reaching safepoint: 42300 ns, At safepoint: 7000 ns, Total: 49300 ns
[773.009s][info ][safepoint      ] Safepoint "Cleanup", Time since last: 3000237440 ns, Reaching safepoint: 44801 ns, At safepoint: 4600 ns, Total: 49401 ns
[776.315s][info ][gc,start       ] GC(46) Pause Young (Allocation Failure)
[776.358s][debug][gc,phases      ] GC(46) Scavenge 42.127ms
[776.358s][debug][gc,ref         ] GC(46) Skipped phase 1 of Reference Processing: no references
[776.358s][debug][gc,ref         ] GC(46) ReferenceProcessor::execute queues: 1, RefProcThreadModel::Single, marks_oops_alive: false
[776.358s][debug][gc,ref         ] GC(46) Skipped phase 3 of Reference Processing: no references
[776.358s][debug][gc,ref         ] GC(46) ReferenceProcessor::execute queues: 1, RefProcThreadModel::Single, marks_oops_alive: false
[776.358s][debug][gc,phases      ] GC(46) Reference Processing 0.200ms
[776.358s][debug][gc,phases      ] GC(46)   VM Weak                        Min:  0.0, Avg:  0.0, Max:  0.0, Diff:  0.0, Sum:  0.0, Workers: 4
[776.358s][debug][gc,phases      ] GC(46)     Dead                           Min: 0, Avg:  0.0, Max: 0, Diff: 0, Sum: 0, Workers: 4
[776.358s][debug][gc,phases      ] GC(46)     Total                          Min: 0, Avg: 229.5, Max: 598, Diff: 598, Sum: 918, Workers: 4
[776.358s][debug][gc,phases      ] GC(46)   ObjectSynchronizer Weak        Min:  0.0, Avg:  0.0, Max:  0.0, Diff:  0.0, Sum:  0.0, Workers: 4
[776.358s][debug][gc,phases      ] GC(46)     Dead                           Min: 0, Avg:  0.0, Max: 0, Diff: 0, Sum: 0, Workers: 4
[776.358s][debug][gc,phases      ] GC(46)     Total                          Min: 0, Avg: 10.0, Max: 40, Diff: 40, Sum: 40, Workers: 4
[776.358s][debug][gc,phases      ] GC(46)   JVMTI Tag Weak OopStorage      Min:  0.0, Avg:  0.0, Max:  0.0, Diff:  0.0, Sum:  0.0, Workers: 4
[776.358s][debug][gc,phases      ] GC(46)     Dead                           Min: 0, Avg:  0.0, Max: 0, Diff: 0, Sum: 0, Workers: 4
[776.358s][debug][gc,phases      ] GC(46)     Total                          Min: 0, Avg:  0.0, Max: 0, Diff: 0, Sum: 0, Workers: 4
[776.358s][debug][gc,phases      ] GC(46)   StringTable Weak               Min:  0.0, Avg:  0.1, Max:  0.2, Diff:  0.2, Sum:  0.5, Workers: 4
[776.358s][debug][gc,phases      ] GC(46)     Dead                           Min: 0, Avg:  0.0, Max: 0, Diff: 0, Sum: 0, Workers: 4
[776.358s][debug][gc,phases      ] GC(46)     Total                          Min: 0, Avg: 10898.8, Max: 14667, Diff: 14667, Sum: 43595, Workers: 4
[776.358s][debug][gc,phases      ] GC(46)   ResolvedMethodTable Weak       Min:  0.0, Avg:  0.0, Max:  0.0, Diff:  0.0, Sum:  0.1, Workers: 4
[776.358s][debug][gc,phases      ] GC(46)     Dead                           Min: 0, Avg:  4.0, Max: 8, Diff: 8, Sum: 16, Workers: 4
[776.358s][debug][gc,phases      ] GC(46)     Total                          Min: 0, Avg: 2388.0, Max: 3345, Diff: 3345, Sum: 9552, Workers: 4
[776.358s][debug][gc,phases      ] GC(46)   JNI Weak                       Min:  0.0, Avg:  0.0, Max:  0.0, Diff:  0.0, Sum:  0.0, Workers: 4
[776.358s][debug][gc,phases      ] GC(46)     Dead                           Min: 0, Avg:  0.0, Max: 0, Diff: 0, Sum: 0, Workers: 4
[776.358s][debug][gc,phases      ] GC(46)     Total                          Min: 0, Avg: 11.2, Max: 45, Diff: 45, Sum: 45, Workers: 4
[776.358s][debug][gc,phases      ] GC(46)   StringDedup Table Weak         Min:  0.0, Avg:  0.0, Max:  0.0, Diff:  0.0, Sum:  0.0, Workers: 4
[776.358s][debug][gc,phases      ] GC(46)     Dead                           Min: 0, Avg:  0.0, Max: 0, Diff: 0, Sum: 0, Workers: 4
[776.358s][debug][gc,phases      ] GC(46)     Total                          Min: 0, Avg:  0.0, Max: 0, Diff: 0, Sum: 0, Workers: 4
[776.358s][debug][gc,phases      ] GC(46)   StringDedup Requests0 Weak     Min:  0.0, Avg:  0.0, Max:  0.0, Diff:  0.0, Sum:  0.0, Workers: 4
[776.358s][debug][gc,phases      ] GC(46)     Dead                           Min: 0, Avg:  0.0, Max: 0, Diff: 0, Sum: 0, Workers: 4
[776.358s][debug][gc,phases      ] GC(46)     Total                          Min: 0, Avg:  0.0, Max: 0, Diff: 0, Sum: 0, Workers: 4
[776.358s][debug][gc,phases      ] GC(46)   StringDedup Requests1 Weak     Min:  0.0, Avg:  0.0, Max:  0.0, Diff:  0.0, Sum:  0.0, Workers: 4
[776.358s][debug][gc,phases      ] GC(46)     Dead                           Min: 0, Avg:  0.0, Max: 0, Diff: 0, Sum: 0, Workers: 4
[776.358s][debug][gc,phases      ] GC(46)     Total                          Min: 0, Avg:  0.0, Max: 0, Diff: 0, Sum: 0, Workers: 4
[776.358s][debug][gc,phases      ] GC(46)   Weak JFR Old Object Samples    Min:  0.0, Avg:  0.0, Max:  0.0, Diff:  0.0, Sum:  0.0, Workers: 4
[776.358s][debug][gc,phases      ] GC(46)     Dead                           Min: 0, Avg:  0.0, Max: 0, Diff: 0, Sum: 0, Workers: 4
[776.358s][debug][gc,phases      ] GC(46)     Total                          Min: 0, Avg:  0.0, Max: 0, Diff: 0, Sum: 0, Workers: 4
[776.358s][debug][gc,phases      ] GC(46) Weak Processing 0.423ms
[776.358s][debug][gc,age         ] GC(46) Desired survivor size 312999936 bytes, new threshold 15 (max threshold 15)
[776.358s][info ][gc,heap        ] GC(46) PSYoungGen: 1620530K(1761792K)->172541K(1791488K) Eden: 1432064K(1432064K)->0K(1476096K) From: 188466K(329728K)->172541K(315392K)
[776.358s][info ][gc,heap        ] GC(46) ParOldGen: 469687K(628736K)->487431K(628736K)
[776.358s][info ][gc,metaspace   ] GC(46) Metaspace: 82205K(83392K)->82205K(83392K) NonClass: 70478K(71104K)->70478K(71104K) Class: 11727K(12288K)->11727K(12288K)
[776.358s][info ][gc             ] GC(46) Pause Young (Allocation Failure) 2041M->644M(2363M) 42.910ms
[776.358s][info ][gc,cpu         ] GC(46) User=0.16s Sys=0.01s Real=0.05s
[776.358s][info ][safepoint      ] Safepoint "ParallelGCFailedAllocation", Time since last: 3305958884 ns, Reaching safepoint: 113601 ns, At safepoint: 42996933 ns, Total: 43110534 ns
[779.359s][info ][safepoint      ] Safepoint "Cleanup", Time since last: 3000235225 ns, Reaching safepoint: 53801 ns, At safepoint: 5700 ns, Total: 59501 ns
[780.359s][info ][safepoint      ] Safepoint "Cleanup", Time since last: 1000100332 ns, Reaching safepoint: 74901 ns, At safepoint: 2100 ns, Total: 77001 ns
[781.359s][info ][safepoint      ] Safepoint "Cleanup", Time since last: 1000112832 ns, Reaching safepoint: 45700 ns, At safepoint: 2200 ns, Total: 47900 ns
[782.359s][info ][safepoint      ] Safepoint "Cleanup", Time since last: 1000109532 ns, Reaching safepoint: 45401 ns, At safepoint: 6200 ns, Total: 51601 ns
[783.988s][info ][safepoint      ] Safepoint "Cleanup", Time since last: 1628936266 ns, Reaching safepoint: 82300 ns, At safepoint: 5400 ns, Total: 87700 ns
[784.988s][info ][safepoint      ] Safepoint "Cleanup", Time since last: 1000086532 ns, Reaching safepoint: 74301 ns, At safepoint: 13200 ns, Total: 87501 ns
[785.989s][info ][safepoint      ] Safepoint "Cleanup", Time since last: 1000111932 ns, Reaching safepoint: 46901 ns, At safepoint: 2400 ns, Total: 49301 ns
[791.989s][info ][safepoint      ] Safepoint "Cleanup", Time since last: 6000400521 ns, Reaching safepoint: 45801 ns, At safepoint: 8400 ns, Total: 54201 ns
[796.989s][info ][safepoint      ] Safepoint "Cleanup", Time since last: 5000360991 ns, Reaching safepoint: 45401 ns, At safepoint: 3000 ns, Total: 48401 ns
[797.989s][info ][safepoint      ] Safepoint "Cleanup", Time since last: 1000063638 ns, Reaching safepoint: 30600 ns, At safepoint: 2701 ns, Total: 33301 ns
[806.990s][info ][safepoint      ] Safepoint "Cleanup", Time since last: 9000561855 ns, Reaching safepoint: 48301 ns, At safepoint: 4200 ns, Total: 52501 ns
[809.990s][info ][safepoint      ] Safepoint "Cleanup", Time since last: 3000248384 ns, Reaching safepoint: 33701 ns, At safepoint: 5100 ns, Total: 38801 ns
[813.673s][info ][gc,start       ] GC(47) Pause Young (Allocation Failure)
[813.712s][debug][gc,phases      ] GC(47) Scavenge 38.981ms
[813.712s][debug][gc,ref         ] GC(47) Skipped phase 1 of Reference Processing: no references
[813.712s][debug][gc,ref         ] GC(47) ReferenceProcessor::execute queues: 1, RefProcThreadModel::Single, marks_oops_alive: false
[813.712s][debug][gc,ref         ] GC(47) Skipped phase 3 of Reference Processing: no references
[813.712s][debug][gc,ref         ] GC(47) ReferenceProcessor::execute queues: 1, RefProcThreadModel::Single, marks_oops_alive: false
[813.712s][debug][gc,phases      ] GC(47) Reference Processing 0.128ms
[813.712s][debug][gc,phases      ] GC(47)   VM Weak                        Min:  0.0, Avg:  0.0, Max:  0.0, Diff:  0.0, Sum:  0.0, Workers: 4
[813.712s][debug][gc,phases      ] GC(47)     Dead                           Min: 0, Avg:  0.0, Max: 0, Diff: 0, Sum: 0, Workers: 4
[813.712s][debug][gc,phases      ] GC(47)     Total                          Min: 0, Avg: 229.5, Max: 918, Diff: 918, Sum: 918, Workers: 4
[813.712s][debug][gc,phases      ] GC(47)   ObjectSynchronizer Weak        Min:  0.0, Avg:  0.0, Max:  0.0, Diff:  0.0, Sum:  0.0, Workers: 4
[813.712s][debug][gc,phases      ] GC(47)     Dead                           Min: 0, Avg:  0.0, Max: 0, Diff: 0, Sum: 0, Workers: 4
[813.712s][debug][gc,phases      ] GC(47)     Total                          Min: 0, Avg: 10.0, Max: 40, Diff: 40, Sum: 40, Workers: 4
[813.712s][debug][gc,phases      ] GC(47)   JVMTI Tag Weak OopStorage      Min:  0.0, Avg:  0.0, Max:  0.0, Diff:  0.0, Sum:  0.0, Workers: 4
[813.712s][debug][gc,phases      ] GC(47)     Dead                           Min: 0, Avg:  0.0, Max: 0, Diff: 0, Sum: 0, Workers: 4
[813.712s][debug][gc,phases      ] GC(47)     Total                          Min: 0, Avg:  0.0, Max: 0, Diff: 0, Sum: 0, Workers: 4
[813.712s][debug][gc,phases      ] GC(47)   StringTable Weak               Min:  0.0, Avg:  0.1, Max:  0.2, Diff:  0.2, Sum:  0.3, Workers: 4
[813.712s][debug][gc,phases      ] GC(47)     Dead                           Min: 0, Avg:  0.0, Max: 0, Diff: 0, Sum: 0, Workers: 4
[813.712s][debug][gc,phases      ] GC(47)     Total                          Min: 0, Avg: 10909.0, Max: 25792, Diff: 25792, Sum: 43636, Workers: 4
[813.712s][debug][gc,phases      ] GC(47)   ResolvedMethodTable Weak       Min:  0.0, Avg:  0.0, Max:  0.0, Diff:  0.0, Sum:  0.1, Workers: 4
[813.712s][debug][gc,phases      ] GC(47)     Dead                           Min: 0, Avg:  0.0, Max: 0, Diff: 0, Sum: 0, Workers: 4
[813.712s][debug][gc,phases      ] GC(47)     Total                          Min: 0, Avg: 2388.5, Max: 5907, Diff: 5907, Sum: 9554, Workers: 4
[813.712s][debug][gc,phases      ] GC(47)   JNI Weak                       Min:  0.0, Avg:  0.0, Max:  0.0, Diff:  0.0, Sum:  0.0, Workers: 4
[813.712s][debug][gc,phases      ] GC(47)     Dead                           Min: 0, Avg:  0.0, Max: 0, Diff: 0, Sum: 0, Workers: 4
[813.712s][debug][gc,phases      ] GC(47)     Total                          Min: 0, Avg: 11.2, Max: 45, Diff: 45, Sum: 45, Workers: 4
[813.712s][debug][gc,phases      ] GC(47)   StringDedup Table Weak         Min:  0.0, Avg:  0.0, Max:  0.0, Diff:  0.0, Sum:  0.0, Workers: 4
[813.712s][debug][gc,phases      ] GC(47)     Dead                           Min: 0, Avg:  0.0, Max: 0, Diff: 0, Sum: 0, Workers: 4
[813.712s][debug][gc,phases      ] GC(47)     Total                          Min: 0, Avg:  0.0, Max: 0, Diff: 0, Sum: 0, Workers: 4
[813.712s][debug][gc,phases      ] GC(47)   StringDedup Requests0 Weak     Min:  0.0, Avg:  0.0, Max:  0.0, Diff:  0.0, Sum:  0.0, Workers: 4
[813.712s][debug][gc,phases      ] GC(47)     Dead                           Min: 0, Avg:  0.0, Max: 0, Diff: 0, Sum: 0, Workers: 4
[813.712s][debug][gc,phases      ] GC(47)     Total                          Min: 0, Avg:  0.0, Max: 0, Diff: 0, Sum: 0, Workers: 4
[813.712s][debug][gc,phases      ] GC(47)   StringDedup Requests1 Weak     Min:  0.0, Avg:  0.0, Max:  0.0, Diff:  0.0, Sum:  0.0, Workers: 4
[813.712s][debug][gc,phases      ] GC(47)     Dead                           Min: 0, Avg:  0.0, Max: 0, Diff: 0, Sum: 0, Workers: 4
[813.712s][debug][gc,phases      ] GC(47)     Total                          Min: 0, Avg:  0.0, Max: 0, Diff: 0, Sum: 0, Workers: 4
[813.712s][debug][gc,phases      ] GC(47)   Weak JFR Old Object Samples    Min:  0.0, Avg:  0.0, Max:  0.0, Diff:  0.0, Sum:  0.0, Workers: 4
[813.712s][debug][gc,phases      ] GC(47)     Dead                           Min: 0, Avg:  0.0, Max: 0, Diff: 0, Sum: 0, Workers: 4
[813.712s][debug][gc,phases      ] GC(47)     Total                          Min: 0, Avg:  0.0, Max: 0, Diff: 0, Sum: 0, Workers: 4
[813.712s][debug][gc,phases      ] GC(47) Weak Processing 0.405ms
[813.712s][debug][gc,age         ] GC(47) Desired survivor size 307232768 bytes, new threshold 15 (max threshold 15)
[813.712s][info ][gc,heap        ] GC(47) PSYoungGen: 1648637K(1791488K)->148635K(1781760K) Eden: 1476096K(1476096K)->0K(1476096K) From: 172541K(315392K)->148635K(305664K)
[813.712s][info ][gc,heap        ] GC(47) ParOldGen: 487431K(628736K)->512935K(628736K)
[813.712s][info ][gc,metaspace   ] GC(47) Metaspace: 82382K(83520K)->82382K(83520K) NonClass: 70633K(71232K)->70633K(71232K) Class: 11748K(12288K)->11748K(12288K)
[813.712s][info ][gc             ] GC(47) Pause Young (Allocation Failure) 2086M->646M(2354M) 39.630ms
[813.712s][info ][gc,cpu         ] GC(47) User=0.13s Sys=0.00s Real=0.04s
[813.712s][info ][safepoint      ] Safepoint "ParallelGCFailedAllocation", Time since last: 3682188591 ns, Reaching safepoint: 62501 ns, At safepoint: 39702797 ns, Total: 39765298 ns
[815.713s][info ][safepoint      ] Safepoint "Cleanup", Time since last: 2000145119 ns, Reaching safepoint: 43700 ns, At safepoint: 3100 ns, Total: 46800 ns
[817.713s][info ][safepoint      ] Safepoint "Cleanup", Time since last: 2000192519 ns, Reaching safepoint: 61401 ns, At safepoint: 11100 ns, Total: 72501 ns
[819.713s][info ][safepoint      ] Safepoint "Cleanup", Time since last: 2000199004 ns, Reaching safepoint: 118701 ns, At safepoint: 5100 ns, Total: 123801 ns
[822.714s][info ][safepoint      ] Safepoint "Cleanup", Time since last: 3000278612 ns, Reaching safepoint: 123602 ns, At safepoint: 4900 ns, Total: 128502 ns
[824.714s][info ][safepoint      ] Safepoint "Cleanup", Time since last: 2000173307 ns, Reaching safepoint: 115102 ns, At safepoint: 5600 ns, Total: 120702 ns
[825.714s][info ][safepoint      ] Safepoint "Cleanup", Time since last: 1000129204 ns, Reaching safepoint: 114801 ns, At safepoint: 6400 ns, Total: 121201 ns
[835.715s][info ][safepoint      ] Safepoint "Cleanup", Time since last: 10000736003 ns, Reaching safepoint: 115201 ns, At safepoint: 7800 ns, Total: 123001 ns
[838.715s][info ][safepoint      ] Safepoint "Cleanup", Time since last: 3000262443 ns, Reaching safepoint: 105501 ns, At safepoint: 6500 ns, Total: 112001 ns
[839.716s][info ][safepoint      ] Safepoint "Cleanup", Time since last: 1000121047 ns, Reaching safepoint: 123602 ns, At safepoint: 12900 ns, Total: 136502 ns
[840.716s][info ][safepoint      ] Safepoint "Cleanup", Time since last: 1000518552 ns, Reaching safepoint: 125401 ns, At safepoint: 6500 ns, Total: 131901 ns
[841.716s][info ][safepoint      ] Safepoint "Cleanup", Time since last: 1000135548 ns, Reaching safepoint: 127001 ns, At safepoint: 7100 ns, Total: 134101 ns
[845.717s][info ][safepoint      ] Safepoint "Cleanup", Time since last: 4000344235 ns, Reaching safepoint: 115802 ns, At safepoint: 5400 ns, Total: 121202 ns
[846.717s][info ][safepoint      ] Safepoint "Cleanup", Time since last: 1000125049 ns, Reaching safepoint: 110901 ns, At safepoint: 6200 ns, Total: 117101 ns
[848.718s][info ][safepoint      ] Safepoint "Cleanup", Time since last: 2000207899 ns, Reaching safepoint: 111301 ns, At safepoint: 6200 ns, Total: 117501 ns
[852.718s][info ][safepoint      ] Safepoint "Cleanup", Time since last: 4000315236 ns, Reaching safepoint: 119101 ns, At safepoint: 8500 ns, Total: 127601 ns
[853.296s][info ][gc,start       ] GC(48) Pause Young (Allocation Failure)
[853.335s][debug][gc,phases      ] GC(48) Scavenge 38.751ms
[853.335s][debug][gc,ref         ] GC(48) Skipped phase 1 of Reference Processing: no references
[853.335s][debug][gc,ref         ] GC(48) ReferenceProcessor::execute queues: 1, RefProcThreadModel::Single, marks_oops_alive: false
[853.335s][debug][gc,ref         ] GC(48) Skipped phase 3 of Reference Processing: no references
[853.335s][debug][gc,ref         ] GC(48) ReferenceProcessor::execute queues: 1, RefProcThreadModel::Single, marks_oops_alive: false
[853.335s][debug][gc,phases      ] GC(48) Reference Processing 0.122ms
[853.335s][debug][gc,phases      ] GC(48)   VM Weak                        Min:  0.0, Avg:  0.0, Max:  0.0, Diff:  0.0, Sum:  0.0, Workers: 4
[853.335s][debug][gc,phases      ] GC(48)     Dead                           Min: 0, Avg:  0.0, Max: 0, Diff: 0, Sum: 0, Workers: 4
[853.335s][debug][gc,phases      ] GC(48)     Total                          Min: 0, Avg: 229.5, Max: 640, Diff: 640, Sum: 918, Workers: 4
[853.335s][debug][gc,phases      ] GC(48)   ObjectSynchronizer Weak        Min:  0.0, Avg:  0.0, Max:  0.0, Diff:  0.0, Sum:  0.0, Workers: 4
[853.336s][debug][gc,phases      ] GC(48)     Dead                           Min: 0, Avg:  0.0, Max: 0, Diff: 0, Sum: 0, Workers: 4
[853.336s][debug][gc,phases      ] GC(48)     Total                          Min: 0, Avg: 10.0, Max: 40, Diff: 40, Sum: 40, Workers: 4
[853.336s][debug][gc,phases      ] GC(48)   JVMTI Tag Weak OopStorage      Min:  0.0, Avg:  0.0, Max:  0.0, Diff:  0.0, Sum:  0.0, Workers: 4
[853.336s][debug][gc,phases      ] GC(48)     Dead                           Min: 0, Avg:  0.0, Max: 0, Diff: 0, Sum: 0, Workers: 4
[853.336s][debug][gc,phases      ] GC(48)     Total                          Min: 0, Avg:  0.0, Max: 0, Diff: 0, Sum: 0, Workers: 4
[853.336s][debug][gc,phases      ] GC(48)   StringTable Weak               Min:  0.1, Avg:  0.1, Max:  0.1, Diff:  0.0, Sum:  0.4, Workers: 4
[853.336s][debug][gc,phases      ] GC(48)     Dead                           Min: 0, Avg:  0.0, Max: 0, Diff: 0, Sum: 0, Workers: 4
[853.336s][debug][gc,phases      ] GC(48)     Total                          Min: 10368, Avg: 10909.2, Max: 11456, Diff: 1088, Sum: 43637, Workers: 4
[853.336s][debug][gc,phases      ] GC(48)   ResolvedMethodTable Weak       Min:  0.0, Avg:  0.0, Max:  0.0, Diff:  0.0, Sum:  0.1, Workers: 4
[853.336s][debug][gc,phases      ] GC(48)     Dead                           Min: 0, Avg:  0.0, Max: 0, Diff: 0, Sum: 0, Workers: 4
[853.336s][debug][gc,phases      ] GC(48)     Total                          Min: 2131, Avg: 2388.8, Max: 2560, Diff: 429, Sum: 9555, Workers: 4
[853.336s][debug][gc,phases      ] GC(48)   JNI Weak                       Min:  0.0, Avg:  0.0, Max:  0.0, Diff:  0.0, Sum:  0.0, Workers: 4
[853.336s][debug][gc,phases      ] GC(48)     Dead                           Min: 0, Avg:  0.0, Max: 0, Diff: 0, Sum: 0, Workers: 4
[853.336s][debug][gc,phases      ] GC(48)     Total                          Min: 0, Avg: 11.2, Max: 45, Diff: 45, Sum: 45, Workers: 4
[853.336s][debug][gc,phases      ] GC(48)   StringDedup Table Weak         Min:  0.0, Avg:  0.0, Max:  0.0, Diff:  0.0, Sum:  0.0, Workers: 4
[853.336s][debug][gc,phases      ] GC(48)     Dead                           Min: 0, Avg:  0.0, Max: 0, Diff: 0, Sum: 0, Workers: 4
[853.336s][debug][gc,phases      ] GC(48)     Total                          Min: 0, Avg:  0.0, Max: 0, Diff: 0, Sum: 0, Workers: 4
[853.336s][debug][gc,phases      ] GC(48)   StringDedup Requests0 Weak     Min:  0.0, Avg:  0.0, Max:  0.0, Diff:  0.0, Sum:  0.0, Workers: 4
[853.336s][debug][gc,phases      ] GC(48)     Dead                           Min: 0, Avg:  0.0, Max: 0, Diff: 0, Sum: 0, Workers: 4
[853.336s][debug][gc,phases      ] GC(48)     Total                          Min: 0, Avg:  0.0, Max: 0, Diff: 0, Sum: 0, Workers: 4
[853.336s][debug][gc,phases      ] GC(48)   StringDedup Requests1 Weak     Min:  0.0, Avg:  0.0, Max:  0.0, Diff:  0.0, Sum:  0.0, Workers: 4
[853.336s][debug][gc,phases      ] GC(48)     Dead                           Min: 0, Avg:  0.0, Max: 0, Diff: 0, Sum: 0, Workers: 4
[853.336s][debug][gc,phases      ] GC(48)     Total                          Min: 0, Avg:  0.0, Max: 0, Diff: 0, Sum: 0, Workers: 4
[853.336s][debug][gc,phases      ] GC(48)   Weak JFR Old Object Samples    Min:  0.0, Avg:  0.0, Max:  0.0, Diff:  0.0, Sum:  0.0, Workers: 4
[853.336s][debug][gc,phases      ] GC(48)     Dead                           Min: 0, Avg:  0.0, Max: 0, Diff: 0, Sum: 0, Workers: 4
[853.336s][debug][gc,phases      ] GC(48)     Total                          Min: 0, Avg:  0.0, Max: 0, Diff: 0, Sum: 0, Workers: 4
[853.336s][debug][gc,phases      ] GC(48) Weak Processing 0.303ms
[853.336s][debug][gc,age         ] GC(48) Desired survivor size 303038464 bytes, new threshold 15 (max threshold 15)
[853.336s][info ][gc,heap        ] GC(48) PSYoungGen: 1624731K(1781760K)->139969K(1801216K) Eden: 1476096K(1476096K)->0K(1501184K) From: 148635K(305664K)->139969K(300032K)
[853.336s][info ][gc,heap        ] GC(48) ParOldGen: 512935K(628736K)->523335K(628736K)
[853.336s][info ][gc,metaspace   ] GC(48) Metaspace: 82393K(83520K)->82393K(83520K) NonClass: 70644K(71232K)->70644K(71232K) Class: 11749K(12288K)->11749K(12288K)
[853.336s][info ][gc             ] GC(48) Pause Young (Allocation Failure) 2087M->647M(2373M) 39.300ms
[853.336s][info ][gc,cpu         ] GC(48) User=0.12s Sys=0.00s Real=0.04s
[853.336s][info ][safepoint      ] Safepoint "ParallelGCFailedAllocation", Time since last: 578254503 ns, Reaching safepoint: 105401 ns, At safepoint: 39370095 ns, Total: 39475496 ns
[855.668s][info ][safepoint      ] Safepoint "Cleanup", Time since last: 2332476607 ns, Reaching safepoint: 107001 ns, At safepoint: 7600 ns, Total: 114601 ns
[856.669s][info ][safepoint      ] Safepoint "Cleanup", Time since last: 1000119736 ns, Reaching safepoint: 181302 ns, At safepoint: 4800 ns, Total: 186102 ns
[857.669s][info ][safepoint      ] Safepoint "Cleanup", Time since last: 1000116436 ns, Reaching safepoint: 138702 ns, At safepoint: 6800 ns, Total: 145502 ns
[858.669s][info ][safepoint      ] Safepoint "Cleanup", Time since last: 1000133236 ns, Reaching safepoint: 136202 ns, At safepoint: 4800 ns, Total: 141002 ns
[859.669s][info ][safepoint      ] Safepoint "Cleanup", Time since last: 1000114282 ns, Reaching safepoint: 46601 ns, At safepoint: 2700 ns, Total: 49301 ns
[861.669s][info ][safepoint      ] Safepoint "Cleanup", Time since last: 2000182233 ns, Reaching safepoint: 36401 ns, At safepoint: 2200 ns, Total: 38601 ns
[864.670s][info ][safepoint      ] Safepoint "Cleanup", Time since last: 3000230800 ns, Reaching safepoint: 125501 ns, At safepoint: 6100 ns, Total: 131601 ns
[865.670s][info ][safepoint      ] Safepoint "Cleanup", Time since last: 1000099267 ns, Reaching safepoint: 115101 ns, At safepoint: 5400 ns, Total: 120501 ns
[866.670s][info ][safepoint      ] Safepoint "Cleanup", Time since last: 1000101267 ns, Reaching safepoint: 61400 ns, At safepoint: 2600 ns, Total: 64000 ns
[867.671s][info ][safepoint      ] Safepoint "Cleanup", Time since last: 1000122406 ns, Reaching safepoint: 134702 ns, At safepoint: 8600 ns, Total: 143302 ns
[870.669s][info ][safepoint      ] Safepoint "Cleanup", Time since last: 2998785801 ns, Reaching safepoint: 37200 ns, At safepoint: 6300 ns, Total: 43500 ns
[871.669s][info ][safepoint      ] Safepoint "Cleanup", Time since last: 1000098905 ns, Reaching safepoint: 50501 ns, At safepoint: 2500 ns, Total: 53001 ns
[875.670s][info ][safepoint      ] Safepoint "Cleanup", Time since last: 4000310888 ns, Reaching safepoint: 40901 ns, At safepoint: 23200 ns, Total: 64101 ns
[876.670s][info ][safepoint      ] Safepoint "Cleanup", Time since last: 1000099598 ns, Reaching safepoint: 30801 ns, At safepoint: 2600 ns, Total: 33401 ns
[877.670s][info ][safepoint      ] Safepoint "Cleanup", Time since last: 1000096998 ns, Reaching safepoint: 111901 ns, At safepoint: 4300 ns, Total: 116201 ns
[878.670s][info ][safepoint      ] Safepoint "Cleanup", Time since last: 1000106899 ns, Reaching safepoint: 126301 ns, At safepoint: 5300 ns, Total: 131601 ns
[881.671s][info ][safepoint      ] Safepoint "Cleanup", Time since last: 3000236295 ns, Reaching safepoint: 108801 ns, At safepoint: 6900 ns, Total: 115701 ns
[882.671s][info ][safepoint      ] Safepoint "Cleanup", Time since last: 1000105999 ns, Reaching safepoint: 110601 ns, At safepoint: 4800 ns, Total: 115401 ns
[885.671s][info ][safepoint      ] Safepoint "Cleanup", Time since last: 3000244382 ns, Reaching safepoint: 105701 ns, At safepoint: 6300 ns, Total: 112001 ns
[888.672s][info ][safepoint      ] Safepoint "Cleanup", Time since last: 3000247151 ns, Reaching safepoint: 112601 ns, At safepoint: 6200 ns, Total: 118801 ns
[889.672s][info ][safepoint      ] Safepoint "Cleanup", Time since last: 1000109050 ns, Reaching safepoint: 119301 ns, At safepoint: 5200 ns, Total: 124501 ns
[890.672s][info ][safepoint      ] Safepoint "Cleanup", Time since last: 1000120951 ns, Reaching safepoint: 38900 ns, At safepoint: 3200 ns, Total: 42100 ns
[891.672s][info ][safepoint      ] Safepoint "Cleanup", Time since last: 1000114823 ns, Reaching safepoint: 126801 ns, At safepoint: 6000 ns, Total: 132801 ns
[893.673s][info ][safepoint      ] Safepoint "Cleanup", Time since last: 2000133710 ns, Reaching safepoint: 44501 ns, At safepoint: 2500 ns, Total: 47001 ns
[894.673s][info ][safepoint      ] Safepoint "Cleanup", Time since last: 1000106555 ns, Reaching safepoint: 41801 ns, At safepoint: 2700 ns, Total: 44501 ns
[897.673s][info ][safepoint      ] Safepoint "Cleanup", Time since last: 3000234944 ns, Reaching safepoint: 39800 ns, At safepoint: 2400 ns, Total: 42200 ns
[898.470s][info ][gc,start       ] GC(49) Pause Young (Allocation Failure)
[898.502s][debug][gc,phases      ] GC(49) Scavenge 32.154ms
[898.502s][debug][gc,ref         ] GC(49) Skipped phase 1 of Reference Processing: no references
[898.502s][debug][gc,ref         ] GC(49) ReferenceProcessor::execute queues: 1, RefProcThreadModel::Single, marks_oops_alive: false
[898.502s][debug][gc,ref         ] GC(49) Skipped phase 3 of Reference Processing: no references
[898.502s][debug][gc,ref         ] GC(49) ReferenceProcessor::execute queues: 1, RefProcThreadModel::Single, marks_oops_alive: false
[898.502s][debug][gc,phases      ] GC(49) Reference Processing 0.123ms
[898.502s][debug][gc,phases      ] GC(49)   VM Weak                        Min:  0.0, Avg:  0.0, Max:  0.0, Diff:  0.0, Sum:  0.0, Workers: 4
[898.502s][debug][gc,phases      ] GC(49)     Dead                           Min: 0, Avg:  0.0, Max: 0, Diff: 0, Sum: 0, Workers: 4
[898.502s][debug][gc,phases      ] GC(49)     Total                          Min: 0, Avg: 229.5, Max: 448, Diff: 448, Sum: 918, Workers: 4
[898.502s][debug][gc,phases      ] GC(49)   ObjectSynchronizer Weak        Min:  0.0, Avg:  0.0, Max:  0.0, Diff:  0.0, Sum:  0.0, Workers: 4
[898.502s][debug][gc,phases      ] GC(49)     Dead                           Min: 0, Avg:  0.0, Max: 0, Diff: 0, Sum: 0, Workers: 4
[898.502s][debug][gc,phases      ] GC(49)     Total                          Min: 0, Avg: 10.0, Max: 40, Diff: 40, Sum: 40, Workers: 4
[898.502s][debug][gc,phases      ] GC(49)   JVMTI Tag Weak OopStorage      Min:  0.0, Avg:  0.0, Max:  0.0, Diff:  0.0, Sum:  0.0, Workers: 4
[898.502s][debug][gc,phases      ] GC(49)     Dead                           Min: 0, Avg:  0.0, Max: 0, Diff: 0, Sum: 0, Workers: 4
[898.502s][debug][gc,phases      ] GC(49)     Total                          Min: 0, Avg:  0.0, Max: 0, Diff: 0, Sum: 0, Workers: 4
[898.502s][debug][gc,phases      ] GC(49)   StringTable Weak               Min:  0.0, Avg:  0.1, Max:  0.1, Diff:  0.1, Sum:  0.4, Workers: 4
[898.502s][debug][gc,phases      ] GC(49)     Dead                           Min: 0, Avg:  0.2, Max: 1, Diff: 1, Sum: 1, Workers: 4
[898.502s][debug][gc,phases      ] GC(49)     Total                          Min: 0, Avg: 10913.0, Max: 18880, Diff: 18880, Sum: 43652, Workers: 4
[898.502s][debug][gc,phases      ] GC(49)   ResolvedMethodTable Weak       Min:  0.0, Avg:  0.0, Max:  0.0, Diff:  0.0, Sum:  0.1, Workers: 4
[898.502s][debug][gc,phases      ] GC(49)     Dead                           Min: 0, Avg:  0.0, Max: 0, Diff: 0, Sum: 0, Workers: 4
[898.502s][debug][gc,phases      ] GC(49)     Total                          Min: 0, Avg: 2392.8, Max: 3776, Diff: 3776, Sum: 9571, Workers: 4
[898.502s][debug][gc,phases      ] GC(49)   JNI Weak                       Min:  0.0, Avg:  0.0, Max:  0.0, Diff:  0.0, Sum:  0.0, Workers: 4
[898.502s][debug][gc,phases      ] GC(49)     Dead                           Min: 0, Avg:  0.0, Max: 0, Diff: 0, Sum: 0, Workers: 4
[898.502s][debug][gc,phases      ] GC(49)     Total                          Min: 0, Avg: 11.2, Max: 45, Diff: 45, Sum: 45, Workers: 4
[898.502s][debug][gc,phases      ] GC(49)   StringDedup Table Weak         Min:  0.0, Avg:  0.0, Max:  0.0, Diff:  0.0, Sum:  0.0, Workers: 4
[898.502s][debug][gc,phases      ] GC(49)     Dead                           Min: 0, Avg:  0.0, Max: 0, Diff: 0, Sum: 0, Workers: 4
[898.502s][debug][gc,phases      ] GC(49)     Total                          Min: 0, Avg:  0.0, Max: 0, Diff: 0, Sum: 0, Workers: 4
[898.502s][debug][gc,phases      ] GC(49)   StringDedup Requests0 Weak     Min:  0.0, Avg:  0.0, Max:  0.0, Diff:  0.0, Sum:  0.0, Workers: 4
[898.502s][debug][gc,phases      ] GC(49)     Dead                           Min: 0, Avg:  0.0, Max: 0, Diff: 0, Sum: 0, Workers: 4
[898.502s][debug][gc,phases      ] GC(49)     Total                          Min: 0, Avg:  0.0, Max: 0, Diff: 0, Sum: 0, Workers: 4
[898.502s][debug][gc,phases      ] GC(49)   StringDedup Requests1 Weak     Min:  0.0, Avg:  0.0, Max:  0.0, Diff:  0.0, Sum:  0.0, Workers: 4
[898.502s][debug][gc,phases      ] GC(49)     Dead                           Min: 0, Avg:  0.0, Max: 0, Diff: 0, Sum: 0, Workers: 4
[898.502s][debug][gc,phases      ] GC(49)     Total                          Min: 0, Avg:  0.0, Max: 0, Diff: 0, Sum: 0, Workers: 4
[898.502s][debug][gc,phases      ] GC(49)   Weak JFR Old Object Samples    Min:  0.0, Avg:  0.0, Max:  0.0, Diff:  0.0, Sum:  0.0, Workers: 4
[898.502s][debug][gc,phases      ] GC(49)     Dead                           Min: 0, Avg:  0.0, Max: 0, Diff: 0, Sum: 0, Workers: 4
[898.502s][debug][gc,phases      ] GC(49)     Total                          Min: 0, Avg:  0.0, Max: 0, Diff: 0, Sum: 0, Workers: 4
[898.502s][debug][gc,phases      ] GC(49) Weak Processing 0.314ms
[898.502s][debug][gc,age         ] GC(49) Desired survivor size 300941312 bytes, new threshold 15 (max threshold 15)
[898.502s][info ][gc,heap        ] GC(49) PSYoungGen: 1641153K(1801216K)->121582K(1797120K) Eden: 1501184K(1501184K)->0K(1501184K) From: 139969K(300032K)->121582K(295936K)
[898.502s][info ][gc,heap        ] GC(49) ParOldGen: 523335K(628736K)->542727K(628736K)
[898.502s][info ][gc,metaspace   ] GC(49) Metaspace: 82443K(83584K)->82443K(83584K) NonClass: 70688K(71296K)->70688K(71296K) Class: 11755K(12288K)->11755K(12288K)
[898.502s][info ][gc             ] GC(49) Pause Young (Allocation Failure) 2113M->648M(2369M) 32.726ms
[898.502s][info ][gc,cpu         ] GC(49) User=0.11s Sys=0.01s Real=0.03s
[898.502s][info ][safepoint      ] Safepoint "ParallelGCFailedAllocation", Time since last: 796460569 ns, Reaching safepoint: 45101 ns, At safepoint: 32801032 ns, Total: 32846133 ns
[900.502s][info ][safepoint      ] Safepoint "Cleanup", Time since last: 2000095248 ns, Reaching safepoint: 38401 ns, At safepoint: 2200 ns, Total: 40601 ns
[903.503s][info ][safepoint      ] Safepoint "Cleanup", Time since last: 3000231356 ns, Reaching safepoint: 40700 ns, At safepoint: 2500 ns, Total: 43200 ns
[908.503s][info ][safepoint      ] Safepoint "Cleanup", Time since last: 5000321777 ns, Reaching safepoint: 59001 ns, At safepoint: 3100 ns, Total: 62101 ns
[910.503s][info ][safepoint      ] Safepoint "Cleanup", Time since last: 2000132236 ns, Reaching safepoint: 59500 ns, At safepoint: 5400 ns, Total: 64900 ns
[913.504s][info ][safepoint      ] Safepoint "Cleanup", Time since last: 3000215054 ns, Reaching safepoint: 39100 ns, At safepoint: 2600 ns, Total: 41700 ns
[914.504s][info ][safepoint      ] Safepoint "Cleanup", Time since last: 1000107518 ns, Reaching safepoint: 40401 ns, At safepoint: 4900 ns, Total: 45301 ns
[917.504s][info ][safepoint      ] Safepoint "Cleanup", Time since last: 3000164470 ns, Reaching safepoint: 65600 ns, At safepoint: 5000 ns, Total: 70600 ns
[918.504s][info ][safepoint      ] Safepoint "Cleanup", Time since last: 1000105493 ns, Reaching safepoint: 47101 ns, At safepoint: 3700 ns, Total: 50801 ns
[919.504s][info ][safepoint      ] Safepoint "Cleanup", Time since last: 1000113092 ns, Reaching safepoint: 116602 ns, At safepoint: 4400 ns, Total: 121002 ns
[920.505s][info ][safepoint      ] Safepoint "Cleanup", Time since last: 1000103192 ns, Reaching safepoint: 50201 ns, At safepoint: 6200 ns, Total: 56401 ns
[921.505s][info ][safepoint      ] Safepoint "Cleanup", Time since last: 1000122993 ns, Reaching safepoint: 38500 ns, At safepoint: 6100 ns, Total: 44600 ns
[922.505s][info ][safepoint      ] Safepoint "Cleanup", Time since last: 1000100393 ns, Reaching safepoint: 47300 ns, At safepoint: 2800 ns, Total: 50100 ns
[925.074s][info ][gc,start       ] GC(50) Pause Young (Allocation Failure)
[925.118s][debug][gc,phases      ] GC(50) Scavenge 43.529ms
[925.118s][debug][gc,ref         ] GC(50) Skipped phase 1 of Reference Processing: no references
[925.118s][debug][gc,ref         ] GC(50) ReferenceProcessor::execute queues: 1, RefProcThreadModel::Single, marks_oops_alive: false
[925.118s][debug][gc,ref         ] GC(50) Skipped phase 3 of Reference Processing: no references
[925.118s][debug][gc,ref         ] GC(50) ReferenceProcessor::execute queues: 1, RefProcThreadModel::Single, marks_oops_alive: false
[925.118s][debug][gc,phases      ] GC(50) Reference Processing 0.118ms
[925.118s][debug][gc,phases      ] GC(50)   VM Weak                        Min:  0.0, Avg:  0.0, Max:  0.0, Diff:  0.0, Sum:  0.0, Workers: 4
[925.118s][debug][gc,phases      ] GC(50)     Dead                           Min: 0, Avg:  0.0, Max: 0, Diff: 0, Sum: 0, Workers: 4
[925.118s][debug][gc,phases      ] GC(50)     Total                          Min: 0, Avg: 229.5, Max: 598, Diff: 598, Sum: 918, Workers: 4
[925.118s][debug][gc,phases      ] GC(50)   ObjectSynchronizer Weak        Min:  0.0, Avg:  0.0, Max:  0.0, Diff:  0.0, Sum:  0.0, Workers: 4
[925.118s][debug][gc,phases      ] GC(50)     Dead                           Min: 0, Avg:  0.0, Max: 0, Diff: 0, Sum: 0, Workers: 4
[925.118s][debug][gc,phases      ] GC(50)     Total                          Min: 0, Avg: 10.0, Max: 40, Diff: 40, Sum: 40, Workers: 4
[925.118s][debug][gc,phases      ] GC(50)   JVMTI Tag Weak OopStorage      Min:  0.0, Avg:  0.0, Max:  0.0, Diff:  0.0, Sum:  0.0, Workers: 4
[925.118s][debug][gc,phases      ] GC(50)     Dead                           Min: 0, Avg:  0.0, Max: 0, Diff: 0, Sum: 0, Workers: 4
[925.118s][debug][gc,phases      ] GC(50)     Total                          Min: 0, Avg:  0.0, Max: 0, Diff: 0, Sum: 0, Workers: 4
[925.118s][debug][gc,phases      ] GC(50)   StringTable Weak               Min:  0.0, Avg:  0.1, Max:  0.1, Diff:  0.1, Sum:  0.4, Workers: 4
[925.118s][debug][gc,phases      ] GC(50)     Dead                           Min: 0, Avg:  0.0, Max: 0, Diff: 0, Sum: 0, Workers: 4
[925.118s][debug][gc,phases      ] GC(50)     Total                          Min: 0, Avg: 10916.0, Max: 15936, Diff: 15936, Sum: 43664, Workers: 4
[925.118s][debug][gc,phases      ] GC(50)   ResolvedMethodTable Weak       Min:  0.0, Avg:  0.0, Max:  0.0, Diff:  0.0, Sum:  0.1, Workers: 4
[925.118s][debug][gc,phases      ] GC(50)     Dead                           Min: 0, Avg:  0.0, Max: 0, Diff: 0, Sum: 0, Workers: 4
[925.118s][debug][gc,phases      ] GC(50)     Total                          Min: 0, Avg: 2393.0, Max: 3364, Diff: 3364, Sum: 9572, Workers: 4
[925.118s][debug][gc,phases      ] GC(50)   JNI Weak                       Min:  0.0, Avg:  0.0, Max:  0.0, Diff:  0.0, Sum:  0.0, Workers: 4
[925.118s][debug][gc,phases      ] GC(50)     Dead                           Min: 0, Avg:  0.0, Max: 0, Diff: 0, Sum: 0, Workers: 4
[925.118s][debug][gc,phases      ] GC(50)     Total                          Min: 0, Avg: 11.2, Max: 45, Diff: 45, Sum: 45, Workers: 4
[925.118s][debug][gc,phases      ] GC(50)   StringDedup Table Weak         Min:  0.0, Avg:  0.0, Max:  0.0, Diff:  0.0, Sum:  0.0, Workers: 4
[925.118s][debug][gc,phases      ] GC(50)     Dead                           Min: 0, Avg:  0.0, Max: 0, Diff: 0, Sum: 0, Workers: 4
[925.118s][debug][gc,phases      ] GC(50)     Total                          Min: 0, Avg:  0.0, Max: 0, Diff: 0, Sum: 0, Workers: 4
[925.118s][debug][gc,phases      ] GC(50)   StringDedup Requests0 Weak     Min:  0.0, Avg:  0.0, Max:  0.0, Diff:  0.0, Sum:  0.0, Workers: 4
[925.118s][debug][gc,phases      ] GC(50)     Dead                           Min: 0, Avg:  0.0, Max: 0, Diff: 0, Sum: 0, Workers: 4
[925.118s][debug][gc,phases      ] GC(50)     Total                          Min: 0, Avg:  0.0, Max: 0, Diff: 0, Sum: 0, Workers: 4
[925.118s][debug][gc,phases      ] GC(50)   StringDedup Requests1 Weak     Min:  0.0, Avg:  0.0, Max:  0.0, Diff:  0.0, Sum:  0.0, Workers: 4
[925.118s][debug][gc,phases      ] GC(50)     Dead                           Min: 0, Avg:  0.0, Max: 0, Diff: 0, Sum: 0, Workers: 4
[925.118s][debug][gc,phases      ] GC(50)     Total                          Min: 0, Avg:  0.0, Max: 0, Diff: 0, Sum: 0, Workers: 4
[925.118s][debug][gc,phases      ] GC(50)   Weak JFR Old Object Samples    Min:  0.0, Avg:  0.0, Max:  0.0, Diff:  0.0, Sum:  0.0, Workers: 4
[925.118s][debug][gc,phases      ] GC(50)     Dead                           Min: 0, Avg:  0.0, Max: 0, Diff: 0, Sum: 0, Workers: 4
[925.118s][debug][gc,phases      ] GC(50)     Total                          Min: 0, Avg:  0.0, Max: 0, Diff: 0, Sum: 0, Workers: 4
[925.118s][debug][gc,phases      ] GC(50) Weak Processing 0.331ms
[925.118s][debug][gc,age         ] GC(50) Desired survivor size 294649856 bytes, new threshold 15 (max threshold 15)
[925.118s][info ][gc,heap        ] GC(50) PSYoungGen: 1622766K(1797120K)->140253K(1809408K) Eden: 1501184K(1501184K)->0K(1515520K) From: 121582K(295936K)->140253K(293888K)
[925.118s][info ][gc,heap        ] GC(50) ParOldGen: 542727K(628736K)->557179K(628736K)
[925.118s][info ][gc,metaspace   ] GC(50) Metaspace: 82461K(83584K)->82461K(83584K) NonClass: 70705K(71296K)->70705K(71296K) Class: 11755K(12288K)->11755K(12288K)
[925.118s][info ][gc             ] GC(50) Pause Young (Allocation Failure) 2114M->681M(2381M) 44.103ms
[925.118s][info ][gc,cpu         ] GC(50) User=0.16s Sys=0.00s Real=0.05s
[925.118s][info ][safepoint      ] Safepoint "ParallelGCFailedAllocation", Time since last: 2569145164 ns, Reaching safepoint: 111501 ns, At safepoint: 44173646 ns, Total: 44285147 ns
[926.118s][info ][safepoint      ] Safepoint "Cleanup", Time since last: 1000089390 ns, Reaching safepoint: 118002 ns, At safepoint: 9100 ns, Total: 127102 ns
[929.119s][info ][safepoint      ] Safepoint "Cleanup", Time since last: 3000272671 ns, Reaching safepoint: 118501 ns, At safepoint: 5500 ns, Total: 124001 ns
[931.119s][info ][safepoint      ] Safepoint "Cleanup", Time since last: 2000194781 ns, Reaching safepoint: 115201 ns, At safepoint: 5401 ns, Total: 120602 ns
[932.119s][info ][safepoint      ] Safepoint "Cleanup", Time since last: 1000121080 ns, Reaching safepoint: 114701 ns, At safepoint: 9300 ns, Total: 124001 ns
[933.120s][info ][safepoint      ] Safepoint "Cleanup", Time since last: 1000121794 ns, Reaching safepoint: 120601 ns, At safepoint: 5800 ns, Total: 126401 ns
[934.120s][info ][safepoint      ] Safepoint "Cleanup", Time since last: 1000117795 ns, Reaching safepoint: 116601 ns, At safepoint: 6300 ns, Total: 122901 ns
[937.120s][info ][safepoint      ] Safepoint "Cleanup", Time since last: 3000260998 ns, Reaching safepoint: 117301 ns, At safepoint: 4500 ns, Total: 121801 ns
[939.121s][info ][safepoint      ] Safepoint "Cleanup", Time since last: 2000166718 ns, Reaching safepoint: 62601 ns, At safepoint: 2800 ns, Total: 65401 ns
[941.121s][info ][safepoint      ] Safepoint "Cleanup", Time since last: 2000171522 ns, Reaching safepoint: 107301 ns, At safepoint: 5901 ns, Total: 113202 ns
[942.121s][info ][safepoint      ] Safepoint "Cleanup", Time since last: 1000102604 ns, Reaching safepoint: 116201 ns, At safepoint: 6400 ns, Total: 122601 ns
[944.121s][info ][safepoint      ] Safepoint "Cleanup", Time since last: 2000185908 ns, Reaching safepoint: 113701 ns, At safepoint: 7101 ns, Total: 120802 ns
[950.122s][info ][safepoint      ] Safepoint "Cleanup", Time since last: 6000424294 ns, Reaching safepoint: 37401 ns, At safepoint: 2800 ns, Total: 40201 ns
[951.122s][info ][safepoint      ] Safepoint "Cleanup", Time since last: 1000108793 ns, Reaching safepoint: 37001 ns, At safepoint: 5700 ns, Total: 42701 ns
[952.122s][info ][safepoint      ] Safepoint "Cleanup", Time since last: 1000103494 ns, Reaching safepoint: 38500 ns, At safepoint: 2300 ns, Total: 40800 ns
[953.122s][info ][safepoint      ] Safepoint "Cleanup", Time since last: 1000124994 ns, Reaching safepoint: 47300 ns, At safepoint: 6700 ns, Total: 54000 ns
[956.123s][info ][safepoint      ] Safepoint "Cleanup", Time since last: 3000248777 ns, Reaching safepoint: 132002 ns, At safepoint: 5500 ns, Total: 137502 ns
[959.123s][info ][safepoint      ] Safepoint "Cleanup", Time since last: 3000231766 ns, Reaching safepoint: 104901 ns, At safepoint: 5600 ns, Total: 110501 ns
[960.123s][info ][safepoint      ] Safepoint "Cleanup", Time since last: 1000114889 ns, Reaching safepoint: 42400 ns, At safepoint: 4100 ns, Total: 46500 ns
[963.365s][info ][gc,start       ] GC(51) Pause Young (Allocation Failure)
[963.398s][debug][gc,phases      ] GC(51) Scavenge 32.426ms
[963.398s][debug][gc,ref         ] GC(51) Skipped phase 1 of Reference Processing: no references
[963.398s][debug][gc,ref         ] GC(51) ReferenceProcessor::execute queues: 1, RefProcThreadModel::Single, marks_oops_alive: false
[963.398s][debug][gc,ref         ] GC(51) Skipped phase 3 of Reference Processing: no references
[963.398s][debug][gc,ref         ] GC(51) ReferenceProcessor::execute queues: 1, RefProcThreadModel::Single, marks_oops_alive: false
[963.398s][debug][gc,phases      ] GC(51) Reference Processing 0.143ms
[963.398s][debug][gc,phases      ] GC(51)   VM Weak                        Min:  0.0, Avg:  0.0, Max:  0.0, Diff:  0.0, Sum:  0.0, Workers: 4
[963.398s][debug][gc,phases      ] GC(51)     Dead                           Min: 0, Avg:  0.0, Max: 0, Diff: 0, Sum: 0, Workers: 4
[963.398s][debug][gc,phases      ] GC(51)     Total                          Min: 0, Avg: 229.5, Max: 662, Diff: 662, Sum: 918, Workers: 4
[963.398s][debug][gc,phases      ] GC(51)   ObjectSynchronizer Weak        Min:  0.0, Avg:  0.0, Max:  0.0, Diff:  0.0, Sum:  0.0, Workers: 4
[963.398s][debug][gc,phases      ] GC(51)     Dead                           Min: 0, Avg:  0.0, Max: 0, Diff: 0, Sum: 0, Workers: 4
[963.398s][debug][gc,phases      ] GC(51)     Total                          Min: 0, Avg: 10.0, Max: 40, Diff: 40, Sum: 40, Workers: 4
[963.398s][debug][gc,phases      ] GC(51)   JVMTI Tag Weak OopStorage      Min:  0.0, Avg:  0.0, Max:  0.0, Diff:  0.0, Sum:  0.0, Workers: 4
[963.398s][debug][gc,phases      ] GC(51)     Dead                           Min: 0, Avg:  0.0, Max: 0, Diff: 0, Sum: 0, Workers: 4
[963.398s][debug][gc,phases      ] GC(51)     Total                          Min: 0, Avg:  0.0, Max: 0, Diff: 0, Sum: 0, Workers: 4
[963.398s][debug][gc,phases      ] GC(51)   StringTable Weak               Min:  0.0, Avg:  0.1, Max:  0.1, Diff:  0.1, Sum:  0.4, Workers: 4
[963.398s][debug][gc,phases      ] GC(51)     Dead                           Min: 0, Avg:  0.0, Max: 0, Diff: 0, Sum: 0, Workers: 4
[963.398s][debug][gc,phases      ] GC(51)     Total                          Min: 0, Avg: 10916.0, Max: 18176, Diff: 18176, Sum: 43664, Workers: 4
[963.398s][debug][gc,phases      ] GC(51)   ResolvedMethodTable Weak       Min:  0.0, Avg:  0.0, Max:  0.0, Diff:  0.0, Sum:  0.1, Workers: 4
[963.398s][debug][gc,phases      ] GC(51)     Dead                           Min: 0, Avg:  0.0, Max: 0, Diff: 0, Sum: 0, Workers: 4
[963.398s][debug][gc,phases      ] GC(51)     Total                          Min: 0, Avg: 2393.0, Max: 3392, Diff: 3392, Sum: 9572, Workers: 4
[963.398s][debug][gc,phases      ] GC(51)   JNI Weak                       Min:  0.0, Avg:  0.0, Max:  0.0, Diff:  0.0, Sum:  0.0, Workers: 4
[963.398s][debug][gc,phases      ] GC(51)     Dead                           Min: 0, Avg:  0.0, Max: 0, Diff: 0, Sum: 0, Workers: 4
[963.398s][debug][gc,phases      ] GC(51)     Total                          Min: 0, Avg: 11.2, Max: 45, Diff: 45, Sum: 45, Workers: 4
[963.398s][debug][gc,phases      ] GC(51)   StringDedup Table Weak         Min:  0.0, Avg:  0.0, Max:  0.0, Diff:  0.0, Sum:  0.0, Workers: 4
[963.398s][debug][gc,phases      ] GC(51)     Dead                           Min: 0, Avg:  0.0, Max: 0, Diff: 0, Sum: 0, Workers: 4
[963.398s][debug][gc,phases      ] GC(51)     Total                          Min: 0, Avg:  0.0, Max: 0, Diff: 0, Sum: 0, Workers: 4
[963.398s][debug][gc,phases      ] GC(51)   StringDedup Requests0 Weak     Min:  0.0, Avg:  0.0, Max:  0.0, Diff:  0.0, Sum:  0.0, Workers: 4
[963.398s][debug][gc,phases      ] GC(51)     Dead                           Min: 0, Avg:  0.0, Max: 0, Diff: 0, Sum: 0, Workers: 4
[963.398s][debug][gc,phases      ] GC(51)     Total                          Min: 0, Avg:  0.0, Max: 0, Diff: 0, Sum: 0, Workers: 4
[963.398s][debug][gc,phases      ] GC(51)   StringDedup Requests1 Weak     Min:  0.0, Avg:  0.0, Max:  0.0, Diff:  0.0, Sum:  0.0, Workers: 4
[963.398s][debug][gc,phases      ] GC(51)     Dead                           Min: 0, Avg:  0.0, Max: 0, Diff: 0, Sum: 0, Workers: 4
[963.398s][debug][gc,phases      ] GC(51)     Total                          Min: 0, Avg:  0.0, Max: 0, Diff: 0, Sum: 0, Workers: 4
[963.398s][debug][gc,phases      ] GC(51)   Weak JFR Old Object Samples    Min:  0.0, Avg:  0.0, Max:  0.0, Diff:  0.0, Sum:  0.0, Workers: 4
[963.398s][debug][gc,phases      ] GC(51)     Dead                           Min: 0, Avg:  0.0, Max: 0, Diff: 0, Sum: 0, Workers: 4
[963.398s][debug][gc,phases      ] GC(51)     Total                          Min: 0, Avg:  0.0, Max: 0, Diff: 0, Sum: 0, Workers: 4
[963.398s][debug][gc,phases      ] GC(51) Weak Processing 0.324ms
[963.398s][debug][gc,age         ] GC(51) Desired survivor size 296747008 bytes, new threshold 15 (max threshold 15)
[963.398s][info ][gc,heap        ] GC(51) PSYoungGen: 1655773K(1809408K)->87392K(1803264K) Eden: 1515520K(1515520K)->0K(1515520K) From: 140253K(293888K)->87392K(287744K)
[963.398s][info ][gc,heap        ] GC(51) ParOldGen: 557179K(628736K)->591644K(628736K)
[963.398s][info ][gc,metaspace   ] GC(51) Metaspace: 82548K(83648K)->82548K(83648K) NonClass: 70792K(71360K)->70792K(71360K) Class: 11755K(12288K)->11755K(12288K)
[963.399s][info ][gc             ] GC(51) Pause Young (Allocation Failure) 2161M->663M(2375M) 33.038ms
[963.399s][info ][gc,cpu         ] GC(51) User=0.09s Sys=0.00s Real=0.04s
[963.399s][debug][gc,phases      ] GC(52) Pre Compact 0.008ms
[963.399s][info ][gc,start       ] GC(52) Pause Full (Ergonomics)
[963.399s][info ][gc,phases,start] GC(52) Marking Phase
[963.528s][debug][gc,phases      ] GC(52) Par Mark 129.102ms
[963.528s][debug][gc,ref         ] GC(52) Skipped phase 1 of Reference Processing: no references
[963.528s][debug][gc,ref         ] GC(52) ReferenceProcessor::execute queues: 4, RefProcThreadModel::Multi, marks_oops_alive: false
[963.529s][debug][gc,ref         ] GC(52) Skipped phase 3 of Reference Processing: no references
[963.529s][debug][gc,ref         ] GC(52) ReferenceProcessor::execute queues: 1, RefProcThreadModel::Single, marks_oops_alive: false
[963.529s][debug][gc,phases      ] GC(52) Reference Processing 0.847ms
[963.529s][debug][gc,phases      ] GC(52)   VM Weak                        Min:  0.0, Avg:  0.0, Max:  0.0, Diff:  0.0, Sum:  0.0, Workers: 4
[963.529s][debug][gc,phases      ] GC(52)     Dead                           Min: 0, Avg:  0.0, Max: 0, Diff: 0, Sum: 0, Workers: 4
[963.529s][debug][gc,phases      ] GC(52)     Total                          Min: 0, Avg: 229.5, Max: 406, Diff: 406, Sum: 918, Workers: 4
[963.529s][debug][gc,phases      ] GC(52)   ObjectSynchronizer Weak        Min:  0.0, Avg:  0.0, Max:  0.0, Diff:  0.0, Sum:  0.0, Workers: 4
[963.529s][debug][gc,phases      ] GC(52)     Dead                           Min: 0, Avg:  0.0, Max: 0, Diff: 0, Sum: 0, Workers: 4
[963.529s][debug][gc,phases      ] GC(52)     Total                          Min: 0, Avg: 10.0, Max: 40, Diff: 40, Sum: 40, Workers: 4
[963.529s][debug][gc,phases      ] GC(52)   JVMTI Tag Weak OopStorage      Min:  0.0, Avg:  0.0, Max:  0.0, Diff:  0.0, Sum:  0.0, Workers: 4
[963.529s][debug][gc,phases      ] GC(52)     Dead                           Min: 0, Avg:  0.0, Max: 0, Diff: 0, Sum: 0, Workers: 4
[963.529s][debug][gc,phases      ] GC(52)     Total                          Min: 0, Avg:  0.0, Max: 0, Diff: 0, Sum: 0, Workers: 4
[963.529s][debug][gc,phases      ] GC(52)   StringTable Weak               Min:  0.0, Avg:  0.1, Max:  0.2, Diff:  0.2, Sum:  0.6, Workers: 4
[963.529s][debug][gc,phases      ] GC(52)     Dead                           Min: 0, Avg:  0.0, Max: 0, Diff: 0, Sum: 0, Workers: 4
[963.529s][debug][gc,phases      ] GC(52)     Total                          Min: 0, Avg: 10916.0, Max: 15360, Diff: 15360, Sum: 43664, Workers: 4
[963.529s][debug][gc,phases      ] GC(52)   ResolvedMethodTable Weak       Min:  0.0, Avg:  0.0, Max:  0.0, Diff:  0.0, Sum:  0.1, Workers: 4
[963.529s][debug][gc,phases      ] GC(52)     Dead                           Min: 0, Avg:  0.0, Max: 0, Diff: 0, Sum: 0, Workers: 4
[963.529s][debug][gc,phases      ] GC(52)     Total                          Min: 0, Avg: 2393.0, Max: 3364, Diff: 3364, Sum: 9572, Workers: 4
[963.529s][debug][gc,phases      ] GC(52)   JNI Weak                       Min:  0.0, Avg:  0.0, Max:  0.0, Diff:  0.0, Sum:  0.0, Workers: 4
[963.529s][debug][gc,phases      ] GC(52)     Dead                           Min: 0, Avg:  0.0, Max: 0, Diff: 0, Sum: 0, Workers: 4
[963.529s][debug][gc,phases      ] GC(52)     Total                          Min: 0, Avg: 11.2, Max: 45, Diff: 45, Sum: 45, Workers: 4
[963.529s][debug][gc,phases      ] GC(52)   StringDedup Table Weak         Min:  0.0, Avg:  0.0, Max:  0.0, Diff:  0.0, Sum:  0.0, Workers: 4
[963.529s][debug][gc,phases      ] GC(52)     Dead                           Min: 0, Avg:  0.0, Max: 0, Diff: 0, Sum: 0, Workers: 4
[963.529s][debug][gc,phases      ] GC(52)     Total                          Min: 0, Avg:  0.0, Max: 0, Diff: 0, Sum: 0, Workers: 4
[963.529s][debug][gc,phases      ] GC(52)   StringDedup Requests0 Weak     Min:  0.0, Avg:  0.0, Max:  0.0, Diff:  0.0, Sum:  0.0, Workers: 4
[963.529s][debug][gc,phases      ] GC(52)     Dead                           Min: 0, Avg:  0.0, Max: 0, Diff: 0, Sum: 0, Workers: 4
[963.529s][debug][gc,phases      ] GC(52)     Total                          Min: 0, Avg:  0.0, Max: 0, Diff: 0, Sum: 0, Workers: 4
[963.529s][debug][gc,phases      ] GC(52)   StringDedup Requests1 Weak     Min:  0.0, Avg:  0.0, Max:  0.0, Diff:  0.0, Sum:  0.0, Workers: 4
[963.529s][debug][gc,phases      ] GC(52)     Dead                           Min: 0, Avg:  0.0, Max: 0, Diff: 0, Sum: 0, Workers: 4
[963.529s][debug][gc,phases      ] GC(52)     Total                          Min: 0, Avg:  0.0, Max: 0, Diff: 0, Sum: 0, Workers: 4
[963.529s][debug][gc,phases      ] GC(52)   Weak JFR Old Object Samples    Min:  0.0, Avg:  0.0, Max:  0.0, Diff:  0.0, Sum:  0.0, Workers: 4
[963.529s][debug][gc,phases      ] GC(52)     Dead                           Min: 0, Avg:  0.0, Max: 0, Diff: 0, Sum: 0, Workers: 4
[963.529s][debug][gc,phases      ] GC(52)     Total                          Min: 0, Avg:  0.0, Max: 0, Diff: 0, Sum: 0, Workers: 4
[963.529s][debug][gc,phases      ] GC(52) Weak Processing 0.493ms
[963.529s][debug][gc,phases      ] GC(52) ClassLoaderData 0.110ms
[963.529s][debug][gc,phases      ] GC(52) Trigger cleanups 0.000ms
[963.551s][debug][gc,phases      ] GC(52) Class Unloading 22.244ms
[963.551s][info ][gc,phases      ] GC(52) Marking Phase 152.899ms
[963.551s][info ][gc,phases,start] GC(52) Summary Phase
[963.551s][info ][gc,phases      ] GC(52) Summary Phase 0.018ms
[963.551s][info ][gc,phases,start] GC(52) Adjust Roots
[963.569s][info ][gc,phases      ] GC(52) Adjust Roots 17.141ms
[963.569s][info ][gc,phases,start] GC(52) Compaction Phase
[963.725s][info ][gc,phases      ] GC(52) Compaction Phase 156.800ms
[963.726s][info ][gc,phases,start] GC(52) Post Compact
[963.727s][info ][gc,phases      ] GC(52) Post Compact 1.888ms
[963.727s][info ][gc,heap        ] GC(52) PSYoungGen: 87392K(1803264K)->0K(1807360K) Eden: 0K(1515520K)->0K(1517568K) From: 87392K(287744K)->0K(289792K)
[963.727s][info ][gc,heap        ] GC(52) ParOldGen: 591644K(628736K)->472264K(616448K)
[963.727s][info ][gc,metaspace   ] GC(52) Metaspace: 82548K(83648K)->82548K(83648K) NonClass: 70792K(71360K)->70792K(71360K) Class: 11755K(12288K)->11755K(12288K)
[963.727s][info ][gc             ] GC(52) Pause Full (Ergonomics) 663M->461M(2367M) 328.927ms
[963.727s][info ][gc,cpu         ] GC(52) User=1.03s Sys=0.01s Real=0.33s
[963.734s][info ][safepoint      ] Safepoint "ParallelGCFailedAllocation", Time since last: 3242146482 ns, Reaching safepoint: 118201 ns, At safepoint: 368264078 ns, Total: 368382279 ns
[964.734s][info ][safepoint      ] Safepoint "Cleanup", Time since last: 1000098688 ns, Reaching safepoint: 85001 ns, At safepoint: 4800 ns, Total: 89801 ns
[967.734s][info ][safepoint      ] Safepoint "Cleanup", Time since last: 3000302464 ns, Reaching safepoint: 47601 ns, At safepoint: 25800 ns, Total: 73401 ns
[968.734s][info ][safepoint      ] Safepoint "Cleanup", Time since last: 1000108888 ns, Reaching safepoint: 39901 ns, At safepoint: 4100 ns, Total: 44001 ns
[970.735s][info ][safepoint      ] Safepoint "Cleanup", Time since last: 2000163276 ns, Reaching safepoint: 51600 ns, At safepoint: 3900 ns, Total: 55500 ns
[972.735s][info ][safepoint      ] Safepoint "Cleanup", Time since last: 2000169820 ns, Reaching safepoint: 55800 ns, At safepoint: 4100 ns, Total: 59900 ns
[973.735s][info ][safepoint      ] Safepoint "Cleanup", Time since last: 1000100166 ns, Reaching safepoint: 41201 ns, At safepoint: 2700 ns, Total: 43901 ns
[974.735s][info ][safepoint      ] Safepoint "Cleanup", Time since last: 1000130766 ns, Reaching safepoint: 36800 ns, At safepoint: 2300 ns, Total: 39100 ns
[975.735s][info ][safepoint      ] Safepoint "Cleanup", Time since last: 1000105666 ns, Reaching safepoint: 56801 ns, At safepoint: 6500 ns, Total: 63301 ns
[980.736s][info ][safepoint      ] Safepoint "Cleanup", Time since last: 5000374456 ns, Reaching safepoint: 40900 ns, At safepoint: 5100 ns, Total: 46000 ns
[986.736s][info ][safepoint      ] Safepoint "Cleanup", Time since last: 6000389620 ns, Reaching safepoint: 38300 ns, At safepoint: 2900 ns, Total: 41200 ns
[989.737s][info ][safepoint      ] Safepoint "Cleanup", Time since last: 3000237251 ns, Reaching safepoint: 71200 ns, At safepoint: 6600 ns, Total: 77800 ns
[992.737s][info ][safepoint      ] Safepoint "Cleanup", Time since last: 3000230273 ns, Reaching safepoint: 44201 ns, At safepoint: 4200 ns, Total: 48401 ns
[993.737s][info ][safepoint      ] Safepoint "Cleanup", Time since last: 1000111458 ns, Reaching safepoint: 45500 ns, At safepoint: 2700 ns, Total: 48200 ns
[997.737s][info ][safepoint      ] Safepoint "Cleanup", Time since last: 4000297232 ns, Reaching safepoint: 48101 ns, At safepoint: 2700 ns, Total: 50801 ns
[998.737s][info ][safepoint      ] Safepoint "Cleanup", Time since last: 1000115915 ns, Reaching safepoint: 78401 ns, At safepoint: 2800 ns, Total: 81201 ns
[999.738s][info ][safepoint      ] Safepoint "Cleanup", Time since last: 1000105815 ns, Reaching safepoint: 58601 ns, At safepoint: 4300 ns, Total: 62901 ns
[1000.738s][info ][safepoint      ] Safepoint "Cleanup", Time since last: 1000064414 ns, Reaching safepoint: 74401 ns, At safepoint: 4200 ns, Total: 78601 ns
[1002.717s][info ][gc,start       ] GC(53) Pause Young (Allocation Failure)
[1002.721s][debug][gc,phases      ] GC(53) Scavenge 4.446ms
[1002.721s][debug][gc,ref         ] GC(53) Skipped phase 1 of Reference Processing: no references
[1002.721s][debug][gc,ref         ] GC(53) ReferenceProcessor::execute queues: 1, RefProcThreadModel::Single, marks_oops_alive: false
[1002.721s][debug][gc,ref         ] GC(53) Skipped phase 3 of Reference Processing: no references
[1002.721s][debug][gc,ref         ] GC(53) ReferenceProcessor::execute queues: 1, RefProcThreadModel::Single, marks_oops_alive: false
[1002.721s][debug][gc,phases      ] GC(53) Reference Processing 0.094ms
[1002.722s][debug][gc,phases      ] GC(53)   VM Weak                        Min:  0.0, Avg:  0.0, Max:  0.0, Diff:  0.0, Sum:  0.0, Workers: 4
[1002.722s][debug][gc,phases      ] GC(53)     Dead                           Min: 0, Avg:  0.0, Max: 0, Diff: 0, Sum: 0, Workers: 4
[1002.722s][debug][gc,phases      ] GC(53)     Total                          Min: 22, Avg: 229.5, Max: 704, Diff: 682, Sum: 918, Workers: 4
[1002.722s][debug][gc,phases      ] GC(53)   ObjectSynchronizer Weak        Min:  0.0, Avg:  0.0, Max:  0.0, Diff:  0.0, Sum:  0.0, Workers: 4
[1002.722s][debug][gc,phases      ] GC(53)     Dead                           Min: 0, Avg:  0.0, Max: 0, Diff: 0, Sum: 0, Workers: 4
[1002.722s][debug][gc,phases      ] GC(53)     Total                          Min: 0, Avg: 10.0, Max: 40, Diff: 40, Sum: 40, Workers: 4
[1002.722s][debug][gc,phases      ] GC(53)   JVMTI Tag Weak OopStorage      Min:  0.0, Avg:  0.0, Max:  0.0, Diff:  0.0, Sum:  0.0, Workers: 4
[1002.722s][debug][gc,phases      ] GC(53)     Dead                           Min: 0, Avg:  0.0, Max: 0, Diff: 0, Sum: 0, Workers: 4
[1002.722s][debug][gc,phases      ] GC(53)     Total                          Min: 0, Avg:  0.0, Max: 0, Diff: 0, Sum: 0, Workers: 4
[1002.722s][debug][gc,phases      ] GC(53)   StringTable Weak               Min:  0.1, Avg:  0.1, Max:  0.1, Diff:  0.0, Sum:  0.4, Workers: 4
[1002.722s][debug][gc,phases      ] GC(53)     Dead                           Min: 0, Avg:  0.0, Max: 0, Diff: 0, Sum: 0, Workers: 4
[1002.722s][debug][gc,phases      ] GC(53)     Total                          Min: 10752, Avg: 10920.0, Max: 11264, Diff: 512, Sum: 43680, Workers: 4
[1002.722s][debug][gc,phases      ] GC(53)   ResolvedMethodTable Weak       Min:  0.0, Avg:  0.0, Max:  0.0, Diff:  0.0, Sum:  0.1, Workers: 4
[1002.722s][debug][gc,phases      ] GC(53)     Dead                           Min: 0, Avg:  0.0, Max: 0, Diff: 0, Sum: 0, Workers: 4
[1002.722s][debug][gc,phases      ] GC(53)     Total                          Min: 1901, Avg: 2395.2, Max: 2624, Diff: 723, Sum: 9581, Workers: 4
[1002.722s][debug][gc,phases      ] GC(53)   JNI Weak                       Min:  0.0, Avg:  0.0, Max:  0.0, Diff:  0.0, Sum:  0.0, Workers: 4
[1002.722s][debug][gc,phases      ] GC(53)     Dead                           Min: 0, Avg:  0.0, Max: 0, Diff: 0, Sum: 0, Workers: 4
[1002.722s][debug][gc,phases      ] GC(53)     Total                          Min: 0, Avg: 11.2, Max: 45, Diff: 45, Sum: 45, Workers: 4
[1002.722s][debug][gc,phases      ] GC(53)   StringDedup Table Weak         Min:  0.0, Avg:  0.0, Max:  0.0, Diff:  0.0, Sum:  0.0, Workers: 4
[1002.722s][debug][gc,phases      ] GC(53)     Dead                           Min: 0, Avg:  0.0, Max: 0, Diff: 0, Sum: 0, Workers: 4
[1002.722s][debug][gc,phases      ] GC(53)     Total                          Min: 0, Avg:  0.0, Max: 0, Diff: 0, Sum: 0, Workers: 4
[1002.722s][debug][gc,phases      ] GC(53)   StringDedup Requests0 Weak     Min:  0.0, Avg:  0.0, Max:  0.0, Diff:  0.0, Sum:  0.0, Workers: 4
[1002.722s][debug][gc,phases      ] GC(53)     Dead                           Min: 0, Avg:  0.0, Max: 0, Diff: 0, Sum: 0, Workers: 4
[1002.722s][debug][gc,phases      ] GC(53)     Total                          Min: 0, Avg:  0.0, Max: 0, Diff: 0, Sum: 0, Workers: 4
[1002.722s][debug][gc,phases      ] GC(53)   StringDedup Requests1 Weak     Min:  0.0, Avg:  0.0, Max:  0.0, Diff:  0.0, Sum:  0.0, Workers: 4
[1002.722s][debug][gc,phases      ] GC(53)     Dead                           Min: 0, Avg:  0.0, Max: 0, Diff: 0, Sum: 0, Workers: 4
[1002.722s][debug][gc,phases      ] GC(53)     Total                          Min: 0, Avg:  0.0, Max: 0, Diff: 0, Sum: 0, Workers: 4
[1002.722s][debug][gc,phases      ] GC(53)   Weak JFR Old Object Samples    Min:  0.0, Avg:  0.0, Max:  0.0, Diff:  0.0, Sum:  0.0, Workers: 4
[1002.722s][debug][gc,phases      ] GC(53)     Dead                           Min: 0, Avg:  0.0, Max: 0, Diff: 0, Sum: 0, Workers: 4
[1002.722s][debug][gc,phases      ] GC(53)     Total                          Min: 0, Avg:  0.0, Max: 0, Diff: 0, Sum: 0, Workers: 4
[1002.722s][debug][gc,phases      ] GC(53) Weak Processing 0.323ms
[1002.722s][debug][gc,age         ] GC(53) Desired survivor size 310902784 bytes, new threshold 15 (max threshold 15)
[1002.722s][info ][gc,heap        ] GC(53) PSYoungGen: 1517568K(1807360K)->3680K(1521664K) Eden: 1517568K(1517568K)->0K(1517568K) From: 0K(289792K)->3680K(4096K)
[1002.722s][info ][gc,heap        ] GC(53) ParOldGen: 472264K(616448K)->472272K(616448K)
[1002.722s][info ][gc,metaspace   ] GC(53) Metaspace: 82603K(83712K)->82603K(83712K) NonClass: 70842K(71424K)->70842K(71424K) Class: 11760K(12288K)->11760K(12288K)
[1002.722s][info ][gc             ] GC(53) Pause Young (Allocation Failure) 1943M->464M(2088M) 4.967ms
[1002.722s][info ][gc,cpu         ] GC(53) User=0.00s Sys=0.01s Real=0.01s
[1002.722s][info ][safepoint      ] Safepoint "ParallelGCFailedAllocation", Time since last: 1978866719 ns, Reaching safepoint: 103101 ns, At safepoint: 5033950 ns, Total: 5137051 ns
[1003.722s][info ][safepoint      ] Safepoint "Cleanup", Time since last: 1000078320 ns, Reaching safepoint: 44601 ns, At safepoint: 2800 ns, Total: 47401 ns
[1011.723s][info ][safepoint      ] Safepoint "Cleanup", Time since last: 8000497095 ns, Reaching safepoint: 112401 ns, At safepoint: 8600 ns, Total: 121001 ns
[1018.723s][info ][safepoint      ] Safepoint "Cleanup", Time since last: 7000419139 ns, Reaching safepoint: 118901 ns, At safepoint: 6000 ns, Total: 124901 ns
[1019.723s][info ][safepoint      ] Safepoint "Cleanup", Time since last: 1000113438 ns, Reaching safepoint: 52200 ns, At safepoint: 6501 ns, Total: 58701 ns
[1023.724s][info ][safepoint      ] Safepoint "Cleanup", Time since last: 4000312017 ns, Reaching safepoint: 34200 ns, At safepoint: 2500 ns, Total: 36700 ns
[1028.724s][info ][safepoint      ] Safepoint "Cleanup", Time since last: 5000360768 ns, Reaching safepoint: 38700 ns, At safepoint: 12100 ns, Total: 50800 ns
[1029.724s][info ][safepoint      ] Safepoint "Cleanup", Time since last: 1000105856 ns, Reaching safepoint: 40301 ns, At safepoint: 2800 ns, Total: 43101 ns
[1032.724s][info ][safepoint      ] Safepoint "Cleanup", Time since last: 3000238068 ns, Reaching safepoint: 35900 ns, At safepoint: 2100 ns, Total: 38000 ns
[1034.725s][info ][safepoint      ] Safepoint "Cleanup", Time since last: 2000161812 ns, Reaching safepoint: 42701 ns, At safepoint: 3400 ns, Total: 46101 ns
[1035.725s][info ][safepoint      ] Safepoint "Cleanup", Time since last: 1000122953 ns, Reaching safepoint: 53100 ns, At safepoint: 3500 ns, Total: 56600 ns
[1038.725s][info ][safepoint      ] Safepoint "Cleanup", Time since last: 3000235425 ns, Reaching safepoint: 68301 ns, At safepoint: 5300 ns, Total: 73601 ns
[1046.518s][info ][gc,start       ] GC(54) Pause Young (Allocation Failure)
[1046.522s][debug][gc,phases      ] GC(54) Scavenge 4.071ms
[1046.522s][debug][gc,ref         ] GC(54) Skipped phase 1 of Reference Processing: no references
[1046.522s][debug][gc,ref         ] GC(54) ReferenceProcessor::execute queues: 1, RefProcThreadModel::Single, marks_oops_alive: false
[1046.522s][debug][gc,ref         ] GC(54) Skipped phase 3 of Reference Processing: no references
[1046.522s][debug][gc,ref         ] GC(54) ReferenceProcessor::execute queues: 1, RefProcThreadModel::Single, marks_oops_alive: false
[1046.522s][debug][gc,phases      ] GC(54) Reference Processing 0.091ms
[1046.522s][debug][gc,phases      ] GC(54)   VM Weak                        Min:  0.0, Avg:  0.0, Max:  0.0, Diff:  0.0, Sum:  0.0, Workers: 4
[1046.522s][debug][gc,phases      ] GC(54)     Dead                           Min: 0, Avg:  0.0, Max: 0, Diff: 0, Sum: 0, Workers: 4
[1046.522s][debug][gc,phases      ] GC(54)     Total                          Min: 64, Avg: 229.5, Max: 448, Diff: 384, Sum: 918, Workers: 4
[1046.522s][debug][gc,phases      ] GC(54)   ObjectSynchronizer Weak        Min:  0.0, Avg:  0.0, Max:  0.0, Diff:  0.0, Sum:  0.0, Workers: 4
[1046.522s][debug][gc,phases      ] GC(54)     Dead                           Min: 0, Avg:  0.0, Max: 0, Diff: 0, Sum: 0, Workers: 4
[1046.522s][debug][gc,phases      ] GC(54)     Total                          Min: 0, Avg: 10.0, Max: 40, Diff: 40, Sum: 40, Workers: 4
[1046.522s][debug][gc,phases      ] GC(54)   JVMTI Tag Weak OopStorage      Min:  0.0, Avg:  0.0, Max:  0.0, Diff:  0.0, Sum:  0.0, Workers: 4
[1046.522s][debug][gc,phases      ] GC(54)     Dead                           Min: 0, Avg:  0.0, Max: 0, Diff: 0, Sum: 0, Workers: 4
[1046.522s][debug][gc,phases      ] GC(54)     Total                          Min: 0, Avg:  0.0, Max: 0, Diff: 0, Sum: 0, Workers: 4
[1046.522s][debug][gc,phases      ] GC(54)   StringTable Weak               Min:  0.1, Avg:  0.1, Max:  0.1, Diff:  0.0, Sum:  0.4, Workers: 4
[1046.522s][debug][gc,phases      ] GC(54)     Dead                           Min: 0, Avg:  0.2, Max: 1, Diff: 1, Sum: 1, Workers: 4
[1046.522s][debug][gc,phases      ] GC(54)     Total                          Min: 9664, Avg: 10921.5, Max: 11647, Diff: 1983, Sum: 43686, Workers: 4
[1046.522s][debug][gc,phases      ] GC(54)   ResolvedMethodTable Weak       Min:  0.0, Avg:  0.0, Max:  0.0, Diff:  0.0, Sum:  0.1, Workers: 4
[1046.522s][debug][gc,phases      ] GC(54)     Dead                           Min: 0, Avg:  0.0, Max: 0, Diff: 0, Sum: 0, Workers: 4
[1046.522s][debug][gc,phases      ] GC(54)     Total                          Min: 2176, Avg: 2395.8, Max: 2880, Diff: 704, Sum: 9583, Workers: 4
[1046.522s][debug][gc,phases      ] GC(54)   JNI Weak                       Min:  0.0, Avg:  0.0, Max:  0.0, Diff:  0.0, Sum:  0.0, Workers: 4
[1046.522s][debug][gc,phases      ] GC(54)     Dead                           Min: 0, Avg:  0.0, Max: 0, Diff: 0, Sum: 0, Workers: 4
[1046.523s][debug][gc,phases      ] GC(54)     Total                          Min: 0, Avg: 11.2, Max: 45, Diff: 45, Sum: 45, Workers: 4
[1046.523s][debug][gc,phases      ] GC(54)   StringDedup Table Weak         Min:  0.0, Avg:  0.0, Max:  0.0, Diff:  0.0, Sum:  0.0, Workers: 4
[1046.523s][debug][gc,phases      ] GC(54)     Dead                           Min: 0, Avg:  0.0, Max: 0, Diff: 0, Sum: 0, Workers: 4
[1046.523s][debug][gc,phases      ] GC(54)     Total                          Min: 0, Avg:  0.0, Max: 0, Diff: 0, Sum: 0, Workers: 4
[1046.523s][debug][gc,phases      ] GC(54)   StringDedup Requests0 Weak     Min:  0.0, Avg:  0.0, Max:  0.0, Diff:  0.0, Sum:  0.0, Workers: 4
[1046.523s][debug][gc,phases      ] GC(54)     Dead                           Min: 0, Avg:  0.0, Max: 0, Diff: 0, Sum: 0, Workers: 4
[1046.523s][debug][gc,phases      ] GC(54)     Total                          Min: 0, Avg:  0.0, Max: 0, Diff: 0, Sum: 0, Workers: 4
[1046.523s][debug][gc,phases      ] GC(54)   StringDedup Requests1 Weak     Min:  0.0, Avg:  0.0, Max:  0.0, Diff:  0.0, Sum:  0.0, Workers: 4
[1046.523s][debug][gc,phases      ] GC(54)     Dead                           Min: 0, Avg:  0.0, Max: 0, Diff: 0, Sum: 0, Workers: 4
[1046.523s][debug][gc,phases      ] GC(54)     Total                          Min: 0, Avg:  0.0, Max: 0, Diff: 0, Sum: 0, Workers: 4
[1046.523s][debug][gc,phases      ] GC(54)   Weak JFR Old Object Samples    Min:  0.0, Avg:  0.0, Max:  0.0, Diff:  0.0, Sum:  0.0, Workers: 4
[1046.523s][debug][gc,phases      ] GC(54)     Dead                           Min: 0, Avg:  0.0, Max: 0, Diff: 0, Sum: 0, Workers: 4
[1046.523s][debug][gc,phases      ] GC(54)     Total                          Min: 0, Avg:  0.0, Max: 0, Diff: 0, Sum: 0, Workers: 4
[1046.523s][debug][gc,phases      ] GC(54) Weak Processing 0.322ms
[1046.523s][debug][gc,age         ] GC(54) Desired survivor size 319815680 bytes, new threshold 15 (max threshold 15)
[1046.523s][info ][gc,heap        ] GC(54) PSYoungGen: 1521248K(1521664K)->4240K(1776128K) Eden: 1517568K(1517568K)->0K(1472512K) From: 3680K(4096K)->4240K(303616K)
[1046.523s][info ][gc,heap        ] GC(54) ParOldGen: 472272K(616448K)->472272K(616448K)
[1046.523s][info ][gc,metaspace   ] GC(54) Metaspace: 82614K(83712K)->82614K(83712K) NonClass: 70853K(71424K)->70853K(71424K) Class: 11760K(12288K)->11760K(12288K)
[1046.523s][info ][gc             ] GC(54) Pause Young (Allocation Failure) 1946M->465M(2336M) 4.587ms
[1046.523s][info ][gc,cpu         ] GC(54) User=0.01s Sys=0.00s Real=0.00s
[1046.523s][info ][safepoint      ] Safepoint "ParallelGCFailedAllocation", Time since last: 7792782425 ns, Reaching safepoint: 45201 ns, At safepoint: 4647046 ns, Total: 4692247 ns
[1048.523s][info ][safepoint      ] Safepoint "Cleanup", Time since last: 2000138821 ns, Reaching safepoint: 40700 ns, At safepoint: 2600 ns, Total: 43300 ns
[1049.523s][info ][safepoint      ] Safepoint "Cleanup", Time since last: 1000100161 ns, Reaching safepoint: 44400 ns, At safepoint: 18201 ns, Total: 62601 ns
[1050.523s][info ][safepoint      ] Safepoint "Cleanup", Time since last: 1000098860 ns, Reaching safepoint: 45201 ns, At safepoint: 2700 ns, Total: 47901 ns
[1051.523s][info ][safepoint      ] Safepoint "Cleanup", Time since last: 1000106758 ns, Reaching safepoint: 44901 ns, At safepoint: 2300 ns, Total: 47201 ns
[1052.523s][info ][safepoint      ] Safepoint "Cleanup", Time since last: 1000096400 ns, Reaching safepoint: 35500 ns, At safepoint: 3100 ns, Total: 38600 ns
[1054.524s][info ][safepoint      ] Safepoint "Cleanup", Time since last: 2000173700 ns, Reaching safepoint: 53901 ns, At safepoint: 4400 ns, Total: 58301 ns
[1055.524s][info ][safepoint      ] Safepoint "Cleanup", Time since last: 1000104000 ns, Reaching safepoint: 104101 ns, At safepoint: 4700 ns, Total: 108801 ns
[1057.524s][info ][safepoint      ] Safepoint "Cleanup", Time since last: 2000167200 ns, Reaching safepoint: 46600 ns, At safepoint: 2500 ns, Total: 49100 ns
[1058.524s][info ][safepoint      ] Safepoint "Cleanup", Time since last: 1000132401 ns, Reaching safepoint: 124001 ns, At safepoint: 5700 ns, Total: 129701 ns
[1059.525s][info ][safepoint      ] Safepoint "Cleanup", Time since last: 1000851309 ns, Reaching safepoint: 68900 ns, At safepoint: 5401 ns, Total: 74301 ns
[1062.526s][info ][safepoint      ] Safepoint "Cleanup", Time since last: 3000251111 ns, Reaching safepoint: 105301 ns, At safepoint: 8800 ns, Total: 114101 ns
[1069.526s][info ][safepoint      ] Safepoint "Cleanup", Time since last: 7000402958 ns, Reaching safepoint: 36300 ns, At safepoint: 4800 ns, Total: 41100 ns
[1071.526s][info ][safepoint      ] Safepoint "Cleanup", Time since last: 2000166973 ns, Reaching safepoint: 38701 ns, At safepoint: 3600 ns, Total: 42301 ns
[1074.527s][info ][safepoint      ] Safepoint "Cleanup", Time since last: 3000229609 ns, Reaching safepoint: 38900 ns, At safepoint: 3000 ns, Total: 41900 ns
[1076.527s][info ][safepoint      ] Safepoint "Cleanup", Time since last: 2000168857 ns, Reaching safepoint: 36000 ns, At safepoint: 2600 ns, Total: 38600 ns
[1077.527s][info ][safepoint      ] Safepoint "Cleanup", Time since last: 1000115421 ns, Reaching safepoint: 35401 ns, At safepoint: 2300 ns, Total: 37701 ns
[1079.527s][info ][safepoint      ] Safepoint "Cleanup", Time since last: 2000165241 ns, Reaching safepoint: 43800 ns, At safepoint: 3400 ns, Total: 47200 ns
[1081.147s][info ][gc,start       ] GC(55) Pause Young (Allocation Failure)
[1081.153s][debug][gc,phases      ] GC(55) Scavenge 6.491ms
[1081.153s][debug][gc,ref         ] GC(55) Skipped phase 1 of Reference Processing: no references
[1081.153s][debug][gc,ref         ] GC(55) ReferenceProcessor::execute queues: 1, RefProcThreadModel::Single, marks_oops_alive: false
[1081.153s][debug][gc,ref         ] GC(55) Skipped phase 3 of Reference Processing: no references
[1081.153s][debug][gc,ref         ] GC(55) ReferenceProcessor::execute queues: 1, RefProcThreadModel::Single, marks_oops_alive: false
[1081.153s][debug][gc,phases      ] GC(55) Reference Processing 0.092ms
[1081.154s][debug][gc,phases      ] GC(55)   VM Weak                        Min:  0.0, Avg:  0.0, Max:  0.0, Diff:  0.0, Sum:  0.0, Workers: 4
[1081.154s][debug][gc,phases      ] GC(55)     Dead                           Min: 0, Avg:  0.0, Max: 0, Diff: 0, Sum: 0, Workers: 4
[1081.154s][debug][gc,phases      ] GC(55)     Total                          Min: 0, Avg: 229.8, Max: 512, Diff: 512, Sum: 919, Workers: 4
[1081.154s][debug][gc,phases      ] GC(55)   ObjectSynchronizer Weak        Min:  0.0, Avg:  0.0, Max:  0.0, Diff:  0.0, Sum:  0.0, Workers: 4
[1081.154s][debug][gc,phases      ] GC(55)     Dead                           Min: 0, Avg:  0.0, Max: 0, Diff: 0, Sum: 0, Workers: 4
[1081.154s][debug][gc,phases      ] GC(55)     Total                          Min: 0, Avg: 10.0, Max: 40, Diff: 40, Sum: 40, Workers: 4
[1081.154s][debug][gc,phases      ] GC(55)   JVMTI Tag Weak OopStorage      Min:  0.0, Avg:  0.0, Max:  0.0, Diff:  0.0, Sum:  0.0, Workers: 4
[1081.154s][debug][gc,phases      ] GC(55)     Dead                           Min: 0, Avg:  0.0, Max: 0, Diff: 0, Sum: 0, Workers: 4
[1081.154s][debug][gc,phases      ] GC(55)     Total                          Min: 0, Avg:  0.0, Max: 0, Diff: 0, Sum: 0, Workers: 4
[1081.154s][debug][gc,phases      ] GC(55)   StringTable Weak               Min:  0.0, Avg:  0.1, Max:  0.1, Diff:  0.1, Sum:  0.4, Workers: 4
[1081.154s][debug][gc,phases      ] GC(55)     Dead                           Min: 0, Avg:  0.5, Max: 2, Diff: 2, Sum: 2, Workers: 4
[1081.154s][debug][gc,phases      ] GC(55)     Total                          Min: 0, Avg: 10922.8, Max: 18605, Diff: 18605, Sum: 43691, Workers: 4
[1081.154s][debug][gc,phases      ] GC(55)   ResolvedMethodTable Weak       Min:  0.0, Avg:  0.0, Max:  0.0, Diff:  0.0, Sum:  0.1, Workers: 4
[1081.154s][debug][gc,phases      ] GC(55)     Dead                           Min: 0, Avg:  0.0, Max: 0, Diff: 0, Sum: 0, Workers: 4
[1081.154s][debug][gc,phases      ] GC(55)     Total                          Min: 0, Avg: 2399.0, Max: 4028, Diff: 4028, Sum: 9596, Workers: 4
[1081.154s][debug][gc,phases      ] GC(55)   JNI Weak                       Min:  0.0, Avg:  0.0, Max:  0.0, Diff:  0.0, Sum:  0.0, Workers: 4
[1081.154s][debug][gc,phases      ] GC(55)     Dead                           Min: 0, Avg:  0.0, Max: 0, Diff: 0, Sum: 0, Workers: 4
[1081.154s][debug][gc,phases      ] GC(55)     Total                          Min: 0, Avg: 11.5, Max: 46, Diff: 46, Sum: 46, Workers: 4
[1081.154s][debug][gc,phases      ] GC(55)   StringDedup Table Weak         Min:  0.0, Avg:  0.0, Max:  0.0, Diff:  0.0, Sum:  0.0, Workers: 4
[1081.154s][debug][gc,phases      ] GC(55)     Dead                           Min: 0, Avg:  0.0, Max: 0, Diff: 0, Sum: 0, Workers: 4
[1081.154s][debug][gc,phases      ] GC(55)     Total                          Min: 0, Avg:  0.0, Max: 0, Diff: 0, Sum: 0, Workers: 4
[1081.154s][debug][gc,phases      ] GC(55)   StringDedup Requests0 Weak     Min:  0.0, Avg:  0.0, Max:  0.0, Diff:  0.0, Sum:  0.0, Workers: 4
[1081.154s][debug][gc,phases      ] GC(55)     Dead                           Min: 0, Avg:  0.0, Max: 0, Diff: 0, Sum: 0, Workers: 4
[1081.154s][debug][gc,phases      ] GC(55)     Total                          Min: 0, Avg:  0.0, Max: 0, Diff: 0, Sum: 0, Workers: 4
[1081.154s][debug][gc,phases      ] GC(55)   StringDedup Requests1 Weak     Min:  0.0, Avg:  0.0, Max:  0.0, Diff:  0.0, Sum:  0.0, Workers: 4
[1081.154s][debug][gc,phases      ] GC(55)     Dead                           Min: 0, Avg:  0.0, Max: 0, Diff: 0, Sum: 0, Workers: 4
[1081.154s][debug][gc,phases      ] GC(55)     Total                          Min: 0, Avg:  0.0, Max: 0, Diff: 0, Sum: 0, Workers: 4
[1081.154s][debug][gc,phases      ] GC(55)   Weak JFR Old Object Samples    Min:  0.0, Avg:  0.0, Max:  0.0, Diff:  0.0, Sum:  0.0, Workers: 4
[1081.154s][debug][gc,phases      ] GC(55)     Dead                           Min: 0, Avg:  0.0, Max: 0, Diff: 0, Sum: 0, Workers: 4
[1081.154s][debug][gc,phases      ] GC(55)     Total                          Min: 0, Avg:  0.0, Max: 0, Diff: 0, Sum: 0, Workers: 4
[1081.154s][debug][gc,phases      ] GC(55) Weak Processing 0.323ms
[1081.154s][debug][gc,age         ] GC(55) Desired survivor size 322961408 bytes, new threshold 15 (max threshold 15)
[1081.154s][info ][gc,heap        ] GC(55) PSYoungGen: 1476726K(1776128K)->5524K(1478144K) Eden: 1472486K(1472512K)->0K(1472512K) From: 4240K(303616K)->5524K(5632K)
[1081.154s][info ][gc,heap        ] GC(55) ParOldGen: 472272K(616448K)->472280K(616448K)
[1081.154s][info ][gc,metaspace   ] GC(55) Metaspace: 82654K(83776K)->82654K(83776K) NonClass: 70888K(71488K)->70888K(71488K) Class: 11765K(12288K)->11765K(12288K)
[1081.154s][info ][gc             ] GC(55) Pause Young (Allocation Failure) 1903M->466M(2045M) 7.004ms
[1081.154s][info ][gc,cpu         ] GC(55) User=0.02s Sys=0.00s Real=0.00s
[1081.154s][info ][safepoint      ] Safepoint "ParallelGCFailedAllocation", Time since last: 1619593866 ns, Reaching safepoint: 41201 ns, At safepoint: 7084970 ns, Total: 7126171 ns
[1088.154s][info ][safepoint      ] Safepoint "Cleanup", Time since last: 7000466272 ns, Reaching safepoint: 38500 ns, At safepoint: 2800 ns, Total: 41300 ns
[1090.155s][info ][safepoint      ] Safepoint "Cleanup", Time since last: 2000193054 ns, Reaching safepoint: 43701 ns, At safepoint: 2700 ns, Total: 46401 ns
[1098.155s][info ][safepoint      ] Safepoint "Cleanup", Time since last: 8000554393 ns, Reaching safepoint: 42800 ns, At safepoint: 2700 ns, Total: 45500 ns
[1102.156s][info ][safepoint      ] Safepoint "Cleanup", Time since last: 4000269269 ns, Reaching safepoint: 64000 ns, At safepoint: 4700 ns, Total: 68700 ns
[1103.156s][info ][safepoint      ] Safepoint "Cleanup", Time since last: 1000103830 ns, Reaching safepoint: 48901 ns, At safepoint: 9300 ns, Total: 58201 ns
[1106.156s][info ][safepoint      ] Safepoint "Cleanup", Time since last: 3000232688 ns, Reaching safepoint: 45501 ns, At safepoint: 2800 ns, Total: 48301 ns
[1107.156s][info ][safepoint      ] Safepoint "Cleanup", Time since last: 1000108130 ns, Reaching safepoint: 46700 ns, At safepoint: 2500 ns, Total: 49200 ns
[1111.157s][info ][safepoint      ] Safepoint "Cleanup", Time since last: 4000324710 ns, Reaching safepoint: 52701 ns, At safepoint: 6200 ns, Total: 58901 ns
[1114.157s][info ][safepoint      ] Safepoint "Cleanup", Time since last: 3000216581 ns, Reaching safepoint: 45701 ns, At safepoint: 2500 ns, Total: 48201 ns
[1120.157s][info ][safepoint      ] Safepoint "Cleanup", Time since last: 6000426928 ns, Reaching safepoint: 45601 ns, At safepoint: 2700 ns, Total: 48301 ns
[1121.014s][info ][gc,start       ] GC(56) Pause Young (Allocation Failure)
[1121.019s][debug][gc,phases      ] GC(56) Scavenge 5.614ms
[1121.019s][debug][gc,ref         ] GC(56) Skipped phase 1 of Reference Processing: no references
[1121.019s][debug][gc,ref         ] GC(56) ReferenceProcessor::execute queues: 1, RefProcThreadModel::Single, marks_oops_alive: false
[1121.019s][debug][gc,ref         ] GC(56) Skipped phase 3 of Reference Processing: no references
[1121.020s][debug][gc,ref         ] GC(56) ReferenceProcessor::execute queues: 1, RefProcThreadModel::Single, marks_oops_alive: false
[1121.020s][debug][gc,phases      ] GC(56) Reference Processing 0.093ms
[1121.020s][debug][gc,phases      ] GC(56)   VM Weak                        Min:  0.0, Avg:  0.0, Max:  0.0, Diff:  0.0, Sum:  0.0, Workers: 4
[1121.020s][debug][gc,phases      ] GC(56)     Dead                           Min: 0, Avg:  0.0, Max: 0, Diff: 0, Sum: 0, Workers: 4
[1121.020s][debug][gc,phases      ] GC(56)     Total                          Min: 0, Avg: 229.8, Max: 576, Diff: 576, Sum: 919, Workers: 4
[1121.020s][debug][gc,phases      ] GC(56)   ObjectSynchronizer Weak        Min:  0.0, Avg:  0.0, Max:  0.0, Diff:  0.0, Sum:  0.0, Workers: 4
[1121.020s][debug][gc,phases      ] GC(56)     Dead                           Min: 0, Avg:  0.0, Max: 0, Diff: 0, Sum: 0, Workers: 4
[1121.020s][debug][gc,phases      ] GC(56)     Total                          Min: 0, Avg: 10.0, Max: 40, Diff: 40, Sum: 40, Workers: 4
[1121.020s][debug][gc,phases      ] GC(56)   JVMTI Tag Weak OopStorage      Min:  0.0, Avg:  0.0, Max:  0.0, Diff:  0.0, Sum:  0.0, Workers: 4
[1121.020s][debug][gc,phases      ] GC(56)     Dead                           Min: 0, Avg:  0.0, Max: 0, Diff: 0, Sum: 0, Workers: 4
[1121.020s][debug][gc,phases      ] GC(56)     Total                          Min: 0, Avg:  0.0, Max: 0, Diff: 0, Sum: 0, Workers: 4
[1121.020s][debug][gc,phases      ] GC(56)   StringTable Weak               Min:  0.0, Avg:  0.1, Max:  0.2, Diff:  0.2, Sum:  0.3, Workers: 4
[1121.020s][debug][gc,phases      ] GC(56)     Dead                           Min: 0, Avg:  0.0, Max: 0, Diff: 0, Sum: 0, Workers: 4
[1121.020s][debug][gc,phases      ] GC(56)     Total                          Min: 0, Avg: 10922.8, Max: 25662, Diff: 25662, Sum: 43691, Workers: 4
[1121.020s][debug][gc,phases      ] GC(56)   ResolvedMethodTable Weak       Min:  0.0, Avg:  0.0, Max:  0.0, Diff:  0.0, Sum:  0.1, Workers: 4
[1121.020s][debug][gc,phases      ] GC(56)     Dead                           Min: 0, Avg:  0.0, Max: 0, Diff: 0, Sum: 0, Workers: 4
[1121.020s][debug][gc,phases      ] GC(56)     Total                          Min: 0, Avg: 2399.0, Max: 5248, Diff: 5248, Sum: 9596, Workers: 4
[1121.020s][debug][gc,phases      ] GC(56)   JNI Weak                       Min:  0.0, Avg:  0.0, Max:  0.0, Diff:  0.0, Sum:  0.0, Workers: 4
[1121.020s][debug][gc,phases      ] GC(56)     Dead                           Min: 0, Avg:  0.0, Max: 0, Diff: 0, Sum: 0, Workers: 4
[1121.020s][debug][gc,phases      ] GC(56)     Total                          Min: 0, Avg: 11.2, Max: 45, Diff: 45, Sum: 45, Workers: 4
[1121.020s][debug][gc,phases      ] GC(56)   StringDedup Table Weak         Min:  0.0, Avg:  0.0, Max:  0.0, Diff:  0.0, Sum:  0.0, Workers: 4
[1121.020s][debug][gc,phases      ] GC(56)     Dead                           Min: 0, Avg:  0.0, Max: 0, Diff: 0, Sum: 0, Workers: 4
[1121.020s][debug][gc,phases      ] GC(56)     Total                          Min: 0, Avg:  0.0, Max: 0, Diff: 0, Sum: 0, Workers: 4
[1121.020s][debug][gc,phases      ] GC(56)   StringDedup Requests0 Weak     Min:  0.0, Avg:  0.0, Max:  0.0, Diff:  0.0, Sum:  0.0, Workers: 4
[1121.020s][debug][gc,phases      ] GC(56)     Dead                           Min: 0, Avg:  0.0, Max: 0, Diff: 0, Sum: 0, Workers: 4
[1121.020s][debug][gc,phases      ] GC(56)     Total                          Min: 0, Avg:  0.0, Max: 0, Diff: 0, Sum: 0, Workers: 4
[1121.020s][debug][gc,phases      ] GC(56)   StringDedup Requests1 Weak     Min:  0.0, Avg:  0.0, Max:  0.0, Diff:  0.0, Sum:  0.0, Workers: 4
[1121.020s][debug][gc,phases      ] GC(56)     Dead                           Min: 0, Avg:  0.0, Max: 0, Diff: 0, Sum: 0, Workers: 4
[1121.020s][debug][gc,phases      ] GC(56)     Total                          Min: 0, Avg:  0.0, Max: 0, Diff: 0, Sum: 0, Workers: 4
[1121.020s][debug][gc,phases      ] GC(56)   Weak JFR Old Object Samples    Min:  0.0, Avg:  0.0, Max:  0.0, Diff:  0.0, Sum:  0.0, Workers: 4
[1121.020s][debug][gc,phases      ] GC(56)     Dead                           Min: 0, Avg:  0.0, Max: 0, Diff: 0, Sum: 0, Workers: 4
[1121.020s][debug][gc,phases      ] GC(56)     Total                          Min: 0, Avg:  0.0, Max: 0, Diff: 0, Sum: 0, Workers: 4
[1121.020s][debug][gc,phases      ] GC(56) Weak Processing 0.363ms
[1121.020s][debug][gc,age         ] GC(56) Desired survivor size 322961408 bytes, new threshold 15 (max threshold 15)
[1121.020s][info ][gc,heap        ] GC(56) PSYoungGen: 1478036K(1478144K)->5504K(1781760K) Eden: 1472512K(1472512K)->0K(1466368K) From: 5524K(5632K)->5504K(315392K)
[1121.020s][info ][gc,heap        ] GC(56) ParOldGen: 472280K(616448K)->472280K(616448K)
[1121.020s][info ][gc,metaspace   ] GC(56) Metaspace: 82670K(83776K)->82670K(83776K) NonClass: 70904K(71488K)->70904K(71488K) Class: 11765K(12288K)->11765K(12288K)
[1121.020s][info ][gc             ] GC(56) Pause Young (Allocation Failure) 1904M->466M(2342M) 6.165ms
[1121.020s][info ][gc,cpu         ] GC(56) User=0.01s Sys=0.00s Real=0.01s
[1121.020s][info ][safepoint      ] Safepoint "ParallelGCFailedAllocation", Time since last: 856395813 ns, Reaching safepoint: 65100 ns, At safepoint: 6227762 ns, Total: 6292862 ns
[1122.020s][info ][safepoint      ] Safepoint "Cleanup", Time since last: 1000094642 ns, Reaching safepoint: 120701 ns, At safepoint: 6300 ns, Total: 127001 ns
[1128.021s][info ][safepoint      ] Safepoint "Cleanup", Time since last: 6000473370 ns, Reaching safepoint: 37700 ns, At safepoint: 2600 ns, Total: 40300 ns
[1131.021s][info ][safepoint      ] Safepoint "Cleanup", Time since last: 3000247739 ns, Reaching safepoint: 115701 ns, At safepoint: 5000 ns, Total: 120701 ns
[1134.021s][info ][safepoint      ] Safepoint "Cleanup", Time since last: 3000232623 ns, Reaching safepoint: 53501 ns, At safepoint: 4200 ns, Total: 57701 ns
[1136.022s][info ][safepoint      ] Safepoint "Cleanup", Time since last: 2000192043 ns, Reaching safepoint: 48600 ns, At safepoint: 5400 ns, Total: 54000 ns
[1137.022s][info ][safepoint      ] Safepoint "Cleanup", Time since last: 1000110522 ns, Reaching safepoint: 38500 ns, At safepoint: 3700 ns, Total: 42200 ns
[1138.022s][info ][safepoint      ] Safepoint "Cleanup", Time since last: 1000120322 ns, Reaching safepoint: 128901 ns, At safepoint: 5600 ns, Total: 134501 ns
[1141.022s][info ][safepoint      ] Safepoint "Cleanup", Time since last: 3000246446 ns, Reaching safepoint: 119702 ns, At safepoint: 6200 ns, Total: 125902 ns
[1144.023s][info ][safepoint      ] Safepoint "Cleanup", Time since last: 3000247738 ns, Reaching safepoint: 40801 ns, At safepoint: 2500 ns, Total: 43301 ns
[1148.023s][info ][safepoint      ] Safepoint "Cleanup", Time since last: 4000259518 ns, Reaching safepoint: 120201 ns, At safepoint: 3700 ns, Total: 123901 ns
[1153.024s][info ][safepoint      ] Safepoint "Cleanup", Time since last: 5000375498 ns, Reaching safepoint: 108501 ns, At safepoint: 6100 ns, Total: 114601 ns
[1156.627s][info ][gc,start       ] GC(57) Pause Young (Allocation Failure)
[1156.634s][debug][gc,phases      ] GC(57) Scavenge 6.034ms
[1156.634s][debug][gc,ref         ] GC(57) Skipped phase 1 of Reference Processing: no references
[1156.634s][debug][gc,ref         ] GC(57) ReferenceProcessor::execute queues: 1, RefProcThreadModel::Single, marks_oops_alive: false
[1156.634s][debug][gc,ref         ] GC(57) Skipped phase 3 of Reference Processing: no references
[1156.634s][debug][gc,ref         ] GC(57) ReferenceProcessor::execute queues: 1, RefProcThreadModel::Single, marks_oops_alive: false
[1156.634s][debug][gc,phases      ] GC(57) Reference Processing 0.125ms
[1156.634s][debug][gc,phases      ] GC(57)   VM Weak                        Min:  0.0, Avg:  0.0, Max:  0.0, Diff:  0.0, Sum:  0.0, Workers: 4
[1156.634s][debug][gc,phases      ] GC(57)     Dead                           Min: 0, Avg:  0.0, Max: 0, Diff: 0, Sum: 0, Workers: 4
[1156.634s][debug][gc,phases      ] GC(57)     Total                          Min: 0, Avg: 229.8, Max: 576, Diff: 576, Sum: 919, Workers: 4
[1156.634s][debug][gc,phases      ] GC(57)   ObjectSynchronizer Weak        Min:  0.0, Avg:  0.0, Max:  0.0, Diff:  0.0, Sum:  0.0, Workers: 4
[1156.634s][debug][gc,phases      ] GC(57)     Dead                           Min: 0, Avg:  0.0, Max: 0, Diff: 0, Sum: 0, Workers: 4
[1156.634s][debug][gc,phases      ] GC(57)     Total                          Min: 0, Avg: 10.0, Max: 40, Diff: 40, Sum: 40, Workers: 4
[1156.634s][debug][gc,phases      ] GC(57)   JVMTI Tag Weak OopStorage      Min:  0.0, Avg:  0.0, Max:  0.0, Diff:  0.0, Sum:  0.0, Workers: 4
[1156.634s][debug][gc,phases      ] GC(57)     Dead                           Min: 0, Avg:  0.0, Max: 0, Diff: 0, Sum: 0, Workers: 4
[1156.634s][debug][gc,phases      ] GC(57)     Total                          Min: 0, Avg:  0.0, Max: 0, Diff: 0, Sum: 0, Workers: 4
[1156.634s][debug][gc,phases      ] GC(57)   StringTable Weak               Min:  0.0, Avg:  0.1, Max:  0.1, Diff:  0.1, Sum:  0.4, Workers: 4
[1156.634s][debug][gc,phases      ] GC(57)     Dead                           Min: 0, Avg:  0.0, Max: 0, Diff: 0, Sum: 0, Workers: 4
[1156.634s][debug][gc,phases      ] GC(57)     Total                          Min: 0, Avg: 10922.8, Max: 17344, Diff: 17344, Sum: 43691, Workers: 4
[1156.634s][debug][gc,phases      ] GC(57)   ResolvedMethodTable Weak       Min:  0.0, Avg:  0.0, Max:  0.0, Diff:  0.0, Sum:  0.1, Workers: 4
[1156.634s][debug][gc,phases      ] GC(57)     Dead                           Min: 0, Avg:  0.0, Max: 0, Diff: 0, Sum: 0, Workers: 4
[1156.634s][debug][gc,phases      ] GC(57)     Total                          Min: 0, Avg: 2399.0, Max: 3520, Diff: 3520, Sum: 9596, Workers: 4
[1156.634s][debug][gc,phases      ] GC(57)   JNI Weak                       Min:  0.0, Avg:  0.0, Max:  0.0, Diff:  0.0, Sum:  0.0, Workers: 4
[1156.634s][debug][gc,phases      ] GC(57)     Dead                           Min: 0, Avg:  0.0, Max: 0, Diff: 0, Sum: 0, Workers: 4
[1156.634s][debug][gc,phases      ] GC(57)     Total                          Min: 0, Avg: 11.2, Max: 45, Diff: 45, Sum: 45, Workers: 4
[1156.634s][debug][gc,phases      ] GC(57)   StringDedup Table Weak         Min:  0.0, Avg:  0.0, Max:  0.0, Diff:  0.0, Sum:  0.0, Workers: 4
[1156.634s][debug][gc,phases      ] GC(57)     Dead                           Min: 0, Avg:  0.0, Max: 0, Diff: 0, Sum: 0, Workers: 4
[1156.634s][debug][gc,phases      ] GC(57)     Total                          Min: 0, Avg:  0.0, Max: 0, Diff: 0, Sum: 0, Workers: 4
[1156.634s][debug][gc,phases      ] GC(57)   StringDedup Requests0 Weak     Min:  0.0, Avg:  0.0, Max:  0.0, Diff:  0.0, Sum:  0.0, Workers: 4
[1156.634s][debug][gc,phases      ] GC(57)     Dead                           Min: 0, Avg:  0.0, Max: 0, Diff: 0, Sum: 0, Workers: 4
[1156.634s][debug][gc,phases      ] GC(57)     Total                          Min: 0, Avg:  0.0, Max: 0, Diff: 0, Sum: 0, Workers: 4
[1156.634s][debug][gc,phases      ] GC(57)   StringDedup Requests1 Weak     Min:  0.0, Avg:  0.0, Max:  0.0, Diff:  0.0, Sum:  0.0, Workers: 4
[1156.634s][debug][gc,phases      ] GC(57)     Dead                           Min: 0, Avg:  0.0, Max: 0, Diff: 0, Sum: 0, Workers: 4
[1156.634s][debug][gc,phases      ] GC(57)     Total                          Min: 0, Avg:  0.0, Max: 0, Diff: 0, Sum: 0, Workers: 4
[1156.634s][debug][gc,phases      ] GC(57)   Weak JFR Old Object Samples    Min:  0.0, Avg:  0.0, Max:  0.0, Diff:  0.0, Sum:  0.0, Workers: 4
[1156.634s][debug][gc,phases      ] GC(57)     Dead                           Min: 0, Avg:  0.0, Max: 0, Diff: 0, Sum: 0, Workers: 4
[1156.634s][debug][gc,phases      ] GC(57)     Total                          Min: 0, Avg:  0.0, Max: 0, Diff: 0, Sum: 0, Workers: 4
[1156.634s][debug][gc,phases      ] GC(57) Weak Processing 0.311ms
[1156.634s][debug][gc,age         ] GC(57) Desired survivor size 319291392 bytes, new threshold 15 (max threshold 15)
[1156.634s][info ][gc,heap        ] GC(57) PSYoungGen: 1471872K(1781760K)->6608K(1781760K) Eden: 1466368K(1466368K)->0K(1466368K) From: 5504K(315392K)->6608K(315392K)
[1156.634s][info ][gc,heap        ] GC(57) ParOldGen: 472280K(616448K)->472280K(616448K)
[1156.634s][info ][gc,metaspace   ] GC(57) Metaspace: 82700K(83840K)->82700K(83840K) NonClass: 70935K(71552K)->70935K(71552K) Class: 11765K(12288K)->11765K(12288K)
[1156.634s][info ][gc             ] GC(57) Pause Young (Allocation Failure) 1898M->467M(2342M) 6.592ms
[1156.634s][info ][gc,cpu         ] GC(57) User=0.02s Sys=0.00s Real=0.00s
[1156.634s][info ][safepoint      ] Safepoint "ParallelGCFailedAllocation", Time since last: 3603877591 ns, Reaching safepoint: 25900 ns, At safepoint: 6653769 ns, Total: 6679669 ns
[1157.634s][info ][safepoint      ] Safepoint "Cleanup", Time since last: 1000085234 ns, Reaching safepoint: 56101 ns, At safepoint: 7200 ns, Total: 63301 ns
[1158.634s][info ][safepoint      ] Safepoint "Cleanup", Time since last: 1000106934 ns, Reaching safepoint: 48500 ns, At safepoint: 2600 ns, Total: 51100 ns
[1160.635s][info ][safepoint      ] Safepoint "Cleanup", Time since last: 2000150768 ns, Reaching safepoint: 39100 ns, At safepoint: 3001 ns, Total: 42101 ns
[1170.635s][info ][safepoint      ] Safepoint "Cleanup", Time since last: 10000630596 ns, Reaching safepoint: 37601 ns, At safepoint: 3400 ns, Total: 41001 ns
[1190.637s][info ][safepoint      ] Safepoint "Cleanup", Time since last: 20001259268 ns, Reaching safepoint: 37001 ns, At safepoint: 2600 ns, Total: 39601 ns
[1191.637s][info ][safepoint      ] Safepoint "Cleanup", Time since last: 1000088079 ns, Reaching safepoint: 34501 ns, At safepoint: 6900 ns, Total: 41401 ns
[1195.637s][info ][safepoint      ] Safepoint "Cleanup", Time since last: 4000301113 ns, Reaching safepoint: 35900 ns, At safepoint: 2500 ns, Total: 38400 ns
[1195.765s][info ][gc,start       ] GC(58) Pause Young (Allocation Failure)
[1195.771s][debug][gc,phases      ] GC(58) Scavenge 6.053ms
[1195.771s][debug][gc,ref         ] GC(58) Skipped phase 1 of Reference Processing: no references
[1195.771s][debug][gc,ref         ] GC(58) ReferenceProcessor::execute queues: 1, RefProcThreadModel::Single, marks_oops_alive: false
[1195.771s][debug][gc,ref         ] GC(58) Skipped phase 3 of Reference Processing: no references
[1195.771s][debug][gc,ref         ] GC(58) ReferenceProcessor::execute queues: 1, RefProcThreadModel::Single, marks_oops_alive: false
[1195.771s][debug][gc,phases      ] GC(58) Reference Processing 0.097ms
[1195.771s][debug][gc,phases      ] GC(58)   VM Weak                        Min:  0.0, Avg:  0.0, Max:  0.0, Diff:  0.0, Sum:  0.0, Workers: 4
[1195.771s][debug][gc,phases      ] GC(58)     Dead                           Min: 0, Avg:  0.0, Max: 0, Diff: 0, Sum: 0, Workers: 4
[1195.771s][debug][gc,phases      ] GC(58)     Total                          Min: 0, Avg: 229.8, Max: 663, Diff: 663, Sum: 919, Workers: 4
[1195.771s][debug][gc,phases      ] GC(58)   ObjectSynchronizer Weak        Min:  0.0, Avg:  0.0, Max:  0.0, Diff:  0.0, Sum:  0.0, Workers: 4
[1195.771s][debug][gc,phases      ] GC(58)     Dead                           Min: 0, Avg:  0.0, Max: 0, Diff: 0, Sum: 0, Workers: 4
[1195.771s][debug][gc,phases      ] GC(58)     Total                          Min: 0, Avg: 10.0, Max: 40, Diff: 40, Sum: 40, Workers: 4
[1195.771s][debug][gc,phases      ] GC(58)   JVMTI Tag Weak OopStorage      Min:  0.0, Avg:  0.0, Max:  0.0, Diff:  0.0, Sum:  0.0, Workers: 4
[1195.771s][debug][gc,phases      ] GC(58)     Dead                           Min: 0, Avg:  0.0, Max: 0, Diff: 0, Sum: 0, Workers: 4
[1195.771s][debug][gc,phases      ] GC(58)     Total                          Min: 0, Avg:  0.0, Max: 0, Diff: 0, Sum: 0, Workers: 4
[1195.771s][debug][gc,phases      ] GC(58)   StringTable Weak               Min:  0.0, Avg:  0.1, Max:  0.1, Diff:  0.1, Sum:  0.4, Workers: 4
[1195.771s][debug][gc,phases      ] GC(58)     Dead                           Min: 0, Avg:  0.0, Max: 0, Diff: 0, Sum: 0, Workers: 4
[1195.771s][debug][gc,phases      ] GC(58)     Total                          Min: 0, Avg: 10923.2, Max: 19838, Diff: 19838, Sum: 43693, Workers: 4
[1195.771s][debug][gc,phases      ] GC(58)   ResolvedMethodTable Weak       Min:  0.0, Avg:  0.0, Max:  0.0, Diff:  0.0, Sum:  0.1, Workers: 4
[1195.771s][debug][gc,phases      ] GC(58)     Dead                           Min: 0, Avg:  0.0, Max: 0, Diff: 0, Sum: 0, Workers: 4
[1195.771s][debug][gc,phases      ] GC(58)     Total                          Min: 0, Avg: 2399.0, Max: 3516, Diff: 3516, Sum: 9596, Workers: 4
[1195.771s][debug][gc,phases      ] GC(58)   JNI Weak                       Min:  0.0, Avg:  0.0, Max:  0.0, Diff:  0.0, Sum:  0.0, Workers: 4
[1195.771s][debug][gc,phases      ] GC(58)     Dead                           Min: 0, Avg:  0.0, Max: 0, Diff: 0, Sum: 0, Workers: 4
[1195.771s][debug][gc,phases      ] GC(58)     Total                          Min: 0, Avg: 11.2, Max: 45, Diff: 45, Sum: 45, Workers: 4
[1195.771s][debug][gc,phases      ] GC(58)   StringDedup Table Weak         Min:  0.0, Avg:  0.0, Max:  0.0, Diff:  0.0, Sum:  0.0, Workers: 4
[1195.771s][debug][gc,phases      ] GC(58)     Dead                           Min: 0, Avg:  0.0, Max: 0, Diff: 0, Sum: 0, Workers: 4
[1195.771s][debug][gc,phases      ] GC(58)     Total                          Min: 0, Avg:  0.0, Max: 0, Diff: 0, Sum: 0, Workers: 4
[1195.771s][debug][gc,phases      ] GC(58)   StringDedup Requests0 Weak     Min:  0.0, Avg:  0.0, Max:  0.0, Diff:  0.0, Sum:  0.0, Workers: 4
[1195.771s][debug][gc,phases      ] GC(58)     Dead                           Min: 0, Avg:  0.0, Max: 0, Diff: 0, Sum: 0, Workers: 4
[1195.771s][debug][gc,phases      ] GC(58)     Total                          Min: 0, Avg:  0.0, Max: 0, Diff: 0, Sum: 0, Workers: 4
[1195.771s][debug][gc,phases      ] GC(58)   StringDedup Requests1 Weak     Min:  0.0, Avg:  0.0, Max:  0.0, Diff:  0.0, Sum:  0.0, Workers: 4
[1195.771s][debug][gc,phases      ] GC(58)     Dead                           Min: 0, Avg:  0.0, Max: 0, Diff: 0, Sum: 0, Workers: 4
[1195.771s][debug][gc,phases      ] GC(58)     Total                          Min: 0, Avg:  0.0, Max: 0, Diff: 0, Sum: 0, Workers: 4
[1195.771s][debug][gc,phases      ] GC(58)   Weak JFR Old Object Samples    Min:  0.0, Avg:  0.0, Max:  0.0, Diff:  0.0, Sum:  0.0, Workers: 4
[1195.771s][debug][gc,phases      ] GC(58)     Dead                           Min: 0, Avg:  0.0, Max: 0, Diff: 0, Sum: 0, Workers: 4
[1195.771s][debug][gc,phases      ] GC(58)     Total                          Min: 0, Avg:  0.0, Max: 0, Diff: 0, Sum: 0, Workers: 4
[1195.771s][debug][gc,phases      ] GC(58) Weak Processing 0.334ms
[1195.771s][debug][gc,age         ] GC(58) Desired survivor size 312999936 bytes, new threshold 15 (max threshold 15)
[1195.771s][info ][gc,heap        ] GC(58) PSYoungGen: 1472976K(1781760K)->6592K(1791488K) Eden: 1466368K(1466368K)->0K(1479680K) From: 6608K(315392K)->6592K(311808K)
[1195.771s][info ][gc,heap        ] GC(58) ParOldGen: 472280K(616448K)->472280K(616448K)
[1195.771s][info ][gc,metaspace   ] GC(58) Metaspace: 82705K(83840K)->82705K(83840K) NonClass: 70940K(71552K)->70940K(71552K) Class: 11765K(12288K)->11765K(12288K)
[1195.771s][info ][gc             ] GC(58) Pause Young (Allocation Failure) 1899M->467M(2351M) 6.593ms
[1195.771s][info ][gc,cpu         ] GC(58) User=0.01s Sys=0.00s Real=0.01s
[1195.771s][info ][safepoint      ] Safepoint "ParallelGCFailedAllocation", Time since last: 127692166 ns, Reaching safepoint: 122001 ns, At safepoint: 6659787 ns, Total: 6781788 ns
[1206.772s][info ][safepoint      ] Safepoint "Cleanup", Time since last: 11000705566 ns, Reaching safepoint: 131102 ns, At safepoint: 6500 ns, Total: 137602 ns
[1210.773s][info ][safepoint      ] Safepoint "Cleanup", Time since last: 4000305439 ns, Reaching safepoint: 46801 ns, At safepoint: 2500 ns, Total: 49301 ns
[1211.773s][info ][safepoint      ] Safepoint "Cleanup", Time since last: 1000107387 ns, Reaching safepoint: 41601 ns, At safepoint: 3200 ns, Total: 44801 ns
[1216.773s][info ][safepoint      ] Safepoint "Cleanup", Time since last: 5000319052 ns, Reaching safepoint: 112901 ns, At safepoint: 7200 ns, Total: 120101 ns
[1229.774s][info ][safepoint      ] Safepoint "Cleanup", Time since last: 13000881695 ns, Reaching safepoint: 50701 ns, At safepoint: 3000 ns, Total: 53701 ns
[1231.774s][info ][safepoint      ] Safepoint "Cleanup", Time since last: 2000174405 ns, Reaching safepoint: 39100 ns, At safepoint: 2600 ns, Total: 41700 ns
[1234.775s][info ][safepoint      ] Safepoint "Cleanup", Time since last: 3000227508 ns, Reaching safepoint: 32400 ns, At safepoint: 25300 ns, Total: 57700 ns
[1236.775s][info ][safepoint      ] Safepoint "Cleanup", Time since last: 2000156022 ns, Reaching safepoint: 30801 ns, At safepoint: 2500 ns, Total: 33301 ns
[1237.775s][info ][safepoint      ] Safepoint "Cleanup", Time since last: 1000102464 ns, Reaching safepoint: 54101 ns, At safepoint: 2500 ns, Total: 56601 ns
[1238.563s][info ][gc,start       ] GC(59) Pause Young (Allocation Failure)
[1238.569s][debug][gc,phases      ] GC(59) Scavenge 5.941ms
[1238.569s][debug][gc,ref         ] GC(59) Skipped phase 1 of Reference Processing: no references
[1238.569s][debug][gc,ref         ] GC(59) ReferenceProcessor::execute queues: 1, RefProcThreadModel::Single, marks_oops_alive: false
[1238.569s][debug][gc,ref         ] GC(59) Skipped phase 3 of Reference Processing: no references
[1238.569s][debug][gc,ref         ] GC(59) ReferenceProcessor::execute queues: 1, RefProcThreadModel::Single, marks_oops_alive: false
[1238.569s][debug][gc,phases      ] GC(59) Reference Processing 0.098ms
[1238.569s][debug][gc,phases      ] GC(59)   VM Weak                        Min:  0.0, Avg:  0.0, Max:  0.0, Diff:  0.0, Sum:  0.0, Workers: 4
[1238.569s][debug][gc,phases      ] GC(59)     Dead                           Min: 0, Avg:  0.0, Max: 0, Diff: 0, Sum: 0, Workers: 4
[1238.569s][debug][gc,phases      ] GC(59)     Total                          Min: 0, Avg: 230.8, Max: 347, Diff: 347, Sum: 923, Workers: 4
[1238.570s][debug][gc,phases      ] GC(59)   ObjectSynchronizer Weak        Min:  0.0, Avg:  0.0, Max:  0.0, Diff:  0.0, Sum:  0.0, Workers: 4
[1238.570s][debug][gc,phases      ] GC(59)     Dead                           Min: 0, Avg:  0.0, Max: 0, Diff: 0, Sum: 0, Workers: 4
[1238.570s][debug][gc,phases      ] GC(59)     Total                          Min: 0, Avg: 10.0, Max: 40, Diff: 40, Sum: 40, Workers: 4
[1238.570s][debug][gc,phases      ] GC(59)   JVMTI Tag Weak OopStorage      Min:  0.0, Avg:  0.0, Max:  0.0, Diff:  0.0, Sum:  0.0, Workers: 4
[1238.570s][debug][gc,phases      ] GC(59)     Dead                           Min: 0, Avg:  0.0, Max: 0, Diff: 0, Sum: 0, Workers: 4
[1238.570s][debug][gc,phases      ] GC(59)     Total                          Min: 0, Avg:  0.0, Max: 0, Diff: 0, Sum: 0, Workers: 4
[1238.570s][debug][gc,phases      ] GC(59)   StringTable Weak               Min:  0.0, Avg:  0.1, Max:  0.1, Diff:  0.1, Sum:  0.4, Workers: 4
[1238.570s][debug][gc,phases      ] GC(59)     Dead                           Min: 0, Avg:  0.0, Max: 0, Diff: 0, Sum: 0, Workers: 4
[1238.570s][debug][gc,phases      ] GC(59)     Total                          Min: 0, Avg: 10927.5, Max: 14655, Diff: 14655, Sum: 43710, Workers: 4
[1238.570s][debug][gc,phases      ] GC(59)   ResolvedMethodTable Weak       Min:  0.0, Avg:  0.0, Max:  0.0, Diff:  0.0, Sum:  0.1, Workers: 4
[1238.570s][debug][gc,phases      ] GC(59)     Dead                           Min: 0, Avg:  0.0, Max: 0, Diff: 0, Sum: 0, Workers: 4
[1238.570s][debug][gc,phases      ] GC(59)     Total                          Min: 0, Avg: 2401.8, Max: 3264, Diff: 3264, Sum: 9607, Workers: 4
[1238.570s][debug][gc,phases      ] GC(59)   JNI Weak                       Min:  0.0, Avg:  0.0, Max:  0.0, Diff:  0.0, Sum:  0.0, Workers: 4
[1238.570s][debug][gc,phases      ] GC(59)     Dead                           Min: 0, Avg:  0.0, Max: 0, Diff: 0, Sum: 0, Workers: 4
[1238.570s][debug][gc,phases      ] GC(59)     Total                          Min: 0, Avg: 11.2, Max: 45, Diff: 45, Sum: 45, Workers: 4
[1238.570s][debug][gc,phases      ] GC(59)   StringDedup Table Weak         Min:  0.0, Avg:  0.0, Max:  0.0, Diff:  0.0, Sum:  0.0, Workers: 4
[1238.570s][debug][gc,phases      ] GC(59)     Dead                           Min: 0, Avg:  0.0, Max: 0, Diff: 0, Sum: 0, Workers: 4
[1238.570s][debug][gc,phases      ] GC(59)     Total                          Min: 0, Avg:  0.0, Max: 0, Diff: 0, Sum: 0, Workers: 4
[1238.570s][debug][gc,phases      ] GC(59)   StringDedup Requests0 Weak     Min:  0.0, Avg:  0.0, Max:  0.0, Diff:  0.0, Sum:  0.0, Workers: 4
[1238.570s][debug][gc,phases      ] GC(59)     Dead                           Min: 0, Avg:  0.0, Max: 0, Diff: 0, Sum: 0, Workers: 4
[1238.570s][debug][gc,phases      ] GC(59)     Total                          Min: 0, Avg:  0.0, Max: 0, Diff: 0, Sum: 0, Workers: 4
[1238.570s][debug][gc,phases      ] GC(59)   StringDedup Requests1 Weak     Min:  0.0, Avg:  0.0, Max:  0.0, Diff:  0.0, Sum:  0.0, Workers: 4
[1238.570s][debug][gc,phases      ] GC(59)     Dead                           Min: 0, Avg:  0.0, Max: 0, Diff: 0, Sum: 0, Workers: 4
[1238.570s][debug][gc,phases      ] GC(59)     Total                          Min: 0, Avg:  0.0, Max: 0, Diff: 0, Sum: 0, Workers: 4
[1238.570s][debug][gc,phases      ] GC(59)   Weak JFR Old Object Samples    Min:  0.0, Avg:  0.0, Max:  0.0, Diff:  0.0, Sum:  0.0, Workers: 4
[1238.570s][debug][gc,phases      ] GC(59)     Dead                           Min: 0, Avg:  0.0, Max: 0, Diff: 0, Sum: 0, Workers: 4
[1238.570s][debug][gc,phases      ] GC(59)     Total                          Min: 0, Avg:  0.0, Max: 0, Diff: 0, Sum: 0, Workers: 4
[1238.570s][debug][gc,phases      ] GC(59) Weak Processing 0.326ms
[1238.570s][debug][gc,age         ] GC(59) Desired survivor size 305135616 bytes, new threshold 15 (max threshold 15)
[1238.570s][info ][gc,heap        ] GC(59) PSYoungGen: 1486272K(1791488K)->6512K(1785344K) Eden: 1479680K(1479680K)->0K(1479680K) From: 6592K(311808K)->6512K(305664K)
[1238.570s][info ][gc,heap        ] GC(59) ParOldGen: 472280K(616448K)->472280K(616448K)
[1238.570s][info ][gc,metaspace   ] GC(59) Metaspace: 82731K(83840K)->82731K(83840K) NonClass: 70962K(71552K)->70962K(71552K) Class: 11769K(12288K)->11769K(12288K)
[1238.570s][info ][gc             ] GC(59) Pause Young (Allocation Failure) 1912M->467M(2345M) 6.481ms
[1238.570s][info ][gc,cpu         ] GC(59) User=0.01s Sys=0.00s Real=0.01s
[1238.570s][info ][safepoint      ] Safepoint "ParallelGCFailedAllocation", Time since last: 788021621 ns, Reaching safepoint: 30400 ns, At safepoint: 6576182 ns, Total: 6606582 ns
[1239.570s][info ][safepoint      ] Safepoint "Cleanup", Time since last: 1000088364 ns, Reaching safepoint: 115501 ns, At safepoint: 6900 ns, Total: 122401 ns
[1242.570s][info ][safepoint      ] Safepoint "Cleanup", Time since last: 3000250692 ns, Reaching safepoint: 122002 ns, At safepoint: 8700 ns, Total: 130702 ns
[1246.571s][info ][safepoint      ] Safepoint "Cleanup", Time since last: 4000321331 ns, Reaching safepoint: 103902 ns, At safepoint: 2600 ns, Total: 106502 ns
[1251.571s][info ][safepoint      ] Safepoint "Cleanup", Time since last: 5000370134 ns, Reaching safepoint: 109702 ns, At safepoint: 6300 ns, Total: 116002 ns
[1254.572s][info ][safepoint      ] Safepoint "Cleanup", Time since last: 3000214476 ns, Reaching safepoint: 111602 ns, At safepoint: 6500 ns, Total: 118102 ns
[1261.572s][info ][safepoint      ] Safepoint "Cleanup", Time since last: 7000500290 ns, Reaching safepoint: 41400 ns, At safepoint: 4100 ns, Total: 45500 ns
[1267.573s][info ][safepoint      ] Safepoint "Cleanup", Time since last: 6000452085 ns, Reaching safepoint: 123801 ns, At safepoint: 5601 ns, Total: 129402 ns
[1269.573s][info ][safepoint      ] Safepoint "Cleanup", Time since last: 2000177358 ns, Reaching safepoint: 118801 ns, At safepoint: 5800 ns, Total: 124601 ns
[1271.573s][info ][safepoint      ] Safepoint "Cleanup", Time since last: 2000171451 ns, Reaching safepoint: 38301 ns, At safepoint: 2900 ns, Total: 41201 ns
[1273.573s][info ][safepoint      ] Safepoint "Cleanup", Time since last: 2000178851 ns, Reaching safepoint: 112701 ns, At safepoint: 7400 ns, Total: 120101 ns
[1275.574s][info ][safepoint      ] Safepoint "Cleanup", Time since last: 2000153751 ns, Reaching safepoint: 41101 ns, At safepoint: 4200 ns, Total: 45301 ns
[1278.722s][info ][gc,start       ] GC(60) Pause Young (Allocation Failure)
[1278.728s][debug][gc,phases      ] GC(60) Scavenge 5.710ms
[1278.728s][debug][gc,ref         ] GC(60) Skipped phase 1 of Reference Processing: no references
[1278.728s][debug][gc,ref         ] GC(60) ReferenceProcessor::execute queues: 1, RefProcThreadModel::Single, marks_oops_alive: false
[1278.728s][debug][gc,ref         ] GC(60) Skipped phase 3 of Reference Processing: no references
[1278.728s][debug][gc,ref         ] GC(60) ReferenceProcessor::execute queues: 1, RefProcThreadModel::Single, marks_oops_alive: false
[1278.728s][debug][gc,phases      ] GC(60) Reference Processing 0.094ms
[1278.728s][debug][gc,phases      ] GC(60)   VM Weak                        Min:  0.0, Avg:  0.0, Max:  0.0, Diff:  0.0, Sum:  0.0, Workers: 4
[1278.728s][debug][gc,phases      ] GC(60)     Dead                           Min: 0, Avg:  0.0, Max: 0, Diff: 0, Sum: 0, Workers: 4
[1278.728s][debug][gc,phases      ] GC(60)     Total                          Min: 0, Avg: 230.8, Max: 448, Diff: 448, Sum: 923, Workers: 4
[1278.728s][debug][gc,phases      ] GC(60)   ObjectSynchronizer Weak        Min:  0.0, Avg:  0.0, Max:  0.0, Diff:  0.0, Sum:  0.0, Workers: 4
[1278.728s][debug][gc,phases      ] GC(60)     Dead                           Min: 0, Avg:  0.0, Max: 0, Diff: 0, Sum: 0, Workers: 4
[1278.728s][debug][gc,phases      ] GC(60)     Total                          Min: 0, Avg: 10.0, Max: 40, Diff: 40, Sum: 40, Workers: 4
[1278.728s][debug][gc,phases      ] GC(60)   JVMTI Tag Weak OopStorage      Min:  0.0, Avg:  0.0, Max:  0.0, Diff:  0.0, Sum:  0.0, Workers: 4
[1278.728s][debug][gc,phases      ] GC(60)     Dead                           Min: 0, Avg:  0.0, Max: 0, Diff: 0, Sum: 0, Workers: 4
[1278.728s][debug][gc,phases      ] GC(60)     Total                          Min: 0, Avg:  0.0, Max: 0, Diff: 0, Sum: 0, Workers: 4
[1278.728s][debug][gc,phases      ] GC(60)   StringTable Weak               Min:  0.0, Avg:  0.1, Max:  0.1, Diff:  0.1, Sum:  0.3, Workers: 4
[1278.728s][debug][gc,phases      ] GC(60)     Dead                           Min: 0, Avg:  0.0, Max: 0, Diff: 0, Sum: 0, Workers: 4
[1278.728s][debug][gc,phases      ] GC(60)     Total                          Min: 0, Avg: 10927.5, Max: 18496, Diff: 18496, Sum: 43710, Workers: 4
[1278.728s][debug][gc,phases      ] GC(60)   ResolvedMethodTable Weak       Min:  0.0, Avg:  0.0, Max:  0.0, Diff:  0.0, Sum:  0.1, Workers: 4
[1278.728s][debug][gc,phases      ] GC(60)     Dead                           Min: 0, Avg:  0.0, Max: 0, Diff: 0, Sum: 0, Workers: 4
[1278.728s][debug][gc,phases      ] GC(60)     Total                          Min: 0, Avg: 2401.8, Max: 4096, Diff: 4096, Sum: 9607, Workers: 4
[1278.728s][debug][gc,phases      ] GC(60)   JNI Weak                       Min:  0.0, Avg:  0.0, Max:  0.0, Diff:  0.0, Sum:  0.0, Workers: 4
[1278.728s][debug][gc,phases      ] GC(60)     Dead                           Min: 0, Avg:  0.0, Max: 0, Diff: 0, Sum: 0, Workers: 4
[1278.728s][debug][gc,phases      ] GC(60)     Total                          Min: 0, Avg: 11.2, Max: 45, Diff: 45, Sum: 45, Workers: 4
[1278.728s][debug][gc,phases      ] GC(60)   StringDedup Table Weak         Min:  0.0, Avg:  0.0, Max:  0.0, Diff:  0.0, Sum:  0.0, Workers: 4
[1278.728s][debug][gc,phases      ] GC(60)     Dead                           Min: 0, Avg:  0.0, Max: 0, Diff: 0, Sum: 0, Workers: 4
[1278.728s][debug][gc,phases      ] GC(60)     Total                          Min: 0, Avg:  0.0, Max: 0, Diff: 0, Sum: 0, Workers: 4
[1278.728s][debug][gc,phases      ] GC(60)   StringDedup Requests0 Weak     Min:  0.0, Avg:  0.0, Max:  0.0, Diff:  0.0, Sum:  0.0, Workers: 4
[1278.728s][debug][gc,phases      ] GC(60)     Dead                           Min: 0, Avg:  0.0, Max: 0, Diff: 0, Sum: 0, Workers: 4
[1278.728s][debug][gc,phases      ] GC(60)     Total                          Min: 0, Avg:  0.0, Max: 0, Diff: 0, Sum: 0, Workers: 4
[1278.728s][debug][gc,phases      ] GC(60)   StringDedup Requests1 Weak     Min:  0.0, Avg:  0.0, Max:  0.0, Diff:  0.0, Sum:  0.0, Workers: 4
[1278.728s][debug][gc,phases      ] GC(60)     Dead                           Min: 0, Avg:  0.0, Max: 0, Diff: 0, Sum: 0, Workers: 4
[1278.728s][debug][gc,phases      ] GC(60)     Total                          Min: 0, Avg:  0.0, Max: 0, Diff: 0, Sum: 0, Workers: 4
[1278.728s][debug][gc,phases      ] GC(60)   Weak JFR Old Object Samples    Min:  0.0, Avg:  0.0, Max:  0.0, Diff:  0.0, Sum:  0.0, Workers: 4
[1278.728s][debug][gc,phases      ] GC(60)     Dead                           Min: 0, Avg:  0.0, Max: 0, Diff: 0, Sum: 0, Workers: 4
[1278.728s][debug][gc,phases      ] GC(60)     Total                          Min: 0, Avg:  0.0, Max: 0, Diff: 0, Sum: 0, Workers: 4
[1278.728s][debug][gc,phases      ] GC(60) Weak Processing 0.310ms
[1278.728s][debug][gc,age         ] GC(60) Desired survivor size 295698432 bytes, new threshold 15 (max threshold 15)
[1278.728s][info ][gc,heap        ] GC(60) PSYoungGen: 1486192K(1785344K)->6704K(1808384K) Eden: 1479680K(1479680K)->0K(1510400K) From: 6512K(305664K)->6704K(297984K)
[1278.728s][info ][gc,heap        ] GC(60) ParOldGen: 472280K(616448K)->472280K(616448K)
[1278.728s][info ][gc,metaspace   ] GC(60) Metaspace: 82748K(83840K)->82748K(83840K) NonClass: 70975K(71552K)->70975K(71552K) Class: 11772K(12288K)->11772K(12288K)
[1278.728s][info ][gc             ] GC(60) Pause Young (Allocation Failure) 1912M->467M(2368M) 6.231ms
[1278.728s][info ][gc,cpu         ] GC(60) User=0.01s Sys=0.00s Real=0.01s
[1278.728s][info ][safepoint      ] Safepoint "ParallelGCFailedAllocation", Time since last: 3148461812 ns, Reaching safepoint: 41001 ns, At safepoint: 6295368 ns, Total: 6336369 ns
[1279.729s][info ][safepoint      ] Safepoint "Cleanup", Time since last: 1000078346 ns, Reaching safepoint: 57400 ns, At safepoint: 6800 ns, Total: 64200 ns
[1283.729s][info ][safepoint      ] Safepoint "Cleanup", Time since last: 4000298859 ns, Reaching safepoint: 44801 ns, At safepoint: 4300 ns, Total: 49101 ns
[1285.729s][info ][safepoint      ] Safepoint "Cleanup", Time since last: 2000169243 ns, Reaching safepoint: 42001 ns, At safepoint: 2600 ns, Total: 44601 ns
[1286.729s][info ][safepoint      ] Safepoint "Cleanup", Time since last: 1000101222 ns, Reaching safepoint: 45200 ns, At safepoint: 4801 ns, Total: 50001 ns
[1287.729s][info ][safepoint      ] Safepoint "Cleanup", Time since last: 1000099622 ns, Reaching safepoint: 48500 ns, At safepoint: 3700 ns, Total: 52200 ns
[1289.730s][info ][safepoint      ] Safepoint "Cleanup", Time since last: 2000115336 ns, Reaching safepoint: 40300 ns, At safepoint: 5500 ns, Total: 45800 ns
[1291.730s][info ][safepoint      ] Safepoint "Cleanup", Time since last: 2000186295 ns, Reaching safepoint: 36100 ns, At safepoint: 3000 ns, Total: 39100 ns
[1292.730s][info ][safepoint      ] Safepoint "Cleanup", Time since last: 1000100950 ns, Reaching safepoint: 42301 ns, At safepoint: 3000 ns, Total: 45301 ns
[1293.730s][info ][safepoint      ] Safepoint "Cleanup", Time since last: 1000095150 ns, Reaching safepoint: 82701 ns, At safepoint: 4700 ns, Total: 87401 ns
[1295.558s][info ][safepoint      ] Safepoint "Cleanup", Time since last: 1827493076 ns, Reaching safepoint: 87601 ns, At safepoint: 5600 ns, Total: 93201 ns
[1298.558s][info ][safepoint      ] Safepoint "Cleanup", Time since last: 3000252929 ns, Reaching safepoint: 32201 ns, At safepoint: 2700 ns, Total: 34901 ns
[1299.558s][info ][safepoint      ] Safepoint "Cleanup", Time since last: 1000106596 ns, Reaching safepoint: 41300 ns, At safepoint: 2600 ns, Total: 43900 ns
[1304.559s][info ][safepoint      ] Safepoint "Cleanup", Time since last: 5000343012 ns, Reaching safepoint: 36201 ns, At safepoint: 2500 ns, Total: 38701 ns
[1308.559s][info ][safepoint      ] Safepoint "Cleanup", Time since last: 4000318505 ns, Reaching safepoint: 69701 ns, At safepoint: 6100 ns, Total: 75801 ns
[1317.396s][info ][gc,start       ] GC(61) Pause Young (Allocation Failure)
[1317.401s][debug][gc,phases      ] GC(61) Scavenge 4.405ms
[1317.401s][debug][gc,ref         ] GC(61) Skipped phase 1 of Reference Processing: no references
[1317.401s][debug][gc,ref         ] GC(61) ReferenceProcessor::execute queues: 1, RefProcThreadModel::Single, marks_oops_alive: false
[1317.401s][debug][gc,ref         ] GC(61) Skipped phase 3 of Reference Processing: no references
[1317.401s][debug][gc,ref         ] GC(61) ReferenceProcessor::execute queues: 1, RefProcThreadModel::Single, marks_oops_alive: false
[1317.401s][debug][gc,phases      ] GC(61) Reference Processing 0.113ms
[1317.401s][debug][gc,phases      ] GC(61)   VM Weak                        Min:  0.0, Avg:  0.0, Max:  0.0, Diff:  0.0, Sum:  0.0, Workers: 4
[1317.401s][debug][gc,phases      ] GC(61)     Dead                           Min: 0, Avg:  0.0, Max: 0, Diff: 0, Sum: 0, Workers: 4
[1317.401s][debug][gc,phases      ] GC(61)     Total                          Min: 0, Avg: 230.8, Max: 731, Diff: 731, Sum: 923, Workers: 4
[1317.401s][debug][gc,phases      ] GC(61)   ObjectSynchronizer Weak        Min:  0.0, Avg:  0.0, Max:  0.0, Diff:  0.0, Sum:  0.0, Workers: 4
[1317.401s][debug][gc,phases      ] GC(61)     Dead                           Min: 0, Avg:  0.0, Max: 0, Diff: 0, Sum: 0, Workers: 4
[1317.401s][debug][gc,phases      ] GC(61)     Total                          Min: 0, Avg: 10.0, Max: 40, Diff: 40, Sum: 40, Workers: 4
[1317.401s][debug][gc,phases      ] GC(61)   JVMTI Tag Weak OopStorage      Min:  0.0, Avg:  0.0, Max:  0.0, Diff:  0.0, Sum:  0.0, Workers: 4
[1317.401s][debug][gc,phases      ] GC(61)     Dead                           Min: 0, Avg:  0.0, Max: 0, Diff: 0, Sum: 0, Workers: 4
[1317.401s][debug][gc,phases      ] GC(61)     Total                          Min: 0, Avg:  0.0, Max: 0, Diff: 0, Sum: 0, Workers: 4
[1317.401s][debug][gc,phases      ] GC(61)   StringTable Weak               Min:  0.0, Avg:  0.1, Max:  0.1, Diff:  0.1, Sum:  0.4, Workers: 4
[1317.401s][debug][gc,phases      ] GC(61)     Dead                           Min: 0, Avg:  0.0, Max: 0, Diff: 0, Sum: 0, Workers: 4
[1317.401s][debug][gc,phases      ] GC(61)     Total                          Min: 0, Avg: 10927.5, Max: 18239, Diff: 18239, Sum: 43710, Workers: 4
[1317.401s][debug][gc,phases      ] GC(61)   ResolvedMethodTable Weak       Min:  0.0, Avg:  0.0, Max:  0.0, Diff:  0.0, Sum:  0.1, Workers: 4
[1317.401s][debug][gc,phases      ] GC(61)     Dead                           Min: 0, Avg:  0.0, Max: 0, Diff: 0, Sum: 0, Workers: 4
[1317.401s][debug][gc,phases      ] GC(61)     Total                          Min: 0, Avg: 2401.8, Max: 4160, Diff: 4160, Sum: 9607, Workers: 4
[1317.401s][debug][gc,phases      ] GC(61)   JNI Weak                       Min:  0.0, Avg:  0.0, Max:  0.0, Diff:  0.0, Sum:  0.0, Workers: 4
[1317.401s][debug][gc,phases      ] GC(61)     Dead                           Min: 0, Avg:  0.0, Max: 0, Diff: 0, Sum: 0, Workers: 4
[1317.401s][debug][gc,phases      ] GC(61)     Total                          Min: 0, Avg: 11.2, Max: 45, Diff: 45, Sum: 45, Workers: 4
[1317.401s][debug][gc,phases      ] GC(61)   StringDedup Table Weak         Min:  0.0, Avg:  0.0, Max:  0.0, Diff:  0.0, Sum:  0.0, Workers: 4
[1317.401s][debug][gc,phases      ] GC(61)     Dead                           Min: 0, Avg:  0.0, Max: 0, Diff: 0, Sum: 0, Workers: 4
[1317.401s][debug][gc,phases      ] GC(61)     Total                          Min: 0, Avg:  0.0, Max: 0, Diff: 0, Sum: 0, Workers: 4
[1317.401s][debug][gc,phases      ] GC(61)   StringDedup Requests0 Weak     Min:  0.0, Avg:  0.0, Max:  0.0, Diff:  0.0, Sum:  0.0, Workers: 4
[1317.401s][debug][gc,phases      ] GC(61)     Dead                           Min: 0, Avg:  0.0, Max: 0, Diff: 0, Sum: 0, Workers: 4
[1317.401s][debug][gc,phases      ] GC(61)     Total                          Min: 0, Avg:  0.0, Max: 0, Diff: 0, Sum: 0, Workers: 4
[1317.401s][debug][gc,phases      ] GC(61)   StringDedup Requests1 Weak     Min:  0.0, Avg:  0.0, Max:  0.0, Diff:  0.0, Sum:  0.0, Workers: 4
[1317.401s][debug][gc,phases      ] GC(61)     Dead                           Min: 0, Avg:  0.0, Max: 0, Diff: 0, Sum: 0, Workers: 4
[1317.401s][debug][gc,phases      ] GC(61)     Total                          Min: 0, Avg:  0.0, Max: 0, Diff: 0, Sum: 0, Workers: 4
[1317.401s][debug][gc,phases      ] GC(61)   Weak JFR Old Object Samples    Min:  0.0, Avg:  0.0, Max:  0.0, Diff:  0.0, Sum:  0.0, Workers: 4
[1317.401s][debug][gc,phases      ] GC(61)     Dead                           Min: 0, Avg:  0.0, Max: 0, Diff: 0, Sum: 0, Workers: 4
[1317.401s][debug][gc,phases      ] GC(61)     Total                          Min: 0, Avg:  0.0, Max: 0, Diff: 0, Sum: 0, Workers: 4
[1317.401s][debug][gc,phases      ] GC(61) Weak Processing 0.319ms
[1317.401s][debug][gc,age         ] GC(61) Desired survivor size 285212672 bytes, new threshold 15 (max threshold 15)
[1317.401s][info ][gc,heap        ] GC(61) PSYoungGen: 1517104K(1808384K)->5840K(1799168K) Eden: 1510400K(1510400K)->0K(1510400K) From: 6704K(297984K)->5840K(288768K)
[1317.401s][info ][gc,heap        ] GC(61) ParOldGen: 472280K(616448K)->472280K(616448K)
[1317.401s][info ][gc,metaspace   ] GC(61) Metaspace: 82792K(83904K)->82792K(83904K) NonClass: 71019K(71616K)->71019K(71616K) Class: 11772K(12288K)->11772K(12288K)
[1317.401s][info ][gc             ] GC(61) Pause Young (Allocation Failure) 1942M->466M(2359M) 4.944ms
[1317.401s][info ][gc,cpu         ] GC(61) User=0.02s Sys=0.00s Real=0.01s
[1317.401s][info ][safepoint      ] Safepoint "ParallelGCFailedAllocation", Time since last: 8837203442 ns, Reaching safepoint: 106901 ns, At safepoint: 5006656 ns, Total: 5113557 ns
[1320.402s][info ][safepoint      ] Safepoint "Cleanup", Time since last: 3000180052 ns, Reaching safepoint: 35400 ns, At safepoint: 3200 ns, Total: 38600 ns
[1321.402s][info ][safepoint      ] Safepoint "Cleanup", Time since last: 1000114784 ns, Reaching safepoint: 59101 ns, At safepoint: 2900 ns, Total: 62001 ns
[1326.402s][info ][safepoint      ] Safepoint "Cleanup", Time since last: 5000359130 ns, Reaching safepoint: 35601 ns, At safepoint: 2300 ns, Total: 37901 ns
[1330.402s][info ][safepoint      ] Safepoint "Cleanup", Time since last: 4000262547 ns, Reaching safepoint: 61801 ns, At safepoint: 5200 ns, Total: 67001 ns
[1331.403s][info ][safepoint      ] Safepoint "Cleanup", Time since last: 1000109212 ns, Reaching safepoint: 59301 ns, At safepoint: 6100 ns, Total: 65401 ns
[1332.403s][info ][safepoint      ] Safepoint "Cleanup", Time since last: 1000107206 ns, Reaching safepoint: 46000 ns, At safepoint: 4000 ns, Total: 50000 ns
[1334.403s][info ][safepoint      ] Safepoint "Cleanup", Time since last: 2000164108 ns, Reaching safepoint: 49701 ns, At safepoint: 3200 ns, Total: 52901 ns
[1335.403s][info ][safepoint      ] Safepoint "Cleanup", Time since last: 1000110155 ns, Reaching safepoint: 40800 ns, At safepoint: 2700 ns, Total: 43500 ns
[1337.403s][info ][safepoint      ] Safepoint "Cleanup", Time since last: 2000171708 ns, Reaching safepoint: 51201 ns, At safepoint: 3100 ns, Total: 54301 ns
[1342.404s][info ][safepoint      ] Safepoint "Cleanup", Time since last: 5000371324 ns, Reaching safepoint: 113001 ns, At safepoint: 6600 ns, Total: 119601 ns
[1343.404s][info ][safepoint      ] Safepoint "Cleanup", Time since last: 1000119849 ns, Reaching safepoint: 44801 ns, At safepoint: 3600 ns, Total: 48401 ns
[1345.404s][info ][safepoint      ] Safepoint "Cleanup", Time since last: 2000147497 ns, Reaching safepoint: 38201 ns, At safepoint: 3700 ns, Total: 41901 ns
[1349.786s][info ][safepoint      ] Safepoint "Cleanup", Time since last: 4381543423 ns, Reaching safepoint: 54200 ns, At safepoint: 5700 ns, Total: 59900 ns
[1350.786s][info ][safepoint      ] Safepoint "Cleanup", Time since last: 1000104525 ns, Reaching safepoint: 49000 ns, At safepoint: 2500 ns, Total: 51500 ns
[1351.786s][info ][safepoint      ] Safepoint "Cleanup", Time since last: 1000057924 ns, Reaching safepoint: 38000 ns, At safepoint: 2600 ns, Total: 40600 ns
[1353.786s][info ][safepoint      ] Safepoint "Cleanup", Time since last: 2000161948 ns, Reaching safepoint: 47501 ns, At safepoint: 3100 ns, Total: 50601 ns
[1358.614s][info ][gc,start       ] GC(62) Pause Young (Allocation Failure)
[1358.620s][debug][gc,phases      ] GC(62) Scavenge 5.997ms
[1358.620s][debug][gc,ref         ] GC(62) Skipped phase 1 of Reference Processing: no references
[1358.620s][debug][gc,ref         ] GC(62) ReferenceProcessor::execute queues: 1, RefProcThreadModel::Single, marks_oops_alive: false
[1358.620s][debug][gc,ref         ] GC(62) Skipped phase 3 of Reference Processing: no references
[1358.620s][debug][gc,ref         ] GC(62) ReferenceProcessor::execute queues: 1, RefProcThreadModel::Single, marks_oops_alive: false
[1358.621s][debug][gc,phases      ] GC(62) Reference Processing 0.096ms
[1358.621s][debug][gc,phases      ] GC(62)   VM Weak                        Min:  0.0, Avg:  0.0, Max:  0.0, Diff:  0.0, Sum:  0.0, Workers: 4
[1358.621s][debug][gc,phases      ] GC(62)     Dead                           Min: 0, Avg:  0.0, Max: 0, Diff: 0, Sum: 0, Workers: 4
[1358.621s][debug][gc,phases      ] GC(62)     Total                          Min: 0, Avg: 230.8, Max: 731, Diff: 731, Sum: 923, Workers: 4
[1358.621s][debug][gc,phases      ] GC(62)   ObjectSynchronizer Weak        Min:  0.0, Avg:  0.0, Max:  0.0, Diff:  0.0, Sum:  0.0, Workers: 4
[1358.621s][debug][gc,phases      ] GC(62)     Dead                           Min: 0, Avg:  0.0, Max: 0, Diff: 0, Sum: 0, Workers: 4
[1358.621s][debug][gc,phases      ] GC(62)     Total                          Min: 0, Avg: 10.0, Max: 40, Diff: 40, Sum: 40, Workers: 4
[1358.621s][debug][gc,phases      ] GC(62)   JVMTI Tag Weak OopStorage      Min:  0.0, Avg:  0.0, Max:  0.0, Diff:  0.0, Sum:  0.0, Workers: 4
[1358.621s][debug][gc,phases      ] GC(62)     Dead                           Min: 0, Avg:  0.0, Max: 0, Diff: 0, Sum: 0, Workers: 4
[1358.621s][debug][gc,phases      ] GC(62)     Total                          Min: 0, Avg:  0.0, Max: 0, Diff: 0, Sum: 0, Workers: 4
[1358.621s][debug][gc,phases      ] GC(62)   StringTable Weak               Min:  0.0, Avg:  0.1, Max:  0.2, Diff:  0.2, Sum:  0.3, Workers: 4
[1358.621s][debug][gc,phases      ] GC(62)     Dead                           Min: 0, Avg:  0.5, Max: 1, Diff: 1, Sum: 2, Workers: 4
[1358.621s][debug][gc,phases      ] GC(62)     Total                          Min: 0, Avg: 10931.8, Max: 25919, Diff: 25919, Sum: 43727, Workers: 4
[1358.621s][debug][gc,phases      ] GC(62)   ResolvedMethodTable Weak       Min:  0.0, Avg:  0.0, Max:  0.0, Diff:  0.0, Sum:  0.1, Workers: 4
[1358.621s][debug][gc,phases      ] GC(62)     Dead                           Min: 0, Avg:  4.2, Max: 17, Diff: 17, Sum: 17, Workers: 4
[1358.621s][debug][gc,phases      ] GC(62)     Total                          Min: 0, Avg: 2409.0, Max: 5824, Diff: 5824, Sum: 9636, Workers: 4
[1358.621s][debug][gc,phases      ] GC(62)   JNI Weak                       Min:  0.0, Avg:  0.0, Max:  0.0, Diff:  0.0, Sum:  0.0, Workers: 4
[1358.621s][debug][gc,phases      ] GC(62)     Dead                           Min: 0, Avg:  0.0, Max: 0, Diff: 0, Sum: 0, Workers: 4
[1358.621s][debug][gc,phases      ] GC(62)     Total                          Min: 0, Avg: 11.2, Max: 45, Diff: 45, Sum: 45, Workers: 4
[1358.621s][debug][gc,phases      ] GC(62)   StringDedup Table Weak         Min:  0.0, Avg:  0.0, Max:  0.0, Diff:  0.0, Sum:  0.0, Workers: 4
[1358.621s][debug][gc,phases      ] GC(62)     Dead                           Min: 0, Avg:  0.0, Max: 0, Diff: 0, Sum: 0, Workers: 4
[1358.621s][debug][gc,phases      ] GC(62)     Total                          Min: 0, Avg:  0.0, Max: 0, Diff: 0, Sum: 0, Workers: 4
[1358.621s][debug][gc,phases      ] GC(62)   StringDedup Requests0 Weak     Min:  0.0, Avg:  0.0, Max:  0.0, Diff:  0.0, Sum:  0.0, Workers: 4
[1358.621s][debug][gc,phases      ] GC(62)     Dead                           Min: 0, Avg:  0.0, Max: 0, Diff: 0, Sum: 0, Workers: 4
[1358.621s][debug][gc,phases      ] GC(62)     Total                          Min: 0, Avg:  0.0, Max: 0, Diff: 0, Sum: 0, Workers: 4
[1358.621s][debug][gc,phases      ] GC(62)   StringDedup Requests1 Weak     Min:  0.0, Avg:  0.0, Max:  0.0, Diff:  0.0, Sum:  0.0, Workers: 4
[1358.621s][debug][gc,phases      ] GC(62)     Dead                           Min: 0, Avg:  0.0, Max: 0, Diff: 0, Sum: 0, Workers: 4
[1358.621s][debug][gc,phases      ] GC(62)     Total                          Min: 0, Avg:  0.0, Max: 0, Diff: 0, Sum: 0, Workers: 4
[1358.621s][debug][gc,phases      ] GC(62)   Weak JFR Old Object Samples    Min:  0.0, Avg:  0.0, Max:  0.0, Diff:  0.0, Sum:  0.0, Workers: 4
[1358.621s][debug][gc,phases      ] GC(62)     Dead                           Min: 0, Avg:  0.0, Max: 0, Diff: 0, Sum: 0, Workers: 4
[1358.621s][debug][gc,phases      ] GC(62)     Total                          Min: 0, Avg:  0.0, Max: 0, Diff: 0, Sum: 0, Workers: 4
[1358.621s][debug][gc,phases      ] GC(62) Weak Processing 0.361ms
[1358.621s][debug][gc,age         ] GC(62) Desired survivor size 274202624 bytes, new threshold 15 (max threshold 15)
[1358.621s][info ][gc,heap        ] GC(62) PSYoungGen: 1516240K(1799168K)->5920K(1829376K) Eden: 1510400K(1510400K)->0K(1550848K) From: 5840K(288768K)->5920K(278528K)
[1358.621s][info ][gc,heap        ] GC(62) ParOldGen: 472280K(616448K)->472280K(616448K)
[1358.621s][info ][gc,metaspace   ] GC(62) Metaspace: 82856K(83968K)->82856K(83968K) NonClass: 71070K(71616K)->71070K(71616K) Class: 11785K(12352K)->11785K(12352K)
[1358.621s][info ][gc             ] GC(62) Pause Young (Allocation Failure) 1941M->466M(2388M) 6.555ms
[1358.621s][info ][gc,cpu         ] GC(62) User=0.02s Sys=0.00s Real=0.01s
[1358.621s][info ][safepoint      ] Safepoint "ParallelGCFailedAllocation", Time since last: 4828014545 ns, Reaching safepoint: 22801 ns, At safepoint: 6620676 ns, Total: 6643477 ns
[1361.621s][info ][safepoint      ] Safepoint "Cleanup", Time since last: 3000252488 ns, Reaching safepoint: 126502 ns, At safepoint: 7500 ns, Total: 134002 ns
[1364.622s][info ][safepoint      ] Safepoint "Cleanup", Time since last: 3000242542 ns, Reaching safepoint: 59501 ns, At safepoint: 3300 ns, Total: 62801 ns
[1369.622s][info ][safepoint      ] Safepoint "Cleanup", Time since last: 5000382038 ns, Reaching safepoint: 41001 ns, At safepoint: 5000 ns, Total: 46001 ns
[1370.622s][info ][safepoint      ] Safepoint "Cleanup", Time since last: 1000118228 ns, Reaching safepoint: 33800 ns, At safepoint: 3200 ns, Total: 37000 ns
[1382.623s][info ][safepoint      ] Safepoint "Cleanup", Time since last: 12000826647 ns, Reaching safepoint: 39501 ns, At safepoint: 5100 ns, Total: 44601 ns
[1385.623s][info ][safepoint      ] Safepoint "Cleanup", Time since last: 3000240162 ns, Reaching safepoint: 47900 ns, At safepoint: 5500 ns, Total: 53400 ns
[1386.624s][info ][safepoint      ] Safepoint "Cleanup", Time since last: 1000107888 ns, Reaching safepoint: 43801 ns, At safepoint: 2600 ns, Total: 46401 ns
[1387.624s][info ][safepoint      ] Safepoint "Cleanup", Time since last: 1000113087 ns, Reaching safepoint: 46101 ns, At safepoint: 2800 ns, Total: 48901 ns
[1388.624s][info ][safepoint      ] Safepoint "Cleanup", Time since last: 1000099150 ns, Reaching safepoint: 36800 ns, At safepoint: 2800 ns, Total: 39600 ns
[1392.624s][info ][safepoint      ] Safepoint "Cleanup", Time since last: 4000328000 ns, Reaching safepoint: 41701 ns, At safepoint: 2500 ns, Total: 44201 ns
[1395.624s][info ][safepoint      ] Safepoint "Cleanup", Time since last: 3000252375 ns, Reaching safepoint: 38100 ns, At safepoint: 3300 ns, Total: 41400 ns
[1396.625s][info ][safepoint      ] Safepoint "Cleanup", Time since last: 1000114048 ns, Reaching safepoint: 114501 ns, At safepoint: 6900 ns, Total: 121401 ns
[1399.625s][info ][safepoint      ] Safepoint "Cleanup", Time since last: 3000250883 ns, Reaching safepoint: 40401 ns, At safepoint: 5200 ns, Total: 45601 ns
[1400.625s][info ][safepoint      ] Safepoint "Cleanup", Time since last: 1000125795 ns, Reaching safepoint: 58001 ns, At safepoint: 4000 ns, Total: 62001 ns
[1402.415s][info ][gc,start       ] GC(63) Pause Young (Allocation Failure)
[1402.421s][debug][gc,phases      ] GC(63) Scavenge 5.911ms
[1402.421s][debug][gc,ref         ] GC(63) Skipped phase 1 of Reference Processing: no references
[1402.421s][debug][gc,ref         ] GC(63) ReferenceProcessor::execute queues: 1, RefProcThreadModel::Single, marks_oops_alive: false
[1402.421s][debug][gc,ref         ] GC(63) Skipped phase 3 of Reference Processing: no references
[1402.421s][debug][gc,ref         ] GC(63) ReferenceProcessor::execute queues: 1, RefProcThreadModel::Single, marks_oops_alive: false
[1402.421s][debug][gc,phases      ] GC(63) Reference Processing 0.095ms
[1402.421s][debug][gc,phases      ] GC(63)   VM Weak                        Min:  0.0, Avg:  0.0, Max:  0.0, Diff:  0.0, Sum:  0.0, Workers: 4
[1402.421s][debug][gc,phases      ] GC(63)     Dead                           Min: 0, Avg:  0.0, Max: 0, Diff: 0, Sum: 0, Workers: 4
[1402.421s][debug][gc,phases      ] GC(63)     Total                          Min: 0, Avg: 230.8, Max: 704, Diff: 704, Sum: 923, Workers: 4
[1402.421s][debug][gc,phases      ] GC(63)   ObjectSynchronizer Weak        Min:  0.0, Avg:  0.0, Max:  0.0, Diff:  0.0, Sum:  0.0, Workers: 4
[1402.421s][debug][gc,phases      ] GC(63)     Dead                           Min: 0, Avg:  0.0, Max: 0, Diff: 0, Sum: 0, Workers: 4
[1402.421s][debug][gc,phases      ] GC(63)     Total                          Min: 0, Avg: 10.0, Max: 40, Diff: 40, Sum: 40, Workers: 4
[1402.421s][debug][gc,phases      ] GC(63)   JVMTI Tag Weak OopStorage      Min:  0.0, Avg:  0.0, Max:  0.0, Diff:  0.0, Sum:  0.0, Workers: 4
[1402.421s][debug][gc,phases      ] GC(63)     Dead                           Min: 0, Avg:  0.0, Max: 0, Diff: 0, Sum: 0, Workers: 4
[1402.421s][debug][gc,phases      ] GC(63)     Total                          Min: 0, Avg:  0.0, Max: 0, Diff: 0, Sum: 0, Workers: 4
[1402.421s][debug][gc,phases      ] GC(63)   StringTable Weak               Min:  0.0, Avg:  0.1, Max:  0.1, Diff:  0.1, Sum:  0.3, Workers: 4
[1402.422s][debug][gc,phases      ] GC(63)     Dead                           Min: 0, Avg:  0.0, Max: 0, Diff: 0, Sum: 0, Workers: 4
[1402.422s][debug][gc,phases      ] GC(63)     Total                          Min: 0, Avg: 10932.0, Max: 18879, Diff: 18879, Sum: 43728, Workers: 4
[1402.422s][debug][gc,phases      ] GC(63)   ResolvedMethodTable Weak       Min:  0.0, Avg:  0.0, Max:  0.0, Diff:  0.0, Sum:  0.1, Workers: 4
[1402.422s][debug][gc,phases      ] GC(63)     Dead                           Min: 0, Avg:  0.0, Max: 0, Diff: 0, Sum: 0, Workers: 4
[1402.422s][debug][gc,phases      ] GC(63)     Total                          Min: 0, Avg: 2409.0, Max: 3968, Diff: 3968, Sum: 9636, Workers: 4
[1402.422s][debug][gc,phases      ] GC(63)   JNI Weak                       Min:  0.0, Avg:  0.0, Max:  0.0, Diff:  0.0, Sum:  0.0, Workers: 4
[1402.422s][debug][gc,phases      ] GC(63)     Dead                           Min: 0, Avg:  0.0, Max: 0, Diff: 0, Sum: 0, Workers: 4
[1402.422s][debug][gc,phases      ] GC(63)     Total                          Min: 0, Avg: 11.2, Max: 45, Diff: 45, Sum: 45, Workers: 4
[1402.422s][debug][gc,phases      ] GC(63)   StringDedup Table Weak         Min:  0.0, Avg:  0.0, Max:  0.0, Diff:  0.0, Sum:  0.0, Workers: 4
[1402.422s][debug][gc,phases      ] GC(63)     Dead                           Min: 0, Avg:  0.0, Max: 0, Diff: 0, Sum: 0, Workers: 4
[1402.422s][debug][gc,phases      ] GC(63)     Total                          Min: 0, Avg:  0.0, Max: 0, Diff: 0, Sum: 0, Workers: 4
[1402.422s][debug][gc,phases      ] GC(63)   StringDedup Requests0 Weak     Min:  0.0, Avg:  0.0, Max:  0.0, Diff:  0.0, Sum:  0.0, Workers: 4
[1402.422s][debug][gc,phases      ] GC(63)     Dead                           Min: 0, Avg:  0.0, Max: 0, Diff: 0, Sum: 0, Workers: 4
[1402.422s][debug][gc,phases      ] GC(63)     Total                          Min: 0, Avg:  0.0, Max: 0, Diff: 0, Sum: 0, Workers: 4
[1402.422s][debug][gc,phases      ] GC(63)   StringDedup Requests1 Weak     Min:  0.0, Avg:  0.0, Max:  0.0, Diff:  0.0, Sum:  0.0, Workers: 4
[1402.422s][debug][gc,phases      ] GC(63)     Dead                           Min: 0, Avg:  0.0, Max: 0, Diff: 0, Sum: 0, Workers: 4
[1402.422s][debug][gc,phases      ] GC(63)     Total                          Min: 0, Avg:  0.0, Max: 0, Diff: 0, Sum: 0, Workers: 4
[1402.422s][debug][gc,phases      ] GC(63)   Weak JFR Old Object Samples    Min:  0.0, Avg:  0.0, Max:  0.0, Diff:  0.0, Sum:  0.0, Workers: 4
[1402.422s][debug][gc,phases      ] GC(63)     Dead                           Min: 0, Avg:  0.0, Max: 0, Diff: 0, Sum: 0, Workers: 4
[1402.422s][debug][gc,phases      ] GC(63)     Total                          Min: 0, Avg:  0.0, Max: 0, Diff: 0, Sum: 0, Workers: 4
[1402.422s][debug][gc,phases      ] GC(63) Weak Processing 0.310ms
[1402.422s][debug][gc,age         ] GC(63) Desired survivor size 262144000 bytes, new threshold 15 (max threshold 15)
[1402.422s][info ][gc,heap        ] GC(63) PSYoungGen: 1556768K(1829376K)->6112K(1818624K) Eden: 1550848K(1550848K)->0K(1550848K) From: 5920K(278528K)->6112K(267776K)
[1402.422s][info ][gc,heap        ] GC(63) ParOldGen: 472280K(616448K)->472280K(616448K)
[1402.422s][info ][gc,metaspace   ] GC(63) Metaspace: 82864K(84032K)->82864K(84032K) NonClass: 71078K(71680K)->71078K(71680K) Class: 11785K(12352K)->11785K(12352K)
[1402.422s][info ][gc             ] GC(63) Pause Young (Allocation Failure) 1981M->467M(2378M) 6.420ms
[1402.422s][info ][gc,cpu         ] GC(63) User=0.01s Sys=0.00s Real=0.01s
[1402.422s][info ][safepoint      ] Safepoint "ParallelGCFailedAllocation", Time since last: 1789817955 ns, Reaching safepoint: 125201 ns, At safepoint: 6486172 ns, Total: 6611373 ns
[1406.422s][info ][safepoint      ] Safepoint "Cleanup", Time since last: 4000314139 ns, Reaching safepoint: 47201 ns, At safepoint: 3200 ns, Total: 50401 ns
[1407.422s][info ][safepoint      ] Safepoint "Cleanup", Time since last: 1000106984 ns, Reaching safepoint: 118001 ns, At safepoint: 28500 ns, Total: 146501 ns
[1410.422s][info ][safepoint      ] Safepoint "Cleanup", Time since last: 3000190651 ns, Reaching safepoint: 41500 ns, At safepoint: 2300 ns, Total: 43800 ns
[1415.423s][info ][safepoint      ] Safepoint "Cleanup", Time since last: 5000316567 ns, Reaching safepoint: 114001 ns, At safepoint: 8100 ns, Total: 122101 ns
[1420.423s][info ][safepoint      ] Safepoint "Cleanup", Time since last: 5000360645 ns, Reaching safepoint: 136901 ns, At safepoint: 25201 ns, Total: 162102 ns
[1423.424s][info ][safepoint      ] Safepoint "Cleanup", Time since last: 3000218145 ns, Reaching safepoint: 36201 ns, At safepoint: 24400 ns, Total: 60601 ns
[1426.424s][info ][safepoint      ] Safepoint "Cleanup", Time since last: 3000182045 ns, Reaching safepoint: 41700 ns, At safepoint: 2200 ns, Total: 43900 ns
[1428.424s][info ][safepoint      ] Safepoint "Cleanup", Time since last: 2000173942 ns, Reaching safepoint: 45000 ns, At safepoint: 3000 ns, Total: 48000 ns
[1430.424s][info ][safepoint      ] Safepoint "Cleanup", Time since last: 2000162591 ns, Reaching safepoint: 43800 ns, At safepoint: 3200 ns, Total: 47000 ns
[1431.425s][info ][safepoint      ] Safepoint "Cleanup", Time since last: 1000112446 ns, Reaching safepoint: 46900 ns, At safepoint: 3400 ns, Total: 50300 ns
[1433.425s][info ][safepoint      ] Safepoint "Cleanup", Time since last: 2000163691 ns, Reaching safepoint: 46800 ns, At safepoint: 30901 ns, Total: 77701 ns
[1435.425s][info ][safepoint      ] Safepoint "Cleanup", Time since last: 2000164990 ns, Reaching safepoint: 33500 ns, At safepoint: 2700 ns, Total: 36200 ns
[1442.120s][info ][gc,start       ] GC(64) Pause Young (Allocation Failure)
[1442.125s][debug][gc,phases      ] GC(64) Scavenge 4.343ms
[1442.125s][debug][gc,ref         ] GC(64) Skipped phase 1 of Reference Processing: no references
[1442.125s][debug][gc,ref         ] GC(64) ReferenceProcessor::execute queues: 1, RefProcThreadModel::Single, marks_oops_alive: false
[1442.125s][debug][gc,ref         ] GC(64) Skipped phase 3 of Reference Processing: no references
[1442.125s][debug][gc,ref         ] GC(64) ReferenceProcessor::execute queues: 1, RefProcThreadModel::Single, marks_oops_alive: false
[1442.125s][debug][gc,phases      ] GC(64) Reference Processing 0.094ms
[1442.125s][debug][gc,phases      ] GC(64)   VM Weak                        Min:  0.0, Avg:  0.0, Max:  0.0, Diff:  0.0, Sum:  0.0, Workers: 4
[1442.125s][debug][gc,phases      ] GC(64)     Dead                           Min: 0, Avg:  0.0, Max: 0, Diff: 0, Sum: 0, Workers: 4
[1442.125s][debug][gc,phases      ] GC(64)     Total                          Min: 0, Avg: 230.8, Max: 859, Diff: 859, Sum: 923, Workers: 4
[1442.125s][debug][gc,phases      ] GC(64)   ObjectSynchronizer Weak        Min:  0.0, Avg:  0.0, Max:  0.0, Diff:  0.0, Sum:  0.0, Workers: 4
[1442.125s][debug][gc,phases      ] GC(64)     Dead                           Min: 0, Avg:  0.0, Max: 0, Diff: 0, Sum: 0, Workers: 4
[1442.125s][debug][gc,phases      ] GC(64)     Total                          Min: 0, Avg: 10.0, Max: 40, Diff: 40, Sum: 40, Workers: 4
[1442.125s][debug][gc,phases      ] GC(64)   JVMTI Tag Weak OopStorage      Min:  0.0, Avg:  0.0, Max:  0.0, Diff:  0.0, Sum:  0.0, Workers: 4
[1442.125s][debug][gc,phases      ] GC(64)     Dead                           Min: 0, Avg:  0.0, Max: 0, Diff: 0, Sum: 0, Workers: 4
[1442.125s][debug][gc,phases      ] GC(64)     Total                          Min: 0, Avg:  0.0, Max: 0, Diff: 0, Sum: 0, Workers: 4
[1442.125s][debug][gc,phases      ] GC(64)   StringTable Weak               Min:  0.0, Avg:  0.1, Max:  0.1, Diff:  0.1, Sum:  0.3, Workers: 4
[1442.125s][debug][gc,phases      ] GC(64)     Dead                           Min: 0, Avg:  0.0, Max: 0, Diff: 0, Sum: 0, Workers: 4
[1442.125s][debug][gc,phases      ] GC(64)     Total                          Min: 0, Avg: 10932.2, Max: 17728, Diff: 17728, Sum: 43729, Workers: 4
[1442.125s][debug][gc,phases      ] GC(64)   ResolvedMethodTable Weak       Min:  0.0, Avg:  0.0, Max:  0.0, Diff:  0.0, Sum:  0.1, Workers: 4
[1442.125s][debug][gc,phases      ] GC(64)     Dead                           Min: 0, Avg:  0.0, Max: 0, Diff: 0, Sum: 0, Workers: 4
[1442.125s][debug][gc,phases      ] GC(64)     Total                          Min: 0, Avg: 2409.0, Max: 3968, Diff: 3968, Sum: 9636, Workers: 4
[1442.125s][debug][gc,phases      ] GC(64)   JNI Weak                       Min:  0.0, Avg:  0.0, Max:  0.0, Diff:  0.0, Sum:  0.0, Workers: 4
[1442.125s][debug][gc,phases      ] GC(64)     Dead                           Min: 0, Avg:  0.0, Max: 0, Diff: 0, Sum: 0, Workers: 4
[1442.125s][debug][gc,phases      ] GC(64)     Total                          Min: 0, Avg: 11.2, Max: 45, Diff: 45, Sum: 45, Workers: 4
[1442.125s][debug][gc,phases      ] GC(64)   StringDedup Table Weak         Min:  0.0, Avg:  0.0, Max:  0.0, Diff:  0.0, Sum:  0.0, Workers: 4
[1442.125s][debug][gc,phases      ] GC(64)     Dead                           Min: 0, Avg:  0.0, Max: 0, Diff: 0, Sum: 0, Workers: 4
[1442.125s][debug][gc,phases      ] GC(64)     Total                          Min: 0, Avg:  0.0, Max: 0, Diff: 0, Sum: 0, Workers: 4
[1442.125s][debug][gc,phases      ] GC(64)   StringDedup Requests0 Weak     Min:  0.0, Avg:  0.0, Max:  0.0, Diff:  0.0, Sum:  0.0, Workers: 4
[1442.125s][debug][gc,phases      ] GC(64)     Dead                           Min: 0, Avg:  0.0, Max: 0, Diff: 0, Sum: 0, Workers: 4
[1442.125s][debug][gc,phases      ] GC(64)     Total                          Min: 0, Avg:  0.0, Max: 0, Diff: 0, Sum: 0, Workers: 4
[1442.125s][debug][gc,phases      ] GC(64)   StringDedup Requests1 Weak     Min:  0.0, Avg:  0.0, Max:  0.0, Diff:  0.0, Sum:  0.0, Workers: 4
[1442.125s][debug][gc,phases      ] GC(64)     Dead                           Min: 0, Avg:  0.0, Max: 0, Diff: 0, Sum: 0, Workers: 4
[1442.125s][debug][gc,phases      ] GC(64)     Total                          Min: 0, Avg:  0.0, Max: 0, Diff: 0, Sum: 0, Workers: 4
[1442.125s][debug][gc,phases      ] GC(64)   Weak JFR Old Object Samples    Min:  0.0, Avg:  0.0, Max:  0.0, Diff:  0.0, Sum:  0.0, Workers: 4
[1442.125s][debug][gc,phases      ] GC(64)     Dead                           Min: 0, Avg:  0.0, Max: 0, Diff: 0, Sum: 0, Workers: 4
[1442.125s][debug][gc,phases      ] GC(64)     Total                          Min: 0, Avg:  0.0, Max: 0, Diff: 0, Sum: 0, Workers: 4
[1442.125s][debug][gc,phases      ] GC(64) Weak Processing 0.319ms
[1442.125s][debug][gc,age         ] GC(64) Desired survivor size 250085376 bytes, new threshold 15 (max threshold 15)
[1442.125s][info ][gc,heap        ] GC(64) PSYoungGen: 1556960K(1818624K)->6896K(1852928K) Eden: 1550848K(1550848K)->0K(1596928K) From: 6112K(267776K)->6896K(256000K)
[1442.125s][info ][gc,heap        ] GC(64) ParOldGen: 472280K(616448K)->472288K(616448K)
[1442.125s][info ][gc,metaspace   ] GC(64) Metaspace: 82904K(84032K)->82904K(84032K) NonClass: 71118K(71680K)->71118K(71680K) Class: 11785K(12352K)->11785K(12352K)
[1442.125s][info ][gc             ] GC(64) Pause Young (Allocation Failure) 1981M->467M(2411M) 4.852ms
[1442.125s][info ][gc,cpu         ] GC(64) User=0.02s Sys=0.00s Real=0.00s
[1442.125s][info ][safepoint      ] Safepoint "ParallelGCFailedAllocation", Time since last: 6695077463 ns, Reaching safepoint: 42300 ns, At safepoint: 4920056 ns, Total: 4962356 ns
[1445.125s][info ][safepoint      ] Safepoint "Cleanup", Time since last: 3000204077 ns, Reaching safepoint: 46800 ns, At safepoint: 2400 ns, Total: 49200 ns
[1450.126s][info ][safepoint      ] Safepoint "Cleanup", Time since last: 5000275151 ns, Reaching safepoint: 54401 ns, At safepoint: 5200 ns, Total: 59601 ns
[1459.126s][info ][safepoint      ] Safepoint "Cleanup", Time since last: 9000533313 ns, Reaching safepoint: 42700 ns, At safepoint: 2900 ns, Total: 45600 ns
[1462.126s][info ][safepoint      ] Safepoint "Cleanup", Time since last: 3000240122 ns, Reaching safepoint: 42501 ns, At safepoint: 2600 ns, Total: 45101 ns
[1476.127s][info ][safepoint      ] Safepoint "Cleanup", Time since last: 14000910045 ns, Reaching safepoint: 46200 ns, At safepoint: 3300 ns, Total: 49500 ns
[1477.128s][info ][safepoint      ] Safepoint "Cleanup", Time since last: 1000117728 ns, Reaching safepoint: 53301 ns, At safepoint: 3500 ns, Total: 56801 ns
[1478.128s][info ][safepoint      ] Safepoint "Cleanup", Time since last: 1000106427 ns, Reaching safepoint: 63401 ns, At safepoint: 2800 ns, Total: 66201 ns
[1480.128s][info ][safepoint      ] Safepoint "Cleanup", Time since last: 2000152554 ns, Reaching safepoint: 45501 ns, At safepoint: 3500 ns, Total: 49001 ns
[1485.128s][info ][safepoint      ] Safepoint "Cleanup", Time since last: 5000285760 ns, Reaching safepoint: 36900 ns, At safepoint: 2300 ns, Total: 39200 ns
[1486.223s][info ][gc,start       ] GC(65) Pause Young (Allocation Failure)
[1486.229s][debug][gc,phases      ] GC(65) Scavenge 5.323ms
[1486.229s][debug][gc,ref         ] GC(65) Skipped phase 1 of Reference Processing: no references
[1486.229s][debug][gc,ref         ] GC(65) ReferenceProcessor::execute queues: 1, RefProcThreadModel::Single, marks_oops_alive: false
[1486.229s][debug][gc,ref         ] GC(65) Skipped phase 3 of Reference Processing: no references
[1486.229s][debug][gc,ref         ] GC(65) ReferenceProcessor::execute queues: 1, RefProcThreadModel::Single, marks_oops_alive: false
[1486.229s][debug][gc,phases      ] GC(65) Reference Processing 0.128ms
[1486.230s][debug][gc,phases      ] GC(65)   VM Weak                        Min:  0.0, Avg:  0.0, Max:  0.0, Diff:  0.0, Sum:  0.0, Workers: 4
[1486.230s][debug][gc,phases      ] GC(65)     Dead                           Min: 0, Avg:  0.0, Max: 0, Diff: 0, Sum: 0, Workers: 4
[1486.230s][debug][gc,phases      ] GC(65)     Total                          Min: 0, Avg: 230.8, Max: 923, Diff: 923, Sum: 923, Workers: 4
[1486.230s][debug][gc,phases      ] GC(65)   ObjectSynchronizer Weak        Min:  0.0, Avg:  0.0, Max:  0.0, Diff:  0.0, Sum:  0.0, Workers: 4
[1486.230s][debug][gc,phases      ] GC(65)     Dead                           Min: 0, Avg:  0.0, Max: 0, Diff: 0, Sum: 0, Workers: 4
[1486.230s][debug][gc,phases      ] GC(65)     Total                          Min: 0, Avg: 10.0, Max: 40, Diff: 40, Sum: 40, Workers: 4
[1486.230s][debug][gc,phases      ] GC(65)   JVMTI Tag Weak OopStorage      Min:  0.0, Avg:  0.0, Max:  0.0, Diff:  0.0, Sum:  0.0, Workers: 4
[1486.230s][debug][gc,phases      ] GC(65)     Dead                           Min: 0, Avg:  0.0, Max: 0, Diff: 0, Sum: 0, Workers: 4
[1486.230s][debug][gc,phases      ] GC(65)     Total                          Min: 0, Avg:  0.0, Max: 0, Diff: 0, Sum: 0, Workers: 4
[1486.230s][debug][gc,phases      ] GC(65)   StringTable Weak               Min:  0.0, Avg:  0.1, Max:  0.4, Diff:  0.4, Sum:  0.4, Workers: 4
[1486.230s][debug][gc,phases      ] GC(65)     Dead                           Min: 0, Avg:  0.0, Max: 0, Diff: 0, Sum: 0, Workers: 4
[1486.230s][debug][gc,phases      ] GC(65)     Total                          Min: 0, Avg: 10932.2, Max: 43729, Diff: 43729, Sum: 43729, Workers: 4
[1486.230s][debug][gc,phases      ] GC(65)   ResolvedMethodTable Weak       Min:  0.0, Avg:  0.0, Max:  0.1, Diff:  0.1, Sum:  0.1, Workers: 4
[1486.230s][debug][gc,phases      ] GC(65)     Dead                           Min: 0, Avg:  0.0, Max: 0, Diff: 0, Sum: 0, Workers: 4
[1486.230s][debug][gc,phases      ] GC(65)     Total                          Min: 0, Avg: 2409.0, Max: 9636, Diff: 9636, Sum: 9636, Workers: 4
[1486.230s][debug][gc,phases      ] GC(65)   JNI Weak                       Min:  0.0, Avg:  0.0, Max:  0.0, Diff:  0.0, Sum:  0.0, Workers: 4
[1486.230s][debug][gc,phases      ] GC(65)     Dead                           Min: 0, Avg:  0.0, Max: 0, Diff: 0, Sum: 0, Workers: 4
[1486.230s][debug][gc,phases      ] GC(65)     Total                          Min: 0, Avg: 11.2, Max: 45, Diff: 45, Sum: 45, Workers: 4
[1486.230s][debug][gc,phases      ] GC(65)   StringDedup Table Weak         Min:  0.0, Avg:  0.0, Max:  0.0, Diff:  0.0, Sum:  0.0, Workers: 4
[1486.230s][debug][gc,phases      ] GC(65)     Dead                           Min: 0, Avg:  0.0, Max: 0, Diff: 0, Sum: 0, Workers: 4
[1486.230s][debug][gc,phases      ] GC(65)     Total                          Min: 0, Avg:  0.0, Max: 0, Diff: 0, Sum: 0, Workers: 4
[1486.230s][debug][gc,phases      ] GC(65)   StringDedup Requests0 Weak     Min:  0.0, Avg:  0.0, Max:  0.0, Diff:  0.0, Sum:  0.0, Workers: 4
[1486.230s][debug][gc,phases      ] GC(65)     Dead                           Min: 0, Avg:  0.0, Max: 0, Diff: 0, Sum: 0, Workers: 4
[1486.230s][debug][gc,phases      ] GC(65)     Total                          Min: 0, Avg:  0.0, Max: 0, Diff: 0, Sum: 0, Workers: 4
[1486.230s][debug][gc,phases      ] GC(65)   StringDedup Requests1 Weak     Min:  0.0, Avg:  0.0, Max:  0.0, Diff:  0.0, Sum:  0.0, Workers: 4
[1486.230s][debug][gc,phases      ] GC(65)     Dead                           Min: 0, Avg:  0.0, Max: 0, Diff: 0, Sum: 0, Workers: 4
[1486.230s][debug][gc,phases      ] GC(65)     Total                          Min: 0, Avg:  0.0, Max: 0, Diff: 0, Sum: 0, Workers: 4
[1486.230s][debug][gc,phases      ] GC(65)   Weak JFR Old Object Samples    Min:  0.0, Avg:  0.0, Max:  0.0, Diff:  0.0, Sum:  0.0, Workers: 4
[1486.230s][debug][gc,phases      ] GC(65)     Dead                           Min: 0, Avg:  0.0, Max: 0, Diff: 0, Sum: 0, Workers: 4
[1486.230s][debug][gc,phases      ] GC(65)     Total                          Min: 0, Avg:  0.0, Max: 0, Diff: 0, Sum: 0, Workers: 4
[1486.230s][debug][gc,phases      ] GC(65) Weak Processing 0.762ms
[1486.230s][debug][gc,age         ] GC(65) Desired survivor size 237502464 bytes, new threshold 15 (max threshold 15)
[1486.230s][info ][gc,heap        ] GC(65) PSYoungGen: 1603824K(1852928K)->6944K(1841152K) Eden: 1596928K(1596928K)->0K(1596928K) From: 6896K(256000K)->6944K(244224K)
[1486.230s][info ][gc,heap        ] GC(65) ParOldGen: 472288K(616448K)->472288K(616448K)
[1486.230s][info ][gc,metaspace   ] GC(65) Metaspace: 82915K(84032K)->82915K(84032K) NonClass: 71129K(71680K)->71129K(71680K) Class: 11785K(12352K)->11785K(12352K)
[1486.230s][info ][gc             ] GC(65) Pause Young (Allocation Failure) 2027M->468M(2400M) 6.359ms
[1486.230s][info ][gc,cpu         ] GC(65) User=0.01s Sys=0.00s Real=0.01s
[1486.230s][info ][safepoint      ] Safepoint "ParallelGCFailedAllocation", Time since last: 1095022486 ns, Reaching safepoint: 37100 ns, At safepoint: 6438670 ns, Total: 6475770 ns
[1488.230s][info ][safepoint      ] Safepoint "Cleanup", Time since last: 2000149693 ns, Reaching safepoint: 55801 ns, At safepoint: 2700 ns, Total: 58501 ns
[1499.231s][info ][safepoint      ] Safepoint "Cleanup", Time since last: 11000762855 ns, Reaching safepoint: 44500 ns, At safepoint: 3100 ns, Total: 47600 ns
[1504.231s][info ][safepoint      ] Safepoint "Cleanup", Time since last: 5000370392 ns, Reaching safepoint: 45501 ns, At safepoint: 3200 ns, Total: 48701 ns
[1506.232s][info ][safepoint      ] Safepoint "Cleanup", Time since last: 2000183200 ns, Reaching safepoint: 109201 ns, At safepoint: 2900 ns, Total: 112101 ns
[1507.232s][info ][safepoint      ] Safepoint "Cleanup", Time since last: 1000115701 ns, Reaching safepoint: 46401 ns, At safepoint: 3000 ns, Total: 49401 ns
[1516.232s][info ][safepoint      ] Safepoint "Cleanup", Time since last: 9000623075 ns, Reaching safepoint: 53200 ns, At safepoint: 4701 ns, Total: 57901 ns
[1531.233s][info ][safepoint      ] Safepoint "Cleanup", Time since last: 15000993457 ns, Reaching safepoint: 38801 ns, At safepoint: 52400 ns, Total: 91201 ns
[1531.366s][info ][gc,start       ] GC(66) Pause Young (Allocation Failure)
[1531.371s][debug][gc,phases      ] GC(66) Scavenge 5.748ms
[1531.371s][debug][gc,ref         ] GC(66) Skipped phase 1 of Reference Processing: no references
[1531.372s][debug][gc,ref         ] GC(66) ReferenceProcessor::execute queues: 1, RefProcThreadModel::Single, marks_oops_alive: false
[1531.372s][debug][gc,ref         ] GC(66) Skipped phase 3 of Reference Processing: no references
[1531.372s][debug][gc,ref         ] GC(66) ReferenceProcessor::execute queues: 1, RefProcThreadModel::Single, marks_oops_alive: false
[1531.372s][debug][gc,phases      ] GC(66) Reference Processing 0.100ms
[1531.372s][debug][gc,phases      ] GC(66)   VM Weak                        Min:  0.0, Avg:  0.0, Max:  0.0, Diff:  0.0, Sum:  0.0, Workers: 4
[1531.372s][debug][gc,phases      ] GC(66)     Dead                           Min: 0, Avg:  0.0, Max: 0, Diff: 0, Sum: 0, Workers: 4
[1531.372s][debug][gc,phases      ] GC(66)     Total                          Min: 0, Avg: 230.8, Max: 448, Diff: 448, Sum: 923, Workers: 4
[1531.372s][debug][gc,phases      ] GC(66)   ObjectSynchronizer Weak        Min:  0.0, Avg:  0.0, Max:  0.0, Diff:  0.0, Sum:  0.0, Workers: 4
[1531.372s][debug][gc,phases      ] GC(66)     Dead                           Min: 0, Avg:  0.0, Max: 0, Diff: 0, Sum: 0, Workers: 4
[1531.372s][debug][gc,phases      ] GC(66)     Total                          Min: 0, Avg: 10.0, Max: 40, Diff: 40, Sum: 40, Workers: 4
[1531.372s][debug][gc,phases      ] GC(66)   JVMTI Tag Weak OopStorage      Min:  0.0, Avg:  0.0, Max:  0.0, Diff:  0.0, Sum:  0.0, Workers: 4
[1531.372s][debug][gc,phases      ] GC(66)     Dead                           Min: 0, Avg:  0.0, Max: 0, Diff: 0, Sum: 0, Workers: 4
[1531.372s][debug][gc,phases      ] GC(66)     Total                          Min: 0, Avg:  0.0, Max: 0, Diff: 0, Sum: 0, Workers: 4
[1531.372s][debug][gc,phases      ] GC(66)   StringTable Weak               Min:  0.0, Avg:  0.1, Max:  0.1, Diff:  0.1, Sum:  0.4, Workers: 4
[1531.372s][debug][gc,phases      ] GC(66)     Dead                           Min: 0, Avg:  0.0, Max: 0, Diff: 0, Sum: 0, Workers: 4
[1531.372s][debug][gc,phases      ] GC(66)     Total                          Min: 0, Avg: 10932.5, Max: 14719, Diff: 14719, Sum: 43730, Workers: 4
[1531.372s][debug][gc,phases      ] GC(66)   ResolvedMethodTable Weak       Min:  0.0, Avg:  0.0, Max:  0.0, Diff:  0.0, Sum:  0.1, Workers: 4
[1531.372s][debug][gc,phases      ] GC(66)     Dead                           Min: 0, Avg:  0.0, Max: 0, Diff: 0, Sum: 0, Workers: 4
[1531.372s][debug][gc,phases      ] GC(66)     Total                          Min: 0, Avg: 2409.0, Max: 3495, Diff: 3495, Sum: 9636, Workers: 4
[1531.372s][debug][gc,phases      ] GC(66)   JNI Weak                       Min:  0.0, Avg:  0.0, Max:  0.0, Diff:  0.0, Sum:  0.0, Workers: 4
[1531.372s][debug][gc,phases      ] GC(66)     Dead                           Min: 0, Avg:  0.0, Max: 0, Diff: 0, Sum: 0, Workers: 4
[1531.372s][debug][gc,phases      ] GC(66)     Total                          Min: 0, Avg: 11.2, Max: 45, Diff: 45, Sum: 45, Workers: 4
[1531.372s][debug][gc,phases      ] GC(66)   StringDedup Table Weak         Min:  0.0, Avg:  0.0, Max:  0.0, Diff:  0.0, Sum:  0.0, Workers: 4
[1531.372s][debug][gc,phases      ] GC(66)     Dead                           Min: 0, Avg:  0.0, Max: 0, Diff: 0, Sum: 0, Workers: 4
[1531.372s][debug][gc,phases      ] GC(66)     Total                          Min: 0, Avg:  0.0, Max: 0, Diff: 0, Sum: 0, Workers: 4
[1531.372s][debug][gc,phases      ] GC(66)   StringDedup Requests0 Weak     Min:  0.0, Avg:  0.0, Max:  0.0, Diff:  0.0, Sum:  0.0, Workers: 4
[1531.372s][debug][gc,phases      ] GC(66)     Dead                           Min: 0, Avg:  0.0, Max: 0, Diff: 0, Sum: 0, Workers: 4
[1531.372s][debug][gc,phases      ] GC(66)     Total                          Min: 0, Avg:  0.0, Max: 0, Diff: 0, Sum: 0, Workers: 4
[1531.372s][debug][gc,phases      ] GC(66)   StringDedup Requests1 Weak     Min:  0.0, Avg:  0.0, Max:  0.0, Diff:  0.0, Sum:  0.0, Workers: 4
[1531.372s][debug][gc,phases      ] GC(66)     Dead                           Min: 0, Avg:  0.0, Max: 0, Diff: 0, Sum: 0, Workers: 4
[1531.372s][debug][gc,phases      ] GC(66)     Total                          Min: 0, Avg:  0.0, Max: 0, Diff: 0, Sum: 0, Workers: 4
[1531.372s][debug][gc,phases      ] GC(66)   Weak JFR Old Object Samples    Min:  0.0, Avg:  0.0, Max:  0.0, Diff:  0.0, Sum:  0.0, Workers: 4
[1531.372s][debug][gc,phases      ] GC(66)     Dead                           Min: 0, Avg:  0.0, Max: 0, Diff: 0, Sum: 0, Workers: 4
[1531.372s][debug][gc,phases      ] GC(66)     Total                          Min: 0, Avg:  0.0, Max: 0, Diff: 0, Sum: 0, Workers: 4
[1531.372s][debug][gc,phases      ] GC(66) Weak Processing 0.388ms
[1531.372s][debug][gc,age         ] GC(66) Desired survivor size 225443840 bytes, new threshold 15 (max threshold 15)
[1531.372s][info ][gc,heap        ] GC(66) PSYoungGen: 1603872K(1841152K)->7024K(1876992K) Eden: 1596928K(1596928K)->0K(1645056K) From: 6944K(244224K)->7024K(231936K)
[1531.372s][info ][gc,heap        ] GC(66) ParOldGen: 472288K(616448K)->472288K(616448K)
[1531.372s][info ][gc,metaspace   ] GC(66) Metaspace: 82930K(84096K)->82930K(84096K) NonClass: 71144K(71744K)->71144K(71744K) Class: 11785K(12352K)->11785K(12352K)
[1531.372s][info ][gc             ] GC(66) Pause Young (Allocation Failure) 2027M->468M(2435M) 6.359ms
[1531.372s][info ][gc,cpu         ] GC(66) User=0.01s Sys=0.00s Real=0.01s
[1531.372s][info ][safepoint      ] Safepoint "ParallelGCFailedAllocation", Time since last: 131997425 ns, Reaching safepoint: 108401 ns, At safepoint: 6424669 ns, Total: 6533070 ns
[1575.375s][info ][safepoint      ] Safepoint "Cleanup", Time since last: 44003114690 ns, Reaching safepoint: 47000 ns, At safepoint: 25000 ns, Total: 72000 ns
[1578.366s][info ][gc,start       ] GC(67) Pause Young (Allocation Failure)
[1578.372s][debug][gc,phases      ] GC(67) Scavenge 6.329ms
[1578.372s][debug][gc,ref         ] GC(67) Skipped phase 1 of Reference Processing: no references
[1578.372s][debug][gc,ref         ] GC(67) ReferenceProcessor::execute queues: 1, RefProcThreadModel::Single, marks_oops_alive: false
[1578.372s][debug][gc,ref         ] GC(67) Skipped phase 3 of Reference Processing: no references
[1578.372s][debug][gc,ref         ] GC(67) ReferenceProcessor::execute queues: 1, RefProcThreadModel::Single, marks_oops_alive: false
[1578.372s][debug][gc,phases      ] GC(67) Reference Processing 0.107ms
[1578.372s][debug][gc,phases      ] GC(67)   VM Weak                        Min:  0.0, Avg:  0.0, Max:  0.0, Diff:  0.0, Sum:  0.0, Workers: 4
[1578.372s][debug][gc,phases      ] GC(67)     Dead                           Min: 0, Avg:  0.0, Max: 0, Diff: 0, Sum: 0, Workers: 4
[1578.372s][debug][gc,phases      ] GC(67)     Total                          Min: 0, Avg: 230.8, Max: 320, Diff: 320, Sum: 923, Workers: 4
[1578.372s][debug][gc,phases      ] GC(67)   ObjectSynchronizer Weak        Min:  0.0, Avg:  0.0, Max:  0.0, Diff:  0.0, Sum:  0.0, Workers: 4
[1578.372s][debug][gc,phases      ] GC(67)     Dead                           Min: 0, Avg:  0.0, Max: 0, Diff: 0, Sum: 0, Workers: 4
[1578.372s][debug][gc,phases      ] GC(67)     Total                          Min: 0, Avg: 10.0, Max: 40, Diff: 40, Sum: 40, Workers: 4
[1578.372s][debug][gc,phases      ] GC(67)   JVMTI Tag Weak OopStorage      Min:  0.0, Avg:  0.0, Max:  0.0, Diff:  0.0, Sum:  0.0, Workers: 4
[1578.372s][debug][gc,phases      ] GC(67)     Dead                           Min: 0, Avg:  0.0, Max: 0, Diff: 0, Sum: 0, Workers: 4
[1578.372s][debug][gc,phases      ] GC(67)     Total                          Min: 0, Avg:  0.0, Max: 0, Diff: 0, Sum: 0, Workers: 4
[1578.372s][debug][gc,phases      ] GC(67)   StringTable Weak               Min:  0.0, Avg:  0.1, Max:  0.1, Diff:  0.1, Sum:  0.4, Workers: 4
[1578.372s][debug][gc,phases      ] GC(67)     Dead                           Min: 0, Avg:  0.0, Max: 0, Diff: 0, Sum: 0, Workers: 4
[1578.372s][debug][gc,phases      ] GC(67)     Total                          Min: 0, Avg: 10932.5, Max: 14912, Diff: 14912, Sum: 43730, Workers: 4
[1578.372s][debug][gc,phases      ] GC(67)   ResolvedMethodTable Weak       Min:  0.0, Avg:  0.0, Max:  0.0, Diff:  0.0, Sum:  0.1, Workers: 4
[1578.372s][debug][gc,phases      ] GC(67)     Dead                           Min: 0, Avg:  0.0, Max: 0, Diff: 0, Sum: 0, Workers: 4
[1578.372s][debug][gc,phases      ] GC(67)     Total                          Min: 0, Avg: 2409.0, Max: 3303, Diff: 3303, Sum: 9636, Workers: 4
[1578.372s][debug][gc,phases      ] GC(67)   JNI Weak                       Min:  0.0, Avg:  0.0, Max:  0.0, Diff:  0.0, Sum:  0.0, Workers: 4
[1578.372s][debug][gc,phases      ] GC(67)     Dead                           Min: 0, Avg:  0.0, Max: 0, Diff: 0, Sum: 0, Workers: 4
[1578.372s][debug][gc,phases      ] GC(67)     Total                          Min: 0, Avg: 11.2, Max: 45, Diff: 45, Sum: 45, Workers: 4
[1578.372s][debug][gc,phases      ] GC(67)   StringDedup Table Weak         Min:  0.0, Avg:  0.0, Max:  0.0, Diff:  0.0, Sum:  0.0, Workers: 4
[1578.372s][debug][gc,phases      ] GC(67)     Dead                           Min: 0, Avg:  0.0, Max: 0, Diff: 0, Sum: 0, Workers: 4
[1578.372s][debug][gc,phases      ] GC(67)     Total                          Min: 0, Avg:  0.0, Max: 0, Diff: 0, Sum: 0, Workers: 4
[1578.372s][debug][gc,phases      ] GC(67)   StringDedup Requests0 Weak     Min:  0.0, Avg:  0.0, Max:  0.0, Diff:  0.0, Sum:  0.0, Workers: 4
[1578.372s][debug][gc,phases      ] GC(67)     Dead                           Min: 0, Avg:  0.0, Max: 0, Diff: 0, Sum: 0, Workers: 4
[1578.372s][debug][gc,phases      ] GC(67)     Total                          Min: 0, Avg:  0.0, Max: 0, Diff: 0, Sum: 0, Workers: 4
[1578.372s][debug][gc,phases      ] GC(67)   StringDedup Requests1 Weak     Min:  0.0, Avg:  0.0, Max:  0.0, Diff:  0.0, Sum:  0.0, Workers: 4
[1578.372s][debug][gc,phases      ] GC(67)     Dead                           Min: 0, Avg:  0.0, Max: 0, Diff: 0, Sum: 0, Workers: 4
[1578.372s][debug][gc,phases      ] GC(67)     Total                          Min: 0, Avg:  0.0, Max: 0, Diff: 0, Sum: 0, Workers: 4
[1578.372s][debug][gc,phases      ] GC(67)   Weak JFR Old Object Samples    Min:  0.0, Avg:  0.0, Max:  0.0, Diff:  0.0, Sum:  0.0, Workers: 4
[1578.372s][debug][gc,phases      ] GC(67)     Dead                           Min: 0, Avg:  0.0, Max: 0, Diff: 0, Sum: 0, Workers: 4
[1578.372s][debug][gc,phases      ] GC(67)     Total                          Min: 0, Avg:  0.0, Max: 0, Diff: 0, Sum: 0, Workers: 4
[1578.372s][debug][gc,phases      ] GC(67) Weak Processing 0.311ms
[1578.372s][debug][gc,age         ] GC(67) Desired survivor size 213385216 bytes, new threshold 15 (max threshold 15)
[1578.372s][info ][gc,heap        ] GC(67) PSYoungGen: 1652080K(1876992K)->7072K(1865216K) Eden: 1645056K(1645056K)->0K(1645056K) From: 7024K(231936K)->7072K(220160K)
[1578.372s][info ][gc,heap        ] GC(67) ParOldGen: 472288K(616448K)->472296K(616448K)
[1578.372s][info ][gc,metaspace   ] GC(67) Metaspace: 82930K(84096K)->82930K(84096K) NonClass: 71144K(71744K)->71144K(71744K) Class: 11785K(12352K)->11785K(12352K)
[1578.372s][info ][gc             ] GC(67) Pause Young (Allocation Failure) 2074M->468M(2423M) 6.855ms
[1578.372s][info ][gc,cpu         ] GC(67) User=0.02s Sys=0.00s Real=0.01s
[1578.372s][info ][safepoint      ] Safepoint "ParallelGCFailedAllocation", Time since last: 2990164135 ns, Reaching safepoint: 116101 ns, At safepoint: 6919174 ns, Total: 7035275 ns
[1581.373s][info ][safepoint      ] Safepoint "Cleanup", Time since last: 3000236145 ns, Reaching safepoint: 46600 ns, At safepoint: 3300 ns, Total: 49900 ns
[1605.375s][info ][safepoint      ] Safepoint "Cleanup", Time since last: 24002004181 ns, Reaching safepoint: 51601 ns, At safepoint: 4400 ns, Total: 56001 ns
[1621.376s][info ][safepoint      ] Safepoint "Cleanup", Time since last: 16001141184 ns, Reaching safepoint: 36401 ns, At safepoint: 3200 ns, Total: 39601 ns
[1623.605s][info ][safepoint      ] Safepoint "Cleanup", Time since last: 2228719137 ns, Reaching safepoint: 142301 ns, At safepoint: 12400 ns, Total: 154701 ns
[1624.605s][info ][safepoint      ] Safepoint "Cleanup", Time since last: 1000102972 ns, Reaching safepoint: 66801 ns, At safepoint: 3400 ns, Total: 70201 ns
[1627.065s][info ][gc,start       ] GC(68) Pause Young (Allocation Failure)
[1627.071s][debug][gc,phases      ] GC(68) Scavenge 5.442ms
[1627.071s][debug][gc,ref         ] GC(68) Skipped phase 1 of Reference Processing: no references
[1627.071s][debug][gc,ref         ] GC(68) ReferenceProcessor::execute queues: 1, RefProcThreadModel::Single, marks_oops_alive: false
[1627.071s][debug][gc,ref         ] GC(68) Skipped phase 3 of Reference Processing: no references
[1627.071s][debug][gc,ref         ] GC(68) ReferenceProcessor::execute queues: 1, RefProcThreadModel::Single, marks_oops_alive: false
[1627.071s][debug][gc,phases      ] GC(68) Reference Processing 0.100ms
[1627.071s][debug][gc,phases      ] GC(68)   VM Weak                        Min:  0.0, Avg:  0.0, Max:  0.0, Diff:  0.0, Sum:  0.0, Workers: 4
[1627.071s][debug][gc,phases      ] GC(68)     Dead                           Min: 0, Avg:  0.0, Max: 0, Diff: 0, Sum: 0, Workers: 4
[1627.071s][debug][gc,phases      ] GC(68)     Total                          Min: 0, Avg: 230.8, Max: 640, Diff: 640, Sum: 923, Workers: 4
[1627.071s][debug][gc,phases      ] GC(68)   ObjectSynchronizer Weak        Min:  0.0, Avg:  0.0, Max:  0.0, Diff:  0.0, Sum:  0.0, Workers: 4
[1627.071s][debug][gc,phases      ] GC(68)     Dead                           Min: 0, Avg:  0.0, Max: 0, Diff: 0, Sum: 0, Workers: 4
[1627.071s][debug][gc,phases      ] GC(68)     Total                          Min: 0, Avg: 10.0, Max: 40, Diff: 40, Sum: 40, Workers: 4
[1627.071s][debug][gc,phases      ] GC(68)   JVMTI Tag Weak OopStorage      Min:  0.0, Avg:  0.0, Max:  0.0, Diff:  0.0, Sum:  0.0, Workers: 4
[1627.071s][debug][gc,phases      ] GC(68)     Dead                           Min: 0, Avg:  0.0, Max: 0, Diff: 0, Sum: 0, Workers: 4
[1627.071s][debug][gc,phases      ] GC(68)     Total                          Min: 0, Avg:  0.0, Max: 0, Diff: 0, Sum: 0, Workers: 4
[1627.071s][debug][gc,phases      ] GC(68)   StringTable Weak               Min:  0.0, Avg:  0.1, Max:  0.2, Diff:  0.2, Sum:  0.3, Workers: 4
[1627.071s][debug][gc,phases      ] GC(68)     Dead                           Min: 0, Avg:  0.0, Max: 0, Diff: 0, Sum: 0, Workers: 4
[1627.071s][debug][gc,phases      ] GC(68)     Total                          Min: 0, Avg: 10933.0, Max: 26517, Diff: 26517, Sum: 43732, Workers: 4
[1627.071s][debug][gc,phases      ] GC(68)   ResolvedMethodTable Weak       Min:  0.0, Avg:  0.0, Max:  0.0, Diff:  0.0, Sum:  0.1, Workers: 4
[1627.071s][debug][gc,phases      ] GC(68)     Dead                           Min: 0, Avg:  0.0, Max: 0, Diff: 0, Sum: 0, Workers: 4
[1627.071s][debug][gc,phases      ] GC(68)     Total                          Min: 0, Avg: 2409.0, Max: 5495, Diff: 5495, Sum: 9636, Workers: 4
[1627.071s][debug][gc,phases      ] GC(68)   JNI Weak                       Min:  0.0, Avg:  0.0, Max:  0.0, Diff:  0.0, Sum:  0.0, Workers: 4
[1627.071s][debug][gc,phases      ] GC(68)     Dead                           Min: 0, Avg:  0.0, Max: 0, Diff: 0, Sum: 0, Workers: 4
[1627.071s][debug][gc,phases      ] GC(68)     Total                          Min: 0, Avg: 11.2, Max: 45, Diff: 45, Sum: 45, Workers: 4
[1627.071s][debug][gc,phases      ] GC(68)   StringDedup Table Weak         Min:  0.0, Avg:  0.0, Max:  0.0, Diff:  0.0, Sum:  0.0, Workers: 4
[1627.071s][debug][gc,phases      ] GC(68)     Dead                           Min: 0, Avg:  0.0, Max: 0, Diff: 0, Sum: 0, Workers: 4
[1627.071s][debug][gc,phases      ] GC(68)     Total                          Min: 0, Avg:  0.0, Max: 0, Diff: 0, Sum: 0, Workers: 4
[1627.071s][debug][gc,phases      ] GC(68)   StringDedup Requests0 Weak     Min:  0.0, Avg:  0.0, Max:  0.0, Diff:  0.0, Sum:  0.0, Workers: 4
[1627.071s][debug][gc,phases      ] GC(68)     Dead                           Min: 0, Avg:  0.0, Max: 0, Diff: 0, Sum: 0, Workers: 4
[1627.071s][debug][gc,phases      ] GC(68)     Total                          Min: 0, Avg:  0.0, Max: 0, Diff: 0, Sum: 0, Workers: 4
[1627.071s][debug][gc,phases      ] GC(68)   StringDedup Requests1 Weak     Min:  0.0, Avg:  0.0, Max:  0.0, Diff:  0.0, Sum:  0.0, Workers: 4
[1627.071s][debug][gc,phases      ] GC(68)     Dead                           Min: 0, Avg:  0.0, Max: 0, Diff: 0, Sum: 0, Workers: 4
[1627.071s][debug][gc,phases      ] GC(68)     Total                          Min: 0, Avg:  0.0, Max: 0, Diff: 0, Sum: 0, Workers: 4
[1627.071s][debug][gc,phases      ] GC(68)   Weak JFR Old Object Samples    Min:  0.0, Avg:  0.0, Max:  0.0, Diff:  0.0, Sum:  0.0, Workers: 4
[1627.071s][debug][gc,phases      ] GC(68)     Dead                           Min: 0, Avg:  0.0, Max: 0, Diff: 0, Sum: 0, Workers: 4
[1627.071s][debug][gc,phases      ] GC(68)     Total                          Min: 0, Avg:  0.0, Max: 0, Diff: 0, Sum: 0, Workers: 4
[1627.071s][debug][gc,phases      ] GC(68) Weak Processing 0.385ms
[1627.071s][debug][gc,age         ] GC(68) Desired survivor size 201326592 bytes, new threshold 15 (max threshold 15)
[1627.072s][info ][gc,heap        ] GC(68) PSYoungGen: 1652128K(1865216K)->6368K(1900544K) Eden: 1645056K(1645056K)->0K(1692160K) From: 7072K(220160K)->6368K(208384K)
[1627.072s][info ][gc,heap        ] GC(68) ParOldGen: 472296K(616448K)->472740K(616448K)
[1627.072s][info ][gc,metaspace   ] GC(68) Metaspace: 82932K(84096K)->82932K(84096K) NonClass: 71146K(71744K)->71146K(71744K) Class: 11785K(12352K)->11785K(12352K)
[1627.072s][info ][gc             ] GC(68) Pause Young (Allocation Failure) 2074M->467M(2458M) 6.043ms
[1627.072s][info ][gc,cpu         ] GC(68) User=0.02s Sys=0.00s Real=0.01s
[1627.072s][info ][safepoint      ] Safepoint "ParallelGCFailedAllocation", Time since last: 2460343562 ns, Reaching safepoint: 118301 ns, At safepoint: 6119664 ns, Total: 6237965 ns
[1629.072s][info ][safepoint      ] Safepoint "Cleanup", Time since last: 2000159205 ns, Reaching safepoint: 43100 ns, At safepoint: 2300 ns, Total: 45400 ns
[1632.072s][info ][safepoint      ] Safepoint "Cleanup", Time since last: 3000262506 ns, Reaching safepoint: 43800 ns, At safepoint: 3200 ns, Total: 47000 ns
[1640.073s][info ][safepoint      ] Safepoint "Cleanup", Time since last: 8000588778 ns, Reaching safepoint: 38800 ns, At safepoint: 2500 ns, Total: 41300 ns
[1641.073s][info ][safepoint      ] Safepoint "Cleanup", Time since last: 1000107535 ns, Reaching safepoint: 122601 ns, At safepoint: 4300 ns, Total: 126901 ns
[1642.073s][info ][safepoint      ] Safepoint "Cleanup", Time since last: 1000108535 ns, Reaching safepoint: 122501 ns, At safepoint: 6000 ns, Total: 128501 ns
[1647.074s][info ][safepoint      ] Safepoint "Cleanup", Time since last: 5000381034 ns, Reaching safepoint: 116501 ns, At safepoint: 7000 ns, Total: 123501 ns
[1651.074s][info ][safepoint      ] Safepoint "Cleanup", Time since last: 4000300019 ns, Reaching safepoint: 110301 ns, At safepoint: 5600 ns, Total: 115901 ns
[1656.075s][info ][safepoint      ] Safepoint "Cleanup", Time since last: 5000399144 ns, Reaching safepoint: 63701 ns, At safepoint: 3000 ns, Total: 66701 ns
[1663.075s][info ][safepoint      ] Safepoint "Cleanup", Time since last: 7000552419 ns, Reaching safepoint: 47700 ns, At safepoint: 6100 ns, Total: 53800 ns
[1664.075s][info ][safepoint      ] Safepoint "Cleanup", Time since last: 1000105696 ns, Reaching safepoint: 56801 ns, At safepoint: 18400 ns, Total: 75201 ns
[1665.075s][info ][safepoint      ] Safepoint "Cleanup", Time since last: 1000097196 ns, Reaching safepoint: 47500 ns, At safepoint: 3200 ns, Total: 50700 ns
[1666.076s][info ][safepoint      ] Safepoint "Cleanup", Time since last: 1000110597 ns, Reaching safepoint: 44900 ns, At safepoint: 3600 ns, Total: 48500 ns
[1667.076s][info ][safepoint      ] Safepoint "Cleanup", Time since last: 1000096996 ns, Reaching safepoint: 47700 ns, At safepoint: 2000 ns, Total: 49700 ns
[1668.076s][info ][safepoint      ] Safepoint "Cleanup", Time since last: 1000098396 ns, Reaching safepoint: 38401 ns, At safepoint: 2600 ns, Total: 41001 ns
[1669.076s][info ][safepoint      ] Safepoint "Cleanup", Time since last: 1000100994 ns, Reaching safepoint: 57701 ns, At safepoint: 3200 ns, Total: 60901 ns
[1670.076s][info ][safepoint      ] Safepoint "Cleanup", Time since last: 1000106194 ns, Reaching safepoint: 37500 ns, At safepoint: 3100 ns, Total: 40600 ns
[1672.467s][info ][gc,start       ] GC(69) Pause Young (Allocation Failure)
[1672.474s][debug][gc,phases      ] GC(69) Scavenge 7.132ms
[1672.474s][debug][gc,ref         ] GC(69) Skipped phase 1 of Reference Processing: no references
[1672.474s][debug][gc,ref         ] GC(69) ReferenceProcessor::execute queues: 1, RefProcThreadModel::Single, marks_oops_alive: false
[1672.475s][debug][gc,ref         ] GC(69) Skipped phase 3 of Reference Processing: no references
[1672.475s][debug][gc,ref         ] GC(69) ReferenceProcessor::execute queues: 1, RefProcThreadModel::Single, marks_oops_alive: false
[1672.475s][debug][gc,phases      ] GC(69) Reference Processing 0.101ms
[1672.475s][debug][gc,phases      ] GC(69)   VM Weak                        Min:  0.0, Avg:  0.0, Max:  0.0, Diff:  0.0, Sum:  0.0, Workers: 4
[1672.475s][debug][gc,phases      ] GC(69)     Dead                           Min: 0, Avg:  0.0, Max: 0, Diff: 0, Sum: 0, Workers: 4
[1672.475s][debug][gc,phases      ] GC(69)     Total                          Min: 0, Avg: 230.8, Max: 731, Diff: 731, Sum: 923, Workers: 4
[1672.475s][debug][gc,phases      ] GC(69)   ObjectSynchronizer Weak        Min:  0.0, Avg:  0.0, Max:  0.0, Diff:  0.0, Sum:  0.0, Workers: 4
[1672.475s][debug][gc,phases      ] GC(69)     Dead                           Min: 0, Avg:  0.0, Max: 0, Diff: 0, Sum: 0, Workers: 4
[1672.475s][debug][gc,phases      ] GC(69)     Total                          Min: 0, Avg: 10.0, Max: 40, Diff: 40, Sum: 40, Workers: 4
[1672.475s][debug][gc,phases      ] GC(69)   JVMTI Tag Weak OopStorage      Min:  0.0, Avg:  0.0, Max:  0.0, Diff:  0.0, Sum:  0.0, Workers: 4
[1672.475s][debug][gc,phases      ] GC(69)     Dead                           Min: 0, Avg:  0.0, Max: 0, Diff: 0, Sum: 0, Workers: 4
[1672.475s][debug][gc,phases      ] GC(69)     Total                          Min: 0, Avg:  0.0, Max: 0, Diff: 0, Sum: 0, Workers: 4
[1672.475s][debug][gc,phases      ] GC(69)   StringTable Weak               Min:  0.0, Avg:  0.1, Max:  0.2, Diff:  0.2, Sum:  0.3, Workers: 4
[1672.475s][debug][gc,phases      ] GC(69)     Dead                           Min: 0, Avg:  0.0, Max: 0, Diff: 0, Sum: 0, Workers: 4
[1672.475s][debug][gc,phases      ] GC(69)     Total                          Min: 0, Avg: 10933.0, Max: 26260, Diff: 26260, Sum: 43732, Workers: 4
[1672.475s][debug][gc,phases      ] GC(69)   ResolvedMethodTable Weak       Min:  0.0, Avg:  0.0, Max:  0.0, Diff:  0.0, Sum:  0.1, Workers: 4
[1672.475s][debug][gc,phases      ] GC(69)     Dead                           Min: 0, Avg:  0.0, Max: 0, Diff: 0, Sum: 0, Workers: 4
[1672.475s][debug][gc,phases      ] GC(69)     Total                          Min: 0, Avg: 2409.0, Max: 5632, Diff: 5632, Sum: 9636, Workers: 4
[1672.475s][debug][gc,phases      ] GC(69)   JNI Weak                       Min:  0.0, Avg:  0.0, Max:  0.0, Diff:  0.0, Sum:  0.0, Workers: 4
[1672.475s][debug][gc,phases      ] GC(69)     Dead                           Min: 0, Avg:  0.0, Max: 0, Diff: 0, Sum: 0, Workers: 4
[1672.475s][debug][gc,phases      ] GC(69)     Total                          Min: 0, Avg: 11.2, Max: 45, Diff: 45, Sum: 45, Workers: 4
[1672.475s][debug][gc,phases      ] GC(69)   StringDedup Table Weak         Min:  0.0, Avg:  0.0, Max:  0.0, Diff:  0.0, Sum:  0.0, Workers: 4
[1672.475s][debug][gc,phases      ] GC(69)     Dead                           Min: 0, Avg:  0.0, Max: 0, Diff: 0, Sum: 0, Workers: 4
[1672.475s][debug][gc,phases      ] GC(69)     Total                          Min: 0, Avg:  0.0, Max: 0, Diff: 0, Sum: 0, Workers: 4
[1672.475s][debug][gc,phases      ] GC(69)   StringDedup Requests0 Weak     Min:  0.0, Avg:  0.0, Max:  0.0, Diff:  0.0, Sum:  0.0, Workers: 4
[1672.475s][debug][gc,phases      ] GC(69)     Dead                           Min: 0, Avg:  0.0, Max: 0, Diff: 0, Sum: 0, Workers: 4
[1672.475s][debug][gc,phases      ] GC(69)     Total                          Min: 0, Avg:  0.0, Max: 0, Diff: 0, Sum: 0, Workers: 4
[1672.475s][debug][gc,phases      ] GC(69)   StringDedup Requests1 Weak     Min:  0.0, Avg:  0.0, Max:  0.0, Diff:  0.0, Sum:  0.0, Workers: 4
[1672.475s][debug][gc,phases      ] GC(69)     Dead                           Min: 0, Avg:  0.0, Max: 0, Diff: 0, Sum: 0, Workers: 4
[1672.475s][debug][gc,phases      ] GC(69)     Total                          Min: 0, Avg:  0.0, Max: 0, Diff: 0, Sum: 0, Workers: 4
[1672.475s][debug][gc,phases      ] GC(69)   Weak JFR Old Object Samples    Min:  0.0, Avg:  0.0, Max:  0.0, Diff:  0.0, Sum:  0.0, Workers: 4
[1672.475s][debug][gc,phases      ] GC(69)     Dead                           Min: 0, Avg:  0.0, Max: 0, Diff: 0, Sum: 0, Workers: 4
[1672.475s][debug][gc,phases      ] GC(69)     Total                          Min: 0, Avg:  0.0, Max: 0, Diff: 0, Sum: 0, Workers: 4
[1672.475s][debug][gc,phases      ] GC(69) Weak Processing 0.360ms
[1672.475s][debug][gc,age         ] GC(69) Desired survivor size 189792256 bytes, new threshold 15 (max threshold 15)
[1672.475s][info ][gc,heap        ] GC(69) PSYoungGen: 1698528K(1900544K)->5632K(1888768K) Eden: 1692160K(1692160K)->0K(1692160K) From: 6368K(208384K)->5632K(196608K)
[1672.475s][info ][gc,heap        ] GC(69) ParOldGen: 472740K(616448K)->472989K(616448K)
[1672.475s][info ][gc,metaspace   ] GC(69) Metaspace: 82937K(84096K)->82937K(84096K) NonClass: 71151K(71744K)->71151K(71744K) Class: 11785K(12352K)->11785K(12352K)
[1672.475s][info ][gc             ] GC(69) Pause Young (Allocation Failure) 2120M->467M(2446M) 7.702ms
[1672.475s][info ][gc,cpu         ] GC(69) User=0.02s Sys=0.00s Real=0.00s
[1672.475s][info ][safepoint      ] Safepoint "ParallelGCFailedAllocation", Time since last: 2390890549 ns, Reaching safepoint: 47100 ns, At safepoint: 7761881 ns, Total: 7808981 ns
[1676.475s][info ][safepoint      ] Safepoint "Cleanup", Time since last: 4000278847 ns, Reaching safepoint: 39801 ns, At safepoint: 3100 ns, Total: 42901 ns
[1677.475s][info ][safepoint      ] Safepoint "Cleanup", Time since last: 1000112430 ns, Reaching safepoint: 45200 ns, At safepoint: 2400 ns, Total: 47600 ns
[1678.476s][info ][safepoint      ] Safepoint "Cleanup", Time since last: 1000123030 ns, Reaching safepoint: 34500 ns, At safepoint: 2900 ns, Total: 37400 ns
[1681.476s][info ][safepoint      ] Safepoint "Cleanup", Time since last: 3000256389 ns, Reaching safepoint: 51700 ns, At safepoint: 2700 ns, Total: 54400 ns
[1682.476s][info ][safepoint      ] Safepoint "Cleanup", Time since last: 1000118130 ns, Reaching safepoint: 49700 ns, At safepoint: 2901 ns, Total: 52601 ns
[1683.476s][info ][safepoint      ] Safepoint "Cleanup", Time since last: 1000119629 ns, Reaching safepoint: 51801 ns, At safepoint: 2900 ns, Total: 54701 ns
[1684.476s][info ][safepoint      ] Safepoint "Cleanup", Time since last: 1000103962 ns, Reaching safepoint: 57800 ns, At safepoint: 3600 ns, Total: 61400 ns
[1686.477s][info ][safepoint      ] Safepoint "Cleanup", Time since last: 2000175444 ns, Reaching safepoint: 43400 ns, At safepoint: 3300 ns, Total: 46700 ns
[1687.477s][info ][safepoint      ] Safepoint "Cleanup", Time since last: 1000104872 ns, Reaching safepoint: 47901 ns, At safepoint: 3300 ns, Total: 51201 ns
[1692.477s][info ][safepoint      ] Safepoint "Cleanup", Time since last: 5000396832 ns, Reaching safepoint: 51100 ns, At safepoint: 6001 ns, Total: 57101 ns
[1693.477s][info ][safepoint      ] Safepoint "Cleanup", Time since last: 1000113273 ns, Reaching safepoint: 44600 ns, At safepoint: 3200 ns, Total: 47800 ns
[1699.478s][info ][safepoint      ] Safepoint "Cleanup", Time since last: 6000452837 ns, Reaching safepoint: 52700 ns, At safepoint: 9500 ns, Total: 62200 ns
[1700.478s][info ][safepoint      ] Safepoint "Cleanup", Time since last: 1000107005 ns, Reaching safepoint: 98101 ns, At safepoint: 5700 ns, Total: 103801 ns
[1701.478s][info ][safepoint      ] Safepoint "Cleanup", Time since last: 1000112710 ns, Reaching safepoint: 44701 ns, At safepoint: 3100 ns, Total: 47801 ns
[1710.479s][info ][safepoint      ] Safepoint "Cleanup", Time since last: 9000697937 ns, Reaching safepoint: 47100 ns, At safepoint: 3300 ns, Total: 50400 ns
[1760.482s][info ][safepoint      ] Safepoint "Cleanup", Time since last: 50003347007 ns, Reaching safepoint: 40401 ns, At safepoint: 5400 ns, Total: 45801 ns
[1817.486s][info ][safepoint      ] Safepoint "Cleanup", Time since last: 57003664951 ns, Reaching safepoint: 41800 ns, At safepoint: 2500 ns, Total: 44300 ns
[1819.568s][info ][safepoint      ] Safepoint "Cleanup", Time since last: 2081571394 ns, Reaching safepoint: 48500 ns, At safepoint: 7900 ns, Total: 56400 ns
[1819.585s][info ][gc,heap,exit   ] Heap
[1819.586s][info ][gc,heap,exit   ]  PSYoungGen      total 1888768K, used 1339714K [0x0000000780000000, 0x0000000800000000, 0x0000000800000000)
[1819.586s][info ][gc,heap,exit   ]   eden space 1692160K, 78% used [0x0000000780000000,0x00000007d16d06f8,0x00000007e7480000)
[1819.586s][info ][gc,heap,exit   ]   from space 196608K, 2% used [0x00000007e7480000,0x00000007e7a00138,0x00000007f3480000)
[1819.586s][info ][gc,heap,exit   ]   to   space 185344K, 0% used [0x00000007f4b00000,0x00000007f4b00000,0x0000000800000000)
[1819.586s][info ][gc,heap,exit   ]  ParOldGen       total 616448K, used 472989K [0x0000000740000000, 0x0000000765a00000, 0x0000000780000000)
[1819.586s][info ][gc,heap,exit   ]   object space 616448K, 76% used [0x0000000740000000,0x000000075cde7480,0x0000000765a00000)
[1819.586s][info ][gc,heap,exit   ]  Metaspace       used 83096K, committed 84224K, reserved 1179648K
[1819.586s][info ][gc,heap,exit   ]   class space    used 11810K, committed 12352K, reserved 1048576K
